% Motor Sweep Step 96/180
% Vcmd       = 2.0200 [V]
% Direction  = CCW
% Zone       = DEADZONE
% Vg_offset  = 1.336525 [V]
% K_gimbal   = 26.049690 [(rad/s)/V]

Time[s]              Vcmd[V]              Vg_raw[V]            Pot[V]               Omega[rad/s]
        0.0000064000         2.0200000000         1.3276300211         1.2145454769        -0.2317083249
        0.0050033000         2.0200000000         1.3327346748         1.2196492318        -0.0987336765
        0.0100938000         2.0200000000         1.3352870017         1.2145454769        -0.0322463522
        0.0150026000         2.0200000000         1.3429439823         1.2196492318         0.1672156204
        0.0200038000         2.0200000000         1.3352870017         1.2196492318        -0.0322463522
        0.0250019000         2.0200000000         1.2638218497         1.2119935994        -1.8938914306
        0.0300022000         2.0200000000         1.2229846200         1.2094417220        -2.9576886182
        0.0350024000         2.0200000000         1.2561648691         1.2017860896        -2.0933534033
        0.0400023000         2.0200000000         1.2255369469         1.1839229474        -2.8912012940
        0.0450037000         2.0200000000         1.2229846200         1.1788191925        -2.9576886182
        0.0500039000         2.0200000000         1.2280892737         1.1711635601        -2.8247139698
        0.0550033000         2.0200000000         1.2204322931         1.1558522953        -3.0241759425
        0.0600020000         2.0200000000         1.2025660052         1.1430929080        -3.4895872120
        0.0650033000         2.0200000000         1.2127753126         1.1252297658        -3.2236379151
        0.0700046000         2.0200000000         1.2102229857         1.1201260109        -3.2901252394
        0.0750039000         2.0200000000         1.1923566977         1.1022628687        -3.7555365089
        0.0800027000         2.0200000000         1.2127753126         1.0946072363        -3.2236379151
        0.0850046000         2.0200000000         1.2000136783         1.0843997265        -3.5560745363
        0.0900078000         2.0200000000         1.1923566977         1.0665365843        -3.7555365089
        0.0950056000         2.0200000000         1.1898043709         1.0512253195        -3.8220238332
        0.1000097000         2.0200000000         1.1923566977         1.0384659322        -3.7555365089
        0.1050044000         2.0200000000         1.1821473903         1.0154990351        -4.0214858059
        0.1100045000         2.0200000000         1.1872520440         1.0027396478        -3.8885111574
        0.1150072000         2.0200000000         1.1770427366         0.9950840154        -4.1544604543
        0.1200041000         2.0200000000         1.1923566977         0.9772208732        -3.7555365089
        0.1250042000         2.0200000000         1.1719380829         0.9542539761        -4.2874351028
        0.1300026000         2.0200000000         1.1795950634         0.9465983437        -4.0879731301
        0.1350039000         2.0200000000         1.1770427366         0.9338389564        -4.1544604543
        0.1400031000         2.0200000000         1.1744904097         0.9108720593        -4.2209477785
        0.1450037000         2.0200000000         1.1821473903         0.8981126720        -4.0214858059
        0.1500031000         2.0200000000         1.1821473903         0.8751457748        -4.0214858059
        0.1550031000         2.0200000000         1.1617287755         0.8623863875        -4.5533843997
        0.1600028000         2.0200000000         1.1770427366         0.8521788777        -4.1544604543
        0.1650032000         2.0200000000         1.1591764486         0.8190044707        -4.6198717239
        0.1700043000         2.0200000000         1.1719380829         0.8062450834        -4.2874351028
        0.1750033000         2.0200000000         1.1693857560         0.7985894511        -4.3539224270
        0.1800032000         2.0200000000         1.1642811023         0.7654150441        -4.4868970754
        0.1850032000         2.0200000000         1.1744904097         0.7577594117        -4.2209477785
        0.1900025000         2.0200000000         1.1617287755         0.7424481470        -4.5533843997
        0.1950032000         2.0200000000         1.1719380829         0.7220331273        -4.2874351028
        0.2000021000         2.0200000000         1.1464148143         0.7041699851        -4.9523083450
        0.2050033000         2.0200000000         1.1617287755         0.6888587203        -4.5533843997
        0.2100031000         2.0200000000         1.1566241217         0.6684437007        -4.6863590481
        0.2150033000         2.0200000000         1.1591764486         0.6454768035        -4.6198717239
        0.2200021000         2.0200000000         1.1693857560         0.6327174162        -4.3539224270
        0.2250032000         2.0200000000         1.1668334292         0.6148542740        -4.4204097512
        0.2300020000         2.0200000000         1.1617287755         0.5969911318        -4.5533843997
        0.2350032000         2.0200000000         1.1617287755         0.5842317445        -4.5533843997
        0.2400023000         2.0200000000         1.1591764486         0.5689204797        -4.6198717239
        0.2450031000         2.0200000000         1.1617287755         0.5459535826        -4.5533843997
        0.2500023000         2.0200000000         1.1591764486         0.5280904404        -4.6198717239
        0.2550032000         2.0200000000         1.1642811023         0.5102272982        -4.4868970754
        0.2600021000         2.0200000000         1.1540717949         0.4872604011        -4.7528463723
        0.2650031000         2.0200000000         1.1566241217         0.4745010138        -4.6863590481
        0.2700032000         2.0200000000         1.1617287755         0.4566378716        -4.5533843997
        0.2750033000         2.0200000000         1.1668334292         0.4336709744        -4.4204097512
        0.2800032000         2.0200000000         1.1540717949         0.4158078322        -4.7528463723
        0.2850025000         2.0200000000         1.1566241217         0.3953928125        -4.6863590481
        0.2900033000         2.0200000000         1.1591764486         0.3800815478        -4.6198717239
        0.2950027000         2.0200000000         1.1719380829         0.3647702830        -4.2874351028
        0.3000047000         2.0200000000         1.1591764486         0.3494590183        -4.6198717239
        0.3050032000         2.0200000000         1.1540717949         0.3213883662        -4.7528463723
        0.3100020000         2.0200000000         1.1617287755         0.3060771015        -4.5533843997
        0.3150032000         2.0200000000         1.1566241217         0.2831102043        -4.6863590481
        0.3200022000         2.0200000000         1.1795950634         0.2754545720        -4.0879731301
        0.3250032000         2.0200000000         1.1489671412         0.2499357974        -4.8858210208
        0.3300022000         2.0200000000         1.1642811023         0.2320726552        -4.4868970754
        0.3350016000         2.0200000000         1.1617287755         0.2167613904        -4.5533843997
        0.3404687000         2.0200000000         1.1566241217         0.1861388609        -4.6863590481
        0.3450015000         2.0200000000         1.1617287755         0.1835869834        -4.5533843997
        0.3500017000         2.0200000000         1.1617287755         0.1580682088        -4.5533843997
        0.3550017000         2.0200000000         1.1591764486         0.1402050666        -4.6198717239
        0.3600024000         2.0200000000         1.1540717949         0.1223419244        -4.7528463723
        0.3650018000         2.0200000000         1.1515194680         0.0968231498        -4.8193336966
        0.3700015000         2.0200000000         1.1566241217         0.0891675175        -4.6863590481
        0.3750010000         2.0200000000         1.1591764486         0.0662006203        -4.6198717239
        0.3800015000         2.0200000000         1.1566241217         0.0457856007        -4.6863590481
        0.3850028000         2.0200000000         1.1591764486         0.0279224584        -4.6198717239
        0.3900024000         2.0200000000         1.1591764486         0.0177149486        -4.6198717239
        0.3950019000         2.0200000000         1.1285485263        -0.0052519485        -5.4177196146
        0.4000020000         2.0200000000         1.1642811023         0.0075074388        -4.4868970754
        0.4050027000         2.0200000000         1.1489671412        -0.0001481936        -4.8858210208
        0.4100011000         2.0200000000         1.1515194680        -0.0027000711        -4.8193336966
        0.4150043000         2.0200000000         1.1438624875        -0.0052519485        -5.0187956693
        0.4200021000         2.0200000000         1.1642811023         0.0100593162        -4.4868970754
        0.4250021000         2.0200000000         1.1413101606         1.1099185011        -5.0852829935
        0.4300010000         2.0200000000         1.1617287755         1.1226778884        -4.5533843997
        0.4350026000         2.0200000000         1.1464148143         1.1175741334        -4.9523083450
        0.4400019000         2.0200000000         1.1540717949         1.0920553588        -4.7528463723
        0.4450017000         2.0200000000         1.1464148143         5.0091872584        -4.9523083450
        0.4500014000         2.0200000000         1.1464148143         5.0015316260        -4.9523083450
        0.4550018000         2.0200000000         1.1464148143         5.0066353810        -4.9523083450
        0.4600015000         2.0200000000         1.1693857560         5.0142910133        -4.3539224270
        0.4650017000         2.0200000000         1.1413101606         5.0091872584        -5.0852829935
        0.4700010000         2.0200000000         1.1489671412         5.0066353810        -4.8858210208
        0.4750015000         2.0200000000         1.1566241217         4.9964278711        -4.6863590481
        0.4800011000         2.0200000000         1.1566241217         4.9862203613        -4.6863590481
        0.4850019000         2.0200000000         1.1515194680         4.9683572191        -4.8193336966
        0.4900018000         2.0200000000         1.1515194680         4.9428384445        -4.8193336966
        0.4950017000         2.0200000000         1.1566241217         4.9224234248        -4.6863590481
        0.5000015000         2.0200000000         1.1515194680         4.9045602826        -4.8193336966
        0.5050015000         2.0200000000         1.1540717949         4.8918008953        -4.7528463723
        0.5100010000         2.0200000000         1.1515194680         4.8611783658        -4.8193336966
        0.5150026000         2.0200000000         1.1591764486         4.8458671010        -4.6198717239
        0.5200011000         2.0200000000         1.1489671412         4.8331077137        -4.8858210208
        0.5250017000         2.0200000000         1.1515194680         4.8126926941        -4.8193336966
        0.5300009000         2.0200000000         1.1693857560         4.7871739195        -4.3539224270
        0.5350037000         2.0200000000         1.1362055069         4.7744145322        -5.2182576419
        0.5400023000         2.0200000000         1.1540717949         4.7463438801        -4.7528463723
        0.5450036000         2.0200000000         1.1540717949         4.7361363703        -4.7528463723
        0.5500020000         2.0200000000         1.1515194680         4.7029619633        -4.8193336966
        0.5550035000         2.0200000000         1.1515194680         4.6927544535        -4.8193336966
        0.5600012000         2.0200000000         1.1617287755         4.6748913113        -4.5533843997
        0.5650018000         2.0200000000         1.1489671412         4.6519244142        -4.8858210208
        0.5700010000         2.0200000000         1.1668334292         4.6417169043        -4.4204097512
        0.5750019000         2.0200000000         1.1591764486         4.6161981297        -4.6198717239
        0.5800015000         2.0200000000         1.1617287755         4.5957831101        -4.5533843997
        0.5850029000         2.0200000000         1.1489671412         4.5830237228        -4.8858210208
        0.5900022000         2.0200000000         1.1617287755         4.5626087031        -4.5533843997
        0.5950017000         2.0200000000         1.1719380829         4.5472974383        -4.2874351028
        0.6000010000         2.0200000000         1.1438624875         4.5268824187        -5.0187956693
        0.6050022000         2.0200000000         1.1566241217         4.5090192765        -4.6863590481
        0.6100027000         2.0200000000         1.1693857560         4.4962598892        -4.3539224270
        0.6150023000         2.0200000000         1.1617287755         4.4707411146        -4.5533843997
        0.6200016000         2.0200000000         1.1693857560         4.4605336047        -4.3539224270
        0.6250059000         2.0200000000         1.1591764486         4.4375667076        -4.6198717239
        0.6300021000         2.0200000000         1.1617287755         4.4171516879        -4.5533843997
        0.6350019000         2.0200000000         1.1566241217         4.4018404232        -4.6863590481
        0.6400011000         2.0200000000         1.1693857560         4.3839772810        -4.3539224270
        0.6450015000         2.0200000000         1.1464148143         4.3635622613        -4.9523083450
        0.6500009000         2.0200000000         1.1642811023         4.3405953642        -4.4868970754
        0.6550016000         2.0200000000         1.1591764486         4.3278359769        -4.6198717239
        0.6600013000         2.0200000000         1.1591764486         4.3125247121        -4.6198717239
        0.6650033000         2.0200000000         1.1566241217         4.2921096924        -4.6863590481
        0.6700016000         2.0200000000         1.1642811023         4.2793503051        -4.4868970754
        0.6750014000         2.0200000000         1.1515194680         4.2589352855        -4.8193336966
        0.6800009000         2.0200000000         1.1617287755         4.2512796531        -4.5533843997
        0.6850019000         2.0200000000         1.1617287755         4.2206571236        -4.5533843997
        0.6900012000         2.0200000000         1.1515194680         4.2027939814        -4.8193336966
        0.6950024000         2.0200000000         1.1617287755         4.1874827166        -4.5533843997
        0.7000017000         2.0200000000         1.1515194680         4.1696195744        -4.8193336966
        0.7050021000         2.0200000000         1.1566241217         4.1441007998        -4.6863590481
        0.7100014000         2.0200000000         1.1515194680         4.1364451674        -4.8193336966
        0.7150015000         2.0200000000         1.1540717949         4.1083745154        -4.7528463723
        0.7200014000         2.0200000000         1.1668334292         4.1032707605        -4.4204097512
        0.7250023000         2.0200000000         1.1515194680         4.0803038633        -4.8193336966
        0.7300011000         2.0200000000         1.1489671412         4.0573369662        -4.8858210208
        0.7350024000         2.0200000000         1.1489671412         4.0471294564        -4.8858210208
        0.7400029000         2.0200000000         1.1464148143         4.0267144367        -4.9523083450
        0.7450018000         2.0200000000         1.1591764486         4.0114031719        -4.6198717239
        0.7500017000         2.0200000000         1.1413101606         3.9833325199        -5.0852829935
        0.7550015000         2.0200000000         1.1515194680         3.9731250101        -4.8193336966
        0.7600012000         2.0200000000         1.1566241217         3.9578137453        -4.6863590481
        0.7650012000         2.0200000000         1.1566241217         3.9373987256        -4.6863590481
        0.7700036000         2.0200000000         1.1438624875         3.9169837060        -5.0187956693
        0.7750015000         2.0200000000         1.1566241217         3.8991205638        -4.6863590481
        0.7800015000         2.0200000000         1.1438624875         3.8736017892        -5.0187956693
        0.7850015000         2.0200000000         1.1591764486         3.8659461568        -4.6198717239
        0.7900032000         2.0200000000         1.1489671412         3.8531867695        -4.8858210208
        0.7950071000         2.0200000000         1.1668334292         3.8353236273        -4.4204097512
        0.8000038000         2.0200000000         1.1464148143         3.8123567301        -4.9523083450
        0.8050029000         2.0200000000         1.1489671412         3.7868379556        -4.8858210208
        0.8100034000         2.0200000000         1.1591764486         3.7766304457        -4.6198717239
        0.8150021000         2.0200000000         1.1413101606         3.7511116711        -5.0852829935
        0.8200032000         2.0200000000         1.1591764486         3.7409041613        -4.6198717239
        0.8250032000         2.0200000000         1.1285485263         3.7179372642        -5.4177196146
        0.8300032000         2.0200000000         1.1642811023         3.7128335092        -4.4868970754
        0.8350190000         2.0200000000         1.1489671412         3.6873147347        -4.8858210208
        0.8400084000         2.0200000000         1.1540717949         3.6592440826        -4.7528463723
        0.8450028000         2.0200000000         1.1515194680         3.6388290629        -4.8193336966
        0.8500097000         2.0200000000         1.1489671412         3.6235177982        -4.8858210208
        0.8550055000         2.0200000000         1.1515194680         3.6056546560        -4.8193336966
        0.8600153000         2.0200000000         1.1591764486         3.5877915138        -4.6198717239
        0.8650038000         2.0200000000         1.1540717949         3.5699283715        -4.7528463723
        0.8700032000         2.0200000000         1.1464148143         3.5444095970        -4.9523083450
        0.8750065000         2.0200000000         1.1617287755         3.5393058420        -4.5533843997
        0.8800039000         2.0200000000         1.1566241217         3.5188908224        -4.6863590481
        0.8850062000         2.0200000000         1.1566241217         3.5061314351        -4.6863590481
        0.8900039000         2.0200000000         1.1566241217         3.4857164154        -4.6863590481
        0.8950023000         2.0200000000         1.1285485263         3.4576457633        -5.4177196146
        0.9000032000         2.0200000000         1.1413101606         3.4397826211        -5.0852829935
        0.9050020000         2.0200000000         1.1566241217         3.4270232338        -4.6863590481
        0.9100032000         2.0200000000         1.1438624875         3.3989525818        -5.0187956693
        0.9150025000         2.0200000000         1.1515194680         3.3887450720        -4.8193336966
        0.9200032000         2.0200000000         1.1464148143         3.3657781748        -4.9523083450
        0.9250025000         2.0200000000         1.1464148143         3.3402594002        -4.9523083450
        0.9300032000         2.0200000000         1.1489671412         3.3351556453        -4.8858210208
        0.9350026000         2.0200000000         1.1413101606         3.3096368707        -5.0852829935
        0.9400037000         2.0200000000         1.1438624875         3.2892218510        -5.0187956693
        0.9450019000         2.0200000000         1.1515194680         3.2739105863        -4.8193336966
        0.9500011000         2.0200000000         1.1336531800         3.2458399342        -5.2847449662
        0.9550033000         2.0200000000         1.1387578337         3.2279767920        -5.1517703177
        0.9600020000         2.0200000000         1.1362055069         3.2203211597        -5.2182576419
        0.9650024000         2.0200000000         1.1387578337         3.1922505076        -5.1517703177
        0.9700027000         2.0200000000         1.1413101606         3.1743873654        -5.0852829935
        0.9750031000         2.0200000000         1.1413101606         3.1590761006        -5.0852829935
        0.9862909000         2.0200000000         1.1464148143         3.1182460613        -4.9523083450
        0.9873101000         2.0200000000         1.1311008532         3.1003829191        -5.3512322904
        0.9900044000         2.0200000000         1.1464148143         3.0978310416        -4.9523083450
        0.9950022000         2.0200000000         1.1413101606         3.0799678994        -5.0852829935
        1.0000018000         2.0200000000         1.1413101606         3.0570010023        -5.0852829935
        1.0050010000         2.0200000000         1.1362055069         3.0416897375        -5.2182576419
        1.0100070000         2.0200000000         1.1413101606         3.0187228404        -5.0852829935
        1.0150083000         2.0200000000         1.1515194680         3.0059634531        -4.8193336966
        1.0200075000         2.0200000000         1.1362055069         2.9855484334        -5.2182576419
        1.0250061000         2.0200000000         1.1208915457         2.9523740265        -5.6171815873
        1.0300026000         2.0200000000         1.1413101606         2.9396146392        -5.0852829935
        1.0350527000         2.0200000000         1.1413101606         2.9217514970        -5.0852829935
        1.0400040000         2.0200000000         1.1362055069         2.9038883547        -5.2182576419
        1.0450050000         2.0200000000         1.1413101606         2.8885770900        -5.0852829935
        1.0500036000         2.0200000000         1.1515194680         2.8630583154        -4.8193336966
        1.0550172000         2.0200000000         1.1336531800         2.8375395408        -5.2847449662
        1.0600014000         2.0200000000         1.1387578337         2.8247801535        -5.1517703177
        1.0650022000         2.0200000000         1.1362055069         2.8043651338        -5.2182576419
        1.0700019000         2.0200000000         1.1540717949         2.7916057465        -4.7528463723
        1.0750036000         2.0200000000         1.1464148143         2.7660869720        -4.9523083450
        1.0800026000         2.0200000000         1.1362055069         2.7482238297        -5.2182576419
        1.0850029000         2.0200000000         1.1311008532         2.7278088101        -5.3512322904
        1.0900024000         2.0200000000         1.1413101606         2.6997381580        -5.0852829935
        1.0950024000         2.0200000000         1.1540717949         2.6946344031        -4.7528463723
        1.1000032000         2.0200000000         1.1285485263         2.6665637511        -5.4177196146
        1.1050019000         2.0200000000         1.1515194680         2.6487006088        -4.8193336966
        1.1100032000         2.0200000000         1.1540717949         2.6384930990        -4.7528463723
        1.1150030000         2.0200000000         1.1311008532         2.6129743244        -5.3512322904
        1.1200094000         2.0200000000         1.1387578337         2.5951111822        -5.1517703177
        1.1250064000         2.0200000000         1.1489671412         2.5823517949        -4.8858210208
        1.1300075000         2.0200000000         1.1413101606         2.5466255105        -5.0852829935
        1.1350178000         2.0200000000         1.1413101606         2.5313142457        -5.0852829935
        1.1400035000         2.0200000000         1.1285485263         2.5160029810        -5.4177196146
        1.1450032000         2.0200000000         1.1489671412         2.5006917162        -4.8858210208
        1.1500022000         2.0200000000         1.1336531800         2.4700691867        -5.2847449662
        1.1550010000         2.0200000000         1.1387578337         2.4547579220        -5.1517703177
        1.1600016000         2.0200000000         1.1285485263         2.4317910248        -5.4177196146
        1.1650036000         2.0200000000         1.1413101606         2.4062722502        -5.0852829935
        1.1700019000         2.0200000000         1.1515194680         2.4037203728        -4.8193336966
        1.1750009000         2.0200000000         1.1336531800         2.3782015982        -5.2847449662
        1.1800014000         2.0200000000         1.1387578337         2.3577865785        -5.1517703177
        1.1850033000         2.0200000000         1.1693857560         2.3399234363        -4.3539224270
        1.1900029000         2.0200000000         1.1489671412         2.3271640490        -4.8858210208
        1.1950042000         2.0200000000         1.1285485263         2.3041971519        -5.4177196146
        1.2000031000         2.0200000000         1.1438624875         2.2786783773        -5.0187956693
        1.2050032000         2.0200000000         1.1464148143         2.2557114802        -4.9523083450
        1.2100027000         2.0200000000         1.1464148143         2.2506077252        -4.9523083450
        1.2150031000         2.0200000000         1.1413101606         2.2250889506        -5.0852829935
        1.2200033000         2.0200000000         1.1387578337         2.1995701761        -5.1517703177
        1.2250032000         2.0200000000         1.1515194680         2.1868107888        -4.8193336966
        1.2300026000         2.0200000000         1.1362055069         2.1663957691        -5.2182576419
        1.2350020000         2.0200000000         1.1362055069         2.1408769945        -5.2182576419
        1.2400028000         2.0200000000         1.1438624875         2.1357732396        -5.0187956693
        1.2450026000         2.0200000000         1.1489671412         2.1102544650        -4.8858210208
        1.2500028000         2.0200000000         1.1387578337         2.0898394453        -5.1517703177
        1.2550040000         2.0200000000         1.1617287755         2.0770800580        -4.5533843997
        1.2600022000         2.0200000000         1.1387578337         2.0515612834        -5.1517703177
        1.2650031000         2.0200000000         1.1515194680         2.0285943863        -4.8193336966
        1.2700019000         2.0200000000         1.1285485263         2.0132831215        -5.4177196146
        1.2750034000         2.0200000000         1.1387578337         1.9928681019        -5.1517703177
        1.2800023000         2.0200000000         1.1438624875         1.9673493273        -5.0187956693
        1.2850032000         2.0200000000         1.1387578337         1.9469343076        -5.1517703177
        1.2900023000         2.0200000000         1.1311008532         1.9367267978        -5.3512322904
        1.2950034000         2.0200000000         1.1387578337         1.9137599006        -5.1517703177
        1.3000042000         2.0200000000         1.1387578337         1.9010005134        -5.1517703177
        1.3050032000         2.0200000000         1.1362055069         1.8754817388        -5.2182576419
        1.3100052000         2.0200000000         1.1285485263         1.8550667191        -5.4177196146
        1.3150041000         2.0200000000         1.1387578337         1.8372035769        -5.1517703177
        1.3200032000         2.0200000000         1.1438624875         1.8193404347        -5.0187956693
        1.3250034000         2.0200000000         1.1285485263         1.7989254150        -5.4177196146
        1.3300032000         2.0200000000         1.1234438726         1.7708547629        -5.5506942631
        1.3350036000         2.0200000000         1.1362055069         1.7504397433        -5.2182576419
        1.3400019000         2.0200000000         1.1387578337         1.7402322334        -5.1517703177
        1.3450020000         2.0200000000         1.1336531800         1.7198172138        -5.2847449662
        1.3500034000         2.0200000000         1.1336531800         1.7070578265        -5.2847449662
        1.3550047000         2.0200000000         1.1336531800         1.6815390519        -5.2847449662
        1.3600032000         2.0200000000         1.1336531800         1.6585721547        -5.2847449662
        1.3650022000         2.0200000000         1.1259961995         1.6356052576        -5.4842069388
        1.3700032000         2.0200000000         1.1387578337         1.6228458703        -5.1517703177
        1.3750021000         2.0200000000         1.1438624875         1.5998789732        -5.0187956693
        1.3800021000         2.0200000000         1.1183392189         1.5794639535        -5.6836689115
        1.3850036000         2.0200000000         1.1464148143         1.5667045662        -4.9523083450
        1.3900039000         2.0200000000         1.1438624875         1.5462895465        -5.0187956693
        1.3950033000         2.0200000000         1.1489671412         1.5207707720        -4.8858210208
        1.4000033000         2.0200000000         1.1285485263         1.5003557523        -5.4177196146
        1.4050033000         2.0200000000         1.1438624875         1.4850444875        -5.0187956693
        1.4100027000         2.0200000000         1.1362055069         1.4671813453        -5.2182576419
        1.4150031000         2.0200000000         1.1515194680         1.4467663256        -4.8193336966
        1.4200033000         2.0200000000         1.1208915457         1.4212475511        -5.6171815873
        1.4250032000         2.0200000000         1.1387578337         1.3982806539        -5.1517703177
        1.4300023000         2.0200000000         1.1438624875         1.3855212666        -5.0187956693
        1.4350032000         2.0200000000         1.1413101606         1.3625543695        -5.0852829935
        1.4400033000         2.0200000000         1.1259961995         1.3395874724        -5.4842069388
        1.4450032000         2.0200000000         1.1413101606         1.3217243302        -5.0852829935
        1.4500032000         2.0200000000         1.1336531800         1.3089649429        -5.2847449662
        1.4550032000         2.0200000000         1.1234438726         1.2757905359        -5.5506942631
        1.4600027000         2.0200000000         1.1387578337         1.2655830261        -5.1517703177
        1.4650032000         2.0200000000         1.1617287755         1.2400642515        -4.5533843997
        1.4700018000         2.0200000000         1.1285485263         1.2222011093        -5.4177196146
        1.4750032000         2.0200000000         1.1387578337         1.2068898445        -5.1517703177
        1.4800023000         2.0200000000         1.1183392189         1.1762673150        -5.6836689115
        1.4850034000         2.0200000000         1.1489671412         1.1686116826        -4.8858210208
        1.4900024000         2.0200000000         1.1362055069         1.1379891531        -5.2182576419
        1.4950032000         2.0200000000         1.1362055069         1.1226778884        -5.2182576419
        1.5000026000         2.0200000000         1.1362055069         1.1124703785        -5.2182576419
        1.5050032000         2.0200000000         1.1387578337         1.0767440941        -5.1517703177
        1.5100040000         2.0200000000         1.1106822383         1.0563290744        -5.8831308842
        1.5150028000         2.0200000000         1.1259961995         1.0384659322        -5.4842069388
        1.5200027000         2.0200000000         1.1464148143         1.0257065449        -4.9523083450
        1.5250015000         2.0200000000         1.1387578337         1.0027396478        -5.1517703177
        1.5300021000         2.0200000000         1.1132345652         0.9746689957        -5.8166435600
        1.5350017000         2.0200000000         1.1438624875         0.9670133634        -5.0187956693
        1.5400023000         2.0200000000         1.1311008532         0.9338389564        -5.3512322904
        1.5450015000         2.0200000000         1.1362055069         0.9261833240        -5.2182576419
        1.5500040000         2.0200000000         1.1413101606         0.9057683043        -5.0852829935
        1.5550018000         2.0200000000         1.1438624875         0.8776976523        -5.0187956693
        1.5600018000         2.0200000000         1.1438624875         0.8649382650        -5.0187956693
        1.5650011000         2.0200000000         1.1234438726         0.8343157355        -5.5506942631
        1.5700041000         2.0200000000         1.1336531800         0.8139007158        -5.2847449662
        1.5750013000         2.0200000000         1.1464148143         0.8011413285        -4.9523083450
        1.5800034000         2.0200000000         1.1413101606         0.7756225539        -5.0852829935
        1.5850026000         2.0200000000         1.1362055069         0.7552075343        -5.2182576419
        1.5900030000         2.0200000000         1.1234438726         0.7322406371        -5.5506942631
        1.5950022000         2.0200000000         1.1566241217         0.7271368822        -4.6863590481
        1.6000021000         2.0200000000         1.1234438726         0.6914105978        -5.5506942631
        1.6050015000         2.0200000000         1.1413101606         0.6760993330        -5.0852829935
        1.6100039000         2.0200000000         1.1464148143         0.6633399457        -4.9523083450
        1.6150025000         2.0200000000         1.1438624875         0.6301655388        -5.0187956693
        1.6200028000         2.0200000000         1.1285485263         0.6174061515        -5.4177196146
        1.6250015000         2.0200000000         1.1464148143         0.5995430093        -4.9523083450
        1.6300024000         2.0200000000         1.1285485263         0.5714723572        -5.4177196146
        1.6350013000         2.0200000000         1.1540717949         0.5612648474        -4.7528463723
        1.6400015000         2.0200000000         1.1234438726         0.5382979502        -5.5506942631
        1.6450035000         2.0200000000         1.1464148143         0.5127791757        -4.9523083450
        1.6500031000         2.0200000000         1.1413101606         0.5051235433        -5.0852829935
        1.6550017000         2.0200000000         1.1362055069         0.4693972588        -5.2182576419
        1.6600014000         2.0200000000         1.1234438726         0.4591897490        -5.5506942631
        1.6650014000         2.0200000000         1.1515194680         0.4438784843        -4.8193336966
        1.6700069000         2.0200000000         1.1515194680         0.4234634646        -4.8193336966
        1.6750031000         2.0200000000         1.1387578337         0.3979446900        -5.1517703177
        1.6800021000         2.0200000000         1.1336531800         0.3775296703        -5.2847449662
        1.6850015000         2.0200000000         1.1413101606         0.3571146507        -5.0852829935
        1.6900030000         2.0200000000         1.1693857560         0.3443552634        -4.3539224270
        1.6950017000         2.0200000000         1.1208915457         0.3111808564        -5.6171815873
        1.7000035000         2.0200000000         1.1515194680         0.2984214691        -4.8193336966
        1.7050032000         2.0200000000         1.1540717949         0.2805583269        -4.7528463723
        1.7100054000         2.0200000000         1.1081299115         0.2524876748        -5.9496182084
        1.7150016000         2.0200000000         1.1362055069         0.2448320425        -5.2182576419
        1.7200025000         2.0200000000         1.1489671412         0.2167613904        -4.8858210208
        1.7250032000         2.0200000000         1.1438624875         0.1886907384        -5.0187956693
        1.7300049000         2.0200000000         1.1387578337         0.1759313511        -5.1517703177
        1.7350033000         2.0200000000         1.1438624875         0.1555163314        -5.0187956693
        1.7400016000         2.0200000000         1.1387578337         0.1376531892        -5.1517703177
        1.7450032000         2.0200000000         1.1489671412         0.1172381695        -4.8858210208
        1.7500025000         2.0200000000         1.1336531800         0.0942712724        -5.2847449662
        1.7550031000         2.0200000000         1.1387578337         0.0738562527        -5.1517703177
        1.7600023000         2.0200000000         1.1617287755         0.0559931105        -4.5533843997
        1.7650033000         2.0200000000         1.1540717949         0.0432337232        -4.7528463723
        1.7700028000         2.0200000000         1.1464148143         0.0177149486        -4.9523083450
        1.7750032000         2.0200000000         1.1413101606         0.0049555613        -5.0852829935
        1.7800066000         2.0200000000         1.1413101606        -0.0027000711        -5.0852829935
        1.7850047000         2.0200000000         1.1413101606         0.0024036839        -5.0852829935
        1.7900027000         2.0200000000         1.1387578337         0.0049555613        -5.1517703177
        1.7950124000         2.0200000000         1.1438624875         0.0024036839        -5.0187956693
        1.8000048000         2.0200000000         1.1617287755         0.0024036839        -4.5533843997
        1.8050032000         2.0200000000         1.1336531800         0.0024036839        -5.2847449662
        1.8100049000         2.0200000000         1.1413101606         1.1150222560        -5.0852829935
        1.8150168000         2.0200000000         1.1489671412         1.1175741334        -4.8858210208
        1.8200066000         2.0200000000         1.1515194680         1.1150222560        -4.8193336966
        1.8250118000         2.0200000000         1.1464148143         5.0091872584        -4.9523083450
        1.8300049000         2.0200000000         1.1489671412         5.0066353810        -4.8858210208
        1.8350031000         2.0200000000         1.1438624875         5.0066353810        -5.0187956693
        1.8400037000         2.0200000000         1.1464148143         4.9989797486        -4.9523083450
        1.8450034000         2.0200000000         1.1489671412         5.0117391359        -4.8858210208
        1.8500028000         2.0200000000         1.1464148143         5.0066353810        -4.9523083450
        1.8550035000         2.0200000000         1.1489671412         4.9989797486        -4.8858210208
        1.8600018000         2.0200000000         1.1719380829         4.9836684838        -4.2874351028
        1.8650031000         2.0200000000         1.1515194680         4.9709090965        -4.8193336966
        1.8700022000         2.0200000000         1.1540717949         4.9479421994        -4.7528463723
        1.8750032000         2.0200000000         1.1515194680         4.9249753023        -4.8193336966
        1.8800047000         2.0200000000         1.1591764486         4.9122159150        -4.6198717239
        1.8850134000         2.0200000000         1.1489671412         4.8866971404        -4.8858210208
        1.8900020000         2.0200000000         1.1591764486         4.8611783658        -4.6198717239
        1.8950033000         2.0200000000         1.1515194680         4.8458671010        -4.8193336966
        1.9003441000         2.0200000000         1.1566241217         4.8305558363        -4.6863590481
        1.9050066000         2.0200000000         1.1515194680         4.8152445715        -4.8193336966
        1.9100015000         2.0200000000         1.1617287755         4.7871739195        -4.5533843997
        1.9150012000         2.0200000000         1.1668334292         4.7795182871        -4.4204097512
        1.9200028000         2.0200000000         1.1591764486         4.7565513900        -4.6198717239
        1.9250036000         2.0200000000         1.1515194680         4.7361363703        -4.8193336966
        1.9300035000         2.0200000000         1.1540717949         4.7131694732        -4.7528463723
        1.9350057000         2.0200000000         1.1642811023         4.7055138408        -4.4868970754
        1.9400017000         2.0200000000         1.1566241217         4.6774431887        -4.6863590481
        1.9450010000         2.0200000000         1.1515194680         4.6621319240        -4.8193336966
        1.9500026000         2.0200000000         1.1591764486         4.6519244142        -4.6198717239
        1.9550036000         2.0200000000         1.1642811023         4.6264056396        -4.4868970754
        1.9600032000         2.0200000000         1.1566241217         4.6059906199        -4.6863590481
        1.9650037000         2.0200000000         1.1642811023         4.5983349875        -4.4868970754
        1.9700047000         2.0200000000         1.1387578337         4.5702643355        -5.1517703177
        1.9750511000         2.0200000000         1.1617287755         4.5524011933        -4.5533843997
        1.9800042000         2.0200000000         1.1489671412         4.5345380510        -4.8858210208
        1.9850026000         2.0200000000         1.1693857560         4.5192267863        -4.3539224270
        1.9900041000         2.0200000000         1.1438624875         4.4886042568        -5.0187956693
        1.9950038000         2.0200000000         1.1642811023         4.4783967469        -4.4868970754
        2.0000043000         2.0200000000         1.1642811023         4.4656373597        -4.4868970754
        2.0050020000         2.0200000000         1.1566241217         4.4426704625        -4.6863590481
        2.0100032000         2.0200000000         1.1566241217         4.4197035654        -4.6863590481
        2.0150020000         2.0200000000         1.1515194680         4.3992885457        -4.8193336966
        2.0200048000         2.0200000000         1.1489671412         4.3788735260        -4.8858210208
        2.0250068000         2.0200000000         1.1489671412         4.3610103838        -4.8858210208
        2.0300036000         2.0200000000         1.1566241217         4.3533547515        -4.6863590481
        2.0350603000         2.0200000000         1.1591764486         4.3278359769        -4.6198717239
        2.0400031000         2.0200000000         1.1515194680         4.3150765896        -4.8193336966
        2.0450028000         2.0200000000         1.1642811023         4.3048690797        -4.4868970754
        2.0500055000         2.0200000000         1.1642811023         4.2844540601        -4.4868970754
        2.0550033000         2.0200000000         1.1642811023         4.2614871629        -4.4868970754
        2.0600045000         2.0200000000         1.1464148143         4.2410721433        -4.9523083450
        2.0650032000         2.0200000000         1.1642811023         4.2232090010        -4.4868970754
        2.0700033000         2.0200000000         1.1387578337         4.1976902265        -5.1517703177
        2.0750042000         2.0200000000         1.1617287755         4.1823789617        -4.5533843997
        2.0800031000         2.0200000000         1.1413101606         4.1645158195        -5.0852829935
        2.0850024000         2.0200000000         1.1693857560         4.1594120646        -4.3539224270
        2.0900032000         2.0200000000         1.1489671412         4.1313414125        -4.8858210208
        2.0950035000         2.0200000000         1.1489671412         4.1083745154        -4.8858210208
        2.1000033000         2.0200000000         1.1591764486         4.0981670056        -4.6198717239
        2.1050018000         2.0200000000         1.1540717949         4.0803038633        -4.7528463723
        2.1100034000         2.0200000000         1.1591764486         4.0649925986        -4.6198717239
        2.1150994000         2.0200000000         1.1413101606         4.0420257015        -5.0852829935
        2.1200052000         2.0200000000         1.1719380829         4.0241625592        -4.2874351028
        2.1250750000         2.0200000000         1.1464148143         4.0037475396        -4.9523083450
        2.1300129000         2.0200000000         1.1566241217         3.9909881523        -4.6863590481
        2.1350145000         2.0200000000         1.1617287755         3.9680212551        -4.5533843997
        2.1400036000         2.0200000000         1.1489671412         3.9527099904        -4.8858210208
        2.1450036000         2.0200000000         1.1413101606         3.9348468482        -5.0852829935
        2.1500068000         2.0200000000         1.1489671412         3.9118799510        -4.8858210208
        2.1550146000         2.0200000000         1.1464148143         3.8914649314        -4.9523083450
        2.1600027000         2.0200000000         1.1515194680         3.8787055441        -4.8193336966
        2.1650164000         2.0200000000         1.1591764486         3.8659461568        -4.6198717239
        2.1700027000         2.0200000000         1.1362055069         3.8404273822        -5.2182576419
        2.1750159000         2.0200000000         1.1566241217         3.8200123625        -4.6863590481
        2.1800024000         2.0200000000         1.1489671412         3.8098048527        -4.8858210208
        2.1850035000         2.0200000000         1.1540717949         3.7868379556        -4.7528463723
        2.1900043000         2.0200000000         1.1744904097         3.7791823232        -4.2209477785
        2.1950037000         2.0200000000         1.1387578337         3.7511116711        -5.1517703177
        2.2000019000         2.0200000000         1.1540717949         3.7383522838        -4.7528463723
        2.2050033000         2.0200000000         1.1464148143         3.7255928965        -4.9523083450
        2.2100024000         2.0200000000         1.1719380829         3.7077297543        -4.2874351028
        2.2150032000         2.0200000000         1.1259961995         3.6771072248        -5.4842069388
        2.2200035000         2.0200000000         1.1719380829         3.6694515924        -4.2874351028
        2.2250033000         2.0200000000         1.1489671412         3.6439328179        -4.8858210208
        2.2300017000         2.0200000000         1.1566241217         3.6311734306        -4.6863590481
        2.2350032000         2.0200000000         1.1413101606         3.6005509010        -5.0852829935
        2.2400028000         2.0200000000         1.1566241217         3.5954471461        -4.6863590481
        2.2450031000         2.0200000000         1.1438624875         3.5648246166        -5.0187956693
        2.2500022000         2.0200000000         1.1515194680         3.5520652293        -4.8193336966
        2.2550032000         2.0200000000         1.1464148143         3.5367539646        -4.9523083450
        2.2600028000         2.0200000000         1.1515194680         3.5188908224        -4.8193336966
        2.2650034000         2.0200000000         1.1591764486         3.4959239252        -4.6198717239
        2.2700020000         2.0200000000         1.1515194680         3.4831645379        -4.8193336966
        2.2750032000         2.0200000000         1.1566241217         3.4601976408        -4.6863590481
        2.2800021000         2.0200000000         1.1387578337         3.4346788662        -5.1517703177
        2.2850024000         2.0200000000         1.1617287755         3.4219194789        -4.5533843997
        2.2900016000         2.0200000000         1.1515194680         3.4091600916        -4.8193336966
        2.2950011000         2.0200000000         1.1489671412         3.3810894396        -4.8858210208
        2.3000012000         2.0200000000         1.1438624875         3.3683300523        -5.0187956693
        2.3050009000         2.0200000000         1.1566241217         3.3504669101        -4.6863590481
        2.3100031000         2.0200000000         1.1489671412         3.3351556453        -4.8858210208
        2.3150018000         2.0200000000         1.1464148143         3.3121887482        -4.9523083450
        2.3200039000         2.0200000000         1.1566241217         3.2917737285        -4.6863590481
        2.3250017000         2.0200000000         1.1413101606         3.2662549539        -5.0852829935
        2.3300044000         2.0200000000         1.1566241217         3.2611511990        -4.6863590481
        2.3350021000         2.0200000000         1.1438624875         3.2356324244        -5.0187956693
        2.3400011000         2.0200000000         1.1591764486         3.2177692822        -4.6198717239
        2.3450018000         2.0200000000         1.1438624875         3.2050098949        -5.0187956693
        2.3500019000         2.0200000000         1.1413101606         3.1743873654        -5.0852829935
        2.3550011000         2.0200000000         1.1515194680         3.1616279781        -4.8193336966
        2.3600022000         2.0200000000         1.1540717949         3.1437648359        -4.7528463723
        2.3650018000         2.0200000000         1.1413101606         3.1284535711        -5.0852829935
        2.3700021000         2.0200000000         1.1566241217         3.1131423064        -4.6863590481
        2.3750015000         2.0200000000         1.1464148143         3.0850716543        -4.9523083450
        2.3800015000         2.0200000000         1.1413101606         3.0672085121        -5.0852829935
        2.3850014000         2.0200000000         1.1464148143         3.0493453699        -4.9523083450
        2.3900021000         2.0200000000         1.1438624875         3.0365859826        -5.0187956693
        2.3950009000         2.0200000000         1.1464148143         3.0034115756        -4.9523083450
        2.4000028000         2.0200000000         1.1617287755         3.0008596982        -4.5533843997
        2.4050022000         2.0200000000         1.1362055069         2.9753409236        -5.2182576419
        2.4100017000         2.0200000000         1.1362055069         2.9549259039        -5.2182576419
        2.4150009000         2.0200000000         1.1617287755         2.9447183941        -4.5533843997
        2.4200014000         2.0200000000         1.1438624875         2.9140958646        -5.0187956693
        2.4250009000         2.0200000000         1.1413101606         2.9013364773        -5.0852829935
        2.4300059000         2.0200000000         1.1387578337         2.8732658252        -5.1517703177
        2.4350016000         2.0200000000         1.1642811023         2.8630583154        -4.4868970754
        2.4400016000         2.0200000000         1.1438624875         2.8528508056        -5.0187956693
        2.4450014000         2.0200000000         1.1285485263         2.8196763986        -5.4177196146
        2.4500339000         2.0200000000         1.1413101606         2.8043651338        -5.0852829935
        2.4550026000         2.0200000000         1.1515194680         2.7813982367        -4.8193336966
        2.4600009000         2.0200000000         1.1591764486         2.7660869720        -4.6198717239
        2.4650024000         2.0200000000         1.1464148143         2.7558794621        -4.9523083450
        2.4700013000         2.0200000000         1.1464148143         2.7303606875        -4.9523083450
        2.4750014000         2.0200000000         1.1515194680         2.7150494228        -4.8193336966
        2.4800009000         2.0200000000         1.1566241217         2.6946344031        -4.6863590481
        2.4850020000         2.0200000000         1.1413101606         2.6767712609        -5.0852829935
        2.4900018000         2.0200000000         1.1591764486         2.6665637511        -4.6198717239
        2.4950017000         2.0200000000         1.1591764486         2.6384930990        -4.6198717239
        2.5000009000         2.0200000000         1.1617287755         2.6155262019        -4.5533843997
        2.5050024000         2.0200000000         1.1413101606         2.6155262019        -5.0852829935
        2.5100013000         2.0200000000         1.1464148143         2.5797999174        -4.9523083450
        2.5150014000         2.0200000000         1.1540717949         2.5670405302        -4.7528463723
        2.5200008000         2.0200000000         1.1540717949         2.5517292654        -4.7528463723
        2.5250022000         2.0200000000         1.1413101606         2.5313142457        -5.0852829935
        2.5300011000         2.0200000000         1.1464148143         2.5057954711        -4.9523083450
        2.5350017000         2.0200000000         1.1617287755         2.5006917162        -4.5533843997
        2.5400010000         2.0200000000         1.1515194680         2.4751729416        -4.8193336966
        2.5450015000         2.0200000000         1.1336531800         2.4522060445        -5.2847449662
        2.5500014000         2.0200000000         1.1489671412         2.4368947797        -4.8858210208
        2.5550017000         2.0200000000         1.1591764486         2.4190316375        -4.6198717239
        2.5600014000         2.0200000000         1.1362055069         2.3960647404        -5.2182576419
        2.5650018000         2.0200000000         1.1464148143         2.3833053531        -4.9523083450
        2.5700013000         2.0200000000         1.1413101606         2.3654422109        -5.0852829935
        2.5750017000         2.0200000000         1.1642811023         2.3424753138        -4.4868970754
        2.5800010000         2.0200000000         1.1413101606         2.3169565392        -5.0852829935
        2.5850045000         2.0200000000         1.1362055069         2.3016452744        -5.2182576419
        2.5900019000         2.0200000000         1.1413101606         2.2863340097        -5.0852829935
        2.5950027000         2.0200000000         1.1489671412         2.2710227449        -4.8858210208
        2.6000017000         2.0200000000         1.1515194680         2.2557114802        -4.8193336966
        2.6050020000         2.0200000000         1.1311008532         2.2276408281        -5.3512322904
        2.6100009000         2.0200000000         1.1438624875         2.2123295633        -5.0187956693
        2.6150040000         2.0200000000         1.1413101606         2.1842589113        -5.0852829935
        2.6200024000         2.0200000000         1.1413101606         2.1714995240        -5.0852829935
        2.6250034000         2.0200000000         1.1336531800         2.1485326269        -5.2847449662
        2.6300026000         2.0200000000         1.1464148143         2.1332213621        -4.9523083450
        2.6350016000         2.0200000000         1.1515194680         2.1230138523        -4.8193336966
        2.6400010000         2.0200000000         1.1566241217         2.1000469552        -4.6863590481
        2.6450016000         2.0200000000         1.1285485263         2.0719763031        -5.4177196146
        2.6500010000         2.0200000000         1.1489671412         2.0566650383        -4.8858210208
        2.6550017000         2.0200000000         1.1362055069         2.0311462638        -5.2182576419
        2.6600011000         2.0200000000         1.1285485263         2.0132831215        -5.4177196146
        2.6650019000         2.0200000000         1.1387578337         2.0056274892        -5.1517703177
        2.6700013000         2.0200000000         1.1464148143         1.9775568371        -4.9523083450
        2.6750027000         2.0200000000         1.1489671412         1.9647974498        -4.8858210208
        2.6800018000         2.0200000000         1.1311008532         1.9367267978        -5.3512322904
        2.6850021000         2.0200000000         1.1336531800         1.9188636556        -5.2847449662
        2.6900010000         2.0200000000         1.1464148143         1.9010005134        -4.9523083450
        2.6950014000         2.0200000000         1.1362055069         1.8831373711        -5.2182576419
        2.7000009000         2.0200000000         1.1285485263         1.8550667191        -5.4177196146
        2.7050039000         2.0200000000         1.1362055069         1.8423073318        -5.2182576419
        2.7100025000         2.0200000000         1.1387578337         1.8167885572        -5.1517703177
        2.7150027000         2.0200000000         1.1362055069         1.8091329248        -5.2182576419
        2.7200016000         2.0200000000         1.1438624875         1.7963735375        -5.0187956693
        2.7250042000         2.0200000000         1.1311008532         1.7657510080        -5.3512322904
        2.7300016000         2.0200000000         1.1362055069         1.7478878658        -5.2182576419
        2.7350022000         2.0200000000         1.1285485263         1.7198172138        -5.4177196146
        2.7400010000         2.0200000000         1.1413101606         1.7070578265        -5.0852829935
        2.7450021000         2.0200000000         1.1311008532         1.6866428068        -5.3512322904
        2.7500012000         2.0200000000         1.1464148143         1.6738834195        -4.9523083450
        2.7550035000         2.0200000000         1.1132345652         1.6381571351        -5.8166435600
        2.7600031000         2.0200000000         1.1413101606         1.6330533802        -5.0852829935
        2.7650019000         2.0200000000         1.1387578337         1.6075346056        -5.1517703177
        2.7700011000         2.0200000000         1.1438624875         1.5922233408        -5.0187956693
        2.7750034000         2.0200000000         1.1285485263         1.5641526888        -5.4177196146
        2.7800015000         2.0200000000         1.1387578337         1.5462895465        -5.1517703177
        2.7850015000         2.0200000000         1.1362055069         1.5207707720        -5.2182576419
        2.7900014000         2.0200000000         1.1591764486         1.5156670170        -4.6198717239
        2.7950010000         2.0200000000         1.1336531800         1.4927001199        -5.2847449662
        2.8000016000         2.0200000000         1.1336531800         1.4620775904        -5.2847449662
        2.8050010000         2.0200000000         1.1413101606         1.4493182031        -5.0852829935
        2.8100022000         2.0200000000         1.1413101606         1.4340069384        -5.0852829935
        2.8150012000         2.0200000000         1.1183392189         1.4059362863        -5.6836689115
        2.8200014000         2.0200000000         1.1438624875         1.3906250215        -5.0187956693
        2.8250013000         2.0200000000         1.1515194680         1.3753137568        -4.8193336966
        2.8300028000         2.0200000000         1.1285485263         1.3497949822        -5.4177196146
        2.8350375000         2.0200000000         1.1362055069         1.3268280851        -5.2182576419
        2.8400032000         2.0200000000         1.1387578337         1.3064130654        -5.1517703177
        2.8450021000         2.0200000000         1.1387578337         1.2962055556        -5.1517703177
        2.8500032000         2.0200000000         1.1413101606         1.2706867810        -5.0852829935
        2.8550020000         2.0200000000         1.1464148143         1.2528236388        -4.9523083450
        2.8600032000         2.0200000000         1.1591764486         1.2400642515        -4.6198717239
        2.8650020000         2.0200000000         1.1362055069         1.2094417220        -5.2182576419
        2.8700031000         2.0200000000         1.1438624875         1.2043379670        -5.0187956693
        2.8750021000         2.0200000000         1.1362055069         1.1762673150        -5.2182576419
        2.8800032000         2.0200000000         1.1464148143         1.1558522953        -4.9523083450
        2.8850234000         2.0200000000         1.1336531800         1.1379891531        -5.2847449662
        2.8900018000         2.0200000000         1.1285485263         1.1175741334        -5.4177196146
        2.8950009000         2.0200000000         1.1234438726         1.0971591138        -5.5506942631
        2.9000018000         2.0200000000         1.1464148143         1.0843997265        -4.9523083450
        2.9050011000         2.0200000000         1.1259961995         1.0537771970        -5.4842069388
        2.9100017000         2.0200000000         1.1464148143         1.0435696871        -4.9523083450
        2.9150010000         2.0200000000         1.1489671412         1.0257065449        -4.8858210208
        2.9200021000         2.0200000000         1.1362055069         0.9950840154        -5.2182576419
        2.9250015000         2.0200000000         1.1259961995         0.9772208732        -5.4842069388
        2.9300018000         2.0200000000         1.1387578337         0.9619096084        -5.1517703177
        2.9350018000         2.0200000000         1.1387578337         0.9389427113        -5.1517703177
        2.9400038000         2.0200000000         1.1413101606         0.9134239367        -5.0852829935
        2.9450028000         2.0200000000         1.1413101606         0.9032164269        -5.0852829935
        2.9500019000         2.0200000000         1.1438624875         0.8776976523        -5.0187956693
        2.9550014000         2.0200000000         1.1285485263         0.8521788777        -5.4177196146
        2.9600017000         2.0200000000         1.1387578337         0.8419713679        -5.1517703177
        2.9650011000         2.0200000000         1.1234438726         0.8190044707        -5.5506942631
        2.9700013000         2.0200000000         1.1387578337         0.7883819412        -5.1517703177
        2.9750014000         2.0200000000         1.1336531800         0.7756225539        -5.2847449662
        2.9800014000         2.0200000000         1.1387578337         0.7628631666        -5.1517703177
        2.9850009000         2.0200000000         1.1234438726         0.7296887597        -5.5506942631
        2.9900017000         2.0200000000         1.1438624875         0.7169293724        -5.0187956693
        2.9950010000         2.0200000000         1.1157868920         0.6914105978        -5.7501562357
        3.0000013000         2.0200000000         1.1489671412         0.6786512105        -4.8858210208
        3.0050014000         2.0200000000         1.1387578337         0.6505805584        -5.1517703177
        3.0100015000         2.0200000000         1.1438624875         0.6276136613        -5.0187956693
        3.0150013000         2.0200000000         1.1208915457         0.6123023966        -5.6171815873
        3.0200015000         2.0200000000         1.1438624875         0.5918873769        -5.0187956693
        3.0250013000         2.0200000000         1.1362055069         0.5816798670        -5.2182576419
        3.0300036000         2.0200000000         1.1362055069         0.5434017052        -5.2182576419
        3.0350025000         2.0200000000         1.1259961995         0.5255385629        -5.4842069388
        3.0400034000         2.0200000000         1.1515194680         0.5153310531        -4.8193336966
        3.0450023000         2.0200000000         1.1413101606         0.4974679109        -5.0852829935
        3.0500020000         2.0200000000         1.1464148143         0.4745010138        -4.9523083450
        3.0550016000         2.0200000000         1.1311008532         0.4540859941        -5.3512322904
        3.0600037000         2.0200000000         1.1438624875         0.4336709744        -5.0187956693
        3.0650018000         2.0200000000         1.1311008532         0.4056003224        -5.3512322904
        3.0700015000         2.0200000000         1.1515194680         0.3928409351        -4.8193336966
        3.0750011000         2.0200000000         1.1387578337         0.3724259154        -5.1517703177
        3.0800017000         2.0200000000         1.1515194680         0.3520108957        -4.8193336966
        3.0850015000         2.0200000000         1.1336531800         0.3315958761        -5.2847449662
        3.0900049000         2.0200000000         1.1438624875         0.3137327338        -5.0187956693
        3.0950012000         2.0200000000         1.1362055069         0.2882139593        -5.2182576419
        3.1000017000         2.0200000000         1.1566241217         0.2754545720        -4.6863590481
        3.1050014000         2.0200000000         1.1413101606         0.2601433072        -5.0852829935
        3.1100030000         2.0200000000         1.1540717949         0.2371764101        -4.7528463723
        3.1150021000         2.0200000000         1.1362055069         0.2091057580        -5.2182576419
        3.1200027000         2.0200000000         1.1489671412         0.1963463707        -4.8858210208
        3.1250009000         2.0200000000         1.1438624875         0.1759313511        -5.0187956693
        3.1300015000         2.0200000000         1.1413101606         0.1504125765        -5.0852829935
        3.1350013000         2.0200000000         1.1591764486         0.1427569441        -4.6198717239
        3.1400034000         2.0200000000         1.1515194680         0.1223419244        -4.8193336966
        3.1450018000         2.0200000000         1.1362055069         0.0917193949        -5.2182576419
        3.1500043000         2.0200000000         1.1464148143         0.0764081302        -4.9523083450
        3.1550021000         2.0200000000         1.1515194680         0.0585449879        -4.8193336966
        3.1600019000         2.0200000000         1.1489671412         0.0304743359        -4.8858210208
        3.1650010000         2.0200000000         1.1566241217         0.0304743359        -4.6863590481
        3.1700019000         2.0200000000         1.1438624875         0.0049555613        -5.0187956693
        3.1750014000         2.0200000000         1.1464148143        -0.0027000711        -4.9523083450
        3.1800015000         2.0200000000         1.1642811023         0.0049555613        -4.4868970754
        3.1850013000         2.0200000000         1.1413101606        -0.0027000711        -5.0852829935
        3.1900044000         2.0200000000         1.1259961995        -0.0027000711        -5.4842069388
        3.1950017000         2.0200000000         1.1540717949         0.0024036839        -4.7528463723
        3.2000020000         2.0200000000         1.1362055069        -0.0001481936        -5.2182576419
        3.2050009000         2.0200000000         1.1464148143         1.1201260109        -4.9523083450
        3.2100008000         2.0200000000         1.1489671412         1.1099185011        -4.8858210208
        3.2150014000         2.0200000000         1.1464148143         1.1150222560        -4.9523083450
        3.2200010000         2.0200000000         1.1387578337         4.9964278711        -5.1517703177
        3.2250015000         2.0200000000         1.1413101606         5.0066353810        -5.0852829935
        3.2300010000         2.0200000000         1.1438624875         5.0066353810        -5.0187956693
        3.2350017000         2.0200000000         1.1438624875         5.0040835035        -5.0187956693
        3.2400009000         2.0200000000         1.1515194680         5.0142910133        -4.8193336966
        3.2450017000         2.0200000000         1.1387578337         4.9989797486        -5.1517703177
        3.2500009000         2.0200000000         1.1489671412         5.0040835035        -4.8858210208
        3.2550041000         2.0200000000         1.1464148143         4.9836684838        -4.9523083450
        3.2600026000         2.0200000000         1.1438624875         4.9632534642        -5.0187956693
        3.2650040000         2.0200000000         1.1642811023         4.9453903219        -4.4868970754
        3.2700018000         2.0200000000         1.1464148143         4.9224234248        -4.9523083450
        3.2750018000         2.0200000000         1.1515194680         4.9122159150        -4.8193336966
        3.2800011000         2.0200000000         1.1464148143         4.8892490178        -4.9523083450
        3.2850019000         2.0200000000         1.1540717949         4.8662821207        -4.7528463723
        3.2900013000         2.0200000000         1.1540717949         4.8535227334        -4.7528463723
        3.2950022000         2.0200000000         1.1540717949         4.8280039588        -4.7528463723
        3.3000021000         2.0200000000         1.1464148143         4.8126926941        -4.9523083450
        3.3050042000         2.0200000000         1.1566241217         4.7871739195        -4.6863590481
        3.3100076000         2.0200000000         1.1515194680         4.7693107773        -4.8193336966
        3.3150040000         2.0200000000         1.1591764486         4.7565513900        -4.6198717239
        3.3200031000         2.0200000000         1.1362055069         4.7233769830        -5.2182576419
        3.3250023000         2.0200000000         1.1617287755         4.7182732281        -4.5533843997
        3.3300022000         2.0200000000         1.1413101606         4.6927544535        -5.0852829935
        3.3350019000         2.0200000000         1.1540717949         4.6672356789        -4.7528463723
        3.3400027000         2.0200000000         1.1413101606         4.6570281691        -5.0852829935
        3.3450028000         2.0200000000         1.1617287755         4.6391650269        -4.5533843997
        3.3500014000         2.0200000000         1.1464148143         4.6085424974        -4.9523083450
        3.3550038000         2.0200000000         1.1515194680         4.5932312326        -4.8193336966
        3.3600022000         2.0200000000         1.1413101606         4.5779199678        -5.0852829935
        3.3650043000         2.0200000000         1.1464148143         4.5600568256        -4.9523083450
        3.3700016000         2.0200000000         1.1515194680         4.5396418060        -4.8193336966
        3.3750017000         2.0200000000         1.1464148143         4.5141230314        -4.9523083450
        3.3800033000         2.0200000000         1.1617287755         4.5064673990        -4.5533843997
        3.3850212000         2.0200000000         1.1591764486         4.4809486244        -4.6198717239
        3.3900037000         2.0200000000         1.1642811023         4.4681892371        -4.4868970754
        3.3950022000         2.0200000000         1.1540717949         4.4452223400        -4.7528463723
        3.4000033000         2.0200000000         1.1515194680         4.4299110752        -4.8193336966
        3.4050024000         2.0200000000         1.1617287755         4.4145998105        -4.5533843997
        3.4100033000         2.0200000000         1.1515194680         4.3865291584        -4.8193336966
        3.4150027000         2.0200000000         1.1642811023         4.3712178937        -4.4868970754
        3.4200032000         2.0200000000         1.1540717949         4.3635622613        -4.7528463723
        3.4250026000         2.0200000000         1.1744904097         4.3431472416        -4.2209477785
        3.4300033000         2.0200000000         1.1642811023         4.3278359769        -4.4868970754
        3.4350019000         2.0200000000         1.1438624875         4.3048690797        -5.0187956693
        3.4400031000         2.0200000000         1.1413101606         4.2870059375        -5.0852829935
        3.4450024000         2.0200000000         1.1591764486         4.2665909178        -4.6198717239
        3.4500033000         2.0200000000         1.1515194680         4.2487277756        -4.8193336966
        3.4550053000         2.0200000000         1.1591764486         4.2283127560        -4.6198717239
        3.4600036000         2.0200000000         1.1489671412         4.2155533687        -4.8858210208
        3.4650026000         2.0200000000         1.1489671412         4.1951383490        -4.8858210208
        3.4700081000         2.0200000000         1.1617287755         4.1747233293        -4.5533843997
        3.4750033000         2.0200000000         1.1515194680         4.1594120646        -4.8193336966
        3.4800096000         2.0200000000         1.1540717949         4.1389970449        -4.7528463723
        3.4850040000         2.0200000000         1.1591764486         4.1211339027        -4.6198717239
        3.4900097000         2.0200000000         1.1719380829         4.1109263928        -4.2874351028
        3.4950025000         2.0200000000         1.1438624875         4.0803038633        -5.0187956693
        3.5000097000         2.0200000000         1.1617287755         4.0700963535        -4.5533843997
        3.5050059000         2.0200000000         1.1566241217         4.0573369662        -4.6863590481
        3.5100035000         2.0200000000         1.1515194680         4.0267144367        -4.8193336966
        3.5150031000         2.0200000000         1.1591764486         4.0139550494        -4.6198717239
        3.5200091000         2.0200000000         1.1566241217         3.9909881523        -4.6863590481
        3.5250049000         2.0200000000         1.1617287755         3.9858843974        -4.5533843997
        3.5300092000         2.0200000000         1.1515194680         3.9629175002        -4.8193336966
        3.5350034000         2.0200000000         1.1515194680         3.9373987256        -4.8193336966
        3.5400033000         2.0200000000         1.1489671412         3.9271912158        -4.8858210208
        3.5450037000         2.0200000000         1.1540717949         3.9093280736        -4.7528463723
        3.5500033000         2.0200000000         1.1617287755         3.8965686863        -4.5533843997
        3.5550031000         2.0200000000         1.1566241217         3.8736017892        -4.6863590481
        3.5600051000         2.0200000000         1.1617287755         3.8557386469        -4.5533843997
        3.5650019000         2.0200000000         1.1515194680         3.8378755047        -4.8193336966
        3.5700037000         2.0200000000         1.1617287755         3.8225642400        -4.5533843997
        3.5750156000         2.0200000000         1.1413101606         3.7970454654        -5.0852829935
        3.5800034000         2.0200000000         1.1693857560         3.7766304457        -4.3539224270
        3.5850035000         2.0200000000         1.1489671412         3.7664229359        -4.8858210208
        3.5900033000         2.0200000000         1.1668334292         3.7536635486        -4.4204097512
        3.5950037000         2.0200000000         1.1438624875         3.7255928965        -5.0187956693
        3.6000033000         2.0200000000         1.1642811023         3.7128335092        -4.4868970754
        3.6050016000         2.0200000000         1.1668334292         3.7000741219        -4.4204097512
        3.6100014000         2.0200000000         1.1515194680         3.6694515924        -4.8193336966
        3.6150017000         2.0200000000         1.1591764486         3.6592440826        -4.6198717239
        3.6200009000         2.0200000000         1.1540717949         3.6388290629        -4.7528463723
        3.6250807000         2.0200000000         1.1642811023         3.6209659207        -4.4868970754
        3.6300018000         2.0200000000         1.1540717949         3.6031027785        -4.7528463723
        3.6350026000         2.0200000000         1.1617287755         3.5877915138        -4.5533843997
        3.6400013000         2.0200000000         1.1617287755         3.5750321265        -4.5533843997
        3.6450018000         2.0200000000         1.1489671412         3.5469614744        -4.8858210208
        3.6500010000         2.0200000000         1.1617287755         3.5342020871        -4.5533843997
        3.6550023000         2.0200000000         1.1591764486         3.5112351900        -4.6198717239
        3.6600016000         2.0200000000         1.1515194680         3.4933720478        -4.8193336966
        3.6650035000         2.0200000000         1.1515194680         3.4806126605        -4.8193336966
        3.6700011000         2.0200000000         1.1617287755         3.4704051506        -4.5533843997
        3.6750031000         2.0200000000         1.1591764486         3.4448863760        -4.6198717239
        3.6800024000         2.0200000000         1.1540717949         3.4244713564        -4.7528463723
        3.6850028000         2.0200000000         1.1489671412         3.4040563367        -4.8858210208
        3.6900033000         2.0200000000         1.1540717949         3.3964007043        -4.7528463723
        3.6950018000         2.0200000000         1.1515194680         3.3657781748        -4.8193336966
        3.7000049000         2.0200000000         1.1540717949         3.3555706650        -4.7528463723
        3.7050044000         2.0200000000         1.1642811023         3.3428112777        -4.4868970754
        3.7100031000         2.0200000000         1.1387578337         3.3121887482        -5.1517703177
        3.7150016000         2.0200000000         1.1617287755         3.3070849933        -4.5533843997
        3.7200050000         2.0200000000         1.1566241217         3.2866699736        -4.6863590481
        3.7250026000         2.0200000000         1.1591764486         3.2560474441        -4.6198717239
        3.7300021000         2.0200000000         1.1489671412         3.2483918117        -4.8858210208
        3.7350049000         2.0200000000         1.1515194680         3.2228730371        -4.8193336966
        3.7400048000         2.0200000000         1.1464148143         3.2101136498        -4.9523083450
        3.7450041000         2.0200000000         1.1515194680         3.1922505076        -4.8193336966
        3.7500027000         2.0200000000         1.1183392189         3.1667317330        -5.6836689115
        3.7550048000         2.0200000000         1.1591764486         3.1616279781        -4.6198717239
        3.7600049000         2.0200000000         1.1489671412         3.1310054486        -4.8858210208
        3.7650035000         2.0200000000         1.1438624875         3.1182460613        -5.0187956693
        3.7700015000         2.0200000000         1.1591764486         3.1029347965        -4.6198717239
        3.7750031000         2.0200000000         1.1489671412         3.0774160220        -4.8858210208
        3.7800035000         2.0200000000         1.1515194680         3.0672085121        -4.8193336966
        3.7850048000         2.0200000000         1.1285485263         3.0365859826        -5.4177196146
        3.7900033000         2.0200000000         1.1566241217         3.0289303502        -4.6863590481
        3.7950048000         2.0200000000         1.1540717949         3.0034115756        -4.7528463723
        3.8000041000         2.0200000000         1.1515194680         2.9855484334        -4.8193336966
        3.8050034000         2.0200000000         1.1336531800         2.9727890461        -5.2847449662
        3.8100020000         2.0200000000         1.1413101606         2.9421665166        -5.0852829935
        3.8150031000         2.0200000000         1.1515194680         2.9319590068        -4.8193336966
        3.8200019000         2.0200000000         1.1413101606         2.9089921097        -5.0852829935
        3.8250033000         2.0200000000         1.1285485263         2.8911289674        -5.4177196146
        3.8300025000         2.0200000000         1.1515194680         2.8707139478        -4.8193336966
        3.8350033000         2.0200000000         1.1591764486         2.8656101929        -4.6198717239
        3.8400025000         2.0200000000         1.1234438726         2.8273320310        -5.5506942631
        3.8450032000         2.0200000000         1.1438624875         2.8196763986        -5.0187956693
        3.8500048000         2.0200000000         1.1336531800         2.7839501142        -5.2847449662
        3.8550033000         2.0200000000         1.1515194680         2.7737426043        -4.8193336966
        3.8600034000         2.0200000000         1.1311008532         2.7456719523        -5.3512322904
        3.8650032000         2.0200000000         1.1387578337         2.7354644424        -5.1517703177
        3.8700020000         2.0200000000         1.1387578337         2.7150494228        -5.1517703177
        3.8750032000         2.0200000000         1.1438624875         2.6895306482        -5.0187956693
        3.8800020000         2.0200000000         1.1413101606         2.6869787707        -5.0852829935
        3.8850032000         2.0200000000         1.1362055069         2.6538043638        -5.2182576419
        3.8900019000         2.0200000000         1.1387578337         2.6359412215        -5.1517703177
        3.8950031000         2.0200000000         1.1617287755         2.6282855892        -4.5533843997
        3.9000026000         2.0200000000         1.1208915457         2.5976630597        -5.6171815873
        3.9050015000         2.0200000000         1.1438624875         2.5797999174        -5.0187956693
        3.9100040000         2.0200000000         1.1464148143         2.5619367752        -4.9523083450
        3.9150023000         2.0200000000         1.1515194680         2.5389698781        -4.8193336966
        3.9200019000         2.0200000000         1.1285485263         2.5313142457        -5.4177196146
        3.9250013000         2.0200000000         1.1413101606         2.5057954711        -5.0852829935
        3.9300017000         2.0200000000         1.1591764486         2.4879323289        -4.6198717239
        3.9350009000         2.0200000000         1.1540717949         2.4726210642        -4.7528463723
        3.9400020000         2.0200000000         1.1413101606         2.4471022896        -5.0852829935
        3.9450015000         2.0200000000         1.1540717949         2.4394466572        -4.7528463723
        3.9500054000         2.0200000000         1.1566241217         2.4164797601        -4.6863590481
        3.9550027000         2.0200000000         1.1489671412         2.3909609855        -4.8858210208
        3.9600022000         2.0200000000         1.1311008532         2.3756497207        -5.3512322904
        3.9650016000         2.0200000000         1.1336531800         2.3475790687        -5.2847449662
        3.9700018000         2.0200000000         1.1591764486         2.3424753138        -4.6198717239
        3.9750014000         2.0200000000         1.1438624875         2.3220602941        -5.0187956693
        3.9800015000         2.0200000000         1.1387578337         2.2965415195        -5.1517703177
        3.9850012000         2.0200000000         1.1285485263         2.2710227449        -5.4177196146
        3.9900015000         2.0200000000         1.1566241217         2.2633671125        -4.6863590481
        3.9950010000         2.0200000000         1.1387578337         2.2455039703        -5.1517703177
