% Sweep Step 50/200  Vcmd=2.2500V  CCW
% Vg_offset=1.338056V  K_gimbal=26.049690

Time[s]              Vcmd[V]              Vg_raw[V]            Pot[V]               Omega[rad/s]
        0.0004247000         2.2500000000         1.3378393285         0.2652470621        -0.0056514226
        0.0054617000         2.2500000000         1.3327346748         0.2575914298        -0.1386260710
        0.0104999000         2.2500000000         1.3352870017         0.2626951847        -0.0721387468
        0.0154500000         2.2500000000         1.3454963091         0.2703508170         0.1938105501
        0.0207952000         2.2500000000         1.3429439823         0.2703508170         0.1273232259
        0.0254476000         2.2500000000         1.3454963091         0.2703508170         0.1938105501
        0.0306487000         2.2500000000         1.3403916554         0.2626951847         0.0608359017
        0.0356591000         2.2500000000         1.3429439823         0.2677989396         0.1273232259
        0.0408449000         2.2500000000         1.3276300211         0.2601433072        -0.2716007195
        0.0456955000         2.2500000000         1.2995544257         0.2601433072        -1.0029612860
        0.0506695000         2.2500000000         1.2893451183         0.2499357974        -1.2689105829
        0.0556979000         2.2500000000         1.2970020988         0.2473839199        -1.0694486102
        0.0606843000         2.2500000000         1.3097637331         0.2499357974        -0.7370119891
        0.0656618000         2.2500000000         1.2995544257         0.2499357974        -1.0029612860
        0.0707420000         2.2500000000         1.3021067526         0.2448320425        -0.9364739617
        0.0756173000         2.2500000000         1.2995544257         0.2371764101        -1.0029612860
        0.0806725000         2.2500000000         1.2918974451         0.2295207777        -1.2024232586
        0.0857567000         2.2500000000         1.3021067526         0.2371764101        -0.9364739617
        0.0905461000         2.2500000000         1.2944497720         0.2218651453        -1.1359359344
        0.0957017000         2.2500000000         1.3072114063         0.2269689002        -0.8034993133
        0.1005356000         2.2500000000         1.3021067526         0.2269689002        -0.9364739617
        0.1055877000         2.2500000000         1.2995544257         0.2091057580        -1.0029612860
        0.1104311000         2.2500000000         1.2944497720         0.2040020031        -1.1359359344
        0.1154129000         2.2500000000         1.2995544257         0.2065538806        -1.0029612860
        0.1204688000         2.2500000000         1.2944497720         0.1988982482        -1.1359359344
        0.1256560000         2.2500000000         1.2995544257         0.1963463707        -1.0029612860
        0.1306637000         2.2500000000         1.3072114063         0.2014501257        -0.8034993133
        0.1355047000         2.2500000000         1.3072114063         0.2014501257        -0.8034993133
        0.1406853000         2.2500000000         1.3021067526         0.1886907384        -0.9364739617
        0.1455006000         2.2500000000         1.3021067526         0.1835869834        -0.9364739617
        0.1505007000         2.2500000000         1.2995544257         0.1733794736        -1.0029612860
        0.1556613000         2.2500000000         1.2970020988         0.1733794736        -1.0694486102
        0.1605308000         2.2500000000         1.3097637331         0.1810351060        -0.7370119891
        0.1655499000         2.2500000000         1.2995544257         0.1708275961        -1.0029612860
        0.1705435000         2.2500000000         1.3148683868         0.1733794736        -0.6040373406
        0.1756598000         2.2500000000         1.3021067526         0.1631719638        -0.9364739617
        0.1805047000         2.2500000000         1.2995544257         0.1555163314        -1.0029612860
        0.1855171000         2.2500000000         1.3403916554         0.1631719638         0.0608359017
        0.1905327000         2.2500000000         1.3046590794         0.1555163314        -0.8699866375
        0.1954899000         2.2500000000         1.2995544257         0.1453088216        -1.0029612860
        0.2006227000         2.2500000000         1.3046590794         0.1478606990        -0.8699866375
        0.2055069000         2.2500000000         1.3046590794         0.1427569441        -0.8699866375
        0.2104396000         2.2500000000         1.3046590794         0.1402050666        -0.8699866375
        0.2154560000         2.2500000000         1.3123160600         0.1453088216        -0.6705246648
        0.2204328000         2.2500000000         1.3327346748         0.1376531892        -0.1386260710
        0.2254277000         2.2500000000         1.3046590794         0.1325494343        -0.8699866375
        0.2304270000         2.2500000000         1.2995544257         0.1248938019        -1.0029612860
        0.2354845000         2.2500000000         1.3046590794         0.1274456793        -0.8699866375
        0.2404813000         2.2500000000         1.3123160600         0.1274456793        -0.6705246648
        0.2454712000         2.2500000000         1.3021067526         0.1172381695        -0.9364739617
        0.2504008000         2.2500000000         1.3046590794         0.1070306597        -0.8699866375
        0.2554942000         2.2500000000         1.3072114063         0.1121344146        -0.8034993133
        0.2604536000         2.2500000000         1.3046590794         0.1095825371        -0.8699866375
        0.2654388000         2.2500000000         1.2995544257         0.1019269048        -1.0029612860
        0.2705675000         2.2500000000         1.2995544257         0.0968231498        -1.0029612860
        0.2754773000         2.2500000000         1.3097637331         0.0942712724        -0.7370119891
        0.2804302000         2.2500000000         1.3072114063         0.1019269048        -0.8034993133
        0.2855013000         2.2500000000         1.3072114063         0.0993750273        -0.8034993133
        0.2905106000         2.2500000000         1.3225253674         0.0917193949        -0.4045753679
        0.2954465000         2.2500000000         1.3021067526         0.0840637625        -0.9364739617
        0.3004867000         2.2500000000         1.3021067526         0.0815118851        -0.9364739617
        0.3054474000         2.2500000000         1.2995544257         0.0866156400        -1.0029612860
        0.3105233000         2.2500000000         1.3021067526         0.0738562527        -0.9364739617
        0.3154411000         2.2500000000         1.3046590794         0.0789600076        -0.8699866375
        0.3205900000         2.2500000000         1.2970020988         0.0662006203        -1.0694486102
        0.3255159000         2.2500000000         1.2944497720         0.0559931105        -1.1359359344
        0.3305192000         2.2500000000         1.2995544257         0.0508893556        -1.0029612860
        0.3354478000         2.2500000000         1.2995544257         0.0534412330        -1.0029612860
        0.3405132000         2.2500000000         1.3072114063         0.0559931105        -0.8034993133
        0.3454374000         2.2500000000         1.2995544257         0.0483374781        -1.0029612860
        0.3505747000         2.2500000000         1.3072114063         0.0508893556        -0.8034993133
        0.3554881000         2.2500000000         1.2944497720         0.0406818457        -1.1359359344
        0.3604728000         2.2500000000         1.2944497720         0.0279224584        -1.1359359344
        0.3654985000         2.2500000000         1.3199730405         0.0406818457        -0.4710626921
        0.3704313000         2.2500000000         1.3021067526         0.0355780908        -0.9364739617
        0.3754315000         2.2500000000         1.2970020988         0.0202668261        -1.0694486102
        0.3804893000         2.2500000000         1.2944497720         0.0151630711        -1.1359359344
        0.3856738000         2.2500000000         1.2995544257         0.0202668261        -1.0029612860
        0.3907155000         2.2500000000         1.3021067526         0.0151630711        -0.9364739617
        0.3957157000         2.2500000000         1.2995544257         0.0126111937        -1.0029612860
        0.4004408000         2.2500000000         1.3021067526         0.0075074388        -0.9364739617
        0.4054003000         2.2500000000         1.3072114063         0.0126111937        -0.8034993133
        0.4106795000         2.2500000000         1.2970020988        -0.0027000711        -1.0694486102
        0.4157043000         2.2500000000         1.3046590794         0.0024036839        -0.8699866375
        0.4205397000         2.2500000000         1.2995544257         0.0024036839        -1.0029612860
        0.4256546000         2.2500000000         1.2970020988        -0.0027000711        -1.0694486102
        0.4306538000         2.2500000000         1.2995544257        -0.0052519485        -1.0029612860
        0.4356386000         2.2500000000         1.2995544257         0.0024036839        -1.0029612860
        0.4405827000         2.2500000000         1.3021067526        -0.0001481936        -0.9364739617
        0.4455651000         2.2500000000         1.3097637331         0.0075074388        -0.7370119891
        0.4504402000         2.2500000000         1.3097637331         0.0075074388        -0.7370119891
        0.4555248000         2.2500000000         1.3046590794         0.0024036839        -0.8699866375
        0.4605205000         2.2500000000         1.3021067526        -0.0001481936        -0.9364739617
        0.4657058000         2.2500000000         1.2970020988        -0.0052519485        -1.0694486102
        0.4707239000         2.2500000000         1.3046590794         0.0024036839        -0.8699866375
        0.4756078000         2.2500000000         1.3021067526         0.0024036839        -0.9364739617
        0.4805766000         2.2500000000         1.3046590794         0.0024036839        -0.8699866375
        0.4855262000         2.2500000000         1.3072114063         0.0075074388        -0.8034993133
        0.4907304000         2.2500000000         1.3046590794         0.0075074388        -0.8699866375
        0.4957150000         2.2500000000         1.3072114063         0.0049555613        -0.8034993133
        0.5005018000         2.2500000000         1.3123160600         0.0075074388        -0.6705246648
        0.5055294000         2.2500000000         1.3046590794        -0.0001481936        -0.8699866375
        0.5107138000         2.2500000000         1.3046590794         0.0024036839        -0.8699866375
        0.5156203000         2.2500000000         1.3072114063        -0.0001481936        -0.8034993133
        0.5205781000         2.2500000000         1.3021067526        -0.0027000711        -0.9364739617
        0.5256922000         2.2500000000         1.3097637331        -0.0001481936        -0.7370119891
        0.5305926000         2.2500000000         1.3046590794        -0.0052519485        -0.8699866375
        0.5355712000         2.2500000000         1.3097637331        -0.0001481936        -0.7370119891
        0.5405838000         2.2500000000         1.3097637331        -0.0001481936        -0.7370119891
        0.5455593000         2.2500000000         1.3199730405         0.0100593162        -0.4710626921
        0.5506334000         2.2500000000         1.3174207137         0.0024036839        -0.5375500164
        0.5557405000         2.2500000000         1.3225253674         0.0075074388        -0.4045753679
        0.5605783000         2.2500000000         1.2995544257        -0.0052519485        -1.0029612860
        0.5655922000         2.2500000000         1.2995544257        -0.0052519485        -1.0029612860
        0.5706062000         2.2500000000         1.2995544257        -0.0052519485        -1.0029612860
        0.5755485000         2.2500000000         1.3097637331         0.0100593162        -0.7370119891
        0.5806892000         2.2500000000         1.3097637331         0.0075074388        -0.7370119891
        0.5855896000         2.2500000000         1.3046590794         0.0049555613        -0.8699866375
        0.5906456000         2.2500000000         1.3123160600         0.0355780908        -0.6705246648
        0.5955946000         2.2500000000         1.3046590794         1.0920553588        -0.8699866375
        0.6005160000         2.2500000000         1.3046590794         1.1099185011        -0.8699866375
        0.6056736000         2.2500000000         1.2970020988         1.1048147461        -1.0694486102
        0.6107313000         2.2500000000         1.3072114063         1.1124703785        -0.8034993133
        0.6155793000         2.2500000000         1.3021067526         1.1099185011        -0.9364739617
        0.6206729000         2.2500000000         1.3046590794         1.1073666236        -0.8699866375
        0.6256637000         2.2500000000         1.3021067526         1.1048147461        -0.9364739617
        0.6306973000         2.2500000000         1.3097637331         1.1099185011        -0.7370119891
        0.6356458000         2.2500000000         1.3148683868         1.1175741334        -0.6040373406
        0.6406692000         2.2500000000         1.3174207137         1.1175741334        -0.5375500164
        0.6455255000         2.2500000000         1.3123160600         1.1124703785        -0.6705246648
        0.6504466000         2.2500000000         1.3021067526         1.1048147461        -0.9364739617
        0.6555680000         2.2500000000         1.3148683868         1.1175741334        -0.6040373406
        0.6606731000         2.2500000000         1.3046590794         1.0818478490        -0.8699866375
        0.6656969000         2.2500000000         1.3021067526         1.0843997265        -0.9364739617
        0.6704836000         2.2500000000         1.3021067526         1.0869516039        -0.9364739617
        0.6754499000         2.2500000000         1.3174207137         1.1150222560        -0.5375500164
        0.6804239000         2.2500000000         1.2995544257         1.1073666236        -1.0029612860
        0.6854800000         2.2500000000         1.3046590794         1.1124703785        -0.8699866375
        0.6904233000         2.2500000000         1.2970020988         4.9785647289        -1.0694486102
        0.6954392000         2.2500000000         1.2970020988         4.9938759937        -1.0694486102
        0.7004575000         2.2500000000         1.2970020988         4.9938759937        -1.0694486102
        0.7059392000         2.2500000000         1.2944497720         4.9964278711        -1.1359359344
        0.7104134000         2.2500000000         1.3021067526         5.0040835035        -0.9364739617
        0.7154292000         2.2500000000         1.2995544257         5.0066353810        -1.0029612860
        0.7204878000         2.2500000000         1.2970020988         4.9989797486        -1.0694486102
        0.7254861000         2.2500000000         1.2995544257         5.0066353810        -1.0029612860
        0.7305403000         2.2500000000         1.3046590794         5.0066353810        -0.8699866375
        0.7355240000         2.2500000000         1.2918974451         4.9964278711        -1.2024232586
        0.7404322000         2.2500000000         1.2944497720         4.9989797486        -1.1359359344
        0.7454660000         2.2500000000         1.2970020988         5.0066353810        -1.0694486102
        0.7504432000         2.2500000000         1.3046590794         5.0091872584        -0.8699866375
        0.7554254000         2.2500000000         1.3072114063         5.0040835035        -0.8034993133
        0.7605321000         2.2500000000         1.3148683868         5.0117391359        -0.6040373406
        0.7654380000         2.2500000000         1.3046590794         5.0040835035        -0.8699866375
        0.7704315000         2.2500000000         1.3123160600         5.0117391359        -0.6705246648
        0.7754821000         2.2500000000         1.3174207137         5.0117391359        -0.5375500164
        0.7804743000         2.2500000000         1.3021067526         5.0015316260        -0.9364739617
        0.7854089000         2.2500000000         1.3072114063         5.0066353810        -0.8034993133
        0.7904539000         2.2500000000         1.3021067526         4.9989797486        -0.9364739617
        0.7955012000         2.2500000000         1.3123160600         5.0142910133        -0.6705246648
        0.8004833000         2.2500000000         1.3046590794         5.0066353810        -0.8699866375
        0.8055638000         2.2500000000         1.3148683868         5.0142910133        -0.6040373406
        0.8105386000         2.2500000000         1.3021067526         5.0066353810        -0.9364739617
        0.8155257000         2.2500000000         1.3046590794         5.0040835035        -0.8699866375
        0.8204845000         2.2500000000         1.3046590794         5.0066353810        -0.8699866375
        0.8255071000         2.2500000000         1.2970020988         5.0015316260        -1.0694486102
        0.8305396000         2.2500000000         1.2970020988         4.9989797486        -1.0694486102
        0.8354495000         2.2500000000         1.3046590794         5.0117391359        -0.8699866375
        0.8404517000         2.2500000000         1.2995544257         5.0040835035        -1.0029612860
        0.8454825000         2.2500000000         1.3072114063         5.0117391359        -0.8034993133
        0.8506474000         2.2500000000         1.2944497720         5.0066353810        -1.1359359344
        0.8555342000         2.2500000000         1.3046590794         5.0091872584        -0.8699866375
        0.8605309000         2.2500000000         1.3072114063         5.0091872584        -0.8034993133
        0.8654872000         2.2500000000         1.2995544257         4.9989797486        -1.0029612860
        0.8704281000         2.2500000000         1.3021067526         5.0040835035        -0.9364739617
        0.8755250000         2.2500000000         1.3046590794         5.0040835035        -0.8699866375
        0.8807088000         2.2500000000         1.3021067526         4.9964278711        -0.9364739617
        0.8855042000         2.2500000000         1.3072114063         4.9964278711        -0.8034993133
        0.8904627000         2.2500000000         1.3046590794         4.9913241162        -0.8699866375
        0.8954977000         2.2500000000         1.3097637331         4.9887722387        -0.7370119891
        0.9004425000         2.2500000000         1.3046590794         4.9836684838        -0.8699866375
        0.9054472000         2.2500000000         1.3174207137         4.9862203613        -0.5375500164
        0.9104310000         2.2500000000         1.2995544257         4.9760128515        -1.0029612860
        0.9154825000         2.2500000000         1.3072114063         4.9785647289        -0.8034993133
        0.9205193000         2.2500000000         1.3072114063         4.9760128515        -0.8034993133
        0.9255457000         2.2500000000         1.3072114063         4.9734609740        -0.8034993133
        0.9305143000         2.2500000000         1.3046590794         4.9683572191        -0.8699866375
        0.9355164000         2.2500000000         1.3046590794         4.9658053416        -0.8699866375
        0.9404910000         2.2500000000         1.3123160600         4.9658053416        -0.6705246648
        0.9454477000         2.2500000000         1.3021067526         4.9607015867        -0.9364739617
        0.9504302000         2.2500000000         1.3097637331         4.9607015867        -0.7370119891
        0.9554454000         2.2500000000         1.2995544257         4.9504940769        -1.0029612860
        0.9604769000         2.2500000000         1.2842404646         4.9428384445        -1.4018852313
        0.9655466000         2.2500000000         1.3046590794         4.9453903219        -0.8699866375
        0.9704437000         2.2500000000         1.2970020988         4.9377346896        -1.0694486102
        0.9754932000         2.2500000000         1.2995544257         4.9351828121        -1.0029612860
        0.9805208000         2.2500000000         1.3072114063         4.9326309346        -0.8034993133
        0.9854475000         2.2500000000         1.3072114063         4.9351828121        -0.8034993133
        0.9905175000         2.2500000000         1.3046590794         4.9300790572        -0.8699866375
        0.9954596000         2.2500000000         1.3148683868         4.9351828121        -0.6040373406
        1.0004351000         2.2500000000         1.3021067526         4.9147677924        -0.9364739617
        1.0055060000         2.2500000000         1.3072114063         4.9198715474        -0.8034993133
        1.0104812000         2.2500000000         1.3021067526         4.9096640375        -0.9364739617
        1.0154209000         2.2500000000         1.2995544257         4.9071121601        -1.0029612860
        1.0204280000         2.2500000000         1.3046590794         4.9071121601        -0.8699866375
        1.0254315000         2.2500000000         1.3046590794         4.9045602826        -0.8699866375
        1.0304456000         2.2500000000         1.3021067526         4.8994565277        -0.9364739617
        1.0353899000         2.2500000000         1.3046590794         4.8969046502        -0.8699866375
        1.0404424000         2.2500000000         1.2918974451         4.8892490178        -1.2024232586
        1.0455544000         2.2500000000         1.3046590794         4.8943527728        -0.8699866375
        1.0504295000         2.2500000000         1.3021067526         4.8841452629        -0.9364739617
        1.0554567000         2.2500000000         1.2944497720         4.8739377531        -1.1359359344
        1.0604349000         2.2500000000         1.3046590794         4.8841452629        -0.8699866375
        1.0654255000         2.2500000000         1.3072114063         4.8790415080        -0.8034993133
        1.0704994000         2.2500000000         1.3072114063         4.8764896306        -0.8034993133
        1.0754917000         2.2500000000         1.3021067526         4.8662821207        -0.9364739617
        1.0804486000         2.2500000000         1.3123160600         4.8713858756        -0.6705246648
        1.0854528000         2.2500000000         1.3072114063         4.8611783658        -0.8034993133
        1.0904566000         2.2500000000         1.3046590794         4.8535227334        -0.8699866375
        1.0954554000         2.2500000000         1.3123160600         4.8535227334        -0.6705246648
        1.1004487000         2.2500000000         1.3123160600         4.8484189785        -0.6705246648
        1.1054703000         2.2500000000         1.3072114063         4.8433152236        -0.8034993133
        1.1105697000         2.2500000000         1.3174207137         4.8535227334        -0.5375500164
        1.1155305000         2.2500000000         1.3250776943         4.8535227334        -0.3380880437
        1.1205276000         2.2500000000         1.3174207137         4.8509708560        -0.5375500164
        1.1254306000         2.2500000000         1.3123160600         4.8407633461        -0.6705246648
        1.1304648000         2.2500000000         1.3123160600         4.8382114687        -0.6705246648
        1.1354464000         2.2500000000         1.3072114063         4.8356595912        -0.8034993133
        1.1405028000         2.2500000000         1.3072114063         4.8331077137        -0.8034993133
        1.1454789000         2.2500000000         1.3072114063         4.8229002039        -0.8034993133
        1.1504579000         2.2500000000         1.3123160600         4.8280039588        -0.6705246648
        1.1554874000         2.2500000000         1.3046590794         4.8229002039        -0.8699866375
        1.1604746000         2.2500000000         1.3046590794         4.8229002039        -0.8699866375
        1.1654315000         2.2500000000         1.2995544257         4.8075889392        -1.0029612860
        1.1704443000         2.2500000000         1.2995544257         4.8050370617        -1.0029612860
        1.1754328000         2.2500000000         1.3021067526         4.8075889392        -0.9364739617
        1.1803916000         2.2500000000         1.3021067526         4.8024851842        -0.9364739617
        1.1855622000         2.2500000000         1.3021067526         4.7973814293        -0.9364739617
        1.1905317000         2.2500000000         1.3021067526         4.7973814293        -0.9364739617
        1.1954438000         2.2500000000         1.3046590794         4.8024851842        -0.8699866375
        1.2004312000         2.2500000000         1.3046590794         4.7922776744        -0.8699866375
        1.2054457000         2.2500000000         1.3097637331         4.7922776744        -0.7370119891
        1.2104561000         2.2500000000         1.3072114063         4.7846220420        -0.8034993133
        1.2154763000         2.2500000000         1.3072114063         4.7820701646        -0.8034993133
        1.2204257000         2.2500000000         1.3097637331         4.7718626547        -0.7370119891
        1.2254548000         2.2500000000         1.3046590794         4.7693107773        -0.8699866375
        1.2304323000         2.2500000000         1.3046590794         4.7718626547        -0.8699866375
        1.2355136000         2.2500000000         1.3021067526         4.7616551449        -0.9364739617
        1.2404365000         2.2500000000         1.3097637331         4.7667588998        -0.7370119891
        1.2455091000         2.2500000000         1.2995544257         4.7591032674        -1.0029612860
        1.2504902000         2.2500000000         1.3174207137         4.7667588998        -0.5375500164
        1.2555587000         2.2500000000         1.2995544257         4.7514476351        -1.0029612860
        1.2605138000         2.2500000000         1.3072114063         4.7539995125        -0.8034993133
        1.2654616000         2.2500000000         1.3046590794         4.7514476351        -0.8699866375
        1.2704553000         2.2500000000         1.3021067526         4.7412401252        -0.9364739617
        1.2754423000         2.2500000000         1.2995544257         4.7463438801        -1.0029612860
        1.2804229000         2.2500000000         1.3046590794         4.7386882478        -0.8699866375
        1.2855609000         2.2500000000         1.3021067526         4.7335844928        -0.9364739617
        1.2905621000         2.2500000000         1.3046590794         4.7335844928        -0.8699866375
        1.2955688000         2.2500000000         1.3148683868         4.7284807379        -0.6040373406
        1.3005517000         2.2500000000         1.3046590794         4.7259288605        -0.8699866375
        1.3055397000         2.2500000000         1.3021067526         4.7233769830        -0.9364739617
        1.3105082000         2.2500000000         1.3021067526         4.7131694732        -0.9364739617
        1.3154649000         2.2500000000         1.2944497720         4.7080657183        -1.1359359344
        1.3205743000         2.2500000000         1.3046590794         4.7131694732        -0.8699866375
        1.3254820000         2.2500000000         1.3046590794         4.7106175957        -0.8699866375
        1.3305322000         2.2500000000         1.3123160600         4.7131694732        -0.6705246648
        1.3355036000         2.2500000000         1.3148683868         4.7080657183        -0.6040373406
        1.3406417000         2.2500000000         1.3148683868         4.7055138408        -0.6040373406
        1.3455987000         2.2500000000         1.3148683868         4.7004100859        -0.6040373406
        1.3507059000         2.2500000000         1.3072114063         4.6927544535        -0.8034993133
        1.3555598000         2.2500000000         1.3097637331         4.6902025760        -0.7370119891
        1.3605707000         2.2500000000         1.3097637331         4.6902025760        -0.7370119891
        1.3656613000         2.2500000000         1.3148683868         4.6850988211        -0.6040373406
        1.3705719000         2.2500000000         1.3123160600         4.6902025760        -0.6705246648
        1.3755124000         2.2500000000         1.3148683868         4.6825469437        -0.6040373406
        1.3806463000         2.2500000000         1.3097637331         4.6774431887        -0.7370119891
        1.3855660000         2.2500000000         1.3021067526         4.6697875564        -0.9364739617
        1.3906757000         2.2500000000         1.3021067526         4.6672356789        -0.9364739617
        1.3956527000         2.2500000000         1.3072114063         4.6646838015        -0.8034993133
        1.4006947000         2.2500000000         1.2995544257         4.6570281691        -1.0029612860
        1.4054966000         2.2500000000         1.3021067526         4.6570281691        -0.9364739617
        1.4104869000         2.2500000000         1.3072114063         4.6544762916        -0.8034993133
        1.4155943000         2.2500000000         1.3021067526         4.6468206592        -0.9364739617
        1.4206806000         2.2500000000         1.3046590794         4.6442687818        -0.8699866375
        1.4255913000         2.2500000000         1.3097637331         4.6417169043        -0.7370119891
        1.4305351000         2.2500000000         1.3021067526         4.6340612719        -0.9364739617
        1.4355096000         2.2500000000         1.3097637331         4.6391650269        -0.7370119891
        1.4405377000         2.2500000000         1.3123160600         4.6366131494        -0.6705246648
        1.4455170000         2.2500000000         1.3021067526         4.6238537621        -0.9364739617
        1.4504598000         2.2500000000         1.3046590794         4.6161981297        -0.8699866375
        1.4555010000         2.2500000000         1.3072114063         4.6213018847        -0.8034993133
        1.4604675000         2.2500000000         1.3097637331         4.6187500072        -0.7370119891
        1.4654570000         2.2500000000         1.3046590794         4.6110943748        -0.8699866375
        1.4704031000         2.2500000000         1.3097637331         4.6161981297        -0.7370119891
        1.4754498000         2.2500000000         1.3148683868         4.6187500072        -0.6040373406
        1.4804200000         2.2500000000         1.3199730405         4.6161981297        -0.4710626921
        1.4855772000         2.2500000000         1.3097637331         4.6085424974        -0.7370119891
        1.4904526000         2.2500000000         1.3148683868         4.6085424974        -0.6040373406
        1.4954859000         2.2500000000         1.3072114063         4.6008868650        -0.8034993133
        1.5005876000         2.2500000000         1.3072114063         4.6008868650        -0.8034993133
        1.5055801000         2.2500000000         1.3046590794         4.5906793551        -0.8699866375
        1.5104038000         2.2500000000         1.2970020988         4.5906793551        -1.0694486102
        1.5154563000         2.2500000000         1.3021067526         4.5830237228        -0.9364739617
        1.5204213000         2.2500000000         1.3021067526         4.5855756002        -0.9364739617
        1.5254219000         2.2500000000         1.3072114063         4.5881274777        -0.8034993133
        1.5305537000         2.2500000000         1.3021067526         4.5779199678        -0.9364739617
        1.5355400000         2.2500000000         1.3072114063         4.5804718453        -0.8034993133
        1.5405081000         2.2500000000         1.3072114063         4.5779199678        -0.8034993133
        1.5455578000         2.2500000000         1.3046590794         4.5677124580        -0.8699866375
        1.5504466000         2.2500000000         1.2918974451         4.5549530707        -1.2024232586
        1.5554301000         2.2500000000         1.3046590794         4.5600568256        -0.8699866375
        1.5605692000         2.2500000000         1.2970020988         4.5498493158        -1.0694486102
        1.5655334000         2.2500000000         1.2995544257         4.5472974383        -1.0029612860
        1.5704459000         2.2500000000         1.3072114063         4.5472974383        -0.8034993133
        1.5754273000         2.2500000000         1.3097637331         4.5447455609        -0.7370119891
        1.5805401000         2.2500000000         1.3072114063         4.5421936834        -0.8034993133
        1.5855340000         2.2500000000         1.3097637331         4.5370899285        -0.7370119891
        1.5904552000         2.2500000000         1.3046590794         4.5319861736        -0.8699866375
        1.5955192000         2.2500000000         1.3021067526         4.5294342961        -0.9364739617
        1.6005516000         2.2500000000         1.3174207137         4.5370899285        -0.5375500164
        1.6055317000         2.2500000000         1.3148683868         4.5370899285        -0.6040373406
        1.6104455000         2.2500000000         1.3097637331         4.5268824187        -0.7370119891
        1.6154372000         2.2500000000         1.3097637331         4.5243305412        -0.7370119891
        1.6205419000         2.2500000000         1.2995544257         4.5115711539        -1.0029612860
        1.6254573000         2.2500000000         1.2995544257         4.5090192765        -1.0029612860
        1.6304487000         2.2500000000         1.3046590794         4.5115711539        -0.8699866375
        1.6354417000         2.2500000000         1.3046590794         4.5115711539        -0.8699866375
        1.6405980000         2.2500000000         1.2970020988         4.5013636441        -1.0694486102
        1.6454429000         2.2500000000         1.3097637331         4.5090192765        -0.7370119891
        1.6507147000         2.2500000000         1.3021067526         4.4962598892        -0.9364739617
        1.6554426000         2.2500000000         1.3123160600         4.4937080117        -0.6705246648
        1.6606383000         2.2500000000         1.3072114063         4.5013636441        -0.8034993133
        1.6655254000         2.2500000000         1.2970020988         4.4962598892        -1.0694486102
        1.6704459000         2.2500000000         1.3046590794         4.4860523793        -0.8699866375
        1.6754686000         2.2500000000         1.3123160600         4.4886042568        -0.6705246648
        1.6804269000         2.2500000000         1.3123160600         4.4860523793        -0.6705246648
        1.6855487000         2.2500000000         1.3148683868         4.4809486244        -0.6040373406
        1.6905334000         2.2500000000         1.3072114063         4.4732929920        -0.8034993133
        1.6954412000         2.2500000000         1.3123160600         4.4758448695        -0.6705246648
        1.7004230000         2.2500000000         1.3072114063         4.4656373597        -0.8034993133
        1.7054833000         2.2500000000         1.3123160600         4.4681892371        -0.6705246648
        1.7104342000         2.2500000000         1.3097637331         4.4630854822        -0.7370119891
        1.7154934000         2.2500000000         1.3123160600         4.4656373597        -0.6705246648
        1.7204707000         2.2500000000         1.3148683868         4.4630854822        -0.6040373406
        1.7254371000         2.2500000000         1.2995544257         4.4477742174        -1.0029612860
        1.7304223000         2.2500000000         1.3097637331         4.4503260949        -0.7370119891
        1.7354867000         2.2500000000         1.3046590794         4.4477742174        -0.8699866375
        1.7404674000         2.2500000000         1.3072114063         4.4452223400        -0.8034993133
        1.7455662000         2.2500000000         1.3021067526         4.4375667076        -0.9364739617
        1.7505215000         2.2500000000         1.3046590794         4.4299110752        -0.8699866375
        1.7555420000         2.2500000000         1.2995544257         4.4273591978        -1.0029612860
        1.7605353000         2.2500000000         1.3072114063         4.4299110752        -0.8034993133
        1.7655343000         2.2500000000         1.3021067526         4.4273591978        -0.9364739617
        1.7705551000         2.2500000000         1.3123160600         4.4299110752        -0.6705246648
        1.7754732000         2.2500000000         1.3123160600         4.4248073203        -0.6705246648
        1.7804233000         2.2500000000         1.2995544257         4.4145998105        -1.0029612860
        1.7854486000         2.2500000000         1.3097637331         4.4197035654        -0.7370119891
        1.7904412000         2.2500000000         1.3021067526         4.4043923006        -0.9364739617
        1.7954693000         2.2500000000         1.3021067526         4.3992885457        -0.9364739617
        1.8005373000         2.2500000000         1.3046590794         4.4094960556        -0.8699866375
        1.8055071000         2.2500000000         1.3174207137         4.4069441781        -0.5375500164
        1.8105294000         2.2500000000         1.3021067526         4.3916329133        -0.9364739617
        1.8155229000         2.2500000000         1.3097637331         4.3941847908        -0.7370119891
        1.8205322000         2.2500000000         1.3072114063         4.3916329133        -0.8034993133
        1.8254413000         2.2500000000         1.3123160600         4.3865291584        -0.6705246648
        1.8304910000         2.2500000000         1.3021067526         4.3788735260        -0.9364739617
        1.8354588000         2.2500000000         1.3148683868         4.3890810359        -0.6040373406
        1.8405465000         2.2500000000         1.3097637331         4.3890810359        -0.7370119891
        1.8455406000         2.2500000000         1.3072114063         4.3737697711        -0.8034993133
        1.8507261000         2.2500000000         1.3072114063         4.3737697711        -0.8034993133
        1.8556380000         2.2500000000         1.3046590794         4.3712178937        -0.8699866375
        1.8606878000         2.2500000000         1.3097637331         4.3737697711        -0.7370119891
        1.8655962000         2.2500000000         1.3021067526         4.3584585064        -0.9364739617
        1.8706636000         2.2500000000         1.3046590794         4.3610103838        -0.8699866375
        1.8756396000         2.2500000000         1.3046590794         4.3533547515        -0.8699866375
        1.8806059000         2.2500000000         1.3046590794         4.3508028740        -0.8699866375
        1.8855574000         2.2500000000         1.2970020988         4.3431472416        -1.0694486102
        1.8905094000         2.2500000000         1.2995544257         4.3482509965        -1.0029612860
        1.8956529000         2.2500000000         1.3123160600         4.3508028740        -0.6705246648
        1.9004381000         2.2500000000         1.3072114063         4.3456991191        -0.8034993133
        1.9054765000         2.2500000000         1.3123160600         4.3431472416        -0.6705246648
        1.9104429000         2.2500000000         1.3021067526         4.3354916092        -0.9364739617
        1.9155615000         2.2500000000         1.3072114063         4.3303878543        -0.8034993133
        1.9204489000         2.2500000000         1.3021067526         4.3278359769        -0.9364739617
        1.9254161000         2.2500000000         1.3072114063         4.3252840994        -0.8034993133
        1.9305439000         2.2500000000         1.3046590794         4.3227322219        -0.8699866375
        1.9355285000         2.2500000000         1.3046590794         4.3201803445        -0.8699866375
        1.9405059000         2.2500000000         1.3046590794         4.3150765896        -0.8699866375
        1.9454283000         2.2500000000         1.3123160600         4.3201803445        -0.6705246648
        1.9505254000         2.2500000000         1.3072114063         4.3074209572        -0.8034993133
        1.9554831000         2.2500000000         1.3072114063         4.3048690797        -0.8034993133
        1.9604587000         2.2500000000         1.3046590794         4.3023172023        -0.8699866375
        1.9655249000         2.2500000000         1.3046590794         4.2997653248        -0.8699866375
        1.9704471000         2.2500000000         1.3046590794         4.2972134474        -0.8699866375
        1.9755177000         2.2500000000         1.2970020988         4.2870059375        -1.0694486102
        1.9804674000         2.2500000000         1.3046590794         4.2895578150        -0.8699866375
        1.9854472000         2.2500000000         1.3072114063         4.2921096924        -0.8034993133
        1.9905019000         2.2500000000         1.3046590794         4.2819021826        -0.8699866375
        1.9954638000         2.2500000000         1.3097637331         4.2870059375        -0.7370119891
        2.0009902000         2.2500000000         1.3021067526         4.2767984277        -0.9364739617
        2.0055366000         2.2500000000         1.3072114063         4.2691427953        -0.8034993133
        2.0104522000         2.2500000000         1.3021067526         4.2665909178        -0.9364739617
        2.0154411000         2.2500000000         1.2970020988         4.2563834080        -1.0694486102
        2.0206071000         2.2500000000         1.3021067526         4.2614871629        -0.9364739617
        2.0254553000         2.2500000000         1.3123160600         4.2614871629        -0.6705246648
        2.0304278000         2.2500000000         1.3046590794         4.2563834080        -0.8699866375
        2.0355748000         2.2500000000         1.3123160600         4.2512796531        -0.6705246648
        2.0404505000         2.2500000000         1.3021067526         4.2436240207        -0.9364739617
        2.0454754000         2.2500000000         1.3199730405         4.2512796531        -0.4710626921
        2.0504549000         2.2500000000         1.3097637331         4.2436240207        -0.7370119891
        2.0554345000         2.2500000000         1.3148683868         4.2461758982        -0.6040373406
        2.0604848000         2.2500000000         1.3148683868         4.2385202658        -0.6040373406
        2.0654414000         2.2500000000         1.3199730405         4.2410721433        -0.4710626921
        2.0704296000         2.2500000000         1.3174207137         4.2334165109        -0.5375500164
        2.0754430000         2.2500000000         1.3148683868         4.2308646334        -0.6040373406
        2.0804423000         2.2500000000         1.3046590794         4.2206571236        -0.8699866375
        2.0854689000         2.2500000000         1.3148683868         4.2257608785        -0.6040373406
        2.0904310000         2.2500000000         1.3097637331         4.2257608785        -0.7370119891
        2.0955089000         2.2500000000         1.3148683868         4.2257608785        -0.6040373406
        2.1005052000         2.2500000000         1.3148683868         4.2257608785        -0.6040373406
        2.1054586000         2.2500000000         1.3072114063         4.2155533687        -0.8034993133
        2.1105516000         2.2500000000         1.3097637331         4.2181052461        -0.7370119891
        2.1154309000         2.2500000000         1.3072114063         4.2078977363        -0.8034993133
        2.1204861000         2.2500000000         1.3097637331         4.2130014912        -0.7370119891
        2.1255470000         2.2500000000         1.2970020988         4.1951383490        -1.0694486102
        2.1305348000         2.2500000000         1.2970020988         4.1925864715        -1.0694486102
        2.1354863000         2.2500000000         1.2995544257         4.1874827166        -1.0029612860
        2.1404650000         2.2500000000         1.2970020988         4.1849308392        -1.0694486102
        2.1455571000         2.2500000000         1.3148683868         4.1925864715        -0.6040373406
        2.1504150000         2.2500000000         1.3123160600         4.1900345941        -0.6705246648
        2.1554189000         2.2500000000         1.3174207137         4.1798270842        -0.5375500164
        2.1604287000         2.2500000000         1.3123160600         4.1849308392        -0.6705246648
        2.1654336000         2.2500000000         1.3072114063         4.1772752068        -0.8034993133
        2.1704719000         2.2500000000         1.3148683868         4.1798270842        -0.6040373406
        2.1754276000         2.2500000000         1.3021067526         4.1645158195        -0.9364739617
        2.1804680000         2.2500000000         1.3046590794         4.1645158195        -0.8699866375
        2.1854473000         2.2500000000         1.3046590794         4.1619639420        -0.8699866375
        2.1904322000         2.2500000000         1.3097637331         4.1594120646        -0.7370119891
        2.1955795000         2.2500000000         1.3046590794         4.1543083097        -0.8699866375
        2.2004600000         2.2500000000         1.3021067526         4.1492045547        -0.9364739617
        2.2054319000         2.2500000000         1.3021067526         4.1466526773        -0.9364739617
        2.2104493000         2.2500000000         1.3148683868         4.1568601871        -0.6040373406
        2.2154632000         2.2500000000         1.3148683868         4.1517564322        -0.6040373406
        2.2204646000         2.2500000000         1.3097637331         4.1466526773        -0.7370119891
        2.2255054000         2.2500000000         1.3072114063         4.1466526773        -0.8034993133
        2.2305074000         2.2500000000         1.3046590794         4.1389970449        -0.8699866375
        2.2355365000         2.2500000000         1.3072114063         4.1415489224        -0.8034993133
        2.2404500000         2.2500000000         1.3021067526         4.1287895351        -0.9364739617
        2.2454498000         2.2500000000         1.3021067526         4.1236857801        -0.9364739617
        2.2504903000         2.2500000000         1.2995544257         4.1160301478        -1.0029612860
        2.2554234000         2.2500000000         1.3021067526         4.1211339027        -0.9364739617
        2.2604470000         2.2500000000         1.3123160600         4.1236857801        -0.6705246648
        2.2655388000         2.2500000000         1.3021067526         4.1083745154        -0.9364739617
        2.2705034000         2.2500000000         1.3046590794         4.1134782703        -0.8699866375
        2.2754612000         2.2500000000         1.3072114063         4.1058226379        -0.8034993133
        2.2804239000         2.2500000000         1.3097637331         4.1032707605        -0.7370119891
        2.2854759000         2.2500000000         1.3021067526         4.0956151281        -0.9364739617
        2.2904859000         2.2500000000         1.3123160600         4.0956151281        -0.6705246648
        2.2954299000         2.2500000000         1.3046590794         4.0905113732        -0.8699866375
        2.3005358000         2.2500000000         1.3123160600         4.0930632506        -0.6705246648
        2.3055373000         2.2500000000         1.3123160600         4.0930632506        -0.6705246648
        2.3104353000         2.2500000000         1.3097637331         4.0905113732        -0.7370119891
        2.3155539000         2.2500000000         1.3123160600         4.0879594957        -0.6705246648
        2.3204705000         2.2500000000         1.3174207137         4.0905113732        -0.5375500164
        2.3254066000         2.2500000000         1.3174207137         4.0905113732        -0.5375500164
        2.3305436000         2.2500000000         1.3148683868         4.0879594957        -0.6040373406
        2.3354432000         2.2500000000         1.3148683868         4.0828557408        -0.6040373406
        2.3404433000         2.2500000000         1.3148683868         4.0803038633        -0.6040373406
        2.3454889000         2.2500000000         1.3148683868         4.0777519859        -0.6040373406
        2.3507543000         2.2500000000         1.3072114063         4.0700963535        -0.8034993133
        2.3554431000         2.2500000000         1.3072114063         4.0675444760        -0.8034993133
        2.3604250000         2.2500000000         1.2995544257         4.0573369662        -1.0029612860
        2.3655406000         2.2500000000         1.3097637331         4.0598888437        -0.7370119891
        2.3704355000         2.2500000000         1.2970020988         4.0496813338        -1.0694486102
        2.3754963000         2.2500000000         1.2970020988         4.0445775789        -1.0694486102
        2.3804690000         2.2500000000         1.3097637331         4.0573369662        -0.7370119891
        2.3855457000         2.2500000000         1.3123160600         4.0547850888        -0.6705246648
        2.3905263000         2.2500000000         1.2995544257         4.0369219465        -1.0029612860
        2.3955151000         2.2500000000         1.3021067526         4.0343700691        -0.9364739617
        2.4005129000         2.2500000000         1.3123160600         4.0420257015        -0.6705246648
        2.4054559000         2.2500000000         1.3072114063         4.0369219465        -0.8034993133
        2.4104746000         2.2500000000         1.3148683868         4.0369219465        -0.6040373406
        2.4154158000         2.2500000000         1.3097637331         4.0292663142        -0.7370119891
        2.4204108000         2.2500000000         1.3123160600         4.0267144367        -0.6705246648
        2.4254449000         2.2500000000         1.3072114063         4.0216106818        -0.8034993133
        2.4304278000         2.2500000000         1.3199730405         4.0267144367        -0.4710626921
        2.4354553000         2.2500000000         1.3072114063         4.0139550494        -0.8034993133
        2.4405323000         2.2500000000         1.3199730405         4.0292663142        -0.4710626921
        2.4454577000         2.2500000000         1.3148683868         4.0165069269        -0.6040373406
        2.4504222000         2.2500000000         1.3123160600         4.0114031719        -0.6705246648
        2.4554179000         2.2500000000         1.3072114063         4.0062994170        -0.8034993133
        2.4605135000         2.2500000000         1.3046590794         4.0037475396        -0.8699866375
        2.4654315000         2.2500000000         1.3072114063         3.9960919072        -0.8034993133
        2.4704362000         2.2500000000         1.3174207137         3.9986437847        -0.5375500164
        2.4754575000         2.2500000000         1.3097637331         4.0011956621        -0.7370119891
        2.4804797000         2.2500000000         1.3097637331         3.9986437847        -0.7370119891
        2.4855526000         2.2500000000         1.3097637331         3.9960919072        -0.7370119891
        2.4905615000         2.2500000000         1.3046590794         3.9935400297        -0.8699866375
        2.4955306000         2.2500000000         1.3148683868         3.9960919072        -0.6040373406
        2.5004673000         2.2500000000         1.3148683868         3.9909881523        -0.6040373406
        2.5054565000         2.2500000000         1.3148683868         3.9909881523        -0.6040373406
        2.5104504000         2.2500000000         1.3046590794         3.9782287650        -0.8699866375
        2.5155185000         2.2500000000         1.3097637331         3.9756768875        -0.7370119891
        2.5204310000         2.2500000000         1.2970020988         3.9705731326        -1.0694486102
        2.5254961000         2.2500000000         1.3046590794         3.9654693777        -0.8699866375
        2.5304755000         2.2500000000         1.3072114063         3.9680212551        -0.8034993133
        2.5355008000         2.2500000000         1.3097637331         3.9654693777        -0.7370119891
        2.5404442000         2.2500000000         1.3097637331         3.9629175002        -0.7370119891
        2.5455172000         2.2500000000         1.3123160600         3.9578137453        -0.6705246648
        2.5504748000         2.2500000000         1.3097637331         3.9578137453        -0.7370119891
        2.5554259000         2.2500000000         1.3199730405         3.9603656228        -0.4710626921
        2.5604263000         2.2500000000         1.3072114063         3.9476062355        -0.8034993133
        2.5654737000         2.2500000000         1.3225253674         3.9578137453        -0.4045753679
        2.5705462000         2.2500000000         1.3097637331         3.9552618679        -0.7370119891
        2.5755323000         2.2500000000         1.3148683868         3.9425024806        -0.6040373406
        2.5804344000         2.2500000000         1.3174207137         3.9450543580        -0.5375500164
        2.5854478000         2.2500000000         1.3199730405         3.9476062355        -0.4710626921
        2.5904466000         2.2500000000         1.3148683868         3.9373987256        -0.6040373406
        2.5954270000         2.2500000000         1.3174207137         3.9450543580        -0.5375500164
        2.6004409000         2.2500000000         1.3199730405         3.9399506031        -0.4710626921
        2.6055213000         2.2500000000         1.3123160600         3.9348468482        -0.6705246648
        2.6104733000         2.2500000000         1.3123160600         3.9322949707        -0.6705246648
        2.6154540000         2.2500000000         1.3046590794         3.9246393383        -0.8699866375
        2.6204511000         2.2500000000         1.3046590794         3.9195355834        -0.8699866375
        2.6255865000         2.2500000000         1.3021067526         3.9169837060        -0.9364739617
        2.6305035000         2.2500000000         1.3021067526         3.9144318285        -0.9364739617
        2.6355124000         2.2500000000         1.3097637331         3.9169837060        -0.7370119891
        2.6404310000         2.2500000000         1.3046590794         3.9144318285        -0.8699866375
        2.6454287000         2.2500000000         1.3148683868         3.9169837060        -0.6040373406
        2.6504933000         2.2500000000         1.2970020988         3.9016724412        -1.0694486102
        2.6554472000         2.2500000000         1.3072114063         3.9067761961        -0.8034993133
        2.6607732000         2.2500000000         1.3046590794         3.9016724412        -0.8699866375
        2.6654918000         2.2500000000         1.3021067526         3.8940168088        -0.9364739617
        2.6704433000         2.2500000000         1.3046590794         3.8965686863        -0.8699866375
        2.6756295000         2.2500000000         1.3021067526         3.8889130539        -0.9364739617
        2.6808310000         2.2500000000         1.3046590794         3.8889130539        -0.8699866375
        2.6854627000         2.2500000000         1.3046590794         3.8812574215        -0.8699866375
        2.6904284000         2.2500000000         1.3072114063         3.8838092990        -0.8034993133
        2.6954313000         2.2500000000         1.3148683868         3.8863611765        -0.6040373406
        2.7004732000         2.2500000000         1.3046590794         3.8736017892        -0.8699866375
        2.7053961000         2.2500000000         1.3021067526         3.8684980342        -0.9364739617
        2.7104948000         2.2500000000         1.3072114063         3.8736017892        -0.8034993133
        2.7155722000         2.2500000000         1.3046590794         3.8659461568        -0.8699866375
        2.7210611000         2.2500000000         1.3072114063         3.8684980342        -0.8034993133
        2.7254920000         2.2500000000         1.3046590794         3.8608424019        -0.8699866375
        2.7305179000         2.2500000000         1.3021067526         3.8557386469        -0.9364739617
        2.7355712000         2.2500000000         1.3123160600         3.8659461568        -0.6705246648
        2.7405574000         2.2500000000         1.3123160600         3.8608424019        -0.6705246648
        2.7454717000         2.2500000000         1.3123160600         3.8582905244        -0.6705246648
        2.7504282000         2.2500000000         1.3046590794         3.8506348920        -0.8699866375
        2.7554309000         2.2500000000         1.3046590794         3.8480830146        -0.8699866375
        2.7604690000         2.2500000000         1.2970020988         3.8353236273        -1.0694486102
        2.7654503000         2.2500000000         1.3021067526         3.8353236273        -0.9364739617
        2.7704578000         2.2500000000         1.2970020988         3.8276679949        -1.0694486102
        2.7754873000         2.2500000000         1.2944497720         3.8276679949        -1.1359359344
        2.7805525000         2.2500000000         1.3046590794         3.8276679949        -0.8699866375
        2.7854367000         2.2500000000         1.3072114063         3.8251161174        -0.8034993133
        2.7905513000         2.2500000000         1.3072114063         3.8327717498        -0.8034993133
        2.7954576000         2.2500000000         1.3123160600         3.8251161174        -0.6705246648
        2.8005220000         2.2500000000         1.3046590794         3.8123567301        -0.8699866375
        2.8055076000         2.2500000000         1.3123160600         3.8123567301        -0.6705246648
        2.8105236000         2.2500000000         1.3097637331         3.8123567301        -0.7370119891
        2.8155677000         2.2500000000         1.3097637331         3.8072529752        -0.7370119891
        2.8204336000         2.2500000000         1.3123160600         3.7970454654        -0.6705246648
        2.8254952000         2.2500000000         1.3097637331         3.7995973429        -0.7370119891
        2.8304327000         2.2500000000         1.3123160600         3.7970454654        -0.6705246648
        2.8355616000         2.2500000000         1.3174207137         3.8021492203        -0.5375500164
        2.8404183000         2.2500000000         1.3174207137         3.8021492203        -0.5375500164
        2.8454205000         2.2500000000         1.3174207137         3.7970454654        -0.5375500164
        2.8504663000         2.2500000000         1.3148683868         3.7944935879        -0.6040373406
        2.8554544000         2.2500000000         1.3174207137         3.7919417105        -0.5375500164
        2.8604414000         2.2500000000         1.3148683868         3.7817342006        -0.6040373406
        2.8655659000         2.2500000000         1.3046590794         3.7715266908        -0.8699866375
        2.8704684000         2.2500000000         1.3021067526         3.7689748133        -0.9364739617
        2.8754189000         2.2500000000         1.3046590794         3.7740785683        -0.8699866375
        2.8804890000         2.2500000000         1.3021067526         3.7613191810        -0.9364739617
        2.8854255000         2.2500000000         1.3123160600         3.7740785683        -0.6705246648
        2.8904035000         2.2500000000         1.3046590794         3.7664229359        -0.8699866375
        2.8953862000         2.2500000000         1.3123160600         3.7715266908        -0.6705246648
        2.9004043000         2.2500000000         1.3123160600         3.7638710584        -0.6705246648
        2.9054202000         2.2500000000         1.3072114063         3.7562154260        -0.8034993133
        2.9104347000         2.2500000000         1.3046590794         3.7536635486        -0.8699866375
        2.9154196000         2.2500000000         1.2995544257         3.7460079162        -1.0029612860
        2.9204565000         2.2500000000         1.3072114063         3.7485597937        -0.8034993133
        2.9254647000         2.2500000000         1.3046590794         3.7383522838        -0.8699866375
        2.9304664000         2.2500000000         1.3148683868         3.7409041613        -0.6040373406
        2.9354240000         2.2500000000         1.3123160600         3.7383522838        -0.6705246648
        2.9403826000         2.2500000000         1.3174207137         3.7358004064        -0.5375500164
        2.9454174000         2.2500000000         1.3148683868         3.7358004064        -0.6040373406
        2.9505104000         2.2500000000         1.3250776943         3.7306966515        -0.3380880437
        2.9554310000         2.2500000000         1.3174207137         3.7306966515        -0.5375500164
        2.9604179000         2.2500000000         1.3199730405         3.7306966515        -0.4710626921
        2.9654484000         2.2500000000         1.3225253674         3.7281447740        -0.4045753679
        2.9704477000         2.2500000000         1.3327346748         3.7255928965        -0.1386260710
        2.9754294000         2.2500000000         1.3148683868         3.7179372642        -0.6040373406
        2.9804332000         2.2500000000         1.3174207137         3.7255928965        -0.5375500164
        2.9854469000         2.2500000000         1.3174207137         3.7230410191        -0.5375500164
        2.9904562000         2.2500000000         1.3250776943         3.7281447740        -0.3380880437
        2.9954464000         2.2500000000         1.3174207137         3.7179372642        -0.5375500164
        3.0004288000         2.2500000000         1.3072114063         3.7102816318        -0.8034993133
        3.0054254000         2.2500000000         1.3123160600         3.7102816318        -0.6705246648
        3.0104574000         2.2500000000         1.3225253674         3.7179372642        -0.4045753679
        3.0154917000         2.2500000000         1.3097637331         3.7026259994        -0.7370119891
        3.0204521000         2.2500000000         1.3225253674         3.7102816318        -0.4045753679
        3.0254279000         2.2500000000         1.3123160600         3.6949703670        -0.6705246648
        3.0304551000         2.2500000000         1.3123160600         3.7000741219        -0.6705246648
        3.0355193000         2.2500000000         1.3123160600         3.6975222445        -0.6705246648
        3.0405345000         2.2500000000         1.3250776943         3.7026259994        -0.3380880437
        3.0455003000         2.2500000000         1.3097637331         3.6949703670        -0.7370119891
        3.0505209000         2.2500000000         1.3148683868         3.6949703670        -0.6040373406
        3.0555346000         2.2500000000         1.3072114063         3.6898666121        -0.8034993133
        3.0604339000         2.2500000000         1.3148683868         3.6898666121        -0.6040373406
        3.0655317000         2.2500000000         1.3097637331         3.6822109797        -0.7370119891
        3.0704285000         2.2500000000         1.3046590794         3.6771072248        -0.8699866375
        3.0754791000         2.2500000000         1.3097637331         3.6771072248        -0.7370119891
        3.0806183000         2.2500000000         1.3021067526         3.6668997150        -0.9364739617
        3.0854997000         2.2500000000         1.3046590794         3.6643478375        -0.8699866375
        3.0906359000         2.2500000000         1.3072114063         3.6694515924        -0.8034993133
        3.0955969000         2.2500000000         1.3174207137         3.6694515924        -0.5375500164
        3.1006762000         2.2500000000         1.3123160600         3.6617959601        -0.6705246648
        3.1055518000         2.2500000000         1.3199730405         3.6694515924        -0.4710626921
        3.1105095000         2.2500000000         1.3148683868         3.6592440826        -0.6040373406
        3.1155506000         2.2500000000         1.3174207137         3.6541403277        -0.5375500164
        3.1207030000         2.2500000000         1.3148683868         3.6541403277        -0.6040373406
        3.1255076000         2.2500000000         1.3250776943         3.6566922051        -0.3380880437
        3.1306753000         2.2500000000         1.3225253674         3.6541403277        -0.4045753679
        3.1356948000         2.2500000000         1.3123160600         3.6413809404        -0.6705246648
        3.1407179000         2.2500000000         1.3225253674         3.6439328179        -0.4045753679
        3.1456815000         2.2500000000         1.3301823480         3.6515884502        -0.2051133952
        3.1507042000         2.2500000000         1.3148683868         3.6362771855        -0.6040373406
        3.1556657000         2.2500000000         1.3199730405         3.6388290629        -0.4710626921
        3.1605901000         2.2500000000         1.3225253674         3.6388290629        -0.4045753679
        3.1654796000         2.2500000000         1.3148683868         3.6311734306        -0.6040373406
        3.1706956000         2.2500000000         1.3199730405         3.6362771855        -0.4710626921
        3.1757109000         2.2500000000         1.3199730405         3.6337253080        -0.4710626921
        3.1806688000         2.2500000000         1.3250776943         3.6388290629        -0.3380880437
        3.1856040000         2.2500000000         1.3250776943         3.6388290629        -0.3380880437
        3.1905618000         2.2500000000         1.3250776943         3.6362771855        -0.3380880437
        3.1955539000         2.2500000000         1.3250776943         3.6337253080        -0.3380880437
        3.2006021000         2.2500000000         1.3148683868         3.6235177982        -0.6040373406
        3.2055952000         2.2500000000         1.3072114063         3.6158621658        -0.8034993133
        3.2105340000         2.2500000000         1.3148683868         3.6235177982        -0.6040373406
        3.2155133000         2.2500000000         1.3148683868         3.6184140433        -0.6040373406
        3.2205418000         2.2500000000         1.3174207137         3.6235177982        -0.5375500164
        3.2255881000         2.2500000000         1.3199730405         3.6184140433        -0.4710626921
        3.2306076000         2.2500000000         1.3097637331         3.6107584109        -0.7370119891
        3.2355922000         2.2500000000         1.3046590794         3.6031027785        -0.8699866375
        3.2405657000         2.2500000000         1.3072114063         3.6005509010        -0.8034993133
        3.2455140000         2.2500000000         1.3072114063         3.6031027785        -0.8034993133
        3.2507115000         2.2500000000         1.3148683868         3.6005509010        -0.6040373406
        3.2555434000         2.2500000000         1.3148683868         3.6056546560        -0.6040373406
        3.2607350000         2.2500000000         1.3199730405         3.6031027785        -0.4710626921
        3.2655097000         2.2500000000         1.3123160600         3.5928952687        -0.6705246648
        3.2705407000         2.2500000000         1.3174207137         3.5979990236        -0.5375500164
        3.2759006000         2.2500000000         1.3174207137         3.5877915138        -0.5375500164
        3.2807118000         2.2500000000         1.3250776943         3.5928952687        -0.3380880437
        3.2855090000         2.2500000000         1.3148683868         3.5852396363        -0.6040373406
        3.2907118000         2.2500000000         1.3174207137         3.5826877588        -0.5375500164
        3.2954781000         2.2500000000         1.3250776943         3.5801358814        -0.3380880437
        3.3005696000         2.2500000000         1.3148683868         3.5775840039        -0.6040373406
        3.3056300000         2.2500000000         1.3148683868         3.5775840039        -0.6040373406
        3.3105424000         2.2500000000         1.3225253674         3.5826877588        -0.4045753679
        3.3157292000         2.2500000000         1.3072114063         3.5673764941        -0.8034993133
        3.3205380000         2.2500000000         1.3225253674         3.5775840039        -0.4045753679
        3.3254900000         2.2500000000         1.3199730405         3.5750321265        -0.4710626921
        3.3305974000         2.2500000000         1.3199730405         3.5699283715        -0.4710626921
        3.3356067000         2.2500000000         1.3072114063         3.5571689842        -0.8034993133
        3.3406032000         2.2500000000         1.3123160600         3.5648246166        -0.6705246648
        3.3456290000         2.2500000000         1.3123160600         3.5622727392        -0.6705246648
        3.3505394000         2.2500000000         1.3174207137         3.5648246166        -0.5375500164
        3.3555889000         2.2500000000         1.3174207137         3.5597208617        -0.5375500164
        3.3606166000         2.2500000000         1.3123160600         3.5520652293        -0.6705246648
        3.3655708000         2.2500000000         1.3072114063         3.5418577195        -0.8034993133
        3.3705521000         2.2500000000         1.3123160600         3.5444095970        -0.6705246648
        3.3755349000         2.2500000000         1.3021067526         3.5367539646        -0.9364739617
        3.3805091000         2.2500000000         1.3097637331         3.5418577195        -0.7370119891
        3.3855805000         2.2500000000         1.3123160600         3.5367539646        -0.6705246648
        3.3905158000         2.2500000000         1.3174207137         3.5418577195        -0.5375500164
        3.3955414000         2.2500000000         1.3148683868         3.5342020871        -0.6040373406
        3.4004988000         2.2500000000         1.3199730405         3.5367539646        -0.4710626921
        3.4055581000         2.2500000000         1.3225253674         3.5290983322        -0.4045753679
        3.4104963000         2.2500000000         1.3148683868         3.5239945773        -0.6040373406
        3.4155536000         2.2500000000         1.3123160600         3.5163389449        -0.6705246648
        3.4204213000         2.2500000000         1.3199730405         3.5214426998        -0.4710626921
        3.4254594000         2.2500000000         1.3199730405         3.5214426998        -0.4710626921
        3.4304228000         2.2500000000         1.3250776943         3.5214426998        -0.3380880437
        3.4353989000         2.2500000000         1.3250776943         3.5163389449        -0.3380880437
        3.4404469000         2.2500000000         1.3225253674         3.5086833125        -0.4045753679
        3.4454450000         2.2500000000         1.3225253674         3.5137870674        -0.4045753679
        3.4504506000         2.2500000000         1.3327346748         3.5188908224        -0.1386260710
        3.4554424000         2.2500000000         1.3250776943         3.5137870674        -0.3380880437
        3.4605041000         2.2500000000         1.3301823480         3.5239945773        -0.2051133952
        3.4654012000         2.2500000000         1.3199730405         3.5061314351        -0.4710626921
        3.4705762000         2.2500000000         1.3276300211         3.5061314351        -0.2716007195
        3.4754615000         2.2500000000         1.3276300211         3.5010276801        -0.2716007195
        3.4804420000         2.2500000000         1.3276300211         3.5061314351        -0.2716007195
        3.4854403000         2.2500000000         1.3250776943         3.4984758027        -0.3380880437
        3.4904672000         2.2500000000         1.3276300211         3.5061314351        -0.2716007195
        3.4954459000         2.2500000000         1.3301823480         3.5035795576        -0.2051133952
        3.5006013000         2.2500000000         1.3276300211         3.5035795576        -0.2716007195
        3.5054505000         2.2500000000         1.3276300211         3.5010276801        -0.2716007195
        3.5104223000         2.2500000000         1.3250776943         3.4984758027        -0.3380880437
        3.5154332000         2.2500000000         1.3225253674         3.5010276801        -0.4045753679
        3.5207005000         2.2500000000         1.3174207137         3.4908201703        -0.5375500164
        3.5254960000         2.2500000000         1.3225253674         3.4959239252        -0.4045753679
        3.5305691000         2.2500000000         1.3225253674         3.4933720478        -0.4045753679
        3.5354909000         2.2500000000         1.3250776943         3.5010276801        -0.3380880437
        3.5406114000         2.2500000000         1.3250776943         3.4959239252        -0.3380880437
        3.5455199000         2.2500000000         1.3199730405         3.4882682929        -0.4710626921
        3.5505712000         2.2500000000         1.3174207137         3.4857164154        -0.5375500164
        3.5555087000         2.2500000000         1.3097637331         3.4806126605        -0.7370119891
        3.5607007000         2.2500000000         1.3123160600         3.4755089056        -0.6705246648
        3.5655337000         2.2500000000         1.3148683868         3.4806126605        -0.6040373406
        3.5705906000         2.2500000000         1.3097637331         3.4729570281        -0.7370119891
        3.5755797000         2.2500000000         1.3072114063         3.4729570281        -0.8034993133
        3.5806013000         2.2500000000         1.3072114063         3.4653013957        -0.8034993133
        3.5856045000         2.2500000000         1.3046590794         3.4653013957        -0.8699866375
        3.5905799000         2.2500000000         1.3046590794         3.4653013957        -0.8699866375
        3.5956147000         2.2500000000         1.3097637331         3.4678532732        -0.7370119891
        3.6005602000         2.2500000000         1.3097637331         3.4627495183        -0.7370119891
        3.6054559000         2.2500000000         1.3021067526         3.4550938859        -0.9364739617
        3.6105816000         2.2500000000         1.3148683868         3.4653013957        -0.6040373406
        3.6154818000         2.2500000000         1.3097637331         3.4550938859        -0.7370119891
        3.6205690000         2.2500000000         1.3072114063         3.4525420084        -0.8034993133
        3.6256508000         2.2500000000         1.3072114063         3.4448863760        -0.8034993133
        3.6304706000         2.2500000000         1.3072114063         3.4499901310        -0.8034993133
        3.6355281000         2.2500000000         1.3148683868         3.4448863760        -0.6040373406
        3.6405836000         2.2500000000         1.3174207137         3.4448863760        -0.5375500164
        3.6454594000         2.2500000000         1.3148683868         3.4423344986        -0.6040373406
        3.6505265000         2.2500000000         1.3199730405         3.4423344986        -0.4710626921
        3.6555317000         2.2500000000         1.3199730405         3.4397826211        -0.4710626921
        3.6605933000         2.2500000000         1.3199730405         3.4372307437        -0.4710626921
        3.6657672000         2.2500000000         1.3225253674         3.4346788662        -0.4045753679
        3.6706092000         2.2500000000         1.3046590794         3.4219194789        -0.8699866375
        3.6758421000         2.2500000000         1.3148683868         3.4244713564        -0.6040373406
        3.6806007000         2.2500000000         1.3123160600         3.4219194789        -0.6705246648
        3.6855697000         2.2500000000         1.3072114063         3.4117119691        -0.8034993133
        3.6906385000         2.2500000000         1.3199730405         3.4244713564        -0.4710626921
        3.6955623000         2.2500000000         1.3174207137         3.4193676015        -0.5375500164
        3.7005905000         2.2500000000         1.3072114063         3.4066082142        -0.8034993133
        3.7055961000         2.2500000000         1.3021067526         3.4040563367        -0.9364739617
        3.7105656000         2.2500000000         1.3148683868         3.4117119691        -0.6040373406
        3.7154950000         2.2500000000         1.3046590794         3.4015044592        -0.8699866375
        3.7206111000         2.2500000000         1.3072114063         3.3989525818        -0.8034993133
        3.7255372000         2.2500000000         1.3123160600         3.4015044592        -0.6705246648
        3.7305801000         2.2500000000         1.3046590794         3.3938488269        -0.8699866375
        3.7354958000         2.2500000000         1.3072114063         3.3964007043        -0.8034993133
        3.7405763000         2.2500000000         1.3225253674         3.4015044592        -0.4045753679
        3.7454892000         2.2500000000         1.3148683868         3.3989525818        -0.6040373406
        3.7505719000         2.2500000000         1.3199730405         3.3989525818        -0.4710626921
        3.7555499000         2.2500000000         1.3123160600         3.3861931945        -0.6705246648
        3.7605797000         2.2500000000         1.3174207137         3.3964007043        -0.5375500164
        3.7656071000         2.2500000000         1.3072114063         3.3759856847        -0.8034993133
        3.7705095000         2.2500000000         1.3123160600         3.3785375621        -0.6705246648
        3.7754413000         2.2500000000         1.3174207137         3.3836413170        -0.5375500164
        3.7805837000         2.2500000000         1.3174207137         3.3810894396        -0.5375500164
        3.7855094000         2.2500000000         1.3123160600         3.3734338072        -0.6705246648
        3.7905865000         2.2500000000         1.3250776943         3.3785375621        -0.3380880437
        3.7954792000         2.2500000000         1.3199730405         3.3734338072        -0.4710626921
        3.8005641000         2.2500000000         1.3072114063         3.3606744199        -0.8034993133
        3.8054675000         2.2500000000         1.3097637331         3.3555706650        -0.7370119891
        3.8105221000         2.2500000000         1.3072114063         3.3530187875        -0.8034993133
        3.8155757000         2.2500000000         1.3148683868         3.3606744199        -0.6040373406
        3.8204766000         2.2500000000         1.3148683868         3.3555706650        -0.6040373406
        3.8254709000         2.2500000000         1.3250776943         3.3581225424        -0.3380880437
        3.8305418000         2.2500000000         1.3174207137         3.3555706650        -0.5375500164
        3.8356311000         2.2500000000         1.3225253674         3.3555706650        -0.4045753679
        3.8404583000         2.2500000000         1.3199730405         3.3530187875        -0.4710626921
        3.8455599000         2.2500000000         1.3174207137         3.3428112777        -0.5375500164
        3.8506050000         2.2500000000         1.3148683868         3.3428112777        -0.6040373406
        3.8556545000         2.2500000000         1.3123160600         3.3402594002        -0.6705246648
        3.8607108000         2.2500000000         1.3123160600         3.3351556453        -0.6705246648
        3.8656411000         2.2500000000         1.3123160600         3.3377075228        -0.6705246648
        3.8704228000         2.2500000000         1.3097637331         3.3326037679        -0.7370119891
        3.8756216000         2.2500000000         1.3123160600         3.3300518904        -0.6705246648
        3.8807668000         2.2500000000         1.3097637331         3.3300518904        -0.7370119891
        3.8855271000         2.2500000000         1.3097637331         3.3223962580        -0.7370119891
        3.8905232000         2.2500000000         1.3123160600         3.3223962580        -0.6705246648
        3.8954724000         2.2500000000         1.2995544257         3.3198443806        -1.0029612860
        3.9004559000         2.2500000000         1.3174207137         3.3198443806        -0.5375500164
        3.9054516000         2.2500000000         1.3148683868         3.3198443806        -0.6040373406
        3.9104344000         2.2500000000         1.3097637331         3.3121887482        -0.7370119891
        3.9154446000         2.2500000000         1.3072114063         3.3019812383        -0.8034993133
        3.9206755000         2.2500000000         1.2995544257         3.2994293609        -1.0029612860
        3.9254686000         2.2500000000         1.3123160600         3.2994293609        -0.6705246648
        3.9305334000         2.2500000000         1.3148683868         3.3045331158        -0.6040373406
        3.9354975000         2.2500000000         1.3097637331         3.2994293609        -0.7370119891
        3.9405283000         2.2500000000         1.3199730405         3.2994293609        -0.4710626921
        3.9455806000         2.2500000000         1.3174207137         3.2994293609        -0.5375500164
        3.9506062000         2.2500000000         1.3199730405         3.2968774834        -0.4710626921
        3.9555075000         2.2500000000         1.3148683868         3.2866699736        -0.6040373406
        3.9605767000         2.2500000000         1.3072114063         3.2815662187        -0.8034993133
        3.9656129000         2.2500000000         1.3148683868         3.2841180961        -0.6040373406
        3.9706385000         2.2500000000         1.2944497720         3.2764624638        -1.1359359344
        3.9754915000         2.2500000000         1.3148683868         3.2790143412        -0.6040373406
        3.9806043000         2.2500000000         1.3148683868         3.2764624638        -0.6040373406
        3.9856132000         2.2500000000         1.3199730405         3.2815662187        -0.4710626921
        3.9907161000         2.2500000000         1.3199730405         3.2764624638        -0.4710626921
        3.9956099000         2.2500000000         1.3199730405         3.2739105863        -0.4710626921
        4.0006039000         2.2500000000         1.3046590794         3.2585993215        -0.8699866375
