% Motor Sweep Step 59/180
% Vcmd       = 2.8000 [V]
% Direction  = CW
% Zone       = DEADZONE
% Vg_offset  = 1.336525 [V]
% K_gimbal   = 26.049690 [(rad/s)/V]

Time[s]              Vcmd[V]              Vg_raw[V]            Pot[V]               Omega[rad/s]
        0.0000383000         2.8000000000         1.3301823480         2.7124975453        -0.1652210007
        0.0094448000         2.8000000000         1.3352870017         2.7176013002        -0.0322463522
        0.0100464000         2.8000000000         1.3352870017         2.7201531777        -0.0322463522
        0.0150092000         2.8000000000         1.3352870017         2.7176013002        -0.0322463522
        0.0200578000         2.8000000000         1.3352870017         2.7201531777        -0.0322463522
        0.0250078000         2.8000000000         1.3352870017         2.7176013002        -0.0322463522
        0.0300175000         2.8000000000         1.3352870017         2.7201531777        -0.0322463522
        0.0350093000         2.8000000000         1.3429439823         2.7201531777         0.1672156204
        0.0402744000         2.8000000000         1.4297230954         2.7201531777         2.4277846441
        0.0450899000         2.8000000000         1.3837812120         2.7278088101         1.2310128081
        0.0500565000         2.8000000000         1.4041998268         2.7405681974         1.7629114019
        0.0553240000         2.8000000000         1.3914381925         2.7405681974         1.4304747807
        0.0600274000         2.8000000000         1.3914381925         2.7482238297         1.4304747807
        0.0650940000         2.8000000000         1.3888858657         2.7482238297         1.3639874565
        0.0700042000         2.8000000000         1.4041998268         2.7609832170         1.7629114019
        0.0750058000         2.8000000000         1.4016475000         2.7686388494         1.6964240776
        0.0800047000         2.8000000000         1.4144091342         2.7788463592         2.0288606988
        0.0850044000         2.8000000000         1.4093044805         2.7788463592         1.8958860503
        0.0900065000         2.8000000000         1.3965428462         2.7788463592         1.5634494292
        0.0950075000         2.8000000000         1.4041998268         2.7865019916         1.7629114019
        0.1000038000         2.8000000000         1.4016475000         2.7941576240         1.6964240776
        0.1050040000         2.8000000000         1.3939905194         2.8069170113         1.4969621050
        0.1100080000         2.8000000000         1.4093044805         2.8247801535         1.8958860503
        0.1150047000         2.8000000000         1.4041998268         2.8196763986         1.7629114019
        0.1200052000         2.8000000000         1.4093044805         2.8349876633         1.8958860503
        0.1250072000         2.8000000000         1.4169614611         2.8400914183         2.0953480230
        0.1300067000         2.8000000000         1.4067521537         2.8375395408         1.8293987261
        0.1350061000         2.8000000000         1.4118568074         2.8502989281         1.9623733746
        0.1400119000         2.8000000000         1.4169614611         2.8630583154         2.0953480230
        0.1450083000         2.8000000000         1.4067521537         2.8605064379         1.8293987261
        0.1500445000         2.8000000000         1.4169614611         2.8783695801         2.0953480230
        0.1550063000         2.8000000000         1.4067521537         2.8707139478         1.8293987261
        0.1600066000         2.8000000000         1.4093044805         2.8860252125         1.8958860503
        0.1650042000         2.8000000000         1.4093044805         2.8911289674         1.8958860503
        0.1700062000         2.8000000000         1.4118568074         2.8987845998         1.9623733746
        0.1751667000         2.8000000000         1.4067521537         2.9115439871         1.8293987261
        0.1800056000         2.8000000000         1.4220661148         2.9217514970         2.2283226715
        0.1850038000         2.8000000000         1.4118568074         2.9243033744         1.9623733746
        0.1900069000         2.8000000000         1.4246184417         2.9396146392         2.2948099957
        0.1950039000         2.8000000000         1.4144091342         2.9396146392         2.0288606988
        0.2000061000         2.8000000000         1.4220661148         2.9549259039         2.2283226715
        0.2050039000         2.8000000000         1.4169614611         2.9574777814         2.0953480230
        0.2100048000         2.8000000000         1.4195137880         2.9727890461         2.1618353472
        0.2150049000         2.8000000000         1.4118568074         2.9702371687         1.9623733746
        0.2200062000         2.8000000000         1.4169614611         2.9778928011         2.0953480230
        0.2250044000         2.8000000000         1.4169614611         2.9881003109         2.0953480230
        0.2300059000         2.8000000000         1.4246184417         3.0008596982         2.2948099957
        0.2350036000         2.8000000000         1.4220661148         3.0085153306         2.2283226715
        0.2400055000         2.8000000000         1.4169614611         3.0136190855         2.0953480230
        0.2450038000         2.8000000000         1.4195137880         3.0187228404         2.1618353472
        0.2500054000         2.8000000000         1.4220661148         3.0340341051         2.2283226715
        0.2550040000         2.8000000000         1.4067521537         3.0289303502         1.8293987261
        0.2600056000         2.8000000000         1.4271707685         3.0493453699         2.3612973199
        0.2650047000         2.8000000000         1.4169614611         3.0544491248         2.0953480230
        0.2700058000         2.8000000000         1.4067521537         3.0595528797         1.8293987261
        0.2750044000         2.8000000000         1.4246184417         3.0748641445         2.2948099957
        0.2800058000         2.8000000000         1.4144091342         3.0723122670         2.0288606988
        0.2850047000         2.8000000000         1.4195137880         3.0850716543         2.1618353472
        0.2900055000         2.8000000000         1.4246184417         3.0952791642         2.2948099957
        0.2950055000         2.8000000000         1.4067521537         3.1105904289         1.8293987261
        0.3000056000         2.8000000000         1.4246184417         3.1105904289         2.2948099957
        0.3050036000         2.8000000000         1.4144091342         3.1131423064         2.0288606988
        0.3100053000         2.8000000000         1.4246184417         3.1361092035         2.2948099957
        0.3150046000         2.8000000000         1.4220661148         3.1361092035         2.2283226715
        0.3200046000         2.8000000000         1.4195137880         3.1437648359         2.1618353472
        0.3250035000         2.8000000000         1.4246184417         3.1616279781         2.2948099957
        0.3300046000         2.8000000000         1.4220661148         3.1616279781         2.2283226715
        0.3350033000         2.8000000000         1.4220661148         3.1667317330         2.2283226715
        0.3400046000         2.8000000000         1.4220661148         3.1820429978         2.2283226715
        0.3450051000         2.8000000000         1.4220661148         3.1871467527         2.2283226715
        0.3500048000         2.8000000000         1.4195137880         3.1896986301         2.1618353472
        0.3552171000         2.8000000000         1.4220661148         3.1999061400         2.2283226715
        0.3600043000         2.8000000000         1.4118568074         3.1999061400         1.9623733746
        0.3650046000         2.8000000000         1.4169614611         3.2152174047         2.0953480230
        0.3700031000         2.8000000000         1.4271707685         3.2228730371         2.3612973199
        0.3750042000         2.8000000000         1.4169614611         3.2356324244         2.0953480230
        0.3800033000         2.8000000000         1.4271707685         3.2458399342         2.3612973199
        0.3850046000         2.8000000000         1.4144091342         3.2458399342         2.0288606988
        0.3900052000         2.8000000000         1.4118568074         3.2483918117         1.9623733746
        0.3950051000         2.8000000000         1.4195137880         3.2713587088         2.1618353472
        0.4000050000         2.8000000000         1.4144091342         3.2713587088         2.0288606988
        0.4051303000         2.8000000000         1.4271707685         3.2841180961         2.3612973199
        0.4100043000         2.8000000000         1.4195137880         3.2892218510         2.1618353472
        0.4150045000         2.8000000000         1.4195137880         3.2994293609         2.1618353472
        0.4200045000         2.8000000000         1.4118568074         3.2994293609         1.9623733746
        0.4250043000         2.8000000000         1.4144091342         3.3096368707         2.0288606988
        0.4300037000         2.8000000000         1.4144091342         3.3223962580         2.0288606988
        0.4350046000         2.8000000000         1.4169614611         3.3249481355         2.0953480230
        0.4400036000         2.8000000000         1.4169614611         3.3326037679         2.0953480230
        0.4450042000         2.8000000000         1.4118568074         3.3428112777         1.9623733746
        0.4500030000         2.8000000000         1.4220661148         3.3581225424         2.2283226715
        0.4550024000         2.8000000000         1.4297230954         3.3734338072         2.4277846441
        0.4600035000         2.8000000000         1.4271707685         3.3810894396         2.3612973199
        0.4650027000         2.8000000000         1.4297230954         3.3912969494         2.4277846441
        0.4700038000         2.8000000000         1.4144091342         3.3887450720         2.0288606988
        0.4750027000         2.8000000000         1.4475893834         3.4015044592         2.8931959137
        0.4800028000         2.8000000000         1.4220661148         3.4066082142         2.2283226715
        0.4850017000         2.8000000000         1.4220661148         3.4168157240         2.2283226715
        0.4900043000         2.8000000000         1.4220661148         3.4244713564         2.2283226715
        0.4950042000         2.8000000000         1.4169614611         3.4270232338         2.0953480230
        0.5000041000         2.8000000000         1.4297230954         3.4499901310         2.4277846441
        0.5050024000         2.8000000000         1.4271707685         3.4525420084         2.3612973199
        0.5100029000         2.8000000000         1.4118568074         3.4550938859         1.9623733746
        0.5150024000         2.8000000000         1.4246184417         3.4857164154         2.2948099957
        0.5200029000         2.8000000000         1.4297230954         3.4857164154         2.4277846441
        0.5250031000         2.8000000000         1.4297230954         3.4933720478         2.4277846441
        0.5300028000         2.8000000000         1.4246184417         3.4959239252         2.2948099957
        0.5350022000         2.8000000000         1.4220661148         3.5035795576         2.2283226715
        0.5400026000         2.8000000000         1.4246184417         3.5112351900         2.2948099957
        0.5450030000         2.8000000000         1.4526940371         3.5290983322         3.0261705622
        0.5500029000         2.8000000000         1.4220661148         3.5316502097         2.2283226715
        0.5550015000         2.8000000000         1.4195137880         3.5393058420         2.1618353472
        0.5600038000         2.8000000000         1.4246184417         3.5469614744         2.2948099957
        0.5650024000         2.8000000000         1.4322754222         3.5648246166         2.4942719684
        0.5700024000         2.8000000000         1.4220661148         3.5597208617         2.2283226715
        0.5750026000         2.8000000000         1.4246184417         3.5750321265         2.2948099957
        0.5800034000         2.8000000000         1.4297230954         3.5903433912         2.4277846441
        0.5850143000         2.8000000000         1.4271707685         3.5928952687         2.3612973199
        0.5900042000         2.8000000000         1.4246184417         3.5954471461         2.2948099957
        0.5950067000         2.8000000000         1.4246184417         3.6107584109         2.2948099957
        0.6000034000         2.8000000000         1.4246184417         3.6184140433         2.2948099957
        0.6050018000         2.8000000000         1.4220661148         3.6286215531         2.2283226715
        0.6100853000         2.8000000000         1.4297230954         3.6388290629         2.4277846441
        0.6150036000         2.8000000000         1.4373800759         3.6541403277         2.6272466168
        0.6200015000         2.8000000000         1.4195137880         3.6464846953         2.1618353472
        0.6250053000         2.8000000000         1.4220661148         3.6643478375         2.2283226715
        0.6300028000         2.8000000000         1.4373800759         3.6822109797         2.6272466168
        0.6350028000         2.8000000000         1.4220661148         3.6822109797         2.2283226715
        0.6400022000         2.8000000000         1.4246184417         3.6898666121         2.2948099957
        0.6450057000         2.8000000000         1.4220661148         3.7000741219         2.2283226715
        0.6500048000         2.8000000000         1.3990951731         3.7051778769         1.6299367534
        0.6550035000         2.8000000000         1.4246184417         3.7230410191         2.2948099957
        0.6600030000         2.8000000000         1.4169614611         3.7204891416         2.0953480230
        0.6650024000         2.8000000000         1.4271707685         3.7409041613         2.3612973199
        0.6700061000         2.8000000000         1.4271707685         3.7511116711         2.3612973199
        0.6750042000         2.8000000000         1.4169614611         3.7460079162         2.0953480230
        0.6800033000         2.8000000000         1.4322754222         3.7664229359         2.4942719684
        0.6850025000         2.8000000000         1.4195137880         3.7613191810         2.1618353472
        0.6902246000         2.8000000000         1.4195137880         3.7766304457         2.1618353472
        0.6950030000         2.8000000000         1.4271707685         3.7919417105         2.3612973199
        0.7000023000         2.8000000000         1.4169614611         3.7893898330         2.0953480230
        0.7050034000         2.8000000000         1.4169614611         3.8021492203         2.0953480230
        0.7100030000         2.8000000000         1.4144091342         3.8098048527         2.0288606988
        0.7150033000         2.8000000000         1.4195137880         3.8174604851         2.1618353472
        0.7200016000         2.8000000000         1.4144091342         3.8276679949         2.0288606988
        0.7250035000         2.8000000000         1.4195137880         3.8327717498         2.1618353472
        0.7300018000         2.8000000000         1.4195137880         3.8506348920         2.1618353472
        0.7350054000         2.8000000000         1.4169614611         3.8480830146         2.0953480230
        0.7400037000         2.8000000000         1.4246184417         3.8633942793         2.2948099957
        0.7450029000         2.8000000000         1.4067521537         3.8608424019         1.8293987261
        0.7500016000         2.8000000000         1.4195137880         3.8761536666         2.1618353472
        0.7550023000         2.8000000000         1.4195137880         3.8787055441         2.1618353472
        0.7600033000         2.8000000000         1.4220661148         3.8965686863         2.2283226715
        0.7650030000         2.8000000000         1.4169614611         3.8965686863         2.0953480230
        0.7700016000         2.8000000000         1.4093044805         3.8965686863         1.8958860503
        0.7750034000         2.8000000000         1.4169614611         3.9144318285         2.0953480230
        0.7800025000         2.8000000000         1.4169614611         3.9195355834         2.0953480230
        0.7850022000         2.8000000000         1.4144091342         3.9271912158         2.0288606988
        0.7900021000         2.8000000000         1.4348277491         3.9399506031         2.5607592926
        0.7950034000         2.8000000000         1.4144091342         3.9450543580         2.0288606988
        0.8000017000         2.8000000000         1.4195137880         3.9578137453         2.1618353472
        0.8050038000         2.8000000000         1.4195137880         3.9680212551         2.1618353472
        0.8100033000         2.8000000000         1.4118568074         3.9603656228         1.9623733746
        0.8150042000         2.8000000000         1.4093044805         3.9756768875         1.8958860503
        0.8200025000         2.8000000000         1.3965428462         3.9833325199         1.5634494292
        0.8250045000         2.8000000000         1.4118568074         3.9909881523         1.9623733746
        0.8300034000         2.8000000000         1.4169614611         3.9960919072         2.0953480230
        0.8350030000         2.8000000000         1.4169614611         4.0114031719         2.0953480230
        0.8400024000         2.8000000000         1.4067521537         4.0088512945         1.8293987261
        0.8450029000         2.8000000000         1.4067521537         4.0114031719         1.8293987261
        0.8500023000         2.8000000000         1.4118568074         4.0267144367         1.9623733746
        0.8550024000         2.8000000000         1.4144091342         4.0343700691         2.0288606988
        0.8600037000         2.8000000000         1.4118568074         4.0420257015         1.9623733746
        0.8650037000         2.8000000000         1.4118568074         4.0522332113         1.9623733746
        0.8700018000         2.8000000000         1.4093044805         4.0573369662         1.8958860503
        0.8750027000         2.8000000000         1.4195137880         4.0726482310         2.1618353472
        0.8800016000         2.8000000000         1.4118568074         4.0726482310         1.9623733746
        0.8850024000         2.8000000000         1.4195137880         4.0803038633         2.1618353472
        0.8900015000         2.8000000000         1.3990951731         4.0854076183         1.6299367534
        0.8950254000         2.8000000000         1.4246184417         4.1032707605         2.2948099957
        0.9000025000         2.8000000000         1.4118568074         4.1032707605         1.9623733746
        0.9050055000         2.8000000000         1.4169614611         4.1134782703         2.0953480230
        0.9100040000         2.8000000000         1.4195137880         4.1185820252         2.1618353472
        0.9150047000         2.8000000000         1.4246184417         4.1338932900         2.2948099957
        0.9200035000         2.8000000000         1.4220661148         4.1441007998         2.2283226715
        0.9250042000         2.8000000000         1.4220661148         4.1517564322         2.2283226715
        0.9300017000         2.8000000000         1.4322754222         4.1543083097         2.4942719684
        0.9350031000         2.8000000000         1.4144091342         4.1568601871         2.0288606988
        0.9400035000         2.8000000000         1.4169614611         4.1696195744         2.0953480230
        0.9450033000         2.8000000000         1.4093044805         4.1721714519         1.8958860503
        0.9500018000         2.8000000000         1.4220661148         4.1925864715         2.2283226715
        0.9550025000         2.8000000000         1.4144091342         4.1951383490         2.0288606988
        0.9600034000         2.8000000000         1.4144091342         4.1976902265         2.0288606988
        0.9650030000         2.8000000000         1.4246184417         4.2181052461         2.2948099957
        0.9700014000         2.8000000000         1.4093044805         4.2130014912         1.8958860503
        0.9750054000         2.8000000000         1.4169614611         4.2283127560         2.0953480230
        0.9800049000         2.8000000000         1.4169614611         4.2359683883         2.0953480230
        0.9850031000         2.8000000000         1.4246184417         4.2436240207         2.2948099957
        0.9900056000         2.8000000000         1.4195137880         4.2563834080         2.1618353472
        0.9950049000         2.8000000000         1.4271707685         4.2640390404         2.3612973199
        1.0000039000         2.8000000000         1.4144091342         4.2640390404         2.0288606988
        1.0050046000         2.8000000000         1.4144091342         4.2716946728         2.0288606988
        1.0100032000         2.8000000000         1.4220661148         4.2844540601         2.2283226715
        1.0150030000         2.8000000000         1.4373800759         4.2921096924         2.6272466168
        1.0200059000         2.8000000000         1.4220661148         4.3099728347         2.2283226715
        1.0250062000         2.8000000000         1.4144091342         4.3074209572         2.0288606988
        1.0300042000         2.8000000000         1.4297230954         4.3278359769         2.4277846441
        1.0350064000         2.8000000000         1.4144091342         4.3227322219         2.0288606988
        1.0400030000         2.8000000000         1.4271707685         4.3431472416         2.3612973199
        1.0450039000         2.8000000000         1.4220661148         4.3456991191         2.2283226715
        1.0500061000         2.8000000000         1.4016475000         4.3508028740         1.6964240776
        1.0550022000         2.8000000000         1.4144091342         4.3610103838         2.0288606988
        1.0600035000         2.8000000000         1.4220661148         4.3712178937         2.2283226715
        1.0650018000         2.8000000000         1.4169614611         4.3814254035         2.0953480230
        1.0700039000         2.8000000000         1.4271707685         4.3941847908         2.3612973199
        1.0750033000         2.8000000000         1.4093044805         4.3890810359         1.8958860503
        1.0800029000         2.8000000000         1.4220661148         4.4043923006         2.2283226715
        1.0850018000         2.8000000000         1.4220661148         4.4145998105         2.2283226715
        1.0900024000         2.8000000000         1.4144091342         4.4171516879         2.0288606988
        1.0950031000         2.8000000000         1.4195137880         4.4299110752         2.1618353472
        1.1000050000         2.8000000000         1.4144091342         4.4350148301         2.0288606988
        1.1050032000         2.8000000000         1.4195137880         4.4503260949         2.1618353472
        1.1100059000         2.8000000000         1.4220661148         4.4579817273         2.2283226715
        1.1150044000         2.8000000000         1.4220661148         4.4656373597         2.2283226715
        1.1200040000         2.8000000000         1.4297230954         4.4809486244         2.4277846441
        1.1250030000         2.8000000000         1.4144091342         4.4783967469         2.0288606988
        1.1300041000         2.8000000000         1.4169614611         4.4860523793         2.0953480230
        1.1350049000         2.8000000000         1.4246184417         4.5039155215         2.2948099957
        1.1400031000         2.8000000000         1.4169614611         4.5039155215         2.0953480230
        1.1450067000         2.8000000000         1.4169614611         4.5141230314         2.0953480230
        1.1500053000         2.8000000000         1.4297230954         4.5345380510         2.4277846441
        1.1550105000         2.8000000000         1.4297230954         4.5421936834         2.4277846441
        1.1600361000         2.8000000000         1.4271707685         4.5472974383         2.3612973199
        1.1650094000         2.8000000000         1.4220661148         4.5549530707         2.2283226715
        1.1700052000         2.8000000000         1.4169614611         4.5575049482         2.0953480230
        1.1750047000         2.8000000000         1.4246184417         4.5753680904         2.2948099957
        1.1800042000         2.8000000000         1.4220661148         4.5830237228         2.2283226715
        1.1850022000         2.8000000000         1.4220661148         4.5906793551         2.2283226715
        1.1900034000         2.8000000000         1.4246184417         4.5983349875         2.2948099957
        1.1950031000         2.8000000000         1.4297230954         4.6110943748         2.4277846441
        1.2000043000         2.8000000000         1.4297230954         4.6238537621         2.4277846441
        1.2050029000         2.8000000000         1.4220661148         4.6238537621         2.2283226715
        1.2100051000         2.8000000000         1.4195137880         4.6289575170         2.1618353472
        1.2150064000         2.8000000000         1.4246184417         4.6442687818         2.2948099957
        1.2200051000         2.8000000000         1.4271707685         4.6570281691         2.3612973199
        1.2250043000         2.8000000000         1.4169614611         4.6544762916         2.0953480230
        1.2300050000         2.8000000000         1.4144091342         4.6672356789         2.0288606988
        1.2350045000         2.8000000000         1.4297230954         4.6902025760         2.4277846441
        1.2400045000         2.8000000000         1.4373800759         4.6953063310         2.6272466168
        1.2450039000         2.8000000000         1.4220661148         4.6927544535         2.2283226715
        1.2500031000         2.8000000000         1.4297230954         4.7157213506         2.4277846441
        1.2550023000         2.8000000000         1.4220661148         4.7131694732         2.2283226715
        1.2600035000         2.8000000000         1.4322754222         4.7284807379         2.4942719684
        1.2650022000         2.8000000000         1.4475893834         4.7437920027         2.8931959137
        1.2700033000         2.8000000000         1.4373800759         4.7514476351         2.6272466168
        1.2750031000         2.8000000000         1.4220661148         4.7514476351         2.2283226715
        1.2800025000         2.8000000000         1.4348277491         4.7693107773         2.5607592926
        1.2850030000         2.8000000000         1.4322754222         4.7820701646         2.4942719684
        1.2900023000         2.8000000000         1.4220661148         4.7795182871         2.2283226715
        1.2950030000         2.8000000000         1.4016475000         4.7922776744         1.6964240776
        1.3000022000         2.8000000000         1.4144091342         4.7948295519         2.0288606988
        1.3050031000         2.8000000000         1.4297230954         4.8126926941         2.4277846441
        1.3100036000         2.8000000000         1.4271707685         4.8280039588         2.3612973199
        1.3150031000         2.8000000000         1.4169614611         4.8254520814         2.0953480230
        1.3200020000         2.8000000000         1.4322754222         4.8433152236         2.4942719684
        1.3250038000         2.8000000000         1.4246184417         4.8509708560         2.2948099957
        1.3300029000         2.8000000000         1.4271707685         4.8586264883         2.3612973199
        1.3350029000         2.8000000000         1.4373800759         4.8739377531         2.6272466168
        1.3400017000         2.8000000000         1.4118568074         4.8713858756         1.9623733746
        1.3450033000         2.8000000000         1.4220661148         4.8841452629         2.2283226715
        1.3500023000         2.8000000000         1.4220661148         4.8943527728         2.2283226715
        1.3550037000         2.8000000000         1.4246184417         4.9096640375         2.2948099957
        1.3600036000         2.8000000000         1.4093044805         4.9045602826         1.8958860503
        1.3650056000         2.8000000000         1.4118568074         4.9147677924         1.9623733746
        1.3700039000         2.8000000000         1.4195137880         4.9351828121         2.1618353472
        1.3750036000         2.8000000000         1.4246184417         4.9453903219         2.2948099957
        1.3800028000         2.8000000000         1.4118568074         4.9504940769         1.9623733746
        1.3850024000         2.8000000000         1.4169614611         4.9555978318         2.0953480230
        1.3900021000         2.8000000000         1.4093044805         4.9632534642         1.8958860503
        1.3950034000         2.8000000000         1.4118568074         4.9709090965         1.9623733746
        1.4000024000         2.8000000000         1.4169614611         4.9785647289         2.0953480230
        1.4050030000         2.8000000000         1.4169614611         4.9811166064         2.0953480230
        1.4100034000         2.8000000000         1.4093044805         4.9938759937         1.8958860503
        1.4150057000         2.8000000000         1.4169614611         4.9964278711         2.0953480230
        1.4200017000         2.8000000000         1.4220661148         5.0117391359         2.2283226715
        1.4250034000         2.8000000000         1.4144091342         5.0066353810         2.0288606988
        1.4300041000         2.8000000000         1.4169614611         5.0066353810         2.0953480230
        1.4350042000         2.8000000000         1.4195137880         5.0091872584         2.1618353472
        1.4400015000         2.8000000000         1.4093044805         5.0015316260         1.8958860503
        1.4450034000         2.8000000000         1.4067521537         5.0015316260         1.8293987261
        1.4500018000         2.8000000000         1.4246184417         5.0117391359         2.2948099957
        1.4550035000         2.8000000000         1.4246184417         5.0142910133         2.2948099957
        1.4600037000         2.8000000000         1.4093044805         4.9989797486         1.8958860503
        1.4650041000         2.8000000000         1.4144091342         5.0066353810         2.0288606988
        1.4700018000         2.8000000000         1.4220661148         5.0040835035         2.2283226715
        1.4750037000         2.8000000000         1.4144091342         5.0066353810         2.0288606988
        1.4800026000         2.8000000000         1.4322754222         5.0066353810         2.4942719684
        1.4850024000         2.8000000000         1.4144091342         5.0040835035         2.0288606988
        1.4900015000         2.8000000000         1.4169614611         4.9964278711         2.0953480230
        1.4950067000         2.8000000000         1.4246184417         1.1201260109         2.2948099957
        1.5000033000         2.8000000000         1.4169614611         1.1099185011         2.0953480230
        1.5050029000         2.8000000000         1.4246184417         1.1175741334         2.2948099957
        1.5100035000         2.8000000000         1.4169614611         1.1150222560         2.0953480230
        1.5150031000         2.8000000000         1.4144091342         1.1073666236         2.0288606988
        1.5200023000         2.8000000000         1.4246184417         1.1175741334         2.2948099957
        1.5250029000         2.8000000000         1.4271707685         1.0971591138         2.3612973199
        1.5300018000         2.8000000000         1.4118568074         0.0253705810         1.9623733746
        1.5350034000         2.8000000000         1.4118568074        -0.0027000711         1.9623733746
        1.5400028000         2.8000000000         1.4144091342         0.0024036839         2.0288606988
        1.5450038000         2.8000000000         1.4169614611         0.0024036839         2.0953480230
        1.5500025000         2.8000000000         1.4246184417         0.0100593162         2.2948099957
        1.5550015000         2.8000000000         1.4220661148         0.0024036839         2.2283226715
        1.5600035000         2.8000000000         1.4144091342        -0.0027000711         2.0288606988
        1.5650026000         2.8000000000         1.4169614611        -0.0001481936         2.0953480230
        1.5700031000         2.8000000000         1.4169614611         0.0024036839         2.0953480230
        1.5750030000         2.8000000000         1.4169614611        -0.0052519485         2.0953480230
        1.5800114000         2.8000000000         1.4220661148         0.0024036839         2.2283226715
        1.5850043000         2.8000000000         1.4195137880         0.0024036839         2.1618353472
        1.5900126000         2.8000000000         1.4271707685         0.0100593162         2.3612973199
        1.5950080000         2.8000000000         1.4169614611        -0.0052519485         2.0953480230
        1.6000121000         2.8000000000         1.4195137880        -0.0027000711         2.1618353472
        1.6050103000         2.8000000000         1.4195137880         0.0126111937         2.1618353472
        1.6100125000         2.8000000000         1.4220661148         0.0202668261         2.2283226715
        1.6150102000         2.8000000000         1.4169614611         0.0202668261         2.0953480230
        1.6200070000         2.8000000000         1.4271707685         0.0432337232         2.3612973199
        1.6250119000         2.8000000000         1.4195137880         0.0381299683         2.1618353472
        1.6300075000         2.8000000000         1.4246184417         0.0534412330         2.2948099957
        1.6350142000         2.8000000000         1.4297230954         0.0713043752         2.4277846441
        1.6400105000         2.8000000000         1.4246184417         0.0789600076         2.2948099957
        1.6450102000         2.8000000000         1.4220661148         0.0789600076         2.2283226715
        1.6500088000         2.8000000000         1.4220661148         0.0891675175         2.2283226715
        1.6550163000         2.8000000000         1.4271707685         0.1044787822         2.3612973199
        1.6600115000         2.8000000000         1.4195137880         0.1070306597         2.1618353472
        1.6650320000         2.8000000000         1.4246184417         0.1146862920         2.2948099957
        1.6700133000         2.8000000000         1.4144091342         0.1197900470         2.0288606988
        1.6750076000         2.8000000000         1.4246184417         0.1351013117         2.2948099957
        1.6800085000         2.8000000000         1.4271707685         0.1478606990         2.3612973199
        1.6850093000         2.8000000000         1.4271707685         0.1504125765         2.3612973199
        1.6900053000         2.8000000000         1.4297230954         0.1657238412         2.4277846441
        1.6950053000         2.8000000000         1.4297230954         0.1733794736         2.4277846441
        1.7000479000         2.8000000000         1.4195137880         0.1733794736         2.1618353472
        1.7050044000         2.8000000000         1.4169614611         0.1810351060         2.0953480230
        1.7100044000         2.8000000000         1.4348277491         0.1963463707         2.5607592926
        1.7150074000         2.8000000000         1.4220661148         0.2014501257         2.2283226715
        1.7200056000         2.8000000000         1.4169614611         0.2091057580         2.0953480230
        1.7250050000         2.8000000000         1.4195137880         0.2244170228         2.1618353472
        1.7300063000         2.8000000000         1.4169614611         0.2269689002         2.0953480230
        1.7350060000         2.8000000000         1.4195137880         0.2371764101         2.1618353472
        1.7400045000         2.8000000000         1.4144091342         0.2448320425         2.0288606988
        1.7450060000         2.8000000000         1.4195137880         0.2550395523         2.1618353472
        1.7500044000         2.8000000000         1.4322754222         0.2780064494         2.4942719684
        1.7550020000         2.8000000000         1.4169614611         0.2729026945         2.0953480230
        1.7600046000         2.8000000000         1.4322754222         0.2882139593         2.4942719684
        1.7650032000         2.8000000000         1.4297230954         0.3060771015         2.4277846441
        1.7700028000         2.8000000000         1.4297230954         0.3137327338         2.4277846441
        1.7750031000         2.8000000000         1.4322754222         0.3213883662         2.4942719684
        1.7800022000         2.8000000000         1.4169614611         0.3188364888         2.0953480230
        1.7850015000         2.8000000000         1.4169614611         0.3264921211         2.0953480230
        1.7900025000         2.8000000000         1.4195137880         0.3418033859         2.1618353472
        1.7950034000         2.8000000000         1.4246184417         0.3418033859         2.2948099957
        1.8000065000         2.8000000000         1.4220661148         0.3596665281         2.2283226715
        1.8050046000         2.8000000000         1.4271707685         0.3698740379         2.3612973199
        1.8100043000         2.8000000000         1.4169614611         0.3775296703         2.0953480230
        1.8150018000         2.8000000000         1.4246184417         0.3851853027         2.2948099957
        1.8200056000         2.8000000000         1.4271707685         0.4004965675         2.3612973199
        1.8250041000         2.8000000000         1.4246184417         0.4107040773         2.2948099957
        1.8300036000         2.8000000000         1.4041998268         0.4107040773         1.7629114019
        1.8350017000         2.8000000000         1.4169614611         0.4158078322         2.0953480230
        1.8400044000         2.8000000000         1.4271707685         0.4311190970         2.3612973199
        1.8450049000         2.8000000000         1.4195137880         0.4336709744         2.1618353472
        1.8500031000         2.8000000000         1.4195137880         0.4438784843         2.1618353472
        1.8550020000         2.8000000000         1.4297230954         0.4566378716         2.4277846441
        1.8600033000         2.8000000000         1.4220661148         0.4668453814         2.2283226715
        1.8650017000         2.8000000000         1.4348277491         0.4796047687         2.5607592926
        1.8700038000         2.8000000000         1.4271707685         0.4847085236         2.3612973199
        1.8750036000         2.8000000000         1.4424847297         0.4923641560         2.7602212653
        1.8800052000         2.8000000000         1.4220661148         0.4974679109         2.2283226715
        1.8850030000         2.8000000000         1.4373800759         0.5178829306         2.6272466168
        1.8900022000         2.8000000000         1.4220661148         0.5153310531         2.2283226715
        1.8950031000         2.8000000000         1.4348277491         0.5331941953         2.5607592926
        1.9000051000         2.8000000000         1.4297230954         0.5434017052         2.4277846441
        1.9050040000         2.8000000000         1.4322754222         0.5510573375         2.4942719684
        1.9100107000         2.8000000000         1.4322754222         0.5612648474         2.4942719684
        1.9150034000         2.8000000000         1.4271707685         0.5663686023         2.3612973199
        1.9200049000         2.8000000000         1.4246184417         0.5740242347         2.2948099957
        1.9250038000         2.8000000000         1.4271707685         0.5867836220         2.3612973199
        1.9300044000         2.8000000000         1.4220661148         0.5944392543         2.2283226715
        1.9350046000         2.8000000000         1.4271707685         0.6020948867         2.3612973199
        1.9400063000         2.8000000000         1.4246184417         0.6174061515         2.2948099957
        1.9450040000         2.8000000000         1.4399324028         0.6199580289         2.6937339410
        1.9500033000         2.8000000000         1.4297230954         0.6378211711         2.4277846441
        1.9550024000         2.8000000000         1.4246184417         0.6378211711         2.2948099957
        1.9600032000         2.8000000000         1.4348277491         0.6556843134         2.5607592926
        1.9650015000         2.8000000000         1.4195137880         0.6582361908         2.1618353472
        1.9700031000         2.8000000000         1.4220661148         0.6684437007         2.2283226715
        1.9750060000         2.8000000000         1.4271707685         0.6837549654         2.3612973199
        1.9800043000         2.8000000000         1.4271707685         0.6939624752         2.3612973199
        1.9850047000         2.8000000000         1.4271707685         0.6990662302         2.3612973199
        1.9900036000         2.8000000000         1.4246184417         0.7118256175         2.2948099957
        1.9950037000         2.8000000000         1.4246184417         0.7194812498         2.2948099957
        2.0000063000         2.8000000000         1.4220661148         0.7245850047         2.2283226715
        2.0050061000         2.8000000000         1.4271707685         0.7373443920         2.3612973199
        2.0100051000         2.8000000000         1.4169614611         0.7424481470         2.0953480230
        2.0150063000         2.8000000000         1.4271707685         0.7501037793         2.3612973199
        2.0200040000         2.8000000000         1.4297230954         0.7654150441         2.4277846441
        2.0250060000         2.8000000000         1.4297230954         0.7781744314         2.4277846441
        2.0300036000         2.8000000000         1.4195137880         0.7756225539         2.1618353472
        2.0350058000         2.8000000000         1.4246184417         0.7909338187         2.2948099957
        2.0400035000         2.8000000000         1.4297230954         0.8062450834         2.4277846441
        2.0450054000         2.8000000000         1.4195137880         0.8087969609         2.1618353472
        2.0500048000         2.8000000000         1.4348277491         0.8215563482         2.5607592926
        2.0550059000         2.8000000000         1.4220661148         0.8266601031         2.2283226715
        2.0600191000         2.8000000000         1.4246184417         0.8343157355         2.2948099957
        2.0650058000         2.8000000000         1.4169614611         0.8445232453         2.0953480230
        2.0700057000         2.8000000000         1.4220661148         0.8521788777         2.2283226715
        2.0750047000         2.8000000000         1.4144091342         0.8547307552         2.0288606988
        2.0800031000         2.8000000000         1.4322754222         0.8751457748         2.4942719684
        2.0850064000         2.8000000000         1.4220661148         0.8802495297         2.2283226715
        2.0900034000         2.8000000000         1.4348277491         0.8930089170         2.5607592926
        2.0950057000         2.8000000000         1.4246184417         0.9032164269         2.2948099957
        2.1000045000         2.8000000000         1.4169614611         0.8981126720         2.0953480230
        2.1050033000         2.8000000000         1.4169614611         0.9134239367         2.0953480230
        2.1100035000         2.8000000000         1.4169614611         0.9236314466         2.0953480230
        2.1150046000         2.8000000000         1.4271707685         0.9389427113         2.3612973199
        2.1200040000         2.8000000000         1.4246184417         0.9363908338         2.2948099957
        2.1250070000         2.8000000000         1.4220661148         0.9491502211         2.2283226715
        2.1300061000         2.8000000000         1.4246184417         0.9619096084         2.2948099957
        2.1350039000         2.8000000000         1.4169614611         0.9619096084         2.0953480230
        2.1400051000         2.8000000000         1.4220661148         0.9721171183         2.2283226715
        2.1450040000         2.8000000000         1.4169614611         0.9797727506         2.0953480230
        2.1500029000         2.8000000000         1.4220661148         0.9899802605         2.2283226715
        2.1550034000         2.8000000000         1.4246184417         1.0052915252         2.2948099957
        2.1600063000         2.8000000000         1.4169614611         1.0001877703         2.0953480230
        2.1650069000         2.8000000000         1.4144091342         1.0103952802         2.0288606988
        2.1700080000         2.8000000000         1.4220661148         1.0206027900         2.2283226715
        2.1750112000         2.8000000000         1.4220661148         1.0333621773         2.2283226715
        2.1801510000         2.8000000000         1.4144091342         1.0410178097         2.0288606988
        2.1850061000         2.8000000000         1.4169614611         1.0486734420         2.0953480230
        2.1902065000         2.8000000000         1.4016475000         1.0563290744         1.6964240776
        2.1950045000         2.8000000000         1.4246184417         1.0716403392         2.2948099957
        2.2001419000         2.8000000000         1.4271707685         1.0792959716         2.3612973199
        2.2050045000         2.8000000000         1.4144091342         1.0818478490         2.0288606988
        2.2100042000         2.8000000000         1.4297230954         1.0971591138         2.4277846441
        2.2150033000         2.8000000000         1.4169614611         1.0997109912         2.0953480230
        2.2200047000         2.8000000000         1.4169614611         1.1048147461         2.0953480230
        2.2250038000         2.8000000000         1.4093044805         1.1073666236         1.8958860503
        2.2300046000         2.8000000000         1.4144091342         1.1175741334         2.0288606988
        2.2350048000         2.8000000000         1.4220661148         1.1379891531         2.2283226715
        2.2400046000         2.8000000000         1.4195137880         1.1379891531         2.1618353472
        2.2450031000         2.8000000000         1.4169614611         1.1456447855         2.0953480230
        2.2500045000         2.8000000000         1.4144091342         1.1533004179         2.0288606988
        2.2550029000         2.8000000000         1.4220661148         1.1660598052         2.2283226715
        2.2600076000         2.8000000000         1.4118568074         1.1635079277         1.9623733746
        2.2650036000         2.8000000000         1.4144091342         1.1711635601         2.0288606988
        2.2700049000         2.8000000000         1.4169614611         1.1864748248         2.0953480230
        2.2750905000         2.8000000000         1.4220661148         1.2017860896         2.2283226715
        2.2800101000         2.8000000000         1.4220661148         1.2094417220         2.2283226715
        2.2850082000         2.8000000000         1.4169614611         1.2068898445         2.0953480230
        2.2900083000         2.8000000000         1.4144091342         1.2145454769         2.0288606988
        2.2953049000         2.8000000000         1.4220661148         1.2247529867         2.2283226715
        2.3000432000         2.8000000000         1.4220661148         1.2375123740         2.2283226715
        2.3050037000         2.8000000000         1.4169614611         1.2400642515         2.0953480230
        2.3100049000         2.8000000000         1.4271707685         1.2477198838         2.3612973199
        2.3150063000         2.8000000000         1.4144091342         1.2528236388         2.0288606988
        2.3200066000         2.8000000000         1.4220661148         1.2655830261         2.2283226715
        2.3250069000         2.8000000000         1.4144091342         1.2732386584         2.0288606988
        2.3300069000         2.8000000000         1.4246184417         1.2885499232         2.2948099957
        2.3350042000         2.8000000000         1.4169614611         1.2911018006         2.0953480230
        2.3400078000         2.8000000000         1.4118568074         1.2936536781         1.9623733746
        2.3450061000         2.8000000000         1.4246184417         1.3064130654         2.2948099957
        2.3500061000         2.8000000000         1.4144091342         1.3140686978         2.0288606988
        2.3550061000         2.8000000000         1.4195137880         1.3293799625         2.1618353472
        2.3600060000         2.8000000000         1.4169614611         1.3242762076         2.0953480230
        2.3650052000         2.8000000000         1.4118568074         1.3344837175         1.9623733746
        2.3700059000         2.8000000000         1.4246184417         1.3446912273         2.2948099957
        2.3750058000         2.8000000000         1.4220661148         1.3600024920         2.2283226715
        2.3800059000         2.8000000000         1.4169614611         1.3625543695         2.0953480230
        2.3850042000         2.8000000000         1.4144091342         1.3651062470         2.0288606988
        2.3900149000         2.8000000000         1.4195137880         1.3753137568         2.1618353472
        2.3950043000         2.8000000000         1.4169614611         1.3880731441         2.0953480230
        2.4000159000         2.8000000000         1.4118568074         1.3880731441         1.9623733746
        2.4050058000         2.8000000000         1.4144091342         1.4008325314         2.0288606988
        2.4100127000         2.8000000000         1.4144091342         1.4059362863         2.0288606988
        2.4150095000         2.8000000000         1.4144091342         1.4186956736         2.0288606988
        2.4200168000         2.8000000000         1.4118568074         1.4263513060         1.9623733746
        2.4250064000         2.8000000000         1.4093044805         1.4314550609         1.8958860503
        2.4300110000         2.8000000000         1.4093044805         1.4365588158         1.8958860503
        2.4350031000         2.8000000000         1.4195137880         1.4569738355         2.1618353472
        2.4400045000         2.8000000000         1.4246184417         1.4569738355         2.2948099957
        2.4450040000         2.8000000000         1.4118568074         1.4646294679         1.9623733746
        2.4500046000         2.8000000000         1.4118568074         1.4722851002         1.9623733746
        2.4550047000         2.8000000000         1.4093044805         1.4799407326         1.8958860503
        2.4600041000         2.8000000000         1.4169614611         1.4927001199         2.0953480230
        2.4650047000         2.8000000000         1.4169614611         1.5029076297         2.0953480230
        2.4700047000         2.8000000000         1.4041998268         1.4978038748         1.7629114019
        2.4750052000         2.8000000000         1.4093044805         1.5105632621         1.8958860503
        2.4800047000         2.8000000000         1.4093044805         1.5156670170         1.8958860503
        2.4850048000         2.8000000000         1.4195137880         1.5309782818         2.1618353472
        2.4900062000         2.8000000000         1.4093044805         1.5335301593         1.8958860503
        2.4950052000         2.8000000000         1.4041998268         1.5335301593         1.7629114019
        2.5000059000         2.8000000000         1.4144091342         1.5539451789         2.0288606988
        2.5052828000         2.8000000000         1.4169614611         1.5616008113         2.0953480230
        2.5100033000         2.8000000000         1.4144091342         1.5616008113         2.0288606988
        2.5150060000         2.8000000000         1.4093044805         1.5692564437         1.8958860503
        2.5200060000         2.8000000000         1.4144091342         1.5769120761         2.0288606988
        2.5250055000         2.8000000000         1.4144091342         1.5896714634         2.0288606988
        2.5300063000         2.8000000000         1.4067521537         1.5871195859         1.8293987261
        2.5350043000         2.8000000000         1.4067521537         1.5998789732         1.8293987261
        2.5400068000         2.8000000000         1.4118568074         1.6126383605         1.9623733746
        2.5450083000         2.8000000000         1.4093044805         1.6151902379         1.8958860503
        2.5500055000         2.8000000000         1.4067521537         1.6151902379         1.8293987261
        2.5550085000         2.8000000000         1.4144091342         1.6305015027         2.0288606988
        2.5600076000         2.8000000000         1.4093044805         1.6381571351         1.8958860503
        2.5650134000         2.8000000000         1.4118568074         1.6432608900         1.9623733746
        2.5700069000         2.8000000000         1.4067521537         1.6458127674         1.8293987261
        2.5750121000         2.8000000000         1.4169614611         1.6611240322         2.0953480230
        2.5800068000         2.8000000000         1.4067521537         1.6662277871         1.8293987261
        2.5850068000         2.8000000000         1.3863335388         1.6687796646         1.2975001323
        2.5900079000         2.8000000000         1.4067521537         1.6738834195         1.8293987261
        2.5950042000         2.8000000000         1.4144091342         1.6891946843         2.0288606988
        2.6000099000         2.8000000000         1.4169614611         1.7019540715         2.0953480230
        2.6050160000         2.8000000000         1.4093044805         1.7019540715         1.8958860503
        2.6100030000         2.8000000000         1.4067521537         1.7045059490         1.8293987261
        2.6150046000         2.8000000000         1.4093044805         1.7172653363         1.8958860503
        2.6200072000         2.8000000000         1.4093044805         1.7249209687         1.8958860503
        2.6250138000         2.8000000000         1.4067521537         1.7300247236         1.8293987261
        2.6300061000         2.8000000000         1.4144091342         1.7478878658         2.0288606988
        2.6350151000         2.8000000000         1.4093044805         1.7427841109         1.8958860503
        2.6400034000         2.8000000000         1.4093044805         1.7529916207         1.8958860503
        2.6450056000         2.8000000000         1.4067521537         1.7555434982         1.8293987261
        2.6500039000         2.8000000000         1.4144091342         1.7708547629         2.0288606988
        2.6550111000         2.8000000000         1.4067521537         1.7708547629         1.8293987261
        2.6600045000         2.8000000000         1.4144091342         1.7836141502         2.0288606988
        2.6650048000         2.8000000000         1.4195137880         1.7963735375         2.1618353472
        2.6700096000         2.8000000000         1.4067521537         1.7938216601         1.8293987261
        2.6750137000         2.8000000000         1.4067521537         1.8014772924         1.8293987261
        2.6800099000         2.8000000000         1.4169614611         1.8193404347         2.0953480230
        2.6850134000         2.8000000000         1.4195137880         1.8269960670         2.1618353472
        2.6900074000         2.8000000000         1.4144091342         1.8269960670         2.0288606988
        2.6950055000         2.8000000000         1.4220661148         1.8346516994         2.2283226715
        2.7000049000         2.8000000000         1.4169614611         1.8423073318         2.0953480230
        2.7050170000         2.8000000000         1.4169614611         1.8550667191         2.0953480230
        2.7100075000         2.8000000000         1.4016475000         1.8678261064         1.6964240776
        2.7150201000         2.8000000000         1.4144091342         1.8703779838         2.0288606988
        2.7200067000         2.8000000000         1.4067521537         1.8703779838         1.8293987261
        2.7250059000         2.8000000000         1.4169614611         1.8780336162         2.0953480230
        2.7300037000         2.8000000000         1.4169614611         1.8933448810         2.0953480230
        2.7350046000         2.8000000000         1.4118568074         1.8984486359         1.9623733746
        2.7400072000         2.8000000000         1.4220661148         1.9137599006         2.2283226715
        2.7450059000         2.8000000000         1.4144091342         1.9112080232         2.0288606988
        2.7500060000         2.8000000000         1.4093044805         1.9188636556         1.8958860503
        2.7550171000         2.8000000000         1.4246184417         1.9341749203         2.2948099957
        2.7600075000         2.8000000000         1.4118568074         1.9341749203         1.9623733746
        2.7650092000         2.8000000000         1.4195137880         1.9469343076         2.1618353472
        2.7700040000         2.8000000000         1.4297230954         1.9622455724         2.4277846441
        2.7750132000         2.8000000000         1.4144091342         1.9596936949         2.0288606988
        2.7800072000         2.8000000000         1.4195137880         1.9724530822         2.1618353472
        2.7850065000         2.8000000000         1.4169614611         1.9801087146         2.0953480230
        2.7900032000         2.8000000000         1.4169614611         1.9928681019         2.0953480230
        2.7950044000         2.8000000000         1.4220661148         1.9979718568         2.2283226715
        2.8000031000         2.8000000000         1.4195137880         2.0056274892         2.1618353472
        2.8050046000         2.8000000000         1.4118568074         2.0158349990         1.9623733746
        2.8100040000         2.8000000000         1.4169614611         2.0234906314         2.0953480230
        2.8150046000         2.8000000000         1.4169614611         2.0311462638         2.0953480230
        2.8200032000         2.8000000000         1.4271707685         2.0464575285         2.3612973199
        2.8250034000         2.8000000000         1.4246184417         2.0515612834         2.2948099957
        2.8300054000         2.8000000000         1.4246184417         2.0643206707         2.2948099957
        2.8350045000         2.8000000000         1.4297230954         2.0643206707         2.4277846441
        2.8400033000         2.8000000000         1.4246184417         2.0719763031         2.2948099957
        2.8450028000         2.8000000000         1.4093044805         2.0745281806         1.8958860503
        2.8500038000         2.8000000000         1.4118568074         2.0821838129         1.9623733746
        2.8550047000         2.8000000000         1.4093044805         2.0898394453         1.8958860503
        2.8600047000         2.8000000000         1.4093044805         2.1000469552         1.8958860503
        2.8650048000         2.8000000000         1.4246184417         2.1153582199         2.2948099957
        2.8700037000         2.8000000000         1.4195137880         2.1179100974         2.1618353472
        2.8750043000         2.8000000000         1.4195137880         2.1383251170         2.1618353472
        2.8800047000         2.8000000000         1.4195137880         2.1383251170         2.1618353472
        2.8850031000         2.8000000000         1.4118568074         2.1459807494         1.9623733746
        2.8900045000         2.8000000000         1.4246184417         2.1612920142         2.2948099957
        2.8950045000         2.8000000000         1.4169614611         2.1587401367         2.0953480230
        2.9000047000         2.8000000000         1.4118568074         2.1689476465         1.9623733746
        2.9050036000         2.8000000000         1.4246184417         2.1842589113         2.2948099957
        2.9100044000         2.8000000000         1.4297230954         2.1868107888         2.4277846441
        2.9150033000         2.8000000000         1.4093044805         2.1842589113         1.8958860503
        2.9200046000         2.8000000000         1.4271707685         2.2072258084         2.3612973199
        2.9250043000         2.8000000000         1.4169614611         2.2097776859         2.0953480230
        2.9300417000         2.8000000000         1.4118568074         2.2174333183         1.9623733746
        2.9350045000         2.8000000000         1.4118568074         2.2276408281         1.9623733746
        2.9400169000         2.8000000000         1.4118568074         2.2301927056         1.9623733746
        2.9450048000         2.8000000000         1.4144091342         2.2429520929         2.0288606988
        2.9500046000         2.8000000000         1.4144091342         2.2480558478         2.0288606988
        2.9550036000         2.8000000000         1.4067521537         2.2480558478         1.8293987261
        2.9600040000         2.8000000000         1.4220661148         2.2684708674         2.2283226715
        2.9650040000         2.8000000000         1.4118568074         2.2710227449         1.9623733746
        2.9700021000         2.8000000000         1.4169614611         2.2786783773         2.0953480230
        2.9750036000         2.8000000000         1.4118568074         2.2914377646         1.9623733746
        2.9800018000         2.8000000000         1.4144091342         2.2939896420         2.0288606988
        2.9850027000         2.8000000000         1.4067521537         2.2965415195         1.8293987261
        2.9900018000         2.8000000000         1.4118568074         2.3093009068         1.9623733746
        2.9950032000         2.8000000000         1.4093044805         2.3118527843         1.8958860503
        3.0000056000         2.8000000000         1.4144091342         2.3195084166         2.0288606988
        3.0050043000         2.8000000000         1.4169614611         2.3348196814         2.0953480230
        3.0100043000         2.8000000000         1.4144091342         2.3348196814         2.0288606988
        3.0150049000         2.8000000000         1.4169614611         2.3501309461         2.0953480230
        3.0200038000         2.8000000000         1.4246184417         2.3603384560         2.2948099957
        3.0250032000         2.8000000000         1.4118568074         2.3628903334         1.9623733746
        3.0300022000         2.8000000000         1.4297230954         2.3833053531         2.4277846441
        3.0350036000         2.8000000000         1.4220661148         2.3858572306         2.2283226715
        3.0400017000         2.8000000000         1.4246184417         2.3909609855         2.2948099957
        3.0450035000         2.8000000000         1.4271707685         2.4062722502         2.3612973199
        3.0500019000         2.8000000000         1.4169614611         2.4037203728         2.0953480230
        3.0550044000         2.8000000000         1.4169614611         2.4139278826         2.0953480230
        3.0600062000         2.8000000000         1.4220661148         2.4266872699         2.2283226715
        3.0650043000         2.8000000000         1.4169614611         2.4343429023         2.0953480230
        3.0700048000         2.8000000000         1.4220661148         2.4368947797         2.2283226715
        3.0750042000         2.8000000000         1.4220661148         2.4598616769         2.2283226715
        3.0800055000         2.8000000000         1.4118568074         2.4547579220         1.9623733746
        3.0850041000         2.8000000000         1.4169614611         2.4675173092         2.0953480230
        3.0900056000         2.8000000000         1.4220661148         2.4777248191         2.2283226715
        3.0950046000         2.8000000000         1.4118568074         2.4802766965         1.9623733746
        3.1000056000         2.8000000000         1.4169614611         2.4930360838         2.0953480230
        3.1050078000         2.8000000000         1.4220661148         2.4981398388         2.2283226715
        3.1100072000         2.8000000000         1.4144091342         2.5083473486         2.0288606988
        3.1150056000         2.8000000000         1.4195137880         2.5211067359         2.1618353472
        3.1200048000         2.8000000000         1.4169614611         2.5262104908         2.0953480230
        3.1250036000         2.8000000000         1.4271707685         2.5389698781         2.3612973199
        3.1300058000         2.8000000000         1.4169614611         2.5440736330         2.0953480230
        3.1350375000         2.8000000000         1.4220661148         2.5491773879         2.2283226715
        3.1400060000         2.8000000000         1.4195137880         2.5491773879         2.1618353472
        3.1450419000         2.8000000000         1.4195137880         2.5670405302         2.1618353472
        3.1500055000         2.8000000000         1.4169614611         2.5772480400         2.0953480230
        3.1550039000         2.8000000000         1.4220661148         2.5900074273         2.2283226715
        3.1600084000         2.8000000000         1.4246184417         2.5976630597         2.2948099957
        3.1650589000         2.8000000000         1.4220661148         2.6078705695         2.2283226715
        3.1700046000         2.8000000000         1.4118568074         2.6002149371         1.9623733746
        3.1750049000         2.8000000000         1.4118568074         2.6155262019         1.9623733746
        3.1800077000         2.8000000000         1.4169614611         2.6231818342         2.0953480230
        3.1850082000         2.8000000000         1.4271707685         2.6410449765         2.3612973199
        3.1900083000         2.8000000000         1.4297230954         2.6461487314         2.4277846441
        3.1950049000         2.8000000000         1.4195137880         2.6512524863         2.1618353472
        3.2000065000         2.8000000000         1.4195137880         2.6563562412         2.1618353472
        3.2050340000         2.8000000000         1.4144091342         2.6665637511         2.0288606988
        3.2100054000         2.8000000000         1.4067521537         2.6691156285         1.8293987261
        3.2150063000         2.8000000000         1.4220661148         2.6818750158         2.2283226715
        3.2200054000         2.8000000000         1.4195137880         2.6895306482         2.1618353472
        3.2250033000         2.8000000000         1.4220661148         2.6997381580         2.2283226715
        3.2300046000         2.8000000000         1.4271707685         2.7099456679         2.3612973199
        3.2350082000         2.8000000000         1.4246184417         2.7150494228         2.2948099957
        3.2400137000         2.8000000000         1.4271707685         2.7176013002         2.3612973199
        3.2450074000         2.8000000000         1.4169614611         2.7303606875         2.0953480230
        3.2500053000         2.8000000000         1.4144091342         2.7431200748         2.0288606988
        3.2550047000         2.8000000000         1.4169614611         2.7482238297         2.0953480230
        3.2600066000         2.8000000000         1.4246184417         2.7635350945         2.2948099957
        3.2650094000         2.8000000000         1.4169614611         2.7660869720         2.0953480230
        3.2700057000         2.8000000000         1.4144091342         2.7788463592         2.0288606988
        3.2750057000         2.8000000000         1.4220661148         2.7839501142         2.2283226715
        3.2800042000         2.8000000000         1.4246184417         2.7967095015         2.2948099957
        3.2850054000         2.8000000000         1.4195137880         2.7992613789         2.1618353472
        3.2900123000         2.8000000000         1.4220661148         2.8069170113         2.2283226715
        3.2950140000         2.8000000000         1.4144091342         2.8171245211         2.0288606988
        3.3000066000         2.8000000000         1.4118568074         2.8196763986         1.9623733746
        3.3050117000         2.8000000000         1.4195137880         2.8324357859         2.1618353472
        3.3100049000         2.8000000000         1.4399324028         2.8451951732         2.6937339410
        3.3150048000         2.8000000000         1.4195137880         2.8502989281         2.1618353472
        3.3200047000         2.8000000000         1.4195137880         2.8554026830         2.1618353472
        3.3250052000         2.8000000000         1.4220661148         2.8630583154         2.2283226715
        3.3300075000         2.8000000000         1.4271707685         2.8783695801         2.3612973199
        3.3350063000         2.8000000000         1.4118568074         2.8758177027         1.9623733746
        3.3400072000         2.8000000000         1.4169614611         2.8911289674         2.0953480230
        3.3450058000         2.8000000000         1.4271707685         2.9064402322         2.3612973199
        3.3500056000         2.8000000000         1.3990951731         2.9089921097         1.6299367534
        3.3550125000         2.8000000000         1.4220661148         2.9089921097         2.2283226715
        3.3600065000         2.8000000000         1.4322754222         2.9243033744         2.4942719684
        3.3650061000         2.8000000000         1.4220661148         2.9345108842         2.2283226715
        3.3700046000         2.8000000000         1.4348277491         2.9472702715         2.5607592926
        3.3750063000         2.8000000000         1.4144091342         2.9472702715         2.0288606988
        3.3800064000         2.8000000000         1.4169614611         2.9549259039         2.0953480230
        3.3850065000         2.8000000000         1.4271707685         2.9651334138         2.3612973199
        3.3900074000         2.8000000000         1.4246184417         2.9778928011         2.2948099957
        3.3950030000         2.8000000000         1.4297230954         2.9829965560         2.4277846441
        3.4000067000         2.8000000000         1.4271707685         2.9957559433         2.3612973199
        3.4050151000         2.8000000000         1.4246184417         3.0034115756         2.2948099957
        3.4100035000         2.8000000000         1.4271707685         3.0110672080         2.3612973199
        3.4150168000         2.8000000000         1.4271707685         3.0187228404         2.3612973199
        3.4200093000         2.8000000000         1.4271707685         3.0365859826         2.3612973199
        3.4250129000         2.8000000000         1.4322754222         3.0467934924         2.4942719684
        3.4300064000         2.8000000000         1.4246184417         3.0493453699         2.2948099957
        3.4350045000         2.8000000000         1.4246184417         3.0544491248         2.2948099957
        3.4400134000         2.8000000000         1.4475893834         3.0646566347         2.8931959137
        3.4450112000         2.8000000000         1.4348277491         3.0799678994         2.5607592926
        3.4500069000         2.8000000000         1.4297230954         3.0850716543         2.4277846441
        3.4550114000         2.8000000000         1.4220661148         3.0901754092         2.2283226715
        3.4600053000         2.8000000000         1.4297230954         3.1054866740         2.4277846441
        3.4650046000         2.8000000000         1.4297230954         3.1182460613         2.4277846441
        3.4700087000         2.8000000000         1.4322754222         3.1259016937         2.4942719684
        3.4750053000         2.8000000000         1.4195137880         3.1233498162         2.1618353472
        3.4800031000         2.8000000000         1.4246184417         3.1361092035         2.2948099957
        3.4850046000         2.8000000000         1.4246184417         3.1437648359         2.2948099957
        3.4900044000         2.8000000000         1.4246184417         3.1539723457         2.2948099957
        3.4950045000         2.8000000000         1.4195137880         3.1565242232         2.1618353472
        3.5000033000         2.8000000000         1.4169614611         3.1667317330         2.0953480230
        3.5050046000         2.8000000000         1.4220661148         3.1794911203         2.2283226715
        3.5100046000         2.8000000000         1.4322754222         3.1948023851         2.4942719684
        3.5150046000         2.8000000000         1.4041998268         3.1896986301         1.7629114019
        3.5200036000         2.8000000000         1.4220661148         3.1999061400         2.2283226715
        3.5250066000         2.8000000000         1.4246184417         3.2101136498         2.2948099957
        3.5300070000         2.8000000000         1.4220661148         3.2254249146         2.2283226715
        3.5350048000         2.8000000000         1.4246184417         3.2330805470         2.2948099957
        3.5400051000         2.8000000000         1.4322754222         3.2458399342         2.4942719684
        3.5450048000         2.8000000000         1.4220661148         3.2483918117         2.2283226715
        3.5500060000         2.8000000000         1.4246184417         3.2585993215         2.2948099957
        3.5550062000         2.8000000000         1.4246184417         3.2688068314         2.2948099957
        3.5600053000         2.8000000000         1.4246184417         3.2739105863         2.2948099957
        3.5650122000         2.8000000000         1.4195137880         3.2815662187         2.1618353472
        3.5700053000         2.8000000000         1.3965428462         3.2892218510         1.5634494292
        3.5750045000         2.8000000000         1.4220661148         3.3019812383         2.2283226715
        3.5800133000         2.8000000000         1.4271707685         3.3147406256         2.3612973199
        3.5850029000         2.8000000000         1.4195137880         3.3223962580         2.1618353472
        3.5900175000         2.8000000000         1.4195137880         3.3223962580         2.1618353472
        3.5950039000         2.8000000000         1.4220661148         3.3377075228         2.2283226715
        3.6000176000         2.8000000000         1.4271707685         3.3504669101         2.3612973199
        3.6050027000         2.8000000000         1.4169614611         3.3530187875         2.0953480230
        3.6100142000         2.8000000000         1.4271707685         3.3708819297         2.3612973199
        3.6150077000         2.8000000000         1.4195137880         3.3708819297         2.1618353472
        3.6200104000         2.8000000000         1.4169614611         3.3708819297         2.0953480230
        3.6250102000         2.8000000000         1.4067521537         3.3810894396         1.8293987261
        3.6300156000         2.8000000000         1.4118568074         3.3887450720         1.9623733746
        3.6350029000         2.8000000000         1.4195137880         3.4015044592         2.1618353472
        3.6400192000         2.8000000000         1.4169614611         3.4091600916         2.0953480230
        3.6450072000         2.8000000000         1.4271707685         3.4244713564         2.3612973199
        3.6500143000         2.8000000000         1.4093044805         3.4321269888         1.8958860503
        3.6550073000         2.8000000000         1.4144091342         3.4270232338         2.0288606988
        3.6600042000         2.8000000000         1.4118568074         3.4372307437         1.9623733746
        3.6650047000         2.8000000000         1.4093044805         3.4448863760         1.8958860503
        3.6700149000         2.8000000000         1.4169614611         3.4627495183         2.0953480230
        3.6750051000         2.8000000000         1.4195137880         3.4729570281         2.1618353472
        3.6800050000         2.8000000000         1.4067521537         3.4704051506         1.8293987261
        3.6850045000         2.8000000000         1.4118568074         3.4755089056         1.9623733746
        3.6900221000         2.8000000000         1.4118568074         3.4908201703         1.9623733746
        3.6950054000         2.8000000000         1.4067521537         3.4908201703         1.8293987261
        3.7000135000         2.8000000000         1.4220661148         3.5112351900         2.2283226715
        3.7050047000         2.8000000000         1.4246184417         3.5163389449         2.2948099957
        3.7100045000         2.8000000000         1.4169614611         3.5214426998         2.0953480230
        3.7150032000         2.8000000000         1.4144091342         3.5290983322         2.0288606988
        3.7200046000         2.8000000000         1.4093044805         3.5265464547         1.8958860503
        3.7250038000         2.8000000000         1.4067521537         3.5393058420         1.8293987261
        3.7300019000         2.8000000000         1.4169614611         3.5520652293         2.0953480230
        3.7350037000         2.8000000000         1.4246184417         3.5673764941         2.2948099957
        3.7400072000         2.8000000000         1.4246184417         3.5724802490         2.2948099957
        3.7450058000         2.8000000000         1.4195137880         3.5801358814         2.1618353472
        3.7500039000         2.8000000000         1.4144091342         3.5775840039         2.0288606988
        3.7550047000         2.8000000000         1.4067521537         3.5877915138         1.8293987261
        3.7600038000         2.8000000000         1.4041998268         3.6031027785         1.7629114019
        3.7650035000         2.8000000000         1.4195137880         3.6082065334         2.1618353472
        3.7700022000         2.8000000000         1.4195137880         3.6158621658         2.1618353472
        3.7750053000         2.8000000000         1.4246184417         3.6286215531         2.2948099957
        3.7800538000         2.8000000000         1.4169614611         3.6337253080         2.0953480230
        3.7850030000         2.8000000000         1.4195137880         3.6388290629         2.1618353472
        3.7900032000         2.8000000000         1.4195137880         3.6515884502         2.1618353472
        3.7950030000         2.8000000000         1.4144091342         3.6566922051         2.0288606988
        3.8000062000         2.8000000000         1.4067521537         3.6592440826         1.8293987261
        3.8050073000         2.8000000000         1.4118568074         3.6643478375         1.9623733746
        3.8100055000         2.8000000000         1.4067521537         3.6720034699         1.8293987261
        3.8150046000         2.8000000000         1.4093044805         3.6822109797         1.8958860503
        3.8200017000         2.8000000000         1.4195137880         3.6975222445         2.1618353472
        3.8250061000         2.8000000000         1.4144091342         3.7077297543         2.0288606988
        3.8300054000         2.8000000000         1.4093044805         3.7102816318         1.8958860503
        3.8350050000         2.8000000000         1.4246184417         3.7255928965         2.2948099957
        3.8400041000         2.8000000000         1.4220661148         3.7332485289         2.2283226715
        3.8450057000         2.8000000000         1.4093044805         3.7281447740         1.8958860503
        3.8500060000         2.8000000000         1.4220661148         3.7485597937         2.2283226715
        3.8550043000         2.8000000000         1.4169614611         3.7485597937         2.0953480230
        3.8600050000         2.8000000000         1.4169614611         3.7562154260         2.0953480230
        3.8650047000         2.8000000000         1.4246184417         3.7715266908         2.2948099957
        3.8700034000         2.8000000000         1.4144091342         3.7664229359         2.0288606988
        3.8750026000         2.8000000000         1.4220661148         3.7766304457         2.2283226715
        3.8800018000         2.8000000000         1.4169614611         3.7893898330         2.0953480230
        3.8850052000         2.8000000000         1.4093044805         3.7919417105         1.8958860503
        3.8900042000         2.8000000000         1.4220661148         3.8123567301         2.2283226715
        3.8950051000         2.8000000000         1.4169614611         3.8149086076         2.0953480230
        3.9000047000         2.8000000000         1.4118568074         3.8200123625         1.9623733746
        3.9050040000         2.8000000000         1.4246184417         3.8378755047         2.2948099957
        3.9100041000         2.8000000000         1.4144091342         3.8404273822         2.0288606988
        3.9150037000         2.8000000000         1.4118568074         3.8404273822         1.9623733746
        3.9200046000         2.8000000000         1.4220661148         3.8633942793         2.2283226715
        3.9250032000         2.8000000000         1.4169614611         3.8633942793         2.0953480230
        3.9300037000         2.8000000000         1.4118568074         3.8710499117         1.9623733746
        3.9350034000         2.8000000000         1.4220661148         3.8787055441         2.2283226715
        3.9400049000         2.8000000000         1.4195137880         3.8914649314         2.1618353472
        3.9450051000         2.8000000000         1.4271707685         3.9016724412         2.3612973199
        3.9500030000         2.8000000000         1.4067521537         3.8940168088         1.8293987261
        3.9550032000         2.8000000000         1.4169614611         3.9093280736         2.0953480230
        3.9600037000         2.8000000000         1.4067521537         3.9144318285         1.8293987261
        3.9650033000         2.8000000000         1.4169614611         3.9246393383         2.0953480230
        3.9700026000         2.8000000000         1.4169614611         3.9399506031         2.0953480230
        3.9750043000         2.8000000000         1.4093044805         3.9373987256         1.8958860503
        3.9800040000         2.8000000000         1.3965428462         3.9501581129         1.5634494292
        3.9850027000         2.8000000000         1.4144091342         3.9527099904         2.0288606988
        3.9900032000         2.8000000000         1.4067521537         3.9629175002         1.8293987261
        3.9950031000         2.8000000000         1.4118568074         3.9705731326         1.9623733746
