% Motor Sweep Step 152/180
% Vcmd       = 0.7000 [V]
% Direction  = CCW
% Zone       = OUTER
% Vg_offset  = 1.336155 [V]
% K_gimbal   = 26.049690 [(rad/s)/V]

Time[s]              Vcmd[V]              Vg_raw[V]            Pot[V]               Omega[rad/s]
        0.0000213000         0.7000000000         1.3301823480         0.1070306597        -0.1555803387
        0.0050084000         0.7000000000         1.3301823480         0.1070306597        -0.1555803387
        0.0100051000         0.7000000000         1.3378393285         0.1121344146         0.0438816340
        0.0150093000         0.7000000000         1.2000136783         0.1044787822        -3.5464338743
        0.0200203000         0.7000000000         1.0060368372         0.0764081302        -8.5994705155
        0.0250137000         0.7000000000         1.0698450086         0.0381299683        -6.9372874098
        0.0300056000         0.7000000000         0.9294670315         0.0049555613       -10.5940902423
        0.0350134000         0.7000000000         0.9651996075         0.0024036839        -9.6632677031
        0.0400029000         0.7000000000         0.9141530704         0.0024036839       -10.9930141876
        0.0450108000         0.7000000000         0.9269147047         1.1252297658       -10.6605775665
        0.0500078000         0.7000000000         0.8146123230         1.1201260109       -13.5860198325
        0.0550093000         0.7000000000         0.8528972258         5.0142910133       -12.5887099691
        0.0600046000         0.7000000000         0.8375832647         4.9989797486       -12.9876339144
        0.0650089000         0.7000000000         0.8095076693         4.9836684838       -13.7189944809
        0.0700090000         0.7000000000         0.8120599961         4.9377346896       -13.6525071567
        0.0750082000         0.7000000000         0.7737750933         4.8739377531       -14.6498170201
        0.0802305000         0.7000000000         0.7737750933         4.8152445715       -14.6498170201
        0.0850084000         0.7000000000         0.7635657858         4.7514476351       -14.9157663170
        0.0900039000         0.7000000000         0.7763274201         4.6953063310       -14.5833296959
        0.0950069000         0.7000000000         0.7431471710         4.6417169043       -15.4476649108
        0.1000046000         0.7000000000         0.7508041516         4.5677124580       -15.2482029381
        0.1050084000         0.7000000000         0.7201762293         4.5115711539       -16.0460508289
        0.1100183000         0.7000000000         0.7431471710         4.4528779724       -15.4476649108
        0.1150053000         0.7000000000         0.7150715756         4.3814254035       -16.1790254773
        0.1200084000         0.7000000000         0.7227285561         4.3252840994       -15.9795635046
        0.1250063000         0.7000000000         0.7074145950         4.2589352855       -16.3784874500
        0.1300082000         0.7000000000         0.7201762293         4.2002421039       -16.0460508289
        0.1350041000         0.7000000000         0.7023099413         4.1389970449       -16.5114620985
        0.1400092000         0.7000000000         0.7125192487         4.0777519859       -16.2455128015
        0.1450065000         0.7000000000         0.6742343459         4.0011956621       -17.2428226649
        0.1500060000         0.7000000000         0.6921006339         3.9450543580       -16.7774113954
        0.1550123000         0.7000000000         0.6921006339         3.8812574215       -16.7774113954
        0.1600064000         0.7000000000         0.6793389996         3.8123567301       -17.1098480165
        0.1650050000         0.7000000000         0.6793389996         3.7434560388       -17.1098480165
        0.1700100000         0.7000000000         0.6691296922         3.6796591023       -17.3757973134
        0.1750085000         0.7000000000         0.6921006339         3.6235177982       -16.7774113954
        0.1800071000         0.7000000000         0.6589203847         3.5444095970       -17.6417466103
        0.1850097000         0.7000000000         0.6742343459         3.4780607830       -17.2428226649
        0.1900108000         0.7000000000         0.6665773653         3.4142638465       -17.4422846376
        0.1950061000         0.7000000000         0.6691296922         3.3504669101       -17.3757973134
        0.2001576000         0.7000000000         0.6487110773         3.2815662187       -17.9076959072
        0.2050071000         0.7000000000         0.6665773653         3.2228730371       -17.4422846376
        0.2100085000         0.7000000000         0.6538157310         3.1488685908       -17.7747212588
        0.2150085000         0.7000000000         0.6563680579         3.0825197769       -17.7082339345
        0.2200085000         0.7000000000         0.6512634042         3.0136190855       -17.8412085830
        0.2250080000         0.7000000000         0.6461587505         2.9421665166       -17.9741832314
        0.2300083000         0.7000000000         0.6538157310         2.8834733351       -17.7747212588
        0.2350043000         0.7000000000         0.6461587505         2.8120207662       -17.9741832314
        0.2400084000         0.7000000000         0.6512634042         2.7405681974       -17.8412085830
        0.2450087000         0.7000000000         0.6385017699         2.6691156285       -18.1736452041
        0.2500084000         0.7000000000         0.6410540967         2.6027668146       -18.1071578799
        0.2550053000         0.7000000000         0.6333971162         2.5287623683       -18.3066198526
        0.2600086000         0.7000000000         0.6308447893         2.4598616769       -18.3731071768
        0.2650090000         0.7000000000         0.6206354819         2.3884091080       -18.6390564737
        0.2700083000         0.7000000000         0.6461587505         2.3246121715       -17.9741832314
        0.2750060000         0.7000000000         0.6282924625         2.2455039703       -18.4395945010
        0.2800095000         0.7000000000         0.6257401356         2.1791551564       -18.5060818253
        0.2850045000         0.7000000000         0.6155308282         2.1128063424       -18.7720311222
        0.2900086000         0.7000000000         0.6180831550         2.0336981412       -18.7055437979
        0.2950047000         0.7000000000         0.6180831550         1.9622455724       -18.7055437979
        0.3000091000         0.7000000000         0.6180831550         1.9010005134       -18.7055437979
        0.3050045000         0.7000000000         0.6282924625         1.8372035769       -18.4395945010
        0.3100089000         0.7000000000         0.6180831550         1.7606472531       -18.7055437979
        0.3150045000         0.7000000000         0.6206354819         1.6917465617       -18.6390564737
        0.3200089000         0.7000000000         0.6206354819         1.6228458703       -18.6390564737
        0.3250043000         0.7000000000         0.6308447893         1.5488414240       -18.3731071768
        0.3300089000         0.7000000000         0.6053215207         1.4799407326       -19.0379804191
        0.3350063000         0.7000000000         0.6231878087         1.4033844088       -18.5725691495
        0.3400088000         0.7000000000         0.6257401356         1.3319318400       -18.5060818253
        0.3450091000         0.7000000000         0.6078738476         1.2579273937       -18.9714930948
        0.3500087000         0.7000000000         0.6155308282         1.1864748248       -18.7720311222
        0.3550090000         0.7000000000         0.6104261745         1.1150222560       -18.9050057706
        0.3600083000         0.7000000000         0.6104261745         1.0359140547       -18.9050057706
        0.3650087000         0.7000000000         0.6129785013         0.9619096084       -18.8385184464
        0.3700086000         0.7000000000         0.6104261745         0.9032164269       -18.9050057706
        0.3750066000         0.7000000000         0.6206354819         0.8215563482       -18.6390564737
        0.3800085000         0.7000000000         0.5823505790         0.7424481470       -19.6363663371
        0.3850088000         0.7000000000         0.6155308282         0.6658918232       -18.7720311222
        0.3900087000         0.7000000000         0.6155308282         0.5969911318       -18.7720311222
        0.3950086000         0.7000000000         0.6002168670         0.5255385629       -19.1709550675
        0.4000089000         0.7000000000         0.6155308282         0.4489822392       -18.7720311222
        0.4050096000         0.7000000000         0.6129785013         0.3800815478       -18.8385184464
        0.4100088000         0.7000000000         0.6206354819         0.2984214691       -18.6390564737
        0.4150086000         0.7000000000         0.5951122133         0.2193132679       -19.3039297160
        0.4200087000         0.7000000000         0.6078738476         0.1453088216       -18.9714930948
        0.4250045000         0.7000000000         0.6180831550         0.0687524978       -18.7055437979
        0.4300083000         0.7000000000         0.6180831550         0.0075074388       -18.7055437979
        0.4350068000         0.7000000000         0.6129785013         0.0024036839       -18.8385184464
        0.4400088000         0.7000000000         0.6053215207         1.1073666236       -19.0379804191
        0.4450083000         0.7000000000         0.6104261745         5.0040835035       -18.9050057706
        0.4500088000         0.7000000000         0.6053215207         4.9964278711       -19.0379804191
        0.4550047000         0.7000000000         0.6155308282         4.9326309346       -18.7720311222
        0.4600086000         0.7000000000         0.6027691939         4.8535227334       -19.1044677433
        0.4650091000         0.7000000000         0.6104261745         4.7718626547       -18.9050057706
        0.4700085000         0.7000000000         0.6053215207         4.7055138408       -19.0379804191
        0.4750084000         0.7000000000         0.6180831550         4.6289575170       -18.7055437979
        0.4800085000         0.7000000000         0.6257401356         4.5498493158       -18.5060818253
        0.4850053000         0.7000000000         0.6027691939         4.4758448695       -19.1044677433
        0.4900087000         0.7000000000         0.6308447893         4.4094960556       -18.3731071768
        0.4950045000         0.7000000000         0.6053215207         4.3176284670       -19.0379804191
        0.5000084000         0.7000000000         0.6078738476         4.2563834080       -18.9714930948
        0.5050089000         0.7000000000         0.6231878087         4.1874827166       -18.5725691495
        0.5100085000         0.7000000000         0.6078738476         4.1007188830       -18.9714930948
        0.5150080000         0.7000000000         0.6104261745         4.0369219465       -18.9050057706
        0.5200085000         0.7000000000         0.5976645402         3.9578137453       -19.2374423917
        0.5250087000         0.7000000000         0.6257401356         3.8965686863       -18.5060818253
        0.5300084000         0.7000000000         0.6002168670         3.8200123625       -19.1709550675
        0.5350049000         0.7000000000         0.6231878087         3.7485597937       -18.5725691495
        0.5400088000         0.7000000000         0.6027691939         3.6694515924       -19.1044677433
        0.5454580000         0.7000000000         0.6078738476         3.5928952687       -18.9714930948
        0.5500089000         0.7000000000         0.5925598865         3.5239945773       -19.3704170402
        0.5550061000         0.7000000000         0.6282924625         3.4627495183       -18.4395945010
        0.5600088000         0.7000000000         0.6180831550         3.3836413170       -18.7055437979
        0.5650164000         0.7000000000         0.6027691939         3.3070849933       -19.1044677433
        0.5700090000         0.7000000000         0.6002168670         3.2407361793       -19.1709550675
        0.5754043000         0.7000000000         0.6231878087         3.1667317330       -18.5725691495
        0.5800153000         0.7000000000         0.6078738476         3.0952791642       -18.9714930948
        0.5850101000         0.7000000000         0.6053215207         3.0161709629       -19.0379804191
        0.5900061000         0.7000000000         0.6180831550         2.9498221490       -18.7055437979
        0.5950106000         0.7000000000         0.6002168670         2.8707139478       -19.1709550675
        0.6000090000         0.7000000000         0.6053215207         2.8094688888       -19.0379804191
        0.6050096000         0.7000000000         0.5976645402         2.7278088101       -19.2374423917
        0.6100068000         0.7000000000         0.5951122133         2.6665637511       -19.3039297160
        0.6150172000         0.7000000000         0.6129785013         2.5874555498       -18.8385184464
        0.6200069000         0.7000000000         0.6053215207         2.5160029810       -19.0379804191
        0.6250093000         0.7000000000         0.6027691939         2.4419985347       -19.1044677433
        0.6300049000         0.7000000000         0.5900075596         2.3705459658       -19.4369043644
        0.6350092000         0.7000000000         0.6104261745         2.2965415195       -18.9050057706
        0.6400074000         0.7000000000         0.6129785013         2.2301927056       -18.8385184464
        0.6450379000         0.7000000000         0.5925598865         2.1408769945       -19.3704170402
        0.6500088000         0.7000000000         0.5900075596         2.0694244256       -19.4369043644
        0.6550076000         0.7000000000         0.6053215207         2.0030756117       -19.0379804191
        0.6600095000         0.7000000000         0.5925598865         1.9290711654       -19.3704170402
        0.6650056000         0.7000000000         0.5951122133         1.8499629642       -19.3039297160
        0.6700089000         0.7000000000         0.6078738476         1.7912697826       -18.9714930948
        0.6750045000         0.7000000000         0.5976645402         1.7121615814       -19.2374423917
        0.6800088000         0.7000000000         0.6002168670         1.6432608900       -19.1709550675
        0.6850086000         0.7000000000         0.5874552328         1.5641526888       -19.5033916887
        0.6900084000         0.7000000000         0.6027691939         1.4927001199       -19.1044677433
        0.6950048000         0.7000000000         0.6027691939         1.4135919187       -19.1044677433
        0.7000085000         0.7000000000         0.5951122133         1.3497949822       -19.3039297160
        0.7050031000         0.7000000000         0.6002168670         1.2681349035       -19.1709550675
        0.7100089000         0.7000000000         0.5951122133         1.1966823347       -19.3039297160
        0.7150083000         0.7000000000         0.6002168670         1.1354372756       -19.1709550675
        0.7200090000         0.7000000000         0.6104261745         1.0537771970       -18.9050057706
        0.7250303000         0.7000000000         0.5976645402         0.9772208732       -19.2374423917
        0.7300089000         0.7000000000         0.5976645402         0.9108720593       -19.2374423917
        0.7351413000         0.7000000000         0.5976645402         0.8215563482       -19.2374423917
        0.7400089000         0.7000000000         0.5849029059         0.7552075343       -19.5698790129
        0.7450256000         0.7000000000         0.6053215207         0.6735474556       -19.0379804191
        0.7500149000         0.7000000000         0.6078738476         0.6071986416       -18.9714930948
        0.7554491000         0.7000000000         0.5797982522         0.5204348080       -19.7028536613
        0.7600085000         0.7000000000         0.5849029059         0.4464303617       -19.5698790129
        0.7650084000         0.7000000000         0.6078738476         0.3775296703       -18.9714930948
        0.7700046000         0.7000000000         0.6078738476         0.2958695916       -18.9714930948
        0.7750085000         0.7000000000         0.6027691939         0.2244170228       -19.1044677433
        0.7800053000         0.7000000000         0.5900075596         0.1529644539       -19.4369043644
        0.7850088000         0.7000000000         0.6129785013         0.0764081302       -18.8385184464
        0.7900087000         0.7000000000         0.6053215207         0.0100593162       -19.0379804191
        0.7950638000         0.7000000000         0.6078738476         0.0024036839       -18.9714930948
        0.8000097000         0.7000000000         0.6002168670         1.1150222560       -19.1709550675
        0.8050092000         0.7000000000         0.5951122133         5.0066353810       -19.3039297160
        0.8100045000         0.7000000000         0.5925598865         4.9964278711       -19.3704170402
        0.8150092000         0.7000000000         0.6129785013         4.9249753023       -18.8385184464
        0.8200106000         0.7000000000         0.6002168670         4.8535227334       -19.1709550675
        0.8250084000         0.7000000000         0.6104261745         4.7718626547       -18.9050057706
        0.8300061000         0.7000000000         0.5874552328         4.6927544535       -19.5033916887
        0.8350131000         0.7000000000         0.6027691939         4.6161981297       -19.1044677433
        0.8400102000         0.7000000000         0.5976645402         4.5319861736       -19.2374423917
        0.8450556000         0.7000000000         0.6053215207         4.4656373597       -19.0379804191
        0.8500085000         0.7000000000         0.6027691939         4.3839772810       -19.1044677433
        0.8550091000         0.7000000000         0.5925598865         4.3099728347       -19.3704170402
        0.8600047000         0.7000000000         0.5874552328         4.2359683883       -19.5033916887
        0.8650090000         0.7000000000         0.6155308282         4.1747233293       -18.7720311222
        0.8700091000         0.7000000000         0.6027691939         4.0956151281       -19.1044677433
        0.8750147000         0.7000000000         0.5976645402         4.0190588043       -19.2374423917
        0.8800071000         0.7000000000         0.5976645402         3.9476062355       -19.2374423917
        0.8850085000         0.7000000000         0.6027691939         3.8736017892       -19.1044677433
        0.8900048000         0.7000000000         0.6002168670         3.7995973429       -19.1709550675
        0.8950171000         0.7000000000         0.6078738476         3.7306966515       -18.9714930948
        0.9000064000         0.7000000000         0.5900075596         3.6490365728       -19.4369043644
        0.9050085000         0.7000000000         0.6104261745         3.5852396363       -18.9050057706
        0.9100099000         0.7000000000         0.5951122133         3.5137870674       -19.3039297160
        0.9150096000         0.7000000000         0.5849029059         3.4219194789       -19.5698790129
        0.9200095000         0.7000000000         0.6053215207         3.3530187875       -19.0379804191
        0.9250085000         0.7000000000         0.5874552328         3.2815662187       -19.5033916887
        0.9300058000         0.7000000000         0.6002168670         3.2152174047       -19.1709550675
        0.9350088000         0.7000000000         0.5900075596         3.1310054486       -19.4369043644
        0.9400047000         0.7000000000         0.5797982522         3.0544491248       -19.7028536613
        0.9450092000         0.7000000000         0.5976645402         2.9932040658       -19.2374423917
        0.9500059000         0.7000000000         0.5900075596         2.9064402322       -19.4369043644
        0.9550087000         0.7000000000         0.6078738476         2.8477470506       -18.9714930948
        0.9600070000         0.7000000000         0.5772459253         2.7609832170       -19.7693409856
        0.9650083000         0.7000000000         0.5925598865         2.6920825256       -19.3704170402
        0.9700049000         0.7000000000         0.5874552328         2.6180780793       -19.5033916887
        0.9750085000         0.7000000000         0.6002168670         2.5466255105       -19.1709550675
        0.9800045000         0.7000000000         0.6002168670         2.4777248191       -19.1709550675
        0.9850089000         0.7000000000         0.5823505790         2.3986166179       -19.6363663371
        0.9900091000         0.7000000000         0.5925598865         2.3220602941       -19.3704170402
        0.9950087000         0.7000000000         0.5951122133         2.2429520929       -19.3039297160
        1.0000045000         0.7000000000         0.5951122133         2.1740514015       -19.3039297160
        1.0050091000         0.7000000000         0.5976645402         2.1025988326       -19.2374423917
        1.0100054000         0.7000000000         0.5874552328         2.0285943863       -19.5033916887
        1.0150087000         0.7000000000         0.5925598865         1.9596936949       -19.3704170402
        1.0200066000         0.7000000000         0.5900075596         1.8780336162       -19.4369043644
        1.0250087000         0.7000000000         0.6155308282         1.8091329248       -18.7720311222
        1.0300097000         0.7000000000         0.5874552328         1.7325766011       -19.5033916887
        1.0350085000         0.7000000000         0.5951122133         1.6560202773       -19.3039297160
        1.0400055000         0.7000000000         0.5695889448         1.5871195859       -19.9688029582
        1.0450085000         0.7000000000         0.6027691939         1.5080113847       -19.1044677433
        1.0500407000         0.7000000000         0.5951122133         1.4391106933       -19.3039297160
        1.0550085000         0.7000000000         0.5925598865         1.3727618793       -19.3704170402
        1.0600085000         0.7000000000         0.6027691939         1.2936536781       -19.1044677433
        1.0650049000         0.7000000000         0.5874552328         1.2196492318       -19.5033916887
        1.0700087000         0.7000000000         0.5900075596         1.1430929080       -19.4369043644
        1.0750054000         0.7000000000         0.5900075596         1.0792959716       -19.4369043644
        1.0800092000         0.7000000000         0.6104261745         1.0001877703       -18.9050057706
        1.0850059000         0.7000000000         0.5797982522         0.9236314466       -19.7028536613
        1.0900103000         0.7000000000         0.6002168670         0.8521788777       -19.1709550675
        1.0950048000         0.7000000000         0.5976645402         0.7730706765       -19.2374423917
        1.1000088000         0.7000000000         0.5925598865         0.6965143527       -19.3704170402
        1.1050046000         0.7000000000         0.6002168670         0.6199580289       -19.1709550675
        1.1100132000         0.7000000000         0.5925598865         0.5408498277       -19.3704170402
        1.1150050000         0.7000000000         0.5900075596         0.4617416265       -19.4369043644
        1.1200089000         0.7000000000         0.5900075596         0.3928409351       -19.4369043644
        1.1250097000         0.7000000000         0.6078738476         0.3213883662       -18.9714930948
        1.1300085000         0.7000000000         0.5976645402         0.2346245326       -19.2374423917
        1.1350062000         0.7000000000         0.5746935985         0.1529644539       -19.8358283098
        1.1400087000         0.7000000000         0.6078738476         0.0764081302       -18.9714930948
        1.1450095000         0.7000000000         0.5797982522        -0.0001481936       -19.7028536613
        1.1500086000         0.7000000000         0.6002168670        -0.0001481936       -19.1709550675
        1.1550054000         0.7000000000         0.5951122133         1.1073666236       -19.3039297160
        1.1600086000         0.7000000000         0.6104261745         5.0117391359       -18.9050057706
        1.1650086000         0.7000000000         0.5925598865         5.0117391359       -19.3704170402
        1.1700090000         0.7000000000         0.6002168670         4.9300790572       -19.1709550675
        1.1750048000         0.7000000000         0.5976645402         4.8662821207       -19.2374423917
        1.1800086000         0.7000000000         0.6104261745         4.7820701646       -18.9050057706
        1.1850048000         0.7000000000         0.5925598865         4.7029619633       -19.3704170402
        1.1900089000         0.7000000000         0.5900075596         4.6238537621       -19.4369043644
        1.1950057000         0.7000000000         0.6053215207         4.5600568256       -19.0379804191
        1.2000087000         0.7000000000         0.5925598865         4.4758448695       -19.3704170402
        1.2050051000         0.7000000000         0.6027691939         4.3941847908       -19.1044677433
        1.2100089000         0.7000000000         0.5925598865         4.3303878543       -19.3704170402
        1.2150089000         0.7000000000         0.5976645402         4.2512796531       -19.2374423917
        1.2200093000         0.7000000000         0.6053215207         4.1772752068       -19.0379804191
        1.2250056000         0.7000000000         0.5976645402         4.1007188830       -19.2374423917
        1.2300088000         0.7000000000         0.6104261745         4.0318181916       -18.9050057706
        1.2350045000         0.7000000000         0.6002168670         3.9527099904       -19.1709550675
        1.2400091000         0.7000000000         0.6155308282         3.8889130539       -18.7720311222
        1.2450090000         0.7000000000         0.6104261745         3.8149086076       -18.9050057706
        1.2500087000         0.7000000000         0.5874552328         3.7306966515       -19.5033916887
        1.2550077000         0.7000000000         0.5925598865         3.6566922051       -19.3704170402
        1.2600091000         0.7000000000         0.6053215207         3.5877915138       -19.0379804191
        1.2650052000         0.7000000000         0.5925598865         3.5086833125       -19.3704170402
        1.2700088000         0.7000000000         0.5900075596         3.4372307437       -19.4369043644
        1.2750049000         0.7000000000         0.6027691939         3.3708819297       -19.1044677433
        1.2800089000         0.7000000000         0.5900075596         3.2892218510       -19.4369043644
        1.2850051000         0.7000000000         0.5951122133         3.2101136498       -19.3039297160
        1.2900090000         0.7000000000         0.6002168670         3.1488685908       -19.1709550675
        1.2950051000         0.7000000000         0.5874552328         3.0697603896       -19.5033916887
        1.3000088000         0.7000000000         0.5849029059         2.9881003109       -19.5698790129
        1.3050057000         0.7000000000         0.5900075596         2.9140958646       -19.4369043644
        1.3100088000         0.7000000000         0.5951122133         2.8400914183       -19.3039297160
        1.3150043000         0.7000000000         0.5900075596         2.7711907269       -19.4369043644
        1.3200086000         0.7000000000         0.5900075596         2.7022900355       -19.4369043644
        1.3250052000         0.7000000000         0.5746935985         2.6231818342       -19.8358283098
        1.3300087000         0.7000000000         0.6053215207         2.5593848978       -19.0379804191
        1.3350090000         0.7000000000         0.6053215207         2.4751729416       -19.0379804191
        1.3400090000         0.7000000000         0.6002168670         2.4088241277       -19.1709550675
        1.3450045000         0.7000000000         0.5849029059         2.3297159265       -19.5698790129
        1.3500089000         0.7000000000         0.5849029059         2.2480558478       -19.5698790129
        1.3550060000         0.7000000000         0.5797982522         2.1740514015       -19.7028536613
        1.3600084000         0.7000000000         0.5976645402         2.1051507101       -19.2374423917
        1.3650057000         0.7000000000         0.6002168670         2.0413537736       -19.1709550675
        1.3700087000         0.7000000000         0.5797982522         1.9545899400       -19.7028536613
        1.3750018000         0.7000000000         0.5925598865         1.8831373711       -19.3704170402
        1.3800093000         0.7000000000         0.5849029059         1.8040291699       -19.5698790129
        1.3850047000         0.7000000000         0.5900075596         1.7325766011       -19.4369043644
        1.3900090000         0.7000000000         0.6078738476         1.6611240322       -18.9714930948
        1.3950058000         0.7000000000         0.5823505790         1.5922233408       -19.6363663371
        1.4000084000         0.7000000000         0.5976645402         1.5233226494       -19.2374423917
        1.4050334000         0.7000000000         0.5849029059         1.4442144482       -19.5698790129
        1.4100066000         0.7000000000         0.5976645402         1.3778656343       -19.2374423917
        1.4150091000         0.7000000000         0.6129785013         1.3038611879       -18.8385184464
        1.4200038000         0.7000000000         0.5849029059         1.2222011093       -19.5698790129
        1.4250052000         0.7000000000         0.5900075596         1.1507485404       -19.4369043644
        1.4300087000         0.7000000000         0.5874552328         1.0716403392       -19.5033916887
        1.4350044000         0.7000000000         0.5976645402         0.9976358929       -19.2374423917
        1.4400087000         0.7000000000         0.5797982522         0.9236314466       -19.7028536613
        1.4450060000         0.7000000000         0.6078738476         0.8496270002       -18.9714930948
        1.4500086000         0.7000000000         0.5874552328         0.7807263088       -19.5033916887
        1.4550050000         0.7000000000         0.6078738476         0.7041699851       -18.9714930948
        1.4600086000         0.7000000000         0.5951122133         0.6250617838       -19.3039297160
        1.4650045000         0.7000000000         0.6053215207         0.5485054601       -19.0379804191
        1.4700086000         0.7000000000         0.5900075596         0.4693972588       -19.4369043644
        1.4750503000         0.7000000000         0.5951122133         0.4030484449       -19.3039297160
        1.4800087000         0.7000000000         0.5900075596         0.3111808564       -19.4369043644
        1.4850210000         0.7000000000         0.5951122133         0.2371764101       -19.3039297160
        1.4900044000         0.7000000000         0.5695889448         0.1555163314       -19.9688029582
        1.4950069000         0.7000000000         0.6180831550         0.0942712724       -18.7055437979
        1.5000070000         0.7000000000         0.5951122133         0.0126111937       -19.3039297160
        1.5050311000         0.7000000000         0.5925598865         0.0024036839       -19.3704170402
        1.5100095000         0.7000000000         0.6078738476         1.1124703785       -18.9714930948
        1.5150025000         0.7000000000         0.5925598865         4.9989797486       -19.3704170402
        1.5200094000         0.7000000000         0.5925598865         4.9989797486       -19.3704170402
        1.5253279000         0.7000000000         0.5976645402         4.9351828121       -19.2374423917
        1.5300050000         0.7000000000         0.5976645402         4.8688339982       -19.2374423917
        1.5350085000         0.7000000000         0.6053215207         4.7871739195       -19.0379804191
        1.5400089000         0.7000000000         0.5823505790         4.7004100859       -19.6363663371
        1.5450075000         0.7000000000         0.6027691939         4.6315093945       -19.1044677433
        1.5500087000         0.7000000000         0.5925598865         4.5575049482       -19.3704170402
        1.5552143000         0.7000000000         0.5925598865         4.4707411146       -19.3704170402
        1.5600180000         0.7000000000         0.6002168670         4.3992885457       -19.1709550675
        1.5650124000         0.7000000000         0.6002168670         4.3227322219       -19.1709550675
        1.5700105000         0.7000000000         0.5900075596         4.2436240207       -19.4369043644
        1.5750176000         0.7000000000         0.6002168670         4.1772752068       -19.1709550675
        1.5800093000         0.7000000000         0.5951122133         4.1058226379       -19.3039297160
        1.5850141000         0.7000000000         0.5976645402         4.0267144367       -19.2374423917
        1.5900050000         0.7000000000         0.5925598865         3.9527099904       -19.3704170402
        1.5950110000         0.7000000000         0.6078738476         3.8812574215       -18.9714930948
        1.6000089000         0.7000000000         0.6002168670         3.8149086076       -19.1709550675
        1.6050086000         0.7000000000         0.5925598865         3.7332485289       -19.3704170402
        1.6100050000         0.7000000000         0.5925598865         3.6515884502       -19.3704170402
        1.6150092000         0.7000000000         0.6053215207         3.5903433912       -19.0379804191
        1.6200076000         0.7000000000         0.5874552328         3.5061314351       -19.5033916887
        1.6250089000         0.7000000000         0.5925598865         3.4346788662       -19.3704170402
        1.6300093000         0.7000000000         0.5900075596         3.3632262974       -19.4369043644
        1.6350087000         0.7000000000         0.5976645402         3.2943256060       -19.2374423917
        1.6400086000         0.7000000000         0.5797982522         3.2101136498       -19.7028536613
        1.6450450000         0.7000000000         0.5951122133         3.1412129584       -19.3039297160
        1.6500044000         0.7000000000         0.5900075596         3.0646566347       -19.4369043644
        1.6550089000         0.7000000000         0.5849029059         2.9906521883       -19.5698790129
        1.6600046000         0.7000000000         0.5849029059         2.9140958646       -19.5698790129
        1.6650089000         0.7000000000         0.5874552328         2.8426432957       -19.5033916887
        1.6700098000         0.7000000000         0.5874552328         2.7635350945       -19.5033916887
        1.6750091000         0.7000000000         0.6078738476         2.7022900355       -18.9714930948
        1.6800049000         0.7000000000         0.5849029059         2.6257337117       -19.5698790129
        1.6850088000         0.7000000000         0.5797982522         2.5389698781       -19.7028536613
        1.6900068000         0.7000000000         0.5900075596         2.4700691867       -19.4369043644
        1.6950044000         0.7000000000         0.5900075596         2.3960647404       -19.4369043644
        1.7000049000         0.7000000000         0.5925598865         2.3220602941       -19.3704170402
        1.7050089000         0.7000000000         0.5772459253         2.2404002154       -19.7693409856
        1.7100054000         0.7000000000         0.5874552328         2.1740514015       -19.5033916887
        1.7150092000         0.7000000000         0.5823505790         2.0949432002       -19.6363663371
        1.7200049000         0.7000000000         0.5849029059         2.0183868765       -19.5698790129
        1.7250089000         0.7000000000         0.5976645402         1.9571418174       -19.2374423917
        1.7300044000         0.7000000000         0.5951122133         1.8805854937       -19.3039297160
        1.7350089000         0.7000000000         0.5874552328         1.8116848023       -19.5033916887
        1.7400067000         0.7000000000         0.5900075596         1.7300247236       -19.4369043644
        1.7451109000         0.7000000000         0.6002168670         1.6611240322       -19.1709550675
        1.7500072000         0.7000000000         0.5900075596         1.5845677084       -19.4369043644
        1.7550100000         0.7000000000         0.5874552328         1.5080113847       -19.5033916887
        1.7600056000         0.7000000000         0.5874552328         1.4442144482       -19.5033916887
        1.7650086000         0.7000000000         0.5746935985         1.3548987371       -19.8358283098
        1.7700046000         0.7000000000         0.6078738476         1.2885499232       -18.9714930948
        1.7750089000         0.7000000000         0.5874552328         1.2196492318       -19.5033916887
        1.7800050000         0.7000000000         0.5849029059         1.1405410306       -19.5698790129
        1.7850085000         0.7000000000         0.5925598865         1.0665365843       -19.3704170402
        1.7900049000         0.7000000000         0.5900075596         0.9950840154       -19.4369043644
        1.7950086000         0.7000000000         0.5823505790         0.9108720593       -19.6363663371
        1.8000095000         0.7000000000         0.5874552328         0.8343157355       -19.5033916887
        1.8050087000         0.7000000000         0.5823505790         0.7654150441       -19.6363663371
        1.8100086000         0.7000000000         0.5900075596         0.6812030879       -19.4369043644
        1.8150086000         0.7000000000         0.5951122133         0.6123023966       -19.3039297160
        1.8200048000         0.7000000000         0.5925598865         0.5280904404       -19.3704170402
        1.8250084000         0.7000000000         0.5900075596         0.4489822392       -19.4369043644
        1.8300087000         0.7000000000         0.5951122133         0.3775296703       -19.3039297160
        1.8350086000         0.7000000000         0.5951122133         0.3009733466       -19.3039297160
        1.8400063000         0.7000000000         0.5925598865         0.2244170228       -19.3704170402
        1.8450085000         0.7000000000         0.5874552328         0.1504125765       -19.5033916887
        1.8500078000         0.7000000000         0.6104261745         0.0636487429       -18.9050057706
        1.8550083000         0.7000000000         0.5900075596         0.0024036839       -19.4369043644
        1.8600022000         0.7000000000         0.5874552328        -0.0001481936       -19.5033916887
        1.8650053000         0.7000000000         0.5849029059         1.1022628687       -19.5698790129
        1.8700038000         0.7000000000         0.5925598865         5.0117391359       -19.3704170402
        1.8750453000         0.7000000000         0.5951122133         4.9964278711       -19.3039297160
        1.8800058000         0.7000000000         0.6002168670         4.9198715474       -19.1709550675
        1.8850090000         0.7000000000         0.5797982522         4.8356595912       -19.7028536613
        1.8900041000         0.7000000000         0.5874552328         4.7591032674       -19.5033916887
        1.8950071000         0.7000000000         0.6002168670         4.6876506986       -19.1709550675
        1.9000664000         0.7000000000         0.5976645402         4.6034387424       -19.2374423917
        1.9050052000         0.7000000000         0.5900075596         4.5243305412       -19.4369043644
        1.9100086000         0.7000000000         0.5849029059         4.4503260949       -19.5698790129
        1.9150129000         0.7000000000         0.5951122133         4.3737697711       -19.3039297160
        1.9200096000         0.7000000000         0.5925598865         4.2972134474       -19.3704170402
        1.9250125000         0.7000000000         0.5925598865         4.2232090010       -19.3704170402
        1.9300058000         0.7000000000         0.6053215207         4.1543083097       -19.0379804191
        1.9350105000         0.7000000000         0.5849029059         4.0700963535       -19.5698790129
        1.9400091000         0.7000000000         0.5746935985         3.9960919072       -19.8358283098
        1.9450043000         0.7000000000         0.6027691939         3.9348468482       -19.1044677433
        1.9500054000         0.7000000000         0.5925598865         3.8506348920       -19.3704170402
        1.9550048000         0.7000000000         0.5951122133         3.7766304457       -19.3039297160
        1.9600043000         0.7000000000         0.5874552328         3.7051778769       -19.5033916887
        1.9650094000         0.7000000000         0.5874552328         3.6235177982       -19.5033916887
        1.9700222000         0.7000000000         0.6002168670         3.5495133519       -19.1709550675
        1.9750041000         0.7000000000         0.5849029059         3.4831645379       -19.5698790129
        1.9800327000         0.7000000000         0.5925598865         3.4066082142       -19.3704170402
        1.9850086000         0.7000000000         0.6129785013         3.3402594002       -18.8385184464
        1.9900078000         0.7000000000         0.5746935985         3.2560474441       -19.8358283098
        1.9950064000         0.7000000000         0.5925598865         3.1896986301       -19.3704170402
        2.0000131000         0.7000000000         0.5874552328         3.1131423064       -19.5033916887
        2.0050040000         0.7000000000         0.5900075596         3.0340341051       -19.4369043644
        2.0100088000         0.7000000000         0.5925598865         2.9625815363       -19.3704170402
        2.0150084000         0.7000000000         0.5823505790         2.8834733351       -19.6363663371
        2.0200089000         0.7000000000         0.5797982522         2.8120207662       -19.7028536613
        2.0250055000         0.7000000000         0.5849029059         2.7380163199       -19.5698790129
        2.0300088000         0.7000000000         0.5874552328         2.6691156285       -19.5033916887
        2.0350047000         0.7000000000         0.5849029059         2.5823517949       -19.5698790129
        2.0400093000         0.7000000000         0.5797982522         2.5083473486       -19.7028536613
        2.0450051000         0.7000000000         0.5823505790         2.4394466572       -19.6363663371
        2.0500089000         0.7000000000         0.5874552328         2.3730978433       -19.5033916887
        2.0550070000         0.7000000000         0.5874552328         2.2888858871       -19.5033916887
        2.0600088000         0.7000000000         0.5925598865         2.2097776859       -19.3704170402
        2.0650054000         0.7000000000         0.5951122133         2.1459807494       -19.3039297160
        2.0700089000         0.7000000000         0.5797982522         2.0643206707       -19.7028536613
        2.0750040000         0.7000000000         0.5925598865         1.9903162244       -19.3704170402
        2.0800087000         0.7000000000         0.5772459253         1.9112080232       -19.7693409856
        2.0850060000         0.7000000000         0.5849029059         1.8372035769       -19.5698790129
        2.0900089000         0.7000000000         0.5823505790         1.7631991306       -19.6363663371
        2.0950075000         0.7000000000         0.5797982522         1.6968503166       -19.7028536613
        2.1000090000         0.7000000000         0.5797982522         1.6228458703       -19.7028536613
        2.1050046000         0.7000000000         0.5874552328         1.5462895465       -19.5033916887
        2.1100089000         0.7000000000         0.5874552328         1.4799407326       -19.5033916887
        2.1150054000         0.7000000000         0.5874552328         1.4033844088       -19.5033916887
        2.1200089000         0.7000000000         0.5874552328         1.3242762076       -19.5033916887
        2.1250057000         0.7000000000         0.5746935985         1.2426161289       -19.8358283098
        2.1300114000         0.7000000000         0.5976645402         1.1788191925       -19.2374423917
        2.1350109000         0.7000000000         0.5797982522         1.1022628687       -19.7028536613
        2.1400101000         0.7000000000         0.5900075596         1.0231546675       -19.4369043644
        2.1450105000         0.7000000000         0.5772459253         0.9414945888       -19.7693409856
        2.1500051000         0.7000000000         0.5772459253         0.8776976523       -19.7693409856
        2.1550096000         0.7000000000         0.5874552328         0.7960375736       -19.5033916887
        2.1600084000         0.7000000000         0.5823505790         0.7194812498       -19.6363663371
        2.1650063000         0.7000000000         0.5874552328         0.6480286810       -19.5033916887
        2.1700083000         0.7000000000         0.5951122133         0.5714723572       -19.3039297160
        2.1750086000         0.7000000000         0.5900075596         0.4949160334       -19.4369043644
        2.1800035000         0.7000000000         0.5849029059         0.4183597097       -19.5698790129
        2.1850062000         0.7000000000         0.5951122133         0.3290439986       -19.3039297160
        2.1900042000         0.7000000000         0.5823505790         0.2575914298       -19.6363663371
        2.1950047000         0.7000000000         0.5849029059         0.1835869834       -19.5698790129
        2.2000087000         0.7000000000         0.5900075596         0.0993750273       -19.4369043644
        2.2050055000         0.7000000000         0.5900075596         0.0279224584       -19.4369043644
        2.2100083000         0.7000000000         0.6027691939         0.0049555613       -19.1044677433
        2.2150055000         0.7000000000         0.5900075596         1.1124703785       -19.4369043644
        2.2200035000         0.7000000000         0.5797982522         4.9989797486       -19.7028536613
        2.2250039000         0.7000000000         0.5746935985         4.9989797486       -19.8358283098
        2.2300087000         0.7000000000         0.5976645402         4.9504940769       -19.2374423917
        2.2350086000         0.7000000000         0.5900075596         4.8688339982       -19.4369043644
        2.2400032000         0.7000000000         0.5900075596         4.7922776744       -19.4369043644
        2.2450062000         0.7000000000         0.5797982522         4.7106175957       -19.7028536613
        2.2500054000         0.7000000000         0.5925598865         4.6417169043       -19.3704170402
        2.2550049000         0.7000000000         0.5849029059         4.5549530707       -19.5698790129
        2.2600024000         0.7000000000         0.5900075596         4.4809486244       -19.4369043644
        2.2650091000         0.7000000000         0.5900075596         4.4018404232       -19.4369043644
        2.2700084000         0.7000000000         0.5849029059         4.3252840994       -19.5698790129
        2.2750047000         0.7000000000         0.5772459253         4.2512796531       -19.7693409856
        2.2800087000         0.7000000000         0.5849029059         4.1696195744       -19.5698790129
        2.2850051000         0.7000000000         0.5925598865         4.0981670056       -19.3704170402
        2.2900046000         0.7000000000         0.5874552328         4.0241625592       -19.5033916887
        2.2950070000         0.7000000000         0.5849029059         3.9476062355       -19.5698790129
        2.3000084000         0.7000000000         0.5951122133         3.8812574215       -19.3039297160
        2.3050106000         0.7000000000         0.5797982522         3.8021492203       -19.7028536613
        2.3100080000         0.7000000000         0.5925598865         3.7255928965       -19.3704170402
        2.3150055000         0.7000000000         0.5976645402         3.6490365728       -19.2374423917
        2.3200065000         0.7000000000         0.5797982522         3.5775840039       -19.7028536613
        2.3250074000         0.7000000000         0.5746935985         3.4933720478       -19.8358283098
        2.3300084000         0.7000000000         0.5772459253         3.4193676015       -19.7693409856
        2.3350084000         0.7000000000         0.5900075596         3.3479150326       -19.4369043644
        2.3400081000         0.7000000000         0.5849029059         3.2713587088       -19.5698790129
        2.3450089000         0.7000000000         0.5797982522         3.1999061400       -19.7028536613
        2.3500083000         0.7000000000         0.5874552328         3.1284535711       -19.5033916887
        2.3552702000         0.7000000000         0.5772459253         3.0391378601       -19.7693409856
        2.3600085000         0.7000000000         0.5900075596         2.9804446785       -19.4369043644
        2.3650084000         0.7000000000         0.5900075596         2.9064402322       -19.4369043644
        2.3700084000         0.7000000000         0.5925598865         2.8349876633       -19.3704170402
        2.3750406000         0.7000000000         0.5746935985         2.7507757072       -19.8358283098
        2.3800083000         0.7000000000         0.5772459253         2.6742193834       -19.7693409856
        2.3852223000         0.7000000000         0.5849029059         2.5951111822       -19.5698790129
        2.3900082000         0.7000000000         0.5874552328         2.5262104908       -19.5033916887
        2.3950068000         0.7000000000         0.5849029059         2.4471022896       -19.5698790129
        2.4000083000         0.7000000000         0.5721412716         2.3654422109       -19.9023156340
        2.4054884000         0.7000000000         0.5695889448         2.2837821322       -19.9688029582
        2.4100101000         0.7000000000         0.5746935985         2.2174333183       -19.8358283098
        2.4150092000         0.7000000000         0.5772459253         2.1434288720       -19.7693409856
        2.4200052000         0.7000000000         0.5772459253         2.0719763031       -19.7693409856
        2.4250356000         0.7000000000         0.5772459253         1.9928681019       -19.7693409856
        2.4300114000         0.7000000000         0.5772459253         1.9214155330       -19.7693409856
        2.4350170000         0.7000000000         0.5797982522         1.8474110867       -19.7028536613
        2.4400148000         0.7000000000         0.5874552328         1.7734066404       -19.5033916887
        2.4450075000         0.7000000000         0.5721412716         1.7019540715       -19.9023156340
        2.4500105000         0.7000000000         0.5823505790         1.6330533802       -19.6363663371
        2.4551706000         0.7000000000         0.5874552328         1.5488414240       -19.5033916887
        2.4600092000         0.7000000000         0.5874552328         1.4824926101       -19.5033916887
        2.4651661000         0.7000000000         0.5772459253         1.3982806539       -19.7693409856
        2.4700092000         0.7000000000         0.5746935985         1.3217243302       -19.8358283098
        2.4752286000         0.7000000000         0.5772459253         1.2477198838       -19.7693409856
        2.4800041000         0.7000000000         0.5849029059         1.1762673150       -19.5698790129
        2.4850174000         0.7000000000         0.5746935985         1.1022628687       -19.8358283098
        2.4900090000         0.7000000000         0.5900075596         1.0282584224       -19.4369043644
        2.4950541000         0.7000000000         0.5874552328         0.9491502211       -19.5033916887
        2.5000046000         0.7000000000         0.5670366179         0.8751457748       -20.0352902825
        2.5050475000         0.7000000000         0.5823505790         0.7909338187       -19.6363663371
        2.5100069000         0.7000000000         0.5721412716         0.7220331273       -19.9023156340
        2.5157552000         0.7000000000         0.5951122133         0.6352692937       -19.3039297160
        2.5200047000         0.7000000000         0.5823505790         0.5612648474       -19.6363663371
        2.5250090000         0.7000000000         0.5823505790         0.4949160334       -19.6363663371
        2.5300045000         0.7000000000         0.5797982522         0.4107040773       -19.7028536613
        2.5350088000         0.7000000000         0.5823505790         0.3264921211       -19.6363663371
        2.5400072000         0.7000000000         0.5951122133         0.2575914298       -19.3039297160
        2.5450041000         0.7000000000         0.5746935985         0.1759313511       -19.8358283098
        2.5500052000         0.7000000000         0.5874552328         0.0968231498       -19.5033916887
        2.5550024000         0.7000000000         0.5823505790         0.0253705810       -19.6363663371
        2.5600026000         0.7000000000         0.5900075596         0.0024036839       -19.4369043644
        2.5650020000         0.7000000000         0.5900075596         1.1073666236       -19.4369043644
        2.5700074000         0.7000000000         0.6002168670         5.0040835035       -19.1709550675
        2.5750061000         0.7000000000         0.5874552328         5.0142910133       -19.5033916887
        2.5800045000         0.7000000000         0.5874552328         4.9453903219       -19.5033916887
        2.5850027000         0.7000000000         0.5900075596         4.8637302433       -19.4369043644
        2.5900042000         0.7000000000         0.5874552328         4.7795182871       -19.5033916887
        2.5950032000         0.7000000000         0.5849029059         4.7157213506       -19.5698790129
        2.6000037000         0.7000000000         0.5900075596         4.6340612719       -19.4369043644
        2.6050020000         0.7000000000         0.5874552328         4.5524011933       -19.5033916887
        2.6100044000         0.7000000000         0.5900075596         4.4809486244       -19.4369043644
        2.6150045000         0.7000000000         0.6027691939         4.3992885457       -19.1044677433
        2.6200105000         0.7000000000         0.5951122133         4.3252840994       -19.3039297160
        2.6250083000         0.7000000000         0.5797982522         4.2461758982       -19.7028536613
        2.6300094000         0.7000000000         0.5951122133         4.1696195744       -19.3039297160
        2.6350040000         0.7000000000         0.5849029059         4.0905113732       -19.5698790129
        2.6400040000         0.7000000000         0.5900075596         4.0165069269       -19.4369043644
        2.6450031000         0.7000000000         0.5849029059         3.9476062355       -19.5698790129
        2.6500060000         0.7000000000         0.5976645402         3.8812574215       -19.2374423917
        2.6550085000         0.7000000000         0.5797982522         3.7970454654       -19.7028536613
        2.6600095000         0.7000000000         0.5874552328         3.7255928965       -19.5033916887
        2.6650085000         0.7000000000         0.5874552328         3.6464846953       -19.5033916887
        2.6700086000         0.7000000000         0.5797982522         3.5673764941       -19.7028536613
        2.6750085000         0.7000000000         0.5849029059         3.4984758027       -19.5698790129
        2.6800054000         0.7000000000         0.5874552328         3.4321269888       -19.5033916887
        2.6850086000         0.7000000000         0.5823505790         3.3453631551       -19.6363663371
        2.6900096000         0.7000000000         0.5746935985         3.2688068314       -19.8358283098
        2.6950070000         0.7000000000         0.5925598865         3.2024580174       -19.3704170402
        2.7000084000         0.7000000000         0.5721412716         3.1207979388       -19.9023156340
        2.7050090000         0.7000000000         0.5797982522         3.0467934924       -19.7028536613
        2.7100045000         0.7000000000         0.5772459253         2.9753409236       -19.7693409856
        2.7150086000         0.7000000000         0.5823505790         2.8962327224       -19.6363663371
        2.7200092000         0.7000000000         0.5900075596         2.8273320310       -19.4369043644
        2.7250086000         0.7000000000         0.5772459253         2.7507757072       -19.7693409856
        2.7300089000         0.7000000000         0.5849029059         2.6742193834       -19.5698790129
        2.7350090000         0.7000000000         0.5746935985         2.5976630597       -19.8358283098
        2.7400051000         0.7000000000         0.5797982522         2.5211067359       -19.7028536613
        2.7450091000         0.7000000000         0.5951122133         2.4547579220       -19.3039297160
        2.7500073000         0.7000000000         0.5797982522         2.3705459658       -19.7028536613
        2.7550087000         0.7000000000         0.5721412716         2.3016452744       -19.9023156340
        2.7600061000         0.7000000000         0.5797982522         2.2250889506       -19.7028536613
        2.7650089000         0.7000000000         0.5849029059         2.1485326269       -19.5698790129
        2.7700055000         0.7000000000         0.5976645402         2.0847356904       -19.2374423917
        2.7750085000         0.7000000000         0.5823505790         2.0005237343       -19.6363663371
        2.7800084000         0.7000000000         0.5593796373         1.9239674105       -20.2347522552
        2.7850089000         0.7000000000         0.5849029059         1.8525148416       -19.5698790129
        2.7900059000         0.7000000000         0.6002168670         1.7810622728       -19.1709550675
        2.7950089000         0.7000000000         0.5925598865         1.7096097039       -19.3704170402
        2.8000041000         0.7000000000         0.5721412716         1.6330533802       -19.9023156340
        2.8050091000         0.7000000000         0.5797982522         1.5564970564       -19.7028536613
        2.8100084000         0.7000000000         0.5746935985         1.4824926101       -19.8358283098
        2.8150086000         0.7000000000         0.5797982522         1.4033844088       -19.7028536613
        2.8200045000         0.7000000000         0.5849029059         1.3319318400       -19.5698790129
        2.8250089000         0.7000000000         0.5797982522         1.2502717613       -19.7028536613
        2.8300069000         0.7000000000         0.5746935985         1.1737154375       -19.8358283098
        2.8350089000         0.7000000000         0.5644842910         1.1073666236       -20.1017776067
        2.8402415000         0.7000000000         0.5874552328         1.0231546675       -19.5033916887
        2.8450047000         0.7000000000         0.6002168670         0.9542539761       -19.1709550675
        2.8500056000         0.7000000000         0.5721412716         0.8776976523       -19.9023156340
        2.8550085000         0.7000000000         0.5900075596         0.8087969609       -19.4369043644
        2.8600054000         0.7000000000         0.5746935985         0.7296887597       -19.8358283098
        2.8650065000         0.7000000000         0.5900075596         0.6480286810       -19.4369043644
        2.8700044000         0.7000000000         0.5976645402         0.5714723572       -19.2374423917
        2.8750051000         0.7000000000         0.5849029059         0.4949160334       -19.5698790129
        2.8800058000         0.7000000000         0.5695889448         0.4107040773       -19.9688029582
        2.8850086000         0.7000000000         0.5874552328         0.3315958761       -19.5033916887
        2.8900053000         0.7000000000         0.5925598865         0.2677989396       -19.3704170402
        2.8950088000         0.7000000000         0.5823505790         0.1784832285       -19.6363663371
        2.9000049000         0.7000000000         0.5976645402         0.1070306597       -19.2374423917
        2.9050087000         0.7000000000         0.5644842910         0.0228187035       -20.1017776067
        2.9100072000         0.7000000000         0.6027691939         0.0075074388       -19.1044677433
        2.9150318000         0.7000000000         0.5900075596         1.1175741334       -19.4369043644
        2.9200050000         0.7000000000         0.5874552328         5.0015316260       -19.5033916887
        2.9250087000         0.7000000000         0.5823505790         5.0015316260       -19.6363663371
        2.9300055000         0.7000000000         0.5797982522         4.9453903219       -19.7028536613
        2.9350086000         0.7000000000         0.5823505790         4.8739377531       -19.6363663371
        2.9400087000         0.7000000000         0.5951122133         4.7897257969       -19.3039297160
        2.9450089000         0.7000000000         0.5849029059         4.7157213506       -19.5698790129
        2.9500088000         0.7000000000         0.5925598865         4.6315093945       -19.3704170402
        2.9550144000         0.7000000000         0.5874552328         4.5575049482       -19.5033916887
        2.9600076000         0.7000000000         0.5823505790         4.4835005019       -19.6363663371
        2.9650091000         0.7000000000         0.5976645402         4.4069441781       -19.2374423917
        2.9700051000         0.7000000000         0.5900075596         4.3252840994       -19.4369043644
        2.9750120000         0.7000000000         0.5772459253         4.2512796531       -19.7693409856
        2.9800086000         0.7000000000         0.5823505790         4.1747233293       -19.6363663371
        2.9850046000         0.7000000000         0.5925598865         4.1058226379       -19.3704170402
        2.9900090000         0.7000000000         0.5976645402         4.0394738240       -19.2374423917
        2.9950087000         0.7000000000         0.5874552328         3.9578137453       -19.5033916887
        3.0000060000         0.7000000000         0.5925598865         3.8787055441       -19.3704170402
        3.0050085000         0.7000000000         0.5849029059         3.8174604851       -19.5698790129
        3.0100063000         0.7000000000         0.5900075596         3.7358004064       -19.4369043644
        3.0150083000         0.7000000000         0.5951122133         3.6668997150       -19.3039297160
        3.0200082000         0.7000000000         0.6002168670         3.5903433912       -19.1709550675
        3.0250081000         0.7000000000         0.5976645402         3.5112351900       -19.2374423917
        3.0302560000         0.7000000000         0.5874552328         3.4372307437       -19.5033916887
        3.0350091000         0.7000000000         0.5746935985         3.3555706650       -19.8358283098
        3.0400070000         0.7000000000         0.5797982522         3.2790143412       -19.7028536613
        3.0450047000         0.7000000000         0.5900075596         3.2203211597       -19.4369043644
        3.0500097000         0.7000000000         0.5900075596         3.1361092035       -19.4369043644
        3.0550073000         0.7000000000         0.5797982522         3.0621047572       -19.7028536613
        3.0600322000         0.7000000000         0.5849029059         2.9855484334       -19.5698790129
        3.0650039000         0.7000000000         0.5823505790         2.9140958646       -19.6363663371
        3.0700053000         0.7000000000         0.5849029059         2.8324357859       -19.5698790129
        3.0750068000         0.7000000000         0.5849029059         2.7609832170       -19.5698790129
        3.0800085000         0.7000000000         0.5823505790         2.6844268933       -19.6363663371
        3.0850044000         0.7000000000         0.5644842910         2.6078705695       -20.1017776067
        3.0900086000         0.7000000000         0.5874552328         2.5389698781       -19.5033916887
        3.0950061000         0.7000000000         0.5951122133         2.4649654318       -19.3039297160
        3.1000053000         0.7000000000         0.5823505790         2.3884091080       -19.6363663371
        3.1050041000         0.7000000000         0.5797982522         2.3169565392       -19.7028536613
        3.1100025000         0.7000000000         0.5772459253         2.2404002154       -19.7693409856
        3.1150074000         0.7000000000         0.5849029059         2.1663957691       -19.5698790129
        3.1200047000         0.7000000000         0.5925598865         2.0949432002       -19.3704170402
        3.1250043000         0.7000000000         0.5874552328         2.0107312441       -19.5033916887
        3.1300033000         0.7000000000         0.5772459253         1.9443824302       -19.7693409856
        3.1350031000         0.7000000000         0.5874552328         1.8754817388       -19.5033916887
        3.1400029000         0.7000000000         0.5721412716         1.7938216601       -19.9023156340
        3.1450060000         0.7000000000         0.5874552328         1.7198172138       -19.5033916887
        3.1500087000         0.7000000000         0.5849029059         1.6407090125       -19.5698790129
        3.1550045000         0.7000000000         0.5849029059         1.5718083211       -19.5698790129
        3.1600097000         0.7000000000         0.5797982522         1.5029076297       -19.7028536613
        3.1650056000         0.7000000000         0.5695889448         1.4161437961       -19.9688029582
        3.1700088000         0.7000000000         0.5823505790         1.3472431047       -19.6363663371
        3.1750068000         0.7000000000         0.5900075596         1.2732386584       -19.4369043644
        3.1800089000         0.7000000000         0.5900075596         1.1992342121       -19.4369043644
        3.1850057000         0.7000000000         0.5746935985         1.1252297658       -19.8358283098
        3.1901450000         0.7000000000         0.5849029059         1.0461215646       -19.5698790129
        3.1950080000         0.7000000000         0.5874552328         0.9721171183       -19.5033916887
        3.2000097000         0.7000000000         0.5721412716         0.8879051621       -19.9023156340
        3.2050069000         0.7000000000         0.5951122133         0.8190044707       -19.3039297160
        3.2100088000         0.7000000000         0.5772459253         0.7501037793       -19.7693409856
        3.2150086000         0.7000000000         0.5746935985         0.6633399457       -19.8358283098
        3.2200087000         0.7000000000         0.5874552328         0.5867836220       -19.5033916887
        3.2250047000         0.7000000000         0.5900075596         0.5153310531       -19.4369043644
        3.2300082000         0.7000000000         0.5772459253         0.4336709744       -19.7693409856
        3.2350080000         0.7000000000         0.5951122133         0.3520108957       -19.3039297160
        3.2400088000         0.7000000000         0.5797982522         0.2729026945       -19.7028536613
        3.2450059000         0.7000000000         0.5951122133         0.1988982482       -19.3039297160
        3.2500086000         0.7000000000         0.5849029059         0.1197900470       -19.5698790129
        3.2550049000         0.7000000000         0.5746935985         0.0355780908       -19.8358283098
        3.2600086000         0.7000000000         0.5849029059        -0.0027000711       -19.5698790129
        3.2650045000         0.7000000000         0.5849029059         0.0049555613       -19.5698790129
        3.2700088000         0.7000000000         0.5900075596         5.0117391359       -19.4369043644
        3.2750057000         0.7000000000         0.5823505790         4.9989797486       -19.6363663371
        3.2800085000         0.7000000000         0.5721412716         4.9581497092       -19.9023156340
        3.2850042000         0.7000000000         0.5900075596         4.8892490178       -19.4369043644
        3.2900085000         0.7000000000         0.5900075596         4.8152445715       -19.4369043644
        3.2950066000         0.7000000000         0.5797982522         4.7284807379       -19.7028536613
        3.3000089000         0.7000000000         0.5900075596         4.6442687818       -19.4369043644
        3.3050047000         0.7000000000         0.5925598865         4.5804718453       -19.3704170402
        3.3100085000         0.7000000000         0.5823505790         4.4886042568       -19.6363663371
        3.3150048000         0.7000000000         0.5976645402         4.4273591978       -19.2374423917
        3.3200086000         0.7000000000         0.5925598865         4.3431472416       -19.3704170402
        3.3250090000         0.7000000000         0.5874552328         4.2665909178       -19.5033916887
        3.3300089000         0.7000000000         0.5976645402         4.2002421039       -19.2374423917
        3.3350062000         0.7000000000         0.5849029059         4.1109263928       -19.5698790129
        3.3400088000         0.7000000000         0.5772459253         4.0420257015       -19.7693409856
        3.3450047000         0.7000000000         0.5951122133         3.9756768875       -19.3039297160
        3.3500148000         0.7000000000         0.5976645402         3.8940168088       -19.2374423917
        3.3550047000         0.7000000000         0.5900075596         3.8200123625       -19.4369043644
        3.3600089000         0.7000000000         0.5874552328         3.7434560388       -19.5033916887
        3.3650085000         0.7000000000         0.5849029059         3.6694515924       -19.5698790129
        3.3700094000         0.7000000000         0.5951122133         3.5928952687       -19.3039297160
        3.3750076000         0.7000000000         0.5874552328         3.5265464547       -19.5033916887
        3.3800088000         0.7000000000         0.5900075596         3.4448863760       -19.4369043644
        3.3850070000         0.7000000000         0.6104261745         3.3734338072       -18.9050057706
        3.3900088000         0.7000000000         0.5746935985         3.2892218510       -19.8358283098
        3.3950059000         0.7000000000         0.5695889448         3.2177692822       -19.9688029582
        3.4000068000         0.7000000000         0.5874552328         3.1437648359       -19.5033916887
        3.4050059000         0.7000000000         0.5925598865         3.0697603896       -19.3704170402
        3.4100118000         0.7000000000         0.5721412716         2.9932040658       -19.9023156340
        3.4150095000         0.7000000000         0.5874552328         2.9319590068       -19.5033916887
        3.4200086000         0.7000000000         0.5772459253         2.8451951732       -19.7693409856
        3.4250030000         0.7000000000         0.5874552328         2.7813982367       -19.5033916887
        3.4300099000         0.7000000000         0.6002168670         2.7073937904       -19.1709550675
        3.4350137000         0.7000000000         0.5849029059         2.6308374666       -19.5698790129
        3.4400123000         0.7000000000         0.5746935985         2.5466255105       -19.8358283098
        3.4450051000         0.7000000000         0.5849029059         2.4777248191       -19.5698790129
        3.4500107000         0.7000000000         0.5823505790         2.4011684953       -19.6363663371
        3.4550301000         0.7000000000         0.5951122133         2.3322678039       -19.3039297160
        3.4600087000         0.7000000000         0.5925598865         2.2455039703       -19.3704170402
        3.4650084000         0.7000000000         0.5951122133         2.1842589113       -19.3039297160
        3.4700087000         0.7000000000         0.5721412716         2.1025988326       -19.9023156340
        3.4750068000         0.7000000000         0.5874552328         2.0260425088       -19.5033916887
        3.4800090000         0.7000000000         0.5849029059         1.9469343076       -19.5698790129
        3.4850087000         0.7000000000         0.5772459253         1.8729298613       -19.7693409856
        3.4900089000         0.7000000000         0.5823505790         1.8040291699       -19.6363663371
        3.4950113000         0.7000000000         0.5746935985         1.7300247236       -19.8358283098
        3.5000071000         0.7000000000         0.5900075596         1.6585721547       -19.4369043644
        3.5050054000         0.7000000000         0.5772459253         1.5769120761       -19.7693409856
        3.5100060000         0.7000000000         0.5849029059         1.5054595072       -19.5698790129
        3.5150091000         0.7000000000         0.5746935985         1.4314550609       -19.8358283098
        3.5200051000         0.7000000000         0.5874552328         1.3651062470       -19.5033916887
        3.5250089000         0.7000000000         0.5849029059         1.2859980457       -19.5698790129
        3.5300054000         0.7000000000         0.5874552328         1.2068898445       -19.5033916887
        3.5350091000         0.7000000000         0.5925598865         1.1430929080       -19.3704170402
        3.5400086000         0.7000000000         0.5900075596         1.0716403392       -19.4369043644
        3.5450087000         0.7000000000         0.5874552328         0.9874283830       -19.5033916887
        3.5500056000         0.7000000000         0.5721412716         0.9108720593       -19.9023156340
        3.5550098000         0.7000000000         0.5976645402         0.8343157355       -19.2374423917
        3.5600055000         0.7000000000         0.5823505790         0.7552075343       -19.6363663371
        3.5650101000         0.7000000000         0.5797982522         0.6786512105       -19.7028536613
        3.5700053000         0.7000000000         0.5874552328         0.6071986416       -19.5033916887
        3.5750088000         0.7000000000         0.5951122133         0.5280904404       -19.3039297160
        3.5800092000         0.7000000000         0.5900075596         0.4438784843       -19.4369043644
        3.5850106000         0.7000000000         0.5900075596         0.3749777929       -19.4369043644
        3.5900062000         0.7000000000         0.5925598865         0.2984214691       -19.3704170402
        3.5950131000         0.7000000000         0.5925598865         0.2193132679       -19.3704170402
        3.6000104000         0.7000000000         0.5823505790         0.1427569441       -19.6363663371
        3.6050095000         0.7000000000         0.6078738476         0.0662006203       -18.9714930948
        3.6100068000         0.7000000000         0.5951122133         0.0024036839       -19.3039297160
        3.6150106000         0.7000000000         0.5900075596         0.0100593162       -19.4369043644
        3.6200080000         0.7000000000         0.5900075596         1.1048147461       -19.4369043644
        3.6250128000         0.7000000000         0.5900075596         5.0066353810       -19.4369043644
        3.6300100000         0.7000000000         0.5823505790         4.9913241162       -19.6363663371
        3.6350086000         0.7000000000         0.6053215207         4.9173196699       -19.0379804191
        3.6400052000         0.7000000000         0.5900075596         4.8382114687       -19.4369043644
        3.6450087000         0.7000000000         0.5976645402         4.7642070224       -19.2374423917
        3.6500066000         0.7000000000         0.5797982522         4.6748913113       -19.7028536613
        3.6550086000         0.7000000000         0.5976645402         4.6008868650       -19.2374423917
        3.6600060000         0.7000000000         0.5976645402         4.5268824187       -19.2374423917
        3.6650085000         0.7000000000         0.5976645402         4.4528779724       -19.2374423917
        3.6700073000         0.7000000000         0.5900075596         4.3737697711       -19.4369043644
        3.6750086000         0.7000000000         0.5823505790         4.2972134474       -19.6363663371
        3.6800685000         0.7000000000         0.5925598865         4.2283127560       -19.3704170402
        3.6850121000         0.7000000000         0.5823505790         4.1389970449       -19.6363663371
        3.6900062000         0.7000000000         0.5925598865         4.0752001084       -19.3704170402
        3.6953770000         0.7000000000         0.5772459253         3.9858843974       -19.7693409856
        3.7000095000         0.7000000000         0.5925598865         3.9195355834       -19.3704170402
        3.7054792000         0.7000000000         0.5900075596         3.8506348920       -19.4369043644
        3.7100078000         0.7000000000         0.5976645402         3.7766304457       -19.2374423917
        3.7150101000         0.7000000000         0.5874552328         3.6975222445       -19.5033916887
        3.7200057000         0.7000000000         0.5925598865         3.6235177982       -19.3704170402
        3.7250078000         0.7000000000         0.5849029059         3.5520652293       -19.5698790129
        3.7300084000         0.7000000000         0.5849029059         3.4780607830       -19.5698790129
        3.7350092000         0.7000000000         0.6002168670         3.4066082142       -19.1709550675
        3.7400060000         0.7000000000         0.6002168670         3.3351556453       -19.1709550675
        3.7450086000         0.7000000000         0.5797982522         3.2534955666       -19.7028536613
        3.7500085000         0.7000000000         0.5900075596         3.1845948752       -19.4369043644
        3.7550726000         0.7000000000         0.5823505790         3.1029347965       -19.6363663371
        3.7600093000         0.7000000000         0.5925598865         3.0289303502       -19.3704170402
        3.7650062000         0.7000000000         0.5874552328         2.9574777814       -19.5033916887
        3.7705095000         0.7000000000         0.5772459253         2.8681620703       -19.7693409856
        3.7750094000         0.7000000000         0.5797982522         2.8069170113       -19.7028536613
        3.7802015000         0.7000000000         0.5797982522         2.7252569326       -19.7028536613
        3.7850065000         0.7000000000         0.5874552328         2.6589081187       -19.5033916887
        3.7900056000         0.7000000000         0.5823505790         2.5823517949       -19.6363663371
        3.7950077000         0.7000000000         0.5874552328         2.5108992261       -19.5033916887
        3.8000103000         0.7000000000         0.5772459253         2.4266872699       -19.7693409856
        3.8050074000         0.7000000000         0.5900075596         2.3654422109       -19.4369043644
        3.8116496000         0.7000000000         0.5849029059         2.2557114802       -19.5698790129
        3.8153282000         0.7000000000         0.5900075596         2.2072258084       -19.4369043644
        3.8200108000         0.7000000000         0.5797982522         2.1000469552       -19.7028536613
        3.8250137000         0.7000000000         0.5772459253         2.0592169158       -19.7693409856
        3.8300133000         0.7000000000         0.5772459253         1.9775568371       -19.7693409856
        3.8350130000         0.7000000000         0.5772459253         1.9086561457       -19.7693409856
        3.8406671000         0.7000000000         0.5797982522         1.8193404347       -19.7028536613
        3.8450596000         0.7000000000         0.5874552328         1.7555434982       -19.5033916887
        3.8508744000         0.7000000000         0.5823505790         1.6764352970       -19.6363663371
        3.8550231000         0.7000000000         0.5746935985         1.6151902379       -19.8358283098
        3.8600076000         0.7000000000         0.5900075596         1.5437376691       -19.4369043644
        3.8650075000         0.7000000000         0.5695889448         1.4646294679       -19.9688029582
        3.8700062000         0.7000000000         0.5797982522         1.3880731441       -19.7028536613
        3.8750074000         0.7000000000         0.5797982522         1.3191724527       -19.7028536613
        3.8800091000         0.7000000000         0.5746935985         1.2400642515       -19.8358283098
        3.8857411000         0.7000000000         0.5900075596         1.1584041728       -19.4369043644
        3.8903471000         0.7000000000         0.5797982522         1.0920553588       -19.7028536613
        3.8950311000         0.7000000000         0.5900075596         1.0180509125       -19.4369043644
        3.9000097000         0.7000000000         0.5695889448         0.9414945888       -19.9688029582
        3.9050842000         0.7000000000         0.5900075596         0.8649382650       -19.4369043644
        3.9100084000         0.7000000000         0.5951122133         0.7909338187       -19.3039297160
        3.9150127000         0.7000000000         0.5823505790         0.7194812498       -19.6363663371
        3.9200071000         0.7000000000         0.5849029059         0.6352692937       -19.5698790129
        3.9250116000         0.7000000000         0.5925598865         0.5638167248       -19.3704170402
        3.9300109000         0.7000000000         0.5823505790         0.4796047687       -19.6363663371
        3.9350094000         0.7000000000         0.5874552328         0.4081521998       -19.5033916887
        3.9400099000         0.7000000000         0.6027691939         0.3213883662       -19.1044677433
        3.9450210000         0.7000000000         0.5900075596         0.2524876748       -19.4369043644
        3.9500074000         0.7000000000         0.5797982522         0.1810351060       -19.7028536613
        3.9550093000         0.7000000000         0.6053215207         0.0968231498       -19.0379804191
        3.9600079000         0.7000000000         0.5874552328         0.0151630711       -19.5033916887
        3.9650103000         0.7000000000         0.5976645402         0.0075074388       -19.2374423917
        3.9700066000         0.7000000000         0.5976645402         1.1124703785       -19.2374423917
        3.9750087000         0.7000000000         0.5797982522         4.9989797486       -19.7028536613
        3.9800066000         0.7000000000         0.5976645402         5.0142910133       -19.2374423917
        3.9850104000         0.7000000000         0.5925598865         4.9479421994       -19.3704170402
        3.9908094000         0.7000000000         0.6053215207         4.8305558363       -19.0379804191
        3.9950114000         0.7000000000         0.5925598865         4.7897257969       -19.3704170402
