% Sweep Step 93/200  Vcmd=2.9700V  CW
% Vg_offset=1.338056V  K_gimbal=26.049690

Time[s]              Vcmd[V]              Vg_raw[V]            Pot[V]               Omega[rad/s]
        0.0005315000         2.9700000000         1.3454963091         0.0228187035         0.1938105501
        0.0055399000         2.9700000000         1.3378393285         0.0151630711        -0.0056514226
        0.0105353000         2.9700000000         1.3352870017         0.0151630711        -0.0721387468
        0.0155075000         2.9700000000         1.3429439823         0.0253705810         0.1273232259
        0.0204716000         2.9700000000         1.3454963091         0.0228187035         0.1938105501
        0.0255285000         2.9700000000         1.3378393285         0.0151630711        -0.0056514226
        0.0305242000         2.9700000000         1.4041998268         0.0202668261         1.7230190073
        0.0355543000         2.9700000000         1.4322754222         0.0253705810         2.4543795738
        0.0405293000         2.9700000000         1.4016475000         0.0330262134         1.6565316831
        0.0455178000         2.9700000000         1.4169614611         0.0355780908         2.0554556285
        0.0505495000         2.9700000000         1.4373800759         0.0483374781         2.5873542223
        0.0555163000         2.9700000000         1.4271707685         0.0662006203         2.3214049254
        0.0605305000         2.9700000000         1.4373800759         0.0713043752         2.5873542223
        0.0655474000         2.9700000000         1.4399324028         0.0815118851         2.6538415465
        0.0706105000         2.9700000000         1.4399324028         0.0917193949         2.6538415465
        0.0754800000         2.9700000000         1.4424847297         0.1019269048         2.7203288707
        0.0805366000         2.9700000000         1.4399324028         0.1070306597         2.6538415465
        0.0855261000         2.9700000000         1.4373800759         0.1172381695         2.5873542223
        0.0905425000         2.9700000000         1.4271707685         0.1274456793         2.3214049254
        0.0955216000         2.9700000000         1.4424847297         0.1402050666         2.7203288707
        0.1004727000         2.9700000000         1.4424847297         0.1580682088         2.7203288707
        0.1054375000         2.9700000000         1.4526940371         0.1682757187         2.9862781676
        0.1104591000         2.9700000000         1.4501417102         0.1784832285         2.9197908434
        0.1154626000         2.9700000000         1.4501417102         0.1886907384         2.9197908434
        0.1204202000         2.9700000000         1.4475893834         0.2014501257         2.8533035192
        0.1254711000         2.9700000000         1.4475893834         0.2065538806         2.8533035192
        0.1304438000         2.9700000000         1.4424847297         0.2167613904         2.7203288707
        0.1354616000         2.9700000000         1.4424847297         0.2193132679         2.7203288707
        0.1404462000         2.9700000000         1.4475893834         0.2397282875         2.8533035192
        0.1454198000         2.9700000000         1.4501417102         0.2499357974         2.9197908434
        0.1504335000         2.9700000000         1.4475893834         0.2652470621         2.8533035192
        0.1553909000         2.9700000000         1.4577986908         0.2780064494         3.1192528161
        0.1604261000         2.9700000000         1.4475893834         0.2856620818         2.8533035192
        0.1654359000         2.9700000000         1.4450370565         0.2907658367         2.7868161950
        0.1705691000         2.9700000000         1.4450370565         0.3009733466         2.7868161950
        0.1755093000         2.9700000000         1.4424847297         0.3137327338         2.7203288707
        0.1804712000         2.9700000000         1.4629033445         0.3392515084         3.2522274645
        0.1854256000         2.9700000000         1.4475893834         0.3443552634         2.8533035192
        0.1904256000         2.9700000000         1.4629033445         0.3596665281         3.2522274645
        0.1953883000         2.9700000000         1.4577986908         0.3647702830         3.1192528161
        0.2004434000         2.9700000000         1.4577986908         0.3800815478         3.1192528161
        0.2053878000         2.9700000000         1.4526940371         0.3902890576         2.9862781676
        0.2103858000         2.9700000000         1.4577986908         0.4056003224         3.1192528161
        0.2153863000         2.9700000000         1.4475893834         0.4107040773         2.8533035192
        0.2204774000         2.9700000000         1.4603510177         0.4260153420         3.1857401403
        0.2254247000         2.9700000000         1.4526940371         0.4413266068         2.9862781676
        0.2304640000         2.9700000000         1.4680079982         0.4540859941         3.3852021130
        0.2353878000         2.9700000000         1.4629033445         0.4693972588         3.2522274645
        0.2403878000         2.9700000000         1.4577986908         0.4693972588         3.1192528161
        0.2453945000         2.9700000000         1.4552463639         0.4847085236         3.0527654919
        0.2504892000         2.9700000000         1.4577986908         0.5025716658         3.1192528161
        0.2554459000         2.9700000000         1.4552463639         0.5102272982         3.0527654919
        0.2605359000         2.9700000000         1.4603510177         0.5280904404         3.1857401403
        0.2654616000         2.9700000000         1.4603510177         0.5382979502         3.1857401403
        0.2704127000         2.9700000000         1.4654556714         0.5561610925         3.3187147888
        0.2754158000         2.9700000000         1.4501417102         0.5561610925         2.9197908434
        0.2804100000         2.9700000000         1.4526940371         0.5714723572         2.9862781676
        0.2854581000         2.9700000000         1.4526940371         0.5867836220         2.9862781676
        0.2905197000         2.9700000000         1.4526940371         0.5944392543         2.9862781676
        0.2954271000         2.9700000000         1.4577986908         0.6148542740         3.1192528161
        0.3004502000         2.9700000000         1.4526940371         0.6199580289         2.9862781676
        0.3053966000         2.9700000000         1.4654556714         0.6429249261         3.3187147888
        0.3105235000         2.9700000000         1.4501417102         0.6454768035         2.9197908434
        0.3154244000         2.9700000000         1.4475893834         0.6582361908         2.8533035192
        0.3206256000         2.9700000000         1.4577986908         0.6709955781         3.1192528161
        0.3253921000         2.9700000000         1.4654556714         0.6914105978         3.3187147888
        0.3307768000         2.9700000000         1.4680079982         0.7016181076         3.3852021130
        0.3354285000         2.9700000000         1.4680079982         0.7194812498         3.3852021130
        0.3404421000         2.9700000000         1.4526940371         0.7194812498         2.9862781676
        0.3454208000         2.9700000000         1.4654556714         0.7398962695         3.3187147888
        0.3505369000         2.9700000000         1.4654556714         0.7526556568         3.3187147888
        0.3554659000         2.9700000000         1.4654556714         0.7628631666         3.3187147888
        0.3603894000         2.9700000000         1.4629033445         0.7705187990         3.2522274645
        0.3654073000         2.9700000000         1.4680079982         0.7858300638         3.3852021130
        0.3705999000         2.9700000000         1.4577986908         0.7960375736         3.1192528161
        0.3754470000         2.9700000000         1.4731126519         0.8190044707         3.5181767615
        0.3807755000         2.9700000000         1.4680079982         0.8292119806         3.3852021130
        0.3854234000         2.9700000000         1.4603510177         0.8368676129         3.1857401403
        0.3904324000         2.9700000000         1.4680079982         0.8572826326         3.3852021130
        0.3954863000         2.9700000000         1.4782173056         0.8751457748         3.6511514099
        0.4004983000         2.9700000000         1.4603510177         0.8828014072         3.1857401403
        0.4054751000         2.9700000000         1.4629033445         0.8930089170         3.2522274645
        0.4104297000         2.9700000000         1.4654556714         0.9108720593         3.3187147888
        0.4154306000         2.9700000000         1.4680079982         0.9287352015         3.3852021130
        0.4204487000         2.9700000000         1.4680079982         0.9363908338         3.3852021130
        0.4253854000         2.9700000000         1.4705603251         0.9491502211         3.4516894372
        0.4304143000         2.9700000000         1.4603510177         0.9568058535         3.1857401403
        0.4354749000         2.9700000000         1.4680079982         0.9746689957         3.3852021130
        0.4404472000         2.9700000000         1.4807696325         0.9950840154         3.7176387341
        0.4454140000         2.9700000000         1.4654556714         1.0052915252         3.3187147888
        0.4503913000         2.9700000000         1.4629033445         1.0154990351         3.2522274645
        0.4554483000         2.9700000000         1.4680079982         1.0257065449         3.3852021130
        0.4604458000         2.9700000000         1.4603510177         1.0359140547         3.1857401403
        0.4653963000         2.9700000000         1.4552463639         1.0563290744         3.0527654919
        0.4704259000         2.9700000000         1.4807696325         1.0767440941         3.7176387341
        0.4754567000         2.9700000000         1.4654556714         1.0843997265         3.3187147888
        0.4804336000         2.9700000000         1.4680079982         1.0971591138         3.3852021130
        0.4854259000         2.9700000000         1.4603510177         1.1022628687         3.1857401403
        0.4904267000         2.9700000000         1.4603510177         1.1175741334         3.1857401403
        0.4954745000         2.9700000000         1.4731126519         1.1379891531         3.5181767615
        0.5004724000         2.9700000000         1.4756649788         1.1533004179         3.5846640857
        0.5054144000         2.9700000000         1.4705603251         1.1635079277         3.4516894372
        0.5104344000         2.9700000000         1.4629033445         1.1711635601         3.2522274645
        0.5154761000         2.9700000000         1.4731126519         1.1915785797         3.5181767615
        0.5204579000         2.9700000000         1.4654556714         1.1992342121         3.3187147888
        0.5254111000         2.9700000000         1.4680079982         1.2094417220         3.3852021130
        0.5304338000         2.9700000000         1.4705603251         1.2247529867         3.4516894372
        0.5354162000         2.9700000000         1.4731126519         1.2400642515         3.5181767615
        0.5404274000         2.9700000000         1.4654556714         1.2477198838         3.3187147888
        0.5454769000         2.9700000000         1.4705603251         1.2604792711         3.4516894372
        0.5504254000         2.9700000000         1.4807696325         1.2808942908         3.7176387341
        0.5554138000         2.9700000000         1.4654556714         1.2885499232         3.3187147888
        0.5604269000         2.9700000000         1.4680079982         1.3013093105         3.3852021130
        0.5654498000         2.9700000000         1.4731126519         1.3166205752         3.5181767615
        0.5703899000         2.9700000000         1.4577986908         1.3191724527         3.1192528161
        0.5754651000         2.9700000000         1.4654556714         1.3395874724         3.3187147888
        0.5804521000         2.9700000000         1.4807696325         1.3600024920         3.7176387341
        0.5853898000         2.9700000000         1.4629033445         1.3600024920         3.2522274645
        0.5904206000         2.9700000000         1.4705603251         1.3753137568         3.4516894372
        0.5954201000         2.9700000000         1.4680079982         1.3931768990         3.3852021130
        0.6004170000         2.9700000000         1.4756649788         1.4110400412         3.5846640857
        0.6054660000         2.9700000000         1.4705603251         1.4186956736         3.4516894372
        0.6103859000         2.9700000000         1.4756649788         1.4340069384         3.5846640857
        0.6155465000         2.9700000000         1.4629033445         1.4442144482         3.2522274645
        0.6204566000         2.9700000000         1.4705603251         1.4646294679         3.4516894372
        0.6254259000         2.9700000000         1.4629033445         1.4671813453         3.2522274645
        0.6303886000         2.9700000000         1.4782173056         1.4901482425         3.6511514099
        0.6354107000         2.9700000000         1.4782173056         1.5054595072         3.6511514099
        0.6403885000         2.9700000000         1.4833219594         1.5105632621         3.7841260584
        0.6454632000         2.9700000000         1.4680079982         1.5233226494         3.3852021130
        0.6504251000         2.9700000000         1.4807696325         1.5462895465         3.7176387341
        0.6554569000         2.9700000000         1.4858742862         1.5590489338         3.8506133826
        0.6603866000         2.9700000000         1.4782173056         1.5667045662         3.6511514099
        0.6654508000         2.9700000000         1.4756649788         1.5871195859         3.5846640857
        0.6705249000         2.9700000000         1.4731126519         1.5922233408         3.5181767615
        0.6755606000         2.9700000000         1.4629033445         1.5998789732         3.2522274645
        0.6804573000         2.9700000000         1.4756649788         1.6228458703         3.5846640857
        0.6854130000         2.9700000000         1.4782173056         1.6330533802         3.6511514099
        0.6903849000         2.9700000000         1.4782173056         1.6560202773         3.6511514099
        0.6954594000         2.9700000000         1.4629033445         1.6534683998         3.2522274645
        0.7004608000         2.9700000000         1.4756649788         1.6738834195         3.5846640857
        0.7054574000         2.9700000000         1.4731126519         1.6917465617         3.5181767615
        0.7103946000         2.9700000000         1.4782173056         1.7096097039         3.6511514099
        0.7154614000         2.9700000000         1.4782173056         1.7198172138         3.6511514099
        0.7204617000         2.9700000000         1.4756649788         1.7325766011         3.5846640857
        0.7254163000         2.9700000000         1.4807696325         1.7376803560         3.7176387341
        0.7303932000         2.9700000000         1.4680079982         1.7555434982         3.3852021130
        0.7353927000         2.9700000000         1.4629033445         1.7580953756         3.2522274645
        0.7403810000         2.9700000000         1.4680079982         1.7708547629         3.3852021130
        0.7454338000         2.9700000000         1.4705603251         1.7912697826         3.4516894372
        0.7504187000         2.9700000000         1.4705603251         1.8040291699         3.4516894372
        0.7555365000         2.9700000000         1.4680079982         1.8218923121         3.3852021130
        0.7605424000         2.9700000000         1.4807696325         1.8372035769         3.7176387341
        0.7654169000         2.9700000000         1.4654556714         1.8423073318         3.3187147888
        0.7703895000         2.9700000000         1.4807696325         1.8576185965         3.7176387341
        0.7753981000         2.9700000000         1.4731126519         1.8780336162         3.5181767615
        0.7804166000         2.9700000000         1.4680079982         1.8805854937         3.3852021130
        0.7855014000         2.9700000000         1.4680079982         1.8958967584         3.3852021130
        0.7904259000         2.9700000000         1.4833219594         1.9163117781         3.7841260584
        0.7954652000         2.9700000000         1.4680079982         1.9239674105         3.3852021130
        0.8004188000         2.9700000000         1.4705603251         1.9392786752         3.4516894372
        0.8054415000         2.9700000000         1.4705603251         1.9469343076         3.4516894372
        0.8104248000         2.9700000000         1.4603510177         1.9571418174         3.1857401403
        0.8154152000         2.9700000000         1.4731126519         1.9724530822         3.5181767615
        0.8204207000         2.9700000000         1.4680079982         1.9928681019         3.3852021130
        0.8254491000         2.9700000000         1.4654556714         2.0005237343         3.3187147888
        0.8304250000         2.9700000000         1.4731126519         2.0209387539         3.5181767615
        0.8354124000         2.9700000000         1.4782173056         2.0311462638         3.6511514099
        0.8403830000         2.9700000000         1.4603510177         2.0388018961         3.1857401403
        0.8456253000         2.9700000000         1.4884266131         2.0566650383         3.9171007068
        0.8504044000         2.9700000000         1.4680079982         2.0694244256         3.3852021130
        0.8554003000         2.9700000000         1.4654556714         2.0796319355         3.3187147888
        0.8604267000         2.9700000000         1.4782173056         2.1000469552         3.6511514099
        0.8656748000         2.9700000000         1.4731126519         2.1153582199         3.5181767615
        0.8703986000         2.9700000000         1.4782173056         2.1332213621         3.6511514099
        0.8754425000         2.9700000000         1.4731126519         2.1357732396         3.5181767615
        0.8804279000         2.9700000000         1.4680079982         2.1536363818         3.3852021130
        0.8854154000         2.9700000000         1.4603510177         2.1612920142         3.1857401403
        0.8904130000         2.9700000000         1.4858742862         2.1893626662         3.8506133826
        0.8954293000         2.9700000000         1.4603510177         2.1868107888         3.1857401403
        0.9004121000         2.9700000000         1.4858742862         2.2148814408         3.8506133826
        0.9053925000         2.9700000000         1.4782173056         2.2301927056         3.6511514099
        0.9104083000         2.9700000000         1.4680079982         2.2378483379         3.3852021130
        0.9154249000         2.9700000000         1.4705603251         2.2506077252         3.4516894372
        0.9204174000         2.9700000000         1.4756649788         2.2633671125         3.5846640857
        0.9254694000         2.9700000000         1.4680079982         2.2761264998         3.3852021130
        0.9304129000         2.9700000000         1.4705603251         2.2914377646         3.4516894372
        0.9354312000         2.9700000000         1.4731126519         2.3016452744         3.5181767615
        0.9404686000         2.9700000000         1.4782173056         2.3220602941         3.6511514099
        0.9454207000         2.9700000000         1.4680079982         2.3220602941         3.3852021130
        0.9504247000         2.9700000000         1.4680079982         2.3424753138         3.3852021130
        0.9554209000         2.9700000000         1.4756649788         2.3577865785         3.5846640857
        0.9603926000         2.9700000000         1.4654556714         2.3628903334         3.3187147888
        0.9654170000         2.9700000000         1.4833219594         2.3909609855         3.7841260584
        0.9704839000         2.9700000000         1.4731126519         2.4037203728         3.5181767615
        0.9754545000         2.9700000000         1.4705603251         2.4037203728         3.4516894372
        0.9804117000         2.9700000000         1.4680079982         2.4215835150         3.3852021130
        0.9853907000         2.9700000000         1.4680079982         2.4394466572         3.3852021130
        0.9904127000         2.9700000000         1.4680079982         2.4471022896         3.3852021130
        0.9953887000         2.9700000000         1.4629033445         2.4573097994         3.2522274645
        1.0004773000         2.9700000000         1.4654556714         2.4777248191         3.3187147888
        1.0054282000         2.9700000000         1.4680079982         2.4828285740         3.3852021130
        1.0104106000         2.9700000000         1.4654556714         2.4981398388         3.3187147888
        1.0153868000         2.9700000000         1.4654556714         2.5160029810         3.3187147888
        1.0204814000         2.9700000000         1.4680079982         2.5287623683         3.3852021130
        1.0253890000         2.9700000000         1.4654556714         2.5364180006         3.3187147888
        1.0304157000         2.9700000000         1.4577986908         2.5491773879         3.1192528161
        1.0354350000         2.9700000000         1.4807696325         2.5721442851         3.7176387341
        1.0404674000         2.9700000000         1.4680079982         2.5797999174         3.3852021130
        1.0453879000         2.9700000000         1.4731126519         2.5976630597         3.5181767615
        1.0504719000         2.9700000000         1.4731126519         2.6155262019         3.5181767615
        1.0553871000         2.9700000000         1.4731126519         2.6180780793         3.5181767615
        1.0604479000         2.9700000000         1.4705603251         2.6384930990         3.4516894372
        1.0654233000         2.9700000000         1.4731126519         2.6487006088         3.5181767615
        1.0704438000         2.9700000000         1.4680079982         2.6512524863         3.3852021130
        1.0754193000         2.9700000000         1.4577986908         2.6691156285         3.1192528161
        1.0804891000         2.9700000000         1.4705603251         2.6844268933         3.4516894372
        1.0853953000         2.9700000000         1.4603510177         2.6895306482         3.1857401403
        1.0904140000         2.9700000000         1.4680079982         2.7099456679         3.3852021130
        1.0954264000         2.9700000000         1.4731126519         2.7227050552         3.5181767615
        1.1004116000         2.9700000000         1.4680079982         2.7354644424         3.3852021130
        1.1054569000         2.9700000000         1.4756649788         2.7533275847         3.5846640857
        1.1104109000         2.9700000000         1.4680079982         2.7609832170         3.3852021130
        1.1153931000         2.9700000000         1.4782173056         2.7813982367         3.6511514099
        1.1203912000         2.9700000000         1.4756649788         2.7941576240         3.5846640857
        1.1253820000         2.9700000000         1.4756649788         2.8069170113         3.5846640857
        1.1304649000         2.9700000000         1.4680079982         2.8145726437         3.3852021130
        1.1354533000         2.9700000000         1.4705603251         2.8273320310         3.4516894372
        1.1404612000         2.9700000000         1.4629033445         2.8400914183         3.2522274645
        1.1453874000         2.9700000000         1.4654556714         2.8477470506         3.3187147888
        1.1504999000         2.9700000000         1.4756649788         2.8656101929         3.5846640857
        1.1554250000         2.9700000000         1.4577986908         2.8732658252         3.1192528161
        1.1605787000         2.9700000000         1.4756649788         2.8936808449         3.5846640857
        1.1655872000         2.9700000000         1.4680079982         2.9089921097         3.3852021130
        1.1704607000         2.9700000000         1.4731126519         2.9243033744         3.5181767615
        1.1754376000         2.9700000000         1.4680079982         2.9319590068         3.3852021130
        1.1804488000         2.9700000000         1.4807696325         2.9447183941         3.7176387341
        1.1854570000         2.9700000000         1.4654556714         2.9498221490         3.3187147888
        1.1904198000         2.9700000000         1.4731126519         2.9727890461         3.5181767615
        1.1954150000         2.9700000000         1.4680079982         2.9881003109         3.3852021130
        1.2005464000         2.9700000000         1.4731126519         3.0034115756         3.5181767615
        1.2056042000         2.9700000000         1.4654556714         3.0034115756         3.3187147888
        1.2104311000         2.9700000000         1.4629033445         3.0212747179         3.2522274645
        1.2153950000         2.9700000000         1.4731126519         3.0416897375         3.5181767615
        1.2203863000         2.9700000000         1.4680079982         3.0442416150         3.3852021130
        1.2254242000         2.9700000000         1.4526940371         3.0544491248         2.9862781676
        1.2305753000         2.9700000000         1.4680079982         3.0748641445         3.3852021130
        1.2354993000         2.9700000000         1.4629033445         3.0850716543         3.2522274645
        1.2404130000         2.9700000000         1.4680079982         3.1080385515         3.3852021130
        1.2454271000         2.9700000000         1.4654556714         3.1156941838         3.3187147888
        1.2504678000         2.9700000000         1.4782173056         3.1284535711         3.6511514099
        1.2553872000         2.9700000000         1.4629033445         3.1361092035         3.2522274645
        1.2604397000         2.9700000000         1.4705603251         3.1590761006         3.4516894372
        1.2654203000         2.9700000000         1.4731126519         3.1565242232         3.5181767615
        1.2705674000         2.9700000000         1.4603510177         3.1743873654         3.1857401403
        1.2754473000         2.9700000000         1.4654556714         3.1922505076         3.3187147888
        1.2804630000         2.9700000000         1.4577986908         3.1922505076         3.1192528161
        1.2853950000         2.9700000000         1.4654556714         3.2101136498         3.3187147888
        1.2904909000         2.9700000000         1.4654556714         3.2254249146         3.3187147888
        1.2954570000         2.9700000000         1.4577986908         3.2330805470         3.1192528161
        1.3004733000         2.9700000000         1.4705603251         3.2483918117         3.4516894372
        1.3055282000         2.9700000000         1.4526940371         3.2560474441         2.9862781676
        1.3104712000         2.9700000000         1.4680079982         3.2713587088         3.3852021130
        1.3154600000         2.9700000000         1.4629033445         3.2892218510         3.2522274645
        1.3204203000         2.9700000000         1.4654556714         3.3019812383         3.3187147888
        1.3254504000         2.9700000000         1.4552463639         3.3070849933         3.0527654919
        1.3304701000         2.9700000000         1.4629033445         3.3249481355         3.2522274645
        1.3353907000         2.9700000000         1.4629033445         3.3377075228         3.2522274645
        1.3403961000         2.9700000000         1.4577986908         3.3504669101         3.1192528161
        1.3453834000         2.9700000000         1.4680079982         3.3708819297         3.3852021130
        1.3504290000         2.9700000000         1.4629033445         3.3734338072         3.2522274645
        1.3554541000         2.9700000000         1.4526940371         3.3810894396         2.9862781676
        1.3604202000         2.9700000000         1.4705603251         3.3989525818         3.4516894372
        1.3654150000         2.9700000000         1.4603510177         3.4168157240         3.1857401403
        1.3704896000         2.9700000000         1.4654556714         3.4244713564         3.3187147888
        1.3754595000         2.9700000000         1.4654556714         3.4423344986         3.3187147888
        1.3804857000         2.9700000000         1.4756649788         3.4576457633         3.5846640857
        1.3854299000         2.9700000000         1.4680079982         3.4704051506         3.3852021130
        1.3904389000         2.9700000000         1.4577986908         3.4755089056         3.1192528161
        1.3954918000         2.9700000000         1.4680079982         3.4857164154         3.3852021130
        1.4004804000         2.9700000000         1.4475893834         3.4984758027         2.8533035192
        1.4054631000         2.9700000000         1.4603510177         3.5188908224         3.1857401403
        1.4104937000         2.9700000000         1.4705603251         3.5316502097         3.4516894372
        1.4153951000         2.9700000000         1.4501417102         3.5342020871         2.9197908434
        1.4204844000         2.9700000000         1.4526940371         3.5444095970         2.9862781676
        1.4253873000         2.9700000000         1.4552463639         3.5622727392         3.0527654919
        1.4304961000         2.9700000000         1.4577986908         3.5673764941         3.1192528161
        1.4354519000         2.9700000000         1.4577986908         3.5928952687         3.1192528161
        1.4404407000         2.9700000000         1.4577986908         3.5928952687         3.1192528161
        1.4454605000         2.9700000000         1.4475893834         3.6031027785         2.8533035192
        1.4504567000         2.9700000000         1.4577986908         3.6209659207         3.1192528161
        1.4554365000         2.9700000000         1.4577986908         3.6337253080         3.1192528161
        1.4604559000         2.9700000000         1.4552463639         3.6464846953         3.0527654919
        1.4654261000         2.9700000000         1.4501417102         3.6515884502         2.9197908434
        1.4705000000         2.9700000000         1.4577986908         3.6668997150         3.1192528161
        1.4754336000         2.9700000000         1.4654556714         3.6898666121         3.3187147888
        1.4804542000         2.9700000000         1.4577986908         3.6924184896         3.1192528161
        1.4853922000         2.9700000000         1.4552463639         3.7026259994         3.0527654919
        1.4904687000         2.9700000000         1.4577986908         3.7204891416         3.1192528161
        1.4954599000         2.9700000000         1.4654556714         3.7306966515         3.3187147888
        1.5006520000         2.9700000000         1.4577986908         3.7434560388         3.1192528161
        1.5054716000         2.9700000000         1.4705603251         3.7613191810         3.4516894372
        1.5104949000         2.9700000000         1.4552463639         3.7689748133         3.0527654919
        1.5154289000         2.9700000000         1.4629033445         3.7817342006         3.2522274645
        1.5205824000         2.9700000000         1.4577986908         3.7944935879         3.1192528161
        1.5255202000         2.9700000000         1.4603510177         3.7995973429         3.1857401403
        1.5304400000         2.9700000000         1.4654556714         3.8174604851         3.3187147888
        1.5354094000         2.9700000000         1.4552463639         3.8251161174         3.0527654919
        1.5404602000         2.9700000000         1.4705603251         3.8455311371         3.4516894372
        1.5453997000         2.9700000000         1.4603510177         3.8531867695         3.1857401403
        1.5504441000         2.9700000000         1.4629033445         3.8684980342         3.2522274645
        1.5554553000         2.9700000000         1.4705603251         3.8863611765         3.4516894372
        1.5605113000         2.9700000000         1.4629033445         3.8940168088         3.2522274645
        1.5654846000         2.9700000000         1.4629033445         3.9042243187         3.2522274645
        1.5704470000         2.9700000000         1.4501417102         3.9118799510         2.9197908434
        1.5753947000         2.9700000000         1.4731126519         3.9297430933         3.5181767615
        1.5804734000         2.9700000000         1.4526940371         3.9373987256         2.9862781676
        1.5854267000         2.9700000000         1.4526940371         3.9501581129         2.9862781676
        1.5904134000         2.9700000000         1.4705603251         3.9756768875         3.4516894372
        1.5954493000         2.9700000000         1.4603510177         3.9807806424         3.1857401403
        1.6004148000         2.9700000000         1.4680079982         3.9935400297         3.3852021130
        1.6054321000         2.9700000000         1.4654556714         4.0139550494         3.3187147888
        1.6104602000         2.9700000000         1.4552463639         4.0139550494         3.0527654919
        1.6153857000         2.9700000000         1.4577986908         4.0267144367         3.1192528161
        1.6204180000         2.9700000000         1.4756649788         4.0522332113         3.5846640857
        1.6254176000         2.9700000000         1.4577986908         4.0573369662         3.1192528161
        1.6304229000         2.9700000000         1.4680079982         4.0777519859         3.3852021130
        1.6353865000         2.9700000000         1.4731126519         4.0879594957         3.5181767615
        1.6405398000         2.9700000000         1.4603510177         4.0956151281         3.1857401403
        1.6454505000         2.9700000000         1.4680079982         4.1058226379         3.3852021130
        1.6506297000         2.9700000000         1.4629033445         4.1134782703         3.2522274645
        1.6554030000         2.9700000000         1.4654556714         4.1389970449         3.3187147888
        1.6604790000         2.9700000000         1.4654556714         4.1466526773         3.3187147888
        1.6653948000         2.9700000000         1.4552463639         4.1543083097         3.0527654919
        1.6703838000         2.9700000000         1.4782173056         4.1772752068         3.6511514099
        1.6755209000         2.9700000000         1.4629033445         4.1823789617         3.2522274645
        1.6804130000         2.9700000000         1.4705603251         4.1976902265         3.4516894372
        1.6853969000         2.9700000000         1.4603510177         4.2104496138         3.1857401403
        1.6912079000         2.9700000000         1.4654556714         4.2232090010         3.3187147888
        1.6954121000         2.9700000000         1.4629033445         4.2359683883         3.2522274645
        1.7005135000         2.9700000000         1.4629033445         4.2436240207         3.2522274645
        1.7054365000         2.9700000000         1.4680079982         4.2614871629         3.3852021130
        1.7104797000         2.9700000000         1.4603510177         4.2742465502         3.1857401403
        1.7154089000         2.9700000000         1.4807696325         4.2946615699         3.7176387341
        1.7205383000         2.9700000000         1.4654556714         4.2997653248         3.3187147888
        1.7254343000         2.9700000000         1.4654556714         4.3176284670         3.3187147888
        1.7313618000         2.9700000000         1.4577986908         4.3227322219         3.1192528161
        1.7354976000         2.9700000000         1.4680079982         4.3380434867         3.3852021130
        1.7411921000         2.9700000000         1.4577986908         4.3533547515         3.1192528161
        1.7457252000         2.9700000000         1.4756649788         4.3737697711         3.5846640857
        1.7505934000         2.9700000000         1.4705603251         4.3839772810         3.4516894372
        1.7554249000         2.9700000000         1.4603510177         4.3941847908         3.1857401403
        1.7609230000         2.9700000000         1.4629033445         4.3992885457         3.2522274645
        1.7654447000         2.9700000000         1.4629033445         4.4197035654         3.2522274645
        1.7705472000         2.9700000000         1.4603510177         4.4273591978         3.1857401403
        1.7755119000         2.9700000000         1.4756649788         4.4452223400         3.5846640857
        1.7804609000         2.9700000000         1.4552463639         4.4554298498         3.0527654919
        1.7854471000         2.9700000000         1.4654556714         4.4681892371         3.3187147888
        1.7904357000         2.9700000000         1.4731126519         4.4835005019         3.5181767615
        1.7954613000         2.9700000000         1.4680079982         4.4886042568         3.3852021130
        1.8003853000         2.9700000000         1.4629033445         4.5166749088         3.2522274645
        1.8055428000         2.9700000000         1.4552463639         4.5141230314         3.0527654919
        1.8104437000         2.9700000000         1.4756649788         4.5421936834         3.5846640857
        1.8154002000         2.9700000000         1.4654556714         4.5472974383         3.3187147888
        1.8204169000         2.9700000000         1.4807696325         4.5651605806         3.7176387341
        1.8254636000         2.9700000000         1.4654556714         4.5779199678         3.3187147888
        1.8304577000         2.9700000000         1.4680079982         4.5957831101         3.3852021130
        1.8354447000         2.9700000000         1.4680079982         4.6034387424         3.3852021130
        1.8404561000         2.9700000000         1.4629033445         4.6161981297         3.2522274645
        1.8453733000         2.9700000000         1.4756649788         4.6315093945         3.5846640857
        1.8558559000         2.9700000000         1.4782173056         4.6621319240         3.6511514099
        1.8563189000         2.9700000000         1.4782173056         4.6595800465         3.6511514099
        1.8603793000         2.9700000000         1.4756649788         4.6748913113         3.5846640857
        1.8653989000         2.9700000000         1.4680079982         4.6850988211         3.3852021130
        1.8704356000         2.9700000000         1.4680079982         4.6978582084         3.3852021130
        1.8754504000         2.9700000000         1.4680079982         4.7029619633         3.3852021130
        1.8804487000         2.9700000000         1.4629033445         4.7182732281         3.2522274645
        1.8855283000         2.9700000000         1.4731126519         4.7386882478         3.5181767615
        1.8904712000         2.9700000000         1.4629033445         4.7463438801         3.2522274645
        1.8955521000         2.9700000000         1.4629033445         4.7667588998         3.2522274645
        1.9004416000         2.9700000000         1.4782173056         4.7744145322         3.6511514099
        1.9054129000         2.9700000000         1.4756649788         4.7973814293         3.5846640857
        1.9105798000         2.9700000000         1.4603510177         4.8024851842         3.1857401403
        1.9154036000         2.9700000000         1.4756649788         4.8203483265         3.5846640857
        1.9205246000         2.9700000000         1.4680079982         4.8356595912         3.3852021130
        1.9254908000         2.9700000000         1.4731126519         4.8433152236         3.5181767615
        1.9304696000         2.9700000000         1.4782173056         4.8688339982         3.6511514099
        1.9355144000         2.9700000000         1.4807696325         4.8892490178         3.7176387341
        1.9406275000         2.9700000000         1.4756649788         4.8994565277         3.5846640857
        1.9454399000         2.9700000000         1.4731126519         4.9096640375         3.5181767615
        1.9504813000         2.9700000000         1.4680079982         4.9249753023         3.3852021130
        1.9555056000         2.9700000000         1.4935312668         4.9504940769         4.0500753553
        1.9607065000         2.9700000000         1.4756649788         4.9555978318         3.5846640857
        1.9655940000         2.9700000000         1.4833219594         4.9760128515         3.7841260584
        1.9706973000         2.9700000000         1.4680079982         4.9785647289         3.3852021130
        1.9757873000         2.9700000000         1.4705603251         4.9938759937         3.4516894372
        1.9806078000         2.9700000000         1.4807696325         5.0066353810         3.7176387341
        1.9857390000         2.9700000000         1.4884266131         5.0117391359         3.9171007068
        1.9905455000         2.9700000000         1.4654556714         5.0015316260         3.3187147888
        1.9955790000         2.9700000000         1.4731126519         4.9989797486         3.5181767615
        2.0007550000         2.9700000000         1.4680079982         4.9989797486         3.3852021130
        2.0056857000         2.9700000000         1.4884266131         5.0117391359         3.9171007068
        2.0105472000         2.9700000000         1.4833219594         5.0066353810         3.7841260584
        2.0156803000         2.9700000000         1.4782173056         5.0040835035         3.6511514099
        2.0206928000         2.9700000000         1.4756649788         4.9964278711         3.5846640857
        2.0255072000         2.9700000000         1.4756649788         1.1124703785         3.5846640857
        2.0304906000         2.9700000000         1.4807696325         1.1124703785         3.7176387341
        2.0355033000         2.9700000000         1.4705603251         1.1073666236         3.4516894372
        2.0404889000         2.9700000000         1.4858742862         1.1150222560         3.8506133826
        2.0455029000         2.9700000000         1.4654556714        -0.0052519485         3.3187147888
        2.0505011000         2.9700000000         1.4731126519        -0.0027000711         3.5181767615
        2.0555098000         2.9700000000         1.4654556714        -0.0052519485         3.3187147888
        2.0604917000         2.9700000000         1.4833219594         0.0024036839         3.7841260584
        2.0654651000         2.9700000000         1.4756649788        -0.0001481936         3.5846640857
        2.0703957000         2.9700000000         1.4680079982        -0.0052519485         3.3852021130
        2.0754699000         2.9700000000         1.4782173056         0.0024036839         3.6511514099
        2.0804594000         2.9700000000         1.4731126519         0.0024036839         3.5181767615
        2.0855113000         2.9700000000         1.4756649788        -0.0001481936         3.5846640857
        2.0905347000         2.9700000000         1.4756649788         0.0177149486         3.5846640857
        2.0955080000         2.9700000000         1.4731126519         0.0279224584         3.5181767615
        2.1004419000         2.9700000000         1.4833219594         0.0457856007         3.7841260584
        2.1054914000         2.9700000000         1.4629033445         0.0534412330         3.2522274645
        2.1103882000         2.9700000000         1.4807696325         0.0815118851         3.7176387341
        2.1153982000         2.9700000000         1.4731126519         0.0891675175         3.5181767615
        2.1204499000         2.9700000000         1.4731126519         0.1019269048         3.5181767615
        2.1254180000         2.9700000000         1.4807696325         0.1197900470         3.7176387341
        2.1304143000         2.9700000000         1.4807696325         0.1351013117         3.7176387341
        2.1354256000         2.9700000000         1.4782173056         0.1504125765         3.6511514099
        2.1403818000         2.9700000000         1.4705603251         0.1580682088         3.4516894372
        2.1455588000         2.9700000000         1.4731126519         0.1708275961         3.5181767615
        2.1505445000         2.9700000000         1.4756649788         0.1886907384         3.5846640857
        2.1554885000         2.9700000000         1.4731126519         0.2065538806         3.5181767615
        2.1603868000         2.9700000000         1.4807696325         0.2218651453         3.7176387341
        2.1654208000         2.9700000000         1.4629033445         0.2269689002         3.2522274645
        2.1703904000         2.9700000000         1.4731126519         0.2422801650         3.5181767615
        2.1755143000         2.9700000000         1.4654556714         0.2473839199         3.3187147888
        2.1804192000         2.9700000000         1.4731126519         0.2754545720         3.5181767615
        2.1854996000         2.9700000000         1.4705603251         0.2882139593         3.4516894372
        2.1904354000         2.9700000000         1.4731126519         0.2958695916         3.5181767615
        2.1954059000         2.9700000000         1.4654556714         0.3086289789         3.3187147888
        2.2003968000         2.9700000000         1.4603510177         0.3162846113         3.1857401403
        2.2053947000         2.9700000000         1.4756649788         0.3366996310         3.5846640857
        2.2104159000         2.9700000000         1.4654556714         0.3494590183         3.3187147888
        2.2154539000         2.9700000000         1.4807696325         0.3724259154         3.7176387341
        2.2204591000         2.9700000000         1.4552463639         0.3775296703         3.0527654919
        2.2255111000         2.9700000000         1.4680079982         0.3902890576         3.3852021130
        2.2303854000         2.9700000000         1.4756649788         0.4132559548         3.5846640857
        2.2354784000         2.9700000000         1.4705603251         0.4183597097         3.4516894372
        2.2403913000         2.9700000000         1.4654556714         0.4285672195         3.3187147888
        2.2453870000         2.9700000000         1.4731126519         0.4489822392         3.5181767615
        2.2504197000         2.9700000000         1.4833219594         0.4617416265         3.7841260584
        2.2554578000         2.9700000000         1.4680079982         0.4693972588         3.3852021130
        2.2605637000         2.9700000000         1.4731126519         0.4872604011         3.5181767615
        2.2653936000         2.9700000000         1.4756649788         0.5000197884         3.5846640857
        2.2704350000         2.9700000000         1.4705603251         0.5204348080         3.4516894372
        2.2755734000         2.9700000000         1.4680079982         0.5229866855         3.3852021130
        2.2804592000         2.9700000000         1.4756649788         0.5459535826         3.5846640857
        2.2854470000         2.9700000000         1.4654556714         0.5459535826         3.3187147888
        2.2904166000         2.9700000000         1.4731126519         0.5740242347         3.5181767615
        2.2953882000         2.9700000000         1.4756649788         0.5791279896         3.5846640857
        2.3004183000         2.9700000000         1.4603510177         0.5867836220         3.1857401403
        2.3054123000         2.9700000000         1.4654556714         0.6020948867         3.3187147888
        2.3103892000         2.9700000000         1.4654556714         0.6225099064         3.3187147888
        2.3153819000         2.9700000000         1.4680079982         0.6276136613         3.3852021130
        2.3203821000         2.9700000000         1.4731126519         0.6556843134         3.5181767615
        2.3254540000         2.9700000000         1.4807696325         0.6684437007         3.7176387341
        2.3304473000         2.9700000000         1.4654556714         0.6760993330         3.3187147888
        2.3354136000         2.9700000000         1.4807696325         0.6965143527         3.7176387341
        2.3404270000         2.9700000000         1.4705603251         0.6939624752         3.4516894372
        2.3454736000         2.9700000000         1.4654556714         0.7092737400         3.3187147888
        2.3504505000         2.9700000000         1.4782173056         0.7347925146         3.6511514099
        2.3555444000         2.9700000000         1.4756649788         0.7475519019         3.5846640857
        2.3603818000         2.9700000000         1.4756649788         0.7654150441         3.5846640857
        2.3655590000         2.9700000000         1.4654556714         0.7654150441         3.3187147888
        2.3703997000         2.9700000000         1.4858742862         0.7909338187         3.8506133826
        2.3754717000         2.9700000000         1.4731126519         0.7985894511         3.5181767615
        2.3804343000         2.9700000000         1.4756649788         0.8190044707         3.5846640857
        2.3854191000         2.9700000000         1.4833219594         0.8343157355         3.7841260584
        2.3904340000         2.9700000000         1.4782173056         0.8445232453         3.6511514099
        2.3954497000         2.9700000000         1.4705603251         0.8496270002         3.4516894372
        2.4004577000         2.9700000000         1.4705603251         0.8623863875         3.4516894372
        2.4054136000         2.9700000000         1.4782173056         0.8879051621         3.6511514099
        2.4104688000         2.9700000000         1.4705603251         0.8981126720         3.4516894372
        2.4154065000         2.9700000000         1.4731126519         0.9108720593         3.5181767615
        2.4204098000         2.9700000000         1.4782173056         0.9312870789         3.6511514099
        2.4254995000         2.9700000000         1.4756649788         0.9389427113         3.5846640857
        2.4304563000         2.9700000000         1.4782173056         0.9517020986         3.6511514099
        2.4355221000         2.9700000000         1.4654556714         0.9619096084         3.3187147888
        2.4404646000         2.9700000000         1.4756649788         0.9772208732         3.5846640857
        2.4454708000         2.9700000000         1.4858742862         1.0027396478         3.8506133826
        2.4504904000         2.9700000000         1.4680079982         1.0103952802         3.3852021130
        2.4554299000         2.9700000000         1.4782173056         1.0231546675         3.6511514099
        2.4604140000         2.9700000000         1.4731126519         1.0333621773         3.5181767615
        2.4654849000         2.9700000000         1.4756649788         1.0512253195         3.5846640857
        2.4704094000         2.9700000000         1.4705603251         1.0588809519         3.4516894372
        2.4754236000         2.9700000000         1.4833219594         1.0843997265         3.7841260584
        2.4804583000         2.9700000000         1.4654556714         1.0895034814         3.3187147888
        2.4854651000         2.9700000000         1.4731126519         1.1073666236         3.5181767615
        2.4904451000         2.9700000000         1.4680079982         1.1175741334         3.3852021130
        2.4955138000         2.9700000000         1.4731126519         1.1303335207         3.5181767615
        2.5004088000         2.9700000000         1.4807696325         1.1456447855         3.7176387341
        2.5054856000         2.9700000000         1.4680079982         1.1584041728         3.3852021130
        2.5104385000         2.9700000000         1.4603510177         1.1635079277         3.1857401403
        2.5153987000         2.9700000000         1.4629033445         1.1788191925         3.2522274645
        2.5204006000         2.9700000000         1.4705603251         1.1941304572         3.4516894372
        2.5254532000         2.9700000000         1.4680079982         1.2068898445         3.3852021130
        2.5304383000         2.9700000000         1.4705603251         1.2273048642         3.4516894372
        2.5355000000         2.9700000000         1.4756649788         1.2298567416         3.5846640857
        2.5404701000         2.9700000000         1.4705603251         1.2502717613         3.4516894372
        2.5454916000         2.9700000000         1.4654556714         1.2553755162         3.3187147888
        2.5504233000         2.9700000000         1.4756649788         1.2706867810         3.5846640857
        2.5554058000         2.9700000000         1.4552463639         1.2783424134         3.0527654919
        2.5604153000         2.9700000000         1.4705603251         1.2962055556         3.4516894372
        2.5655307000         2.9700000000         1.4705603251         1.3115168203         3.4516894372
        2.5705594000         2.9700000000         1.4629033445         1.3242762076         3.2522274645
        2.5753883000         2.9700000000         1.4603510177         1.3293799625         3.1857401403
        2.5804165000         2.9700000000         1.4680079982         1.3472431047         3.3852021130
        2.5853833000         2.9700000000         1.4654556714         1.3574506146         3.3187147888
        2.5904488000         2.9700000000         1.4654556714         1.3727618793         3.3187147888
        2.5953876000         2.9700000000         1.4807696325         1.3931768990         3.7176387341
        2.6004452000         2.9700000000         1.4577986908         1.3982806539         3.1192528161
        2.6054631000         2.9700000000         1.4731126519         1.4186956736         3.5181767615
        2.6104708000         2.9700000000         1.4705603251         1.4237994285         3.4516894372
        2.6154554000         2.9700000000         1.4603510177         1.4340069384         3.1857401403
        2.6204841000         2.9700000000         1.4654556714         1.4467663256         3.3187147888
        2.6253987000         2.9700000000         1.4603510177         1.4595257129         3.1857401403
        2.6303985000         2.9700000000         1.4654556714         1.4773888552         3.3187147888
        2.6354640000         2.9700000000         1.4680079982         1.4875963650         3.3852021130
        2.6403998000         2.9700000000         1.4654556714         1.4952519974         3.3187147888
        2.6454721000         2.9700000000         1.4654556714         1.5156670170         3.3187147888
        2.6504312000         2.9700000000         1.4654556714         1.5258745269         3.3187147888
        2.6554554000         2.9700000000         1.4680079982         1.5411857916         3.3852021130
        2.6604914000         2.9700000000         1.4654556714         1.5539451789         3.3187147888
        2.6654735000         2.9700000000         1.4782173056         1.5743601986         3.6511514099
        2.6703977000         2.9700000000         1.4577986908         1.5718083211         3.1192528161
        2.6754178000         2.9700000000         1.4629033445         1.5871195859         3.2522274645
        2.6804596000         2.9700000000         1.4629033445         1.6049827281         3.2522274645
        2.6854790000         2.9700000000         1.4654556714         1.6177421154         3.3187147888
        2.6904987000         2.9700000000         1.4705603251         1.6305015027         3.4516894372
        2.6955599000         2.9700000000         1.4654556714         1.6432608900         3.3187147888
        2.7004545000         2.9700000000         1.4680079982         1.6560202773         3.3852021130
        2.7054774000         2.9700000000         1.4603510177         1.6636759097         3.1857401403
        2.7103962000         2.9700000000         1.4680079982         1.6789871744         3.3852021130
        2.7154306000         2.9700000000         1.4629033445         1.6942984392         3.2522274645
        2.7204680000         2.9700000000         1.4680079982         1.6968503166         3.3852021130
        2.7254499000         2.9700000000         1.4654556714         1.7223690912         3.3187147888
        2.7304484000         2.9700000000         1.4680079982         1.7300247236         3.3852021130
        2.7355655000         2.9700000000         1.4782173056         1.7478878658         3.6511514099
        2.7404954000         2.9700000000         1.4526940371         1.7504397433         2.9862781676
        2.7456593000         2.9700000000         1.4577986908         1.7631991306         3.1192528161
        2.7504643000         2.9700000000         1.4756649788         1.7887179052         3.5846640857
        2.7554408000         2.9700000000         1.4603510177         1.7861660277         3.1857401403
        2.7604862000         2.9700000000         1.4680079982         1.8116848023         3.3852021130
        2.7654094000         2.9700000000         1.4731126519         1.8167885572         3.5181767615
        2.7703944000         2.9700000000         1.4577986908         1.8295479445         3.1192528161
        2.7754380000         2.9700000000         1.4705603251         1.8474110867         3.4516894372
        2.7804595000         2.9700000000         1.4705603251         1.8550667191         3.4516894372
        2.7854504000         2.9700000000         1.4577986908         1.8627223515         3.1192528161
        2.7904636000         2.9700000000         1.4526940371         1.8780336162         2.9862781676
        2.7954638000         2.9700000000         1.4654556714         1.8907930035         3.3187147888
        2.8004416000         2.9700000000         1.4680079982         1.9086561457         3.3852021130
        2.8054051000         2.9700000000         1.4705603251         1.9214155330         3.4516894372
        2.8104239000         2.9700000000         1.4629033445         1.9367267978         3.2522274645
        2.8154054000         2.9700000000         1.4654556714         1.9418305527         3.3187147888
        2.8204154000         2.9700000000         1.4577986908         1.9469343076         3.1192528161
        2.8253841000         2.9700000000         1.4603510177         1.9647974498         3.1857401403
        2.8304256000         2.9700000000         1.4782173056         1.9826605920         3.6511514099
        2.8354110000         2.9700000000         1.4603510177         1.9903162244         3.1857401403
        2.8404294000         2.9700000000         1.4654556714         2.0056274892         3.3187147888
        2.8454602000         2.9700000000         1.4705603251         2.0234906314         3.4516894372
        2.8504513000         2.9700000000         1.4654556714         2.0209387539         3.3187147888
        2.8554118000         2.9700000000         1.4526940371         2.0362500187         2.9862781676
        2.8604576000         2.9700000000         1.4603510177         2.0515612834         3.1857401403
        2.8653853000         2.9700000000         1.4577986908         2.0617687933         3.1192528161
        2.8704371000         2.9700000000         1.4654556714         2.0821838129         3.3187147888
        2.8754300000         2.9700000000         1.4603510177         2.0923913228         3.1857401403
        2.8804732000         2.9700000000         1.4782173056         2.1128063424         3.6511514099
        2.8854647000         2.9700000000         1.4552463639         2.1179100974         3.0527654919
        2.8904005000         2.9700000000         1.4731126519         2.1332213621         3.5181767615
        2.8954598000         2.9700000000         1.4756649788         2.1510845043         3.5846640857
        2.9004667000         2.9700000000         1.4654556714         2.1587401367         3.3187147888
        2.9054535000         2.9700000000         1.4705603251         2.1740514015         3.4516894372
        2.9104845000         2.9700000000         1.4629033445         2.1766032789         3.2522274645
        2.9154007000         2.9700000000         1.4603510177         2.1970182986         3.1857401403
        2.9204187000         2.9700000000         1.4705603251         2.2097776859         3.4516894372
        2.9254508000         2.9700000000         1.4756649788         2.2250889506         3.5846640857
        2.9304137000         2.9700000000         1.4603510177         2.2327445830         3.1857401403
        2.9354583000         2.9700000000         1.4680079982         2.2506077252         3.3852021130
        2.9404446000         2.9700000000         1.4705603251         2.2684708674         3.4516894372
        2.9453821000         2.9700000000         1.4654556714         2.2761264998         3.3187147888
        2.9504315000         2.9700000000         1.4629033445         2.2837821322         3.2522274645
        2.9554518000         2.9700000000         1.4731126519         2.3041971519         3.5181767615
        2.9604178000         2.9700000000         1.4603510177         2.3118527843         3.1857401403
        2.9654439000         2.9700000000         1.4629033445         2.3195084166         3.2522274645
        2.9704827000         2.9700000000         1.4629033445         2.3373715588         3.2522274645
        2.9754350000         2.9700000000         1.4603510177         2.3424753138         3.1857401403
        2.9804160000         2.9700000000         1.4552463639         2.3577865785         3.0527654919
        2.9855290000         2.9700000000         1.4705603251         2.3730978433         3.4516894372
        2.9904856000         2.9700000000         1.4680079982         2.3935128629         3.3852021130
        2.9954665000         2.9700000000         1.4680079982         2.4062722502         3.3852021130
        3.0004022000         2.9700000000         1.4654556714         2.4139278826         3.3187147888
        3.0054111000         2.9700000000         1.4654556714         2.4266872699         3.3187147888
        3.0104753000         2.9700000000         1.4577986908         2.4343429023         3.1192528161
        3.0154590000         2.9700000000         1.4552463639         2.4471022896         3.0527654919
        3.0204213000         2.9700000000         1.4552463639         2.4598616769         3.0527654919
        3.0254347000         2.9700000000         1.4552463639         2.4700691867         3.0527654919
        3.0304712000         2.9700000000         1.4629033445         2.4904842064         3.2522274645
        3.0353936000         2.9700000000         1.4654556714         2.5032435937         3.3187147888
        3.0404273000         2.9700000000         1.4577986908         2.5083473486         3.1192528161
        3.0454210000         2.9700000000         1.4654556714         2.5236586133         3.3187147888
        3.0504172000         2.9700000000         1.4629033445         2.5389698781         3.2522274645
        3.0553932000         2.9700000000         1.4680079982         2.5593848978         3.3852021130
        3.0604027000         2.9700000000         1.4731126519         2.5670405302         3.5181767615
        3.0653901000         2.9700000000         1.4680079982         2.5797999174         3.3852021130
        3.0704264000         2.9700000000         1.4680079982         2.5976630597         3.3852021130
        3.0753949000         2.9700000000         1.4680079982         2.6104224470         3.3852021130
        3.0804382000         2.9700000000         1.4705603251         2.6206299568         3.4516894372
        3.0854587000         2.9700000000         1.4654556714         2.6257337117         3.3187147888
        3.0904765000         2.9700000000         1.4654556714         2.6461487314         3.3187147888
        3.0954176000         2.9700000000         1.4705603251         2.6512524863         3.4516894372
        3.1004786000         2.9700000000         1.4577986908         2.6665637511         3.1192528161
        3.1053834000         2.9700000000         1.4680079982         2.6767712609         3.3852021130
        3.1104422000         2.9700000000         1.4654556714         2.6895306482         3.3187147888
        3.1154655000         2.9700000000         1.4552463639         2.6971862806         3.0527654919
        3.1204259000         2.9700000000         1.4654556714         2.7099456679         3.3187147888
        3.1254440000         2.9700000000         1.4705603251         2.7329125650         3.4516894372
        3.1304593000         2.9700000000         1.4705603251         2.7482238297         3.4516894372
        3.1353993000         2.9700000000         1.4654556714         2.7584313396         3.3187147888
        3.1404199000         2.9700000000         1.4629033445         2.7635350945         3.2522274645
        3.1454195000         2.9700000000         1.4629033445         2.7711907269         3.2522274645
        3.1505641000         2.9700000000         1.4654556714         2.7916057465         3.3187147888
        3.1554798000         2.9700000000         1.4629033445         2.7992613789         3.2522274645
        3.1604213000         2.9700000000         1.4603510177         2.8069170113         3.1857401403
        3.1654215000         2.9700000000         1.4629033445         2.8298839084         3.2522274645
        3.1703975000         2.9700000000         1.4654556714         2.8426432957         3.3187147888
        3.1754199000         2.9700000000         1.4782173056         2.8630583154         3.6511514099
        3.1804526000         2.9700000000         1.4705603251         2.8681620703         3.4516894372
        3.1854615000         2.9700000000         1.4680079982         2.8834733351         3.3852021130
        3.1904749000         2.9700000000         1.4782173056         2.8987845998         3.6511514099
        3.1954241000         2.9700000000         1.4654556714         2.9064402322         3.3187147888
        3.2003848000         2.9700000000         1.4705603251         2.9191996195         3.4516894372
        3.2054205000         2.9700000000         1.4680079982         2.9345108842         3.3852021130
        3.2104317000         2.9700000000         1.4654556714         2.9472702715         3.3187147888
        3.2153738000         2.9700000000         1.4603510177         2.9523740265         3.1857401403
        3.2204242000         2.9700000000         1.4680079982         2.9727890461         3.3852021130
        3.2254225000         2.9700000000         1.4603510177         2.9753409236         3.1857401403
        3.2304315000         2.9700000000         1.4654556714         2.9957559433         3.3187147888
        3.2354608000         2.9700000000         1.4731126519         3.0085153306         3.5181767615
        3.2404343000         2.9700000000         1.4654556714         3.0212747179         3.3187147888
        3.2454725000         2.9700000000         1.4603510177         3.0314822277         3.1857401403
        3.2504498000         2.9700000000         1.4731126519         3.0442416150         3.5181767615
        3.2554206000         2.9700000000         1.4629033445         3.0646566347         3.2522274645
        3.2604169000         2.9700000000         1.4731126519         3.0774160220         3.5181767615
        3.2653951000         2.9700000000         1.4680079982         3.0850716543         3.3852021130
        3.2704366000         2.9700000000         1.4654556714         3.1003829191         3.3187147888
        3.2755088000         2.9700000000         1.4705603251         3.1182460613         3.4516894372
        3.2804463000         2.9700000000         1.4654556714         3.1233498162         3.3187147888
        3.2854403000         2.9700000000         1.4654556714         3.1386610810         3.3187147888
        3.2905083000         2.9700000000         1.4680079982         3.1539723457         3.3852021130
        3.2954320000         2.9700000000         1.4807696325         3.1692836105         3.7176387341
        3.3004053000         2.9700000000         1.4552463639         3.1769392429         3.0527654919
        3.3054209000         2.9700000000         1.4629033445         3.1871467527         3.2522274645
        3.3104712000         2.9700000000         1.4731126519         3.2075617724         3.5181767615
        3.3153906000         2.9700000000         1.4680079982         3.2203211597         3.3852021130
        3.3204305000         2.9700000000         1.4756649788         3.2330805470         3.5846640857
        3.3254156000         2.9700000000         1.4629033445         3.2381843019         3.2522274645
        3.3304760000         2.9700000000         1.4705603251         3.2509436892         3.4516894372
        3.3353881000         2.9700000000         1.4654556714         3.2688068314         3.3187147888
        3.3404020000         2.9700000000         1.4756649788         3.2815662187         3.5846640857
        3.3453985000         2.9700000000         1.4603510177         3.2866699736         3.1857401403
        3.3504252000         2.9700000000         1.4782173056         3.3070849933         3.6511514099
        3.3554184000         2.9700000000         1.4629033445         3.3198443806         3.2522274645
        3.3604761000         2.9700000000         1.4731126519         3.3326037679         3.5181767615
        3.3654425000         2.9700000000         1.4629033445         3.3402594002         3.2522274645
        3.3704982000         2.9700000000         1.4577986908         3.3453631551         3.1192528161
        3.3754004000         2.9700000000         1.4705603251         3.3581225424         3.4516894372
        3.3804078000         2.9700000000         1.4629033445         3.3785375621         3.2522274645
        3.3853981000         2.9700000000         1.4552463639         3.3887450720         3.0527654919
        3.3904162000         2.9700000000         1.4680079982         3.4015044592         3.3852021130
        3.3953924000         2.9700000000         1.4629033445         3.4142638465         3.2522274645
        3.4004458000         2.9700000000         1.4577986908         3.4219194789         3.1192528161
        3.4054279000         2.9700000000         1.4552463639         3.4346788662         3.0527654919
        3.4104328000         2.9700000000         1.4654556714         3.4550938859         3.3187147888
        3.4154805000         2.9700000000         1.4577986908         3.4653013957         3.1192528161
        3.4203864000         2.9700000000         1.4705603251         3.4857164154         3.4516894372
        3.4253824000         2.9700000000         1.4731126519         3.4959239252         3.5181767615
        3.4304446000         2.9700000000         1.4501417102         3.4984758027         2.9197908434
        3.4354070000         2.9700000000         1.4654556714         3.5163389449         3.3187147888
        3.4405234000         2.9700000000         1.4526940371         3.5214426998         2.9862781676
        3.4454182000         2.9700000000         1.4603510177         3.5418577195         3.1857401403
        3.4503831000         2.9700000000         1.4680079982         3.5571689842         3.3852021130
        3.4554154000         2.9700000000         1.4680079982         3.5724802490         3.3852021130
        3.4604552000         2.9700000000         1.4629033445         3.5826877588         3.2522274645
        3.4654111000         2.9700000000         1.4603510177         3.5903433912         3.1857401403
        3.4704617000         2.9700000000         1.4756649788         3.6082065334         3.5846640857
        3.4754173000         2.9700000000         1.4680079982         3.6209659207         3.3852021130
        3.4804564000         2.9700000000         1.4603510177         3.6260696756         3.1857401403
        3.4854218000         2.9700000000         1.4705603251         3.6464846953         3.4516894372
        3.4904288000         2.9700000000         1.4680079982         3.6515884502         3.3852021130
        3.4954567000         2.9700000000         1.4654556714         3.6643478375         3.3187147888
        3.5004335000         2.9700000000         1.4629033445         3.6796591023         3.2522274645
        3.5055300000         2.9700000000         1.4705603251         3.6975222445         3.4516894372
        3.5106642000         2.9700000000         1.4680079982         3.7077297543         3.3852021130
        3.5156212000         2.9700000000         1.4680079982         3.7230410191         3.3852021130
        3.5204486000         2.9700000000         1.4680079982         3.7281447740         3.3852021130
        3.5254345000         2.9700000000         1.4680079982         3.7460079162         3.3852021130
        3.5305181000         2.9700000000         1.4680079982         3.7536635486         3.3852021130
        3.5354396000         2.9700000000         1.4680079982         3.7740785683         3.3852021130
        3.5404866000         2.9700000000         1.4577986908         3.7817342006         3.1192528161
        3.5454033000         2.9700000000         1.4577986908         3.7919417105         3.1192528161
        3.5504044000         2.9700000000         1.4603510177         3.8021492203         3.1857401403
        3.5553991000         2.9700000000         1.4654556714         3.8123567301         3.3187147888
        3.5605350000         2.9700000000         1.4577986908         3.8225642400         3.1192528161
        3.5654452000         2.9700000000         1.4782173056         3.8506348920         3.6511514099
        3.5704444000         2.9700000000         1.4552463639         3.8531867695         3.0527654919
        3.5753923000         2.9700000000         1.4705603251         3.8736017892         3.4516894372
        3.5804620000         2.9700000000         1.4629033445         3.8761536666         3.2522274645
        3.5854037000         2.9700000000         1.4680079982         3.8991205638         3.3852021130
        3.5904940000         2.9700000000         1.4654556714         3.9118799510         3.3187147888
        3.5953958000         2.9700000000         1.4629033445         3.9169837060         3.2522274645
        3.6004370000         2.9700000000         1.4629033445         3.9220874609         3.2522274645
        3.6054049000         2.9700000000         1.4577986908         3.9425024806         3.1192528161
        3.6104367000         2.9700000000         1.4654556714         3.9552618679         3.3187147888
        3.6154055000         2.9700000000         1.4731126519         3.9731250101         3.5181767615
        3.6203881000         2.9700000000         1.4603510177         3.9833325199         3.1857401403
        3.6254365000         2.9700000000         1.4680079982         3.9935400297         3.3852021130
        3.6303881000         2.9700000000         1.4629033445         4.0037475396         3.2522274645
        3.6354182000         2.9700000000         1.4629033445         4.0165069269         3.2522274645
        3.6403767000         2.9700000000         1.4629033445         4.0318181916         3.2522274645
        3.6454820000         2.9700000000         1.4756649788         4.0471294564         3.5846640857
        3.6504411000         2.9700000000         1.4680079982         4.0624407211         3.3852021130
        3.6554657000         2.9700000000         1.4603510177         4.0675444760         3.1857401403
        3.6604454000         2.9700000000         1.4680079982         4.0828557408         3.3852021130
        3.6653937000         2.9700000000         1.4603510177         4.0956151281         3.1857401403
        3.6704315000         2.9700000000         1.4654556714         4.1083745154         3.3187147888
        3.6754365000         2.9700000000         1.4731126519         4.1211339027         3.5181767615
        3.6804346000         2.9700000000         1.4577986908         4.1287895351         3.1192528161
        3.6854607000         2.9700000000         1.4680079982         4.1415489224         3.3852021130
        3.6904430000         2.9700000000         1.4680079982         4.1619639420         3.3852021130
        3.6954366000         2.9700000000         1.4705603251         4.1696195744         3.4516894372
        3.7004933000         2.9700000000         1.4629033445         4.1823789617         3.2522274645
        3.7054607000         2.9700000000         1.4705603251         4.1976902265         3.4516894372
        3.7103833000         2.9700000000         1.4552463639         4.2002421039         3.0527654919
        3.7154176000         2.9700000000         1.4705603251         4.2206571236         3.4516894372
        3.7204507000         2.9700000000         1.4629033445         4.2283127560         3.2522274645
        3.7253998000         2.9700000000         1.4552463639         4.2410721433         3.0527654919
        3.7304360000         2.9700000000         1.4680079982         4.2589352855         3.3852021130
        3.7354758000         2.9700000000         1.4450370565         4.2716946728         2.7868161950
        3.7404496000         2.9700000000         1.4756649788         4.2844540601         3.5846640857
        3.7454754000         2.9700000000         1.4603510177         4.2972134474         3.1857401403
        3.7503902000         2.9700000000         1.4705603251         4.3176284670         3.4516894372
        3.7554714000         2.9700000000         1.4756649788         4.3329397318         3.5846640857
        3.7604557000         2.9700000000         1.4629033445         4.3380434867         3.2522274645
        3.7654971000         2.9700000000         1.4654556714         4.3508028740         3.3187147888
        3.7704694000         2.9700000000         1.4680079982         4.3610103838         3.3852021130
        3.7754328000         2.9700000000         1.4603510177         4.3763216486         3.1857401403
        3.7803850000         2.9700000000         1.4552463639         4.3839772810         3.0527654919
        3.7854631000         2.9700000000         1.4577986908         4.4043923006         3.1192528161
        3.7904357000         2.9700000000         1.4782173056         4.4222554428         3.6511514099
        3.7954698000         2.9700000000         1.4603510177         4.4273591978         3.1857401403
        3.8003921000         2.9700000000         1.4654556714         4.4426704625         3.3187147888
        3.8054251000         2.9700000000         1.4577986908         4.4503260949         3.1192528161
        3.8104401000         2.9700000000         1.4705603251         4.4732929920         3.4516894372
        3.8155052000         2.9700000000         1.4782173056         4.4886042568         3.6511514099
        3.8204875000         2.9700000000         1.4680079982         4.4962598892         3.3852021130
        3.8253950000         2.9700000000         1.4629033445         4.5090192765         3.2522274645
        3.8304253000         2.9700000000         1.4705603251         4.5243305412         3.4516894372
        3.8354160000         2.9700000000         1.4680079982         4.5370899285         3.3852021130
        3.8404228000         2.9700000000         1.4629033445         4.5472974383         3.2522274645
        3.8453623000         2.9700000000         1.4833219594         4.5728162129         3.7841260584
        3.8504239000         2.9700000000         1.4654556714         4.5804718453         3.3187147888
        3.8554618000         2.9700000000         1.4782173056         4.5957831101         3.6511514099
        3.8603823000         2.9700000000         1.4756649788         4.6136462523         3.5846640857
        3.8654158000         2.9700000000         1.4807696325         4.6289575170         3.7176387341
        3.8703994000         2.9700000000         1.4756649788         4.6391650269         3.5846640857
        3.8754431000         2.9700000000         1.4756649788         4.6493725367         3.5846640857
        3.8803935000         2.9700000000         1.4654556714         4.6646838015         3.3187147888
        3.8854760000         2.9700000000         1.4731126519         4.6748913113         3.5181767615
        3.8904175000         2.9700000000         1.4603510177         4.6850988211         3.1857401403
        3.8955083000         2.9700000000         1.4731126519         4.7029619633         3.5181767615
        3.9003911000         2.9700000000         1.4629033445         4.7131694732         3.2522274645
        3.9054286000         2.9700000000         1.4807696325         4.7386882478         3.7176387341
        3.9104209000         2.9700000000         1.4705603251         4.7488957576         3.4516894372
        3.9154032000         2.9700000000         1.4654556714         4.7591032674         3.3187147888
        3.9204280000         2.9700000000         1.4782173056         4.7718626547         3.6511514099
        3.9254558000         2.9700000000         1.4731126519         4.7820701646         3.5181767615
        3.9304217000         2.9700000000         1.4629033445         4.7948295519         3.2522274645
        3.9354543000         2.9700000000         1.4833219594         4.8229002039         3.7841260584
        3.9403946000         2.9700000000         1.4705603251         4.8331077137         3.4516894372
        3.9454560000         2.9700000000         1.4654556714         4.8382114687         3.3187147888
        3.9504442000         2.9700000000         1.4680079982         4.8560746109         3.3852021130
        3.9554601000         2.9700000000         1.4731126519         4.8739377531         3.5181767615
        3.9604353000         2.9700000000         1.4629033445         4.8841452629         3.2522274645
        3.9653948000         2.9700000000         1.4782173056         4.9045602826         3.6511514099
        3.9704197000         2.9700000000         1.4552463639         4.9122159150         3.0527654919
        3.9754155000         2.9700000000         1.4705603251         4.9300790572         3.4516894372
        3.9803874000         2.9700000000         1.4782173056         4.9428384445         3.6511514099
        3.9853998000         2.9700000000         1.4629033445         4.9530459543         3.2522274645
        3.9903919000         2.9700000000         1.4807696325         4.9760128515         3.7176387341
        3.9954207000         2.9700000000         1.4731126519         4.9862203613         3.5181767615
        4.0003884000         2.9700000000         1.4629033445         4.9964278711         3.2522274645
