% Motor Sweep Step 123/180
% Vcmd       = 3.6000 [V]
% Direction  = CW
% Zone       = OUTER
% Vg_offset  = 1.336155 [V]
% K_gimbal   = 26.049690 [(rad/s)/V]

Time[s]              Vcmd[V]              Vg_raw[V]            Pot[V]               Omega[rad/s]
        0.0000483000         3.6000000000         1.3352870017         0.4949160334        -0.0226056902
        0.0050302000         3.6000000000         1.3480486360         0.5025716658         0.3098309309
        0.0100084000         3.6000000000         1.3301823480         0.4898122785        -0.1555803387
        0.0150097000         3.6000000000         1.3403916554         0.4974679109         0.1103689582
        0.0200062000         3.6000000000         1.5394731502         0.5102272982         5.2963802479
        0.0250096000         3.6000000000         1.5445778039         0.5280904404         5.4293548964
        0.0300110000         3.6000000000         1.5037405742         0.5510573375         4.3655577087
        0.0350090000         3.6000000000         1.5854150336         0.5663686023         6.4931520840
        0.0400051000         3.6000000000         1.6160429559         0.6046467642         7.2909999747
        0.0450071000         3.6000000000         1.5752057262         0.6250617838         6.2272027871
        0.0500054000         3.6000000000         1.6109383022         0.6480286810         7.1580253262
        0.0550088000         3.6000000000         1.6543278587         0.6863068429         8.2883098381
        0.0600067000         3.6000000000         1.6313569170         0.7143774949         7.6899239201
        0.0650093000         3.6000000000         1.6441185513         0.7347925146         8.0223605412
        0.0700355000         3.6000000000         1.6594325125         0.7705187990         8.4212844866
        0.0750094000         3.6000000000         1.6466708782         0.7985894511         8.0888478654
        0.0800069000         3.6000000000         1.6619848393         0.8394194904         8.4877718108
        0.0850095000         3.6000000000         1.6772988005         0.8700420199         8.8866957561
        0.0900446000         3.6000000000         1.6824034542         0.9108720593         9.0196704046
        0.0950067000         3.6000000000         1.6772988005         0.9414945888         8.8866957561
        0.1000472000         3.6000000000         1.6926127616         0.9695652408         9.2856197015
        0.1050059000         3.6000000000         1.6977174153         1.0154990351         9.4185943500
        0.1100068000         3.6000000000         1.7079267227         1.0537771970         9.6845436469
        0.1150096000         3.6000000000         1.7079267227         1.0895034814         9.6845436469
        0.1200096000         3.6000000000         1.7257930107         1.1277816433        10.1499549164
        0.1250068000         3.6000000000         1.7155837033         1.1660598052         9.8840056195
        0.1300094000         3.6000000000         1.7232406839         1.2043379670        10.0834675922
        0.1350054000         3.6000000000         1.7334499913         1.2400642515        10.3494168891
        0.1400093000         3.6000000000         1.7232406839         1.2808942908        10.0834675922
        0.1450091000         3.6000000000         1.7513162793         1.3217243302        10.8148281587
        0.1500093000         3.6000000000         1.7411069719         1.3625543695        10.5488788618
        0.1550284000         3.6000000000         1.7385546450         1.3982806539        10.4823915376
        0.1600072000         3.6000000000         1.7487639524         1.4467663256        10.7483408345
        0.1650081000         3.6000000000         1.7691825673         1.4875963650        11.2802394283
        0.1702031000         3.6000000000         1.7487639524         1.5182188945        10.7483408345
        0.1750100000         3.6000000000         1.7640779136         1.5641526888        11.1472647798
        0.1800044000         3.6000000000         1.7564209330         1.6024308506        10.9478028072
        0.1850062000         3.6000000000         1.7589732599         1.6483646449        11.0142901314
        0.1900055000         3.6000000000         1.7615255867         1.6891946843        11.0807774556
        0.1950061000         3.6000000000         1.7691825673         1.7325766011        11.2802394283
        0.2000076000         3.6000000000         1.7640779136         1.7734066404        11.1472647798
        0.2050058000         3.6000000000         1.7844965284         1.8167885572        11.6791633737
        0.2100095000         3.6000000000         1.7870488553         1.8678261064        11.7456506979
        0.2150061000         3.6000000000         1.7717348941         1.9035523908        11.3467267525
        0.2200100000         3.6000000000         1.7844965284         1.9443824302        11.6791633737
        0.2250088000         3.6000000000         1.7896011821         1.9928681019        11.8121380221
        0.2300093000         3.6000000000         1.7844965284         2.0362500187        11.6791633737
        0.2350136000         3.6000000000         1.7972581627         2.0872875679        12.0115999948
        0.2400141000         3.6000000000         1.7768395479         2.1204619748        11.4797014010
        0.2450086000         3.6000000000         1.7921535090         2.1791551564        11.8786253463
        0.2500115000         3.6000000000         1.8100197970         2.2250889506        12.3440366159
        0.2550115000         3.6000000000         1.7998104896         2.2684708674        12.0780873190
        0.2600437000         3.6000000000         1.8100197970         2.3169565392        12.3440366159
        0.2650091000         3.6000000000         1.8202291044         2.3526828236        12.6099859128
        0.2700055000         3.6000000000         1.8023628164         2.4011684953        12.1445746432
        0.2750066000         3.6000000000         1.7972581627         2.4419985347        12.0115999948
        0.2800097000         3.6000000000         1.8049151433         2.4955879613        12.2110619675
        0.2850075000         3.6000000000         1.8176767776         2.5466255105        12.5434985886
        0.2900097000         3.6000000000         1.7947058358         2.5849036724        11.9451126706
        0.2950101000         3.6000000000         1.8049151433         2.6384930990        12.2110619675
        0.3000092000         3.6000000000         1.8227814313         2.6844268933        12.6764732371
        0.3050060000         3.6000000000         1.8049151433         2.7329125650        12.2110619675
        0.3100093000         3.6000000000         1.8125721238         2.7788463592        12.4105239402
        0.3150067000         3.6000000000         1.8049151433         2.8222282761        12.2110619675
        0.3200102000         3.6000000000         1.8049151433         2.8681620703        12.2110619675
        0.3250068000         3.6000000000         1.8100197970         2.9140958646        12.3440366159
        0.3300093000         3.6000000000         1.8176767776         2.9753409236        12.5434985886
        0.3350090000         3.6000000000         1.8278860850         3.0110672080        12.8094478855
        0.3400102000         3.6000000000         1.8125721238         3.0672085121        12.4105239402
        0.3450070000         3.6000000000         1.8278860850         3.1080385515        12.8094478855
        0.3500092000         3.6000000000         1.8151244507         3.1590761006        12.4770112644
        0.3550049000         3.6000000000         1.8253337581         3.2101136498        12.7429605613
        0.3600096000         3.6000000000         1.8329907387         3.2585993215        12.9424225340
        0.3650058000         3.6000000000         1.8049151433         3.2994293609        12.2110619675
        0.3700097000         3.6000000000         1.8227814313         3.3479150326        12.6764732371
        0.3750055000         3.6000000000         1.8253337581         3.4040563367        12.7429605613
        0.3800095000         3.6000000000         1.8329907387         3.4601976408        12.9424225340
        0.3850063000         3.6000000000         1.8406477193         3.5112351900        13.1418845066
        0.3900093000         3.6000000000         1.8176767776         3.5444095970        12.5434985886
        0.3950094000         3.6000000000         1.8304384118         3.5979990236        12.8759352097
        0.4000093000         3.6000000000         1.8151244507         3.6464846953        12.4770112644
        0.4050122000         3.6000000000         1.8406477193         3.7102816318        13.1418845066
        0.4100076000         3.6000000000         1.8227814313         3.7485597937        12.6764732371
        0.4150087000         3.6000000000         1.8457523730         3.8072529752        13.2748591551
        0.4200078000         3.6000000000         1.8355430655         3.8531867695        13.0089098582
        0.4250100000         3.6000000000         1.8355430655         3.9016724412        13.0089098582
        0.4300097000         3.6000000000         1.8406477193         3.9501581129        13.1418845066
        0.4350056000         3.6000000000         1.8457523730         4.0011956621        13.2748591551
        0.4400100000         3.6000000000         1.8329907387         4.0547850888        12.9424225340
        0.4450053000         3.6000000000         1.8432000461         4.0981670056        13.2083718309
        0.4500096000         3.6000000000         1.8304384118         4.1466526773        12.8759352097
        0.4550067000         3.6000000000         1.8329907387         4.2002421039        12.9424225340
        0.4600468000         3.6000000000         1.8483046998         4.2563834080        13.3413464793
        0.4650059000         3.6000000000         1.8355430655         4.2997653248        13.0089098582
        0.4700098000         3.6000000000         1.8253337581         4.3456991191        12.7429605613
        0.4750059000         3.6000000000         1.8278860850         4.3992885457        12.8094478855
        0.4800101000         3.6000000000         1.8432000461         4.4554298498        13.2083718309
        0.4850078000         3.6000000000         1.8253337581         4.5013636441        12.7429605613
        0.4900095000         3.6000000000         1.8355430655         4.5626087031        13.0089098582
        0.4952038000         3.6000000000         1.8457523730         4.6085424974        13.2748591551
        0.5000061000         3.6000000000         1.8329907387         4.6544762916        12.9424225340
        0.5050060000         3.6000000000         1.8508570267         4.7106175957        13.4078338036
        0.5100096000         3.6000000000         1.8278860850         4.7591032674        12.8094478855
        0.5150077000         3.6000000000         1.8304384118         4.8075889392        12.8759352097
        0.5200100000         3.6000000000         1.8329907387         4.8637302433        12.9424225340
        0.5250380000         3.6000000000         1.8432000461         4.9249753023        13.2083718309
        0.5300096000         3.6000000000         1.8406477193         4.9760128515        13.1418845066
        0.5350048000         3.6000000000         1.8457523730         5.0066353810        13.2748591551
        0.5400094000         3.6000000000         1.8304384118         4.9989797486        12.8759352097
        0.5450066000         3.6000000000         1.8406477193         1.2451680064        13.1418845066
        0.5500093000         3.6000000000         1.8329907387         1.1099185011        12.9424225340
        0.5550960000         3.6000000000         1.8227814313        -0.0027000711        12.6764732371
        0.5600097000         3.6000000000         1.8355430655        -0.0001481936        13.0089098582
        0.5650087000         3.6000000000         1.8406477193         0.0279224584        13.1418845066
        0.5700091000         3.6000000000         1.8483046998         0.0764081302        13.3413464793
        0.5750084000         3.6000000000         1.8304384118         0.1299975568        12.8759352097
        0.5800063000         3.6000000000         1.8483046998         0.1861388609        13.3413464793
        0.5850095000         3.6000000000         1.8355430655         0.2320726552        13.0089098582
        0.5900077000         3.6000000000         1.8304384118         0.2882139593        12.8759352097
        0.5950095000         3.6000000000         1.8483046998         0.3469071408        13.3413464793
        0.6000055000         3.6000000000         1.8457523730         0.3979446900        13.2748591551
        0.6050098000         3.6000000000         1.8406477193         0.4464303617        13.1418845066
        0.6100068000         3.6000000000         1.8457523730         0.4974679109        13.2748591551
        0.6150096000         3.6000000000         1.8380953924         0.5434017052        13.0753971824
        0.6200669000         3.6000000000         1.8432000461         0.5969911318        13.2083718309
        0.6250092000         3.6000000000         1.8406477193         0.6556843134        13.1418845066
        0.6300052000         3.6000000000         1.8304384118         0.6990662302        12.8759352097
        0.6350093000         3.6000000000         1.8559616804         0.7552075343        13.5408084520
        0.6400075000         3.6000000000         1.8457523730         0.8062450834        13.2748591551
        0.6450093000         3.6000000000         1.8534093535         0.8649382650        13.4743211278
        0.6500047000         3.6000000000         1.8585140073         0.9185276916        13.6072957762
        0.6550092000         3.6000000000         1.8559616804         0.9695652408        13.5408084520
        0.6600100000         3.6000000000         1.8559616804         1.0257065449        13.5408084520
        0.6650092000         3.6000000000         1.8355430655         1.0639847068        13.0089098582
        0.6700096000         3.6000000000         1.8508570267         1.1175741334        13.4078338036
        0.6750103000         3.6000000000         1.8457523730         1.1737154375        13.2748591551
        0.6800090000         3.6000000000         1.8508570267         1.2196492318        13.4078338036
        0.6850096000         3.6000000000         1.8483046998         1.2706867810        13.3413464793
        0.6900053000         3.6000000000         1.8432000461         1.3217243302        13.2083718309
        0.6950073000         3.6000000000         1.8636186610         1.3702100019        13.7402704247
        0.7000046000         3.6000000000         1.8432000461         1.4161437961        13.2083718309
        0.7050068000         3.6000000000         1.8483046998         1.4722851002        13.3413464793
        0.7100118000         3.6000000000         1.8508570267         1.5233226494        13.4078338036
        0.7150087000         3.6000000000         1.8534093535         1.5718083211        13.4743211278
        0.7200089000         3.6000000000         1.8483046998         1.6279496252        13.3413464793
        0.7250065000         3.6000000000         1.8559616804         1.6815390519        13.5408084520
        0.7300103000         3.6000000000         1.8585140073         1.7249209687        13.6072957762
        0.7350032000         3.6000000000         1.8508570267         1.7759585179        13.4078338036
        0.7400072000         3.6000000000         1.8483046998         1.8218923121        13.3413464793
        0.7450041000         3.6000000000         1.8508570267         1.8754817388        13.4078338036
        0.7500094000         3.6000000000         1.8661709878         1.9341749203        13.8067577489
        0.7550096000         3.6000000000         1.8585140073         1.9775568371        13.6072957762
        0.7600055000         3.6000000000         1.8585140073         2.0311462638        13.6072957762
        0.7650030000         3.6000000000         1.8661709878         2.0923913228        13.8067577489
        0.7700110000         3.6000000000         1.8457523730         2.1281176072        13.2748591551
        0.7750100000         3.6000000000         1.8610663341         2.1944664211        13.6737831005
        0.7800118000         3.6000000000         1.8661709878         2.2455039703        13.8067577489
        0.7850496000         3.6000000000         1.8585140073         2.2914377646        13.6072957762
        0.7900194000         3.6000000000         1.8534093535         2.3450271912        13.4743211278
        0.7950094000         3.6000000000         1.8457523730         2.3935128629        13.2748591551
        0.8000089000         3.6000000000         1.8508570267         2.4419985347        13.4078338036
        0.8050088000         3.6000000000         1.8483046998         2.4981398388        13.3413464793
        0.8100065000         3.6000000000         1.8610663341         2.5568330203        13.6737831005
        0.8150103000         3.6000000000         1.8432000461         2.6027668146        13.2083718309
        0.8200094000         3.6000000000         1.8661709878         2.6538043638        13.8067577489
        0.8250093000         3.6000000000         1.8508570267         2.7099456679        13.4078338036
        0.8300069000         3.6000000000         1.8559616804         2.7558794621        13.5408084520
        0.8350100000         3.6000000000         1.8457523730         2.8018132564        13.2748591551
        0.8400089000         3.6000000000         1.8508570267         2.8656101929        13.4078338036
        0.8450093000         3.6000000000         1.8585140073         2.9089921097        13.6072957762
        0.8500053000         3.6000000000         1.8483046998         2.9625815363        13.3413464793
        0.8550108000         3.6000000000         1.8687233147         3.0136190855        13.8732450731
        0.8600107000         3.6000000000         1.8559616804         3.0672085121        13.5408084520
        0.8650157000         3.6000000000         1.8636186610         3.1182460613        13.7402704247
        0.8700077000         3.6000000000         1.8508570267         3.1641798556        13.4078338036
        0.8750158000         3.6000000000         1.8661709878         3.2177692822        13.8067577489
        0.8800046000         3.6000000000         1.8534093535         3.2739105863        13.4743211278
        0.8850099000         3.6000000000         1.8457523730         3.3249481355        13.2748591551
        0.8900074000         3.6000000000         1.8661709878         3.3708819297        13.8067577489
        0.8950033000         3.6000000000         1.8432000461         3.4270232338        13.2083718309
        0.9000339000         3.6000000000         1.8636186610         3.4831645379        13.7402704247
        0.9050090000         3.6000000000         1.8559616804         3.5418577195        13.5408084520
        0.9100033000         3.6000000000         1.8661709878         3.5877915138        13.8067577489
        0.9150091000         3.6000000000         1.8508570267         3.6464846953        13.4078338036
        0.9200109000         3.6000000000         1.8610663341         3.6975222445        13.6737831005
        0.9250176000         3.6000000000         1.8534093535         3.7409041613        13.4743211278
        0.9300053000         3.6000000000         1.8559616804         3.7995973429        13.5408084520
        0.9350094000         3.6000000000         1.8585140073         3.8480830146        13.6072957762
        0.9400056000         3.6000000000         1.8483046998         3.8914649314        13.3413464793
        0.9450167000         3.6000000000         1.8585140073         3.9425024806        13.6072957762
        0.9500063000         3.6000000000         1.8534093535         3.9986437847        13.4743211278
        0.9550093000         3.6000000000         1.8559616804         4.0522332113        13.5408084520
        0.9600099000         3.6000000000         1.8559616804         4.1032707605        13.5408084520
        0.9650091000         3.6000000000         1.8534093535         4.1543083097        13.4743211278
        0.9700065000         3.6000000000         1.8534093535         4.2078977363        13.4743211278
        0.9750106000         3.6000000000         1.8534093535         4.2589352855        13.4743211278
        0.9800058000         3.6000000000         1.8738279684         4.3201803445        14.0062197216
        0.9850096000         3.6000000000         1.8559616804         4.3661141388        13.5408084520
        0.9900034000         3.6000000000         1.8610663341         4.4145998105        13.6737831005
        0.9950096000         3.6000000000         1.8636186610         4.4783967469        13.7402704247
        1.0000059000         3.6000000000         1.8406477193         4.5268824187        13.1418845066
        1.0050089000         3.6000000000         1.8687233147         4.5906793551        13.8732450731
        1.0100205000         3.6000000000         1.8534093535         4.6391650269        13.4743211278
        1.0150093000         3.6000000000         1.8636186610         4.6953063310        13.7402704247
        1.0202981000         3.6000000000         1.8457523730         4.7386882478        13.2748591551
        1.0250050000         3.6000000000         1.8559616804         4.7973814293        13.5408084520
        1.0300092000         3.6000000000         1.8355430655         4.8433152236        13.0089098582
        1.0350097000         3.6000000000         1.8483046998         4.8994565277        13.3413464793
        1.0400083000         3.6000000000         1.8559616804         4.9658053416        13.5408084520
        1.0450053000         3.6000000000         1.8483046998         5.0040835035        13.3413464793
        1.0500095000         3.6000000000         1.8432000461         5.0015316260        13.2083718309
        1.0550068000         3.6000000000         1.8687233147         5.0117391359        13.8732450731
        1.0600093000         3.6000000000         1.8585140073         1.1073666236        13.6072957762
        1.0650091000         3.6000000000         1.8355430655        -0.0052519485        13.0089098582
        1.0700087000         3.6000000000         1.8508570267         0.0024036839        13.4078338036
        1.0750046000         3.6000000000         1.8406477193         0.0151630711        13.1418845066
        1.0800094000         3.6000000000         1.8508570267         0.0738562527        13.4078338036
        1.0850054000         3.6000000000         1.8432000461         0.1197900470        13.2083718309
        1.0900084000         3.6000000000         1.8457523730         0.1733794736        13.2748591551
        1.0950094000         3.6000000000         1.8534093535         0.2346245326        13.4743211278
        1.1000097000         3.6000000000         1.8483046998         0.2856620818        13.3413464793
        1.1050061000         3.6000000000         1.8636186610         0.3418033859        13.7402704247
        1.1100094000         3.6000000000         1.8534093535         0.3979446900        13.4743211278
        1.1150086000         3.6000000000         1.8559616804         0.4540859941        13.5408084520
        1.1200101000         3.6000000000         1.8432000461         0.4949160334        13.2083718309
        1.1250065000         3.6000000000         1.8585140073         0.5510573375        13.6072957762
        1.1300094000         3.6000000000         1.8483046998         0.6046467642        13.3413464793
        1.1350060000         3.6000000000         1.8508570267         0.6556843134        13.4078338036
        1.1400094000         3.6000000000         1.8457523730         0.7067218625        13.2748591551
        1.1450065000         3.6000000000         1.8534093535         0.7552075343        13.4743211278
        1.1500094000         3.6000000000         1.8406477193         0.8087969609        13.1418845066
        1.1550055000         3.6000000000         1.8483046998         0.8649382650        13.3413464793
        1.1600095000         3.6000000000         1.8636186610         0.9159758142        13.7402704247
        1.1650061000         3.6000000000         1.8380953924         0.9644614859        13.0753971824
        1.1700096000         3.6000000000         1.8610663341         1.0308102998        13.6737831005
        1.1750094000         3.6000000000         1.8585140073         1.0767440941        13.6072957762
        1.1800092000         3.6000000000         1.8534093535         1.1252297658        13.4743211278
        1.1850099000         3.6000000000         1.8559616804         1.1711635601        13.5408084520
        1.1900095000         3.6000000000         1.8534093535         1.2298567416        13.4743211278
        1.1950052000         3.6000000000         1.8610663341         1.2859980457        13.6737831005
        1.2000097000         3.6000000000         1.8610663341         1.3395874724        13.6737831005
        1.2050067000         3.6000000000         1.8661709878         1.3829693892        13.8067577489
        1.2100096000         3.6000000000         1.8508570267         1.4365588158        13.4078338036
        1.2150096000         3.6000000000         1.8559616804         1.4799407326        13.5408084520
        1.2200094000         3.6000000000         1.8559616804         1.5309782818        13.5408084520
        1.2250066000         3.6000000000         1.8508570267         1.5845677084        13.4078338036
        1.2300097000         3.6000000000         1.8483046998         1.6432608900        13.3413464793
        1.2350070000         3.6000000000         1.8636186610         1.6917465617        13.7402704247
        1.2400095000         3.6000000000         1.8712756415         1.7478878658        13.9397323974
        1.2450102000         3.6000000000         1.8585140073         1.8014772924        13.6072957762
        1.2500096000         3.6000000000         1.8738279684         1.8525148416        14.0062197216
        1.2550058000         3.6000000000         1.8483046998         1.8958967584        13.3413464793
        1.2600097000         3.6000000000         1.8610663341         1.9545899400        13.6737831005
        1.2650069000         3.6000000000         1.8610663341         2.0107312441        13.6737831005
        1.2700087000         3.6000000000         1.8636186610         2.0515612834        13.7402704247
        1.2750075000         3.6000000000         1.8585140073         2.1102544650        13.6072957762
        1.2800148000         3.6000000000         1.8534093535         2.1587401367        13.4743211278
        1.2850064000         3.6000000000         1.8763802953         2.2148814408        14.0727070458
        1.2900091000         3.6000000000         1.8534093535         2.2608152351        13.4743211278
        1.2950077000         3.6000000000         1.8610663341         2.3118527843        13.6737831005
        1.3000126000         3.6000000000         1.8585140073         2.3730978433        13.6072957762
        1.3050222000         3.6000000000         1.8508570267         2.4088241277        13.4078338036
        1.3100061000         3.6000000000         1.8559616804         2.4675173092        13.5408084520
        1.3150121000         3.6000000000         1.8712756415         2.5262104908        13.9397323974
        1.3200097000         3.6000000000         1.8534093535         2.5644886527        13.4743211278
        1.3250547000         3.6000000000         1.8559616804         2.6282855892        13.5408084520
        1.3300096000         3.6000000000         1.8661709878         2.6742193834        13.8067577489
        1.3350109000         3.6000000000         1.8661709878         2.7354644424        13.8067577489
        1.3400064000         3.6000000000         1.8636186610         2.7813982367        13.7402704247
        1.3450113000         3.6000000000         1.8534093535         2.8298839084        13.4743211278
        1.3500116000         3.6000000000         1.8738279684         2.8834733351        14.0062197216
        1.3550104000         3.6000000000         1.8687233147         2.9370627617        13.8732450731
        1.3600057000         3.6000000000         1.8483046998         2.9804446785        13.3413464793
        1.3650095000         3.6000000000         1.8610663341         3.0365859826        13.6737831005
        1.3700061000         3.6000000000         1.8559616804         3.0952791642        13.5408084520
        1.3750095000         3.6000000000         1.8585140073         3.1386610810        13.6072957762
        1.3800069000         3.6000000000         1.8534093535         3.1948023851        13.4743211278
        1.3850097000         3.6000000000         1.8738279684         3.2509436892        14.0062197216
        1.3900097000         3.6000000000         1.8534093535         3.3045331158        13.4743211278
        1.3950096000         3.6000000000         1.8687233147         3.3479150326        13.8732450731
        1.4000056000         3.6000000000         1.8534093535         3.4066082142        13.4743211278
        1.4050093000         3.6000000000         1.8559616804         3.4576457633        13.5408084520
        1.4100104000         3.6000000000         1.8687233147         3.5112351900        13.8732450731
        1.4150095000         3.6000000000         1.8508570267         3.5597208617        13.4078338036
        1.4200092000         3.6000000000         1.8687233147         3.6133102883        13.8732450731
        1.4250091000         3.6000000000         1.8534093535         3.6668997150        13.4743211278
        1.4300104000         3.6000000000         1.8661709878         3.7230410191        13.8067577489
        1.4350077000         3.6000000000         1.8559616804         3.7766304457        13.5408084520
        1.4400087000         3.6000000000         1.8585140073         3.8276679949        13.6072957762
        1.4450285000         3.6000000000         1.8661709878         3.8812574215        13.8067577489
        1.4500095000         3.6000000000         1.8534093535         3.9322949707        13.4743211278
        1.4550059000         3.6000000000         1.8661709878         3.9858843974        13.8067577489
        1.4600093000         3.6000000000         1.8534093535         4.0369219465        13.4743211278
        1.4650169000         3.6000000000         1.8763802953         4.0905113732        14.0727070458
        1.4700097000         3.6000000000         1.8610663341         4.1415489224        13.6737831005
        1.4750093000         3.6000000000         1.8534093535         4.1951383490        13.4743211278
        1.4800056000         3.6000000000         1.8483046998         4.2512796531        13.3413464793
        1.4850097000         3.6000000000         1.8610663341         4.2997653248        13.6737831005
        1.4900073000         3.6000000000         1.8534093535         4.3533547515        13.4743211278
        1.4950094000         3.6000000000         1.8814849490         4.4120479330        14.2056816943
        1.5000053000         3.6000000000         1.8687233147         4.4630854822        13.8732450731
        1.5050094000         3.6000000000         1.8483046998         4.5115711539        13.3413464793
        1.5100058000         3.6000000000         1.8483046998         4.5677124580        13.3413464793
        1.5150092000         3.6000000000         1.8712756415         4.6289575170        13.9397323974
        1.5200061000         3.6000000000         1.8687233147         4.6774431887        13.8732450731
        1.5250081000         3.6000000000         1.8534093535         4.7259288605        13.4743211278
        1.5300097000         3.6000000000         1.8636186610         4.7922776744        13.7402704247
        1.5350101000         3.6000000000         1.8534093535         4.8356595912        13.4743211278
        1.5400096000         3.6000000000         1.8610663341         4.8918008953        13.6737831005
        1.5450102000         3.6000000000         1.8636186610         4.9607015867        13.7402704247
        1.5500087000         3.6000000000         1.8508570267         4.9964278711        13.4078338036
        1.5550087000         3.6000000000         1.8636186610         5.0066353810        13.7402704247
        1.5600062000         3.6000000000         1.8559616804         5.0040835035        13.5408084520
        1.5650124000         3.6000000000         1.8738279684         1.1150222560        14.0062197216
        1.5700077000         3.6000000000         1.8763802953         0.0024036839        14.0727070458
        1.5750117000         3.6000000000         1.8636186610         0.0100593162        13.7402704247
        1.5800059000         3.6000000000         1.8636186610         0.0279224584        13.7402704247
        1.5850144000         3.6000000000         1.8661709878         0.0789600076        13.8067577489
        1.5900049000         3.6000000000         1.8559616804         0.1274456793        13.5408084520
        1.5950091000         3.6000000000         1.8559616804         0.1784832285        13.5408084520
        1.6000055000         3.6000000000         1.8559616804         0.2346245326        13.5408084520
        1.6050093000         3.6000000000         1.8559616804         0.2907658367        13.5408084520
        1.6100095000         3.6000000000         1.8534093535         0.3418033859        13.4743211278
        1.6150167000         3.6000000000         1.8559616804         0.3979446900        13.5408084520
        1.6200079000         3.6000000000         1.8636186610         0.4566378716        13.7402704247
        1.6250144000         3.6000000000         1.8585140073         0.5102272982        13.6072957762
        1.6300071000         3.6000000000         1.8610663341         0.5561610925        13.6737831005
        1.6350097000         3.6000000000         1.8559616804         0.6071986416        13.5408084520
        1.6400093000         3.6000000000         1.8585140073         0.6607880683        13.6072957762
        1.6450094000         3.6000000000         1.8636186610         0.7245850047        13.7402704247
        1.6500050000         3.6000000000         1.8687233147         0.7679669216        13.8732450731
        1.6550089000         3.6000000000         1.8585140073         0.8292119806        13.6072957762
        1.6600056000         3.6000000000         1.8687233147         0.8776976523        13.8732450731
        1.6650095000         3.6000000000         1.8687233147         0.9338389564        13.8732450731
        1.6700096000         3.6000000000         1.8585140073         0.9823246281        13.6072957762
        1.6750091000         3.6000000000         1.8738279684         1.0359140547        14.0062197216
        1.6800097000         3.6000000000         1.8738279684         1.0946072363        14.0062197216
        1.6850148000         3.6000000000         1.8661709878         1.1456447855        13.8067577489
        1.6900061000         3.6000000000         1.8559616804         1.1890267023        13.5408084520
        1.6950092000         3.6000000000         1.8559616804         1.2375123740        13.5408084520
        1.7000097000         3.6000000000         1.8610663341         1.2987574330        13.6737831005
        1.7050096000         3.6000000000         1.8508570267         1.3421393498        13.4078338036
        1.7100056000         3.6000000000         1.8534093535         1.3931768990        13.4743211278
        1.7150097000         3.6000000000         1.8763802953         1.4518700806        14.0727070458
        1.7200068000         3.6000000000         1.8559616804         1.5029076297        13.5408084520
        1.7250092000         3.6000000000         1.8457523730         1.5539451789        13.2748591551
        1.7300068000         3.6000000000         1.8712756415         1.6151902379        13.9397323974
        1.7350102000         3.6000000000         1.8534093535         1.6509165224        13.4743211278
        1.7400084000         3.6000000000         1.8661709878         1.7096097039        13.8067577489
        1.7450094000         3.6000000000         1.8534093535         1.7555434982        13.4743211278
        1.7500050000         3.6000000000         1.8789326221         1.8065810474        14.1391943700
        1.7550088000         3.6000000000         1.8534093535         1.8576185965        13.4743211278
        1.7600094000         3.6000000000         1.8457523730         1.9112080232        13.2748591551
        1.7650094000         3.6000000000         1.8661709878         1.9647974498        13.8067577489
        1.7700364000         3.6000000000         1.8585140073         2.0183868765        13.6072957762
        1.7750105000         3.6000000000         1.8738279684         2.0770800580        14.0062197216
        1.7800074000         3.6000000000         1.8559616804         2.1281176072        13.5408084520
        1.7850102000         3.6000000000         1.8661709878         2.1791551564        13.8067577489
        1.7900052000         3.6000000000         1.8610663341         2.2225370732        13.6737831005
        1.7950096000         3.6000000000         1.8559616804         2.2735746224        13.5408084520
        1.8000067000         3.6000000000         1.8712756415         2.3348196814        13.9397323974
        1.8050095000         3.6000000000         1.8483046998         2.3833053531        13.3413464793
        1.8100053000         3.6000000000         1.8687233147         2.4445504121        13.8732450731
        1.8150102000         3.6000000000         1.8585140073         2.4879323289        13.6072957762
        1.8200163000         3.6000000000         1.8661709878         2.5364180006        13.8067577489
        1.8250096000         3.6000000000         1.8585140073         2.6002149371        13.6072957762
        1.8300077000         3.6000000000         1.8585140073         2.6384930990        13.6072957762
        1.8350092000         3.6000000000         1.8534093535         2.6971862806        13.4743211278
        1.8400120000         3.6000000000         1.8585140073         2.7456719523        13.6072957762
        1.8450097000         3.6000000000         1.8559616804         2.7992613789        13.5408084520
        1.8500286000         3.6000000000         1.8559616804         2.8528508056        13.5408084520
        1.8550097000         3.6000000000         1.8789326221         2.9140958646        14.1391943700
        1.8600073000         3.6000000000         1.8483046998         2.9549259039        13.3413464793
        1.8650093000         3.6000000000         1.8738279684         3.0110672080        14.0062197216
        1.8700186000         3.6000000000         1.8636186610         3.0697603896        13.7402704247
        1.8750066000         3.6000000000         1.8687233147         3.1131423064        13.8732450731
        1.8800426000         3.6000000000         1.8636186610         3.1769392429        13.7402704247
        1.8850108000         3.6000000000         1.8636186610         3.2228730371        13.7402704247
        1.8900882000         3.6000000000         1.8687233147         3.2815662187        13.8732450731
        1.8950052000         3.6000000000         1.8636186610         3.3223962580        13.7402704247
        1.9000094000         3.6000000000         1.8814849490         3.3836413170        14.2056816943
        1.9050062000         3.6000000000         1.8559616804         3.4295751113        13.5408084520
        1.9100076000         3.6000000000         1.8712756415         3.4831645379        13.9397323974
        1.9150051000         3.6000000000         1.8636186610         3.5418577195        13.7402704247
        1.9200088000         3.6000000000         1.8661709878         3.5903433912        13.8067577489
        1.9250067000         3.6000000000         1.8559616804         3.6439328179        13.5408084520
        1.9300097000         3.6000000000         1.8661709878         3.6949703670        13.8067577489
        1.9351047000         3.6000000000         1.8636186610         3.7511116711        13.7402704247
        1.9400054000         3.6000000000         1.8534093535         3.8021492203        13.4743211278
        1.9450092000         3.6000000000         1.8636186610         3.8480830146        13.7402704247
        1.9500066000         3.6000000000         1.8534093535         3.9042243187        13.4743211278
        1.9550100000         3.6000000000         1.8559616804         3.9629175002        13.5408084520
        1.9600071000         3.6000000000         1.8585140073         4.0114031719        13.6072957762
        1.9650146000         3.6000000000         1.8738279684         4.0675444760        14.0062197216
        1.9700507000         3.6000000000         1.8738279684         4.1185820252        14.0062197216
        1.9750189000         3.6000000000         1.8585140073         4.1670676969        13.6072957762
        1.9803045000         3.6000000000         1.8610663341         4.2232090010        13.6737831005
        1.9850098000         3.6000000000         1.8559616804         4.2716946728        13.5408084520
        1.9902221000         3.6000000000         1.8508570267         4.3227322219        13.4078338036
        1.9950052000         3.6000000000         1.8636186610         4.3839772810        13.7402704247
        2.0000095000         3.6000000000         1.8687233147         4.4248073203        13.8732450731
        2.0050065000         3.6000000000         1.8559616804         4.4860523793        13.5408084520
        2.0100093000         3.6000000000         1.8610663341         4.5396418060        13.6737831005
        2.0150051000         3.6000000000         1.8585140073         4.5881274777        13.6072957762
        2.0200088000         3.6000000000         1.8610663341         4.6468206592        13.6737831005
        2.0250050000         3.6000000000         1.8585140073         4.7055138408        13.6072957762
        2.0300093000         3.6000000000         1.8534093535         4.7539995125        13.4743211278
        2.0350079000         3.6000000000         1.8661709878         4.8177964490        13.8067577489
        2.0400093000         3.6000000000         1.8636186610         4.8764896306        13.7402704247
        2.0450050000         3.6000000000         1.8687233147         4.9249753023        13.8732450731
        2.0500094000         3.6000000000         1.8508570267         4.9734609740        13.4078338036
        2.0550083000         3.6000000000         1.8534093535         5.0066353810        13.4743211278
        2.0600099000         3.6000000000         1.8534093535         5.0066353810        13.4743211278
        2.0650061000         3.6000000000         1.8610663341         1.1124703785        13.6737831005
        2.0700081000         3.6000000000         1.8508570267        -0.0027000711        13.4078338036
        2.0750059000         3.6000000000         1.8508570267        -0.0027000711        13.4078338036
        2.0800094000         3.6000000000         1.8636186610         0.0049555613        13.7402704247
        2.0850107000         3.6000000000         1.8559616804         0.0457856007        13.5408084520
        2.0900097000         3.6000000000         1.8661709878         0.0942712724        13.8067577489
        2.0950060000         3.6000000000         1.8585140073         0.1606200863        13.6072957762
        2.1000094000         3.6000000000         1.8559616804         0.2065538806        13.5408084520
        2.1050051000         3.6000000000         1.8636186610         0.2626951847        13.7402704247
        2.1100030000         3.6000000000         1.8559616804         0.3213883662        13.5408084520
        2.1150067000         3.6000000000         1.8636186610         0.3647702830        13.7402704247
        2.1200077000         3.6000000000         1.8636186610         0.4311190970        13.7402704247
        2.1250095000         3.6000000000         1.8585140073         0.4770528912        13.6072957762
        2.1300067000         3.6000000000         1.8610663341         0.5331941953        13.6737831005
        2.1350078000         3.6000000000         1.8610663341         0.5765761121        13.6737831005
        2.1400094000         3.6000000000         1.8738279684         0.6378211711        14.0062197216
        2.1450049000         3.6000000000         1.8636186610         0.6990662302        13.7402704247
        2.1500053000         3.6000000000         1.8534093535         0.7398962695        13.4743211278
        2.1550052000         3.6000000000         1.8610663341         0.7960375736        13.6737831005
        2.1600093000         3.6000000000         1.8738279684         0.8572826326        14.0062197216
        2.1650053000         3.6000000000         1.8738279684         0.9083201818        14.0062197216
        2.1700088000         3.6000000000         1.8559616804         0.9619096084        13.5408084520
        2.1750053000         3.6000000000         1.8610663341         1.0103952802        13.6737831005
        2.1800093000         3.6000000000         1.8610663341         1.0563290744        13.6737831005
        2.1850322000         3.6000000000         1.8559616804         1.1175741334        13.5408084520
        2.1900093000         3.6000000000         1.8661709878         1.1762673150        13.8067577489
        2.1950063000         3.6000000000         1.8661709878         1.2222011093        13.8067577489
        2.2000093000         3.6000000000         1.8559616804         1.2706867810        13.5408084520
        2.2050080000         3.6000000000         1.8534093535         1.3242762076        13.4743211278
        2.2100153000         3.6000000000         1.8738279684         1.3727618793        14.0062197216
        2.2150069000         3.6000000000         1.8585140073         1.4289031834        13.6072957762
        2.2200117000         3.6000000000         1.8534093535         1.4748369777        13.4743211278
        2.2250068000         3.6000000000         1.8712756415         1.5360820367        13.9397323974
        2.2300095000         3.6000000000         1.8559616804         1.5743601986        13.5408084520
        2.2350065000         3.6000000000         1.8585140073         1.6381571351        13.6072957762
        2.2400093000         3.6000000000         1.8585140073         1.6866428068        13.6072957762
        2.2450068000         3.6000000000         1.8636186610         1.7325766011        13.7402704247
        2.2500093000         3.6000000000         1.8559616804         1.7861660277        13.5408084520
        2.2550067000         3.6000000000         1.8610663341         1.8397554543        13.6737831005
        2.2600096000         3.6000000000         1.8661709878         1.8958967584        13.8067577489
        2.2650095000         3.6000000000         1.8763802953         1.9494861851        14.0727070458
        2.2700093000         3.6000000000         1.8559616804         1.9954199793        13.5408084520
        2.2752797000         3.6000000000         1.8636186610         2.0464575285        13.7402704247
        2.2800055000         3.6000000000         1.8585140073         2.0949432002        13.6072957762
        2.2851310000         3.6000000000         1.8534093535         2.1587401367        13.4743211278
        2.2900088000         3.6000000000         1.8534093535         2.2021220535        13.4743211278
        2.2950061000         3.6000000000         1.8610663341         2.2506077252        13.6737831005
        2.3000094000         3.6000000000         1.8661709878         2.3118527843        13.8067577489
        2.3051704000         3.6000000000         1.8534093535         2.3603384560        13.4743211278
        2.3100045000         3.6000000000         1.8585140073         2.4139278826        13.6072957762
        2.3151001000         3.6000000000         1.8508570267         2.4598616769        13.4078338036
        2.3200119000         3.6000000000         1.8585140073         2.5185548584        13.6072957762
        2.3250141000         3.6000000000         1.8636186610         2.5670405302        13.7402704247
        2.3300104000         3.6000000000         1.8559616804         2.6206299568        13.5408084520
        2.3350116000         3.6000000000         1.8712756415         2.6716675060        13.9397323974
        2.3400734000         3.6000000000         1.8559616804         2.7252569326        13.5408084520
        2.3450207000         3.6000000000         1.8738279684         2.7813982367        14.0062197216
        2.3500058000         3.6000000000         1.8585140073         2.8324357859        13.6072957762
        2.3550096000         3.6000000000         1.8814849490         2.8860252125        14.2056816943
        2.3600059000         3.6000000000         1.8636186610         2.9396146392        13.7402704247
        2.3650098000         3.6000000000         1.8661709878         2.9957559433        13.8067577489
        2.3700055000         3.6000000000         1.8789326221         3.0467934924        14.1391943700
        2.3750093000         3.6000000000         1.8636186610         3.0978310416        13.7402704247
        2.3800061000         3.6000000000         1.8789326221         3.1565242232        14.1391943700
        2.3850080000         3.6000000000         1.8559616804         3.1973542625        13.5408084520
        2.3900058000         3.6000000000         1.8738279684         3.2534955666        14.0062197216
        2.3950096000         3.6000000000         1.8559616804         3.3096368707        13.5408084520
        2.4000061000         3.6000000000         1.8610663341         3.3632262974        13.6737831005
        2.4050097000         3.6000000000         1.8636186610         3.4091600916        13.7402704247
        2.4100071000         3.6000000000         1.8712756415         3.4755089056        13.9397323974
        2.4150091000         3.6000000000         1.8661709878         3.5214426998        13.8067577489
        2.4200062000         3.6000000000         1.8585140073         3.5673764941        13.6072957762
        2.4250092000         3.6000000000         1.8763802953         3.6337253080        14.0727070458
        2.4300122000         3.6000000000         1.8559616804         3.6796591023        13.5408084520
        2.4350118000         3.6000000000         1.8636186610         3.7332485289        13.7402704247
        2.4400102000         3.6000000000         1.8661709878         3.7842860781        13.8067577489
        2.4450052000         3.6000000000         1.8661709878         3.8378755047        13.8067577489
        2.4500097000         3.6000000000         1.8636186610         3.8914649314        13.7402704247
        2.4550087000         3.6000000000         1.8661709878         3.9425024806        13.8067577489
        2.4600094000         3.6000000000         1.8738279684         4.0062994170        14.0062197216
        2.4650341000         3.6000000000         1.8738279684         4.0573369662        14.0062197216
        2.4700095000         3.6000000000         1.8738279684         4.1007188830        14.0062197216
        2.4750118000         3.6000000000         1.8636186610         4.1543083097        13.7402704247
        2.4800053000         3.6000000000         1.8712756415         4.2078977363        13.9397323974
        2.4850040000         3.6000000000         1.8636186610         4.2665909178        13.7402704247
        2.4900115000         3.6000000000         1.8687233147         4.3201803445        13.8732450731
        2.4951861000         3.6000000000         1.8712756415         4.3788735260        13.9397323974
        2.5000097000         3.6000000000         1.8840372758         4.4324629527        14.2721690185
        2.5050090000         3.6000000000         1.8661709878         4.4809486244        13.8067577489
        2.5100054000         3.6000000000         1.8585140073         4.5345380510        13.6072957762
        2.5150093000         3.6000000000         1.8712756415         4.5881274777        13.9397323974
        2.5200081000         3.6000000000         1.8585140073         4.6391650269        13.6072957762
        2.5250094000         3.6000000000         1.8585140073         4.6902025760        13.6072957762
        2.5300051000         3.6000000000         1.8508570267         4.7463438801        13.4078338036
        2.5350078000         3.6000000000         1.8636186610         4.8126926941        13.7402704247
        2.5400117000         3.6000000000         1.8610663341         4.8611783658        13.6737831005
        2.5450080000         3.6000000000         1.8534093535         4.9147677924        13.4743211278
        2.5500055000         3.6000000000         1.8534093535         4.9658053416        13.4743211278
        2.5550118000         3.6000000000         1.8610663341         5.0066353810        13.6737831005
        2.5600050000         3.6000000000         1.8636186610         5.0142910133        13.7402704247
        2.5650094000         3.6000000000         1.8636186610         1.1201260109        13.7402704247
        2.5700106000         3.6000000000         1.8712756415         1.1175741334        13.9397323974
        2.5750093000         3.6000000000         1.8534093535        -0.0052519485        13.4743211278
        2.5800075000         3.6000000000         1.8585140073        -0.0001481936        13.6072957762
        2.5850079000         3.6000000000         1.8559616804         0.0279224584        13.5408084520
        2.5900887000         3.6000000000         1.8763802953         0.0993750273        14.0727070458
        2.5950102000         3.6000000000         1.8610663341         0.1427569441        13.6737831005
        2.6000055000         3.6000000000         1.8559616804         0.1988982482        13.5408084520
        2.6050096000         3.6000000000         1.8636186610         0.2550395523        13.7402704247
        2.6100057000         3.6000000000         1.8559616804         0.3060771015        13.5408084520
        2.6150092000         3.6000000000         1.8661709878         0.3647702830        13.8067577489
        2.6200051000         3.6000000000         1.8432000461         0.4158078322        13.2083718309
        2.6250094000         3.6000000000         1.8789326221         0.4821566461        14.1391943700
        2.6300053000         3.6000000000         1.8432000461         0.5229866855        13.2083718309
        2.6350035000         3.6000000000         1.8534093535         0.5765761121        13.4743211278
        2.6400101000         3.6000000000         1.8687233147         0.6378211711        13.8732450731
        2.6450094000         3.6000000000         1.8610663341         0.6888587203        13.6737831005
        2.6500052000         3.6000000000         1.8534093535         0.7398962695        13.4743211278
        2.6550066000         3.6000000000         1.8534093535         0.7858300638        13.4743211278
        2.6600056000         3.6000000000         1.8661709878         0.8470751228        13.8067577489
        2.6650096000         3.6000000000         1.8687233147         0.9006645494        13.8732450731
        2.6700079000         3.6000000000         1.8636186610         0.9568058535        13.7402704247
        2.6750105000         3.6000000000         1.8585140073         1.0078434027        13.6072957762
        2.6800055000         3.6000000000         1.8661709878         1.0614328293        13.8067577489
        2.6850028000         3.6000000000         1.8610663341         1.1175741334        13.6737831005
        2.6900081000         3.6000000000         1.8636186610         1.1609560502        13.7402704247
        2.6950029000         3.6000000000         1.8661709878         1.2170973543        13.8067577489
        2.7000062000         3.6000000000         1.8559616804         1.2604792711        13.5408084520
        2.7050091000         3.6000000000         1.8559616804         1.3217243302        13.5408084520
        2.7100056000         3.6000000000         1.8789326221         1.3778656343        14.1391943700
        2.7150188000         3.6000000000         1.8534093535         1.4186956736        13.4743211278
        2.7200078000         3.6000000000         1.8763802953         1.4824926101        14.0727070458
        2.7250105000         3.6000000000         1.8559616804         1.5207707720        13.5408084520
        2.7300078000         3.6000000000         1.8585140073         1.5769120761        13.6072957762
        2.7350104000         3.6000000000         1.8738279684         1.6407090125        14.0062197216
        2.7400073000         3.6000000000         1.8585140073         1.6840909293        13.6072957762
        2.7450193000         3.6000000000         1.8763802953         1.7325766011        14.0727070458
        2.7500105000         3.6000000000         1.8559616804         1.7938216601        13.5408084520
        2.7550091000         3.6000000000         1.8610663341         1.8295479445        13.6737831005
        2.7600057000         3.6000000000         1.8534093535         1.8831373711        13.4743211278
        2.7650100000         3.6000000000         1.8661709878         1.9443824302        13.8067577489
        2.7700059000         3.6000000000         1.8636186610         1.9954199793        13.7402704247
        2.7750130000         3.6000000000         1.8585140073         2.0388018961        13.6072957762
        2.7800077000         3.6000000000         1.8738279684         2.1025988326        14.0062197216
        2.7850236000         3.6000000000         1.8661709878         2.1561882593        13.8067577489
        2.7900063000         3.6000000000         1.8738279684         2.2097776859        14.0062197216
        2.7950163000         3.6000000000         1.8891419295         2.2633671125        14.4051436670
        2.8000096000         3.6000000000         1.8712756415         2.3195084166        13.9397323974
        2.8050152000         3.6000000000         1.8763802953         2.3705459658        14.0727070458
        2.8100108000         3.6000000000         1.8661709878         2.4190316375        13.8067577489
        2.8150192000         3.6000000000         1.8636186610         2.4700691867        13.7402704247
        2.8203226000         3.6000000000         1.8763802953         2.5287623683        14.0727070458
        2.8250127000         3.6000000000         1.8636186610         2.5695924076        13.7402704247
        2.8300083000         3.6000000000         1.8661709878         2.6257337117        13.8067577489
        2.8350151000         3.6000000000         1.8763802953         2.6844268933        14.0727070458
        2.8400127000         3.6000000000         1.8636186610         2.7303606875        13.7402704247
        2.8450098000         3.6000000000         1.8763802953         2.7941576240        14.0727070458
        2.8500076000         3.6000000000         1.8636186610         2.8375395408        13.7402704247
        2.8550096000         3.6000000000         1.8789326221         2.9013364773        14.1391943700
        2.8600070000         3.6000000000         1.8636186610         2.9447183941        13.7402704247
        2.8650091000         3.6000000000         1.8636186610         3.0008596982        13.7402704247
        2.8712521000         3.6000000000         1.8738279684         3.0723122670        14.0062197216
        2.8750054000         3.6000000000         1.8585140073         3.0978310416        13.6072957762
        2.8808802000         3.6000000000         1.8763802953         3.1743873654        14.0727070458
        2.8850097000         3.6000000000         1.8636186610         3.2075617724        13.7402704247
        2.8900094000         3.6000000000         1.8610663341         3.2637030765        13.6737831005
        2.8950056000         3.6000000000         1.8559616804         3.3121887482        13.5408084520
        2.9000096000         3.6000000000         1.8712756415         3.3657781748        13.9397323974
        2.9050066000         3.6000000000         1.8610663341         3.4219194789        13.6737831005
        2.9100096000         3.6000000000         1.8636186610         3.4755089056        13.7402704247
        2.9150069000         3.6000000000         1.8763802953         3.5239945773        14.0727070458
        2.9200052000         3.6000000000         1.8636186610         3.5826877588        13.7402704247
        2.9250061000         3.6000000000         1.8585140073         3.6286215531        13.6072957762
        2.9300100000         3.6000000000         1.8636186610         3.6796591023        13.7402704247
        2.9350065000         3.6000000000         1.8738279684         3.7434560388        14.0062197216
        2.9400071000         3.6000000000         1.8636186610         3.7919417105        13.7402704247
        2.9450094000         3.6000000000         1.8712756415         3.8455311371        13.9397323974
        2.9500077000         3.6000000000         1.8661709878         3.8991205638        13.8067577489
        2.9550098000         3.6000000000         1.8661709878         3.9450543580        13.8067577489
        2.9600093000         3.6000000000         1.8789326221         4.0114031719        14.1391943700
        2.9650068000         3.6000000000         1.8661709878         4.0598888437        13.8067577489
        2.9700094000         3.6000000000         1.8661709878         4.1032707605        13.8067577489
        2.9750056000         3.6000000000         1.8585140073         4.1670676969        13.6072957762
        2.9800091000         3.6000000000         1.8610663341         4.2181052461        13.6737831005
        2.9850097000         3.6000000000         1.8687233147         4.2691427953        13.8732450731
        2.9900098000         3.6000000000         1.8585140073         4.3201803445        13.6072957762
        2.9950054000         3.6000000000         1.8534093535         4.3737697711        13.4743211278
        3.0000093000         3.6000000000         1.8763802953         4.4324629527        14.0727070458
        3.0050117000         3.6000000000         1.8508570267         4.4809486244        13.4078338036
        3.0100171000         3.6000000000         1.8457523730         4.5370899285        13.2748591551
        3.0150126000         3.6000000000         1.8738279684         4.5983349875        14.0062197216
        3.0200113000         3.6000000000         1.8712756415         4.6442687818        13.9397323974
        3.0250080000         3.6000000000         1.8636186610         4.7106175957        13.7402704247
        3.0300185000         3.6000000000         1.8610663341         4.7616551449        13.6737831005
        3.0350128000         3.6000000000         1.8610663341         4.8152445715        13.6737831005
        3.0400194000         3.6000000000         1.8661709878         4.8790415080        13.8067577489
        3.0450112000         3.6000000000         1.8763802953         4.9351828121        14.0727070458
        3.0500186000         3.6000000000         1.8712756415         4.9913241162        13.9397323974
        3.0550082000         3.6000000000         1.8610663341         5.0066353810        13.6737831005
        3.0600200000         3.6000000000         1.8636186610         5.0066353810        13.7402704247
        3.0650091000         3.6000000000         1.8738279684         1.1099185011        14.0062197216
        3.0700158000         3.6000000000         1.8712756415         0.0100593162        13.9397323974
        3.0750104000         3.6000000000         1.8508570267        -0.0052519485        13.4078338036
        3.0800182000         3.6000000000         1.8636186610         0.0024036839        13.7402704247
        3.0850082000         3.6000000000         1.8559616804         0.0457856007        13.5408084520
        3.0900189000         3.6000000000         1.8712756415         0.1146862920        13.9397323974
        3.0950101000         3.6000000000         1.8661709878         0.1631719638        13.8067577489
        3.1000187000         3.6000000000         1.8661709878         0.2193132679        13.8067577489
        3.1050094000         3.6000000000         1.8457523730         0.2677989396        13.2748591551
        3.1100180000         3.6000000000         1.8636186610         0.3188364888        13.7402704247
        3.1150092000         3.6000000000         1.8661709878         0.3800815478        13.8067577489
        3.1200151000         3.6000000000         1.8534093535         0.4285672195        13.4743211278
        3.1250129000         3.6000000000         1.8534093535         0.4821566461        13.4743211278
        3.1300191000         3.6000000000         1.8712756415         0.5408498277        13.9397323974
        3.1350062000         3.6000000000         1.8636186610         0.5944392543        13.7402704247
        3.1400060000         3.6000000000         1.8585140073         0.6505805584        13.6072957762
        3.1450090000         3.6000000000         1.8636186610         0.6939624752        13.7402704247
        3.1500093000         3.6000000000         1.8687233147         0.7577594117        13.8732450731
        3.1550045000         3.6000000000         1.8534093535         0.8036932060        13.4743211278
        3.1600071000         3.6000000000         1.8738279684         0.8623863875        14.0062197216
        3.1650135000         3.6000000000         1.8712756415         0.9185276916        13.9397323974
        3.1700065000         3.6000000000         1.8661709878         0.9772208732        13.8067577489
        3.1750194000         3.6000000000         1.8585140073         1.0257065449        13.6072957762
        3.1800072000         3.6000000000         1.8763802953         1.0792959716        14.0727070458
        3.1850167000         3.6000000000         1.8636186610         1.1328853982        13.7402704247
        3.1900068000         3.6000000000         1.8508570267         1.1762673150        13.4078338036
        3.1950158000         3.6000000000         1.8559616804         1.2273048642        13.5408084520
        3.2000167000         3.6000000000         1.8661709878         1.2885499232        13.8067577489
        3.2054301000         3.6000000000         1.8585140073         1.3370355949        13.6072957762
        3.2100058000         3.6000000000         1.8763802953         1.3982806539        14.0727070458
        3.2150098000         3.6000000000         1.8457523730         1.4365588158        13.2748591551
        3.2200065000         3.6000000000         1.8789326221         1.5054595072        14.1391943700
        3.2253438000         3.6000000000         1.8585140073         1.5488414240        13.6072957762
        3.2300173000         3.6000000000         1.8636186610         1.6024308506        13.7402704247
        3.2350157000         3.6000000000         1.8687233147         1.6534683998        13.8732450731
        3.2400096000         3.6000000000         1.8636186610         1.6994021941        13.7402704247
        3.2450101000         3.6000000000         1.8687233147         1.7555434982        13.8732450731
        3.2500078000         3.6000000000         1.8687233147         1.8142366797        13.8732450731
        3.2550137000         3.6000000000         1.8712756415         1.8627223515        13.9397323974
        3.2600070000         3.6000000000         1.8610663341         1.9035523908        13.6737831005
        3.2650100000         3.6000000000         1.8585140073         1.9571418174        13.6072957762
        3.2700064000         3.6000000000         1.8712756415         2.0158349990        13.9397323974
        3.2750096000         3.6000000000         1.8789326221         2.0668725482        14.1391943700
        3.2800068000         3.6000000000         1.8610663341         2.1230138523        13.6737831005
        3.2850089000         3.6000000000         1.8559616804         2.1791551564        13.5408084520
        3.2900073000         3.6000000000         1.8916942564         2.2404002154        14.4716309912
        3.2950098000         3.6000000000         1.8585140073         2.2761264998        13.6072957762
        3.3000065000         3.6000000000         1.8738279684         2.3424753138        14.0062197216
        3.3050089000         3.6000000000         1.8585140073         2.3909609855        13.6072957762
        3.3100056000         3.6000000000         1.8661709878         2.4419985347        13.8067577489
        3.3150094000         3.6000000000         1.8712756415         2.5032435937        13.9397323974
        3.3200069000         3.6000000000         1.8687233147         2.5491773879        13.8732450731
        3.3250094000         3.6000000000         1.8712756415         2.6053186920        13.9397323974
        3.3300061000         3.6000000000         1.8585140073         2.6487006088        13.6072957762
        3.3350089000         3.6000000000         1.8712756415         2.7099456679        13.9397323974
        3.3400068000         3.6000000000         1.8661709878         2.7584313396        13.8067577489
        3.3450093000         3.6000000000         1.8636186610         2.8043651338        13.7402704247
        3.3500075000         3.6000000000         1.8661709878         2.8681620703        13.8067577489
        3.3550091000         3.6000000000         1.8687233147         2.9089921097        13.8732450731
        3.3600140000         3.6000000000         1.8508570267         2.9625815363        13.4078338036
        3.3650182000         3.6000000000         1.8763802953         3.0212747179        14.0727070458
        3.3700099000         3.6000000000         1.8585140073         3.0774160220        13.6072957762
        3.3779921000         3.6000000000         1.8763802953         3.1667317330        14.0727070458
        3.3800127000         3.6000000000         1.8610663341         3.1769392429        13.6737831005
        3.3850133000         3.6000000000         1.8814849490         3.2407361793        14.2056816943
        3.3900067000         3.6000000000         1.8687233147         3.2841180961        13.8732450731
        3.3964278000         3.6000000000         1.8687233147         3.3504669101        13.8732450731
        3.4000991000         3.6000000000         1.8712756415         3.3861931945        13.9397323974
        3.4050105000         3.6000000000         1.8712756415         3.4499901310        13.9397323974
        3.4100058000         3.6000000000         1.8738279684         3.5010276801        14.0062197216
        3.4150095000         3.6000000000         1.8636186610         3.5520652293        13.7402704247
        3.4200074000         3.6000000000         1.8840372758         3.6056546560        14.2721690185
        3.4250095000         3.6000000000         1.8534093535         3.6541403277        13.4743211278
        3.4300153000         3.6000000000         1.8687233147         3.7051778769        13.8732450731
        3.4350098000         3.6000000000         1.8712756415         3.7664229359        13.9397323974
        3.4400074000         3.6000000000         1.8763802953         3.8225642400        14.0727070458
        3.4450152000         3.6000000000         1.8712756415         3.8736017892        13.9397323974
        3.4500100000         3.6000000000         1.8636186610         3.9220874609        13.7402704247
        3.4550099000         3.6000000000         1.8712756415         3.9731250101        13.9397323974
        3.4600058000         3.6000000000         1.8534093535         4.0267144367        13.4743211278
        3.4650097000         3.6000000000         1.8712756415         4.0777519859        13.9397323974
        3.4700077000         3.6000000000         1.8661709878         4.1389970449        13.8067577489
        3.4750093000         3.6000000000         1.8661709878         4.1925864715        13.8067577489
        3.4800063000         3.6000000000         1.8738279684         4.2512796531        14.0062197216
        3.4850101000         3.6000000000         1.8636186610         4.2946615699        13.7402704247
        3.4900069000         3.6000000000         1.8763802953         4.3533547515        14.0727070458
        3.4950094000         3.6000000000         1.8738279684         4.4069441781        14.0062197216
        3.5000094000         3.6000000000         1.8636186610         4.4579817273        13.7402704247
        3.5050092000         3.6000000000         1.8687233147         4.5166749088        13.8732450731
        3.5100063000         3.6000000000         1.8738279684         4.5804718453        14.0062197216
        3.5150096000         3.6000000000         1.8763802953         4.6340612719        14.0727070458
        3.5200066000         3.6000000000         1.8763802953         4.6902025760        14.0727070458
        3.5250045000         3.6000000000         1.8687233147         4.7386882478        13.8732450731
        3.5300083000         3.6000000000         1.8661709878         4.7948295519        13.8067577489
        3.5350133000         3.6000000000         1.8687233147         4.8484189785        13.8732450731
        3.5400090000         3.6000000000         1.8661709878         4.9071121601        13.8067577489
        3.5450186000         3.6000000000         1.8585140073         4.9581497092        13.6072957762
        3.5500185000         3.6000000000         1.8661709878         5.0066353810        13.8067577489
        3.5550158000         3.6000000000         1.8661709878         5.0066353810        13.8067577489
        3.5600093000         3.6000000000         1.8763802953         5.0066353810        14.0727070458
        3.5650135000         3.6000000000         1.8789326221         1.1175741334        14.1391943700
        3.5700075000         3.6000000000         1.8585140073        -0.0027000711        13.6072957762
        3.5750111000         3.6000000000         1.8763802953         0.0100593162        14.0727070458
        3.5800099000         3.6000000000         1.8636186610         0.0381299683        13.7402704247
        3.5850151000         3.6000000000         1.8661709878         0.0840637625        13.8067577489
        3.5900068000         3.6000000000         1.8559616804         0.1376531892        13.5408084520
        3.5950109000         3.6000000000         1.8636186610         0.1988982482        13.7402704247
        3.6000153000         3.6000000000         1.8661709878         0.2499357974        13.8067577489
        3.6050166000         3.6000000000         1.8763802953         0.3111808564        14.0727070458
        3.6100089000         3.6000000000         1.8610663341         0.3571146507        13.6737831005
        3.6150196000         3.6000000000         1.8585140073         0.4158078322        13.6072957762
        3.6200102000         3.6000000000         1.8763802953         0.4719491363        14.0727070458
        3.6250197000         3.6000000000         1.8559616804         0.5280904404        13.5408084520
        3.6300087000         3.6000000000         1.8687233147         0.5842317445        13.8732450731
        3.6350157000         3.6000000000         1.8814849490         0.6352692937        14.2056816943
        3.6400090000         3.6000000000         1.8534093535         0.6837549654        13.4743211278
        3.6450104000         3.6000000000         1.8712756415         0.7475519019        13.9397323974
        3.6500134000         3.6000000000         1.8687233147         0.7985894511        13.8732450731
        3.6550114000         3.6000000000         1.8738279684         0.8419713679        14.0062197216
        3.6600108000         3.6000000000         1.8687233147         0.9006645494        13.8732450731
        3.6650172000         3.6000000000         1.8508570267         0.9517020986        13.4078338036
        3.6700121000         3.6000000000         1.8712756415         1.0078434027        13.9397323974
        3.6750187000         3.6000000000         1.8738279684         1.0614328293        14.0062197216
        3.6800083000         3.6000000000         1.8636186610         1.1150222560        13.7402704247
        3.6850117000         3.6000000000         1.8636186610         1.1686116826        13.7402704247
        3.6900111000         3.6000000000         1.8738279684         1.2247529867        14.0062197216
        3.6950105000         3.6000000000         1.8661709878         1.2732386584        13.8067577489
        3.7000095000         3.6000000000         1.8559616804         1.3191724527        13.5408084520
        3.7050163000         3.6000000000         1.8789326221         1.3778656343        14.1391943700
        3.7100102000         3.6000000000         1.8636186610         1.4314550609        13.7402704247
        3.7150172000         3.6000000000         1.8687233147         1.4773888552        13.8732450731
        3.7200097000         3.6000000000         1.8661709878         1.5360820367        13.8067577489
        3.7250196000         3.6000000000         1.8840372758         1.5973270957        14.2721690185
        3.7300088000         3.6000000000         1.8585140073         1.6407090125        13.6072957762
        3.7350133000         3.6000000000         1.8610663341         1.6891946843        13.6737831005
        3.7400098000         3.6000000000         1.8840372758         1.7555434982        14.2721690185
        3.7450175000         3.6000000000         1.8687233147         1.7989254150        13.8732450731
        3.7500134000         3.6000000000         1.8687233147         1.8448592093        13.8732450731
        3.7550084000         3.6000000000         1.8738279684         1.9086561457        14.0062197216
        3.7600076000         3.6000000000         1.8687233147         1.9571418174        13.8732450731
        3.7650129000         3.6000000000         1.8712756415         2.0056274892        13.9397323974
        3.7700097000         3.6000000000         1.8585140073         2.0592169158        13.6072957762
        3.7750094000         3.6000000000         1.8661709878         2.1153582199        13.8067577489
        3.7800064000         3.6000000000         1.8661709878         2.1612920142        13.8067577489
        3.7850134000         3.6000000000         1.8738279684         2.2199851957        14.0062197216
        3.7900149000         3.6000000000         1.8789326221         2.2812302547        14.1391943700
        3.7950098000         3.6000000000         1.8814849490         2.3322678039        14.2056816943
        3.8000075000         3.6000000000         1.8763802953         2.3833053531        14.0727070458
        3.8050095000         3.6000000000         1.8687233147         2.4343429023        13.8732450731
        3.8100085000         3.6000000000         1.8687233147         2.4904842064        13.8732450731
        3.8150145000         3.6000000000         1.8814849490         2.5364180006        14.2056816943
        3.8200089000         3.6000000000         1.8610663341         2.5900074273        13.6737831005
        3.8250133000         3.6000000000         1.8687233147         2.6435968539        13.8732450731
        3.8300082000         3.6000000000         1.8814849490         2.7073937904        14.2056816943
        3.8350159000         3.6000000000         1.8585140073         2.7507757072        13.6072957762
        3.8400094000         3.6000000000         1.8763802953         2.8094688888        14.0727070458
        3.8450184000         3.6000000000         1.8712756415         2.8630583154        13.9397323974
        3.8500084000         3.6000000000         1.8942465832         2.9217514970        14.5381183154
        3.8550049000         3.6000000000         1.8712756415         2.9778928011        13.9397323974
        3.8600090000         3.6000000000         1.8814849490         3.0238265953        14.2056816943
        3.8650189000         3.6000000000         1.8789326221         3.0799678994        14.1391943700
        3.8700085000         3.6000000000         1.8687233147         3.1233498162        13.8732450731
        3.8750197000         3.6000000000         1.8738279684         3.1845948752        14.0062197216
        3.8800129000         3.6000000000         1.8891419295         3.2432880568        14.4051436670
        3.8850169000         3.6000000000         1.8636186610         3.2841180961        13.7402704247
        3.8901543000         3.6000000000         1.8712756415         3.3377075228        13.9397323974
        3.8950100000         3.6000000000         1.8763802953         3.3938488269        14.0727070458
        3.9000078000         3.6000000000         1.8661709878         3.4525420084        13.8067577489
        3.9050136000         3.6000000000         1.8661709878         3.5010276801        13.8067577489
        3.9106382000         3.6000000000         1.8840372758         3.5724802490        14.2721690185
        3.9189007000         3.6000000000         1.8814849490         3.6592440826        14.2056816943
        3.9200089000         3.6000000000         1.8661709878         3.6643478375        13.8067577489
        3.9250083000         3.6000000000         1.8865896027         3.7255928965        14.3386563427
        3.9300044000         3.6000000000         1.8687233147         3.7740785683        13.8732450731
        3.9350179000         3.6000000000         1.8763802953         3.8327717498        14.0727070458
        3.9400518000         3.6000000000         1.8763802953         3.8736017892        14.0727070458
        3.9450061000         3.6000000000         1.8661709878         3.9322949707        13.8067577489
        3.9501196000         3.6000000000         1.8687233147         3.9833325199        13.8732450731
        3.9550142000         3.6000000000         1.8712756415         4.0369219465        13.9397323974
        3.9600176000         3.6000000000         1.8865896027         4.0930632506        14.3386563427
        3.9650197000         3.6000000000         1.8687233147         4.1466526773        13.8732450731
        3.9700070000         3.6000000000         1.8763802953         4.2053458588        14.0727070458
        3.9750134000         3.6000000000         1.8712756415         4.2563834080        13.9397323974
        3.9802653000         3.6000000000         1.8559616804         4.3074209572        13.5408084520
        3.9850142000         3.6000000000         1.8763802953         4.3686660162        14.0727070458
        3.9900086000         3.6000000000         1.8661709878         4.4120479330        13.8067577489
        3.9950194000         3.6000000000         1.8636186610         4.4656373597        13.7402704247
