% Sweep Step 9/200  Vcmd=2.5500V  CW
% Vg_offset=1.338056V  K_gimbal=26.049690

Time[s]              Vcmd[V]              Vg_raw[V]            Pot[V]               Omega[rad/s]
        0.0005542000         2.5500000000         1.3378393285         0.0177149486        -0.0056514226
        0.0056707000         2.5500000000         1.3352870017         0.0177149486        -0.0721387468
        0.0106690000         2.5500000000         1.3301823480         0.0100593162        -0.2051133952
        0.0155573000         2.5500000000         1.3327346748         0.0126111937        -0.1386260710
        0.0206140000         2.5500000000         1.3352870017         0.0177149486        -0.0721387468
        0.0256352000         2.5500000000         1.3378393285         0.0151630711        -0.0056514226
        0.0307403000         2.5500000000         1.3429439823         0.0228187035         0.1273232259
        0.0355469000         2.5500000000         1.3378393285         0.0177149486        -0.0056514226
        0.0406676000         2.5500000000         1.3429439823         0.0253705810         0.1273232259
        0.0454768000         2.5500000000         1.3378393285         0.0151630711        -0.0056514226
        0.0505118000         2.5500000000         1.3378393285         0.0177149486        -0.0056514226
        0.0555455000         2.5500000000         1.3378393285         0.0177149486        -0.0056514226
        0.0605205000         2.5500000000         1.3327346748         0.0126111937        -0.1386260710
        0.0656057000         2.5500000000         1.3301823480         0.0100593162        -0.2051133952
        0.0704472000         2.5500000000         1.3301823480         0.0126111937        -0.2051133952
        0.0755158000         2.5500000000         1.3327346748         0.0126111937        -0.1386260710
        0.0805522000         2.5500000000         1.3429439823         0.0228187035         0.1273232259
        0.0855921000         2.5500000000         1.3454963091         0.0253705810         0.1938105501
        0.0904812000         2.5500000000         1.3352870017         0.0202668261        -0.0721387468
        0.0954770000         2.5500000000         1.3429439823         0.0253705810         0.1273232259
        0.1006478000         2.5500000000         1.3429439823         0.0253705810         0.1273232259
        0.1056952000         2.5500000000         1.3454963091         0.0228187035         0.1938105501
        0.1106302000         2.5500000000         1.3327346748         0.0126111937        -0.1386260710
        0.1156503000         2.5500000000         1.3327346748         0.0126111937        -0.1386260710
        0.1206657000         2.5500000000         1.3378393285         0.0177149486        -0.0056514226
        0.1255228000         2.5500000000         1.3352870017         0.0177149486        -0.0721387468
        0.1306740000         2.5500000000         1.3454963091         0.0228187035         0.1938105501
        0.1354799000         2.5500000000         1.3352870017         0.0177149486        -0.0721387468
        0.1405042000         2.5500000000         1.3429439823         0.0228187035         0.1273232259
        0.1454907000         2.5500000000         1.3327346748         0.0151630711        -0.1386260710
        0.1504755000         2.5500000000         1.3301823480         0.0126111937        -0.2051133952
        0.1556103000         2.5500000000         1.3327346748         0.0126111937        -0.1386260710
        0.1605046000         2.5500000000         1.3352870017         0.0151630711        -0.0721387468
        0.1655186000         2.5500000000         1.3352870017         0.0202668261        -0.0721387468
        0.1705923000         2.5500000000         1.3327346748         0.0126111937        -0.1386260710
        0.1755063000         2.5500000000         1.3378393285         0.0253705810        -0.0056514226
        0.1806978000         2.5500000000         1.3454963091         0.0228187035         0.1938105501
        0.1854983000         2.5500000000         1.3429439823         0.0253705810         0.1273232259
        0.1906893000         2.5500000000         1.3352870017         0.0177149486        -0.0721387468
        0.1954898000         2.5500000000         1.3429439823         0.0228187035         0.1273232259
        0.2007242000         2.5500000000         1.3429439823         0.0228187035         0.1273232259
        0.2054122000         2.5500000000         1.3403916554         0.0177149486         0.0608359017
        0.2105438000         2.5500000000         1.3352870017         0.0126111937        -0.0721387468
        0.2154774000         2.5500000000         1.3352870017         0.0177149486        -0.0721387468
        0.2207162000         2.5500000000         1.3352870017         0.0177149486        -0.0721387468
        0.2256291000         2.5500000000         1.3352870017         0.0177149486        -0.0721387468
        0.2304858000         2.5500000000         1.3378393285         0.0177149486        -0.0056514226
        0.2354572000         2.5500000000         1.3429439823         0.0253705810         0.1273232259
        0.2405048000         2.5500000000         1.3378393285         0.0177149486        -0.0056514226
        0.2455416000         2.5500000000         1.3301823480         0.0126111937        -0.2051133952
        0.2505147000         2.5500000000         1.3378393285         0.0177149486        -0.0056514226
        0.2555274000         2.5500000000         1.3429439823         0.0228187035         0.1273232259
        0.2605602000         2.5500000000         1.3352870017         0.0177149486        -0.0721387468
        0.2655366000         2.5500000000         1.3429439823         0.0228187035         0.1273232259
        0.2705630000         2.5500000000         1.3378393285         0.0177149486        -0.0056514226
        0.2755956000         2.5500000000         1.3378393285         0.0177149486        -0.0056514226
        0.2805582000         2.5500000000         1.3378393285         0.0177149486        -0.0056514226
        0.2856533000         2.5500000000         1.3276300211         0.0151630711        -0.2716007195
        0.2907164000         2.5500000000         1.3378393285         0.0177149486        -0.0056514226
        0.2954596000         2.5500000000         1.3327346748         0.0126111937        -0.1386260710
        0.3006720000         2.5500000000         1.3352870017         0.0177149486        -0.0721387468
        0.3055660000         2.5500000000         1.3352870017         0.0177149486        -0.0721387468
        0.3105795000         2.5500000000         1.3352870017         0.0177149486        -0.0721387468
        0.3157365000         2.5500000000         1.3454963091         0.0228187035         0.1938105501
        0.3206381000         2.5500000000         1.3378393285         0.0177149486        -0.0056514226
        0.3254839000         2.5500000000         1.3301823480         0.0100593162        -0.2051133952
        0.3305709000         2.5500000000         1.3327346748         0.0126111937        -0.1386260710
        0.3354451000         2.5500000000         1.3378393285         0.0177149486        -0.0056514226
        0.3406535000         2.5500000000         1.3454963091         0.0253705810         0.1938105501
        0.3454539000         2.5500000000         1.3454963091         0.0228187035         0.1938105501
        0.3506387000         2.5500000000         1.3454963091         0.0177149486         0.1938105501
        0.3555134000         2.5500000000         1.3429439823         0.0126111937         0.1273232259
        0.3606382000         2.5500000000         1.3454963091         0.0253705810         0.1938105501
        0.3655095000         2.5500000000         1.3429439823         0.0228187035         0.1273232259
        0.3705356000         2.5500000000         1.3327346748         0.0100593162        -0.1386260710
        0.3758318000         2.5500000000         1.3429439823         0.0253705810         0.1273232259
        0.3806531000         2.5500000000         1.3327346748         0.0126111937        -0.1386260710
        0.3854458000         2.5500000000         1.3352870017         0.0228187035        -0.0721387468
        0.3905333000         2.5500000000         1.3403916554         0.0202668261         0.0608359017
        0.3957906000         2.5500000000         1.3378393285         0.0202668261        -0.0056514226
        0.4005700000         2.5500000000         1.3301823480         0.0126111937        -0.2051133952
        0.4054343000         2.5500000000         1.3301823480         0.0126111937        -0.2051133952
        0.4105590000         2.5500000000         1.3327346748         0.0126111937        -0.1386260710
        0.4155653000         2.5500000000         1.3301823480         0.0126111937        -0.2051133952
        0.4205468000         2.5500000000         1.3301823480         0.0126111937        -0.2051133952
        0.4256020000         2.5500000000         1.3301823480         0.0126111937        -0.2051133952
        0.4305676000         2.5500000000         1.3352870017         0.0177149486        -0.0721387468
        0.4354627000         2.5500000000         1.3301823480         0.0151630711        -0.2051133952
        0.4405819000         2.5500000000         1.3352870017         0.0202668261        -0.0721387468
        0.4454948000         2.5500000000         1.3429439823         0.0253705810         0.1273232259
        0.4504970000         2.5500000000         1.3506009628         0.0177149486         0.3267851986
        0.4554727000         2.5500000000         1.3429439823         0.0228187035         0.1273232259
        0.4604371000         2.5500000000         1.3301823480         0.0126111937        -0.2051133952
        0.4654704000         2.5500000000         1.3301823480         0.0126111937        -0.2051133952
        0.4704694000         2.5500000000         1.3352870017         0.0202668261        -0.0721387468
        0.4754388000         2.5500000000         1.3378393285         0.0177149486        -0.0056514226
        0.4805722000         2.5500000000         1.3301823480         0.0100593162        -0.2051133952
        0.4854130000         2.5500000000         1.3327346748         0.0126111937        -0.1386260710
        0.4905718000         2.5500000000         1.3327346748         0.0126111937        -0.1386260710
        0.4956418000         2.5500000000         1.3352870017         0.0151630711        -0.0721387468
        0.5005566000         2.5500000000         1.3378393285         0.0202668261        -0.0056514226
        0.5054020000         2.5500000000         1.3327346748         0.0126111937        -0.1386260710
        0.5104348000         2.5500000000         1.3378393285         0.0177149486        -0.0056514226
        0.5155075000         2.5500000000         1.3327346748         0.0126111937        -0.1386260710
        0.5204049000         2.5500000000         1.3352870017         0.0177149486        -0.0721387468
        0.5254940000         2.5500000000         1.3378393285         0.0151630711        -0.0056514226
        0.5305486000         2.5500000000         1.3327346748         0.0126111937        -0.1386260710
        0.5354483000         2.5500000000         1.3378393285         0.0177149486        -0.0056514226
        0.5404414000         2.5500000000         1.3327346748         0.0100593162        -0.1386260710
        0.5455925000         2.5500000000         1.3429439823         0.0177149486         0.1273232259
        0.5504421000         2.5500000000         1.3276300211         0.0126111937        -0.2716007195
        0.5556744000         2.5500000000         1.3327346748         0.0151630711        -0.1386260710
        0.5605180000         2.5500000000         1.3454963091         0.0228187035         0.1938105501
        0.5655036000         2.5500000000         1.3352870017         0.0177149486        -0.0721387468
        0.5704751000         2.5500000000         1.3378393285         0.0228187035        -0.0056514226
        0.5755765000         2.5500000000         1.3378393285         0.0177149486        -0.0056514226
        0.5804399000         2.5500000000         1.3378393285         0.0177149486        -0.0056514226
        0.5855134000         2.5500000000         1.3327346748         0.0126111937        -0.1386260710
        0.5904408000         2.5500000000         1.3352870017         0.0151630711        -0.0721387468
        0.5955295000         2.5500000000         1.3531532897         0.0177149486         0.3932725228
        0.6006310000         2.5500000000         1.3429439823         0.0228187035         0.1273232259
        0.6054413000         2.5500000000         1.3378393285         0.0177149486        -0.0056514226
        0.6104370000         2.5500000000         1.3327346748         0.0126111937        -0.1386260710
        0.6154532000         2.5500000000         1.3301823480         0.0126111937        -0.2051133952
        0.6204377000         2.5500000000         1.3301823480         0.0126111937        -0.2051133952
        0.6255243000         2.5500000000         1.3454963091         0.0253705810         0.1938105501
        0.6304405000         2.5500000000         1.3429439823         0.0253705810         0.1273232259
        0.6355619000         2.5500000000         1.3352870017         0.0177149486        -0.0721387468
        0.6405275000         2.5500000000         1.3378393285         0.0177149486        -0.0056514226
        0.6455591000         2.5500000000         1.3378393285         0.0177149486        -0.0056514226
        0.6504414000         2.5500000000         1.3378393285         0.0177149486        -0.0056514226
        0.6554394000         2.5500000000         1.3327346748         0.0126111937        -0.1386260710
        0.6604139000         2.5500000000         1.3454963091         0.0151630711         0.1938105501
        0.6654523000         2.5500000000         1.3352870017         0.0202668261        -0.0721387468
        0.6704696000         2.5500000000         1.3429439823         0.0228187035         0.1273232259
        0.6754360000         2.5500000000         1.3378393285         0.0151630711        -0.0056514226
        0.6804402000         2.5500000000         1.3327346748         0.0126111937        -0.1386260710
        0.6854632000         2.5500000000         1.3352870017         0.0177149486        -0.0721387468
        0.6905083000         2.5500000000         1.3429439823         0.0228187035         0.1273232259
        0.6955748000         2.5500000000         1.3429439823         0.0253705810         0.1273232259
        0.7005783000         2.5500000000         1.3301823480         0.0126111937        -0.2051133952
        0.7054391000         2.5500000000         1.3403916554         0.0177149486         0.0608359017
        0.7104710000         2.5500000000         1.3403916554         0.0177149486         0.0608359017
        0.7154379000         2.5500000000         1.3327346748         0.0126111937        -0.1386260710
        0.7205465000         2.5500000000         1.3327346748         0.0100593162        -0.1386260710
        0.7255466000         2.5500000000         1.3378393285         0.0177149486        -0.0056514226
        0.7304385000         2.5500000000         1.3301823480         0.0151630711        -0.2051133952
        0.7355651000         2.5500000000         1.3352870017         0.0177149486        -0.0721387468
        0.7405401000         2.5500000000         1.3378393285         0.0177149486        -0.0056514226
        0.7455401000         2.5500000000         1.3429439823         0.0228187035         0.1273232259
        0.7504444000         2.5500000000         1.3378393285         0.0151630711        -0.0056514226
        0.7555628000         2.5500000000         1.3429439823         0.0228187035         0.1273232259
        0.7604731000         2.5500000000         1.3352870017         0.0177149486        -0.0721387468
        0.7654350000         2.5500000000         1.3429439823         0.0228187035         0.1273232259
        0.7705655000         2.5500000000         1.3378393285         0.0177149486        -0.0056514226
        0.7755603000         2.5500000000         1.3327346748         0.0126111937        -0.1386260710
        0.7804409000         2.5500000000         1.3429439823         0.0177149486         0.1273232259
        0.7855299000         2.5500000000         1.3301823480         0.0100593162        -0.2051133952
        0.7904409000         2.5500000000         1.3327346748         0.0151630711        -0.1386260710
        0.7955692000         2.5500000000         1.3352870017         0.0177149486        -0.0721387468
        0.8004393000         2.5500000000         1.3352870017         0.0151630711        -0.0721387468
        0.8055021000         2.5500000000         1.3352870017         0.0228187035        -0.0721387468
        0.8104417000         2.5500000000         1.3403916554         0.0228187035         0.0608359017
        0.8155751000         2.5500000000         1.3429439823         0.0253705810         0.1273232259
        0.8204419000         2.5500000000         1.3352870017         0.0177149486        -0.0721387468
        0.8255327000         2.5500000000         1.3403916554         0.0228187035         0.0608359017
        0.8305628000         2.5500000000         1.3403916554         0.0253705810         0.0608359017
        0.8354502000         2.5500000000         1.3429439823         0.0228187035         0.1273232259
        0.8405709000         2.5500000000         1.3352870017         0.0177149486        -0.0721387468
        0.8455091000         2.5500000000         1.3403916554         0.0253705810         0.0608359017
        0.8504377000         2.5500000000         1.3352870017         0.0177149486        -0.0721387468
        0.8554719000         2.5500000000         1.3352870017         0.0151630711        -0.0721387468
        0.8605326000         2.5500000000         1.3301823480         0.0126111937        -0.2051133952
        0.8654781000         2.5500000000         1.3378393285         0.0177149486        -0.0056514226
        0.8704405000         2.5500000000         1.3327346748         0.0126111937        -0.1386260710
        0.8755002000         2.5500000000         1.3352870017         0.0177149486        -0.0721387468
        0.8804378000         2.5500000000         1.3454963091         0.0177149486         0.1938105501
        0.8854259000         2.5500000000         1.3352870017         0.0177149486        -0.0721387468
        0.8904474000         2.5500000000         1.3378393285         0.0177149486        -0.0056514226
        0.8955004000         2.5500000000         1.3301823480         0.0126111937        -0.2051133952
        0.9005294000         2.5500000000         1.3327346748         0.0126111937        -0.1386260710
        0.9055513000         2.5500000000         1.3378393285         0.0177149486        -0.0056514226
        0.9104864000         2.5500000000         1.3352870017         0.0177149486        -0.0721387468
        0.9155013000         2.5500000000         1.3429439823         0.0253705810         0.1273232259
        0.9204991000         2.5500000000         1.3429439823         0.0228187035         0.1273232259
        0.9254474000         2.5500000000         1.3301823480         0.0126111937        -0.2051133952
        0.9306471000         2.5500000000         1.3378393285         0.0177149486        -0.0056514226
        0.9355249000         2.5500000000         1.3378393285         0.0177149486        -0.0056514226
        0.9404121000         2.5500000000         1.3301823480         0.0126111937        -0.2051133952
        0.9455007000         2.5500000000         1.3378393285         0.0177149486        -0.0056514226
        0.9504542000         2.5500000000         1.3378393285         0.0126111937        -0.0056514226
        0.9555768000         2.5500000000         1.3352870017         0.0177149486        -0.0721387468
        0.9604280000         2.5500000000         1.3378393285         0.0177149486        -0.0056514226
        0.9655248000         2.5500000000         1.3352870017         0.0151630711        -0.0721387468
        0.9704192000         2.5500000000         1.3352870017         0.0177149486        -0.0721387468
        0.9754405000         2.5500000000         1.3378393285         0.0151630711        -0.0056514226
        0.9804893000         2.5500000000         1.3327346748         0.0100593162        -0.1386260710
        0.9855341000         2.5500000000         1.3378393285         0.0177149486        -0.0056514226
        0.9906350000         2.5500000000         1.3378393285         0.0151630711        -0.0056514226
        0.9954709000         2.5500000000         1.3378393285         0.0177149486        -0.0056514226
        1.0012533000         2.5500000000         1.3429439823         0.0228187035         0.1273232259
        1.0054433000         2.5500000000         1.3301823480         0.0126111937        -0.2051133952
        1.0106980000         2.5500000000         1.3327346748         0.0126111937        -0.1386260710
        1.0154390000         2.5500000000         1.3352870017         0.0126111937        -0.0721387468
        1.0205328000         2.5500000000         1.3531532897         0.0177149486         0.3932725228
        1.0255855000         2.5500000000         1.3454963091         0.0228187035         0.1938105501
        1.0305720000         2.5500000000         1.3454963091         0.0253705810         0.1938105501
        1.0354433000         2.5500000000         1.3327346748         0.0126111937        -0.1386260710
        1.0405717000         2.5500000000         1.3301823480         0.0126111937        -0.2051133952
        1.0454205000         2.5500000000         1.3301823480         0.0126111937        -0.2051133952
        1.0505305000         2.5500000000         1.3378393285         0.0177149486        -0.0056514226
        1.0555016000         2.5500000000         1.3429439823         0.0228187035         0.1273232259
        1.0605570000         2.5500000000         1.3429439823         0.0228187035         0.1273232259
        1.0655599000         2.5500000000         1.3327346748         0.0126111937        -0.1386260710
        1.0705837000         2.5500000000         1.3327346748         0.0100593162        -0.1386260710
        1.0754429000         2.5500000000         1.3378393285         0.0177149486        -0.0056514226
        1.0804409000         2.5500000000         1.3352870017         0.0177149486        -0.0721387468
        1.0854747000         2.5500000000         1.3378393285         0.0202668261        -0.0056514226
        1.0904399000         2.5500000000         1.3378393285         0.0177149486        -0.0056514226
        1.0954380000         2.5500000000         1.3454963091         0.0228187035         0.1938105501
        1.1004106000         2.5500000000         1.3352870017         0.0177149486        -0.0721387468
        1.1055769000         2.5500000000         1.3378393285         0.0177149486        -0.0056514226
        1.1105699000         2.5500000000         1.3352870017         0.0177149486        -0.0721387468
        1.1155454000         2.5500000000         1.3378393285         0.0177149486        -0.0056514226
        1.1205800000         2.5500000000         1.3301823480         0.0100593162        -0.2051133952
        1.1254313000         2.5500000000         1.3301823480         0.0126111937        -0.2051133952
        1.1305331000         2.5500000000         1.3352870017         0.0202668261        -0.0721387468
        1.1355426000         2.5500000000         1.3352870017         0.0151630711        -0.0721387468
        1.1404112000         2.5500000000         1.3454963091         0.0228187035         0.1938105501
        1.1455386000         2.5500000000         1.3378393285         0.0151630711        -0.0056514226
        1.1505327000         2.5500000000         1.3429439823         0.0151630711         0.1273232259
        1.1555200000         2.5500000000         1.3378393285         0.0177149486        -0.0056514226
        1.1605168000         2.5500000000         1.3378393285         0.0177149486        -0.0056514226
        1.1655223000         2.5500000000         1.3301823480         0.0151630711        -0.2051133952
        1.1705120000         2.5500000000         1.3403916554         0.0177149486         0.0608359017
        1.1755353000         2.5500000000         1.3429439823         0.0253705810         0.1273232259
        1.1805484000         2.5500000000         1.3378393285         0.0177149486        -0.0056514226
        1.1854416000         2.5500000000         1.3352870017         0.0177149486        -0.0721387468
        1.1905537000         2.5500000000         1.3378393285         0.0177149486        -0.0056514226
        1.1954402000         2.5500000000         1.3327346748         0.0100593162        -0.1386260710
        1.2005153000         2.5500000000         1.3301823480         0.0100593162        -0.2051133952
        1.2055249000         2.5500000000         1.3429439823         0.0253705810         0.1273232259
        1.2105405000         2.5500000000         1.3429439823         0.0253705810         0.1273232259
        1.2155246000         2.5500000000         1.3352870017         0.0177149486        -0.0721387468
        1.2205384000         2.5500000000         1.3352870017         0.0177149486        -0.0721387468
        1.2254411000         2.5500000000         1.3327346748         0.0100593162        -0.1386260710
        1.2304392000         2.5500000000         1.3403916554         0.0126111937         0.0608359017
        1.2356001000         2.5500000000         1.3429439823         0.0253705810         0.1273232259
        1.2405387000         2.5500000000         1.3454963091         0.0228187035         0.1938105501
        1.2455422000         2.5500000000         1.3429439823         0.0228187035         0.1273232259
        1.2504157000         2.5500000000         1.3378393285         0.0202668261        -0.0056514226
        1.2554444000         2.5500000000         1.3301823480         0.0126111937        -0.2051133952
        1.2605879000         2.5500000000         1.3327346748         0.0126111937        -0.1386260710
        1.2655345000         2.5500000000         1.3378393285         0.0151630711        -0.0056514226
        1.2706880000         2.5500000000         1.3378393285         0.0177149486        -0.0056514226
        1.2754694000         2.5500000000         1.3378393285         0.0177149486        -0.0056514226
        1.2805897000         2.5500000000         1.3506009628         0.0126111937         0.3267851986
        1.2855637000         2.5500000000         1.3352870017         0.0177149486        -0.0721387468
        1.2906470000         2.5500000000         1.3352870017         0.0177149486        -0.0721387468
        1.2955867000         2.5500000000         1.3301823480         0.0100593162        -0.2051133952
        1.3006021000         2.5500000000         1.3352870017         0.0202668261        -0.0721387468
        1.3055554000         2.5500000000         1.3378393285         0.0177149486        -0.0056514226
        1.3105288000         2.5500000000         1.3454963091         0.0228187035         0.1938105501
        1.3155052000         2.5500000000         1.3327346748         0.0100593162        -0.1386260710
        1.3205714000         2.5500000000         1.3378393285         0.0177149486        -0.0056514226
        1.3254143000         2.5500000000         1.3378393285         0.0151630711        -0.0056514226
        1.3305794000         2.5500000000         1.3378393285         0.0177149486        -0.0056514226
        1.3354488000         2.5500000000         1.3378393285         0.0202668261        -0.0056514226
        1.3404425000         2.5500000000         1.3352870017         0.0177149486        -0.0721387468
        1.3454407000         2.5500000000         1.3378393285         0.0177149486        -0.0056514226
        1.3504417000         2.5500000000         1.3429439823         0.0253705810         0.1273232259
        1.3554639000         2.5500000000         1.3429439823         0.0228187035         0.1273232259
        1.3605122000         2.5500000000         1.3327346748         0.0100593162        -0.1386260710
        1.3654497000         2.5500000000         1.3352870017         0.0202668261        -0.0721387468
        1.3705723000         2.5500000000         1.3608102703         0.0253705810         0.5927344955
        1.3756048000         2.5500000000         1.3352870017         0.0177149486        -0.0721387468
        1.3805328000         2.5500000000         1.3403916554         0.0177149486         0.0608359017
        1.3855042000         2.5500000000         1.3378393285         0.0177149486        -0.0056514226
        1.3905466000         2.5500000000         1.3403916554         0.0151630711         0.0608359017
        1.3954393000         2.5500000000         1.3378393285         0.0177149486        -0.0056514226
        1.4004026000         2.5500000000         1.3327346748         0.0126111937        -0.1386260710
        1.4054193000         2.5500000000         1.3276300211         0.0126111937        -0.2716007195
        1.4105565000         2.5500000000         1.3301823480         0.0126111937        -0.2051133952
        1.4155095000         2.5500000000         1.3327346748         0.0126111937        -0.1386260710
        1.4204336000         2.5500000000         1.3327346748         0.0126111937        -0.1386260710
        1.4257213000         2.5500000000         1.3429439823         0.0202668261         0.1273232259
        1.4304413000         2.5500000000         1.3301823480         0.0126111937        -0.2051133952
        1.4355552000         2.5500000000         1.3301823480         0.0126111937        -0.2051133952
        1.4404424000         2.5500000000         1.3301823480         0.0126111937        -0.2051133952
        1.4455724000         2.5500000000         1.3454963091         0.0177149486         0.1938105501
        1.4504064000         2.5500000000         1.3378393285         0.0177149486        -0.0056514226
        1.4555712000         2.5500000000         1.3301823480         0.0126111937        -0.2051133952
        1.4604408000         2.5500000000         1.3378393285         0.0151630711        -0.0056514226
        1.4654095000         2.5500000000         1.3429439823         0.0253705810         0.1273232259
        1.4704408000         2.5500000000         1.3378393285         0.0177149486        -0.0056514226
        1.4754370000         2.5500000000         1.3429439823         0.0202668261         0.1273232259
        1.4805505000         2.5500000000         1.3429439823         0.0253705810         0.1273232259
        1.4854387000         2.5500000000         1.3429439823         0.0253705810         0.1273232259
        1.4904406000         2.5500000000         1.3378393285         0.0177149486        -0.0056514226
        1.4954419000         2.5500000000         1.3378393285         0.0151630711        -0.0056514226
        1.5004710000         2.5500000000         1.3327346748         0.0126111937        -0.1386260710
        1.5055099000         2.5500000000         1.3378393285         0.0177149486        -0.0056514226
        1.5105743000         2.5500000000         1.3454963091         0.0253705810         0.1938105501
        1.5154927000         2.5500000000         1.3327346748         0.0126111937        -0.1386260710
        1.5204730000         2.5500000000         1.3327346748         0.0100593162        -0.1386260710
        1.5254399000         2.5500000000         1.3429439823         0.0253705810         0.1273232259
        1.5305394000         2.5500000000         1.3429439823         0.0253705810         0.1273232259
        1.5354379000         2.5500000000         1.3352870017         0.0177149486        -0.0721387468
        1.5405830000         2.5500000000         1.3378393285         0.0177149486        -0.0056514226
        1.5455739000         2.5500000000         1.3378393285         0.0177149486        -0.0056514226
        1.5504940000         2.5500000000         1.3352870017         0.0177149486        -0.0721387468
        1.5554397000         2.5500000000         1.3429439823         0.0253705810         0.1273232259
        1.5604493000         2.5500000000         1.3378393285         0.0177149486        -0.0056514226
        1.5654511000         2.5500000000         1.3429439823         0.0253705810         0.1273232259
        1.5705038000         2.5500000000         1.3403916554         0.0151630711         0.0608359017
        1.5755942000         2.5500000000         1.3454963091         0.0228187035         0.1938105501
        1.5804437000         2.5500000000         1.3378393285         0.0177149486        -0.0056514226
        1.5855714000         2.5500000000         1.3480486360         0.0177149486         0.2602978743
        1.5904711000         2.5500000000         1.3454963091         0.0253705810         0.1938105501
        1.5954413000         2.5500000000         1.3378393285         0.0177149486        -0.0056514226
        1.6004244000         2.5500000000         1.3378393285         0.0151630711        -0.0056514226
        1.6055468000         2.5500000000         1.3301823480         0.0126111937        -0.2051133952
        1.6104420000         2.5500000000         1.3327346748         0.0126111937        -0.1386260710
        1.6154777000         2.5500000000         1.3352870017         0.0177149486        -0.0721387468
        1.6204403000         2.5500000000         1.3352870017         0.0177149486        -0.0721387468
        1.6254845000         2.5500000000         1.3429439823         0.0228187035         0.1273232259
        1.6304402000         2.5500000000         1.3327346748         0.0177149486        -0.1386260710
        1.6355096000         2.5500000000         1.3378393285         0.0177149486        -0.0056514226
        1.6404762000         2.5500000000         1.3378393285         0.0177149486        -0.0056514226
        1.6455603000         2.5500000000         1.3429439823         0.0228187035         0.1273232259
        1.6504551000         2.5500000000         1.3352870017         0.0177149486        -0.0721387468
        1.6555201000         2.5500000000         1.3429439823         0.0228187035         0.1273232259
        1.6604433000         2.5500000000         1.3378393285         0.0151630711        -0.0056514226
        1.6654538000         2.5500000000         1.3454963091         0.0228187035         0.1938105501
        1.6705162000         2.5500000000         1.3327346748         0.0126111937        -0.1386260710
        1.6755433000         2.5500000000         1.3301823480         0.0126111937        -0.2051133952
        1.6804432000         2.5500000000         1.3301823480         0.0126111937        -0.2051133952
        1.6855634000         2.5500000000         1.3327346748         0.0126111937        -0.1386260710
        1.6905578000         2.5500000000         1.3378393285         0.0177149486        -0.0056514226
        1.6954719000         2.5500000000         1.3403916554         0.0177149486         0.0608359017
        1.7005130000         2.5500000000         1.3378393285         0.0177149486        -0.0056514226
        1.7055044000         2.5500000000         1.3301823480         0.0126111937        -0.2051133952
        1.7105091000         2.5500000000         1.3378393285         0.0202668261        -0.0056514226
        1.7155279000         2.5500000000         1.3378393285         0.0151630711        -0.0056514226
        1.7204409000         2.5500000000         1.3429439823         0.0253705810         0.1273232259
        1.7254998000         2.5500000000         1.3352870017         0.0151630711        -0.0721387468
        1.7304960000         2.5500000000         1.3352870017         0.0177149486        -0.0721387468
        1.7355852000         2.5500000000         1.3429439823         0.0228187035         0.1273232259
        1.7405188000         2.5500000000         1.3378393285         0.0177149486        -0.0056514226
        1.7455107000         2.5500000000         1.3378393285         0.0177149486        -0.0056514226
        1.7504836000         2.5500000000         1.3429439823         0.0253705810         0.1273232259
        1.7554147000         2.5500000000         1.3327346748         0.0100593162        -0.1386260710
        1.7605719000         2.5500000000         1.3301823480         0.0126111937        -0.2051133952
        1.7654500000         2.5500000000         1.3327346748         0.0126111937        -0.1386260710
        1.7704388000         2.5500000000         1.3301823480         0.0126111937        -0.2051133952
        1.7754799000         2.5500000000         1.3429439823         0.0228187035         0.1273232259
        1.7810782000         2.5500000000         1.3429439823         0.0253705810         0.1273232259
        1.7854249000         2.5500000000         1.3454963091         0.0253705810         0.1938105501
        1.7905098000         2.5500000000         1.3327346748         0.0100593162        -0.1386260710
        1.7954971000         2.5500000000         1.3352870017         0.0202668261        -0.0721387468
        1.8005759000         2.5500000000         1.3429439823         0.0253705810         0.1273232259
        1.8054610000         2.5500000000         1.3506009628         0.0177149486         0.3267851986
        1.8104342000         2.5500000000         1.3454963091         0.0228187035         0.1938105501
        1.8155706000         2.5500000000         1.3352870017         0.0228187035        -0.0721387468
        1.8204217000         2.5500000000         1.3454963091         0.0228187035         0.1938105501
        1.8255311000         2.5500000000         1.3352870017         0.0177149486        -0.0721387468
        1.8307036000         2.5500000000         1.3429439823         0.0228187035         0.1273232259
        1.8355325000         2.5500000000         1.3454963091         0.0228187035         0.1938105501
        1.8406279000         2.5500000000         1.3378393285         0.0177149486        -0.0056514226
        1.8455364000         2.5500000000         1.3352870017         0.0177149486        -0.0721387468
        1.8504110000         2.5500000000         1.3378393285         0.0177149486        -0.0056514226
        1.8554454000         2.5500000000         1.3301823480         0.0100593162        -0.2051133952
        1.8607321000         2.5500000000         1.3352870017         0.0177149486        -0.0721387468
        1.8655640000         2.5500000000         1.3454963091         0.0228187035         0.1938105501
        1.8704922000         2.5500000000         1.3378393285         0.0177149486        -0.0056514226
        1.8755627000         2.5500000000         1.3301823480         0.0126111937        -0.2051133952
        1.8805435000         2.5500000000         1.3454963091         0.0126111937         0.1938105501
        1.8855613000         2.5500000000         1.3378393285         0.0177149486        -0.0056514226
        1.8905578000         2.5500000000         1.3378393285         0.0177149486        -0.0056514226
        1.8955625000         2.5500000000         1.3352870017         0.0177149486        -0.0721387468
        1.9005408000         2.5500000000         1.3429439823         0.0228187035         0.1273232259
        1.9055041000         2.5500000000         1.3429439823         0.0253705810         0.1273232259
        1.9105644000         2.5500000000         1.3454963091         0.0177149486         0.1938105501
        1.9156870000         2.5500000000         1.3378393285         0.0151630711        -0.0056514226
        1.9205835000         2.5500000000         1.3301823480         0.0126111937        -0.2051133952
        1.9255096000         2.5500000000         1.3378393285         0.0177149486        -0.0056514226
        1.9305697000         2.5500000000         1.3378393285         0.0177149486        -0.0056514226
        1.9355639000         2.5500000000         1.3429439823         0.0253705810         0.1273232259
        1.9405718000         2.5500000000         1.3429439823         0.0253705810         0.1273232259
        1.9455770000         2.5500000000         1.3403916554         0.0151630711         0.0608359017
        1.9504444000         2.5500000000         1.3276300211         0.0126111937        -0.2716007195
        1.9555898000         2.5500000000         1.3301823480         0.0126111937        -0.2051133952
        1.9605154000         2.5500000000         1.3301823480         0.0126111937        -0.2051133952
        1.9655687000         2.5500000000         1.3378393285         0.0177149486        -0.0056514226
        1.9705752000         2.5500000000         1.3378393285         0.0177149486        -0.0056514226
        1.9755906000         2.5500000000         1.3352870017         0.0177149486        -0.0721387468
        1.9805152000         2.5500000000         1.3454963091         0.0253705810         0.1938105501
        1.9854365000         2.5500000000         1.3454963091         0.0228187035         0.1938105501
        1.9904004000         2.5500000000         1.3378393285         0.0177149486        -0.0056514226
        1.9954237000         2.5500000000         1.3378393285         0.0177149486        -0.0056514226
        2.0004367000         2.5500000000         1.3301823480         0.0126111937        -0.2051133952
        2.0055103000         2.5500000000         1.3301823480         0.0177149486        -0.2051133952
        2.0104401000         2.5500000000         1.3352870017         0.0202668261        -0.0721387468
        2.0155940000         2.5500000000         1.3429439823         0.0253705810         0.1273232259
        2.0204738000         2.5500000000         1.3403916554         0.0177149486         0.0608359017
        2.0254007000         2.5500000000         1.3327346748         0.0126111937        -0.1386260710
        2.0303604000         2.5500000000         1.3429439823         0.0253705810         0.1273232259
        2.0354025000         2.5500000000         1.3378393285         0.0151630711        -0.0056514226
        2.0404362000         2.5500000000         1.3429439823         0.0253705810         0.1273232259
        2.0454323000         2.5500000000         1.3378393285         0.0177149486        -0.0056514226
        2.0504034000         2.5500000000         1.3378393285         0.0177149486        -0.0056514226
        2.0554007000         2.5500000000         1.3378393285         0.0202668261        -0.0056514226
        2.0604063000         2.5500000000         1.3378393285         0.0177149486        -0.0056514226
        2.0654245000         2.5500000000         1.3301823480         0.0100593162        -0.2051133952
        2.0704489000         2.5500000000         1.3301823480         0.0100593162        -0.2051133952
        2.0754242000         2.5500000000         1.3327346748         0.0126111937        -0.1386260710
        2.0804128000         2.5500000000         1.3352870017         0.0177149486        -0.0721387468
        2.0855096000         2.5500000000         1.3327346748         0.0100593162        -0.1386260710
        2.0904416000         2.5500000000         1.3454963091         0.0177149486         0.1938105501
        2.0954414000         2.5500000000         1.3429439823         0.0177149486         0.1273232259
        2.1004069000         2.5500000000         1.3454963091         0.0228187035         0.1938105501
        2.1054767000         2.5500000000         1.3352870017         0.0151630711        -0.0721387468
        2.1104727000         2.5500000000         1.3429439823         0.0228187035         0.1273232259
        2.1154060000         2.5500000000         1.3378393285         0.0177149486        -0.0056514226
        2.1204030000         2.5500000000         1.3352870017         0.0177149486        -0.0721387468
        2.1254008000         2.5500000000         1.3327346748         0.0126111937        -0.1386260710
        2.1303688000         2.5500000000         1.3378393285         0.0177149486        -0.0056514226
        2.1354741000         2.5500000000         1.3301823480         0.0126111937        -0.2051133952
        2.1404064000         2.5500000000         1.3378393285         0.0177149486        -0.0056514226
        2.1454639000         2.5500000000         1.3378393285         0.0177149486        -0.0056514226
        2.1504962000         2.5500000000         1.3301823480         0.0126111937        -0.2051133952
        2.1554529000         2.5500000000         1.3403916554         0.0177149486         0.0608359017
        2.1604049000         2.5500000000         1.3378393285         0.0177149486        -0.0056514226
        2.1654008000         2.5500000000         1.3327346748         0.0100593162        -0.1386260710
        2.1704456000         2.5500000000         1.3352870017         0.0202668261        -0.0721387468
        2.1754357000         2.5500000000         1.3378393285         0.0177149486        -0.0056514226
        2.1804376000         2.5500000000         1.3327346748         0.0126111937        -0.1386260710
        2.1854709000         2.5500000000         1.3352870017         0.0151630711        -0.0721387468
        2.1904360000         2.5500000000         1.3454963091         0.0228187035         0.1938105501
        2.1954022000         2.5500000000         1.3378393285         0.0177149486        -0.0056514226
        2.2004009000         2.5500000000         1.3454963091         0.0228187035         0.1938105501
        2.2055629000         2.5500000000         1.3352870017         0.0177149486        -0.0721387468
        2.2105048000         2.5500000000         1.3301823480         0.0100593162        -0.2051133952
        2.2154592000         2.5500000000         1.3301823480         0.0126111937        -0.2051133952
        2.2205741000         2.5500000000         1.3352870017         0.0177149486        -0.0721387468
        2.2254472000         2.5500000000         1.3378393285         0.0177149486        -0.0056514226
        2.2304405000         2.5500000000         1.3454963091         0.0253705810         0.1938105501
        2.2355135000         2.5500000000         1.3429439823         0.0177149486         0.1273232259
        2.2404430000         2.5500000000         1.3301823480         0.0126111937        -0.2051133952
        2.2455777000         2.5500000000         1.3352870017         0.0151630711        -0.0721387468
        2.2506547000         2.5500000000         1.3301823480         0.0126111937        -0.2051133952
        2.2555274000         2.5500000000         1.3378393285         0.0151630711        -0.0056514226
        2.2606585000         2.5500000000         1.3352870017         0.0177149486        -0.0721387468
        2.2655815000         2.5500000000         1.3429439823         0.0228187035         0.1273232259
        2.2706567000         2.5500000000         1.3429439823         0.0253705810         0.1273232259
        2.2754717000         2.5500000000         1.3378393285         0.0177149486        -0.0056514226
        2.2805115000         2.5500000000         1.3352870017         0.0177149486        -0.0721387468
        2.2855620000         2.5500000000         1.3429439823         0.0228187035         0.1273232259
        2.2906015000         2.5500000000         1.3429439823         0.0228187035         0.1273232259
        2.2955151000         2.5500000000         1.3429439823         0.0228187035         0.1273232259
        2.3006411000         2.5500000000         1.3378393285         0.0177149486        -0.0056514226
        2.3055639000         2.5500000000         1.3378393285         0.0177149486        -0.0056514226
        2.3105070000         2.5500000000         1.3378393285         0.0177149486        -0.0056514226
        2.3154904000         2.5500000000         1.3301823480         0.0126111937        -0.2051133952
        2.3205120000         2.5500000000         1.3327346748         0.0100593162        -0.1386260710
        2.3257220000         2.5500000000         1.3454963091         0.0253705810         0.1938105501
        2.3304678000         2.5500000000         1.3429439823         0.0228187035         0.1273232259
        2.3355714000         2.5500000000         1.3454963091         0.0228187035         0.1938105501
        2.3405666000         2.5500000000         1.3378393285         0.0100593162        -0.0056514226
        2.3456036000         2.5500000000         1.3327346748         0.0126111937        -0.1386260710
        2.3505817000         2.5500000000         1.3378393285         0.0202668261        -0.0056514226
        2.3555599000         2.5500000000         1.3301823480         0.0126111937        -0.2051133952
        2.3605806000         2.5500000000         1.3378393285         0.0151630711        -0.0056514226
        2.3656016000         2.5500000000         1.3429439823         0.0253705810         0.1273232259
        2.3705978000         2.5500000000         1.3352870017         0.0177149486        -0.0721387468
        2.3757063000         2.5500000000         1.3301823480         0.0126111937        -0.2051133952
        2.3807293000         2.5500000000         1.3352870017         0.0177149486        -0.0721387468
        2.3855298000         2.5500000000         1.3378393285         0.0177149486        -0.0056514226
        2.3905882000         2.5500000000         1.3378393285         0.0177149486        -0.0056514226
        2.3956387000         2.5500000000         1.3454963091         0.0228187035         0.1938105501
        2.4006118000         2.5500000000         1.3454963091         0.0253705810         0.1938105501
        2.4056216000         2.5500000000         1.3378393285         0.0177149486        -0.0056514226
        2.4107164000         2.5500000000         1.3429439823         0.0253705810         0.1273232259
        2.4156731000         2.5500000000         1.3301823480         0.0126111937        -0.2051133952
        2.4206009000         2.5500000000         1.3327346748         0.0126111937        -0.1386260710
        2.4257660000         2.5500000000         1.3352870017         0.0202668261        -0.0721387468
        2.4306765000         2.5500000000         1.3378393285         0.0177149486        -0.0056514226
        2.4357793000         2.5500000000         1.3378393285         0.0177149486        -0.0056514226
        2.4405963000         2.5500000000         1.3327346748         0.0100593162        -0.1386260710
        2.4456928000         2.5500000000         1.3378393285         0.0177149486        -0.0056514226
        2.4506710000         2.5500000000         1.3352870017         0.0151630711        -0.0721387468
        2.4556182000         2.5500000000         1.3429439823         0.0228187035         0.1273232259
        2.4606217000         2.5500000000         1.3378393285         0.0177149486        -0.0056514226
        2.4654659000         2.5500000000         1.3378393285         0.0177149486        -0.0056514226
        2.4705148000         2.5500000000         1.3327346748         0.0100593162        -0.1386260710
        2.4756542000         2.5500000000         1.3378393285         0.0151630711        -0.0056514226
        2.4805342000         2.5500000000         1.3454963091         0.0177149486         0.1938105501
        2.4856460000         2.5500000000         1.3403916554         0.0228187035         0.0608359017
        2.4905303000         2.5500000000         1.3378393285         0.0177149486        -0.0056514226
        2.4956526000         2.5500000000         1.3454963091         0.0228187035         0.1938105501
        2.5005108000         2.5500000000         1.3327346748         0.0126111937        -0.1386260710
        2.5055150000         2.5500000000         1.3429439823         0.0228187035         0.1273232259
        2.5104538000         2.5500000000         1.3352870017         0.0151630711        -0.0721387468
        2.5156637000         2.5500000000         1.3378393285         0.0177149486        -0.0056514226
        2.5205851000         2.5500000000         1.3403916554         0.0177149486         0.0608359017
        2.5255325000         2.5500000000         1.3429439823         0.0253705810         0.1273232259
        2.5305670000         2.5500000000         1.3429439823         0.0228187035         0.1273232259
        2.5355945000         2.5500000000         1.3403916554         0.0228187035         0.0608359017
        2.5406405000         2.5500000000         1.3429439823         0.0253705810         0.1273232259
        2.5457560000         2.5500000000         1.3429439823         0.0253705810         0.1273232259
        2.5505727000         2.5500000000         1.3429439823         0.0253705810         0.1273232259
        2.5554999000         2.5500000000         1.3352870017         0.0177149486        -0.0721387468
        2.5607535000         2.5500000000         1.3327346748         0.0100593162        -0.1386260710
        2.5658861000         2.5500000000         1.3327346748         0.0126111937        -0.1386260710
        2.5706366000         2.5500000000         1.3327346748         0.0126111937        -0.1386260710
        2.5756474000         2.5500000000         1.3429439823         0.0228187035         0.1273232259
        2.5805145000         2.5500000000         1.3429439823         0.0253705810         0.1273232259
        2.5855895000         2.5500000000         1.3378393285         0.0177149486        -0.0056514226
        2.5906464000         2.5500000000         1.3352870017         0.0177149486        -0.0721387468
        2.5955808000         2.5500000000         1.3352870017         0.0202668261        -0.0721387468
        2.6005433000         2.5500000000         1.3352870017         0.0177149486        -0.0721387468
        2.6054571000         2.5500000000         1.3429439823         0.0228187035         0.1273232259
        2.6105105000         2.5500000000         1.3429439823         0.0253705810         0.1273232259
        2.6155988000         2.5500000000         1.3454963091         0.0228187035         0.1938105501
        2.6206145000         2.5500000000         1.3378393285         0.0151630711        -0.0056514226
        2.6256786000         2.5500000000         1.3531532897         0.0177149486         0.3932725228
        2.6305570000         2.5500000000         1.3454963091         0.0253705810         0.1938105501
        2.6356811000         2.5500000000         1.3327346748         0.0100593162        -0.1386260710
        2.6405547000         2.5500000000         1.3378393285         0.0177149486        -0.0056514226
        2.6456667000         2.5500000000         1.3301823480         0.0126111937        -0.2051133952
        2.6505152000         2.5500000000         1.3327346748         0.0126111937        -0.1386260710
        2.6556749000         2.5500000000         1.3378393285         0.0202668261        -0.0056514226
        2.6605402000         2.5500000000         1.3352870017         0.0177149486        -0.0721387468
        2.6656442000         2.5500000000         1.3429439823         0.0253705810         0.1273232259
        2.6705755000         2.5500000000         1.3327346748         0.0151630711        -0.1386260710
        2.6756522000         2.5500000000         1.3378393285         0.0177149486        -0.0056514226
        2.6806080000         2.5500000000         1.3327346748         0.0126111937        -0.1386260710
        2.6856497000         2.5500000000         1.3378393285         0.0151630711        -0.0056514226
        2.6905618000         2.5500000000         1.3403916554         0.0151630711         0.0608359017
        2.6955573000         2.5500000000         1.3378393285         0.0202668261        -0.0056514226
        2.7006849000         2.5500000000         1.3327346748         0.0100593162        -0.1386260710
        2.7056646000         2.5500000000         1.3403916554         0.0177149486         0.0608359017
        2.7106027000         2.5500000000         1.3327346748         0.0126111937        -0.1386260710
        2.7156511000         2.5500000000         1.3352870017         0.0177149486        -0.0721387468
        2.7206521000         2.5500000000         1.3327346748         0.0126111937        -0.1386260710
        2.7257625000         2.5500000000         1.3429439823         0.0253705810         0.1273232259
        2.7307848000         2.5500000000         1.3378393285         0.0177149486        -0.0056514226
        2.7356333000         2.5500000000         1.3352870017         0.0177149486        -0.0721387468
        2.7406918000         2.5500000000         1.3352870017         0.0126111937        -0.0721387468
        2.7456813000         2.5500000000         1.3301823480         0.0126111937        -0.2051133952
        2.7506225000         2.5500000000         1.3352870017         0.0177149486        -0.0721387468
        2.7557737000         2.5500000000         1.3301823480         0.0126111937        -0.2051133952
        2.7606501000         2.5500000000         1.3327346748         0.0126111937        -0.1386260710
        2.7656294000         2.5500000000         1.3378393285         0.0177149486        -0.0056514226
        2.7706086000         2.5500000000         1.3378393285         0.0177149486        -0.0056514226
        2.7756891000         2.5500000000         1.3378393285         0.0202668261        -0.0056514226
        2.7806041000         2.5500000000         1.3301823480         0.0126111937        -0.2051133952
        2.7856824000         2.5500000000         1.3352870017         0.0177149486        -0.0721387468
        2.7905402000         2.5500000000         1.3301823480         0.0126111937        -0.2051133952
        2.7956796000         2.5500000000         1.3454963091         0.0228187035         0.1938105501
        2.8007661000         2.5500000000         1.3352870017         0.0202668261        -0.0721387468
        2.8057315000         2.5500000000         1.3378393285         0.0151630711        -0.0056514226
        2.8107197000         2.5500000000         1.3454963091         0.0228187035         0.1938105501
        2.8155405000         2.5500000000         1.3327346748         0.0126111937        -0.1386260710
        2.8205613000         2.5500000000         1.3378393285         0.0151630711        -0.0056514226
        2.8256746000         2.5500000000         1.3352870017         0.0151630711        -0.0721387468
        2.8306588000         2.5500000000         1.3378393285         0.0177149486        -0.0056514226
        2.8356430000         2.5500000000         1.3403916554         0.0228187035         0.0608359017
        2.8409252000         2.5500000000         1.3531532897         0.0253705810         0.3932725228
        2.8456490000         2.5500000000         1.3327346748         0.0100593162        -0.1386260710
        2.8505218000         2.5500000000         1.3327346748         0.0100593162        -0.1386260710
        2.8556484000         2.5500000000         1.3301823480         0.0126111937        -0.2051133952
        2.8607726000         2.5500000000         1.3429439823         0.0228187035         0.1273232259
        2.8655300000         2.5500000000         1.3327346748         0.0126111937        -0.1386260710
        2.8706655000         2.5500000000         1.3429439823         0.0253705810         0.1273232259
        2.8755979000         2.5500000000         1.3429439823         0.0228187035         0.1273232259
        2.8806482000         2.5500000000         1.3429439823         0.0253705810         0.1273232259
        2.8856026000         2.5500000000         1.3378393285         0.0177149486        -0.0056514226
        2.8905457000         2.5500000000         1.3454963091         0.0228187035         0.1938105501
        2.8957457000         2.5500000000         1.3301823480         0.0126111937        -0.2051133952
        2.9006239000         2.5500000000         1.3352870017         0.0177149486        -0.0721387468
        2.9056137000         2.5500000000         1.3429439823         0.0177149486         0.1273232259
        2.9104988000         2.5500000000         1.3378393285         0.0177149486        -0.0056514226
        2.9155833000         2.5500000000         1.3352870017         0.0202668261        -0.0721387468
        2.9206296000         2.5500000000         1.3301823480         0.0151630711        -0.2051133952
        2.9255869000         2.5500000000         1.3301823480         0.0126111937        -0.2051133952
        2.9305729000         2.5500000000         1.3352870017         0.0177149486        -0.0721387468
        2.9356191000         2.5500000000         1.3301823480         0.0126111937        -0.2051133952
        2.9405835000         2.5500000000         1.3454963091         0.0228187035         0.1938105501
        2.9455179000         2.5500000000         1.3378393285         0.0151630711        -0.0056514226
        2.9505678000         2.5500000000         1.3378393285         0.0177149486        -0.0056514226
        2.9555681000         2.5500000000         1.3352870017         0.0151630711        -0.0721387468
        2.9604069000         2.5500000000         1.3327346748         0.0177149486        -0.1386260710
        2.9655387000         2.5500000000         1.3429439823         0.0253705810         0.1273232259
        2.9704814000         2.5500000000         1.3352870017         0.0177149486        -0.0721387468
        2.9754606000         2.5500000000         1.3327346748         0.0126111937        -0.1386260710
        2.9804005000         2.5500000000         1.3352870017         0.0177149486        -0.0721387468
        2.9854222000         2.5500000000         1.3301823480         0.0126111937        -0.2051133952
        2.9904020000         2.5500000000         1.3454963091         0.0228187035         0.1938105501
        2.9954530000         2.5500000000         1.3429439823         0.0151630711         0.1273232259
        3.0004387000         2.5500000000         1.3378393285         0.0177149486        -0.0056514226
        3.0055074000         2.5500000000         1.3327346748         0.0126111937        -0.1386260710
        3.0104065000         2.5500000000         1.3378393285         0.0177149486        -0.0056514226
        3.0154678000         2.5500000000         1.3429439823         0.0228187035         0.1273232259
        3.0204714000         2.5500000000         1.3403916554         0.0228187035         0.0608359017
        3.0254655000         2.5500000000         1.3378393285         0.0177149486        -0.0056514226
        3.0304018000         2.5500000000         1.3327346748         0.0100593162        -0.1386260710
        3.0354936000         2.5500000000         1.3378393285         0.0151630711        -0.0056514226
        3.0404027000         2.5500000000         1.3403916554         0.0228187035         0.0608359017
        3.0454553000         2.5500000000         1.3429439823         0.0228187035         0.1273232259
        3.0503624000         2.5500000000         1.3352870017         0.0177149486        -0.0721387468
        3.0555130000         2.5500000000         1.3276300211         0.0126111937        -0.2716007195
        3.0604434000         2.5500000000         1.3352870017         0.0177149486        -0.0721387468
        3.0654573000         2.5500000000         1.3352870017         0.0202668261        -0.0721387468
        3.0704368000         2.5500000000         1.3301823480         0.0100593162        -0.2051133952
        3.0754472000         2.5500000000         1.3378393285         0.0177149486        -0.0056514226
        3.0804228000         2.5500000000         1.3301823480         0.0126111937        -0.2051133952
        3.0854600000         2.5500000000         1.3327346748         0.0100593162        -0.1386260710
        3.0904382000         2.5500000000         1.3378393285         0.0177149486        -0.0056514226
        3.0954681000         2.5500000000         1.3378393285         0.0177149486        -0.0056514226
        3.1004033000         2.5500000000         1.3429439823         0.0228187035         0.1273232259
        3.1054019000         2.5500000000         1.3378393285         0.0177149486        -0.0056514226
        3.1103994000         2.5500000000         1.3327346748         0.0100593162        -0.1386260710
        3.1154422000         2.5500000000         1.3352870017         0.0177149486        -0.0721387468
        3.1204741000         2.5500000000         1.3454963091         0.0126111937         0.1938105501
        3.1254638000         2.5500000000         1.3327346748         0.0126111937        -0.1386260710
        3.1304445000         2.5500000000         1.3454963091         0.0228187035         0.1938105501
        3.1355106000         2.5500000000         1.3327346748         0.0100593162        -0.1386260710
        3.1403714000         2.5500000000         1.3352870017         0.0151630711        -0.0721387468
        3.1454533000         2.5500000000         1.3327346748         0.0126111937        -0.1386260710
        3.1504186000         2.5500000000         1.3378393285         0.0151630711        -0.0056514226
        3.1554333000         2.5500000000         1.3378393285         0.0202668261        -0.0056514226
        3.1604384000         2.5500000000         1.3378393285         0.0151630711        -0.0056514226
        3.1654545000         2.5500000000         1.3327346748         0.0126111937        -0.1386260710
        3.1704423000         2.5500000000         1.3429439823         0.0253705810         0.1273232259
        3.1754042000         2.5500000000         1.3327346748         0.0126111937        -0.1386260710
        3.1804189000         2.5500000000         1.3327346748         0.0100593162        -0.1386260710
        3.1854517000         2.5500000000         1.3429439823         0.0228187035         0.1273232259
        3.1903801000         2.5500000000         1.3378393285         0.0177149486        -0.0056514226
        3.1954037000         2.5500000000         1.3506009628         0.0202668261         0.3267851986
        3.2004877000         2.5500000000         1.3378393285         0.0151630711        -0.0056514226
        3.2054455000         2.5500000000         1.3327346748         0.0126111937        -0.1386260710
        3.2105814000         2.5500000000         1.3378393285         0.0177149486        -0.0056514226
        3.2154457000         2.5500000000         1.3454963091         0.0228187035         0.1938105501
        3.2204423000         2.5500000000         1.3454963091         0.0253705810         0.1938105501
        3.2255708000         2.5500000000         1.3378393285         0.0177149486        -0.0056514226
        3.2304609000         2.5500000000         1.3378393285         0.0177149486        -0.0056514226
        3.2355463000         2.5500000000         1.3403916554         0.0177149486         0.0608359017
        3.2404602000         2.5500000000         1.3327346748         0.0126111937        -0.1386260710
        3.2455044000         2.5500000000         1.3352870017         0.0151630711        -0.0721387468
        3.2504483000         2.5500000000         1.3352870017         0.0202668261        -0.0721387468
        3.2554129000         2.5500000000         1.3327346748         0.0177149486        -0.1386260710
        3.2604404000         2.5500000000         1.3429439823         0.0253705810         0.1273232259
        3.2654561000         2.5500000000         1.3429439823         0.0228187035         0.1273232259
        3.2706088000         2.5500000000         1.3429439823         0.0228187035         0.1273232259
        3.2755181000         2.5500000000         1.3454963091         0.0253705810         0.1938105501
        3.2806566000         2.5500000000         1.3378393285         0.0177149486        -0.0056514226
        3.2855978000         2.5500000000         1.3301823480         0.0126111937        -0.2051133952
        3.2905109000         2.5500000000         1.3378393285         0.0177149486        -0.0056514226
        3.2955918000         2.5500000000         1.3429439823         0.0228187035         0.1273232259
        3.3005669000         2.5500000000         1.3429439823         0.0228187035         0.1273232259
        3.3055909000         2.5500000000         1.3378393285         0.0151630711        -0.0056514226
        3.3105673000         2.5500000000         1.3301823480         0.0151630711        -0.2051133952
        3.3155225000         2.5500000000         1.3352870017         0.0177149486        -0.0721387468
        3.3205585000         2.5500000000         1.3352870017         0.0177149486        -0.0721387468
        3.3254042000         2.5500000000         1.3301823480         0.0126111937        -0.2051133952
        3.3304387000         2.5500000000         1.3352870017         0.0151630711        -0.0721387468
        3.3354717000         2.5500000000         1.3327346748         0.0151630711        -0.1386260710
        3.3403766000         2.5500000000         1.3454963091         0.0253705810         0.1938105501
        3.3454034000         2.5500000000         1.3454963091         0.0253705810         0.1938105501
        3.3503712000         2.5500000000         1.3429439823         0.0253705810         0.1273232259
        3.3554659000         2.5500000000         1.3327346748         0.0126111937        -0.1386260710
        3.3605209000         2.5500000000         1.3301823480         0.0126111937        -0.2051133952
        3.3654042000         2.5500000000         1.3378393285         0.0177149486        -0.0056514226
        3.3704442000         2.5500000000         1.3352870017         0.0177149486        -0.0721387468
        3.3754615000         2.5500000000         1.3429439823         0.0253705810         0.1273232259
        3.3804148000         2.5500000000         1.3378393285         0.0177149486        -0.0056514226
        3.3854504000         2.5500000000         1.3403916554         0.0177149486         0.0608359017
        3.3904634000         2.5500000000         1.3352870017         0.0177149486        -0.0721387468
        3.3955773000         2.5500000000         1.3352870017         0.0177149486        -0.0721387468
        3.4005727000         2.5500000000         1.3352870017         0.0177149486        -0.0721387468
        3.4054488000         2.5500000000         1.3429439823         0.0253705810         0.1273232259
        3.4104526000         2.5500000000         1.3378393285         0.0177149486        -0.0056514226
        3.4154688000         2.5500000000         1.3403916554         0.0151630711         0.0608359017
        3.4204124000         2.5500000000         1.3378393285         0.0177149486        -0.0056514226
        3.4257007000         2.5500000000         1.3429439823         0.0228187035         0.1273232259
        3.4306608000         2.5500000000         1.3378393285         0.0177149486        -0.0056514226
        3.4354905000         2.5500000000         1.3352870017         0.0177149486        -0.0721387468
        3.4406449000         2.5500000000         1.3327346748         0.0126111937        -0.1386260710
        3.4457046000         2.5500000000         1.3378393285         0.0177149486        -0.0056514226
        3.4505698000         2.5500000000         1.3480486360         0.0126111937         0.2602978743
        3.4555374000         2.5500000000         1.3378393285         0.0151630711        -0.0056514226
        3.4605628000         2.5500000000         1.3301823480         0.0126111937        -0.2051133952
        3.4654733000         2.5500000000         1.3378393285         0.0177149486        -0.0056514226
        3.4705635000         2.5500000000         1.3301823480         0.0126111937        -0.2051133952
        3.4755203000         2.5500000000         1.3327346748         0.0100593162        -0.1386260710
        3.4805130000         2.5500000000         1.3301823480         0.0126111937        -0.2051133952
        3.4854869000         2.5500000000         1.3378393285         0.0151630711        -0.0056514226
        3.4905102000         2.5500000000         1.3378393285         0.0151630711        -0.0056514226
        3.4954129000         2.5500000000         1.3429439823         0.0228187035         0.1273232259
        3.5005788000         2.5500000000         1.3429439823         0.0253705810         0.1273232259
        3.5055591000         2.5500000000         1.3429439823         0.0253705810         0.1273232259
        3.5106487000         2.5500000000         1.3352870017         0.0151630711        -0.0721387468
        3.5156728000         2.5500000000         1.3480486360         0.0177149486         0.2602978743
        3.5205701000         2.5500000000         1.3378393285         0.0177149486        -0.0056514226
        3.5255733000         2.5500000000         1.3327346748         0.0126111937        -0.1386260710
        3.5305654000         2.5500000000         1.3378393285         0.0202668261        -0.0056514226
        3.5354078000         2.5500000000         1.3327346748         0.0126111937        -0.1386260710
        3.5404142000         2.5500000000         1.3301823480         0.0126111937        -0.2051133952
        3.5454403000         2.5500000000         1.3301823480         0.0126111937        -0.2051133952
        3.5505433000         2.5500000000         1.3327346748         0.0126111937        -0.1386260710
        3.5555348000         2.5500000000         1.3378393285         0.0151630711        -0.0056514226
        3.5604502000         2.5500000000         1.3429439823         0.0253705810         0.1273232259
        3.5654525000         2.5500000000         1.3378393285         0.0177149486        -0.0056514226
        3.5704448000         2.5500000000         1.3429439823         0.0253705810         0.1273232259
        3.5755453000         2.5500000000         1.3378393285         0.0177149486        -0.0056514226
        3.5805038000         2.5500000000         1.3403916554         0.0228187035         0.0608359017
        3.5855622000         2.5500000000         1.3378393285         0.0177149486        -0.0056514226
        3.5904555000         2.5500000000         1.3301823480         0.0126111937        -0.2051133952
        3.5954663000         2.5500000000         1.3327346748         0.0100593162        -0.1386260710
        3.6004170000         2.5500000000         1.3301823480         0.0126111937        -0.2051133952
        3.6054780000         2.5500000000         1.3352870017         0.0177149486        -0.0721387468
        3.6104876000         2.5500000000         1.3352870017         0.0177149486        -0.0721387468
        3.6155594000         2.5500000000         1.3403916554         0.0177149486         0.0608359017
        3.6204507000         2.5500000000         1.3378393285         0.0177149486        -0.0056514226
        3.6254190000         2.5500000000         1.3327346748         0.0126111937        -0.1386260710
        3.6304034000         2.5500000000         1.3301823480         0.0126111937        -0.2051133952
        3.6354347000         2.5500000000         1.3378393285         0.0177149486        -0.0056514226
        3.6405089000         2.5500000000         1.3429439823         0.0228187035         0.1273232259
        3.6454146000         2.5500000000         1.3378393285         0.0177149486        -0.0056514226
        3.6505163000         2.5500000000         1.3352870017         0.0177149486        -0.0721387468
        3.6554200000         2.5500000000         1.3378393285         0.0126111937        -0.0056514226
        3.6605662000         2.5500000000         1.3301823480         0.0126111937        -0.2051133952
        3.6655826000         2.5500000000         1.3301823480         0.0100593162        -0.2051133952
        3.6705760000         2.5500000000         1.3378393285         0.0202668261        -0.0056514226
        3.6757114000         2.5500000000         1.3352870017         0.0177149486        -0.0721387468
        3.6805406000         2.5500000000         1.3352870017         0.0177149486        -0.0721387468
        3.6854732000         2.5500000000         1.3301823480         0.0100593162        -0.2051133952
        3.6904443000         2.5500000000         1.3327346748         0.0126111937        -0.1386260710
        3.6953783000         2.5500000000         1.3352870017         0.0177149486        -0.0721387468
        3.7004434000         2.5500000000         1.3378393285         0.0151630711        -0.0056514226
        3.7055610000         2.5500000000         1.3429439823         0.0228187035         0.1273232259
        3.7104462000         2.5500000000         1.3378393285         0.0177149486        -0.0056514226
        3.7154562000         2.5500000000         1.3378393285         0.0151630711        -0.0056514226
        3.7204066000         2.5500000000         1.3352870017         0.0177149486        -0.0721387468
        3.7255874000         2.5500000000         1.3429439823         0.0253705810         0.1273232259
        3.7305064000         2.5500000000         1.3480486360         0.0177149486         0.2602978743
        3.7354726000         2.5500000000         1.3378393285         0.0177149486        -0.0056514226
        3.7404411000         2.5500000000         1.3429439823         0.0253705810         0.1273232259
        3.7456437000         2.5500000000         1.3429439823         0.0253705810         0.1273232259
        3.7504725000         2.5500000000         1.3429439823         0.0228187035         0.1273232259
        3.7554995000         2.5500000000         1.3403916554         0.0253705810         0.0608359017
        3.7604100000         2.5500000000         1.3352870017         0.0151630711        -0.0721387468
        3.7656006000         2.5500000000         1.3378393285         0.0177149486        -0.0056514226
        3.7704068000         2.5500000000         1.3378393285         0.0177149486        -0.0056514226
        3.7754968000         2.5500000000         1.3378393285         0.0177149486        -0.0056514226
        3.7804354000         2.5500000000         1.3429439823         0.0228187035         0.1273232259
        3.7855151000         2.5500000000         1.3378393285         0.0177149486        -0.0056514226
        3.7904072000         2.5500000000         1.3378393285         0.0177149486        -0.0056514226
        3.7954745000         2.5500000000         1.3327346748         0.0126111937        -0.1386260710
        3.8004707000         2.5500000000         1.3327346748         0.0177149486        -0.1386260710
        3.8054124000         2.5500000000         1.3327346748         0.0126111937        -0.1386260710
        3.8104404000         2.5500000000         1.3378393285         0.0151630711        -0.0056514226
        3.8154964000         2.5500000000         1.3378393285         0.0202668261        -0.0056514226
        3.8204229000         2.5500000000         1.3352870017         0.0177149486        -0.0721387468
        3.8254035000         2.5500000000         1.3429439823         0.0228187035         0.1273232259
        3.8303714000         2.5500000000         1.3429439823         0.0228187035         0.1273232259
        3.8354992000         2.5500000000         1.3327346748         0.0126111937        -0.1386260710
        3.8404384000         2.5500000000         1.3327346748         0.0177149486        -0.1386260710
        3.8455240000         2.5500000000         1.3403916554         0.0177149486         0.0608359017
        3.8504075000         2.5500000000         1.3327346748         0.0126111937        -0.1386260710
        3.8554353000         2.5500000000         1.3301823480         0.0126111937        -0.2051133952
        3.8603784000         2.5500000000         1.3454963091         0.0202668261         0.1938105501
        3.8653793000         2.5500000000         1.3403916554         0.0151630711         0.0608359017
        3.8704823000         2.5500000000         1.3301823480         0.0100593162        -0.2051133952
        3.8754651000         2.5500000000         1.3506009628         0.0177149486         0.3267851986
        3.8803696000         2.5500000000         1.3378393285         0.0177149486        -0.0056514226
        3.8854585000         2.5500000000         1.3352870017         0.0177149486        -0.0721387468
        3.8905865000         2.5500000000         1.3378393285         0.0177149486        -0.0056514226
        3.8954624000         2.5500000000         1.3378393285         0.0151630711        -0.0056514226
        3.9004634000         2.5500000000         1.3378393285         0.0151630711        -0.0056514226
        3.9053807000         2.5500000000         1.3429439823         0.0253705810         0.1273232259
        3.9104536000         2.5500000000         1.3454963091         0.0253705810         0.1938105501
        3.9154727000         2.5500000000         1.3352870017         0.0177149486        -0.0721387468
        3.9204619000         2.5500000000         1.3454963091         0.0253705810         0.1938105501
        3.9254077000         2.5500000000         1.3352870017         0.0177149486        -0.0721387468
        3.9304086000         2.5500000000         1.3327346748         0.0151630711        -0.1386260710
        3.9354642000         2.5500000000         1.3301823480         0.0126111937        -0.2051133952
        3.9404394000         2.5500000000         1.3454963091         0.0228187035         0.1938105501
        3.9454154000         2.5500000000         1.3378393285         0.0177149486        -0.0056514226
        3.9504062000         2.5500000000         1.3403916554         0.0177149486         0.0608359017
        3.9554394000         2.5500000000         1.3403916554         0.0177149486         0.0608359017
        3.9603783000         2.5500000000         1.3429439823         0.0228187035         0.1273232259
        3.9654050000         2.5500000000         1.3378393285         0.0177149486        -0.0056514226
        3.9704520000         2.5500000000         1.3429439823         0.0253705810         0.1273232259
        3.9754133000         2.5500000000         1.3301823480         0.0151630711        -0.2051133952
        3.9805830000         2.5500000000         1.3301823480         0.0100593162        -0.2051133952
        3.9854122000         2.5500000000         1.3352870017         0.0253705810        -0.0721387468
        3.9903782000         2.5500000000         1.3327346748         0.0126111937        -0.1386260710
        3.9954081000         2.5500000000         1.3352870017         0.0151630711        -0.0721387468
        4.0004509000         2.5500000000         1.3352870017         0.0177149486        -0.0721387468
