% Motor Sweep Step 29/180
% Vcmd       = 2.6500 [V]
% Direction  = CW
% Zone       = DEADZONE
% Vg_offset  = 1.336155 [V]
% K_gimbal   = 26.049690 [(rad/s)/V]

Time[s]              Vcmd[V]              Vg_raw[V]            Pot[V]               Omega[rad/s]
        0.0000133000         2.6500000000         1.3352870017         1.7325766011        -0.0226056902
        0.0050151000         2.6500000000         1.3352870017         1.7300247236        -0.0226056902
        0.0100103000         2.6500000000         1.3301823480         1.7274728461        -0.1555803387
        0.0150087000         2.6500000000         1.3352870017         1.7325766011        -0.0226056902
        0.0200091000         2.6500000000         1.3480486360         1.7325766011         0.3098309309
        0.0250085000         2.6500000000         1.3276300211         1.7274728461        -0.2220676629
        0.0300085000         2.6500000000         1.3276300211         1.7249209687        -0.2220676629
        0.0350074000         2.6500000000         1.3301823480         1.7249209687        -0.1555803387
        0.0400072000         2.6500000000         1.3557056165         1.7325766011         0.5092929036
        0.0450140000         2.6500000000         1.3403916554         1.7376803560         0.1103689582
        0.0500099000         2.6500000000         1.3276300211         1.7274728461        -0.2220676629
        0.0550071000         2.6500000000         1.3301823480         1.7249209687        -0.1555803387
        0.0600060000         2.6500000000         1.3352870017         1.7351284785        -0.0226056902
        0.0650065000         2.6500000000         1.3301823480         1.7249209687        -0.1555803387
        0.0700041000         2.6500000000         1.3352870017         1.7325766011        -0.0226056902
        0.0750067000         2.6500000000         1.3454963091         1.7402322334         0.2433436067
        0.0800051000         2.6500000000         1.3378393285         1.7300247236         0.0438816340
        0.0850055000         2.6500000000         1.3429439823         1.7376803560         0.1768562824
        0.0900068000         2.6500000000         1.3352870017         1.7300247236        -0.0226056902
        0.0950068000         2.6500000000         1.3429439823         1.7376803560         0.1768562824
        0.1000041000         2.6500000000         1.3403916554         1.7376803560         0.1103689582
        0.1050065000         2.6500000000         1.3454963091         1.7376803560         0.2433436067
        0.1100042000         2.6500000000         1.3429439823         1.7325766011         0.1768562824
        0.1150062000         2.6500000000         1.3429439823         1.7325766011         0.1768562824
        0.1200066000         2.6500000000         1.3378393285         1.7325766011         0.0438816340
        0.1250080000         2.6500000000         1.3403916554         1.7325766011         0.1103689582
        0.1300085000         2.6500000000         1.3378393285         1.7325766011         0.0438816340
        0.1351768000         2.6500000000         1.3352870017         1.7325766011        -0.0226056902
        0.1400082000         2.6500000000         1.3378393285         1.7376803560         0.0438816340
        0.1450095000         2.6500000000         1.3403916554         1.7402322334         0.1103689582
        0.1500067000         2.6500000000         1.3403916554         1.7402322334         0.1103689582
        0.1550071000         2.6500000000         1.3378393285         1.7351284785         0.0438816340
        0.1600077000         2.6500000000         1.3429439823         1.7402322334         0.1768562824
        0.1650070000         2.6500000000         1.3403916554         1.7325766011         0.1103689582
        0.1701533000         2.6500000000         1.3352870017         1.7351284785        -0.0226056902
        0.1750107000         2.6500000000         1.3403916554         1.7427841109         0.1103689582
        0.1800195000         2.6500000000         1.3301823480         1.7300247236        -0.1555803387
        0.1850050000         2.6500000000         1.3403916554         1.7402322334         0.1103689582
        0.1900839000         2.6500000000         1.3378393285         1.7300247236         0.0438816340
        0.1950038000         2.6500000000         1.3352870017         1.7325766011        -0.0226056902
        0.2000794000         2.6500000000         1.3352870017         1.7351284785        -0.0226056902
        0.2050443000         2.6500000000         1.3429439823         1.7402322334         0.1768562824
        0.2101335000         2.6500000000         1.3352870017         1.7351284785        -0.0226056902
        0.2150056000         2.6500000000         1.3301823480         1.7300247236        -0.1555803387
        0.2200055000         2.6500000000         1.3352870017         1.7351284785        -0.0226056902
        0.2250050000         2.6500000000         1.3403916554         1.7402322334         0.1103689582
        0.2300064000         2.6500000000         1.3352870017         1.7351284785        -0.0226056902
        0.2350064000         2.6500000000         1.3276300211         1.7300247236        -0.2220676629
        0.2400059000         2.6500000000         1.3301823480         1.7300247236        -0.1555803387
        0.2450039000         2.6500000000         1.3378393285         1.7351284785         0.0438816340
        0.2500059000         2.6500000000         1.3454963091         1.7402322334         0.2433436067
        0.2550033000         2.6500000000         1.3352870017         1.7351284785        -0.0226056902
        0.2600053000         2.6500000000         1.3301823480         1.7300247236        -0.1555803387
        0.2650038000         2.6500000000         1.3352870017         1.7325766011        -0.0226056902
        0.2700047000         2.6500000000         1.3378393285         1.7325766011         0.0438816340
        0.2750056000         2.6500000000         1.3352870017         1.7351284785        -0.0226056902
        0.2800059000         2.6500000000         1.3352870017         1.7351284785        -0.0226056902
        0.2850074000         2.6500000000         1.3378393285         1.7325766011         0.0438816340
        0.2900098000         2.6500000000         1.3301823480         1.7300247236        -0.1555803387
        0.2950052000         2.6500000000         1.3378393285         1.7351284785         0.0438816340
        0.3000076000         2.6500000000         1.3301823480         1.7300247236        -0.1555803387
        0.3050077000         2.6500000000         1.3352870017         1.7325766011        -0.0226056902
        0.3106256000         2.6500000000         1.3429439823         1.7402322334         0.1768562824
        0.3150076000         2.6500000000         1.3403916554         1.7402322334         0.1103689582
        0.3200060000         2.6500000000         1.3378393285         1.7325766011         0.0438816340
        0.3250032000         2.6500000000         1.3301823480         1.7300247236        -0.1555803387
        0.3300046000         2.6500000000         1.3276300211         1.7300247236        -0.2220676629
        0.3350047000         2.6500000000         1.3403916554         1.7402322334         0.1103689582
        0.3400086000         2.6500000000         1.3352870017         1.7300247236        -0.0226056902
        0.3450033000         2.6500000000         1.3327346748         1.7300247236        -0.0890930145
        0.3500058000         2.6500000000         1.3301823480         1.7300247236        -0.1555803387
        0.3550055000         2.6500000000         1.3301823480         1.7300247236        -0.1555803387
        0.3600071000         2.6500000000         1.3506009628         1.7402322334         0.3763182551
        0.3650065000         2.6500000000         1.3352870017         1.7325766011        -0.0226056902
        0.3700386000         2.6500000000         1.3429439823         1.7402322334         0.1768562824
        0.3750086000         2.6500000000         1.3352870017         1.7351284785        -0.0226056902
        0.3800069000         2.6500000000         1.3429439823         1.7402322334         0.1768562824
        0.3850115000         2.6500000000         1.3403916554         1.7427841109         0.1103689582
        0.3900106000         2.6500000000         1.3403916554         1.7427841109         0.1103689582
        0.3950088000         2.6500000000         1.3352870017         1.7351284785        -0.0226056902
        0.4000064000         2.6500000000         1.3352870017         1.7325766011        -0.0226056902
        0.4050047000         2.6500000000         1.3403916554         1.7402322334         0.1103689582
        0.4100045000         2.6500000000         1.3352870017         1.7351284785        -0.0226056902
        0.4150049000         2.6500000000         1.3352870017         1.7351284785        -0.0226056902
        0.4200046000         2.6500000000         1.3378393285         1.7376803560         0.0438816340
        0.4250045000         2.6500000000         1.3352870017         1.7325766011        -0.0226056902
        0.4300306000         2.6500000000         1.3276300211         1.7300247236        -0.2220676629
        0.4350060000         2.6500000000         1.3454963091         1.7351284785         0.2433436067
        0.4400069000         2.6500000000         1.3301823480         1.7300247236        -0.1555803387
        0.4450055000         2.6500000000         1.3582579434         1.7402322334         0.5757802278
        0.4500065000         2.6500000000         1.3378393285         1.7325766011         0.0438816340
        0.4550049000         2.6500000000         1.3352870017         1.7325766011        -0.0226056902
        0.4600068000         2.6500000000         1.3301823480         1.7300247236        -0.1555803387
        0.4650064000         2.6500000000         1.3301823480         1.7300247236        -0.1555803387
        0.4700062000         2.6500000000         1.3352870017         1.7351284785        -0.0226056902
        0.4750043000         2.6500000000         1.3352870017         1.7351284785        -0.0226056902
        0.4800066000         2.6500000000         1.3352870017         1.7325766011        -0.0226056902
        0.4850045000         2.6500000000         1.3352870017         1.7351284785        -0.0226056902
        0.4900060000         2.6500000000         1.3429439823         1.7402322334         0.1768562824
        0.4950075000         2.6500000000         1.3352870017         1.7402322334        -0.0226056902
        0.5000075000         2.6500000000         1.3429439823         1.7402322334         0.1768562824
        0.5050035000         2.6500000000         1.3454963091         1.7402322334         0.2433436067
        0.5100058000         2.6500000000         1.3352870017         1.7351284785        -0.0226056902
        0.5150078000         2.6500000000         1.3378393285         1.7325766011         0.0438816340
        0.5200060000         2.6500000000         1.3378393285         1.7351284785         0.0438816340
        0.5250053000         2.6500000000         1.3327346748         1.7351284785        -0.0890930145
        0.5300041000         2.6500000000         1.3352870017         1.7325766011        -0.0226056902
        0.5350054000         2.6500000000         1.3454963091         1.7325766011         0.2433436067
        0.5400062000         2.6500000000         1.3352870017         1.7325766011        -0.0226056902
        0.5450059000         2.6500000000         1.3352870017         1.7351284785        -0.0226056902
        0.5500039000         2.6500000000         1.3352870017         1.7325766011        -0.0226056902
        0.5550058000         2.6500000000         1.3403916554         1.7402322334         0.1103689582
        0.5600064000         2.6500000000         1.3403916554         1.7402322334         0.1103689582
        0.5650321000         2.6500000000         1.3429439823         1.7402322334         0.1768562824
        0.5700064000         2.6500000000         1.3429439823         1.7402322334         0.1768562824
        0.5750061000         2.6500000000         1.3454963091         1.7402322334         0.2433436067
        0.5800061000         2.6500000000         1.3352870017         1.7376803560        -0.0226056902
        0.5850056000         2.6500000000         1.3352870017         1.7351284785        -0.0226056902
        0.5900046000         2.6500000000         1.3352870017         1.7376803560        -0.0226056902
        0.5950060000         2.6500000000         1.3352870017         1.7325766011        -0.0226056902
        0.6000042000         2.6500000000         1.3301823480         1.7274728461        -0.1555803387
        0.6050065000         2.6500000000         1.3352870017         1.7325766011        -0.0226056902
        0.6100055000         2.6500000000         1.3403916554         1.7351284785         0.1103689582
        0.6150046000         2.6500000000         1.3378393285         1.7351284785         0.0438816340
        0.6200039000         2.6500000000         1.3352870017         1.7325766011        -0.0226056902
        0.6250050000         2.6500000000         1.3352870017         1.7325766011        -0.0226056902
        0.6300058000         2.6500000000         1.3276300211         1.7300247236        -0.2220676629
        0.6350055000         2.6500000000         1.3301823480         1.7274728461        -0.1555803387
        0.6400042000         2.6500000000         1.3429439823         1.7402322334         0.1768562824
        0.6450089000         2.6500000000         1.3429439823         1.7402322334         0.1768562824
        0.6500035000         2.6500000000         1.3378393285         1.7325766011         0.0438816340
        0.6550123000         2.6500000000         1.3378393285         1.7351284785         0.0438816340
        0.6600043000         2.6500000000         1.3352870017         1.7325766011        -0.0226056902
        0.6650082000         2.6500000000         1.3378393285         1.7351284785         0.0438816340
        0.6700065000         2.6500000000         1.3352870017         1.7325766011        -0.0226056902
        0.6750070000         2.6500000000         1.3429439823         1.7402322334         0.1768562824
        0.6800058000         2.6500000000         1.3352870017         1.7351284785        -0.0226056902
        0.6850179000         2.6500000000         1.3276300211         1.7274728461        -0.2220676629
        0.6900033000         2.6500000000         1.3352870017         1.7351284785        -0.0226056902
        0.6950043000         2.6500000000         1.3429439823         1.7376803560         0.1768562824
        0.7000042000         2.6500000000         1.3378393285         1.7351284785         0.0438816340
        0.7050038000         2.6500000000         1.3352870017         1.7351284785        -0.0226056902
        0.7100034000         2.6500000000         1.3352870017         1.7325766011        -0.0226056902
        0.7150036000         2.6500000000         1.3276300211         1.7274728461        -0.2220676629
        0.7200031000         2.6500000000         1.3301823480         1.7300247236        -0.1555803387
        0.7250059000         2.6500000000         1.3276300211         1.7274728461        -0.2220676629
        0.7300029000         2.6500000000         1.3352870017         1.7325766011        -0.0226056902
        0.7350036000         2.6500000000         1.3352870017         1.7351284785        -0.0226056902
        0.7400033000         2.6500000000         1.3352870017         1.7351284785        -0.0226056902
        0.7450038000         2.6500000000         1.3327346748         1.7402322334        -0.0890930145
        0.7500024000         2.6500000000         1.3429439823         1.7402322334         0.1768562824
        0.7550043000         2.6500000000         1.3531532897         1.7402322334         0.4428055793
        0.7600033000         2.6500000000         1.3378393285         1.7325766011         0.0438816340
        0.7650038000         2.6500000000         1.3352870017         1.7351284785        -0.0226056902
        0.7700023000         2.6500000000         1.3301823480         1.7300247236        -0.1555803387
        0.7750036000         2.6500000000         1.3352870017         1.7351284785        -0.0226056902
        0.7800021000         2.6500000000         1.3378393285         1.7325766011         0.0438816340
        0.7850037000         2.6500000000         1.3301823480         1.7274728461        -0.1555803387
        0.7900036000         2.6500000000         1.3301823480         1.7300247236        -0.1555803387
        0.7950035000         2.6500000000         1.3301823480         1.7300247236        -0.1555803387
        0.8000033000         2.6500000000         1.3301823480         1.7351284785        -0.1555803387
        0.8050038000         2.6500000000         1.3352870017         1.7351284785        -0.0226056902
        0.8100041000         2.6500000000         1.3352870017         1.7325766011        -0.0226056902
        0.8150038000         2.6500000000         1.3403916554         1.7402322334         0.1103689582
        0.8200027000         2.6500000000         1.3454963091         1.7427841109         0.2433436067
        0.8250037000         2.6500000000         1.3480486360         1.7402322334         0.3098309309
        0.8300017000         2.6500000000         1.3301823480         1.7274728461        -0.1555803387
        0.8350011000         2.6500000000         1.3327346748         1.7300247236        -0.0890930145
        0.8400018000         2.6500000000         1.3352870017         1.7351284785        -0.0226056902
        0.8450022000         2.6500000000         1.3352870017         1.7325766011        -0.0226056902
        0.8500031000         2.6500000000         1.3352870017         1.7351284785        -0.0226056902
        0.8550022000         2.6500000000         1.3352870017         1.7325766011        -0.0226056902
        0.8600028000         2.6500000000         1.3378393285         1.7351284785         0.0438816340
        0.8650020000         2.6500000000         1.3352870017         1.7351284785        -0.0226056902
        0.8700020000         2.6500000000         1.3429439823         1.7402322334         0.1768562824
        0.8750022000         2.6500000000         1.3429439823         1.7402322334         0.1768562824
        0.8800024000         2.6500000000         1.3429439823         1.7402322334         0.1768562824
        0.8850027000         2.6500000000         1.3378393285         1.7325766011         0.0438816340
        0.8900036000         2.6500000000         1.3429439823         1.7402322334         0.1768562824
        0.8950030000         2.6500000000         1.3378393285         1.7351284785         0.0438816340
        0.9000024000         2.6500000000         1.3301823480         1.7300247236        -0.1555803387
        0.9050018000         2.6500000000         1.3352870017         1.7351284785        -0.0226056902
        0.9100078000         2.6500000000         1.3429439823         1.7402322334         0.1768562824
        0.9150026000         2.6500000000         1.3301823480         1.7300247236        -0.1555803387
        0.9200035000         2.6500000000         1.3301823480         1.7300247236        -0.1555803387
        0.9250029000         2.6500000000         1.3301823480         1.7300247236        -0.1555803387
        0.9300031000         2.6500000000         1.3352870017         1.7351284785        -0.0226056902
        0.9350047000         2.6500000000         1.3301823480         1.7300247236        -0.1555803387
        0.9400028000         2.6500000000         1.3352870017         1.7351284785        -0.0226056902
        0.9450037000         2.6500000000         1.3352870017         1.7351284785        -0.0226056902
        0.9500022000         2.6500000000         1.3301823480         1.7300247236        -0.1555803387
        0.9550021000         2.6500000000         1.3276300211         1.7300247236        -0.2220676629
        0.9600028000         2.6500000000         1.3301823480         1.7300247236        -0.1555803387
        0.9650024000         2.6500000000         1.3352870017         1.7351284785        -0.0226056902
        0.9700017000         2.6500000000         1.3352870017         1.7351284785        -0.0226056902
        0.9750022000         2.6500000000         1.3352870017         1.7376803560        -0.0226056902
        0.9800016000         2.6500000000         1.3352870017         1.7351284785        -0.0226056902
        0.9850019000         2.6500000000         1.3352870017         1.7325766011        -0.0226056902
        0.9900012000         2.6500000000         1.3327346748         1.7376803560        -0.0890930145
        0.9950037000         2.6500000000         1.3454963091         1.7402322334         0.2433436067
        1.0000016000         2.6500000000         1.3352870017         1.7351284785        -0.0226056902
        1.0050032000         2.6500000000         1.3531532897         1.7325766011         0.4428055793
        1.0100026000         2.6500000000         1.3429439823         1.7402322334         0.1768562824
        1.0150028000         2.6500000000         1.3352870017         1.7351284785        -0.0226056902
        1.0200025000         2.6500000000         1.3429439823         1.7402322334         0.1768562824
        1.0250027000         2.6500000000         1.3429439823         1.7402322334         0.1768562824
        1.0300019000         2.6500000000         1.3352870017         1.7325766011        -0.0226056902
        1.0350046000         2.6500000000         1.3352870017         1.7351284785        -0.0226056902
        1.0400032000         2.6500000000         1.3378393285         1.7351284785         0.0438816340
        1.0450025000         2.6500000000         1.3327346748         1.7325766011        -0.0890930145
        1.0500015000         2.6500000000         1.3276300211         1.7300247236        -0.2220676629
        1.0550034000         2.6500000000         1.3378393285         1.7351284785         0.0438816340
        1.0600029000         2.6500000000         1.3276300211         1.7300247236        -0.2220676629
        1.0650045000         2.6500000000         1.3301823480         1.7300247236        -0.1555803387
        1.0700037000         2.6500000000         1.3352870017         1.7351284785        -0.0226056902
        1.0750034000         2.6500000000         1.3429439823         1.7325766011         0.1768562824
        1.0800050000         2.6500000000         1.3352870017         1.7351284785        -0.0226056902
        1.0850025000         2.6500000000         1.3429439823         1.7402322334         0.1768562824
        1.0900037000         2.6500000000         1.3352870017         1.7351284785        -0.0226056902
        1.0950023000         2.6500000000         1.3352870017         1.7351284785        -0.0226056902
        1.1000039000         2.6500000000         1.3352870017         1.7325766011        -0.0226056902
        1.1050055000         2.6500000000         1.3429439823         1.7427841109         0.1768562824
        1.1100040000         2.6500000000         1.3352870017         1.7351284785        -0.0226056902
        1.1150044000         2.6500000000         1.3352870017         1.7325766011        -0.0226056902
        1.1200047000         2.6500000000         1.3352870017         1.7351284785        -0.0226056902
        1.1250066000         2.6500000000         1.3352870017         1.7402322334        -0.0226056902
        1.1300053000         2.6500000000         1.3352870017         1.7351284785        -0.0226056902
        1.1350044000         2.6500000000         1.3352870017         1.7351284785        -0.0226056902
        1.1400054000         2.6500000000         1.3327346748         1.7300247236        -0.0890930145
        1.1450044000         2.6500000000         1.3352870017         1.7351284785        -0.0226056902
        1.1500059000         2.6500000000         1.3429439823         1.7300247236         0.1768562824
        1.1550056000         2.6500000000         1.3301823480         1.7300247236        -0.1555803387
        1.1600051000         2.6500000000         1.3352870017         1.7351284785        -0.0226056902
        1.1650022000         2.6500000000         1.3352870017         1.7351284785        -0.0226056902
        1.1700115000         2.6500000000         1.3327346748         1.7351284785        -0.0890930145
        1.1750052000         2.6500000000         1.3352870017         1.7325766011        -0.0226056902
        1.1800147000         2.6500000000         1.3352870017         1.7351284785        -0.0226056902
        1.1850028000         2.6500000000         1.3352870017         1.7325766011        -0.0226056902
        1.1900035000         2.6500000000         1.3352870017         1.7351284785        -0.0226056902
        1.1950024000         2.6500000000         1.3429439823         1.7402322334         0.1768562824
        1.2000039000         2.6500000000         1.3429439823         1.7402322334         0.1768562824
        1.2050058000         2.6500000000         1.3327346748         1.7300247236        -0.0890930145
        1.2100152000         2.6500000000         1.3378393285         1.7325766011         0.0438816340
        1.2150042000         2.6500000000         1.3301823480         1.7300247236        -0.1555803387
        1.2200049000         2.6500000000         1.3378393285         1.7351284785         0.0438816340
        1.2250054000         2.6500000000         1.3352870017         1.7351284785        -0.0226056902
        1.2300060000         2.6500000000         1.3429439823         1.7402322334         0.1768562824
        1.2350030000         2.6500000000         1.3403916554         1.7402322334         0.1103689582
        1.2400076000         2.6500000000         1.3352870017         1.7351284785        -0.0226056902
        1.2450022000         2.6500000000         1.3352870017         1.7351284785        -0.0226056902
        1.2500138000         2.6500000000         1.3352870017         1.7325766011        -0.0226056902
        1.2550027000         2.6500000000         1.3378393285         1.7351284785         0.0438816340
        1.2600039000         2.6500000000         1.3352870017         1.7325766011        -0.0226056902
        1.2650025000         2.6500000000         1.3276300211         1.7274728461        -0.2220676629
        1.2700038000         2.6500000000         1.3352870017         1.7351284785        -0.0226056902
        1.2750063000         2.6500000000         1.3403916554         1.7274728461         0.1103689582
        1.2800036000         2.6500000000         1.3199730405         1.7274728461        -0.4215296356
        1.2850429000         2.6500000000         1.3429439823         1.7402322334         0.1768562824
        1.2900104000         2.6500000000         1.3352870017         1.7351284785        -0.0226056902
        1.2950043000         2.6500000000         1.3378393285         1.7427841109         0.0438816340
        1.3000050000         2.6500000000         1.3301823480         1.7300247236        -0.1555803387
        1.3050517000         2.6500000000         1.3301823480         1.7274728461        -0.1555803387
        1.3100083000         2.6500000000         1.3378393285         1.7325766011         0.0438816340
        1.3150051000         2.6500000000         1.3301823480         1.7300247236        -0.1555803387
        1.3200189000         2.6500000000         1.3352870017         1.7300247236        -0.0226056902
        1.3250022000         2.6500000000         1.3352870017         1.7325766011        -0.0226056902
        1.3300038000         2.6500000000         1.3352870017         1.7351284785        -0.0226056902
        1.3350039000         2.6500000000         1.3250776943         1.7300247236        -0.2885549871
        1.3400114000         2.6500000000         1.3327346748         1.7274728461        -0.0890930145
        1.3450032000         2.6500000000         1.3429439823         1.7376803560         0.1768562824
        1.3500036000         2.6500000000         1.3327346748         1.7325766011        -0.0890930145
        1.3550058000         2.6500000000         1.3327346748         1.7274728461        -0.0890930145
        1.3600104000         2.6500000000         1.3378393285         1.7325766011         0.0438816340
        1.3650036000         2.6500000000         1.3454963091         1.7351284785         0.2433436067
        1.3700037000         2.6500000000         1.3352870017         1.7351284785        -0.0226056902
        1.3750054000         2.6500000000         1.3301823480         1.7300247236        -0.1555803387
        1.3800037000         2.6500000000         1.3429439823         1.7402322334         0.1768562824
        1.3850040000         2.6500000000         1.3429439823         1.7376803560         0.1768562824
        1.3900037000         2.6500000000         1.3352870017         1.7325766011        -0.0226056902
        1.3952365000         2.6500000000         1.3352870017         1.7351284785        -0.0226056902
        1.4000100000         2.6500000000         1.3301823480         1.7300247236        -0.1555803387
        1.4050050000         2.6500000000         1.3378393285         1.7325766011         0.0438816340
        1.4100068000         2.6500000000         1.3352870017         1.7376803560        -0.0226056902
        1.4150066000         2.6500000000         1.3429439823         1.7478878658         0.1768562824
        1.4200048000         2.6500000000         1.3429439823         1.7402322334         0.1768562824
        1.4250082000         2.6500000000         1.3301823480         1.7249209687        -0.1555803387
        1.4300089000         2.6500000000         1.3327346748         1.7300247236        -0.0890930145
        1.4350022000         2.6500000000         1.3327346748         1.7300247236        -0.0890930145
        1.4400053000         2.6500000000         1.3301823480         1.7274728461        -0.1555803387
        1.4450032000         2.6500000000         1.3352870017         1.7351284785        -0.0226056902
        1.4500040000         2.6500000000         1.3327346748         1.7300247236        -0.0890930145
        1.4550124000         2.6500000000         1.3429439823         1.7402322334         0.1768562824
        1.4600113000         2.6500000000         1.3352870017         1.7325766011        -0.0226056902
        1.4650375000         2.6500000000         1.3352870017         1.7351284785        -0.0226056902
        1.4700149000         2.6500000000         1.3429439823         1.7402322334         0.1768562824
        1.4750619000         2.6500000000         1.3454963091         1.7325766011         0.2433436067
        1.4800049000         2.6500000000         1.3403916554         1.7427841109         0.1103689582
        1.4850300000         2.6500000000         1.3301823480         1.7274728461        -0.1555803387
        1.4900036000         2.6500000000         1.3454963091         1.7402322334         0.2433436067
        1.4950695000         2.6500000000         1.3378393285         1.7351284785         0.0438816340
        1.5000041000         2.6500000000         1.3352870017         1.7351284785        -0.0226056902
        1.5050037000         2.6500000000         1.3352870017         1.7376803560        -0.0226056902
        1.5100029000         2.6500000000         1.3429439823         1.7453359884         0.1768562824
        1.5150044000         2.6500000000         1.3429439823         1.7402322334         0.1768562824
        1.5200035000         2.6500000000         1.3403916554         1.7402322334         0.1103689582
        1.5250033000         2.6500000000         1.3403916554         1.7402322334         0.1103689582
        1.5300042000         2.6500000000         1.3352870017         1.7325766011        -0.0226056902
        1.5350046000         2.6500000000         1.3557056165         1.7402322334         0.5092929036
        1.5400032000         2.6500000000         1.3352870017         1.7351284785        -0.0226056902
        1.5450043000         2.6500000000         1.3403916554         1.7402322334         0.1103689582
        1.5500038000         2.6500000000         1.3429439823         1.7402322334         0.1768562824
        1.5550049000         2.6500000000         1.3352870017         1.7325766011        -0.0226056902
        1.5600049000         2.6500000000         1.3352870017         1.7325766011        -0.0226056902
        1.5650048000         2.6500000000         1.3352870017         1.7351284785        -0.0226056902
        1.5700036000         2.6500000000         1.3301823480         1.7300247236        -0.1555803387
        1.5750106000         2.6500000000         1.3225253674         1.7274728461        -0.3550423114
        1.5800056000         2.6500000000         1.3352870017         1.7376803560        -0.0226056902
        1.5850055000         2.6500000000         1.3378393285         1.7325766011         0.0438816340
        1.5900077000         2.6500000000         1.3301823480         1.7274728461        -0.1555803387
        1.5950042000         2.6500000000         1.3352870017         1.7351284785        -0.0226056902
        1.6000037000         2.6500000000         1.3378393285         1.7351284785         0.0438816340
        1.6050060000         2.6500000000         1.3352870017         1.7351284785        -0.0226056902
        1.6100121000         2.6500000000         1.3429439823         1.7427841109         0.1768562824
        1.6150046000         2.6500000000         1.3352870017         1.7325766011        -0.0226056902
        1.6200043000         2.6500000000         1.3352870017         1.7325766011        -0.0226056902
        1.6250041000         2.6500000000         1.3403916554         1.7427841109         0.1103689582
        1.6300631000         2.6500000000         1.3327346748         1.7300247236        -0.0890930145
        1.6350024000         2.6500000000         1.3301823480         1.7300247236        -0.1555803387
        1.6400126000         2.6500000000         1.3301823480         1.7300247236        -0.1555803387
        1.6450040000         2.6500000000         1.3352870017         1.7351284785        -0.0226056902
        1.6500022000         2.6500000000         1.3352870017         1.7351284785        -0.0226056902
        1.6550117000         2.6500000000         1.3352870017         1.7325766011        -0.0226056902
        1.6600025000         2.6500000000         1.3352870017         1.7274728461        -0.0226056902
        1.6650039000         2.6500000000         1.3352870017         1.7325766011        -0.0226056902
        1.6700059000         2.6500000000         1.3403916554         1.7427841109         0.1103689582
        1.6750113000         2.6500000000         1.3352870017         1.7351284785        -0.0226056902
        1.6800032000         2.6500000000         1.3352870017         1.7351284785        -0.0226056902
        1.6850029000         2.6500000000         1.3429439823         1.7402322334         0.1768562824
        1.6900934000         2.6500000000         1.3378393285         1.7351284785         0.0438816340
        1.6950038000         2.6500000000         1.3403916554         1.7402322334         0.1103689582
        1.7000092000         2.6500000000         1.3454963091         1.7402322334         0.2433436067
        1.7050169000         2.6500000000         1.3225253674         1.7351284785        -0.3550423114
        1.7100419000         2.6500000000         1.3403916554         1.7402322334         0.1103689582
        1.7150037000         2.6500000000         1.3352870017         1.7325766011        -0.0226056902
        1.7200181000         2.6500000000         1.3352870017         1.7376803560        -0.0226056902
        1.7250022000         2.6500000000         1.3429439823         1.7402322334         0.1768562824
        1.7300144000         2.6500000000         1.3352870017         1.7325766011        -0.0226056902
        1.7350048000         2.6500000000         1.3352870017         1.7351284785        -0.0226056902
        1.7400059000         2.6500000000         1.3429439823         1.7402322334         0.1768562824
        1.7450070000         2.6500000000         1.3352870017         1.7351284785        -0.0226056902
        1.7500194000         2.6500000000         1.3403916554         1.7402322334         0.1103689582
        1.7550050000         2.6500000000         1.3301823480         1.7300247236        -0.1555803387
        1.7600054000         2.6500000000         1.3429439823         1.7402322334         0.1768562824
        1.7650029000         2.6500000000         1.3301823480         1.7274728461        -0.1555803387
        1.7700061000         2.6500000000         1.3301823480         1.7300247236        -0.1555803387
        1.7750032000         2.6500000000         1.3301823480         1.7274728461        -0.1555803387
        1.7800038000         2.6500000000         1.3378393285         1.7325766011         0.0438816340
        1.7850022000         2.6500000000         1.3352870017         1.7325766011        -0.0226056902
        1.7900042000         2.6500000000         1.3403916554         1.7402322334         0.1103689582
        1.7950040000         2.6500000000         1.3429439823         1.7402322334         0.1768562824
        1.8000042000         2.6500000000         1.3403916554         1.7427841109         0.1103689582
        1.8050032000         2.6500000000         1.3429439823         1.7402322334         0.1768562824
        1.8100049000         2.6500000000         1.3352870017         1.7351284785        -0.0226056902
        1.8150030000         2.6500000000         1.3429439823         1.7402322334         0.1768562824
        1.8200052000         2.6500000000         1.3301823480         1.7274728461        -0.1555803387
        1.8250046000         2.6500000000         1.3352870017         1.7300247236        -0.0226056902
        1.8300036000         2.6500000000         1.3301823480         1.7198172138        -0.1555803387
        1.8350023000         2.6500000000         1.3352870017         1.7325766011        -0.0226056902
        1.8400037000         2.6500000000         1.3352870017         1.7351284785        -0.0226056902
        1.8450022000         2.6500000000         1.3378393285         1.7351284785         0.0438816340
        1.8500042000         2.6500000000         1.3301823480         1.7274728461        -0.1555803387
        1.8550082000         2.6500000000         1.3429439823         1.7402322334         0.1768562824
        1.8600097000         2.6500000000         1.3352870017         1.7351284785        -0.0226056902
        1.8650052000         2.6500000000         1.3276300211         1.7300247236        -0.2220676629
        1.8700159000         2.6500000000         1.3378393285         1.7351284785         0.0438816340
        1.8750035000         2.6500000000         1.3352870017         1.7402322334        -0.0226056902
        1.8800162000         2.6500000000         1.3403916554         1.7351284785         0.1103689582
        1.8850057000         2.6500000000         1.3480486360         1.7351284785         0.3098309309
        1.8900040000         2.6500000000         1.3454963091         1.7402322334         0.2433436067
        1.8950025000         2.6500000000         1.3454963091         1.7376803560         0.2433436067
        1.9000134000         2.6500000000         1.3352870017         1.7325766011        -0.0226056902
        1.9050070000         2.6500000000         1.3403916554         1.7402322334         0.1103689582
        1.9100038000         2.6500000000         1.3352870017         1.7351284785        -0.0226056902
        1.9150054000         2.6500000000         1.3301823480         1.7300247236        -0.1555803387
        1.9200038000         2.6500000000         1.3352870017         1.7351284785        -0.0226056902
        1.9250055000         2.6500000000         1.3429439823         1.7427841109         0.1768562824
        1.9300188000         2.6500000000         1.3429439823         1.7402322334         0.1768562824
        1.9350075000         2.6500000000         1.3352870017         1.7325766011        -0.0226056902
        1.9400062000         2.6500000000         1.3352870017         1.7376803560        -0.0226056902
        1.9450024000         2.6500000000         1.3378393285         1.7351284785         0.0438816340
        1.9500043000         2.6500000000         1.3301823480         1.7274728461        -0.1555803387
        1.9550022000         2.6500000000         1.3352870017         1.7351284785        -0.0226056902
        1.9600038000         2.6500000000         1.3327346748         1.7274728461        -0.0890930145
        1.9650026000         2.6500000000         1.3378393285         1.7325766011         0.0438816340
        1.9700037000         2.6500000000         1.3301823480         1.7274728461        -0.1555803387
        1.9750026000         2.6500000000         1.3403916554         1.7351284785         0.1103689582
        1.9800036000         2.6500000000         1.3352870017         1.7351284785        -0.0226056902
        1.9850028000         2.6500000000         1.3352870017         1.7351284785        -0.0226056902
        1.9900044000         2.6500000000         1.3429439823         1.7376803560         0.1768562824
        1.9950032000         2.6500000000         1.3352870017         1.7325766011        -0.0226056902
        2.0000037000         2.6500000000         1.3352870017         1.7325766011        -0.0226056902
        2.0050021000         2.6500000000         1.3301823480         1.7300247236        -0.1555803387
        2.0100035000         2.6500000000         1.3429439823         1.7402322334         0.1768562824
        2.0150033000         2.6500000000         1.3352870017         1.7325766011        -0.0226056902
        2.0200037000         2.6500000000         1.3352870017         1.7325766011        -0.0226056902
        2.0251574000         2.6500000000         1.3276300211         1.7351284785        -0.2220676629
        2.0300044000         2.6500000000         1.3352870017         1.7351284785        -0.0226056902
        2.0350035000         2.6500000000         1.3352870017         1.7351284785        -0.0226056902
        2.0400088000         2.6500000000         1.3429439823         1.7402322334         0.1768562824
        2.0453987000         2.6500000000         1.3276300211         1.7274728461        -0.2220676629
        2.0500047000         2.6500000000         1.3480486360         1.7325766011         0.3098309309
        2.0550028000         2.6500000000         1.3301823480         1.7300247236        -0.1555803387
        2.0600026000         2.6500000000         1.3378393285         1.7351284785         0.0438816340
        2.0650092000         2.6500000000         1.3301823480         1.7249209687        -0.1555803387
        2.0700021000         2.6500000000         1.3301823480         1.7300247236        -0.1555803387
        2.0750044000         2.6500000000         1.3429439823         1.7402322334         0.1768562824
        2.0800038000         2.6500000000         1.3429439823         1.7402322334         0.1768562824
        2.0850072000         2.6500000000         1.3352870017         1.7351284785        -0.0226056902
        2.0900037000         2.6500000000         1.3429439823         1.7402322334         0.1768562824
        2.0950026000         2.6500000000         1.3352870017         1.7325766011        -0.0226056902
        2.1000040000         2.6500000000         1.3352870017         1.7351284785        -0.0226056902
        2.1050026000         2.6500000000         1.3327346748         1.7300247236        -0.0890930145
        2.1100038000         2.6500000000         1.3352870017         1.7351284785        -0.0226056902
        2.1150155000         2.6500000000         1.3352870017         1.7325766011        -0.0226056902
        2.1200038000         2.6500000000         1.3276300211         1.7274728461        -0.2220676629
        2.1250038000         2.6500000000         1.3352870017         1.7325766011        -0.0226056902
        2.1300038000         2.6500000000         1.3352870017         1.7351284785        -0.0226056902
        2.1350038000         2.6500000000         1.3352870017         1.7325766011        -0.0226056902
        2.1400045000         2.6500000000         1.3352870017         1.7325766011        -0.0226056902
        2.1450037000         2.6500000000         1.3429439823         1.7402322334         0.1768562824
        2.1500022000         2.6500000000         1.3429439823         1.7402322334         0.1768562824
        2.1550037000         2.6500000000         1.3301823480         1.7300247236        -0.1555803387
        2.1600048000         2.6500000000         1.3301823480         1.7300247236        -0.1555803387
        2.1650049000         2.6500000000         1.3276300211         1.7274728461        -0.2220676629
        2.1700037000         2.6500000000         1.3301823480         1.7274728461        -0.1555803387
        2.1750046000         2.6500000000         1.3352870017         1.7351284785        -0.0226056902
        2.1800043000         2.6500000000         1.3225253674         1.7351284785        -0.3550423114
        2.1850057000         2.6500000000         1.3378393285         1.7325766011         0.0438816340
        2.1900035000         2.6500000000         1.3429439823         1.7402322334         0.1768562824
        2.1950036000         2.6500000000         1.3352870017         1.7325766011        -0.0226056902
        2.2000025000         2.6500000000         1.3352870017         1.7325766011        -0.0226056902
        2.2050038000         2.6500000000         1.3327346748         1.7325766011        -0.0890930145
        2.2100050000         2.6500000000         1.3352870017         1.7325766011        -0.0226056902
        2.2150036000         2.6500000000         1.3454963091         1.7402322334         0.2433436067
        2.2200035000         2.6500000000         1.3327346748         1.7300247236        -0.0890930145
        2.2250109000         2.6500000000         1.3352870017         1.7376803560        -0.0226056902
        2.2300080000         2.6500000000         1.3429439823         1.7402322334         0.1768562824
        2.2350128000         2.6500000000         1.3352870017         1.7325766011        -0.0226056902
        2.2400059000         2.6500000000         1.3352870017         1.7376803560        -0.0226056902
        2.2450046000         2.6500000000         1.3403916554         1.7402322334         0.1103689582
        2.2500023000         2.6500000000         1.3301823480         1.7274728461        -0.1555803387
        2.2550040000         2.6500000000         1.3352870017         1.7351284785        -0.0226056902
        2.2600028000         2.6500000000         1.3301823480         1.7274728461        -0.1555803387
        2.2650052000         2.6500000000         1.3352870017         1.7351284785        -0.0226056902
        2.2700049000         2.6500000000         1.3352870017         1.7351284785        -0.0226056902
        2.2750125000         2.6500000000         1.3276300211         1.7274728461        -0.2220676629
        2.2800093000         2.6500000000         1.3276300211         1.7300247236        -0.2220676629
        2.2850038000         2.6500000000         1.3480486360         1.7402322334         0.3098309309
        2.2900030000         2.6500000000         1.3225253674         1.7325766011        -0.3550423114
        2.2950057000         2.6500000000         1.3301823480         1.7300247236        -0.1555803387
        2.3000049000         2.6500000000         1.3429439823         1.7402322334         0.1768562824
        2.3050059000         2.6500000000         1.3301823480         1.7300247236        -0.1555803387
        2.3100039000         2.6500000000         1.3301823480         1.7274728461        -0.1555803387
        2.3150122000         2.6500000000         1.3327346748         1.7300247236        -0.0890930145
        2.3200020000         2.6500000000         1.3352870017         1.7351284785        -0.0226056902
        2.3250042000         2.6500000000         1.3378393285         1.7325766011         0.0438816340
        2.3300050000         2.6500000000         1.3327346748         1.7300247236        -0.0890930145
        2.3350059000         2.6500000000         1.3352870017         1.7351284785        -0.0226056902
        2.3400035000         2.6500000000         1.3352870017         1.7325766011        -0.0226056902
        2.3450063000         2.6500000000         1.3352870017         1.7351284785        -0.0226056902
        2.3500037000         2.6500000000         1.3378393285         1.7325766011         0.0438816340
        2.3550057000         2.6500000000         1.3429439823         1.7402322334         0.1768562824
        2.3600030000         2.6500000000         1.3352870017         1.7351284785        -0.0226056902
        2.3650038000         2.6500000000         1.3276300211         1.7300247236        -0.2220676629
        2.3700027000         2.6500000000         1.3352870017         1.7351284785        -0.0226056902
        2.3750091000         2.6500000000         1.3352870017         1.7351284785        -0.0226056902
        2.3800035000         2.6500000000         1.3352870017         1.7351284785        -0.0226056902
        2.3850213000         2.6500000000         1.3403916554         1.7402322334         0.1103689582
        2.3900061000         2.6500000000         1.3301823480         1.7274728461        -0.1555803387
        2.3950039000         2.6500000000         1.3327346748         1.7300247236        -0.0890930145
        2.4000065000         2.6500000000         1.3429439823         1.7402322334         0.1768562824
        2.4050165000         2.6500000000         1.3429439823         1.7402322334         0.1768562824
        2.4100059000         2.6500000000         1.3352870017         1.7351284785        -0.0226056902
        2.4150053000         2.6500000000         1.3301823480         1.7300247236        -0.1555803387
        2.4200206000         2.6500000000         1.3352870017         1.7351284785        -0.0226056902
        2.4250042000         2.6500000000         1.3352870017         1.7325766011        -0.0226056902
        2.4300135000         2.6500000000         1.3352870017         1.7351284785        -0.0226056902
        2.4350027000         2.6500000000         1.3352870017         1.7325766011        -0.0226056902
        2.4400037000         2.6500000000         1.3352870017         1.7351284785        -0.0226056902
        2.4450099000         2.6500000000         1.3403916554         1.7402322334         0.1103689582
        2.4500903000         2.6500000000         1.3352870017         1.7351284785        -0.0226056902
        2.4550106000         2.6500000000         1.3429439823         1.7376803560         0.1768562824
        2.4600086000         2.6500000000         1.3352870017         1.7351284785        -0.0226056902
        2.4650072000         2.6500000000         1.3276300211         1.7300247236        -0.2220676629
        2.4700085000         2.6500000000         1.3327346748         1.7300247236        -0.0890930145
        2.4750031000         2.6500000000         1.3352870017         1.7351284785        -0.0226056902
        2.4800036000         2.6500000000         1.3352870017         1.7351284785        -0.0226056902
        2.4850071000         2.6500000000         1.3301823480         1.7325766011        -0.1555803387
        2.4900037000         2.6500000000         1.3352870017         1.7325766011        -0.0226056902
        2.4950023000         2.6500000000         1.3429439823         1.7402322334         0.1768562824
        2.5000101000         2.6500000000         1.3301823480         1.7300247236        -0.1555803387
        2.5050044000         2.6500000000         1.3327346748         1.7300247236        -0.0890930145
        2.5100412000         2.6500000000         1.3429439823         1.7402322334         0.1768562824
        2.5150429000         2.6500000000         1.3352870017         1.7351284785        -0.0226056902
        2.5200042000         2.6500000000         1.3352870017         1.7351284785        -0.0226056902
        2.5250052000         2.6500000000         1.3429439823         1.7402322334         0.1768562824
        2.5300038000         2.6500000000         1.3301823480         1.7274728461        -0.1555803387
        2.5350061000         2.6500000000         1.3327346748         1.7325766011        -0.0890930145
        2.5400088000         2.6500000000         1.3352870017         1.7351284785        -0.0226056902
        2.5450030000         2.6500000000         1.3301823480         1.7300247236        -0.1555803387
        2.5500136000         2.6500000000         1.3352870017         1.7351284785        -0.0226056902
        2.5550049000         2.6500000000         1.3352870017         1.7325766011        -0.0226056902
        2.5600041000         2.6500000000         1.3352870017         1.7325766011        -0.0226056902
        2.5650025000         2.6500000000         1.3403916554         1.7402322334         0.1103689582
        2.5700036000         2.6500000000         1.3429439823         1.7402322334         0.1768562824
        2.5750033000         2.6500000000         1.3429439823         1.7402322334         0.1768562824
        2.5800040000         2.6500000000         1.3352870017         1.7325766011        -0.0226056902
        2.5850051000         2.6500000000         1.3352870017         1.7351284785        -0.0226056902
        2.5900303000         2.6500000000         1.3327346748         1.7300247236        -0.0890930145
        2.5950056000         2.6500000000         1.3378393285         1.7325766011         0.0438816340
        2.6000039000         2.6500000000         1.3352870017         1.7351284785        -0.0226056902
        2.6050022000         2.6500000000         1.3403916554         1.7402322334         0.1103689582
        2.6100025000         2.6500000000         1.3403916554         1.7402322334         0.1103689582
        2.6150022000         2.6500000000         1.3403916554         1.7402322334         0.1103689582
        2.6200020000         2.6500000000         1.3429439823         1.7402322334         0.1768562824
        2.6250037000         2.6500000000         1.3301823480         1.7300247236        -0.1555803387
        2.6300029000         2.6500000000         1.3352870017         1.7325766011        -0.0226056902
        2.6350037000         2.6500000000         1.3403916554         1.7402322334         0.1103689582
        2.6400028000         2.6500000000         1.3378393285         1.7325766011         0.0438816340
        2.6450040000         2.6500000000         1.3352870017         1.7351284785        -0.0226056902
        2.6500023000         2.6500000000         1.3276300211         1.7300247236        -0.2220676629
        2.6550026000         2.6500000000         1.3352870017         1.7351284785        -0.0226056902
        2.6600034000         2.6500000000         1.3301823480         1.7300247236        -0.1555803387
        2.6650027000         2.6500000000         1.3301823480         1.7351284785        -0.1555803387
        2.6700021000         2.6500000000         1.3403916554         1.7325766011         0.1103689582
        2.6750042000         2.6500000000         1.3352870017         1.7351284785        -0.0226056902
        2.6800018000         2.6500000000         1.3429439823         1.7427841109         0.1768562824
        2.6850084000         2.6500000000         1.3276300211         1.7300247236        -0.2220676629
        2.6900149000         2.6500000000         1.3403916554         1.7402322334         0.1103689582
        2.6950038000         2.6500000000         1.3327346748         1.7300247236        -0.0890930145
        2.7000026000         2.6500000000         1.3352870017         1.7351284785        -0.0226056902
        2.7050031000         2.6500000000         1.3429439823         1.7402322334         0.1768562824
        2.7100053000         2.6500000000         1.3352870017         1.7325766011        -0.0226056902
        2.7150030000         2.6500000000         1.3429439823         1.7402322334         0.1768562824
        2.7200020000         2.6500000000         1.3352870017         1.7351284785        -0.0226056902
        2.7250045000         2.6500000000         1.3454963091         1.7402322334         0.2433436067
        2.7300028000         2.6500000000         1.3352870017         1.7351284785        -0.0226056902
        2.7350029000         2.6500000000         1.3352870017         1.7300247236        -0.0226056902
        2.7400038000         2.6500000000         1.3301823480         1.7274728461        -0.1555803387
        2.7450029000         2.6500000000         1.3352870017         1.7351284785        -0.0226056902
        2.7500023000         2.6500000000         1.3352870017         1.7300247236        -0.0226056902
        2.7550033000         2.6500000000         1.3403916554         1.7427841109         0.1103689582
        2.7600026000         2.6500000000         1.3327346748         1.7274728461        -0.0890930145
        2.7650030000         2.6500000000         1.3276300211         1.7274728461        -0.2220676629
        2.7700023000         2.6500000000         1.3301823480         1.7300247236        -0.1555803387
        2.7750015000         2.6500000000         1.3352870017         1.7325766011        -0.0226056902
        2.7800016000         2.6500000000         1.3403916554         1.7402322334         0.1103689582
        2.7850044000         2.6500000000         1.3378393285         1.7325766011         0.0438816340
        2.7900042000         2.6500000000         1.3276300211         1.7274728461        -0.2220676629
        2.7950156000         2.6500000000         1.3301823480         1.7249209687        -0.1555803387
        2.8000013000         2.6500000000         1.3327346748         1.7300247236        -0.0890930145
        2.8050066000         2.6500000000         1.3352870017         1.7325766011        -0.0226056902
        2.8100489000         2.6500000000         1.3301823480         1.7300247236        -0.1555803387
        2.8150030000         2.6500000000         1.3352870017         1.7351284785        -0.0226056902
        2.8200026000         2.6500000000         1.3352870017         1.7351284785        -0.0226056902
        2.8250026000         2.6500000000         1.3480486360         1.7351284785         0.3098309309
        2.8300021000         2.6500000000         1.3352870017         1.7325766011        -0.0226056902
        2.8350010000         2.6500000000         1.3352870017         1.7351284785        -0.0226056902
        2.8400023000         2.6500000000         1.3301823480         1.7300247236        -0.1555803387
        2.8450034000         2.6500000000         1.3352870017         1.7351284785        -0.0226056902
        2.8500035000         2.6500000000         1.3352870017         1.7351284785        -0.0226056902
        2.8550046000         2.6500000000         1.3301823480         1.7300247236        -0.1555803387
        2.8600029000         2.6500000000         1.3301823480         1.7274728461        -0.1555803387
        2.8650157000         2.6500000000         1.3378393285         1.7351284785         0.0438816340
        2.8700026000         2.6500000000         1.3352870017         1.7325766011        -0.0226056902
        2.8750035000         2.6500000000         1.3276300211         1.7300247236        -0.2220676629
        2.8800021000         2.6500000000         1.3352870017         1.7351284785        -0.0226056902
        2.8850038000         2.6500000000         1.3429439823         1.7376803560         0.1768562824
        2.8900029000         2.6500000000         1.3557056165         1.7402322334         0.5092929036
        2.8950037000         2.6500000000         1.3327346748         1.7325766011        -0.0890930145
        2.9000040000         2.6500000000         1.3301823480         1.7274728461        -0.1555803387
        2.9050041000         2.6500000000         1.3352870017         1.7351284785        -0.0226056902
        2.9100024000         2.6500000000         1.3429439823         1.7402322334         0.1768562824
        2.9150038000         2.6500000000         1.3429439823         1.7376803560         0.1768562824
        2.9200026000         2.6500000000         1.3352870017         1.7351284785        -0.0226056902
        2.9250033000         2.6500000000         1.3301823480         1.7300247236        -0.1555803387
        2.9300023000         2.6500000000         1.3301823480         1.7274728461        -0.1555803387
        2.9350017000         2.6500000000         1.3352870017         1.7351284785        -0.0226056902
        2.9400043000         2.6500000000         1.3327346748         1.7274728461        -0.0890930145
        2.9450031000         2.6500000000         1.3352870017         1.7325766011        -0.0226056902
        2.9500020000         2.6500000000         1.3403916554         1.7402322334         0.1103689582
        2.9550017000         2.6500000000         1.3403916554         1.7402322334         0.1103689582
        2.9600034000         2.6500000000         1.3352870017         1.7351284785        -0.0226056902
        2.9650019000         2.6500000000         1.3352870017         1.7325766011        -0.0226056902
        2.9700019000         2.6500000000         1.3506009628         1.7402322334         0.3763182551
        2.9750025000         2.6500000000         1.3403916554         1.7427841109         0.1103689582
        2.9800022000         2.6500000000         1.3352870017         1.7351284785        -0.0226056902
        2.9850012000         2.6500000000         1.3429439823         1.7427841109         0.1768562824
        2.9900025000         2.6500000000         1.3352870017         1.7325766011        -0.0226056902
        2.9950017000         2.6500000000         1.3352870017         1.7325766011        -0.0226056902
        3.0000024000         2.6500000000         1.3352870017         1.7351284785        -0.0226056902
        3.0050021000         2.6500000000         1.3352870017         1.7351284785        -0.0226056902
        3.0100043000         2.6500000000         1.3378393285         1.7325766011         0.0438816340
        3.0150025000         2.6500000000         1.3429439823         1.7402322334         0.1768562824
        3.0200020000         2.6500000000         1.3352870017         1.7351284785        -0.0226056902
        3.0250023000         2.6500000000         1.3378393285         1.7300247236         0.0438816340
        3.0300020000         2.6500000000         1.3250776943         1.7300247236        -0.2885549871
        3.0350018000         2.6500000000         1.3378393285         1.7325766011         0.0438816340
        3.0400027000         2.6500000000         1.3454963091         1.7402322334         0.2433436067
        3.0450021000         2.6500000000         1.3403916554         1.7402322334         0.1103689582
        3.0500033000         2.6500000000         1.3403916554         1.7274728461         0.1103689582
        3.0550026000         2.6500000000         1.3378393285         1.7351284785         0.0438816340
        3.0600030000         2.6500000000         1.3327346748         1.7325766011        -0.0890930145
        3.0650027000         2.6500000000         1.3352870017         1.7351284785        -0.0226056902
        3.0700016000         2.6500000000         1.3301823480         1.7300247236        -0.1555803387
        3.0750024000         2.6500000000         1.3352870017         1.7325766011        -0.0226056902
        3.0800140000         2.6500000000         1.3429439823         1.7402322334         0.1768562824
        3.0850018000         2.6500000000         1.3352870017         1.7325766011        -0.0226056902
        3.0900012000         2.6500000000         1.3429439823         1.7402322334         0.1768562824
        3.0950022000         2.6500000000         1.3378393285         1.7325766011         0.0438816340
        3.1000053000         2.6500000000         1.3378393285         1.7325766011         0.0438816340
        3.1050035000         2.6500000000         1.3301823480         1.7351284785        -0.1555803387
        3.1100032000         2.6500000000         1.3352870017         1.7325766011        -0.0226056902
        3.1150024000         2.6500000000         1.3352870017         1.7351284785        -0.0226056902
        3.1200019000         2.6500000000         1.3352870017         1.7274728461        -0.0226056902
        3.1250015000         2.6500000000         1.3403916554         1.7402322334         0.1103689582
        3.1300025000         2.6500000000         1.3301823480         1.7300247236        -0.1555803387
        3.1350039000         2.6500000000         1.3301823480         1.7300247236        -0.1555803387
        3.1400026000         2.6500000000         1.3352870017         1.7325766011        -0.0226056902
        3.1450045000         2.6500000000         1.3429439823         1.7402322334         0.1768562824
        3.1500027000         2.6500000000         1.3429439823         1.7402322334         0.1768562824
        3.1550036000         2.6500000000         1.3327346748         1.7351284785        -0.0890930145
        3.1601837000         2.6500000000         1.3301823480         1.7300247236        -0.1555803387
        3.1650030000         2.6500000000         1.3352870017         1.7351284785        -0.0226056902
        3.1700038000         2.6500000000         1.3352870017         1.7351284785        -0.0226056902
        3.1750024000         2.6500000000         1.3276300211         1.7300247236        -0.2220676629
        3.1800038000         2.6500000000         1.3352870017         1.7325766011        -0.0226056902
        3.1850041000         2.6500000000         1.3403916554         1.7402322334         0.1103689582
        3.1900035000         2.6500000000         1.3403916554         1.7351284785         0.1103689582
        3.1950025000         2.6500000000         1.3276300211         1.7300247236        -0.2220676629
        3.2000038000         2.6500000000         1.3301823480         1.7274728461        -0.1555803387
        3.2050033000         2.6500000000         1.3378393285         1.7351284785         0.0438816340
        3.2100086000         2.6500000000         1.3352870017         1.7351284785        -0.0226056902
        3.2150043000         2.6500000000         1.3429439823         1.7402322334         0.1768562824
        3.2200038000         2.6500000000         1.3352870017         1.7351284785        -0.0226056902
        3.2250058000         2.6500000000         1.3429439823         1.7402322334         0.1768562824
        3.2300138000         2.6500000000         1.3378393285         1.7325766011         0.0438816340
        3.2350062000         2.6500000000         1.3327346748         1.7325766011        -0.0890930145
        3.2400119000         2.6500000000         1.3352870017         1.7351284785        -0.0226056902
        3.2450060000         2.6500000000         1.3403916554         1.7402322334         0.1103689582
        3.2500144000         2.6500000000         1.3403916554         1.7402322334         0.1103689582
        3.2550020000         2.6500000000         1.3429439823         1.7402322334         0.1768562824
        3.2600135000         2.6500000000         1.3352870017         1.7351284785        -0.0226056902
        3.2650051000         2.6500000000         1.3429439823         1.7402322334         0.1768562824
        3.2700037000         2.6500000000         1.3352870017         1.7325766011        -0.0226056902
        3.2750074000         2.6500000000         1.3531532897         1.7402322334         0.4428055793
        3.2800036000         2.6500000000         1.3378393285         1.7351284785         0.0438816340
        3.2850022000         2.6500000000         1.3352870017         1.7351284785        -0.0226056902
        3.2900037000         2.6500000000         1.3506009628         1.7402322334         0.3763182551
        3.2950028000         2.6500000000         1.3352870017         1.7325766011        -0.0226056902
        3.3000037000         2.6500000000         1.3378393285         1.7351284785         0.0438816340
        3.3050023000         2.6500000000         1.3276300211         1.7300247236        -0.2220676629
        3.3100039000         2.6500000000         1.3276300211         1.7274728461        -0.2220676629
        3.3150072000         2.6500000000         1.3403916554         1.7402322334         0.1103689582
        3.3200042000         2.6500000000         1.3403916554         1.7376803560         0.1103689582
        3.3250061000         2.6500000000         1.3352870017         1.7351284785        -0.0226056902
        3.3300062000         2.6500000000         1.3352870017         1.7325766011        -0.0226056902
        3.3350920000         2.6500000000         1.3378393285         1.7351284785         0.0438816340
        3.3400047000         2.6500000000         1.3352870017         1.7351284785        -0.0226056902
        3.3450037000         2.6500000000         1.3352870017         1.7325766011        -0.0226056902
        3.3500020000         2.6500000000         1.3352870017         1.7351284785        -0.0226056902
        3.3550377000         2.6500000000         1.3403916554         1.7402322334         0.1103689582
        3.3600037000         2.6500000000         1.3480486360         1.7376803560         0.3098309309
        3.3650045000         2.6500000000         1.3352870017         1.7351284785        -0.0226056902
        3.3700035000         2.6500000000         1.3429439823         1.7402322334         0.1768562824
        3.3750023000         2.6500000000         1.3429439823         1.7427841109         0.1768562824
        3.3800036000         2.6500000000         1.3352870017         1.7325766011        -0.0226056902
        3.3850025000         2.6500000000         1.3352870017         1.7325766011        -0.0226056902
        3.3900038000         2.6500000000         1.3352870017         1.7325766011        -0.0226056902
        3.3951643000         2.6500000000         1.3429439823         1.7402322334         0.1768562824
        3.4000038000         2.6500000000         1.3327346748         1.7274728461        -0.0890930145
        3.4050037000         2.6500000000         1.3276300211         1.7325766011        -0.2220676629
        3.4100031000         2.6500000000         1.3276300211         1.7300247236        -0.2220676629
        3.4150039000         2.6500000000         1.3352870017         1.7325766011        -0.0226056902
        3.4200028000         2.6500000000         1.3429439823         1.7402322334         0.1768562824
        3.4250042000         2.6500000000         1.3378393285         1.7325766011         0.0438816340
        3.4300026000         2.6500000000         1.3403916554         1.7351284785         0.1103689582
        3.4350098000         2.6500000000         1.3429439823         1.7402322334         0.1768562824
        3.4400051000         2.6500000000         1.3429439823         1.7402322334         0.1768562824
        3.4450128000         2.6500000000         1.3276300211         1.7274728461        -0.2220676629
        3.4500072000         2.6500000000         1.3352870017         1.7351284785        -0.0226056902
        3.4550122000         2.6500000000         1.3327346748         1.7351284785        -0.0890930145
        3.4600036000         2.6500000000         1.3403916554         1.7376803560         0.1103689582
        3.4650116000         2.6500000000         1.3429439823         1.7402322334         0.1768562824
        3.4700037000         2.6500000000         1.3352870017         1.7351284785        -0.0226056902
        3.4750086000         2.6500000000         1.3429439823         1.7402322334         0.1768562824
        3.4800087000         2.6500000000         1.3378393285         1.7351284785         0.0438816340
        3.4850057000         2.6500000000         1.3352870017         1.7351284785        -0.0226056902
        3.4900071000         2.6500000000         1.3301823480         1.7325766011        -0.1555803387
        3.4950099000         2.6500000000         1.3276300211         1.7274728461        -0.2220676629
        3.5000057000         2.6500000000         1.3403916554         1.7402322334         0.1103689582
        3.5050101000         2.6500000000         1.3301823480         1.7249209687        -0.1555803387
        3.5100069000         2.6500000000         1.3378393285         1.7325766011         0.0438816340
        3.5150041000         2.6500000000         1.3352870017         1.7351284785        -0.0226056902
        3.5200025000         2.6500000000         1.3352870017         1.7325766011        -0.0226056902
        3.5250040000         2.6500000000         1.3352870017         1.7351284785        -0.0226056902
        3.5300038000         2.6500000000         1.3429439823         1.7402322334         0.1768562824
        3.5350040000         2.6500000000         1.3531532897         1.7402322334         0.4428055793
        3.5400023000         2.6500000000         1.3352870017         1.7351284785        -0.0226056902
        3.5450039000         2.6500000000         1.3276300211         1.7300247236        -0.2220676629
        3.5500026000         2.6500000000         1.3378393285         1.7351284785         0.0438816340
        3.5550039000         2.6500000000         1.3352870017         1.7325766011        -0.0226056902
        3.5600026000         2.6500000000         1.3429439823         1.7402322334         0.1768562824
        3.5650037000         2.6500000000         1.3403916554         1.7402322334         0.1103689582
        3.5700033000         2.6500000000         1.3352870017         1.7351284785        -0.0226056902
        3.5750043000         2.6500000000         1.3429439823         1.7402322334         0.1768562824
        3.5800024000         2.6500000000         1.3403916554         1.7402322334         0.1103689582
        3.5850037000         2.6500000000         1.3352870017         1.7325766011        -0.0226056902
        3.5900027000         2.6500000000         1.3276300211         1.7300247236        -0.2220676629
        3.5950037000         2.6500000000         1.3429439823         1.7402322334         0.1768562824
        3.6000039000         2.6500000000         1.3276300211         1.7274728461        -0.2220676629
        3.6050038000         2.6500000000         1.3327346748         1.7274728461        -0.0890930145
        3.6100041000         2.6500000000         1.3352870017         1.7351284785        -0.0226056902
        3.6150102000         2.6500000000         1.3327346748         1.7325766011        -0.0890930145
        3.6200036000         2.6500000000         1.3403916554         1.7427841109         0.1103689582
        3.6250094000         2.6500000000         1.3301823480         1.7274728461        -0.1555803387
        3.6300042000         2.6500000000         1.3352870017         1.7351284785        -0.0226056902
        3.6350119000         2.6500000000         1.3403916554         1.7402322334         0.1103689582
        3.6400028000         2.6500000000         1.3276300211         1.7300247236        -0.2220676629
        3.6450039000         2.6500000000         1.3352870017         1.7325766011        -0.0226056902
        3.6500023000         2.6500000000         1.3352870017         1.7325766011        -0.0226056902
        3.6550037000         2.6500000000         1.3429439823         1.7402322334         0.1768562824
        3.6600033000         2.6500000000         1.3429439823         1.7402322334         0.1768562824
        3.6650037000         2.6500000000         1.3403916554         1.7402322334         0.1103689582
        3.6700028000         2.6500000000         1.3352870017         1.7351284785        -0.0226056902
        3.6750037000         2.6500000000         1.3352870017         1.7351284785        -0.0226056902
        3.6800039000         2.6500000000         1.3352870017         1.7325766011        -0.0226056902
        3.6850042000         2.6500000000         1.3378393285         1.7274728461         0.0438816340
        3.6900036000         2.6500000000         1.3352870017         1.7325766011        -0.0226056902
        3.6950044000         2.6500000000         1.3557056165         1.7325766011         0.5092929036
        3.7000073000         2.6500000000         1.3352870017         1.7351284785        -0.0226056902
        3.7050103000         2.6500000000         1.3301823480         1.7300247236        -0.1555803387
        3.7100309000         2.6500000000         1.3301823480         1.7300247236        -0.1555803387
        3.7150066000         2.6500000000         1.3352870017         1.7325766011        -0.0226056902
        3.7200111000         2.6500000000         1.3352870017         1.7325766011        -0.0226056902
        3.7250034000         2.6500000000         1.3429439823         1.7376803560         0.1768562824
        3.7300057000         2.6500000000         1.3403916554         1.7402322334         0.1103689582
        3.7350028000         2.6500000000         1.3429439823         1.7427841109         0.1768562824
        3.7400039000         2.6500000000         1.3352870017         1.7351284785        -0.0226056902
        3.7450032000         2.6500000000         1.3301823480         1.7300247236        -0.1555803387
        3.7500037000         2.6500000000         1.3327346748         1.7300247236        -0.0890930145
        3.7550045000         2.6500000000         1.3352870017         1.7376803560        -0.0226056902
        3.7600036000         2.6500000000         1.3352870017         1.7402322334        -0.0226056902
        3.7650038000         2.6500000000         1.3301823480         1.7300247236        -0.1555803387
        3.7700037000         2.6500000000         1.3276300211         1.7249209687        -0.2220676629
        3.7750031000         2.6500000000         1.3301823480         1.7300247236        -0.1555803387
        3.7800038000         2.6500000000         1.3301823480         1.7300247236        -0.1555803387
        3.7850041000         2.6500000000         1.3352870017         1.7325766011        -0.0226056902
        3.7900035000         2.6500000000         1.3352870017         1.7325766011        -0.0226056902
        3.7950029000         2.6500000000         1.3403916554         1.7402322334         0.1103689582
        3.8000036000         2.6500000000         1.3352870017         1.7351284785        -0.0226056902
        3.8050060000         2.6500000000         1.3301823480         1.7300247236        -0.1555803387
        3.8100037000         2.6500000000         1.3301823480         1.7300247236        -0.1555803387
        3.8150026000         2.6500000000         1.3352870017         1.7325766011        -0.0226056902
        3.8200038000         2.6500000000         1.3378393285         1.7376803560         0.0438816340
        3.8250040000         2.6500000000         1.3429439823         1.7402322334         0.1768562824
        3.8300039000         2.6500000000         1.3352870017         1.7325766011        -0.0226056902
        3.8350024000         2.6500000000         1.3352870017         1.7351284785        -0.0226056902
        3.8400035000         2.6500000000         1.3403916554         1.7402322334         0.1103689582
        3.8450025000         2.6500000000         1.3352870017         1.7402322334        -0.0226056902
        3.8500039000         2.6500000000         1.3352870017         1.7376803560        -0.0226056902
        3.8550031000         2.6500000000         1.3352870017         1.7351284785        -0.0226056902
        3.8600037000         2.6500000000         1.3250776943         1.7351284785        -0.2885549871
        3.8650049000         2.6500000000         1.3429439823         1.7402322334         0.1768562824
        3.8700032000         2.6500000000         1.3378393285         1.7351284785         0.0438816340
        3.8750123000         2.6500000000         1.3454963091         1.7402322334         0.2433436067
        3.8800064000         2.6500000000         1.3352870017         1.7351284785        -0.0226056902
        3.8850027000         2.6500000000         1.3352870017         1.7325766011        -0.0226056902
        3.8900040000         2.6500000000         1.3301823480         1.7300247236        -0.1555803387
        3.8950026000         2.6500000000         1.3429439823         1.7402322334         0.1768562824
        3.9000039000         2.6500000000         1.3429439823         1.7402322334         0.1768562824
        3.9050034000         2.6500000000         1.3301823480         1.7300247236        -0.1555803387
        3.9100039000         2.6500000000         1.3429439823         1.7402322334         0.1768562824
        3.9150021000         2.6500000000         1.3352870017         1.7351284785        -0.0226056902
        3.9200036000         2.6500000000         1.3352870017         1.7351284785        -0.0226056902
        3.9250037000         2.6500000000         1.3276300211         1.7300247236        -0.2220676629
        3.9300027000         2.6500000000         1.3199730405         1.7300247236        -0.4215296356
        3.9350022000         2.6500000000         1.3403916554         1.7351284785         0.1103689582
        3.9400020000         2.6500000000         1.3352870017         1.7325766011        -0.0226056902
        3.9450023000         2.6500000000         1.3301823480         1.7300247236        -0.1555803387
        3.9500014000         2.6500000000         1.3301823480         1.7300247236        -0.1555803387
        3.9550022000         2.6500000000         1.3429439823         1.7402322334         0.1768562824
        3.9600027000         2.6500000000         1.3352870017         1.7351284785        -0.0226056902
        3.9650045000         2.6500000000         1.3352870017         1.7325766011        -0.0226056902
        3.9700027000         2.6500000000         1.3250776943         1.7325766011        -0.2885549871
        3.9750049000         2.6500000000         1.3352870017         1.7351284785        -0.0226056902
        3.9800054000         2.6500000000         1.3352870017         1.7325766011        -0.0226056902
        3.9850044000         2.6500000000         1.3276300211         1.7274728461        -0.2220676629
        3.9900060000         2.6500000000         1.3352870017         1.7325766011        -0.0226056902
        3.9950044000         2.6500000000         1.3352870017         1.7402322334        -0.0226056902
