% Motor Sweep Step 153/180
% Vcmd       = 4.3500 [V]
% Direction  = CW
% Zone       = OUTER
% Vg_offset  = 1.336155 [V]
% K_gimbal   = 26.049690 [(rad/s)/V]

Time[s]              Vcmd[V]              Vg_raw[V]            Pot[V]               Omega[rad/s]
        0.4907008000         4.3500000000         2.0780141169         2.1204619748        19.3252056597
        0.4915295000         4.3500000000         2.0780141169         2.1281176072        19.3252056597
        0.4921273000         4.3500000000         2.0831187706         2.1383251170        19.4581803082
        0.4933593000         4.3500000000         2.0703571363         2.1561882593        19.1257436870
        0.4941867000         4.3500000000         2.0703571363         2.1689476465        19.1257436870
        0.4948276000         4.3500000000         2.0703571363         2.1714995240        19.1257436870
        0.4953081000         4.3500000000         2.0754617901         2.1893626662        19.2587183355
        0.4967698000         4.3500000000         2.0831187706         2.2123295633        19.4581803082
        0.4975424000         4.3500000000         2.0780141169         2.2123295633        19.3252056597
        0.4980231000         4.3500000000         2.0831187706         2.2250889506        19.4581803082
        0.5031998000         4.3500000000         2.0805664438         2.3041971519        19.3916929840
        0.5041176000         4.3500000000         2.0831187706         2.3220602941        19.4581803082
        0.5047156000         4.3500000000         2.0780141169         2.3246121715        19.3252056597
        0.5052424000         4.3500000000         2.0805664438         2.3424753138        19.3916929840
        0.5058964000         4.3500000000         2.0678048095         2.3373715588        19.0592563628
        0.5063936000         4.3500000000         2.0729094632         2.3501309461        19.1922310113
        0.5070218000         4.3500000000         2.0780141169         2.3628903334        19.3252056597
        0.5075980000         4.3500000000         2.0703571363         2.3679940883        19.1257436870
        0.5080550000         4.3500000000         2.0627001558         2.3705459658        18.9262817144
        0.5085412000         4.3500000000         2.0805664438         2.3807534756        19.3916929840
        0.5090723000         4.3500000000         2.0780141169         2.3960647404        19.3252056597
        0.5095721000         4.3500000000         2.0678048095         2.3935128629        19.0592563628
        0.5100544000         4.3500000000         2.0729094632         2.4037203728        19.1922310113
        0.5136124000         4.3500000000         2.0831187706         2.4777248191        19.4581803082
        0.5190877000         4.3500000000         2.0805664438         2.5364180006        19.3916929840
        0.5220068000         4.3500000000         2.0856710975         2.5874555498        19.5246676324
        0.5232591000         4.3500000000         2.0703571363         2.6002149371        19.1257436870
        0.5243466000         4.3500000000         2.0754617901         2.6206299568        19.2587183355
        0.5254315000         4.3500000000         2.0652524826         2.6282855892        18.9927690386
        0.5258566000         4.3500000000         2.0678048095         2.6333893441        19.0592563628
        0.5284365000         4.3500000000         2.0729094632         2.6742193834        19.1922310113
        0.5296720000         4.3500000000         2.0805664438         2.6971862806        19.3916929840
        0.5307191000         4.3500000000         2.0907757512         2.7201531777        19.6576422809
        0.5313768000         4.3500000000         2.0856710975         2.7227050552        19.5246676324
        0.5319531000         4.3500000000         2.0831187706         2.7303606875        19.4581803082
        0.5324968000         4.3500000000         2.0831187706         2.7405681974        19.4581803082
        0.5329693000         4.3500000000         2.0780141169         2.7405681974        19.3252056597
        0.5334877000         4.3500000000         2.0933280780         2.7584313396        19.7241296051
        0.5340188000         4.3500000000         2.0958804049         2.7686388494        19.7906169293
        0.5345320000         4.3500000000         2.0907757512         2.7711907269        19.6576422809
        0.5351536000         4.3500000000         2.1086420392         2.7839501142        20.1230535504
        0.5356206000         4.3500000000         2.1009850586         2.7941576240        19.9235915778
        0.5361230000         4.3500000000         2.0882234243         2.7890538691        19.5911549566
        0.5365681000         4.3500000000         2.0958804049         2.8018132564        19.7906169293
        0.5371460000         4.3500000000         2.0958804049         2.8069170113        19.7906169293
        0.5376409000         4.3500000000         2.0907757512         2.8196763986        19.6576422809
        0.5380917000         4.3500000000         2.0882234243         2.8171245211        19.5911549566
        0.5385282000         4.3500000000         2.0958804049         2.8349876633        19.7906169293
        0.5391519000         4.3500000000         2.0780141169         2.8349876633        19.3252056597
        0.5396833000         4.3500000000         2.0856710975         2.8554026830        19.5246676324
        0.5402850000         4.3500000000         2.0882234243         2.8630583154        19.5911549566
        0.5407409000         4.3500000000         2.0856710975         2.8681620703        19.5246676324
        0.5412202000         4.3500000000         2.0805664438         2.8681620703        19.3916929840
        0.5417150000         4.3500000000         2.0678048095         2.8707139478        19.0592563628
        0.5423079000         4.3500000000         2.0831187706         2.8936808449        19.4581803082
        0.5429550000         4.3500000000         2.0754617901         2.8987845998        19.2587183355
        0.5435996000         4.3500000000         2.0703571363         2.9013364773        19.1257436870
        0.5442140000         4.3500000000         2.0805664438         2.9140958646        19.3916929840
        0.5448406000         4.3500000000         2.0882234243         2.9294071293        19.5911549566
        0.5454703000         4.3500000000         2.0882234243         2.9396146392        19.5911549566
        0.5460682000         4.3500000000         2.0831187706         2.9421665166        19.4581803082
        0.5466124000         4.3500000000         2.0780141169         2.9447183941        19.3252056597
        0.5475630000         4.3500000000         2.0780141169         2.9625815363        19.3252056597
        0.5482378000         4.3500000000         2.0780141169         2.9702371687        19.3252056597
        0.5489992000         4.3500000000         2.0780141169         2.9804446785        19.3252056597
        0.5496257000         4.3500000000         2.0882234243         3.0034115756        19.5911549566
        0.5509426000         4.3500000000         2.0933280780         3.0161709629        19.7241296051
        0.5519081000         4.3500000000         2.0958804049         3.0340341051        19.7906169293
        0.5526046000         4.3500000000         2.0933280780         3.0467934924        19.7241296051
        0.5541790000         4.3500000000         2.0805664438         3.0544491248        19.3916929840
        0.5549959000         4.3500000000         2.0907757512         3.0850716543        19.6576422809
        0.5557598000         4.3500000000         2.0780141169         3.0901754092        19.3252056597
        0.5568925000         4.3500000000         2.0780141169         3.1029347965        19.3252056597
        0.5575323000         4.3500000000         2.0729094632         3.1105904289        19.1922310113
        0.5580302000         4.3500000000         2.0805664438         3.1207979388        19.3916929840
        0.5588337000         4.3500000000         2.0856710975         3.1361092035        19.5246676324
        0.5595891000         4.3500000000         2.0831187706         3.1386610810        19.4581803082
        0.5601878000         4.3500000000         2.0984327318         3.1565242232        19.8571042535
        0.5607136000         4.3500000000         2.0907757512         3.1616279781        19.6576422809
        0.5612241000         4.3500000000         2.0831187706         3.1667317330        19.4581803082
        0.5617255000         4.3500000000         2.0907757512         3.1769392429        19.6576422809
        0.5621733000         4.3500000000         2.0882234243         3.1845948752        19.5911549566
        0.5626305000         4.3500000000         2.0882234243         3.1896986301        19.5911549566
        0.5631136000         4.3500000000         2.0805664438         3.1922505076        19.3916929840
        0.5635725000         4.3500000000         2.0780141169         3.1973542625        19.3252056597
        0.5641409000         4.3500000000         2.0780141169         3.2075617724        19.3252056597
        0.5645576000         4.3500000000         2.0856710975         3.2203211597        19.5246676324
        0.5650079000         4.3500000000         2.0805664438         3.2203211597        19.3916929840
        0.5656049000         4.3500000000         2.0882234243         3.2356324244        19.5911549566
        0.5661181000         4.3500000000         2.0907757512         3.2432880568        19.6576422809
        0.5665700000         4.3500000000         2.0958804049         3.2560474441        19.7906169293
        0.5675803000         4.3500000000         2.1035373855         3.2662549539        19.9900789020
        0.5680334000         4.3500000000         2.0958804049         3.2713587088        19.7906169293
        0.5684774000         4.3500000000         2.0907757512         3.2713587088        19.6576422809
        0.5689242000         4.3500000000         2.0958804049         3.2841180961        19.7906169293
        0.5695085000         4.3500000000         2.1009850586         3.3019812383        19.9235915778
        0.5699948000         4.3500000000         2.0882234243         3.2968774834        19.5911549566
        0.5704675000         4.3500000000         2.0933280780         3.3070849933        19.7241296051
        0.5709057000         4.3500000000         2.0856710975         3.3096368707        19.5246676324
        0.5713163000         4.3500000000         2.0856710975         3.3198443806        19.5246676324
        0.5717474000         4.3500000000         2.0856710975         3.3249481355        19.5246676324
        0.5722236000         4.3500000000         2.0882234243         3.3428112777        19.5911549566
        0.5727679000         4.3500000000         2.0856710975         3.3530187875        19.5246676324
        0.5732023000         4.3500000000         2.0754617901         3.3504669101        19.2587183355
        0.5736705000         4.3500000000         2.0780141169         3.3581225424        19.3252056597
        0.5742006000         4.3500000000         2.0729094632         3.3606744199        19.1922310113
        0.5747796000         4.3500000000         2.0780141169         3.3734338072        19.3252056597
        0.5752268000         4.3500000000         2.0831187706         3.3734338072        19.4581803082
        0.5757464000         4.3500000000         2.0831187706         3.3887450720        19.4581803082
        0.5764629000         4.3500000000         2.0805664438         3.3964007043        19.3916929840
        0.5770181000         4.3500000000         2.0958804049         3.4066082142        19.7906169293
        0.5776209000         4.3500000000         2.0933280780         3.4142638465        19.7241296051
        0.5782799000         4.3500000000         2.0907757512         3.4270232338        19.6576422809
        0.5789531000         4.3500000000         2.0907757512         3.4346788662        19.6576422809
        0.5794528000         4.3500000000         2.0984327318         3.4499901310        19.8571042535
        0.5800592000         4.3500000000         2.0907757512         3.4525420084        19.6576422809
        0.5808147000         4.3500000000         2.0882234243         3.4678532732        19.5911549566
        0.5850271000         4.3500000000         2.0780141169         3.5239945773        19.3252056597
        0.5905952000         4.3500000000         2.0933280780         3.6082065334        19.7241296051
        0.5950040000         4.3500000000         2.0831187706         3.6771072248        19.4581803082
        0.6000043000         4.3500000000         2.0805664438         3.7562154260        19.3916929840
        0.6050069000         4.3500000000         2.0805664438         3.8251161174        19.3916929840
        0.6100093000         4.3500000000         2.1009850586         3.9144318285        19.9235915778
        0.6150540000         4.3500000000         2.0882234243         3.9756768875        19.5911549566
        0.6200085000         4.3500000000         2.0831187706         4.0573369662        19.4581803082
        0.6250998000         4.3500000000         2.0958804049         4.1313414125        19.7906169293
        0.6300064000         4.3500000000         2.0856710975         4.2104496138        19.5246676324
        0.6350055000         4.3500000000         2.0933280780         4.2844540601        19.7241296051
        0.6400083000         4.3500000000         2.0882234243         4.3559066289        19.5911549566
        0.6450097000         4.3500000000         2.1111943660         4.4452223400        20.1895408747
        0.6500071000         4.3500000000         2.0805664438         4.5166749088        19.3916929840
        0.6550088000         4.3500000000         2.0831187706         4.5932312326        19.4581803082
        0.6600700000         4.3500000000         2.0882234243         4.6697875564        19.5911549566
        0.6650061000         4.3500000000         2.0933280780         4.7514476351        19.7241296051
        0.6700407000         4.3500000000         2.0831187706         4.8254520814        19.4581803082
        0.6750095000         4.3500000000         2.0831187706         4.9071121601        19.4581803082
        0.6800087000         4.3500000000         2.0882234243         4.9938759937        19.5911549566
        0.6850056000         4.3500000000         2.0780141169         5.0066353810        19.3252056597
        0.6900083000         4.3500000000         2.0831187706         1.1124703785        19.4581803082
        0.6950058000         4.3500000000         2.0882234243         0.0024036839        19.5911549566
        0.7000093000         4.3500000000         2.0882234243         0.0049555613        19.5911549566
        0.7050076000         4.3500000000         2.0856710975         0.0636487429        19.5246676324
        0.7100054000         4.3500000000         2.0907757512         0.1376531892        19.6576422809
        0.7150037000         4.3500000000         2.0780141169         0.2142095129        19.3252056597
        0.7200021000         4.3500000000         2.0805664438         0.2882139593        19.3916929840
        0.7250063000         4.3500000000         2.0831187706         0.3647702830        19.4581803082
        0.7300068000         4.3500000000         2.0780141169         0.4540859941        19.3252056597
        0.7350048000         4.3500000000         2.0958804049         0.5331941953        19.7906169293
        0.7400084000         4.3500000000         2.0805664438         0.5944392543        19.3916929840
        0.7450074000         4.3500000000         2.0882234243         0.6735474556        19.5911549566
        0.7500087000         4.3500000000         2.0805664438         0.7501037793        19.3916929840
        0.7550091000         4.3500000000         2.0780141169         0.8215563482        19.3252056597
        0.7600092000         4.3500000000         2.0780141169         0.8955607945        19.3252056597
        0.7650055000         4.3500000000         2.0703571363         0.9772208732        19.1257436870
        0.7700084000         4.3500000000         2.0907757512         1.0563290744        19.6576422809
        0.7750044000         4.3500000000         2.0831187706         1.1226778884        19.4581803082
        0.7800090000         4.3500000000         2.0805664438         1.2043379670        19.3916929840
        0.7850055000         4.3500000000         2.0831187706         1.2783424134        19.4581803082
        0.7900084000         4.3500000000         2.0780141169         1.3446912273        19.3252056597
        0.7950067000         4.3500000000         2.0958804049         1.4314550609        19.7906169293
        0.8000085000         4.3500000000         2.0907757512         1.5003557523        19.6576422809
        0.8050091000         4.3500000000         2.0831187706         1.5692564437        19.4581803082
        0.8100084000         4.3500000000         2.1009850586         1.6534683998        19.9235915778
        0.8150096000         4.3500000000         2.0856710975         1.7249209687        19.5246676324
        0.8200083000         4.3500000000         2.0958804049         1.7963735375        19.7906169293
        0.8250040000         4.3500000000         2.0907757512         1.8729298613        19.6576422809
        0.8300087000         4.3500000000         2.0907757512         1.9520380625        19.6576422809
        0.8350045000         4.3500000000         2.0907757512         2.0183868765        19.6576422809
        0.8400088000         4.3500000000         2.0882234243         2.0949432002        19.5911549566
        0.8450041000         4.3500000000         2.1009850586         2.1791551564        19.9235915778
        0.8500036000         4.3500000000         2.0958804049         2.2404002154        19.7906169293
        0.8550064000         4.3500000000         2.0882234243         2.3220602941        19.5911549566
        0.8600042000         4.3500000000         2.0907757512         2.3960647404        19.6576422809
        0.8650044000         4.3500000000         2.0907757512         2.4675173092        19.6576422809
        0.8700088000         4.3500000000         2.1035373855         2.5568330203        19.9900789020
        0.8750088000         4.3500000000         2.0805664438         2.6231818342        19.3916929840
        0.8800069000         4.3500000000         2.0958804049         2.7048419129        19.7906169293
        0.8850054000         4.3500000000         2.1060897123         2.7788463592        20.0565662262
        0.8900042000         4.3500000000         2.0907757512         2.8554026830        19.6576422809
        0.8950083000         4.3500000000         2.1111943660         2.9345108842        20.1895408747
        0.9000044000         4.3500000000         2.0958804049         3.0059634531        19.7906169293
        0.9050083000         4.3500000000         2.0933280780         3.0799678994        19.7241296051
        0.9100081000         4.3500000000         2.0958804049         3.1692836105        19.7906169293
        0.9150083000         4.3500000000         2.1086420392         3.2356324244        20.1230535504
        0.9200058000         4.3500000000         2.0907757512         3.3045331158        19.6576422809
        0.9250083000         4.3500000000         2.1009850586         3.3938488269        19.9235915778
        0.9300059000         4.3500000000         2.1009850586         3.4653013957        19.9235915778
        0.9350095000         4.3500000000         2.0831187706         3.5342020871        19.4581803082
        0.9400070000         4.3500000000         2.0984327318         3.6133102883        19.8571042535
        0.9450083000         4.3500000000         2.0882234243         3.6873147347        19.5911549566
        0.9500048000         4.3500000000         2.1060897123         3.7766304457        20.0565662262
        0.9550082000         4.3500000000         2.0907757512         3.8455311371        19.6576422809
        0.9600094000         4.3500000000         2.1086420392         3.9246393383        20.1230535504
        0.9650088000         4.3500000000         2.0907757512         3.9909881523        19.6576422809
        0.9700079000         4.3500000000         2.0984327318         4.0828557408        19.8571042535
        0.9750086000         4.3500000000         2.0984327318         4.1441007998        19.8571042535
        0.9800050000         4.3500000000         2.0958804049         4.2283127560        19.7906169293
        0.9850088000         4.3500000000         2.1009850586         4.3099728347        19.9235915778
        0.9900058000         4.3500000000         2.0907757512         4.3814254035        19.6576422809
        0.9950082000         4.3500000000         2.1009850586         4.4656373597        19.9235915778
        1.0000041000         4.3500000000         2.0805664438         4.5294342961        19.3916929840
        1.0050080000         4.3500000000         2.1060897123         4.6187500072        20.0565662262
        1.0100228000         4.3500000000         2.0805664438         4.6902025760        19.3916929840
        1.0150108000         4.3500000000         2.0907757512         4.7693107773        19.6576422809
        1.0200031000         4.3500000000         2.0958804049         4.8509708560        19.7906169293
        1.0250112000         4.3500000000         2.0958804049         4.9377346896        19.7906169293
        1.0300072000         4.3500000000         2.1009850586         5.0066353810        19.9235915778
        1.0350070000         4.3500000000         2.0856710975         5.0066353810        19.5246676324
        1.0400043000         4.3500000000         2.0984327318         1.1150222560        19.8571042535
        1.0450083000         4.3500000000         2.0984327318         0.0100593162        19.8571042535
        1.0500067000         4.3500000000         2.0831187706         0.0075074388        19.4581803082
        1.0550083000         4.3500000000         2.1009850586         0.0917193949        19.9235915778
        1.0600054000         4.3500000000         2.0907757512         0.1733794736        19.6576422809
        1.0650089000         4.3500000000         2.0831187706         0.2397282875        19.4581803082
        1.0700081000         4.3500000000         2.0882234243         0.3239402437        19.5911549566
        1.0750093000         4.3500000000         2.0984327318         0.4030484449        19.8571042535
        1.0800061000         4.3500000000         2.0933280780         0.4872604011        19.7241296051
        1.0850086000         4.3500000000         2.0805664438         0.5536092150        19.3916929840
        1.0900265000         4.3500000000         2.0856710975         0.6327174162        19.5246676324
        1.0950084000         4.3500000000         2.0831187706         0.7067218625        19.4581803082
        1.1000389000         4.3500000000         2.0856710975         0.7807263088        19.5246676324
        1.1050047000         4.3500000000         2.0882234243         0.8623863875        19.5911549566
        1.1100086000         4.3500000000         2.0805664438         0.9414945888        19.3916929840
        1.1150083000         4.3500000000         2.0907757512         1.0154990351        19.6576422809
        1.1200097000         4.3500000000         2.0958804049         1.0946072363        19.7906169293
        1.1250081000         4.3500000000         2.0984327318         1.1711635601        19.8571042535
        1.1300612000         4.3500000000         2.0882234243         1.2375123740        19.5911549566
        1.1350059000         4.3500000000         2.0831187706         1.3115168203        19.4581803082
        1.1400337000         4.3500000000         2.0933280780         1.3931768990        19.7241296051
        1.1450083000         4.3500000000         2.0907757512         1.4671813453        19.6576422809
        1.1500369000         4.3500000000         2.0958804049         1.5437376691        19.7906169293
        1.1550071000         4.3500000000         2.0933280780         1.6100864830        19.7241296051
        1.1600083000         4.3500000000         2.0805664438         1.6866428068        19.3916929840
        1.1650070000         4.3500000000         2.0856710975         1.7580953756        19.5246676324
        1.1700047000         4.3500000000         2.1060897123         1.8423073318        20.0565662262
        1.1750091000         4.3500000000         2.1009850586         1.9112080232        19.9235915778
        1.1800081000         4.3500000000         2.0984327318         1.9903162244        19.8571042535
        1.1850047000         4.3500000000         2.1009850586         2.0719763031        19.9235915778
        1.1900085000         4.3500000000         2.0882234243         2.1383251170        19.5911549566
        1.1950047000         4.3500000000         2.1009850586         2.2199851957        19.9235915778
        1.2000086000         4.3500000000         2.1188513466         2.3041971519        20.3890028474
        1.2050040000         4.3500000000         2.0984327318         2.3782015982        19.8571042535
        1.2100050000         4.3500000000         2.0856710975         2.4445504121        19.5246676324
        1.2150087000         4.3500000000         2.0933280780         2.5211067359        19.7241296051
        1.2200034000         4.3500000000         2.0958804049         2.5976630597        19.7906169293
        1.2250095000         4.3500000000         2.1060897123         2.6716675060        20.0565662262
        1.2300090000         4.3500000000         2.1009850586         2.7609832170        19.9235915778
        1.2350050000         4.3500000000         2.0907757512         2.8298839084        19.6576422809
        1.2400087000         4.3500000000         2.0984327318         2.9013364773        19.8571042535
        1.2450087000         4.3500000000         2.1035373855         2.9753409236        19.9900789020
        1.2500084000         4.3500000000         2.1060897123         3.0595528797        20.0565662262
        1.2550056000         4.3500000000         2.0958804049         3.1412129584        19.7906169293
        1.2600083000         4.3500000000         2.1111943660         3.2203211597        20.1895408747
        1.2650043000         4.3500000000         2.0958804049         3.2892218510        19.7906169293
        1.2700080000         4.3500000000         2.0882234243         3.3657781748        19.5911549566
        1.2750043000         4.3500000000         2.1111943660         3.4499901310        20.1895408747
        1.2800084000         4.3500000000         2.1009850586         3.5214426998        19.9235915778
        1.2850089000         4.3500000000         2.1060897123         3.5928952687        20.0565662262
        1.2900085000         4.3500000000         2.0984327318         3.6720034699        19.8571042535
        1.2950085000         4.3500000000         2.0958804049         3.7511116711        19.7906169293
        1.3000085000         4.3500000000         2.1009850586         3.8276679949        19.9235915778
        1.3050087000         4.3500000000         2.1086420392         3.9067761961        20.1230535504
        1.3100088000         4.3500000000         2.1086420392         3.9858843974        20.1230535504
        1.3150088000         4.3500000000         2.1060897123         4.0649925986        20.0565662262
        1.3200085000         4.3500000000         2.0984327318         4.1389970449        19.8571042535
        1.3250045000         4.3500000000         2.0984327318         4.2104496138        19.8571042535
        1.3300084000         4.3500000000         2.1009850586         4.2921096924        19.9235915778
        1.3350043000         4.3500000000         2.1035373855         4.3686660162        19.9900789020
        1.3400088000         4.3500000000         2.1086420392         4.4426704625        20.1230535504
        1.3450055000         4.3500000000         2.0780141169         4.5141230314        19.3252056597
        1.3500087000         4.3500000000         2.1035373855         4.5983349875        19.9900789020
        1.3550046000         4.3500000000         2.0984327318         4.6850988211        19.8571042535
        1.3600087000         4.3500000000         2.0958804049         4.7539995125        19.7906169293
        1.3650048000         4.3500000000         2.0907757512         4.8382114687        19.6576422809
        1.3700085000         4.3500000000         2.0933280780         4.9249753023        19.7241296051
        1.3750048000         4.3500000000         2.0958804049         4.9913241162        19.7906169293
        1.3800085000         4.3500000000         2.0856710975         5.0040835035        19.5246676324
        1.3850050000         4.3500000000         2.1060897123         1.1124703785        20.0565662262
        1.3900090000         4.3500000000         2.0805664438        -0.0052519485        19.3916929840
        1.3950084000         4.3500000000         2.0907757512         0.0024036839        19.6576422809
        1.4000085000         4.3500000000         2.0958804049         0.0764081302        19.7906169293
        1.4050050000         4.3500000000         2.0856710975         0.1478606990        19.5246676324
        1.4100086000         4.3500000000         2.0933280780         0.2295207777        19.7241296051
        1.4150047000         4.3500000000         2.0882234243         0.3162846113        19.5911549566
        1.4200088000         4.3500000000         2.0933280780         0.3826334252        19.7241296051
        1.4250087000         4.3500000000         2.0805664438         0.4642935039        19.3916929840
        1.4300085000         4.3500000000         2.0882234243         0.5382979502        19.5911549566
        1.4350054000         4.3500000000         2.0831187706         0.6148542740        19.4581803082
        1.4400092000         4.3500000000         2.0831187706         0.6965143527        19.4581803082
        1.4450063000         4.3500000000         2.0882234243         0.7705187990        19.5911549566
        1.4500086000         4.3500000000         2.1009850586         0.8547307552        19.9235915778
        1.4551175000         4.3500000000         2.0907757512         0.9261833240        19.6576422809
        1.4600045000         4.3500000000         2.0780141169         0.9976358929        19.3252056597
        1.4650064000         4.3500000000         2.0882234243         1.0767440941        19.5911549566
        1.4700086000         4.3500000000         2.0907757512         1.1507485404        19.6576422809
        1.4750079000         4.3500000000         2.0958804049         1.2273048642        19.7906169293
        1.4800092000         4.3500000000         2.0933280780         1.3013093105        19.7241296051
        1.4850300000         4.3500000000         2.0907757512         1.3753137568        19.6576422809
        1.4900053000         4.3500000000         2.0805664438         1.4493182031        19.3916929840
        1.4950521000         4.3500000000         2.0933280780         1.5284264043        19.7241296051
        1.5000062000         4.3500000000         2.0984327318         1.5998789732        19.8571042535
        1.5050058000         4.3500000000         2.0882234243         1.6713315420        19.5911549566
        1.5100089000         4.3500000000         2.0958804049         1.7504397433        19.7906169293
        1.5150054000         4.3500000000         2.1035373855         1.8295479445        19.9900789020
        1.5200049000         4.3500000000         2.0882234243         1.8933448810        19.5911549566
        1.5250180000         4.3500000000         2.1086420392         1.9826605920        20.1230535504
        1.5300058000         4.3500000000         2.1035373855         2.0490094060        19.9900789020
        1.5350064000         4.3500000000         2.0856710975         2.1230138523        19.5246676324
        1.5400085000         4.3500000000         2.0907757512         2.2123295633        19.6576422809
        1.5450262000         4.3500000000         2.1060897123         2.2812302547        20.0565662262
        1.5500084000         4.3500000000         2.0984327318         2.3501309461        19.8571042535
        1.5550120000         4.3500000000         2.0907757512         2.4266872699        19.6576422809
        1.5600069000         4.3500000000         2.0958804049         2.5160029810        19.7906169293
        1.5651702000         4.3500000000         2.1060897123         2.5849036724        20.0565662262
        1.5700183000         4.3500000000         2.1009850586         2.6665637511        19.9235915778
        1.5750179000         4.3500000000         2.1086420392         2.7431200748        20.1230535504
        1.5800116000         4.3500000000         2.1009850586         2.8145726437        19.9235915778
        1.5850106000         4.3500000000         2.0958804049         2.8936808449        19.7906169293
        1.5900080000         4.3500000000         2.0984327318         2.9651334138        19.8571042535
        1.5950073000         4.3500000000         2.1035373855         3.0467934924        19.9900789020
        1.6000065000         4.3500000000         2.1035373855         3.1131423064        19.9900789020
        1.6050086000         4.3500000000         2.0958804049         3.1973542625        19.7906169293
        1.6100051000         4.3500000000         2.0984327318         3.2739105863        19.8571042535
        1.6150044000         4.3500000000         2.0907757512         3.3453631551        19.6576422809
        1.6200054000         4.3500000000         2.1111943660         3.4244713564        20.1895408747
        1.6250048000         4.3500000000         2.0958804049         3.5035795576        19.7906169293
        1.6300032000         4.3500000000         2.1111943660         3.5826877588        20.1895408747
        1.6350022000         4.3500000000         2.0856710975         3.6464846953        19.5246676324
        1.6400048000         4.3500000000         2.1035373855         3.7306966515        19.9900789020
        1.6450038000         4.3500000000         2.0933280780         3.8072529752        19.7241296051
        1.6500041000         4.3500000000         2.1035373855         3.8838092990        19.9900789020
        1.6550030000         4.3500000000         2.0958804049         3.9552618679        19.7906169293
        1.6600040000         4.3500000000         2.0933280780         4.0420257015        19.7241296051
        1.6650122000         4.3500000000         2.1086420392         4.1160301478        20.1230535504
        1.6700089000         4.3500000000         2.1009850586         4.1976902265        19.9235915778
        1.6750066000         4.3500000000         2.1009850586         4.2665909178        19.9235915778
        1.6800046000         4.3500000000         2.0907757512         4.3354916092        19.6576422809
        1.6850043000         4.3500000000         2.0933280780         4.4197035654        19.7241296051
        1.6900062000         4.3500000000         2.0958804049         4.4962598892        19.7906169293
        1.6950036000         4.3500000000         2.0907757512         4.5779199678        19.6576422809
        1.7000078000         4.3500000000         2.1009850586         4.6570281691        19.9235915778
        1.7050081000         4.3500000000         2.0907757512         4.7386882478        19.6576422809
        1.7100088000         4.3500000000         2.0882234243         4.8177964490        19.5911549566
        1.7150071000         4.3500000000         2.0805664438         4.8943527728        19.3916929840
        1.7200068000         4.3500000000         2.0933280780         4.9734609740        19.7241296051
        1.7250050000         4.3500000000         2.0933280780         5.0091872584        19.7241296051
        1.7300084000         4.3500000000         2.0933280780         4.9785647289        19.7241296051
        1.7350847000         4.3500000000         2.0856710975         0.0024036839        19.5246676324
        1.7400092000         4.3500000000         2.0831187706         0.0024036839        19.4581803082
        1.7450071000         4.3500000000         2.0933280780         0.0508893556        19.7241296051
        1.7500096000         4.3500000000         2.1060897123         0.1376531892        20.0565662262
        1.7550087000         4.3500000000         2.0831187706         0.2040020031        19.4581803082
        1.7600051000         4.3500000000         2.0703571363         0.2805583269        19.1257436870
        1.7650083000         4.3500000000         2.0984327318         0.3724259154        19.8571042535
        1.7700082000         4.3500000000         2.0856710975         0.4438784843        19.5246676324
        1.7750038000         4.3500000000         2.0958804049         0.5204348080        19.7906169293
        1.7800065000         4.3500000000         2.0780141169         0.5893354994        19.3252056597
        1.7850033000         4.3500000000         2.0907757512         0.6760993330        19.6576422809
        1.7900058000         4.3500000000         2.0856710975         0.7526556568        19.5246676324
        1.7950086000         4.3500000000         2.0907757512         0.8241082257        19.6576422809
        1.8000072000         4.3500000000         2.1060897123         0.9057683043        20.0565662262
        1.8050087000         4.3500000000         2.0958804049         0.9848765056        19.7906169293
        1.8100093000         4.3500000000         2.0933280780         1.0639847068        19.7241296051
        1.8150089000         4.3500000000         2.0933280780         1.1277816433        19.7241296051
        1.8200677000         4.3500000000         2.0984327318         1.2196492318        19.8571042535
        1.8250048000         4.3500000000         2.0984327318         1.2834461683        19.8571042535
        1.8300167000         4.3500000000         2.1009850586         1.3523468597        19.9235915778
        1.8350090000         4.3500000000         2.1009850586         1.4365588158        19.9235915778
        1.8400070000         4.3500000000         2.0958804049         1.5054595072        19.7906169293
        1.8450086000         4.3500000000         2.0907757512         1.5820158310        19.6576422809
        1.8500065000         4.3500000000         2.1111943660         1.6611240322        20.1895408747
        1.8550093000         4.3500000000         2.1060897123         1.7300247236        20.0565662262
        1.8600073000         4.3500000000         2.0933280780         1.8014772924        19.7241296051
        1.8650086000         4.3500000000         2.0958804049         1.8907930035        19.7906169293
        1.8700050000         4.3500000000         2.0907757512         1.9469343076        19.6576422809
        1.8750086000         4.3500000000         2.1009850586         2.0311462638        19.9235915778
        1.8800084000         4.3500000000         2.1086420392         2.1128063424        20.1230535504
        1.8850091000         4.3500000000         2.0882234243         2.1842589113        19.5911549566
        1.8900082000         4.3500000000         2.1009850586         2.2608152351        19.9235915778
        1.8950059000         4.3500000000         2.1009850586         2.3424753138        19.9235915778
        1.9000042000         4.3500000000         2.1060897123         2.4190316375        20.0565662262
        1.9050095000         4.3500000000         2.1009850586         2.4904842064        19.9235915778
        1.9100066000         4.3500000000         2.1086420392         2.5670405302        20.1230535504
        1.9150088000         4.3500000000         2.1060897123         2.6487006088        20.0565662262
        1.9200078000         4.3500000000         2.1086420392         2.7252569326        20.1230535504
        1.9250086000         4.3500000000         2.1137466929         2.7967095015        20.2560281989
        1.9300066000         4.3500000000         2.0933280780         2.8707139478        19.7241296051
        1.9350085000         4.3500000000         2.1035373855         2.9498221490        19.9900789020
        1.9400059000         4.3500000000         2.1009850586         3.0212747179        19.9235915778
        1.9450083000         4.3500000000         2.0958804049         3.0952791642        19.7906169293
        1.9500059000         4.3500000000         2.0984327318         3.1769392429        19.8571042535
        1.9550086000         4.3500000000         2.1137466929         3.2534955666        20.2560281989
        1.9600057000         4.3500000000         2.0933280780         3.3326037679        19.7241296051
        1.9650083000         4.3500000000         2.1035373855         3.4066082142        19.9900789020
        1.9700084000         4.3500000000         2.1086420392         3.4933720478        20.1230535504
        1.9750080000         4.3500000000         2.1009850586         3.5648246166        19.9235915778
        1.9800041000         4.3500000000         2.1009850586         3.6413809404        19.9235915778
        1.9850092000         4.3500000000         2.0984327318         3.7102816318        19.8571042535
        1.9900090000         4.3500000000         2.0933280780         3.7919417105        19.7241296051
        1.9950082000         4.3500000000         2.1035373855         3.8710499117        19.9900789020
        2.0000049000         4.3500000000         2.0933280780         3.9425024806        19.7241296051
        2.0050079000         4.3500000000         2.1086420392         4.0292663142        20.1230535504
        2.0100050000         4.3500000000         2.0933280780         4.0981670056        19.7241296051
        2.0150082000         4.3500000000         2.0984327318         4.1721714519        19.8571042535
        2.0200086000         4.3500000000         2.1009850586         4.2538315306        19.9235915778
        2.0250085000         4.3500000000         2.0958804049         4.3303878543        19.7906169293
        2.0300052000         4.3500000000         2.0907757512         4.4018404232        19.6576422809
        2.0350143000         4.3500000000         2.1035373855         4.4937080117        19.9900789020
        2.0400058000         4.3500000000         2.0907757512         4.5600568256        19.6576422809
        2.0450090000         4.3500000000         2.0984327318         4.6442687818        19.8571042535
        2.0500066000         4.3500000000         2.1111943660         4.7310326154        20.1895408747
        2.0550131000         4.3500000000         2.0933280780         4.8024851842        19.7241296051
        2.0600042000         4.3500000000         2.0958804049         4.8866971404        19.7906169293
        2.0650086000         4.3500000000         2.1009850586         4.9683572191        19.9235915778
        2.0700085000         4.3500000000         2.0831187706         4.9989797486        19.4581803082
        2.0750043000         4.3500000000         2.1009850586         5.0015316260        19.9235915778
        2.0800185000         4.3500000000         2.0958804049         0.0024036839        19.7906169293
        2.0850097000         4.3500000000         2.0882234243         0.0075074388        19.5911549566
        2.0900168000         4.3500000000         2.0933280780         0.0457856007        19.7241296051
        2.0950039000         4.3500000000         2.0882234243         0.1197900470        19.5911549566
        2.1000090000         4.3500000000         2.0958804049         0.2014501257        19.7906169293
        2.1050042000         4.3500000000         2.0882234243         0.2729026945        19.5911549566
        2.1100129000         4.3500000000         2.0958804049         0.3571146507        19.7906169293
        2.1150062000         4.3500000000         2.0780141169         0.4285672195        19.3252056597
        2.1200086000         4.3500000000         2.0984327318         0.5153310531        19.8571042535
        2.1250050000         4.3500000000         2.0831187706         0.5816798670        19.4581803082
        2.1300090000         4.3500000000         2.1009850586         0.6735474556        19.9235915778
        2.1350056000         4.3500000000         2.0984327318         0.7526556568        19.8571042535
        2.1400090000         4.3500000000         2.0958804049         0.8215563482        19.7906169293
        2.1450056000         4.3500000000         2.0856710975         0.8955607945        19.5246676324
        2.1500086000         4.3500000000         2.0882234243         0.9746689957        19.5911549566
        2.1550060000         4.3500000000         2.0958804049         1.0461215646        19.7906169293
        2.1600092000         4.3500000000         2.1111943660         1.1328853982        20.1895408747
        2.1650055000         4.3500000000         2.0882234243         1.2017860896        19.5911549566
        2.1700085000         4.3500000000         2.0882234243         1.2757905359        19.5911549566
        2.1750056000         4.3500000000         2.1086420392         1.3600024920        20.1230535504
        2.1800085000         4.3500000000         2.0984327318         1.4212475511        19.8571042535
        2.1850046000         4.3500000000         2.0882234243         1.5029076297        19.5911549566
        2.1900087000         4.3500000000         2.1009850586         1.5845677084        19.9235915778
        2.1950048000         4.3500000000         2.1009850586         1.6534683998        19.9235915778
        2.2000089000         4.3500000000         2.0856710975         1.7223690912        19.5246676324
        2.2050049000         4.3500000000         2.1009850586         1.8014772924        19.9235915778
        2.2100087000         4.3500000000         2.0882234243         1.8780336162        19.5911549566
        2.2150048000         4.3500000000         2.1009850586         1.9596936949        19.9235915778
        2.2200086000         4.3500000000         2.0831187706         2.0209387539        19.4581803082
        2.2250092000         4.3500000000         2.1137466929         2.1077025875        20.2560281989
        2.2300089000         4.3500000000         2.0984327318         2.1791551564        19.8571042535
        2.2350049000         4.3500000000         2.1009850586         2.2557114802        19.9235915778
        2.2400088000         4.3500000000         2.0984327318         2.3271640490        19.8571042535
        2.2450056000         4.3500000000         2.0933280780         2.4037203728        19.7241296051
        2.2500118000         4.3500000000         2.0984327318         2.4777248191        19.8571042535
        2.2550056000         4.3500000000         2.1060897123         2.5593848978        20.0565662262
        2.2600095000         4.3500000000         2.1009850586         2.6461487314        19.9235915778
        2.2650092000         4.3500000000         2.1009850586         2.7201531777        19.9235915778
        2.2700082000         4.3500000000         2.1162990198         2.7916057465        20.3225155231
        2.2750051000         4.3500000000         2.0984327318         2.8605064379        19.8571042535
        2.2800089000         4.3500000000         2.1086420392         2.9396146392        20.1230535504
        2.2850064000         4.3500000000         2.1035373855         3.0238265953        19.9900789020
        2.2900091000         4.3500000000         2.0933280780         3.1003829191        19.7241296051
        2.2950058000         4.3500000000         2.1137466929         3.1820429978        20.2560281989
        2.3000155000         4.3500000000         2.1265083272         3.2611511990        20.5884648200
        2.3050325000         4.3500000000         2.1009850586         3.3275000129        19.9235915778
        2.3100052000         4.3500000000         2.0907757512         3.4015044592        19.6576422809
        2.3150098000         4.3500000000         2.1035373855         3.4857164154        19.9900789020
        2.3200089000         4.3500000000         2.1111943660         3.5673764941        20.1895408747
        2.3250089000         4.3500000000         2.1060897123         3.6337253080        20.0565662262
        2.3300082000         4.3500000000         2.1035373855         3.7255928965        19.9900789020
        2.3350047000         4.3500000000         2.1009850586         3.7919417105        19.9235915778
        2.3400084000         4.3500000000         2.0933280780         3.8633942793        19.7241296051
        2.3450057000         4.3500000000         2.1060897123         3.9476062355        20.0565662262
        2.3500079000         4.3500000000         2.1060897123         4.0241625592        20.0565662262
        2.3552098000         4.3500000000         2.1086420392         4.1083745154        20.1230535504
        2.3600040000         4.3500000000         2.1111943660         4.1849308392        20.1895408747
        2.3650035000         4.3500000000         2.1035373855         4.2563834080        19.9900789020
        2.3700087000         4.3500000000         2.1035373855         4.3405953642        19.9900789020
        2.3750126000         4.3500000000         2.1060897123         4.4094960556        20.0565662262
        2.3800060000         4.3500000000         2.1137466929         4.4962598892        20.2560281989
        2.3850088000         4.3500000000         2.0984327318         4.5728162129        19.8571042535
        2.3900068000         4.3500000000         2.1009850586         4.6493725367        19.9235915778
        2.3950128000         4.3500000000         2.1086420392         4.7310326154        20.1230535504
        2.4000050000         4.3500000000         2.1009850586         4.8075889392        19.9235915778
        2.4050090000         4.3500000000         2.1111943660         4.8969046502        20.1895408747
        2.4100063000         4.3500000000         2.1009850586         4.9734609740        19.9235915778
        2.4150088000         4.3500000000         2.0907757512         5.0066353810        19.6576422809
        2.4200092000         4.3500000000         2.0958804049         4.9811166064        19.7906169293
        2.4250087000         4.3500000000         2.0984327318         0.0024036839        19.8571042535
        2.4300075000         4.3500000000         2.0907757512        -0.0052519485        19.6576422809
        2.4350083000         4.3500000000         2.1035373855         0.0585449879        19.9900789020
        2.4400050000         4.3500000000         2.0907757512         0.1351013117        19.6576422809
        2.4450089000         4.3500000000         2.0907757512         0.2040020031        19.6576422809
        2.4500061000         4.3500000000         2.0958804049         0.2907658367        19.7906169293
        2.4550090000         4.3500000000         2.1162990198         0.3622184056        20.3225155231
        2.4600065000         4.3500000000         2.0856710975         0.4413266068        19.5246676324
        2.4650090000         4.3500000000         2.0907757512         0.5255385629        19.6576422809
        2.4700057000         4.3500000000         2.1035373855         0.6046467642        19.9900789020
        2.4750085000         4.3500000000         2.0958804049         0.6837549654        19.7906169293
        2.4800084000         4.3500000000         2.0933280780         0.7526556568        19.7241296051
        2.4850087000         4.3500000000         2.0984327318         0.8343157355        19.8571042535
        2.4900051000         4.3500000000         2.0856710975         0.9083201818        19.5246676324
        2.4950089000         4.3500000000         2.0958804049         0.9950840154        19.7906169293
        2.5000045000         4.3500000000         2.1162990198         1.0767440941        20.3225155231
        2.5050089000         4.3500000000         2.0984327318         1.1379891531        19.8571042535
        2.5100060000         4.3500000000         2.0882234243         1.2145454769        19.5911549566
        2.5150034000         4.3500000000         2.1009850586         1.2936536781        19.9235915778
        2.5200054000         4.3500000000         2.1162990198         1.3753137568        20.3225155231
        2.5250026000         4.3500000000         2.0882234243         1.4391106933        19.5911549566
        2.5300041000         4.3500000000         2.1035373855         1.5233226494        19.9900789020
        2.5350036000         4.3500000000         2.0958804049         1.5922233408        19.7906169293
        2.5400037000         4.3500000000         2.0907757512         1.6636759097        19.6576422809
        2.5450089000         4.3500000000         2.1009850586         1.7453359884        19.9235915778
        2.5500042000         4.3500000000         2.1086420392         1.8218923121        20.1230535504
        2.5550086000         4.3500000000         2.1060897123         1.8958967584        20.0565662262
        2.5600058000         4.3500000000         2.1035373855         1.9801087146        19.9900789020
        2.5650081000         4.3500000000         2.0907757512         2.0490094060        19.6576422809
        2.5700073000         4.3500000000         2.1162990198         2.1332213621        20.3225155231
        2.5750045000         4.3500000000         2.1035373855         2.2046739310        19.9900789020
        2.5800089000         4.3500000000         2.1009850586         2.2735746224        19.9235915778
        2.5850081000         4.3500000000         2.0984327318         2.3526828236        19.8571042535
        2.5900040000         4.3500000000         2.1009850586         2.4343429023        19.9235915778
        2.5950056000         4.3500000000         2.1086420392         2.5083473486        20.1230535504
        2.6000056000         4.3500000000         2.1162990198         2.5951111822        20.3225155231
        2.6050090000         4.3500000000         2.1086420392         2.6665637511        20.1230535504
        2.6100129000         4.3500000000         2.1060897123         2.7431200748        20.0565662262
        2.6150107000         4.3500000000         2.1086420392         2.8222282761        20.1230535504
        2.6200053000         4.3500000000         2.0958804049         2.8987845998        19.7906169293
        2.6250106000         4.3500000000         2.1214036735         2.9778928011        20.4554901716
        2.6300090000         4.3500000000         2.1214036735         3.0570010023        20.4554901716
        2.6350088000         4.3500000000         2.0958804049         3.1310054486        19.7906169293
        2.6400751000         4.3500000000         2.1060897123         3.2075617724        20.0565662262
        2.6450050000         4.3500000000         2.1111943660         3.2866699736        20.1895408747
        2.6500087000         4.3500000000         2.1086420392         3.3657781748        20.1230535504
        2.6550087000         4.3500000000         2.1035373855         3.4295751113        19.9900789020
        2.6600042000         4.3500000000         2.1009850586         3.5163389449        19.9235915778
        2.6650089000         4.3500000000         2.1060897123         3.5903433912        20.0565662262
        2.6700433000         4.3500000000         2.1035373855         3.6720034699        19.9900789020
        2.6750080000         4.3500000000         2.1111943660         3.7485597937        20.1895408747
        2.6800091000         4.3500000000         2.1086420392         3.8327717498        20.1230535504
        2.6850083000         4.3500000000         2.1009850586         3.9042243187        19.9235915778
        2.6900048000         4.3500000000         2.1162990198         3.9807806424        20.3225155231
        2.6950086000         4.3500000000         2.0958804049         4.0522332113        19.7906169293
        2.7000084000         4.3500000000         2.1239560003         4.1389970449        20.5219774958
        2.7050059000         4.3500000000         2.1111943660         4.2104496138        20.1895408747
        2.7100112000         4.3500000000         2.0984327318         4.2819021826        19.8571042535
        2.7150076000         4.3500000000         2.1035373855         4.3661141388        19.9900789020
        2.7200086000         4.3500000000         2.1111943660         4.4503260949        20.1895408747
        2.7250074000         4.3500000000         2.1111943660         4.5345380510        20.1895408747
        2.7300072000         4.3500000000         2.0984327318         4.5983349875        19.8571042535
        2.7350085000         4.3500000000         2.1009850586         4.6876506986        19.9235915778
        2.7400083000         4.3500000000         2.1111943660         4.7718626547        20.1895408747
        2.7450079000         4.3500000000         2.1035373855         4.8484189785        19.9900789020
        2.7500106000         4.3500000000         2.0984327318         4.9224234248        19.8571042535
        2.7550078000         4.3500000000         2.1060897123         5.0091872584        20.0565662262
        2.7600087000         4.3500000000         2.0907757512         5.0015316260        19.6576422809
        2.7650044000         4.3500000000         2.1009850586         1.1073666236        19.9235915778
        2.7700086000         4.3500000000         2.0984327318         0.0024036839        19.8571042535
        2.7750060000         4.3500000000         2.1111943660         0.0100593162        20.1895408747
        2.7800086000         4.3500000000         2.1009850586         0.0866156400        19.9235915778
        2.7850069000         4.3500000000         2.1086420392         0.1733794736        20.1230535504
        2.7900087000         4.3500000000         2.0882234243         0.2473839199        19.5911549566
        2.7950066000         4.3500000000         2.0958804049         0.3239402437        19.7906169293
        2.8000087000         4.3500000000         2.1009850586         0.4004965675        19.9235915778
        2.8050088000         4.3500000000         2.0831187706         0.4745010138        19.4581803082
        2.8100060000         4.3500000000         2.0907757512         0.5536092150        19.6576422809
        2.8150087000         4.3500000000         2.0805664438         0.6327174162        19.3916929840
        2.8200084000         4.3500000000         2.1035373855         0.7194812498        19.9900789020
        2.8250083000         4.3500000000         2.0984327318         0.7909338187        19.8571042535
        2.8300088000         4.3500000000         2.1035373855         0.8725938974        19.9900789020
        2.8350067000         4.3500000000         2.0933280780         0.9389427113        19.7241296051
        2.8400086000         4.3500000000         2.0933280780         1.0282584224        19.7241296051
        2.8450048000         4.3500000000         2.1060897123         1.1022628687        20.0565662262
        2.8500088000         4.3500000000         2.1086420392         1.1813710699        20.1230535504
        2.8550086000         4.3500000000         2.0933280780         1.2400642515        19.7241296051
        2.8601634000         4.3500000000         2.0984327318         1.3293799625        19.8571042535
        2.8650041000         4.3500000000         2.0907757512         1.3931768990        19.6576422809
        2.8700021000         4.3500000000         2.0856710975         1.4697332228        19.5246676324
        2.8750040000         4.3500000000         2.1111943660         1.5513933015        20.1895408747
        2.8800027000         4.3500000000         2.1086420392         1.6356052576        20.1230535504
        2.8850055000         4.3500000000         2.0958804049         1.7045059490        19.7906169293
        2.8900026000         4.3500000000         2.0958804049         1.7683028855        19.7906169293
        2.8950047000         4.3500000000         2.1035373855         1.8474110867        19.9900789020
        2.9000020000         4.3500000000         2.1009850586         1.9188636556        19.9235915778
        2.9050047000         4.3500000000         2.1009850586         2.0030756117        19.9235915778
        2.9100035000         4.3500000000         2.1111943660         2.0872875679        20.1895408747
        2.9150071000         4.3500000000         2.1009850586         2.1612920142        19.9235915778
        2.9200031000         4.3500000000         2.1086420392         2.2352964605        20.1230535504
        2.9250090000         4.3500000000         2.1060897123         2.3041971519        20.0565662262
        2.9300082000         4.3500000000         2.1111943660         2.3960647404        20.1895408747
        2.9350080000         4.3500000000         2.1035373855         2.4598616769        19.9900789020
        2.9400083000         4.3500000000         2.1060897123         2.5440736330        20.0565662262
        2.9450215000         4.3500000000         2.1162990198         2.6282855892        20.3225155231
        2.9500030000         4.3500000000         2.1214036735         2.7022900355        20.4554901716
        2.9550034000         4.3500000000         2.1188513466         2.7839501142        20.3890028474
        2.9600108000         4.3500000000         2.0907757512         2.8528508056        19.6576422809
        2.9650163000         4.3500000000         2.0958804049         2.9217514970        19.7906169293
        2.9700044000         4.3500000000         2.1035373855         2.9983078207        19.9900789020
        2.9750087000         4.3500000000         2.1009850586         3.0748641445        19.9235915778
        2.9800045000         4.3500000000         2.1009850586         3.1565242232        19.9235915778
        2.9850093000         4.3500000000         2.0958804049         3.2305286695        19.7906169293
        2.9900087000         4.3500000000         2.1035373855         3.3121887482        19.9900789020
        2.9950045000         4.3500000000         2.1009850586         3.3861931945        19.9235915778
        3.0000090000         4.3500000000         2.1188513466         3.4678532732        20.3890028474
        3.0050071000         4.3500000000         2.1009850586         3.5469614744        19.9235915778
        3.0100082000         4.3500000000         2.0984327318         3.6158621658        19.8571042535
        3.0150042000         4.3500000000         2.1086420392         3.6975222445        20.1230535504
        3.0200065000         4.3500000000         2.1009850586         3.7715266908        19.9235915778
        3.0250043000         4.3500000000         2.1188513466         3.8633942793        20.3890028474
        3.0300052000         4.3500000000         2.1086420392         3.9373987256        20.1230535504
        3.0350038000         4.3500000000         2.1162990198         4.0139550494        20.3225155231
        3.0400024000         4.3500000000         2.0882234243         4.0777519859        19.5911549566
        3.0450040000         4.3500000000         2.1214036735         4.1696195744        20.4554901716
        3.0500089000         4.3500000000         2.1137466929         4.2436240207        20.2560281989
        3.0550107000         4.3500000000         2.1188513466         4.3227322219        20.3890028474
        3.0600041000         4.3500000000         2.0907757512         4.3890810359        19.6576422809
        3.0650019000         4.3500000000         2.1009850586         4.4732929920        19.9235915778
        3.0700082000         4.3500000000         2.1009850586         4.5498493158        19.9235915778
        3.0750173000         4.3500000000         2.1111943660         4.6417169043        20.1895408747
        3.0800043000         4.3500000000         2.1086420392         4.7182732281        20.1230535504
        3.0854789000         4.3500000000         2.1035373855         4.7999333068        19.9900789020
        3.0900955000         4.3500000000         2.0984327318         4.8790415080        19.8571042535
        3.0950692000         4.3500000000         2.1111943660         4.9658053416        20.1895408747
        3.1000632000         4.3500000000         2.0933280780         5.0015316260        19.7241296051
        3.1050049000         4.3500000000         2.1086420392         5.0040835035        20.1230535504
        3.1100048000         4.3500000000         2.0958804049         0.0049555613        19.7906169293
        3.1150049000         4.3500000000         2.0907757512         0.0024036839        19.6576422809
        3.1200040000         4.3500000000         2.0907757512         0.0304743359        19.6576422809
        3.1250020000         4.3500000000         2.1162990198         0.1197900470        20.3225155231
        3.1300040000         4.3500000000         2.0907757512         0.1988982482        19.6576422809
        3.1350023000         4.3500000000         2.0856710975         0.2754545720        19.5246676324
        3.1400051000         4.3500000000         2.1060897123         0.3520108957        20.0565662262
        3.1450028000         4.3500000000         2.0882234243         0.4234634646        19.5911549566
        3.1500056000         4.3500000000         2.1111943660         0.5178829306        20.1895408747
        3.1550081000         4.3500000000         2.0933280780         0.5842317445        19.7241296051
        3.1600060000         4.3500000000         2.1009850586         0.6658918232        19.9235915778
        3.1650038000         4.3500000000         2.0882234243         0.7373443920        19.5911549566
        3.1700041000         4.3500000000         2.0933280780         0.8113488384        19.7241296051
        3.1750088000         4.3500000000         2.1086420392         0.8981126720        20.1230535504
        3.1800043000         4.3500000000         2.0831187706         0.9670133634        19.4581803082
        3.1850084000         4.3500000000         2.0933280780         1.0563290744        19.7241296051
        3.1900054000         4.3500000000         2.0882234243         1.1201260109        19.5911549566
        3.1950081000         4.3500000000         2.0958804049         1.2068898445        19.7906169293
        3.2000045000         4.3500000000         2.0984327318         1.2706867810        19.8571042535
        3.2050086000         4.3500000000         2.0907757512         1.3523468597        19.6576422809
        3.2100066000         4.3500000000         2.1035373855         1.4314550609        19.9900789020
        3.2150088000         4.3500000000         2.0907757512         1.4978038748        19.6576422809
        3.2200059000         4.3500000000         2.1035373855         1.5820158310        19.9900789020
        3.2250085000         4.3500000000         2.0984327318         1.6483646449        19.8571042535
        3.2300068000         4.3500000000         2.0984327318         1.7274728461        19.8571042535
        3.2350080000         4.3500000000         2.1035373855         1.8014772924        19.9900789020
        3.2400082000         4.3500000000         2.0933280780         1.8729298613        19.7241296051
        3.2450032000         4.3500000000         2.0933280780         1.9469343076        19.7241296051
        3.2500052000         4.3500000000         2.1111943660         2.0285943863        20.1895408747
        3.2550027000         4.3500000000         2.1009850586         2.1000469552        19.9235915778
        3.2600050000         4.3500000000         2.1009850586         2.1919145437        19.9235915778
        3.2650039000         4.3500000000         2.1086420392         2.2608152351        20.1230535504
        3.2700030000         4.3500000000         2.1060897123         2.3373715588        20.0565662262
        3.2750020000         4.3500000000         2.1009850586         2.4088241277        19.9235915778
        3.2800046000         4.3500000000         2.1035373855         2.4904842064        19.9900789020
        3.2850082000         4.3500000000         2.1035373855         2.5619367752        19.9900789020
        3.2900089000         4.3500000000         2.0958804049         2.6435968539        19.7906169293
        3.2950044000         4.3500000000         2.1086420392         2.7227050552        20.1230535504
        3.3000036000         4.3500000000         2.1111943660         2.7992613789        20.1895408747
        3.3050023000         4.3500000000         2.1086420392         2.8783695801        20.1230535504
        3.3100040000         4.3500000000         2.1086420392         2.9523740265        20.1230535504
        3.3150025000         4.3500000000         2.0958804049         3.0238265953        19.7906169293
        3.3200091000         4.3500000000         2.1111943660         3.1131423064        20.1895408747
        3.3250038000         4.3500000000         2.1188513466         3.1820429978        20.3890028474
        3.3300084000         4.3500000000         2.1060897123         3.2560474441        20.0565662262
        3.3350081000         4.3500000000         2.1060897123         3.3428112777        20.0565662262
        3.3400040000         4.3500000000         2.1086420392         3.4066082142        20.1230535504
        3.3450026000         4.3500000000         2.1188513466         3.5010276801        20.3890028474
        3.3500081000         4.3500000000         2.1009850586         3.5648246166        19.9235915778
        3.3550063000         4.3500000000         2.1060897123         3.6490365728        20.0565662262
        3.3600095000         4.3500000000         2.1086420392         3.7306966515        20.1230535504
        3.3650049000         4.3500000000         2.0984327318         3.7995973429        19.8571042535
        3.3700136000         4.3500000000         2.1111943660         3.8787055441        20.1895408747
        3.3750031000         4.3500000000         2.1086420392         3.9578137453        20.1230535504
        3.3802324000         4.3500000000         2.1086420392         4.0445775789        20.1230535504
        3.3850035000         4.3500000000         2.1035373855         4.1185820252        19.9900789020
        3.3900021000         4.3500000000         2.1060897123         4.1849308392        20.0565662262
        3.3950046000         4.3500000000         2.1035373855         4.2691427953        19.9900789020
        3.4000024000         4.3500000000         2.0907757512         4.3456991191        19.6576422809
        3.4050049000         4.3500000000         2.1086420392         4.4324629527        20.1230535504
        3.4100042000         4.3500000000         2.1035373855         4.5039155215        19.9900789020
        3.4150040000         4.3500000000         2.1060897123         4.5881274777        20.0565662262
        3.4200034000         4.3500000000         2.0958804049         4.6595800465        19.7906169293
        3.4250067000         4.3500000000         2.1009850586         4.7386882478        19.9235915778
        3.4300040000         4.3500000000         2.1035373855         4.8229002039        19.9900789020
        3.4350056000         4.3500000000         2.0907757512         4.9045602826        19.6576422809
        3.4400024000         4.3500000000         2.1035373855         4.9836684838        19.9900789020
        3.4450090000         4.3500000000         2.1086420392         5.0117391359        20.1230535504
        3.4500034000         4.3500000000         2.1086420392         1.1226778884        20.1230535504
        3.4550044000         4.3500000000         2.1009850586         0.0075074388        19.9235915778
        3.4600035000         4.3500000000         2.0958804049         0.0049555613        19.7906169293
        3.4650049000         4.3500000000         2.0958804049         0.0636487429        19.7906169293
        3.4700064000         4.3500000000         2.0984327318         0.1402050666        19.8571042535
        3.4750036000         4.3500000000         2.0907757512         0.2244170228        19.6576422809
        3.4800021000         4.3500000000         2.0984327318         0.3086289789        19.8571042535
        3.4850024000         4.3500000000         2.0958804049         0.3775296703        19.7906169293
        3.4900083000         4.3500000000         2.0831187706         0.4540859941        19.4581803082
        3.4955945000         4.3500000000         2.1086420392         0.5485054601        20.1230535504
        3.5000050000         4.3500000000         2.0958804049         0.6097505191        19.7906169293
        3.5050087000         4.3500000000         2.0984327318         0.7016181076        19.8571042535
        3.5100135000         4.3500000000         2.0856710975         0.7654150441        19.5246676324
        3.5150056000         4.3500000000         2.1009850586         0.8470751228        19.9235915778
        3.5200553000         4.3500000000         2.0882234243         0.9236314466        19.5911549566
        3.5250058000         4.3500000000         2.0907757512         0.9976358929        19.6576422809
        3.5300085000         4.3500000000         2.1009850586         1.0792959716        19.9235915778
        3.5350549000         4.3500000000         2.0933280780         1.1558522953        19.7241296051
        3.5400078000         4.3500000000         2.1009850586         1.2400642515        19.9235915778
        3.5450091000         4.3500000000         2.0984327318         1.2987574330        19.8571042535
        3.5500114000         4.3500000000         2.1111943660         1.3804175117        20.1895408747
        3.5550052000         4.3500000000         2.0958804049         1.4595257129        19.7906169293
        3.5600381000         4.3500000000         2.0958804049         1.5335301593        19.7906169293
        3.5650061000         4.3500000000         2.1035373855         1.6075346056        19.9900789020
        3.5700087000         4.3500000000         2.1009850586         1.6815390519        19.9235915778
        3.5750046000         4.3500000000         2.1137466929         1.7657510080        20.2560281989
        3.5800085000         4.3500000000         2.1009850586         1.8295479445        19.9235915778
        3.5850076000         4.3500000000         2.0907757512         1.9035523908        19.6576422809
        3.5900086000         4.3500000000         2.1009850586         1.9775568371        19.9235915778
        3.5950082000         4.3500000000         2.1086420392         2.0617687933        20.1230535504
        3.6000082000         4.3500000000         2.1162990198         2.1434288720        20.3225155231
        3.6052992000         4.3500000000         2.0984327318         2.2148814408        19.8571042535
        3.6100058000         4.3500000000         2.1137466929         2.2990933970        20.2560281989
        3.6150091000         4.3500000000         2.1009850586         2.3628903334        19.9235915778
        3.6200088000         4.3500000000         2.1086420392         2.4471022896        20.1230535504
        3.6251668000         4.3500000000         2.1162990198         2.5338661232        20.3225155231
        3.6300041000         4.3500000000         2.1060897123         2.6027668146        20.0565662262
        3.6350102000         4.3500000000         2.1009850586         2.6716675060        19.9235915778
        3.6400139000         4.3500000000         2.1188513466         2.7609832170        20.3890028474
        3.6450359000         4.3500000000         2.1086420392         2.8298839084        20.1230535504
        3.6500126000         4.3500000000         2.1162990198         2.9140958646        20.3225155231
        3.6550160000         4.3500000000         2.1009850586         2.9778928011        19.9235915778
        3.6600155000         4.3500000000         2.1009850586         3.0595528797        19.9235915778
        3.6650031000         4.3500000000         2.1111943660         3.1437648359        20.1895408747
        3.6700117000         4.3500000000         2.1035373855         3.2126655273        19.9900789020
        3.6750096000         4.3500000000         2.1137466929         3.2994293609        20.2560281989
        3.6800064000         4.3500000000         2.1086420392         3.3810894396        20.1230535504
        3.6852360000         4.3500000000         2.1214036735         3.4550938859        20.4554901716
        3.6900060000         4.3500000000         2.0984327318         3.5239945773        19.8571042535
        3.6950113000         4.3500000000         2.1162990198         3.6082065334        20.3225155231
        3.7000086000         4.3500000000         2.1009850586         3.6898666121        19.9235915778
        3.7050086000         4.3500000000         2.1060897123         3.7638710584        20.0565662262
        3.7100087000         4.3500000000         2.1111943660         3.8404273822        20.1895408747
        3.7150158000         4.3500000000         2.1035373855         3.9144318285        19.9900789020
        3.7200087000         4.3500000000         2.1214036735         3.9935400297        20.4554901716
        3.7250071000         4.3500000000         2.0984327318         4.0700963535        19.8571042535
        3.7300088000         4.3500000000         2.1137466929         4.1543083097        20.2560281989
        3.7352376000         4.3500000000         2.1035373855         4.2308646334        19.9900789020
        3.7400059000         4.3500000000         2.1035373855         4.3048690797        19.9900789020
        3.7450085000         4.3500000000         2.1111943660         4.3839772810        20.1895408747
        3.7500077000         4.3500000000         2.1035373855         4.4630854822        19.9900789020
        3.7550087000         4.3500000000         2.1009850586         4.5396418060        19.9235915778
        3.7600085000         4.3500000000         2.1060897123         4.6289575170        20.0565662262
        3.7650277000         4.3500000000         2.1111943660         4.7106175957        20.1895408747
        3.7700044000         4.3500000000         2.1086420392         4.7820701646        20.1230535504
        3.7750040000         4.3500000000         2.0856710975         4.8637302433        19.5246676324
        3.7800087000         4.3500000000         2.1060897123         4.9453903219        20.0565662262
        3.7850054000         4.3500000000         2.0984327318         5.0066353810        19.8571042535
        3.7900065000         4.3500000000         2.0958804049         5.0066353810        19.7906169293
        3.7952117000         4.3500000000         2.1111943660         1.1073666236        20.1895408747
        3.8000088000         4.3500000000         2.0933280780        -0.0052519485        19.7241296051
        3.8050085000         4.3500000000         2.1111943660         0.0304743359        20.1895408747
        3.8100207000         4.3500000000         2.1086420392         0.1070306597        20.1230535504
        3.8150082000         4.3500000000         2.0958804049         0.1810351060        19.7906169293
        3.8200048000         4.3500000000         2.0984327318         0.2626951847        19.8571042535
        3.8250083000         4.3500000000         2.1035373855         0.3418033859        19.9900789020
        3.8300080000         4.3500000000         2.0958804049         0.4260153420        19.7906169293
        3.8350080000         4.3500000000         2.0933280780         0.4949160334        19.7241296051
        3.8400050000         4.3500000000         2.0958804049         0.5765761121        19.7906169293
        3.8450084000         4.3500000000         2.0958804049         0.6531324359        19.7906169293
        3.8500064000         4.3500000000         2.0984327318         0.7296887597        19.8571042535
        3.8550081000         4.3500000000         2.1009850586         0.8011413285        19.9235915778
        3.8600059000         4.3500000000         2.0958804049         0.8930089170        19.7906169293
        3.8650082000         4.3500000000         2.1009850586         0.9619096084        19.9235915778
        3.8700059000         4.3500000000         2.1035373855         1.0410178097        19.9900789020
        3.8750156000         4.3500000000         2.1035373855         1.1150222560        19.9900789020
        3.8800109000         4.3500000000         2.0958804049         1.1941304572        19.7906169293
        3.8850172000         4.3500000000         2.0907757512         1.2681349035        19.6576422809
        3.8900063000         4.3500000000         2.1009850586         1.3370355949        19.9235915778
        3.8950048000         4.3500000000         2.1086420392         1.4263513060        20.1230535504
        3.9000136000         4.3500000000         2.1009850586         1.5029076297        19.9235915778
        3.9050173000         4.3500000000         2.0933280780         1.5641526888        19.7241296051
        3.9100101000         4.3500000000         2.0984327318         1.6407090125        19.8571042535
        3.9150170000         4.3500000000         2.1060897123         1.7198172138        20.0565662262
        3.9200079000         4.3500000000         2.1060897123         1.8014772924        20.0565662262
        3.9250041000         4.3500000000         2.1035373855         1.8729298613        19.9900789020
        3.9300039000         4.3500000000         2.0958804049         1.9469343076        19.7906169293
        3.9350205000         4.3500000000         2.1009850586         2.0234906314        19.9235915778
        3.9400061000         4.3500000000         2.1009850586         2.0949432002        19.9235915778
        3.9450181000         4.3500000000         2.0984327318         2.1766032789        19.8571042535
        3.9500078000         4.3500000000         2.1086420392         2.2531596027        20.1230535504
        3.9550039000         4.3500000000         2.0907757512         2.3246121715        19.6576422809
        3.9600072000         4.3500000000         2.1009850586         2.4139278826        19.9235915778
        3.9650168000         4.3500000000         2.1086420392         2.4853804515        20.1230535504
        3.9700097000         4.3500000000         2.1188513466         2.5542811429        20.3890028474
        3.9750172000         4.3500000000         2.0984327318         2.6384930990        19.8571042535
        3.9800088000         4.3500000000         2.1009850586         2.7124975453        19.9235915778
        3.9850129000         4.3500000000         2.1111943660         2.7890538691        20.1895408747
        3.9900087000         4.3500000000         2.1009850586         2.8656101929        19.9235915778
        3.9950084000         4.3500000000         2.1111943660         2.9447183941        20.1895408747
