% Sweep Step 45/200  Vcmd=2.7300V  CW
% Vg_offset=1.338056V  K_gimbal=26.049690

Time[s]              Vcmd[V]              Vg_raw[V]            Pot[V]               Omega[rad/s]
        0.0004895000         2.7300000000         1.3378393285         0.0024036839        -0.0056514226
        0.0055966000         2.7300000000         1.3378393285         0.0024036839        -0.0056514226
        0.0108720000         2.7300000000         1.3301823480        -0.0001481936        -0.2051133952
        0.0157743000         2.7300000000         1.3378393285        -0.0001481936        -0.0056514226
        0.0205015000         2.7300000000         1.3327346748        -0.0052519485        -0.1386260710
        0.0255801000         2.7300000000         1.3403916554        -0.0001481936         0.0608359017
        0.0305888000         2.7300000000         1.3352870017        -0.0052519485        -0.0721387468
        0.0355903000         2.7300000000         1.3327346748        -0.0027000711        -0.1386260710
        0.0407024000         2.7300000000         1.3378393285         0.0024036839        -0.0056514226
        0.0456014000         2.7300000000         1.3454963091         0.0075074388         0.1938105501
        0.0505855000         2.7300000000         1.3608102703         0.0075074388         0.5927344955
        0.0556142000         2.7300000000         1.3659149240         0.0024036839         0.7257091439
        0.0605434000         2.7300000000         1.3659149240         0.0024036839         0.7257091439
        0.0654994000         2.7300000000         1.3557056165        -0.0052519485         0.4597598470
        0.0705463000         2.7300000000         1.3735719045         0.0049555613         0.9251711166
        0.0755939000         2.7300000000         1.3684672508        -0.0001481936         0.7921964682
        0.0805497000         2.7300000000         1.3633625971        -0.0027000711         0.6592218197
        0.0854635000         2.7300000000         1.3608102703        -0.0027000711         0.5927344955
        0.0905389000         2.7300000000         1.3659149240        -0.0001481936         0.7257091439
        0.0956867000         2.7300000000         1.3557056165        -0.0052519485         0.4597598470
        0.1005657000         2.7300000000         1.3608102703         0.0024036839         0.5927344955
        0.1056026000         2.7300000000         1.3582579434        -0.0001481936         0.5262471713
        0.1104948000         2.7300000000         1.3531532897        -0.0052519485         0.3932725228
        0.1154674000         2.7300000000         1.3608102703         0.0075074388         0.5927344955
        0.1206092000         2.7300000000         1.3582579434         0.0049555613         0.5262471713
        0.1254237000         2.7300000000         1.3506009628         0.0024036839         0.3267851986
        0.1304298000         2.7300000000         1.3557056165         0.0075074388         0.4597598470
        0.1354611000         2.7300000000         1.3454963091        -0.0001481936         0.1938105501
        0.1405292000         2.7300000000         1.3506009628         0.0075074388         0.3267851986
        0.1455813000         2.7300000000         1.3454963091         0.0024036839         0.1938105501
        0.1503885000         2.7300000000         1.3378393285        -0.0052519485        -0.0056514226
        0.1553808000         2.7300000000         1.3378393285        -0.0052519485        -0.0056514226
        0.1604029000         2.7300000000         1.3403916554        -0.0001481936         0.0608359017
        0.1653844000         2.7300000000         1.3403916554         0.0024036839         0.0608359017
        0.1704276000         2.7300000000         1.3403916554         0.0024036839         0.0608359017
        0.1754446000         2.7300000000         1.3403916554         0.0024036839         0.0608359017
        0.1804178000         2.7300000000         1.3454963091         0.0049555613         0.1938105501
        0.1854446000         2.7300000000         1.3403916554        -0.0001481936         0.0608359017
        0.1904143000         2.7300000000         1.3454963091         0.0126111937         0.1938105501
        0.1954147000         2.7300000000         1.3429439823        -0.0001481936         0.1273232259
        0.2004791000         2.7300000000         1.3403916554        -0.0001481936         0.0608359017
        0.2053858000         2.7300000000         1.3327346748        -0.0052519485        -0.1386260710
        0.2104913000         2.7300000000         1.3378393285        -0.0001481936        -0.0056514226
        0.2154292000         2.7300000000         1.3301823480        -0.0027000711        -0.2051133952
        0.2205516000         2.7300000000         1.3454963091         0.0100593162         0.1938105501
        0.2254249000         2.7300000000         1.3454963091         0.0075074388         0.1938105501
        0.2305552000         2.7300000000         1.3301823480        -0.0027000711        -0.2051133952
        0.2354125000         2.7300000000         1.3429439823         0.0075074388         0.1273232259
        0.2404042000         2.7300000000         1.3454963091         0.0075074388         0.1938105501
        0.2453927000         2.7300000000         1.3378393285         0.0024036839        -0.0056514226
        0.2504106000         2.7300000000         1.3403916554         0.0024036839         0.0608359017
        0.2553863000         2.7300000000         1.3301823480        -0.0052519485        -0.2051133952
        0.2604593000         2.7300000000         1.3378393285        -0.0001481936        -0.0056514226
        0.2654088000         2.7300000000         1.3429439823         0.0075074388         0.1273232259
        0.2704601000         2.7300000000         1.3429439823        -0.0001481936         0.1273232259
        0.2753891000         2.7300000000         1.3403916554        -0.0001481936         0.0608359017
        0.2804775000         2.7300000000         1.3429439823         0.0024036839         0.1273232259
        0.2854945000         2.7300000000         1.3454963091         0.0075074388         0.1938105501
        0.2905231000         2.7300000000         1.3454963091         0.0075074388         0.1938105501
        0.2956638000         2.7300000000         1.3454963091         0.0049555613         0.1938105501
        0.3004614000         2.7300000000         1.3403916554         0.0024036839         0.0608359017
        0.3054520000         2.7300000000         1.3403916554         0.0024036839         0.0608359017
        0.3104633000         2.7300000000         1.3352870017        -0.0027000711        -0.0721387468
        0.3154167000         2.7300000000         1.3403916554         0.0024036839         0.0608359017
        0.3204254000         2.7300000000         1.3403916554         0.0024036839         0.0608359017
        0.3254146000         2.7300000000         1.3429439823         0.0024036839         0.1273232259
        0.3304624000         2.7300000000         1.3454963091        -0.0001481936         0.1938105501
        0.3354221000         2.7300000000         1.3506009628         0.0075074388         0.3267851986
        0.3404550000         2.7300000000         1.3429439823        -0.0001481936         0.1273232259
        0.3454318000         2.7300000000         1.3506009628         0.0075074388         0.3267851986
        0.3504149000         2.7300000000         1.3429439823         0.0024036839         0.1273232259
        0.3554151000         2.7300000000         1.3429439823         0.0024036839         0.1273232259
        0.3604126000         2.7300000000         1.3454963091         0.0024036839         0.1938105501
        0.3654209000         2.7300000000         1.3403916554        -0.0052519485         0.0608359017
        0.3704245000         2.7300000000         1.3531532897         0.0075074388         0.3932725228
        0.3754684000         2.7300000000         1.3454963091         0.0049555613         0.1938105501
        0.3805539000         2.7300000000         1.3454963091         0.0049555613         0.1938105501
        0.3854262000         2.7300000000         1.3557056165         0.0075074388         0.4597598470
        0.3904613000         2.7300000000         1.3557056165         0.0075074388         0.4597598470
        0.3955689000         2.7300000000         1.3403916554        -0.0052519485         0.0608359017
        0.4003881000         2.7300000000         1.3429439823        -0.0052519485         0.1273232259
        0.4054223000         2.7300000000         1.3506009628         0.0024036839         0.3267851986
        0.4104493000         2.7300000000         1.3531532897         0.0024036839         0.3932725228
        0.4154493000         2.7300000000         1.3582579434         0.0075074388         0.5262471713
        0.4203814000         2.7300000000         1.3557056165         0.0100593162         0.4597598470
        0.4254837000         2.7300000000         1.3454963091        -0.0027000711         0.1938105501
        0.4304335000         2.7300000000         1.3506009628         0.0049555613         0.3267851986
        0.4354381000         2.7300000000         1.3557056165         0.0151630711         0.4597598470
        0.4404188000         2.7300000000         1.3608102703         0.0126111937         0.5927344955
        0.4454581000         2.7300000000         1.3608102703         0.0151630711         0.5927344955
        0.4503832000         2.7300000000         1.3557056165         0.0151630711         0.4597598470
        0.4554655000         2.7300000000         1.3582579434         0.0151630711         0.5262471713
        0.4603909000         2.7300000000         1.3480486360         0.0075074388         0.2602978743
        0.4654104000         2.7300000000         1.3582579434         0.0177149486         0.5262471713
        0.4704620000         2.7300000000         1.3480486360         0.0126111937         0.2602978743
        0.4754221000         2.7300000000         1.3506009628         0.0151630711         0.3267851986
        0.4803888000         2.7300000000         1.3557056165         0.0228187035         0.4597598470
        0.4854770000         2.7300000000         1.3582579434         0.0228187035         0.5262471713
        0.4903884000         2.7300000000         1.3659149240         0.0304743359         0.7257091439
        0.4954123000         2.7300000000         1.3608102703         0.0304743359         0.5927344955
        0.5004264000         2.7300000000         1.3557056165         0.0253705810         0.4597598470
        0.5054780000         2.7300000000         1.3506009628         0.0228187035         0.3267851986
        0.5103922000         2.7300000000         1.3633625971         0.0355780908         0.6592218197
        0.5154102000         2.7300000000         1.3633625971         0.0381299683         0.6592218197
        0.5203859000         2.7300000000         1.3557056165         0.0330262134         0.4597598470
        0.5254497000         2.7300000000         1.3506009628         0.0330262134         0.3267851986
        0.5304660000         2.7300000000         1.3531532897         0.0355780908         0.3932725228
        0.5354140000         2.7300000000         1.3531532897         0.0406818457         0.3932725228
        0.5404180000         2.7300000000         1.3557056165         0.0457856007         0.4597598470
        0.5454407000         2.7300000000         1.3506009628         0.0457856007         0.3267851986
        0.5504186000         2.7300000000         1.3608102703         0.0534412330         0.5927344955
        0.5554643000         2.7300000000         1.3557056165         0.0457856007         0.4597598470
        0.5604169000         2.7300000000         1.3480486360         0.0432337232         0.2602978743
        0.5654134000         2.7300000000         1.3531532897         0.0457856007         0.3932725228
        0.5703925000         2.7300000000         1.3531532897         0.0508893556         0.3932725228
        0.5754648000         2.7300000000         1.3454963091         0.0457856007         0.1938105501
        0.5804223000         2.7300000000         1.3454963091         0.0457856007         0.1938105501
        0.5853840000         2.7300000000         1.3608102703         0.0534412330         0.5927344955
        0.5904205000         2.7300000000         1.3557056165         0.0662006203         0.4597598470
        0.5955014000         2.7300000000         1.3454963091         0.0534412330         0.1938105501
        0.6004028000         2.7300000000         1.3506009628         0.0662006203         0.3267851986
        0.6058076000         2.7300000000         1.3480486360         0.0585449879         0.2602978743
        0.6104799000         2.7300000000         1.3454963091         0.0636487429         0.1938105501
        0.6153989000         2.7300000000         1.3531532897         0.0713043752         0.3932725228
        0.6203898000         2.7300000000         1.3454963091         0.0713043752         0.1938105501
        0.6254117000         2.7300000000         1.3480486360         0.0662006203         0.2602978743
        0.6304158000         2.7300000000         1.3531532897         0.0764081302         0.3932725228
        0.6354276000         2.7300000000         1.3454963091         0.0687524978         0.1938105501
        0.6404117000         2.7300000000         1.3480486360         0.0687524978         0.2602978743
        0.6454346000         2.7300000000         1.3454963091         0.0713043752         0.1938105501
        0.6504117000         2.7300000000         1.3454963091         0.0738562527         0.1938105501
        0.6554252000         2.7300000000         1.3480486360         0.0764081302         0.2602978743
        0.6603958000         2.7300000000         1.3531532897         0.0815118851         0.3932725228
        0.6653856000         2.7300000000         1.3506009628         0.0815118851         0.3267851986
        0.6703957000         2.7300000000         1.3454963091         0.0764081302         0.1938105501
        0.6753822000         2.7300000000         1.3454963091         0.0738562527         0.1938105501
        0.6804050000         2.7300000000         1.3378393285         0.0713043752        -0.0056514226
        0.6854257000         2.7300000000         1.3454963091         0.0764081302         0.1938105501
        0.6904910000         2.7300000000         1.3454963091         0.0789600076         0.1938105501
        0.6953916000         2.7300000000         1.3506009628         0.0840637625         0.3267851986
        0.7003973000         2.7300000000         1.3506009628         0.0866156400         0.3267851986
        0.7053871000         2.7300000000         1.3429439823         0.0815118851         0.1273232259
        0.7104084000         2.7300000000         1.3429439823         0.0815118851         0.1273232259
        0.7154208000         2.7300000000         1.3429439823         0.0789600076         0.1273232259
        0.7205680000         2.7300000000         1.3608102703         0.0866156400         0.5927344955
        0.7254381000         2.7300000000         1.3378393285         0.0764081302        -0.0056514226
        0.7305995000         2.7300000000         1.3480486360         0.0891675175         0.2602978743
        0.7354015000         2.7300000000         1.3327346748         0.0789600076        -0.1386260710
        0.7404085000         2.7300000000         1.3327346748         0.0789600076        -0.1386260710
        0.7454057000         2.7300000000         1.3352870017         0.0789600076        -0.0721387468
        0.7507673000         2.7300000000         1.3403916554         0.0840637625         0.0608359017
        0.7554316000         2.7300000000         1.3454963091         0.0917193949         0.1938105501
        0.7605313000         2.7300000000         1.3403916554         0.0866156400         0.0608359017
        0.7654696000         2.7300000000         1.3454963091         0.0917193949         0.1938105501
        0.7703889000         2.7300000000         1.3378393285         0.0866156400        -0.0056514226
        0.7755870000         2.7300000000         1.3429439823         0.0866156400         0.1273232259
        0.7804500000         2.7300000000         1.3454963091         0.0942712724         0.1938105501
        0.7855208000         2.7300000000         1.3454963091         0.0942712724         0.1938105501
        0.7906529000         2.7300000000         1.3403916554         0.0891675175         0.0608359017
        0.7954601000         2.7300000000         1.3429439823         0.0866156400         0.1273232259
        0.8004365000         2.7300000000         1.3429439823         0.0968231498         0.1273232259
        0.8057118000         2.7300000000         1.3403916554         0.0891675175         0.0608359017
        0.8104957000         2.7300000000         1.3378393285         0.0866156400        -0.0056514226
        0.8155419000         2.7300000000         1.3301823480         0.0840637625        -0.2051133952
        0.8205070000         2.7300000000         1.3378393285         0.0891675175        -0.0056514226
        0.8255657000         2.7300000000         1.3454963091         0.0968231498         0.1938105501
        0.8305923000         2.7300000000         1.3454963091         0.0968231498         0.1938105501
        0.8355701000         2.7300000000         1.3378393285         0.0917193949        -0.0056514226
        0.8404959000         2.7300000000         1.3403916554         0.0917193949         0.0608359017
        0.8456630000         2.7300000000         1.3403916554         0.0917193949         0.0608359017
        0.8506458000         2.7300000000         1.3378393285         0.0917193949        -0.0056514226
        0.8555634000         2.7300000000         1.3429439823         0.0968231498         0.1273232259
        0.8604591000         2.7300000000         1.3429439823         0.0993750273         0.1273232259
        0.8655878000         2.7300000000         1.3378393285         0.0891675175        -0.0056514226
        0.8705776000         2.7300000000         1.3429439823         0.0968231498         0.1273232259
        0.8756906000         2.7300000000         1.3378393285         0.0917193949        -0.0056514226
        0.8805765000         2.7300000000         1.3582579434         0.0968231498         0.5262471713
        0.8855618000         2.7300000000         1.3429439823         0.0968231498         0.1273232259
        0.8905766000         2.7300000000         1.3378393285         0.0942712724        -0.0056514226
        0.8955735000         2.7300000000         1.3378393285         0.0917193949        -0.0056514226
        0.9005653000         2.7300000000         1.3378393285         0.0917193949        -0.0056514226
        0.9053995000         2.7300000000         1.3378393285         0.0917193949        -0.0056514226
        0.9103970000         2.7300000000         1.3454963091         0.0968231498         0.1938105501
        0.9153844000         2.7300000000         1.3378393285         0.0917193949        -0.0056514226
        0.9204106000         2.7300000000         1.3454963091         0.0968231498         0.1938105501
        0.9254362000         2.7300000000         1.3378393285         0.0942712724        -0.0056514226
        0.9305058000         2.7300000000         1.3454963091         0.0968231498         0.1938105501
        0.9356929000         2.7300000000         1.3480486360         0.0968231498         0.2602978743
        0.9405196000         2.7300000000         1.3429439823         0.0968231498         0.1273232259
        0.9454144000         2.7300000000         1.3454963091         0.0968231498         0.1938105501
        0.9504357000         2.7300000000         1.3454963091         0.0968231498         0.1938105501
        0.9553961000         2.7300000000         1.3403916554         0.0917193949         0.0608359017
        0.9603886000         2.7300000000         1.3352870017         0.0917193949        -0.0721387468
        0.9654760000         2.7300000000         1.3429439823         0.0968231498         0.1273232259
        0.9704202000         2.7300000000         1.3454963091         0.0968231498         0.1938105501
        0.9754170000         2.7300000000         1.3352870017         0.0917193949        -0.0721387468
        0.9804016000         2.7300000000         1.3301823480         0.0866156400        -0.2051133952
        0.9854746000         2.7300000000         1.3352870017         0.0917193949        -0.0721387468
        0.9904348000         2.7300000000         1.3429439823         0.0917193949         0.1273232259
        0.9953932000         2.7300000000         1.3429439823         0.0993750273         0.1273232259
        1.0004148000         2.7300000000         1.3429439823         0.0968231498         0.1273232259
        1.0055219000         2.7300000000         1.3301823480         0.0866156400        -0.2051133952
        1.0104125000         2.7300000000         1.3327346748         0.0866156400        -0.1386260710
        1.0154576000         2.7300000000         1.3378393285         0.0917193949        -0.0056514226
        1.0204514000         2.7300000000         1.3352870017         0.0917193949        -0.0721387468
        1.0255040000         2.7300000000         1.3352870017         0.0917193949        -0.0721387468
        1.0303879000         2.7300000000         1.3378393285         0.0891675175        -0.0056514226
        1.0353988000         2.7300000000         1.3378393285         0.0917193949        -0.0056514226
        1.0403970000         2.7300000000         1.3301823480         0.0866156400        -0.2051133952
        1.0453855000         2.7300000000         1.3301823480         0.0866156400        -0.2051133952
        1.0504117000         2.7300000000         1.3352870017         0.0917193949        -0.0721387468
        1.0554314000         2.7300000000         1.3378393285         0.0917193949        -0.0056514226
        1.0604978000         2.7300000000         1.3378393285         0.0917193949        -0.0056514226
        1.0654173000         2.7300000000         1.3506009628         0.0917193949         0.3267851986
        1.0704267000         2.7300000000         1.3327346748         0.0840637625        -0.1386260710
        1.0754177000         2.7300000000         1.3327346748         0.0840637625        -0.1386260710
        1.0804122000         2.7300000000         1.3352870017         0.0917193949        -0.0721387468
        1.0854232000         2.7300000000         1.3378393285         0.0917193949        -0.0056514226
        1.0903952000         2.7300000000         1.3429439823         0.0968231498         0.1273232259
        1.0954187000         2.7300000000         1.3378393285         0.0942712724        -0.0056514226
        1.1004268000         2.7300000000         1.3429439823         0.0968231498         0.1273232259
        1.1054178000         2.7300000000         1.3429439823         0.0993750273         0.1273232259
        1.1104190000         2.7300000000         1.3454963091         0.0968231498         0.1938105501
        1.1153915000         2.7300000000         1.3352870017         0.0917193949        -0.0721387468
        1.1204707000         2.7300000000         1.3429439823         0.0993750273         0.1273232259
        1.1254188000         2.7300000000         1.3429439823         0.0917193949         0.1273232259
        1.1304186000         2.7300000000         1.3429439823         0.0968231498         0.1273232259
        1.1353910000         2.7300000000         1.3506009628         0.0942712724         0.3267851986
        1.1404721000         2.7300000000         1.3352870017         0.0917193949        -0.0721387468
        1.1455688000         2.7300000000         1.3378393285         0.0917193949        -0.0056514226
        1.1503929000         2.7300000000         1.3327346748         0.0866156400        -0.1386260710
        1.1554157000         2.7300000000         1.3378393285         0.0891675175        -0.0056514226
        1.1603984000         2.7300000000         1.3403916554         0.0917193949         0.0608359017
        1.1654130000         2.7300000000         1.3378393285         0.0942712724        -0.0056514226
        1.1704214000         2.7300000000         1.3301823480         0.0866156400        -0.2051133952
        1.1753872000         2.7300000000         1.3378393285         0.0942712724        -0.0056514226
        1.1804031000         2.7300000000         1.3327346748         0.0866156400        -0.1386260710
        1.1854285000         2.7300000000         1.3352870017         0.0917193949        -0.0721387468
        1.1903951000         2.7300000000         1.3378393285         0.0891675175        -0.0056514226
        1.1954178000         2.7300000000         1.3506009628         0.0993750273         0.3267851986
        1.2004124000         2.7300000000         1.3352870017         0.0917193949        -0.0721387468
        1.2054141000         2.7300000000         1.3429439823         0.0968231498         0.1273232259
        1.2103976000         2.7300000000         1.3429439823         0.0968231498         0.1273232259
        1.2154250000         2.7300000000         1.3301823480         0.0866156400        -0.2051133952
        1.2204904000         2.7300000000         1.3352870017         0.0917193949        -0.0721387468
        1.2255343000         2.7300000000         1.3327346748         0.0866156400        -0.1386260710
        1.2304410000         2.7300000000         1.3429439823         0.0968231498         0.1273232259
        1.2354317000         2.7300000000         1.3301823480         0.0866156400        -0.2051133952
        1.2404228000         2.7300000000         1.3403916554         0.0917193949         0.0608359017
        1.2454592000         2.7300000000         1.3378393285         0.0917193949        -0.0056514226
        1.2505016000         2.7300000000         1.3301823480         0.0866156400        -0.2051133952
        1.2553890000         2.7300000000         1.3327346748         0.0866156400        -0.1386260710
        1.2607015000         2.7300000000         1.3301823480         0.0866156400        -0.2051133952
        1.2654516000         2.7300000000         1.3378393285         0.0891675175        -0.0056514226
        1.2705146000         2.7300000000         1.3301823480         0.0917193949        -0.2051133952
        1.2754337000         2.7300000000         1.3378393285         0.0917193949        -0.0056514226
        1.2804957000         2.7300000000         1.3378393285         0.0917193949        -0.0056514226
        1.2855786000         2.7300000000         1.3429439823         0.0993750273         0.1273232259
        1.2904252000         2.7300000000         1.3352870017         0.0917193949        -0.0721387468
        1.2955569000         2.7300000000         1.3352870017         0.0891675175        -0.0721387468
        1.3004264000         2.7300000000         1.3403916554         0.0917193949         0.0608359017
        1.3053962000         2.7300000000         1.3378393285         0.0917193949        -0.0056514226
        1.3104312000         2.7300000000         1.3429439823         0.0917193949         0.1273232259
        1.3153906000         2.7300000000         1.3327346748         0.0866156400        -0.1386260710
        1.3204479000         2.7300000000         1.3327346748         0.0840637625        -0.1386260710
        1.3254707000         2.7300000000         1.3327346748         0.0866156400        -0.1386260710
        1.3304572000         2.7300000000         1.3378393285         0.0917193949        -0.0056514226
        1.3353892000         2.7300000000         1.3352870017         0.0917193949        -0.0721387468
        1.3404133000         2.7300000000         1.3429439823         0.0993750273         0.1273232259
        1.3454340000         2.7300000000         1.3429439823         0.0968231498         0.1273232259
        1.3503957000         2.7300000000         1.3454963091         0.0993750273         0.1938105501
        1.3554204000         2.7300000000         1.3429439823         0.0993750273         0.1273232259
        1.3603992000         2.7300000000         1.3378393285         0.0917193949        -0.0056514226
        1.3654437000         2.7300000000         1.3429439823         0.0993750273         0.1273232259
        1.3704086000         2.7300000000         1.3378393285         0.0891675175        -0.0056514226
        1.3754593000         2.7300000000         1.3327346748         0.0866156400        -0.1386260710
        1.3804254000         2.7300000000         1.3378393285         0.0917193949        -0.0056514226
        1.3856027000         2.7300000000         1.3429439823         0.0968231498         0.1273232259
        1.3905207000         2.7300000000         1.3352870017         0.0917193949        -0.0721387468
        1.3954730000         2.7300000000         1.3403916554         0.0968231498         0.0608359017
        1.4004185000         2.7300000000         1.3429439823         0.0993750273         0.1273232259
        1.4054277000         2.7300000000         1.3378393285         0.0891675175        -0.0056514226
        1.4103846000         2.7300000000         1.3378393285         0.0917193949        -0.0056514226
        1.4155727000         2.7300000000         1.3352870017         0.0942712724        -0.0721387468
        1.4204908000         2.7300000000         1.3327346748         0.0840637625        -0.1386260710
        1.4254175000         2.7300000000         1.3301823480         0.0840637625        -0.2051133952
        1.4303939000         2.7300000000         1.3352870017         0.0917193949        -0.0721387468
        1.4353882000         2.7300000000         1.3378393285         0.0942712724        -0.0056514226
        1.4404161000         2.7300000000         1.3454963091         0.0993750273         0.1938105501
        1.4454274000         2.7300000000         1.3429439823         0.0968231498         0.1273232259
        1.4504160000         2.7300000000         1.3378393285         0.0917193949        -0.0056514226
        1.4554229000         2.7300000000         1.3429439823         0.0968231498         0.1273232259
        1.4603855000         2.7300000000         1.3429439823         0.0968231498         0.1273232259
        1.4654112000         2.7300000000         1.3352870017         0.0891675175        -0.0721387468
        1.4704436000         2.7300000000         1.3301823480         0.0866156400        -0.2051133952
        1.4755044000         2.7300000000         1.3327346748         0.0866156400        -0.1386260710
        1.4804104000         2.7300000000         1.3378393285         0.0942712724        -0.0056514226
        1.4855299000         2.7300000000         1.3327346748         0.0866156400        -0.1386260710
        1.4904913000         2.7300000000         1.3378393285         0.0942712724        -0.0056514226
        1.4954193000         2.7300000000         1.3301823480         0.0866156400        -0.2051133952
        1.5004487000         2.7300000000         1.3301823480         0.0866156400        -0.2051133952
        1.5054000000         2.7300000000         1.3378393285         0.0917193949        -0.0056514226
        1.5105464000         2.7300000000         1.3429439823         0.0993750273         0.1273232259
        1.5153964000         2.7300000000         1.3352870017         0.0866156400        -0.0721387468
        1.5203884000         2.7300000000         1.3429439823         0.0866156400         0.1273232259
        1.5253857000         2.7300000000         1.3352870017         0.0917193949        -0.0721387468
        1.5304269000         2.7300000000         1.3378393285         0.0917193949        -0.0056514226
        1.5354938000         2.7300000000         1.3301823480         0.0866156400        -0.2051133952
        1.5404903000         2.7300000000         1.3352870017         0.0917193949        -0.0721387468
        1.5454596000         2.7300000000         1.3327346748         0.0840637625        -0.1386260710
        1.5503984000         2.7300000000         1.3378393285         0.0917193949        -0.0056514226
        1.5554226000         2.7300000000         1.3301823480         0.0866156400        -0.2051133952
        1.5605983000         2.7300000000         1.3352870017         0.0917193949        -0.0721387468
        1.5654610000         2.7300000000         1.3327346748         0.0866156400        -0.1386260710
        1.5703893000         2.7300000000         1.3352870017         0.0917193949        -0.0721387468
        1.5754158000         2.7300000000         1.3378393285         0.0993750273        -0.0056514226
        1.5804151000         2.7300000000         1.3378393285         0.0917193949        -0.0056514226
        1.5853893000         2.7300000000         1.3403916554         0.0968231498         0.0608359017
        1.5904265000         2.7300000000         1.3454963091         0.0968231498         0.1938105501
        1.5953857000         2.7300000000         1.3378393285         0.0917193949        -0.0056514226
        1.6004605000         2.7300000000         1.3454963091         0.0993750273         0.1938105501
        1.6054483000         2.7300000000         1.3378393285         0.0942712724        -0.0056514226
        1.6103871000         2.7300000000         1.3327346748         0.0866156400        -0.1386260710
        1.6154179000         2.7300000000         1.3301823480         0.0866156400        -0.2051133952
        1.6205076000         2.7300000000         1.3301823480         0.0866156400        -0.2051133952
        1.6255005000         2.7300000000         1.3378393285         0.0942712724        -0.0056514226
        1.6304142000         2.7300000000         1.3403916554         0.0968231498         0.0608359017
        1.6354572000         2.7300000000         1.3429439823         0.0993750273         0.1273232259
        1.6404144000         2.7300000000         1.3352870017         0.0917193949        -0.0721387468
        1.6453972000         2.7300000000         1.3352870017         0.0891675175        -0.0721387468
        1.6503932000         2.7300000000         1.3327346748         0.0866156400        -0.1386260710
        1.6554247000         2.7300000000         1.3327346748         0.0866156400        -0.1386260710
        1.6604121000         2.7300000000         1.3429439823         0.0993750273         0.1273232259
        1.6654531000         2.7300000000         1.3403916554         0.0917193949         0.0608359017
        1.6705736000         2.7300000000         1.3352870017         0.0942712724        -0.0721387468
        1.6753925000         2.7300000000         1.3352870017         0.0942712724        -0.0721387468
        1.6804269000         2.7300000000         1.3429439823         0.0968231498         0.1273232259
        1.6853979000         2.7300000000         1.3327346748         0.0866156400        -0.1386260710
        1.6904157000         2.7300000000         1.3327346748         0.0840637625        -0.1386260710
        1.6953975000         2.7300000000         1.3327346748         0.0866156400        -0.1386260710
        1.7004317000         2.7300000000         1.3352870017         0.0917193949        -0.0721387468
        1.7053816000         2.7300000000         1.3429439823         0.0993750273         0.1273232259
        1.7104623000         2.7300000000         1.3378393285         0.0917193949        -0.0056514226
        1.7154226000         2.7300000000         1.3429439823         0.0968231498         0.1273232259
        1.7204692000         2.7300000000         1.3403916554         0.0968231498         0.0608359017
        1.7253852000         2.7300000000         1.3352870017         0.0968231498        -0.0721387468
        1.7305713000         2.7300000000         1.3378393285         0.0942712724        -0.0056514226
        1.7354564000         2.7300000000         1.3403916554         0.0917193949         0.0608359017
        1.7404066000         2.7300000000         1.3352870017         0.0866156400        -0.0721387468
        1.7454761000         2.7300000000         1.3531532897         0.0942712724         0.3932725228
        1.7505790000         2.7300000000         1.3429439823         0.0968231498         0.1273232259
        1.7554250000         2.7300000000         1.3327346748         0.0891675175        -0.1386260710
        1.7604058000         2.7300000000         1.3327346748         0.0866156400        -0.1386260710
        1.7653945000         2.7300000000         1.3352870017         0.0917193949        -0.0721387468
        1.7704643000         2.7300000000         1.3301823480         0.0840637625        -0.2051133952
        1.7754152000         2.7300000000         1.3378393285         0.0942712724        -0.0056514226
        1.7806734000         2.7300000000         1.3378393285         0.0917193949        -0.0056514226
        1.7854785000         2.7300000000         1.3454963091         0.0968231498         0.1938105501
        1.7903975000         2.7300000000         1.3378393285         0.0917193949        -0.0056514226
        1.7954378000         2.7300000000         1.3429439823         0.0968231498         0.1273232259
        1.8007337000         2.7300000000         1.3352870017         0.0917193949        -0.0721387468
        1.8053976000         2.7300000000         1.3378393285         0.0917193949        -0.0056514226
        1.8103826000         2.7300000000         1.3429439823         0.0968231498         0.1273232259
        1.8154785000         2.7300000000         1.3301823480         0.0840637625        -0.2051133952
        1.8204650000         2.7300000000         1.3327346748         0.0866156400        -0.1386260710
        1.8254531000         2.7300000000         1.3378393285         0.0942712724        -0.0056514226
        1.8303860000         2.7300000000         1.3301823480         0.0866156400        -0.2051133952
        1.8354394000         2.7300000000         1.3403916554         0.0866156400         0.0608359017
        1.8404172000         2.7300000000         1.3352870017         0.0917193949        -0.0721387468
        1.8454135000         2.7300000000         1.3378393285         0.0917193949        -0.0056514226
        1.8504245000         2.7300000000         1.3403916554         0.0917193949         0.0608359017
        1.8554133000         2.7300000000         1.3352870017         0.0917193949        -0.0721387468
        1.8604164000         2.7300000000         1.3301823480         0.0891675175        -0.2051133952
        1.8654831000         2.7300000000         1.3301823480         0.0866156400        -0.2051133952
        1.8704773000         2.7300000000         1.3327346748         0.0866156400        -0.1386260710
        1.8753900000         2.7300000000         1.3378393285         0.0917193949        -0.0056514226
        1.8804394000         2.7300000000         1.3352870017         0.0917193949        -0.0721387468
        1.8854661000         2.7300000000         1.3352870017         0.0942712724        -0.0721387468
        1.8905366000         2.7300000000         1.3378393285         0.0917193949        -0.0056514226
        1.8953991000         2.7300000000         1.3352870017         0.0917193949        -0.0721387468
        1.9004454000         2.7300000000         1.3429439823         0.0968231498         0.1273232259
        1.9055102000         2.7300000000         1.3301823480         0.0866156400        -0.2051133952
        1.9103895000         2.7300000000         1.3378393285         0.0917193949        -0.0056514226
        1.9154658000         2.7300000000         1.3480486360         0.0968231498         0.2602978743
        1.9204252000         2.7300000000         1.3301823480         0.0866156400        -0.2051133952
        1.9254674000         2.7300000000         1.3352870017         0.0917193949        -0.0721387468
        1.9303879000         2.7300000000         1.3301823480         0.0866156400        -0.2051133952
        1.9354386000         2.7300000000         1.3327346748         0.0866156400        -0.1386260710
        1.9403846000         2.7300000000         1.3403916554         0.0917193949         0.0608359017
        1.9454160000         2.7300000000         1.3378393285         0.0917193949        -0.0056514226
        1.9503815000         2.7300000000         1.3429439823         0.0993750273         0.1273232259
        1.9554574000         2.7300000000         1.3301823480         0.0917193949        -0.2051133952
        1.9604365000         2.7300000000         1.3429439823         0.0968231498         0.1273232259
        1.9654554000         2.7300000000         1.3429439823         0.0968231498         0.1273232259
        1.9704528000         2.7300000000         1.3454963091         0.0968231498         0.1938105501
        1.9754214000         2.7300000000         1.3429439823         0.0993750273         0.1273232259
        1.9804201000         2.7300000000         1.3301823480         0.0866156400        -0.2051133952
        1.9854841000         2.7300000000         1.3352870017         0.0917193949        -0.0721387468
        1.9904832000         2.7300000000         1.3327346748         0.0866156400        -0.1386260710
        1.9954917000         2.7300000000         1.3378393285         0.0917193949        -0.0056514226
        2.0004263000         2.7300000000         1.3378393285         0.0917193949        -0.0056514226
        2.0053831000         2.7300000000         1.3378393285         0.0917193949        -0.0056514226
        2.0104234000         2.7300000000         1.3378393285         0.0942712724        -0.0056514226
        2.0154158000         2.7300000000         1.3301823480         0.0840637625        -0.2051133952
        2.0204964000         2.7300000000         1.3429439823         0.0993750273         0.1273232259
        2.0255353000         2.7300000000         1.3608102703         0.0993750273         0.5927344955
        2.0303966000         2.7300000000         1.3352870017         0.0917193949        -0.0721387468
        2.0353864000         2.7300000000         1.3301823480         0.0866156400        -0.2051133952
        2.0404336000         2.7300000000         1.3352870017         0.0917193949        -0.0721387468
        2.0454210000         2.7300000000         1.3352870017         0.0917193949        -0.0721387468
        2.0504595000         2.7300000000         1.3429439823         0.0968231498         0.1273232259
        2.0554200000         2.7300000000         1.3352870017         0.0917193949        -0.0721387468
        2.0604608000         2.7300000000         1.3327346748         0.0866156400        -0.1386260710
        2.0653868000         2.7300000000         1.3429439823         0.0968231498         0.1273232259
        2.0704296000         2.7300000000         1.3454963091         0.0968231498         0.1938105501
        2.0753814000         2.7300000000         1.3378393285         0.0917193949        -0.0056514226
        2.0804533000         2.7300000000         1.3429439823         0.0968231498         0.1273232259
        2.0854814000         2.7300000000         1.3378393285         0.0942712724        -0.0056514226
        2.0904673000         2.7300000000         1.3429439823         0.0942712724         0.1273232259
        2.0953911000         2.7300000000         1.3301823480         0.0840637625        -0.2051133952
        2.1003902000         2.7300000000         1.3327346748         0.0866156400        -0.1386260710
        2.1054315000         2.7300000000         1.3352870017         0.0942712724        -0.0721387468
        2.1104837000         2.7300000000         1.3327346748         0.0840637625        -0.1386260710
        2.1153882000         2.7300000000         1.3301823480         0.0866156400        -0.2051133952
        2.1205754000         2.7300000000         1.3429439823         0.0968231498         0.1273232259
        2.1253871000         2.7300000000         1.3378393285         0.0917193949        -0.0056514226
        2.1304763000         2.7300000000         1.3378393285         0.0917193949        -0.0056514226
        2.1353859000         2.7300000000         1.3352870017         0.0917193949        -0.0721387468
        2.1403901000         2.7300000000         1.3429439823         0.0993750273         0.1273232259
        2.1453824000         2.7300000000         1.3429439823         0.0968231498         0.1273232259
        2.1504157000         2.7300000000         1.3301823480         0.0866156400        -0.2051133952
        2.1554611000         2.7300000000         1.3352870017         0.0942712724        -0.0721387468
        2.1605118000         2.7300000000         1.3429439823         0.0968231498         0.1273232259
        2.1653934000         2.7300000000         1.3352870017         0.0917193949        -0.0721387468
        2.1705271000         2.7300000000         1.3327346748         0.0866156400        -0.1386260710
        2.1754358000         2.7300000000         1.3378393285         0.0917193949        -0.0056514226
        2.1804226000         2.7300000000         1.3352870017         0.0942712724        -0.0721387468
        2.1854630000         2.7300000000         1.3454963091         0.0993750273         0.1938105501
        2.1904098000         2.7300000000         1.3454963091         0.0993750273         0.1938105501
        2.1955456000         2.7300000000         1.3454963091         0.0968231498         0.1938105501
        2.2005038000         2.7300000000         1.3352870017         0.0917193949        -0.0721387468
        2.2054005000         2.7300000000         1.3378393285         0.0942712724        -0.0056514226
        2.2104013000         2.7300000000         1.3327346748         0.0866156400        -0.1386260710
        2.2154541000         2.7300000000         1.3352870017         0.0917193949        -0.0721387468
        2.2204594000         2.7300000000         1.3429439823         0.0993750273         0.1273232259
        2.2254337000         2.7300000000         1.3429439823         0.0942712724         0.1273232259
        2.2304654000         2.7300000000         1.3378393285         0.0917193949        -0.0056514226
        2.2355161000         2.7300000000         1.3378393285         0.0917193949        -0.0056514226
        2.2404526000         2.7300000000         1.3378393285         0.0942712724        -0.0056514226
        2.2454161000         2.7300000000         1.3327346748         0.0866156400        -0.1386260710
        2.2503903000         2.7300000000         1.3378393285         0.0917193949        -0.0056514226
        2.2555470000         2.7300000000         1.3480486360         0.0968231498         0.2602978743
        2.2604344000         2.7300000000         1.3429439823         0.0891675175         0.1273232259
        2.2655475000         2.7300000000         1.3327346748         0.0866156400        -0.1386260710
        2.2704224000         2.7300000000         1.3429439823         0.1019269048         0.1273232259
        2.2754201000         2.7300000000         1.3378393285         0.0917193949        -0.0056514226
        2.2804193000         2.7300000000         1.3378393285         0.0917193949        -0.0056514226
        2.2854157000         2.7300000000         1.3352870017         0.0942712724        -0.0721387468
        2.2904133000         2.7300000000         1.3403916554         0.0917193949         0.0608359017
        2.2953896000         2.7300000000         1.3378393285         0.0917193949        -0.0056514226
        2.3003878000         2.7300000000         1.3454963091         0.0917193949         0.1938105501
        2.3054192000         2.7300000000         1.3429439823         0.0968231498         0.1273232259
        2.3104232000         2.7300000000         1.3327346748         0.0866156400        -0.1386260710
        2.3154190000         2.7300000000         1.3352870017         0.0917193949        -0.0721387468
        2.3203823000         2.7300000000         1.3378393285         0.0917193949        -0.0056514226
        2.3254489000         2.7300000000         1.3327346748         0.0866156400        -0.1386260710
        2.3304566000         2.7300000000         1.3378393285         0.0917193949        -0.0056514226
        2.3354505000         2.7300000000         1.3378393285         0.0942712724        -0.0056514226
        2.3404489000         2.7300000000         1.3327346748         0.0866156400        -0.1386260710
        2.3453980000         2.7300000000         1.3276300211         0.0866156400        -0.2716007195
        2.3503901000         2.7300000000         1.3327346748         0.0815118851        -0.1386260710
        2.3554125000         2.7300000000         1.3429439823         0.0968231498         0.1273232259
        2.3603870000         2.7300000000         1.3403916554         0.0917193949         0.0608359017
        2.3656654000         2.7300000000         1.3301823480         0.0840637625        -0.2051133952
        2.3705036000         2.7300000000         1.3403916554         0.0917193949         0.0608359017
        2.3754249000         2.7300000000         1.3506009628         0.0917193949         0.3267851986
        2.3803892000         2.7300000000         1.3454963091         0.0993750273         0.1938105501
        2.3855131000         2.7300000000         1.3378393285         0.0917193949        -0.0056514226
        2.3904606000         2.7300000000         1.3454963091         0.0968231498         0.1938105501
        2.3954022000         2.7300000000         1.3378393285         0.0942712724        -0.0056514226
        2.4004268000         2.7300000000         1.3403916554         0.0840637625         0.0608359017
        2.4054340000         2.7300000000         1.3352870017         0.0917193949        -0.0721387468
        2.4104349000         2.7300000000         1.3352870017         0.0917193949        -0.0721387468
        2.4154514000         2.7300000000         1.3378393285         0.0942712724        -0.0056514226
        2.4205188000         2.7300000000         1.3378393285         0.0917193949        -0.0056514226
        2.4253968000         2.7300000000         1.3403916554         0.0993750273         0.0608359017
        2.4304273000         2.7300000000         1.3403916554         0.0917193949         0.0608359017
        2.4353893000         2.7300000000         1.3378393285         0.0891675175        -0.0056514226
        2.4404153000         2.7300000000         1.3327346748         0.0866156400        -0.1386260710
        2.4455656000         2.7300000000         1.3531532897         0.0917193949         0.3932725228
        2.4505952000         2.7300000000         1.3352870017         0.0917193949        -0.0721387468
        2.4554476000         2.7300000000         1.3378393285         0.0917193949        -0.0056514226
        2.4604181000         2.7300000000         1.3429439823         0.0993750273         0.1273232259
        2.4654018000         2.7300000000         1.3454963091         0.0968231498         0.1938105501
        2.4704158000         2.7300000000         1.3352870017         0.0917193949        -0.0721387468
        2.4754907000         2.7300000000         1.3378393285         0.0917193949        -0.0056514226
        2.4804341000         2.7300000000         1.3378393285         0.0942712724        -0.0056514226
        2.4853810000         2.7300000000         1.3301823480         0.0866156400        -0.2051133952
        2.4904145000         2.7300000000         1.3378393285         0.0942712724        -0.0056514226
        2.4953884000         2.7300000000         1.3378393285         0.0917193949        -0.0056514226
        2.5004473000         2.7300000000         1.3378393285         0.0917193949        -0.0056514226
        2.5054259000         2.7300000000         1.3378393285         0.0917193949        -0.0056514226
        2.5104140000         2.7300000000         1.3454963091         0.0993750273         0.1938105501
        2.5154291000         2.7300000000         1.3327346748         0.0942712724        -0.1386260710
        2.5204580000         2.7300000000         1.3301823480         0.0866156400        -0.2051133952
        2.5253800000         2.7300000000         1.3352870017         0.0917193949        -0.0721387468
        2.5303943000         2.7300000000         1.3352870017         0.0917193949        -0.0721387468
        2.5354174000         2.7300000000         1.3429439823         0.0968231498         0.1273232259
        2.5404064000         2.7300000000         1.3378393285         0.0917193949        -0.0056514226
        2.5453849000         2.7300000000         1.3378393285         0.0917193949        -0.0056514226
        2.5503995000         2.7300000000         1.3352870017         0.0917193949        -0.0721387468
        2.5554527000         2.7300000000         1.3352870017         0.0917193949        -0.0721387468
        2.5604006000         2.7300000000         1.3378393285         0.0942712724        -0.0056514226
        2.5653857000         2.7300000000         1.3352870017         0.0942712724        -0.0721387468
        2.5703908000         2.7300000000         1.3352870017         0.0917193949        -0.0721387468
        2.5753816000         2.7300000000         1.3403916554         0.0942712724         0.0608359017
        2.5804153000         2.7300000000         1.3454963091         0.0968231498         0.1938105501
        2.5854553000         2.7300000000         1.3403916554         0.0917193949         0.0608359017
        2.5904011000         2.7300000000         1.3301823480         0.0917193949        -0.2051133952
        2.5954214000         2.7300000000         1.3378393285         0.0917193949        -0.0056514226
        2.6004453000         2.7300000000         1.3403916554         0.0917193949         0.0608359017
        2.6055839000         2.7300000000         1.3352870017         0.0942712724        -0.0721387468
        2.6103879000         2.7300000000         1.3378393285         0.0917193949        -0.0056514226
        2.6154186000         2.7300000000         1.3429439823         0.0968231498         0.1273232259
        2.6205415000         2.7300000000         1.3352870017         0.0866156400        -0.0721387468
        2.6254230000         2.7300000000         1.3378393285         0.0917193949        -0.0056514226
        2.6303990000         2.7300000000         1.3301823480         0.0866156400        -0.2051133952
        2.6354211000         2.7300000000         1.3327346748         0.0866156400        -0.1386260710
        2.6406500000         2.7300000000         1.3378393285         0.0942712724        -0.0056514226
        2.6454388000         2.7300000000         1.3352870017         0.0917193949        -0.0721387468
        2.6504142000         2.7300000000         1.3454963091         0.0968231498         0.1938105501
        2.6553874000         2.7300000000         1.3582579434         0.0993750273         0.5262471713
        2.6604024000         2.7300000000         1.3429439823         0.0968231498         0.1273232259
        2.6654215000         2.7300000000         1.3352870017         0.0917193949        -0.0721387468
        2.6706011000         2.7300000000         1.3352870017         0.0917193949        -0.0721387468
        2.6754250000         2.7300000000         1.3378393285         0.0917193949        -0.0056514226
        2.6804190000         2.7300000000         1.3378393285         0.0917193949        -0.0056514226
        2.6854473000         2.7300000000         1.3480486360         0.0968231498         0.2602978743
        2.6904040000         2.7300000000         1.3378393285         0.0917193949        -0.0056514226
        2.6954170000         2.7300000000         1.3454963091         0.0968231498         0.1938105501
        2.7004168000         2.7300000000         1.3378393285         0.0942712724        -0.0056514226
        2.7053959000         2.7300000000         1.3301823480         0.0866156400        -0.2051133952
        2.7103809000         2.7300000000         1.3454963091         0.0968231498         0.1938105501
        2.7154717000         2.7300000000         1.3429439823         0.0993750273         0.1273232259
        2.7204225000         2.7300000000         1.3327346748         0.0866156400        -0.1386260710
        2.7254545000         2.7300000000         1.3352870017         0.0866156400        -0.0721387468
        2.7304222000         2.7300000000         1.3352870017         0.0917193949        -0.0721387468
        2.7354757000         2.7300000000         1.3378393285         0.0866156400        -0.0056514226
        2.7404193000         2.7300000000         1.3429439823         0.0968231498         0.1273232259
        2.7455844000         2.7300000000         1.3454963091         0.0993750273         0.1938105501
        2.7503898000         2.7300000000         1.3378393285         0.0917193949        -0.0056514226
        2.7555732000         2.7300000000         1.3454963091         0.0993750273         0.1938105501
        2.7604206000         2.7300000000         1.3378393285         0.0917193949        -0.0056514226
        2.7654158000         2.7300000000         1.3403916554         0.0917193949         0.0608359017
        2.7704260000         2.7300000000         1.3429439823         0.0968231498         0.1273232259
        2.7754605000         2.7300000000         1.3352870017         0.0917193949        -0.0721387468
        2.7803971000         2.7300000000         1.3378393285         0.0917193949        -0.0056514226
        2.7854322000         2.7300000000         1.3276300211         0.0891675175        -0.2716007195
        2.7905819000         2.7300000000         1.3429439823         0.0993750273         0.1273232259
        2.7954490000         2.7300000000         1.3327346748         0.0866156400        -0.1386260710
        2.8005510000         2.7300000000         1.3327346748         0.0840637625        -0.1386260710
        2.8054347000         2.7300000000         1.3352870017         0.0917193949        -0.0721387468
        2.8103823000         2.7300000000         1.3352870017         0.0942712724        -0.0721387468
        2.8154146000         2.7300000000         1.3378393285         0.0917193949        -0.0056514226
        2.8203926000         2.7300000000         1.3352870017         0.0942712724        -0.0721387468
        2.8254725000         2.7300000000         1.3327346748         0.0866156400        -0.1386260710
        2.8303884000         2.7300000000         1.3454963091         0.0968231498         0.1938105501
        2.8354829000         2.7300000000         1.3403916554         0.0917193949         0.0608359017
        2.8406080000         2.7300000000         1.3352870017         0.0917193949        -0.0721387468
        2.8454948000         2.7300000000         1.3301823480         0.0866156400        -0.2051133952
        2.8504324000         2.7300000000         1.3352870017         0.0917193949        -0.0721387468
        2.8554564000         2.7300000000         1.3301823480         0.0891675175        -0.2051133952
        2.8604226000         2.7300000000         1.3352870017         0.0840637625        -0.0721387468
        2.8654475000         2.7300000000         1.3378393285         0.0917193949        -0.0056514226
        2.8704152000         2.7300000000         1.3378393285         0.0917193949        -0.0056514226
        2.8756195000         2.7300000000         1.3429439823         0.0917193949         0.1273232259
        2.8804322000         2.7300000000         1.3352870017         0.0917193949        -0.0721387468
        2.8854546000         2.7300000000         1.3327346748         0.0866156400        -0.1386260710
        2.8904550000         2.7300000000         1.3352870017         0.0917193949        -0.0721387468
        2.8954425000         2.7300000000         1.3429439823         0.0993750273         0.1273232259
        2.9004290000         2.7300000000         1.3352870017         0.0942712724        -0.0721387468
        2.9054407000         2.7300000000         1.3378393285         0.0891675175        -0.0056514226
        2.9106723000         2.7300000000         1.3352870017         0.0891675175        -0.0721387468
        2.9155023000         2.7300000000         1.3352870017         0.0891675175        -0.0721387468
        2.9204539000         2.7300000000         1.3301823480         0.0891675175        -0.2051133952
        2.9258166000         2.7300000000         1.3352870017         0.0917193949        -0.0721387468
        2.9305129000         2.7300000000         1.3352870017         0.0917193949        -0.0721387468
        2.9354323000         2.7300000000         1.3378393285         0.0917193949        -0.0056514226
        2.9405009000         2.7300000000         1.3429439823         0.0891675175         0.1273232259
        2.9455703000         2.7300000000         1.3531532897         0.0917193949         0.3932725228
        2.9505361000         2.7300000000         1.3327346748         0.0866156400        -0.1386260710
        2.9554633000         2.7300000000         1.3301823480         0.0866156400        -0.2051133952
        2.9604958000         2.7300000000         1.3301823480         0.0866156400        -0.2051133952
        2.9655022000         2.7300000000         1.3378393285         0.0942712724        -0.0056514226
        2.9704633000         2.7300000000         1.3378393285         0.0917193949        -0.0056514226
        2.9755462000         2.7300000000         1.3429439823         0.0968231498         0.1273232259
        2.9804365000         2.7300000000         1.3378393285         0.0917193949        -0.0056514226
        2.9854680000         2.7300000000         1.3352870017         0.0942712724        -0.0721387468
        2.9904348000         2.7300000000         1.3352870017         0.0993750273        -0.0721387468
        2.9954604000         2.7300000000         1.3429439823         0.0968231498         0.1273232259
        3.0005579000         2.7300000000         1.3352870017         0.0917193949        -0.0721387468
        3.0054909000         2.7300000000         1.3378393285         0.0917193949        -0.0056514226
        3.0104417000         2.7300000000         1.3403916554         0.0917193949         0.0608359017
        3.0154262000         2.7300000000         1.3327346748         0.0866156400        -0.1386260710
        3.0206118000         2.7300000000         1.3352870017         0.0942712724        -0.0721387468
        3.0254306000         2.7300000000         1.3429439823         0.0993750273         0.1273232259
        3.0305845000         2.7300000000         1.3327346748         0.0840637625        -0.1386260710
        3.0354456000         2.7300000000         1.3301823480         0.0840637625        -0.2051133952
        3.0404688000         2.7300000000         1.3378393285         0.0917193949        -0.0056514226
        3.0453878000         2.7300000000         1.3506009628         0.0866156400         0.3267851986
        3.0504075000         2.7300000000         1.3301823480         0.0866156400        -0.2051133952
        3.0553867000         2.7300000000         1.3352870017         0.0917193949        -0.0721387468
        3.0604166000         2.7300000000         1.3327346748         0.0866156400        -0.1386260710
        3.0654244000         2.7300000000         1.3352870017         0.0917193949        -0.0721387468
        3.0703994000         2.7300000000         1.3378393285         0.0917193949        -0.0056514226
        3.0753867000         2.7300000000         1.3403916554         0.0917193949         0.0608359017
        3.0804615000         2.7300000000         1.3352870017         0.0866156400        -0.0721387468
        3.0854233000         2.7300000000         1.3378393285         0.0917193949        -0.0056514226
        3.0905490000         2.7300000000         1.3352870017         0.0917193949        -0.0721387468
        3.0954147000         2.7300000000         1.3429439823         0.0968231498         0.1273232259
        3.1003860000         2.7300000000         1.3352870017         0.0917193949        -0.0721387468
        3.1053871000         2.7300000000         1.3352870017         0.0891675175        -0.0721387468
        3.1106039000         2.7300000000         1.3301823480         0.0866156400        -0.2051133952
        3.1154091000         2.7300000000         1.3327346748         0.0866156400        -0.1386260710
        3.1203903000         2.7300000000         1.3301823480         0.0866156400        -0.2051133952
        3.1253957000         2.7300000000         1.3301823480         0.0866156400        -0.2051133952
        3.1303843000         2.7300000000         1.3378393285         0.0917193949        -0.0056514226
        3.1354921000         2.7300000000         1.3352870017         0.0917193949        -0.0721387468
        3.1405747000         2.7300000000         1.3429439823         0.0993750273         0.1273232259
        3.1454372000         2.7300000000         1.3378393285         0.0942712724        -0.0056514226
        3.1504176000         2.7300000000         1.3327346748         0.0866156400        -0.1386260710
        3.1554000000         2.7300000000         1.3378393285         0.0917193949        -0.0056514226
        3.1604351000         2.7300000000         1.3352870017         0.0968231498        -0.0721387468
        3.1654192000         2.7300000000         1.3429439823         0.0968231498         0.1273232259
        3.1703830000         2.7300000000         1.3301823480         0.0866156400        -0.2051133952
        3.1755212000         2.7300000000         1.3301823480         0.0866156400        -0.2051133952
        3.1804422000         2.7300000000         1.3429439823         0.0968231498         0.1273232259
        3.1855957000         2.7300000000         1.3352870017         0.0917193949        -0.0721387468
        3.1905543000         2.7300000000         1.3352870017         0.0917193949        -0.0721387468
        3.1953969000         2.7300000000         1.3429439823         0.0968231498         0.1273232259
        3.2004262000         2.7300000000         1.3378393285         0.0942712724        -0.0056514226
        3.2054145000         2.7300000000         1.3352870017         0.0917193949        -0.0721387468
        3.2103883000         2.7300000000         1.3301823480         0.0840637625        -0.2051133952
        3.2153845000         2.7300000000         1.3327346748         0.0866156400        -0.1386260710
        3.2204206000         2.7300000000         1.3250776943         0.0840637625        -0.3380880437
        3.2253827000         2.7300000000         1.3352870017         0.0917193949        -0.0721387468
        3.2303830000         2.7300000000         1.3352870017         0.0917193949        -0.0721387468
        3.2354798000         2.7300000000         1.3327346748         0.0840637625        -0.1386260710
        3.2404251000         2.7300000000         1.3429439823         0.0993750273         0.1273232259
        3.2454162000         2.7300000000         1.3378393285         0.0917193949        -0.0056514226
        3.2504305000         2.7300000000         1.3429439823         0.0993750273         0.1273232259
        3.2554226000         2.7300000000         1.3352870017         0.0840637625        -0.0721387468
        3.2603883000         2.7300000000         1.3250776943         0.0866156400        -0.3380880437
        3.2654312000         2.7300000000         1.3352870017         0.0917193949        -0.0721387468
        3.2703900000         2.7300000000         1.3352870017         0.0917193949        -0.0721387468
        3.2754213000         2.7300000000         1.3378393285         0.0917193949        -0.0056514226
        3.2804226000         2.7300000000         1.3429439823         0.0993750273         0.1273232259
        3.2854966000         2.7300000000         1.3301823480         0.0866156400        -0.2051133952
        3.2904648000         2.7300000000         1.3378393285         0.0917193949        -0.0056514226
        3.2954036000         2.7300000000         1.3327346748         0.0840637625        -0.1386260710
        3.3004174000         2.7300000000         1.3352870017         0.0917193949        -0.0721387468
        3.3054800000         2.7300000000         1.3327346748         0.0866156400        -0.1386260710
        3.3103926000         2.7300000000         1.3429439823         0.0968231498         0.1273232259
        3.3154175000         2.7300000000         1.3454963091         0.0968231498         0.1938105501
        3.3204147000         2.7300000000         1.3403916554         0.0917193949         0.0608359017
        3.3254614000         2.7300000000         1.3429439823         0.0968231498         0.1273232259
        3.3304333000         2.7300000000         1.3403916554         0.0917193949         0.0608359017
        3.3354171000         2.7300000000         1.3301823480         0.0866156400        -0.2051133952
        3.3404169000         2.7300000000         1.3301823480         0.0866156400        -0.2051133952
        3.3454329000         2.7300000000         1.3301823480         0.0840637625        -0.2051133952
        3.3504154000         2.7300000000         1.3352870017         0.0917193949        -0.0721387468
        3.3554173000         2.7300000000         1.3301823480         0.0866156400        -0.2051133952
        3.3604200000         2.7300000000         1.3378393285         0.0917193949        -0.0056514226
        3.3654159000         2.7300000000         1.3378393285         0.0917193949        -0.0056514226
        3.3704180000         2.7300000000         1.3429439823         0.0968231498         0.1273232259
        3.3754397000         2.7300000000         1.3378393285         0.0917193949        -0.0056514226
        3.3804220000         2.7300000000         1.3352870017         0.0917193949        -0.0721387468
        3.3854374000         2.7300000000         1.3301823480         0.0840637625        -0.2051133952
        3.3904189000         2.7300000000         1.3327346748         0.0866156400        -0.1386260710
        3.3955409000         2.7300000000         1.3327346748         0.0840637625        -0.1386260710
        3.4003894000         2.7300000000         1.3378393285         0.0917193949        -0.0056514226
        3.4053921000         2.7300000000         1.3506009628         0.0968231498         0.3267851986
        3.4104179000         2.7300000000         1.3429439823         0.0968231498         0.1273232259
        3.4153868000         2.7300000000         1.3352870017         0.0917193949        -0.0721387468
        3.4204153000         2.7300000000         1.3378393285         0.0917193949        -0.0056514226
        3.4255804000         2.7300000000         1.3429439823         0.0968231498         0.1273232259
        3.4304732000         2.7300000000         1.3327346748         0.0866156400        -0.1386260710
        3.4354335000         2.7300000000         1.3327346748         0.0840637625        -0.1386260710
        3.4404183000         2.7300000000         1.3301823480         0.0840637625        -0.2051133952
        3.4454161000         2.7300000000         1.3454963091         0.0968231498         0.1938105501
        3.4504230000         2.7300000000         1.3378393285         0.0917193949        -0.0056514226
        3.4554738000         2.7300000000         1.3378393285         0.0917193949        -0.0056514226
        3.4604138000         2.7300000000         1.3327346748         0.0866156400        -0.1386260710
        3.4653906000         2.7300000000         1.3429439823         0.0942712724         0.1273232259
        3.4704227000         2.7300000000         1.3301823480         0.0866156400        -0.2051133952
        3.4755236000         2.7300000000         1.3301823480         0.0840637625        -0.2051133952
        3.4805241000         2.7300000000         1.3429439823         0.0968231498         0.1273232259
        3.4855669000         2.7300000000         1.3429439823         0.0968231498         0.1273232259
        3.4904093000         2.7300000000         1.3352870017         0.0917193949        -0.0721387468
        3.4954201000         2.7300000000         1.3378393285         0.0917193949        -0.0056514226
        3.5004168000         2.7300000000         1.3378393285         0.0917193949        -0.0056514226
        3.5054184000         2.7300000000         1.3378393285         0.0917193949        -0.0056514226
        3.5104764000         2.7300000000         1.3454963091         0.0968231498         0.1938105501
        3.5153881000         2.7300000000         1.3429439823         0.0993750273         0.1273232259
        3.5203934000         2.7300000000         1.3352870017         0.0968231498        -0.0721387468
        3.5253945000         2.7300000000         1.3301823480         0.0866156400        -0.2051133952
        3.5304690000         2.7300000000         1.3429439823         0.0993750273         0.1273232259
        3.5354221000         2.7300000000         1.3454963091         0.0993750273         0.1938105501
        3.5404468000         2.7300000000         1.3378393285         0.0917193949        -0.0056514226
        3.5454654000         2.7300000000         1.3378393285         0.0917193949        -0.0056514226
        3.5503902000         2.7300000000         1.3378393285         0.0917193949        -0.0056514226
        3.5554178000         2.7300000000         1.3301823480         0.0866156400        -0.2051133952
        3.5604880000         2.7300000000         1.3352870017         0.0942712724        -0.0721387468
        3.5654700000         2.7300000000         1.3454963091         0.0968231498         0.1938105501
        3.5704972000         2.7300000000         1.3352870017         0.0917193949        -0.0721387468
        3.5754325000         2.7300000000         1.3378393285         0.0942712724        -0.0056514226
        3.5804249000         2.7300000000         1.3378393285         0.0917193949        -0.0056514226
        3.5854335000         2.7300000000         1.3301823480         0.0866156400        -0.2051133952
        3.5904806000         2.7300000000         1.3301823480         0.0866156400        -0.2051133952
        3.5954320000         2.7300000000         1.3378393285         0.0917193949        -0.0056514226
        3.6004570000         2.7300000000         1.3378393285         0.0917193949        -0.0056514226
        3.6054236000         2.7300000000         1.3480486360         0.0968231498         0.2602978743
        3.6104859000         2.7300000000         1.3378393285         0.0917193949        -0.0056514226
        3.6154133000         2.7300000000         1.3352870017         0.0866156400        -0.0721387468
        3.6204622000         2.7300000000         1.3352870017         0.0917193949        -0.0721387468
        3.6254434000         2.7300000000         1.3454963091         0.0993750273         0.1938105501
        3.6304734000         2.7300000000         1.3429439823         0.0968231498         0.1273232259
        3.6353890000         2.7300000000         1.3352870017         0.0917193949        -0.0721387468
        3.6404595000         2.7300000000         1.3454963091         0.0968231498         0.1938105501
        3.6453914000         2.7300000000         1.3403916554         0.0891675175         0.0608359017
        3.6503960000         2.7300000000         1.3327346748         0.0866156400        -0.1386260710
        3.6554173000         2.7300000000         1.3301823480         0.0840637625        -0.2051133952
        3.6604430000         2.7300000000         1.3429439823         0.0968231498         0.1273232259
        3.6653848000         2.7300000000         1.3429439823         0.0968231498         0.1273232259
        3.6704816000         2.7300000000         1.3327346748         0.0866156400        -0.1386260710
        3.6754160000         2.7300000000         1.3454963091         0.0993750273         0.1938105501
        3.6803878000         2.7300000000         1.3378393285         0.0917193949        -0.0056514226
        3.6854254000         2.7300000000         1.3327346748         0.0866156400        -0.1386260710
        3.6905197000         2.7300000000         1.3301823480         0.0866156400        -0.2051133952
        3.6955040000         2.7300000000         1.3454963091         0.0993750273         0.1938105501
        3.7004228000         2.7300000000         1.3403916554         0.0993750273         0.0608359017
        3.7054049000         2.7300000000         1.3352870017         0.0917193949        -0.0721387468
        3.7104261000         2.7300000000         1.3378393285         0.0942712724        -0.0056514226
        3.7154502000         2.7300000000         1.3276300211         0.0942712724        -0.2716007195
        3.7204346000         2.7300000000         1.3557056165         0.0968231498         0.4597598470
        3.7254492000         2.7300000000         1.3429439823         0.1019269048         0.1273232259
        3.7304538000         2.7300000000         1.3429439823         0.0968231498         0.1273232259
        3.7355575000         2.7300000000         1.3429439823         0.0993750273         0.1273232259
        3.7404744000         2.7300000000         1.3378393285         0.0917193949        -0.0056514226
        3.7454774000         2.7300000000         1.3378393285         0.0917193949        -0.0056514226
        3.7503895000         2.7300000000         1.3327346748         0.0866156400        -0.1386260710
        3.7554762000         2.7300000000         1.3352870017         0.0866156400        -0.0721387468
        3.7604709000         2.7300000000         1.3327346748         0.0866156400        -0.1386260710
        3.7655030000         2.7300000000         1.3327346748         0.0840637625        -0.1386260710
        3.7703879000         2.7300000000         1.3352870017         0.0917193949        -0.0721387468
        3.7753997000         2.7300000000         1.3378393285         0.0942712724        -0.0056514226
        3.7804318000         2.7300000000         1.3327346748         0.0840637625        -0.1386260710
        3.7854576000         2.7300000000         1.3378393285         0.0942712724        -0.0056514226
        3.7904443000         2.7300000000         1.3327346748         0.0866156400        -0.1386260710
        3.7954905000         2.7300000000         1.3378393285         0.0917193949        -0.0056514226
        3.8004317000         2.7300000000         1.3378393285         0.0917193949        -0.0056514226
        3.8053909000         2.7300000000         1.3378393285         0.0891675175        -0.0056514226
        3.8105801000         2.7300000000         1.3352870017         0.0917193949        -0.0721387468
        3.8154468000         2.7300000000         1.3352870017         0.0917193949        -0.0721387468
        3.8204513000         2.7300000000         1.3378393285         0.0942712724        -0.0056514226
        3.8254624000         2.7300000000         1.3454963091         0.0968231498         0.1938105501
        3.8303842000         2.7300000000         1.3378393285         0.0917193949        -0.0056514226
        3.8354009000         2.7300000000         1.3378393285         0.0917193949        -0.0056514226
        3.8404183000         2.7300000000         1.3378393285         0.0917193949        -0.0056514226
        3.8454685000         2.7300000000         1.3378393285         0.0942712724        -0.0056514226
        3.8503899000         2.7300000000         1.3429439823         0.0968231498         0.1273232259
        3.8554182000         2.7300000000         1.3454963091         0.0968231498         0.1938105501
        3.8604173000         2.7300000000         1.3480486360         0.0942712724         0.2602978743
        3.8654868000         2.7300000000         1.3454963091         0.0968231498         0.1938105501
        3.8703925000         2.7300000000         1.3352870017         0.0942712724        -0.0721387468
        3.8754195000         2.7300000000         1.3378393285         0.0917193949        -0.0056514226
        3.8804222000         2.7300000000         1.3327346748         0.0866156400        -0.1386260710
        3.8853925000         2.7300000000         1.3352870017         0.0917193949        -0.0721387468
        3.8904285000         2.7300000000         1.3352870017         0.0840637625        -0.0721387468
        3.8955011000         2.7300000000         1.3327346748         0.0866156400        -0.1386260710
        3.9004424000         2.7300000000         1.3327346748         0.0866156400        -0.1386260710
        3.9055202000         2.7300000000         1.3378393285         0.0917193949        -0.0056514226
        3.9104522000         2.7300000000         1.3454963091         0.0968231498         0.1938105501
        3.9154230000         2.7300000000         1.3429439823         0.0968231498         0.1273232259
        3.9204765000         2.7300000000         1.3352870017         0.0917193949        -0.0721387468
        3.9255077000         2.7300000000         1.3429439823         0.0968231498         0.1273232259
        3.9303954000         2.7300000000         1.3378393285         0.0917193949        -0.0056514226
        3.9354207000         2.7300000000         1.3378393285         0.0942712724        -0.0056514226
        3.9404650000         2.7300000000         1.3301823480         0.0866156400        -0.2051133952
        3.9454220000         2.7300000000         1.3352870017         0.0917193949        -0.0721387468
        3.9504449000         2.7300000000         1.3301823480         0.0866156400        -0.2051133952
        3.9553853000         2.7300000000         1.3352870017         0.0942712724        -0.0721387468
        3.9604780000         2.7300000000         1.3327346748         0.0840637625        -0.1386260710
        3.9655900000         2.7300000000         1.3378393285         0.0917193949        -0.0056514226
        3.9704527000         2.7300000000         1.3352870017         0.0866156400        -0.0721387468
        3.9753841000         2.7300000000         1.3378393285         0.0891675175        -0.0056514226
        3.9804103000         2.7300000000         1.3403916554         0.0917193949         0.0608359017
        3.9853832000         2.7300000000         1.3352870017         0.0917193949        -0.0721387468
        3.9904726000         2.7300000000         1.3327346748         0.0866156400        -0.1386260710
        3.9954138000         2.7300000000         1.3378393285         0.0917193949        -0.0056514226
        4.0004336000         2.7300000000         1.3352870017         0.0942712724        -0.0721387468
