% Motor Sweep Step 101/180
% Vcmd       = 3.0500 [V]
% Direction  = CW
% Zone       = OUTER
% Vg_offset  = 1.336155 [V]
% K_gimbal   = 26.049690 [(rad/s)/V]

Time[s]              Vcmd[V]              Vg_raw[V]            Pot[V]               Omega[rad/s]
        0.0000080000         3.0500000000         1.3429439823         4.2512796531         0.1768562824
        0.0050046000         3.0500000000         1.3378393285         4.2461758982         0.0438816340
        0.0100073000         3.0500000000         1.3301823480         4.2385202658        -0.1555803387
        0.0150079000         3.0500000000         1.3199730405         4.2538315306        -0.4215296356
        0.0200023000         3.0500000000         1.3454963091         4.2436240207         0.2433436067
        0.0250069000         3.0500000000         1.3633625971         4.2538315306         0.7087548763
        0.0300078000         3.0500000000         1.4884266131         4.2640390404         3.9666337634
        0.0350046000         3.0500000000         1.4169614611         4.2691427953         2.1049886850
        0.0400040000         3.0500000000         1.4067521537         4.2716946728         1.8390393881
        0.0450131000         3.0500000000         1.4731126519         4.2946615699         3.5677098180
        0.0500068000         3.0500000000         1.4475893834         4.2997653248         2.9028365757
        0.0550049000         3.0500000000         1.4373800759         4.3099728347         2.6368872788
        0.0600084000         3.0500000000         1.4654556714         4.3227322219         3.3682478453
        0.0650975000         3.0500000000         1.4731126519         4.3431472416         3.5677098180
        0.0700039000         3.0500000000         1.4552463639         4.3482509965         3.1022985484
        0.0750059000         3.0500000000         1.4807696325         4.3661141388         3.7671717907
        0.0800076000         3.0500000000         1.4680079982         4.3763216486         3.4347351696
        0.0850025000         3.0500000000         1.4731126519         4.3890810359         3.5677098180
        0.0900116000         3.0500000000         1.4705603251         4.3992885457         3.5012224938
        0.0950037000         3.0500000000         1.4756649788         4.4145998105         3.6341971422
        0.1000030000         3.0500000000         1.4705603251         4.4324629527         3.5012224938
        0.1050028000         3.0500000000         1.4833219594         4.4426704625         3.8336591149
        0.1100028000         3.0500000000         1.4833219594         4.4656373597         3.8336591149
        0.1150027000         3.0500000000         1.4884266131         4.4783967469         3.9666337634
        0.1200037000         3.0500000000         1.4986359205         4.4962598892         4.2325830603
        0.1250028000         3.0500000000         1.4884266131         4.5115711539         3.9666337634
        0.1300039000         3.0500000000         1.4986359205         4.5319861736         4.2325830603
        0.1350022000         3.0500000000         1.4986359205         4.5421936834         4.2325830603
        0.1400037000         3.0500000000         1.4960835936         4.5702643355         4.1660957360
        0.1450046000         3.0500000000         1.4986359205         4.5779199678         4.2325830603
        0.1500040000         3.0500000000         1.4960835936         4.5957831101         4.1660957360
        0.1551073000         3.0500000000         1.5113975548         4.6110943748         4.5650196814
        0.1600057000         3.0500000000         1.5113975548         4.6315093945         4.5650196814
        0.1650032000         3.0500000000         1.4960835936         4.6468206592         4.1660957360
        0.1700030000         3.0500000000         1.5011882474         4.6570281691         4.2990703845
        0.1750032000         3.0500000000         1.4884266131         4.6774431887         3.9666337634
        0.1800032000         3.0500000000         1.5062929011         4.6927544535         4.4320450330
        0.1850043000         3.0500000000         1.5139498816         4.7208251056         4.6315070056
        0.1900025000         3.0500000000         1.5113975548         4.7412401252         4.5650196814
        0.1950038000         3.0500000000         1.5088452279         4.7514476351         4.4985323572
        0.2000022000         3.0500000000         1.5037405742         4.7718626547         4.3655577087
        0.2050039000         3.0500000000         1.5190545354         4.7973814293         4.7644816541
        0.2100035000         3.0500000000         1.5113975548         4.8126926941         4.5650196814
        0.2150037000         3.0500000000         1.5139498816         4.8280039588         4.6315070056
        0.2200026000         3.0500000000         1.5113975548         4.8407633461         4.5650196814
        0.2250036000         3.0500000000         1.5113975548         4.8586264883         4.5650196814
        0.2300025000         3.0500000000         1.5165022085         4.8841452629         4.6979943299
        0.2350037000         3.0500000000         1.5165022085         4.9045602826         4.6979943299
        0.2400028000         3.0500000000         1.5216068622         4.9275271797         4.8309689783
        0.2450022000         3.0500000000         1.5216068622         4.9504940769         4.8309689783
        0.2500030000         3.0500000000         1.5241591891         4.9581497092         4.8974563025
        0.2550050000         3.0500000000         1.5062929011         4.9760128515         4.4320450330
        0.2600035000         3.0500000000         1.5267115159         4.9964278711         4.9639436268
        0.2650212000         3.0500000000         1.5062929011         4.9989797486         4.4320450330
        0.2700037000         3.0500000000         1.5292638428         5.0142910133         5.0304309510
        0.2750090000         3.0500000000         1.5113975548         5.0091872584         4.5650196814
        0.2800089000         3.0500000000         1.5267115159         5.0066353810         4.9639436268
        0.2850040000         3.0500000000         1.5139498816         5.0066353810         4.6315070056
        0.2900027000         3.0500000000         1.5292638428         5.0091872584         5.0304309510
        0.2950031000         3.0500000000         1.5165022085         4.9811166064         4.6979943299
        0.3000030000         3.0500000000         1.5190545354         1.0946072363         4.7644816541
        0.3050026000         3.0500000000         1.5088452279         1.0946072363         4.4985323572
        0.3100027000         3.0500000000         1.5318161696         1.1175741334         5.0969182752
        0.3150029000         3.0500000000         1.5292638428         0.0100593162         5.0304309510
        0.3200023000         3.0500000000         1.5165022085        -0.0027000711         4.6979943299
        0.3250024000         3.0500000000         1.5318161696         0.0024036839         5.0969182752
        0.3300029000         3.0500000000         1.5292638428         0.0075074388         5.0304309510
        0.3350019000         3.0500000000         1.5216068622        -0.0001481936         4.8309689783
        0.3400032000         3.0500000000         1.5190545354        -0.0052519485         4.7644816541
        0.3450020000         3.0500000000         1.5165022085         0.0126111937         4.6979943299
        0.3500025000         3.0500000000         1.5062929011         0.0253705810         4.4320450330
        0.3550014000         3.0500000000         1.5139498816         0.0457856007         4.6315070056
        0.3600009000         3.0500000000         1.5267115159         0.0610968654         4.9639436268
        0.3650052000         3.0500000000         1.5165022085         0.0815118851         4.6979943299
        0.3700041000         3.0500000000         1.5241591891         0.1044787822         4.8974563025
        0.3750027000         3.0500000000         1.5139498816         0.1248938019         4.6315070056
        0.3800027000         3.0500000000         1.5318161696         0.1478606990         5.0969182752
        0.3850019000         3.0500000000         1.5113975548         0.1606200863         4.5650196814
        0.3900023000         3.0500000000         1.5267115159         0.1810351060         4.9639436268
        0.3950033000         3.0500000000         1.5267115159         0.2065538806         4.9639436268
        0.4000029000         3.0500000000         1.5318161696         0.2193132679         5.0969182752
        0.4050020000         3.0500000000         1.5190545354         0.2397282875         4.7644816541
        0.4100011000         3.0500000000         1.5241591891         0.2601433072         4.8974563025
        0.4150043000         3.0500000000         1.5267115159         0.2805583269         4.9639436268
        0.4200026000         3.0500000000         1.5343684965         0.3009733466         5.1634055994
        0.4250019000         3.0500000000         1.5343684965         0.3239402437         5.1634055994
        0.4300043000         3.0500000000         1.5292638428         0.3392515084         5.0304309510
        0.4350018000         3.0500000000         1.5292638428         0.3571146507         5.0304309510
        0.4400032000         3.0500000000         1.5190545354         0.3775296703         4.7644816541
        0.4450024000         3.0500000000         1.5267115159         0.3979446900         4.9639436268
        0.4500028000         3.0500000000         1.5292638428         0.4234634646         5.0304309510
        0.4550024000         3.0500000000         1.5394731502         0.4387747293         5.2963802479
        0.4600038000         3.0500000000         1.5190545354         0.4566378716         4.7644816541
        0.4650021000         3.0500000000         1.5241591891         0.4745010138         4.8974563025
        0.4700027000         3.0500000000         1.5318161696         0.4949160334         5.0969182752
        0.4750058000         3.0500000000         1.5394731502         0.5204348080         5.2963802479
        0.4800637000         3.0500000000         1.5292638428         0.5357460728         5.0304309510
        0.4850056000         3.0500000000         1.5267115159         0.5510573375         4.9639436268
        0.4904244000         3.0500000000         1.5241591891         0.5765761121         4.8974563025
        0.4950064000         3.0500000000         1.5318161696         0.5969911318         5.0969182752
        0.5000044000         3.0500000000         1.5343684965         0.6148542740         5.1634055994
        0.5050062000         3.0500000000         1.5394731502         0.6352692937         5.2963802479
        0.5101173000         3.0500000000         1.5420254771         0.6607880683         5.3628675721
        0.5150039000         3.0500000000         1.5343684965         0.6760993330         5.1634055994
        0.5200041000         3.0500000000         1.5267115159         0.6965143527         4.9639436268
        0.5250030000         3.0500000000         1.5420254771         0.7143774949         5.3628675721
        0.5300103000         3.0500000000         1.5394731502         0.7398962695         5.2963802479
        0.5350046000         3.0500000000         1.5292638428         0.7577594117         5.0304309510
        0.5400196000         3.0500000000         1.5394731502         0.7730706765         5.2963802479
        0.5450037000         3.0500000000         1.5394731502         0.7934856961         5.2963802479
        0.5500034000         3.0500000000         1.5318161696         0.8164525933         5.0969182752
        0.5550025000         3.0500000000         1.5445778039         0.8368676129         5.4293548964
        0.5600028000         3.0500000000         1.5343684965         0.8547307552         5.1634055994
        0.5650063000         3.0500000000         1.5343684965         0.8776976523         5.1634055994
        0.5700033000         3.0500000000         1.5471301308         0.9032164269         5.4958422206
        0.5750027000         3.0500000000         1.5471301308         0.9236314466         5.4958422206
        0.5800030000         3.0500000000         1.5241591891         0.9389427113         4.8974563025
        0.5850038000         3.0500000000         1.5445778039         0.9619096084         5.4293548964
        0.5901323000         3.0500000000         1.5216068622         0.9721171183         4.8309689783
        0.5950021000         3.0500000000         1.5394731502         0.9950840154         5.2963802479
        0.6000046000         3.0500000000         1.5420254771         1.0206027900         5.3628675721
        0.6050042000         3.0500000000         1.5420254771         1.0435696871         5.3628675721
        0.6100030000         3.0500000000         1.5241591891         1.0588809519         4.8974563025
        0.6150035000         3.0500000000         1.5445778039         1.0818478490         5.4293548964
        0.6200024000         3.0500000000         1.5318161696         1.0971591138         5.0969182752
        0.6250039000         3.0500000000         1.5318161696         1.1201260109         5.0969182752
        0.6300060000         3.0500000000         1.5343684965         1.1379891531         5.1634055994
        0.6350027000         3.0500000000         1.5318161696         1.1533004179         5.0969182752
        0.6400036000         3.0500000000         1.5241591891         1.1737154375         4.8974563025
        0.6450169000         3.0500000000         1.5369208233         1.1992342121         5.2298929237
        0.6500030000         3.0500000000         1.5292638428         1.2145454769         5.0304309510
        0.6550029000         3.0500000000         1.5318161696         1.2400642515         5.0969182752
        0.6600040000         3.0500000000         1.5267115159         1.2553755162         4.9639436268
        0.6650048000         3.0500000000         1.5343684965         1.2757905359         5.1634055994
        0.6700033000         3.0500000000         1.5318161696         1.3013093105         5.0969182752
        0.6750024000         3.0500000000         1.5318161696         1.3166205752         5.0969182752
        0.6800164000         3.0500000000         1.5292638428         1.3344837175         5.0304309510
        0.6850041000         3.0500000000         1.5292638428         1.3548987371         5.0304309510
        0.6900032000         3.0500000000         1.5241591891         1.3702100019         4.8974563025
        0.6950032000         3.0500000000         1.5292638428         1.3880731441         5.0304309510
        0.7000048000         3.0500000000         1.5241591891         1.4084881638         4.8974563025
        0.7050135000         3.0500000000         1.5420254771         1.4365588158         5.3628675721
        0.7100947000         3.0500000000         1.5267115159         1.4544219580         4.9639436268
        0.7150061000         3.0500000000         1.5343684965         1.4697332228         5.1634055994
        0.7200078000         3.0500000000         1.5216068622         1.4850444875         4.8309689783
        0.7250048000         3.0500000000         1.5241591891         1.5029076297         4.8974563025
        0.7300051000         3.0500000000         1.5165022085         1.5182188945         4.6979943299
        0.7350068000         3.0500000000         1.5318161696         1.5437376691         5.0969182752
        0.7400099000         3.0500000000         1.5139498816         1.5616008113         4.6315070056
        0.7450085000         3.0500000000         1.5318161696         1.5820158310         5.0969182752
        0.7500056000         3.0500000000         1.5241591891         1.6024308506         4.8974563025
        0.7550051000         3.0500000000         1.5190545354         1.6177421154         4.7644816541
        0.7600063000         3.0500000000         1.5292638428         1.6432608900         5.0304309510
        0.7650089000         3.0500000000         1.5241591891         1.6560202773         4.8974563025
        0.7700079000         3.0500000000         1.5369208233         1.6789871744         5.2298929237
        0.7750097000         3.0500000000         1.5394731502         1.6994021941         5.2963802479
        0.7800067000         3.0500000000         1.5241591891         1.7096097039         4.8974563025
        0.7850392000         3.0500000000         1.5165022085         1.7249209687         4.6979943299
        0.7900106000         3.0500000000         1.5318161696         1.7555434982         5.0969182752
        0.7950054000         3.0500000000         1.5241591891         1.7657510080         4.8974563025
        0.8000052000         3.0500000000         1.5241591891         1.7810622728         4.8974563025
        0.8050640000         3.0500000000         1.5318161696         1.8014772924         5.0969182752
        0.8103006000         3.0500000000         1.5343684965         1.8218923121         5.1634055994
        0.8150071000         3.0500000000         1.5267115159         1.8499629642         4.9639436268
        0.8200053000         3.0500000000         1.5267115159         1.8550667191         4.9639436268
        0.8250279000         3.0500000000         1.5190545354         1.8805854937         4.7644816541
        0.8300089000         3.0500000000         1.5343684965         1.8984486359         5.1634055994
        0.8350065000         3.0500000000         1.5216068622         1.9163117781         4.8309689783
        0.8400101000         3.0500000000         1.5318161696         1.9418305527         5.0969182752
        0.8450426000         3.0500000000         1.5216068622         1.9545899400         4.8309689783
        0.8501909000         3.0500000000         1.5343684965         1.9750049597         5.1634055994
        0.8550047000         3.0500000000         1.5241591891         1.9954199793         4.8974563025
        0.8600061000         3.0500000000         1.5241591891         2.0056274892         4.8974563025
        0.8650042000         3.0500000000         1.5292638428         2.0362500187         5.0304309510
        0.8700054000         3.0500000000         1.5343684965         2.0464575285         5.1634055994
        0.8750100000         3.0500000000         1.5037405742         2.0617687933         4.3655577087
        0.8800073000         3.0500000000         1.5241591891         2.0872875679         4.8974563025
        0.8850336000         3.0500000000         1.5292638428         2.1025988326         5.0304309510
        0.8900037000         3.0500000000         1.5292638428         2.1255657297         5.0304309510
        0.8950072000         3.0500000000         1.5292638428         2.1459807494         5.0304309510
        0.9000068000         3.0500000000         1.5343684965         2.1714995240         5.1634055994
        0.9050087000         3.0500000000         1.5369208233         2.1893626662         5.2298929237
        0.9100030000         3.0500000000         1.5292638428         2.2021220535         5.0304309510
        0.9150048000         3.0500000000         1.5369208233         2.2199851957         5.2298929237
        0.9200077000         3.0500000000         1.5165022085         2.2352964605         4.6979943299
        0.9250058000         3.0500000000         1.5318161696         2.2506077252         5.0969182752
        0.9300040000         3.0500000000         1.5241591891         2.2786783773         4.8974563025
        0.9350052000         3.0500000000         1.5420254771         2.3041971519         5.3628675721
        0.9400079000         3.0500000000         1.5241591891         2.3246121715         4.8974563025
        0.9450043000         3.0500000000         1.5420254771         2.3348196814         5.3628675721
        0.9500156000         3.0500000000         1.5190545354         2.3628903334         4.7644816541
        0.9550080000         3.0500000000         1.5343684965         2.3782015982         5.1634055994
        0.9600056000         3.0500000000         1.5318161696         2.4037203728         5.0969182752
        0.9650040000         3.0500000000         1.5216068622         2.4113760052         4.8309689783
        0.9700061000         3.0500000000         1.5190545354         2.4343429023         4.7644816541
        0.9750778000         3.0500000000         1.5420254771         2.4547579220         5.3628675721
        0.9800073000         3.0500000000         1.5267115159         2.4802766965         4.9639436268
        0.9850048000         3.0500000000         1.5267115159         2.4879323289         4.9639436268
        0.9901175000         3.0500000000         1.5241591891         2.5134511035         4.8974563025
        0.9950059000         3.0500000000         1.5267115159         2.5287623683         4.9639436268
        1.0000059000         3.0500000000         1.5318161696         2.5568330203         5.0969182752
        1.0050069000         3.0500000000         1.5318161696         2.5644886527         5.0969182752
        1.0100091000         3.0500000000         1.5190545354         2.5874555498         4.7644816541
        1.0150060000         3.0500000000         1.5292638428         2.6078705695         5.0304309510
        1.0200087000         3.0500000000         1.5241591891         2.6206299568         4.8974563025
        1.0250278000         3.0500000000         1.5292638428         2.6435968539         5.0304309510
        1.0300061000         3.0500000000         1.5343684965         2.6665637511         5.1634055994
        1.0350109000         3.0500000000         1.5190545354         2.6844268933         4.7644816541
        1.0400072000         3.0500000000         1.5267115159         2.6971862806         4.9639436268
        1.0450074000         3.0500000000         1.5343684965         2.7227050552         5.1634055994
        1.0500073000         3.0500000000         1.5369208233         2.7482238297         5.2298929237
        1.0550056000         3.0500000000         1.5190545354         2.7558794621         4.7644816541
        1.0600060000         3.0500000000         1.5369208233         2.7762944818         5.2298929237
        1.0650053000         3.0500000000         1.5241591891         2.7992613789         4.8974563025
        1.0700095000         3.0500000000         1.5318161696         2.8196763986         5.0969182752
        1.0750056000         3.0500000000         1.5267115159         2.8400914183         4.9639436268
        1.0800067000         3.0500000000         1.5343684965         2.8605064379         5.1634055994
        1.0850058000         3.0500000000         1.5496824576         2.8783695801         5.5623295448
        1.0900341000         3.0500000000         1.5445778039         2.9038883547         5.4293548964
        1.0950221000         3.0500000000         1.5190545354         2.9115439871         4.7644816541
        1.1000056000         3.0500000000         1.5343684965         2.9396146392         5.1634055994
        1.1050106000         3.0500000000         1.5267115159         2.9600296588         4.9639436268
        1.1100053000         3.0500000000         1.5369208233         2.9778928011         5.2298929237
        1.1150254000         3.0500000000         1.5318161696         2.9932040658         5.0969182752
        1.1200048000         3.0500000000         1.5292638428         3.0161709629         5.0304309510
        1.1250207000         3.0500000000         1.5241591891         3.0289303502         4.8974563025
        1.1300064000         3.0500000000         1.5292638428         3.0493453699         5.0304309510
        1.1350097000         3.0500000000         1.5292638428         3.0697603896         5.0304309510
        1.1400059000         3.0500000000         1.5522347845         3.0978310416         5.6288168690
        1.1450039000         3.0500000000         1.5267115159         3.1131423064         4.9639436268
        1.1500101000         3.0500000000         1.5318161696         3.1361092035         5.0969182752
        1.1550053000         3.0500000000         1.5292638428         3.1539723457         5.0304309510
        1.1600029000         3.0500000000         1.5318161696         3.1667317330         5.0969182752
        1.1650064000         3.0500000000         1.5369208233         3.1922505076         5.2298929237
        1.1700072000         3.0500000000         1.5445778039         3.2177692822         5.4293548964
        1.1750035000         3.0500000000         1.5267115159         3.2407361793         4.9639436268
        1.1800064000         3.0500000000         1.5445778039         3.2585993215         5.4293548964
        1.1850045000         3.0500000000         1.5241591891         3.2688068314         4.8974563025
        1.1900025000         3.0500000000         1.5369208233         3.2917737285         5.2298929237
        1.1950064000         3.0500000000         1.5394731502         3.3198443806         5.2963802479
        1.2000051000         3.0500000000         1.5267115159         3.3249481355         4.9639436268
        1.2050100000         3.0500000000         1.5445778039         3.3581225424         5.4293548964
        1.2100096000         3.0500000000         1.5420254771         3.3708819297         5.3628675721
        1.2150115000         3.0500000000         1.5471301308         3.3938488269         5.4958422206
        1.2200099000         3.0500000000         1.5369208233         3.4066082142         5.2298929237
        1.2250065000         3.0500000000         1.5343684965         3.4321269888         5.1634055994
        1.2300100000         3.0500000000         1.5394731502         3.4525420084         5.2963802479
        1.2350065000         3.0500000000         1.5318161696         3.4755089056         5.0969182752
        1.2400097000         3.0500000000         1.5292638428         3.4857164154         5.0304309510
        1.2450107000         3.0500000000         1.5369208233         3.5163389449         5.2298929237
        1.2500098000         3.0500000000         1.5394731502         3.5316502097         5.2963802479
        1.2550050000         3.0500000000         1.5343684965         3.5546171068         5.1634055994
        1.2600099000         3.0500000000         1.5420254771         3.5724802490         5.3628675721
        1.2650054000         3.0500000000         1.5318161696         3.5877915138         5.0969182752
        1.2700098000         3.0500000000         1.5292638428         3.6031027785         5.0304309510
        1.2750096000         3.0500000000         1.5318161696         3.6286215531         5.0969182752
        1.2800170000         3.0500000000         1.5343684965         3.6439328179         5.1634055994
        1.2850104000         3.0500000000         1.5343684965         3.6694515924         5.1634055994
        1.2901960000         3.0500000000         1.5394731502         3.6898666121         5.2963802479
        1.2950075000         3.0500000000         1.5343684965         3.7153853867         5.1634055994
        1.3000097000         3.0500000000         1.5420254771         3.7358004064         5.3628675721
        1.3050064000         3.0500000000         1.5216068622         3.7434560388         4.8309689783
        1.3100065000         3.0500000000         1.5394731502         3.7638710584         5.2963802479
        1.3150057000         3.0500000000         1.5267115159         3.7842860781         4.9639436268
        1.3201372000         3.0500000000         1.5267115159         3.8098048527         4.9639436268
        1.3250097000         3.0500000000         1.5343684965         3.8327717498         5.1634055994
        1.3300094000         3.0500000000         1.5318161696         3.8455311371         5.0969182752
        1.3350095000         3.0500000000         1.5292638428         3.8659461568         5.0304309510
        1.3400056000         3.0500000000         1.5318161696         3.8838092990         5.0969182752
        1.3450072000         3.0500000000         1.5369208233         3.9093280736         5.2298929237
        1.3500096000         3.0500000000         1.5292638428         3.9220874609         5.0304309510
        1.3550059000         3.0500000000         1.5318161696         3.9425024806         5.0969182752
        1.3600044000         3.0500000000         1.5292638428         3.9629175002         5.0304309510
        1.3650036000         3.0500000000         1.5394731502         3.9884362748         5.2963802479
        1.3700098000         3.0500000000         1.5267115159         3.9986437847         4.9639436268
        1.3750048000         3.0500000000         1.5445778039         4.0190588043         5.4293548964
        1.3800090000         3.0500000000         1.5292638428         4.0343700691         5.0304309510
        1.3850048000         3.0500000000         1.5267115159         4.0547850888         4.9639436268
        1.3900098000         3.0500000000         1.5292638428         4.0777519859         5.0304309510
        1.3950112000         3.0500000000         1.5318161696         4.0905113732         5.0969182752
        1.4000097000         3.0500000000         1.5267115159         4.1211339027         4.9639436268
        1.4050076000         3.0500000000         1.5445778039         4.1441007998         5.4293548964
        1.4100096000         3.0500000000         1.5267115159         4.1619639420         4.9639436268
        1.4150053000         3.0500000000         1.5445778039         4.1823789617         5.4293548964
        1.4200099000         3.0500000000         1.5241591891         4.1951383490         4.8974563025
        1.4250083000         3.0500000000         1.5318161696         4.2155533687         5.0969182752
        1.4300097000         3.0500000000         1.5241591891         4.2308646334         4.8974563025
        1.4350077000         3.0500000000         1.5369208233         4.2563834080         5.2298929237
        1.4400097000         3.0500000000         1.5292638428         4.2767984277         5.0304309510
        1.4450060000         3.0500000000         1.5216068622         4.2895578150         4.8309689783
        1.4500101000         3.0500000000         1.5292638428         4.3125247121         5.0304309510
        1.4550067000         3.0500000000         1.5445778039         4.3354916092         5.4293548964
        1.4600101000         3.0500000000         1.5318161696         4.3610103838         5.0969182752
        1.4650085000         3.0500000000         1.5369208233         4.3686660162         5.2298929237
        1.4700067000         3.0500000000         1.5445778039         4.4018404232         5.4293548964
        1.4750096000         3.0500000000         1.5369208233         4.4171516879         5.2298929237
        1.4800080000         3.0500000000         1.5369208233         4.4401185851         5.2298929237
        1.4850080000         3.0500000000         1.5496824576         4.4579817273         5.5623295448
        1.4900088000         3.0500000000         1.5318161696         4.4783967469         5.0969182752
        1.4950078000         3.0500000000         1.5343684965         4.4962598892         5.1634055994
        1.5000063000         3.0500000000         1.5318161696         4.5141230314         5.0969182752
        1.5050065000         3.0500000000         1.5318161696         4.5345380510         5.0969182752
        1.5102206000         3.0500000000         1.5496824576         4.5702643355         5.5623295448
        1.5150072000         3.0500000000         1.5496824576         4.5906793551         5.5623295448
        1.5200071000         3.0500000000         1.5369208233         4.6059906199         5.2298929237
        1.5250099000         3.0500000000         1.5445778039         4.6289575170         5.4293548964
        1.5300062000         3.0500000000         1.5496824576         4.6493725367         5.5623295448
        1.5350095000         3.0500000000         1.5394731502         4.6697875564         5.2963802479
        1.5400061000         3.0500000000         1.5445778039         4.6927544535         5.4293548964
        1.5450276000         3.0500000000         1.5496824576         4.7182732281         5.5623295448
        1.5500226000         3.0500000000         1.5292638428         4.7335844928         5.0304309510
        1.5550066000         3.0500000000         1.5190545354         4.7514476351         4.7644816541
        1.5600116000         3.0500000000         1.5343684965         4.7744145322         5.1634055994
        1.5650088000         3.0500000000         1.5318161696         4.7922776744         5.0969182752
        1.5700223000         3.0500000000         1.5420254771         4.8254520814         5.3628675721
        1.5751576000         3.0500000000         1.5420254771         4.8382114687         5.3628675721
        1.5800081000         3.0500000000         1.5369208233         4.8611783658         5.2298929237
        1.5850096000         3.0500000000         1.5420254771         4.8815933855         5.3628675721
        1.5900278000         3.0500000000         1.5267115159         4.9045602826         4.9639436268
        1.5950055000         3.0500000000         1.5369208233         4.9224234248         5.2298929237
        1.6000080000         3.0500000000         1.5471301308         4.9504940769         5.4958422206
        1.6050340000         3.0500000000         1.5394731502         4.9709090965         5.2963802479
        1.6100312000         3.0500000000         1.5369208233         4.9862203613         5.2298929237
        1.6150034000         3.0500000000         1.5471301308         5.0091872584         5.4958422206
        1.6200055000         3.0500000000         1.5292638428         5.0117391359         5.0304309510
        1.6251919000         3.0500000000         1.5318161696         4.9989797486         5.0969182752
        1.6302219000         3.0500000000         1.5343684965         5.0117391359         5.1634055994
        1.6350102000         3.0500000000         1.5343684965         4.9989797486         5.1634055994
        1.6400098000         3.0500000000         1.5241591891         5.0066353810         4.8974563025
        1.6450035000         3.0500000000         1.5445778039         4.9989797486         5.4293548964
        1.6501826000         3.0500000000         1.5369208233         1.1022628687         5.2298929237
        1.6550416000         3.0500000000         1.5343684965         1.1150222560         5.1634055994
        1.6600189000         3.0500000000         1.5292638428         1.1073666236         5.0304309510
        1.6650059000         3.0500000000         1.5318161696        -0.0052519485         5.0969182752
        1.6701365000         3.0500000000         1.5369208233         0.0075074388         5.2298929237
        1.6750053000         3.0500000000         1.5394731502         0.0024036839         5.2963802479
        1.6800058000         3.0500000000         1.5343684965         0.0075074388         5.1634055994
        1.6850054000         3.0500000000         1.5394731502         0.0024036839         5.2963802479
        1.6900671000         3.0500000000         1.5394731502         0.0075074388         5.2963802479
        1.6950179000         3.0500000000         1.5420254771         0.0279224584         5.3628675721
        1.7000210000         3.0500000000         1.5394731502         0.0432337232         5.2963802479
        1.7050888000         3.0500000000         1.5394731502         0.0534412330         5.2963802479
        1.7101699000         3.0500000000         1.5241591891         0.0764081302         4.8974563025
        1.7150063000         3.0500000000         1.5471301308         0.1095825371         5.4958422206
        1.7200055000         3.0500000000         1.5369208233         0.1299975568         5.2298929237
        1.7250042000         3.0500000000         1.5343684965         0.1453088216         5.1634055994
        1.7300046000         3.0500000000         1.5343684965         0.1631719638         5.1634055994
        1.7350607000         3.0500000000         1.5471301308         0.1937944933         5.4958422206
        1.7400053000         3.0500000000         1.5241591891         0.1988982482         4.8974563025
        1.7450044000         3.0500000000         1.5369208233         0.2269689002         5.2298929237
        1.7500708000         3.0500000000         1.5318161696         0.2499357974         5.0969182752
        1.7550062000         3.0500000000         1.5369208233         0.2677989396         5.2298929237
        1.7600103000         3.0500000000         1.5445778039         0.2907658367         5.4293548964
        1.7650044000         3.0500000000         1.5420254771         0.3086289789         5.3628675721
        1.7700034000         3.0500000000         1.5394731502         0.3341477535         5.2963802479
        1.7750057000         3.0500000000         1.5420254771         0.3494590183         5.3628675721
        1.7800061000         3.0500000000         1.5394731502         0.3698740379         5.2963802479
        1.7850127000         3.0500000000         1.5369208233         0.3928409351         5.2298929237
        1.7900251000         3.0500000000         1.5369208233         0.4132559548         5.2298929237
        1.7950067000         3.0500000000         1.5471301308         0.4413266068         5.4958422206
        1.8000083000         3.0500000000         1.5292638428         0.4515341166         5.0304309510
        1.8051900000         3.0500000000         1.5318161696         0.4693972588         5.0969182752
        1.8102528000         3.0500000000         1.5292638428         0.4898122785         5.0304309510
        1.8150080000         3.0500000000         1.5369208233         0.5102272982         5.2298929237
        1.8200061000         3.0500000000         1.5343684965         0.5357460728         5.1634055994
        1.8250136000         3.0500000000         1.5343684965         0.5536092150         5.1634055994
        1.8300057000         3.0500000000         1.5318161696         0.5765761121         5.0969182752
        1.8350070000         3.0500000000         1.5496824576         0.6071986416         5.5623295448
        1.8400055000         3.0500000000         1.5292638428         0.6174061515         5.0304309510
        1.8450047000         3.0500000000         1.5394731502         0.6403730486         5.2963802479
        1.8500049000         3.0500000000         1.5445778039         0.6658918232         5.4293548964
        1.8550028000         3.0500000000         1.5394731502         0.6786512105         5.2963802479
        1.8600019000         3.0500000000         1.5394731502         0.7016181076         5.2963802479
        1.8650082000         3.0500000000         1.5445778039         0.7169293724         5.4293548964
        1.8700056000         3.0500000000         1.5292638428         0.7450000244         5.0304309510
        1.8750114000         3.0500000000         1.5394731502         0.7628631666         5.2963802479
        1.8800041000         3.0500000000         1.5343684965         0.7832781863         5.1634055994
        1.8850040000         3.0500000000         1.5471301308         0.8087969609         5.4958422206
        1.8900102000         3.0500000000         1.5318161696         0.8215563482         5.0969182752
        1.8950094000         3.0500000000         1.5420254771         0.8470751228         5.3628675721
        1.9000247000         3.0500000000         1.5292638428         0.8623863875         5.0304309510
        1.9050165000         3.0500000000         1.5471301308         0.8930089170         5.4958422206
        1.9100033000         3.0500000000         1.5343684965         0.9032164269         5.1634055994
        1.9150043000         3.0500000000         1.5394731502         0.9312870789         5.2963802479
        1.9200055000         3.0500000000         1.5369208233         0.9465983437         5.2298929237
        1.9250060000         3.0500000000         1.5445778039         0.9695652408         5.4293548964
        1.9300043000         3.0500000000         1.5394731502         0.9925321379         5.2963802479
        1.9350063000         3.0500000000         1.5369208233         1.0129471576         5.2298929237
        1.9400064000         3.0500000000         1.5394731502         1.0257065449         5.2963802479
        1.9450032000         3.0500000000         1.5369208233         1.0461215646         5.2298929237
        1.9500074000         3.0500000000         1.5318161696         1.0665365843         5.0969182752
        1.9550067000         3.0500000000         1.5369208233         1.0843997265         5.2298929237
        1.9600089000         3.0500000000         1.5318161696         1.1099185011         5.0969182752
        1.9650067000         3.0500000000         1.5267115159         1.1252297658         4.9639436268
        1.9700033000         3.0500000000         1.5292638428         1.1456447855         5.0304309510
        1.9750065000         3.0500000000         1.5445778039         1.1711635601         5.4293548964
        1.9800062000         3.0500000000         1.5292638428         1.1813710699         5.0304309510
        1.9850071000         3.0500000000         1.5292638428         1.2043379670         5.0304309510
        1.9900056000         3.0500000000         1.5369208233         1.2247529867         5.2298929237
        1.9950084000         3.0500000000         1.5267115159         1.2400642515         4.9639436268
        2.0001020000         3.0500000000         1.5292638428         1.2655830261         5.0304309510
        2.0050062000         3.0500000000         1.5343684965         1.2859980457         5.1634055994
        2.0100030000         3.0500000000         1.5292638428         1.2987574330         5.0304309510
        2.0150072000         3.0500000000         1.5292638428         1.3166205752         5.0304309510
        2.0200062000         3.0500000000         1.5292638428         1.3370355949         5.0304309510
        2.0250025000         3.0500000000         1.5445778039         1.3625543695         5.4293548964
        2.0300045000         3.0500000000         1.5241591891         1.3753137568         4.8974563025
        2.0350089000         3.0500000000         1.5394731502         1.3957287765         5.2963802479
        2.0400056000         3.0500000000         1.5165022085         1.4110400412         4.6979943299
        2.0450216000         3.0500000000         1.5522347845         1.4416625707         5.6288168690
        2.0500094000         3.0500000000         1.5190545354         1.4493182031         4.7644816541
        2.0550061000         3.0500000000         1.5369208233         1.4697332228         5.2298929237
        2.0600066000         3.0500000000         1.5139498816         1.4875963650         4.6315070056
        2.0650063000         3.0500000000         1.5318161696         1.5054595072         5.0969182752
        2.0700072000         3.0500000000         1.5267115159         1.5335301593         4.9639436268
        2.0750058000         3.0500000000         1.5343684965         1.5513933015         5.1634055994
        2.0800055000         3.0500000000         1.5216068622         1.5692564437         4.8309689783
        2.0850063000         3.0500000000         1.5445778039         1.5973270957         5.4293548964
        2.0900126000         3.0500000000         1.5241591891         1.6100864830         4.8974563025
        2.0950035000         3.0500000000         1.5318161696         1.6279496252         5.0969182752
        2.1000053000         3.0500000000         1.5292638428         1.6483646449         5.0304309510
        2.1050064000         3.0500000000         1.5369208233         1.6636759097         5.2298929237
        2.1100077000         3.0500000000         1.5267115159         1.6840909293         4.9639436268
        2.1150119000         3.0500000000         1.5267115159         1.7045059490         4.9639436268
        2.1200090000         3.0500000000         1.5241591891         1.7223690912         4.8974563025
        2.1250083000         3.0500000000         1.5216068622         1.7376803560         4.8309689783
        2.1300099000         3.0500000000         1.5216068622         1.7529916207         4.8309689783
        2.1350082000         3.0500000000         1.5394731502         1.7836141502         5.2963802479
        2.1400068000         3.0500000000         1.5292638428         1.8040291699         5.0304309510
        2.1450604000         3.0500000000         1.5318161696         1.8167885572         5.0969182752
        2.1500254000         3.0500000000         1.5318161696         1.8397554543         5.0969182752
        2.1550057000         3.0500000000         1.5216068622         1.8525148416         4.8309689783
        2.1600062000         3.0500000000         1.5241591891         1.8678261064         4.8974563025
        2.1650152000         3.0500000000         1.5267115159         1.8831373711         4.9639436268
        2.1700035000         3.0500000000         1.5267115159         1.9112080232         4.9639436268
        2.1750057000         3.0500000000         1.5216068622         1.9239674105         4.8309689783
        2.1800062000         3.0500000000         1.5165022085         1.9469343076         4.6979943299
        2.1850026000         3.0500000000         1.5241591891         1.9571418174         4.8974563025
        2.1900058000         3.0500000000         1.5190545354         1.9775568371         4.7644816541
        2.1950154000         3.0500000000         1.5139498816         1.9954199793         4.6315070056
        2.2000054000         3.0500000000         1.5216068622         2.0209387539         4.8309689783
        2.2050061000         3.0500000000         1.5216068622         2.0413537736         4.8309689783
        2.2100031000         3.0500000000         1.5216068622         2.0592169158         4.8309689783
        2.2150092000         3.0500000000         1.5165022085         2.0770800580         4.6979943299
        2.2200060000         3.0500000000         1.5216068622         2.0872875679         4.8309689783
        2.2250039000         3.0500000000         1.5241591891         2.1179100974         4.8974563025
        2.2300047000         3.0500000000         1.5241591891         2.1306694847         4.8974563025
        2.2350091000         3.0500000000         1.5292638428         2.1561882593         5.0304309510
        2.2400063000         3.0500000000         1.5267115159         2.1689476465         4.9639436268
        2.2450038000         3.0500000000         1.5267115159         2.1868107888         4.9639436268
        2.2500060000         3.0500000000         1.5343684965         2.2123295633         5.1634055994
        2.2550047000         3.0500000000         1.5267115159         2.2199851957         4.9639436268
        2.2600067000         3.0500000000         1.5190545354         2.2429520929         4.7644816541
        2.2650065000         3.0500000000         1.5318161696         2.2659189900         5.0969182752
        2.2700075000         3.0500000000         1.4960835936         2.2761264998         4.1660957360
        2.2750082000         3.0500000000         1.5292638428         2.3016452744         5.0304309510
        2.2800111000         3.0500000000         1.5190545354         2.3195084166         4.7644816541
        2.2850069000         3.0500000000         1.5369208233         2.3450271912         5.2298929237
        2.2900054000         3.0500000000         1.5267115159         2.3628903334         4.9639436268
        2.2950048000         3.0500000000         1.5292638428         2.3782015982         5.0304309510
        2.3000339000         3.0500000000         1.5113975548         2.3884091080         4.5650196814
        2.3050113000         3.0500000000         1.5292638428         2.4088241277         5.0304309510
        2.3100112000         3.0500000000         1.5216068622         2.4343429023         4.8309689783
        2.3150301000         3.0500000000         1.5420254771         2.4598616769         5.3628675721
        2.3200042000         3.0500000000         1.5267115159         2.4726210642         4.9639436268
        2.3250055000         3.0500000000         1.5394731502         2.5006917162         5.2963802479
        2.3301219000         3.0500000000         1.5165022085         2.5057954711         4.6979943299
        2.3350064000         3.0500000000         1.5343684965         2.5287623683         5.1634055994
        2.3400048000         3.0500000000         1.5471301308         2.5517292654         5.4958422206
        2.3450053000         3.0500000000         1.5369208233         2.5746961625         5.2298929237
        2.3501078000         3.0500000000         1.5369208233         2.5925593047         5.2298929237
        2.3550068000         3.0500000000         1.5165022085         2.6053186920         4.6979943299
        2.3600049000         3.0500000000         1.5394731502         2.6282855892         5.2963802479
        2.3650065000         3.0500000000         1.5292638428         2.6461487314         5.0304309510
        2.3700297000         3.0500000000         1.5318161696         2.6589081187         5.0969182752
        2.3750039000         3.0500000000         1.5343684965         2.6920825256         5.1634055994
        2.3801068000         3.0500000000         1.5369208233         2.7048419129         5.2298929237
        2.3850141000         3.0500000000         1.5267115159         2.7278088101         4.9639436268
        2.3900063000         3.0500000000         1.5394731502         2.7405681974         5.2963802479
        2.3950066000         3.0500000000         1.5343684965         2.7635350945         5.1634055994
        2.4000061000         3.0500000000         1.5369208233         2.7941576240         5.2298929237
        2.4050452000         3.0500000000         1.5343684965         2.8018132564         5.1634055994
        2.4100049000         3.0500000000         1.5445778039         2.8324357859         5.4293548964
        2.4150062000         3.0500000000         1.5420254771         2.8477470506         5.3628675721
        2.4200110000         3.0500000000         1.5343684965         2.8656101929         5.1634055994
        2.4250040000         3.0500000000         1.5445778039         2.8860252125         5.4293548964
        2.4300040000         3.0500000000         1.5216068622         2.9013364773         4.8309689783
        2.4350054000         3.0500000000         1.5369208233         2.9217514970         5.2298929237
        2.4400065000         3.0500000000         1.5292638428         2.9421665166         5.0304309510
        2.4451087000         3.0500000000         1.5394731502         2.9702371687         5.2963802479
        2.4500034000         3.0500000000         1.5369208233         2.9778928011         5.2298929237
        2.4550083000         3.0500000000         1.5369208233         3.0059634531         5.2298929237
        2.4600107000         3.0500000000         1.5394731502         3.0340341051         5.2963802479
        2.4650070000         3.0500000000         1.5343684965         3.0416897375         5.1634055994
        2.4700068000         3.0500000000         1.5394731502         3.0748641445         5.2963802479
        2.4750068000         3.0500000000         1.5445778039         3.0901754092         5.4293548964
        2.4800046000         3.0500000000         1.5343684965         3.1029347965         5.1634055994
        2.4850053000         3.0500000000         1.5318161696         3.1259016937         5.0969182752
        2.4900187000         3.0500000000         1.5369208233         3.1539723457         5.2298929237
        2.4950479000         3.0500000000         1.5369208233         3.1718354879         5.2298929237
        2.5000028000         3.0500000000         1.5445778039         3.1948023851         5.4293548964
        2.5050052000         3.0500000000         1.5394731502         3.2101136498         5.2963802479
        2.5100041000         3.0500000000         1.5343684965         3.2254249146         5.1634055994
        2.5150268000         3.0500000000         1.5318161696         3.2483918117         5.0969182752
        2.5200062000         3.0500000000         1.5343684965         3.2688068314         5.1634055994
        2.5250034000         3.0500000000         1.5369208233         3.2892218510         5.2298929237
        2.5300038000         3.0500000000         1.5369208233         3.3172925031         5.2298929237
        2.5350088000         3.0500000000         1.5496824576         3.3377075228         5.5623295448
        2.5400054000         3.0500000000         1.5292638428         3.3428112777         5.0304309510
        2.5451609000         3.0500000000         1.5292638428         3.3708819297         5.0304309510
        2.5500075000         3.0500000000         1.5420254771         3.3938488269         5.3628675721
        2.5550086000         3.0500000000         1.5216068622         3.4040563367         4.8309689783
        2.5600080000         3.0500000000         1.5471301308         3.4346788662         5.4958422206
        2.5651531000         3.0500000000         1.5445778039         3.4550938859         5.4293548964
        2.5700049000         3.0500000000         1.5139498816         3.4627495183         4.6315070056
        2.5750089000         3.0500000000         1.5318161696         3.4908201703         5.0969182752
        2.5800059000         3.0500000000         1.5420254771         3.5137870674         5.3628675721
        2.5850051000         3.0500000000         1.5471301308         3.5342020871         5.4958422206
        2.5900069000         3.0500000000         1.5420254771         3.5469614744         5.3628675721
        2.5950037000         3.0500000000         1.5267115159         3.5597208617         4.9639436268
        2.6000116000         3.0500000000         1.5267115159         3.5877915138         4.9639436268
        2.6050098000         3.0500000000         1.5292638428         3.6056546560         5.0304309510
        2.6100119000         3.0500000000         1.5343684965         3.6235177982         5.1634055994
        2.6150128000         3.0500000000         1.5394731502         3.6464846953         5.2963802479
        2.6200072000         3.0500000000         1.5445778039         3.6643478375         5.4293548964
        2.6250147000         3.0500000000         1.5292638428         3.6796591023         5.0304309510
        2.6300132000         3.0500000000         1.5241591891         3.7000741219         4.8974563025
        2.6350100000         3.0500000000         1.5445778039         3.7230410191         5.4293548964
        2.6400059000         3.0500000000         1.5471301308         3.7409041613         5.4958422206
        2.6450042000         3.0500000000         1.5343684965         3.7613191810         5.1634055994
        2.6500077000         3.0500000000         1.5369208233         3.7893898330         5.2298929237
        2.6550096000         3.0500000000         1.5267115159         3.7995973429         4.9639436268
        2.6600098000         3.0500000000         1.5394731502         3.8276679949         5.2963802479
        2.6650071000         3.0500000000         1.5471301308         3.8557386469         5.4958422206
        2.6701296000         3.0500000000         1.5267115159         3.8633942793         4.9639436268
        2.6750046000         3.0500000000         1.5369208233         3.8812574215         5.2298929237
        2.6800050000         3.0500000000         1.5343684965         3.9093280736         5.1634055994
        2.6851440000         3.0500000000         1.5420254771         3.9297430933         5.3628675721
        2.6901249000         3.0500000000         1.5496824576         3.9476062355         5.5623295448
        2.6950054000         3.0500000000         1.5369208233         3.9705731326         5.2298929237
        2.7000064000         3.0500000000         1.5471301308         3.9960919072         5.4958422206
        2.7051179000         3.0500000000         1.5471301308         4.0165069269         5.4958422206
        2.7100059000         3.0500000000         1.5496824576         4.0369219465         5.5623295448
        2.7152169000         3.0500000000         1.5496824576         4.0573369662         5.5623295448
        2.7200050000         3.0500000000         1.5496824576         4.0752001084         5.5623295448
        2.7250803000         3.0500000000         1.5496824576         4.0956151281         5.5623295448
        2.7300029000         3.0500000000         1.5445778039         4.1134782703         5.4293548964
        2.7350117000         3.0500000000         1.5496824576         4.1364451674         5.5623295448
        2.7400099000         3.0500000000         1.5471301308         4.1645158195         5.4958422206
        2.7450942000         3.0500000000         1.5496824576         4.1772752068         5.5623295448
        2.7500049000         3.0500000000         1.5496824576         4.2053458588         5.5623295448
        2.7553261000         3.0500000000         1.5573394382         4.2232090010         5.7617915175
        2.7600056000         3.0500000000         1.5420254771         4.2461758982         5.3628675721
        2.7650107000         3.0500000000         1.5496824576         4.2640390404         5.5623295448
        2.7700048000         3.0500000000         1.5343684965         4.2819021826         5.1634055994
        2.7750123000         3.0500000000         1.5394731502         4.3074209572         5.2963802479
        2.7800083000         3.0500000000         1.5420254771         4.3227322219         5.3628675721
        2.7850311000         3.0500000000         1.5343684965         4.3405953642         5.1634055994
        2.7900858000         3.0500000000         1.5343684965         4.3661141388         5.1634055994
        2.7950056000         3.0500000000         1.5445778039         4.3865291584         5.4293548964
        2.8000077000         3.0500000000         1.5445778039         4.4120479330         5.4293548964
        2.8050070000         3.0500000000         1.5292638428         4.4222554428         5.0304309510
        2.8102237000         3.0500000000         1.5241591891         4.4426704625         4.8974563025
        2.8150069000         3.0500000000         1.5420254771         4.4707411146         5.3628675721
        2.8200062000         3.0500000000         1.5369208233         4.4962598892         5.2298929237
        2.8250069000         3.0500000000         1.5496824576         4.5166749088         5.5623295448
        2.8300037000         3.0500000000         1.5267115159         4.5243305412         4.9639436268
        2.8350081000         3.0500000000         1.5420254771         4.5575049482         5.3628675721
        2.8400053000         3.0500000000         1.5394731502         4.5728162129         5.2963802479
        2.8451487000         3.0500000000         1.5394731502         4.6008868650         5.2963802479
        2.8500058000         3.0500000000         1.5471301308         4.6187500072         5.4958422206
        2.8550055000         3.0500000000         1.5445778039         4.6442687818         5.4293548964
        2.8600064000         3.0500000000         1.5267115159         4.6519244142         4.9639436268
        2.8650075000         3.0500000000         1.5369208233         4.6799950662         5.2298929237
        2.8700051000         3.0500000000         1.5394731502         4.7004100859         5.2963802479
        2.8751351000         3.0500000000         1.5267115159         4.7157213506         4.9639436268
        2.8800066000         3.0500000000         1.5445778039         4.7488957576         5.4293548964
        2.8851146000         3.0500000000         1.5394731502         4.7642070224         5.2963802479
        2.8900045000         3.0500000000         1.5496824576         4.7922776744         5.5623295448
        2.8950071000         3.0500000000         1.5420254771         4.7999333068         5.3628675721
        2.9000548000         3.0500000000         1.5394731502         4.8305558363         5.2963802479
        2.9050558000         3.0500000000         1.5471301308         4.8535227334         5.4958422206
        2.9101529000         3.0500000000         1.5420254771         4.8688339982         5.3628675721
        2.9150082000         3.0500000000         1.5369208233         4.8815933855         5.2298929237
        2.9200097000         3.0500000000         1.5318161696         4.9020084051         5.0969182752
        2.9250078000         3.0500000000         1.5369208233         4.9300790572         5.2298929237
        2.9300183000         3.0500000000         1.5471301308         4.9530459543         5.4958422206
        2.9350127000         3.0500000000         1.5267115159         4.9683572191         4.9639436268
        2.9400101000         3.0500000000         1.5420254771         4.9938759937         5.3628675721
        2.9450084000         3.0500000000         1.5445778039         5.0142910133         5.4293548964
        2.9500111000         3.0500000000         1.5420254771         5.0142910133         5.3628675721
        2.9550101000         3.0500000000         1.5369208233         5.0066353810         5.2298929237
        2.9600060000         3.0500000000         1.5445778039         5.0066353810         5.4293548964
        2.9650101000         3.0500000000         1.5343684965         5.0015316260         5.1634055994
        2.9700119000         3.0500000000         1.5394731502         5.0066353810         5.2963802479
        2.9750060000         3.0500000000         1.5471301308         1.1175741334         5.4958422206
        2.9800091000         3.0500000000         1.5445778039         1.1175741334         5.4293548964
        2.9850101000         3.0500000000         1.5445778039         1.0997109912         5.4293548964
        2.9900125000         3.0500000000         1.5369208233         0.0024036839         5.2298929237
        2.9950072000         3.0500000000         1.5471301308        -0.0001481936         5.4958422206
        3.0000113000         3.0500000000         1.5420254771         0.0024036839         5.3628675721
        3.0050069000         3.0500000000         1.5343684965         0.0024036839         5.1634055994
        3.0100076000         3.0500000000         1.5471301308         0.0075074388         5.4958422206
        3.0150111000         3.0500000000         1.5471301308         0.0100593162         5.4958422206
        3.0200093000         3.0500000000         1.5420254771         0.0202668261         5.3628675721
        3.0250059000         3.0500000000         1.5369208233         0.0330262134         5.2298929237
        3.0300089000         3.0500000000         1.5471301308         0.0534412330         5.4958422206
        3.0350098000         3.0500000000         1.5267115159         0.0764081302         4.9639436268
        3.0400090000         3.0500000000         1.5471301308         0.1121344146         5.4958422206
        3.0450132000         3.0500000000         1.5420254771         0.1299975568         5.3628675721
        3.0502105000         3.0500000000         1.5420254771         0.1478606990         5.3628675721
        3.0550071000         3.0500000000         1.5394731502         0.1733794736         5.2963802479
        3.0600105000         3.0500000000         1.5471301308         0.1886907384         5.4958422206
        3.0650104000         3.0500000000         1.5445778039         0.2167613904         5.4293548964
        3.0700122000         3.0500000000         1.5343684965         0.2320726552         5.1634055994
        3.0750095000         3.0500000000         1.5420254771         0.2550395523         5.3628675721
        3.0800060000         3.0500000000         1.5267115159         0.2677989396         4.9639436268
        3.0850236000         3.0500000000         1.5369208233         0.2907658367         5.2298929237
        3.0900084000         3.0500000000         1.5318161696         0.3086289789         5.0969182752
        3.0950428000         3.0500000000         1.5292638428         0.3264921211         5.0304309510
        3.1000074000         3.0500000000         1.5369208233         0.3469071408         5.2298929237
        3.1050482000         3.0500000000         1.5267115159         0.3749777929         4.9639436268
        3.1100646000         3.0500000000         1.5343684965         0.3979446900         5.1634055994
        3.1150069000         3.0500000000         1.5496824576         0.4158078322         5.5623295448
        3.1200068000         3.0500000000         1.5369208233         0.4362228519         5.2298929237
        3.1250126000         3.0500000000         1.5318161696         0.4540859941         5.0969182752
        3.1300063000         3.0500000000         1.5369208233         0.4745010138         5.2298929237
        3.1350267000         3.0500000000         1.5318161696         0.4974679109         5.0969182752
        3.1400094000         3.0500000000         1.5369208233         0.5153310531         5.2298929237
        3.1450060000         3.0500000000         1.5241591891         0.5382979502         4.8974563025
        3.1501571000         3.0500000000         1.5394731502         0.5612648474         5.2963802479
        3.1551722000         3.0500000000         1.5394731502         0.5842317445         5.2963802479
        3.1600123000         3.0500000000         1.5394731502         0.5995430093         5.2963802479
        3.1650081000         3.0500000000         1.5267115159         0.6097505191         4.9639436268
        3.1701439000         3.0500000000         1.5318161696         0.6378211711         5.0969182752
        3.1750105000         3.0500000000         1.5343684965         0.6556843134         5.1634055994
        3.1800072000         3.0500000000         1.5369208233         0.6786512105         5.2298929237
        3.1850104000         3.0500000000         1.5394731502         0.6939624752         5.2963802479
        3.1900063000         3.0500000000         1.5522347845         0.7296887597         5.6288168690
        3.1950060000         3.0500000000         1.5445778039         0.7475519019         5.4293548964
        3.2000109000         3.0500000000         1.5369208233         0.7603112892         5.2298929237
        3.2050059000         3.0500000000         1.5369208233         0.7807263088         5.2298929237
        3.2100095000         3.0500000000         1.5522347845         0.8062450834         5.6288168690
        3.2150061000         3.0500000000         1.5394731502         0.8317638580         5.2963802479
        3.2200075000         3.0500000000         1.5496824576         0.8496270002         5.5623295448
        3.2250228000         3.0500000000         1.5369208233         0.8598345101         5.2298929237
        3.2300040000         3.0500000000         1.5292638428         0.8802495297         5.0304309510
        3.2350078000         3.0500000000         1.5241591891         0.8981126720         4.8974563025
        3.2400108000         3.0500000000         1.5343684965         0.9185276916         5.1634055994
        3.2451763000         3.0500000000         1.5394731502         0.9465983437         5.2963802479
        3.2500909000         3.0500000000         1.5369208233         0.9644614859         5.2298929237
        3.2550563000         3.0500000000         1.5471301308         0.9899802605         5.4958422206
        3.2600080000         3.0500000000         1.5343684965         1.0027396478         5.1634055994
        3.2650347000         3.0500000000         1.5522347845         1.0333621773         5.6288168690
        3.2700538000         3.0500000000         1.5394731502         1.0486734420         5.2963802479
        3.2750079000         3.0500000000         1.5369208233         1.0716403392         5.2298929237
        3.2800077000         3.0500000000         1.5471301308         1.0869516039         5.4958422206
        3.2851553000         3.0500000000         1.5318161696         1.1073666236         5.0969182752
        3.2900085000         3.0500000000         1.5292638428         1.1226778884         5.0304309510
        3.2951182000         3.0500000000         1.5420254771         1.1507485404         5.3628675721
        3.3000115000         3.0500000000         1.5369208233         1.1686116826         5.2298929237
        3.3050054000         3.0500000000         1.5496824576         1.1966823347         5.5623295448
        3.3103300000         3.0500000000         1.5394731502         1.2119935994         5.2963802479
        3.3150120000         3.0500000000         1.5394731502         1.2298567416         5.2963802479
        3.3200103000         3.0500000000         1.5445778039         1.2579273937         5.4293548964
        3.3250474000         3.0500000000         1.5445778039         1.2783424134         5.4293548964
        3.3300068000         3.0500000000         1.5394731502         1.2911018006         5.2963802479
        3.3356353000         3.0500000000         1.5369208233         1.3064130654         5.2298929237
        3.3400149000         3.0500000000         1.5394731502         1.3370355949         5.2963802479
        3.3450084000         3.0500000000         1.5369208233         1.3421393498         5.2298929237
        3.3500090000         3.0500000000         1.5394731502         1.3702100019         5.2963802479
        3.3550106000         3.0500000000         1.5343684965         1.3855212666         5.1634055994
        3.3600134000         3.0500000000         1.5241591891         1.4033844088         4.8974563025
        3.3657377000         3.0500000000         1.5522347845         1.4391106933         5.6288168690
        3.3700621000         3.0500000000         1.5267115159         1.4416625707         4.9639436268
        3.3750102000         3.0500000000         1.5318161696         1.4646294679         5.0969182752
        3.3800104000         3.0500000000         1.5343684965         1.4927001199         5.1634055994
        3.3850069000         3.0500000000         1.5343684965         1.5080113847         5.1634055994
        3.3900063000         3.0500000000         1.5343684965         1.5284264043         5.1634055994
        3.3950409000         3.0500000000         1.5369208233         1.5488414240         5.2298929237
        3.4000078000         3.0500000000         1.5267115159         1.5692564437         4.9639436268
        3.4050292000         3.0500000000         1.5292638428         1.5845677084         5.0304309510
        3.4100908000         3.0500000000         1.5292638428         1.6049827281         5.0304309510
        3.4150084000         3.0500000000         1.5267115159         1.6177421154         4.9639436268
        3.4200189000         3.0500000000         1.5343684965         1.6432608900         5.1634055994
        3.4250086000         3.0500000000         1.5292638428         1.6636759097         5.0304309510
        3.4300083000         3.0500000000         1.5445778039         1.6815390519         5.4293548964
        3.4351139000         3.0500000000         1.5318161696         1.7019540715         5.0969182752
        3.4400056000         3.0500000000         1.5292638428         1.7172653363         5.0304309510
        3.4450088000         3.0500000000         1.5318161696         1.7427841109         5.0969182752
        3.4500084000         3.0500000000         1.5318161696         1.7580953756         5.0969182752
        3.4550400000         3.0500000000         1.5292638428         1.7810622728         5.0304309510
        3.4600255000         3.0500000000         1.5292638428         1.7938216601         5.0304309510
        3.4650149000         3.0500000000         1.5343684965         1.8167885572         5.1634055994
        3.4701478000         3.0500000000         1.5241591891         1.8269960670         4.8974563025
        3.4751917000         3.0500000000         1.5292638428         1.8525148416         5.0304309510
        3.4800523000         3.0500000000         1.5267115159         1.8652742289         4.9639436268
        3.4850101000         3.0500000000         1.5216068622         1.8856892486         4.8309689783
        3.4901492000         3.0500000000         1.5318161696         1.9086561457         5.0969182752
        3.4950062000         3.0500000000         1.5267115159         1.9265192879         4.9639436268
        3.5000094000         3.0500000000         1.5343684965         1.9545899400         5.1634055994
        3.5050805000         3.0500000000         1.5318161696         1.9647974498         5.0969182752
        3.5107559000         3.0500000000         1.5343684965         1.9826605920         5.1634055994
        3.5151618000         3.0500000000         1.5241591891         1.9979718568         4.8974563025
        3.5200408000         3.0500000000         1.5267115159         2.0183868765         4.9639436268
        3.5250088000         3.0500000000         1.5292638428         2.0413537736         5.0304309510
        3.5301478000         3.0500000000         1.5318161696         2.0643206707         5.0969182752
        3.5350529000         3.0500000000         1.5318161696         2.0872875679         5.0969182752
        3.5400921000         3.0500000000         1.5343684965         2.1025988326         5.1634055994
        3.5450060000         3.0500000000         1.5369208233         2.1255657297         5.2298929237
        3.5500064000         3.0500000000         1.5318161696         2.1408769945         5.0969182752
        3.5550072000         3.0500000000         1.5343684965         2.1587401367         5.1634055994
        3.5600050000         3.0500000000         1.5267115159         2.1766032789         4.9639436268
        3.5650155000         3.0500000000         1.5369208233         2.2021220535         5.2298929237
        3.5700099000         3.0500000000         1.5394731502         2.2199851957         5.2963802479
        3.5750101000         3.0500000000         1.5343684965         2.2480558478         5.1634055994
        3.5800095000         3.0500000000         1.5445778039         2.2633671125         5.4293548964
        3.5850058000         3.0500000000         1.5318161696         2.2812302547         5.0969182752
        3.5900044000         3.0500000000         1.5343684965         2.2914377646         5.1634055994
        3.5950074000         3.0500000000         1.5343684965         2.3246121715         5.1634055994
        3.6000098000         3.0500000000         1.5445778039         2.3373715588         5.4293548964
        3.6050083000         3.0500000000         1.5267115159         2.3577865785         4.9639436268
        3.6100437000         3.0500000000         1.5471301308         2.3782015982         5.4958422206
        3.6150070000         3.0500000000         1.5292638428         2.3909609855         5.0304309510
        3.6200063000         3.0500000000         1.5343684965         2.4139278826         5.1634055994
        3.6252615000         3.0500000000         1.5292638428         2.4394466572         5.0304309510
        3.6300043000         3.0500000000         1.5471301308         2.4598616769         5.4958422206
        3.6350056000         3.0500000000         1.5343684965         2.4802766965         5.1634055994
        3.6400068000         3.0500000000         1.5420254771         2.5006917162         5.3628675721
        3.6450493000         3.0500000000         1.5369208233         2.5211067359         5.2298929237
        3.6500404000         3.0500000000         1.5394731502         2.5466255105         5.2963802479
        3.6550111000         3.0500000000         1.5369208233         2.5568330203         5.2298929237
        3.6600105000         3.0500000000         1.5522347845         2.5797999174         5.6288168690
        3.6650105000         3.0500000000         1.5369208233         2.6027668146         5.2298929237
        3.6700514000         3.0500000000         1.5369208233         2.6206299568         5.2298929237
        3.6751094000         3.0500000000         1.5369208233         2.6410449765         5.2298929237
        3.6800071000         3.0500000000         1.5292638428         2.6589081187         5.0304309510
        3.6850251000         3.0500000000         1.5292638428         2.6767712609         5.0304309510
        3.6900108000         3.0500000000         1.5343684965         2.6895306482         5.1634055994
        3.6951057000         3.0500000000         1.5267115159         2.7099456679         4.9639436268
        3.7000081000         3.0500000000         1.5496824576         2.7431200748         5.5623295448
        3.7050120000         3.0500000000         1.5343684965         2.7558794621         5.1634055994
        3.7100069000         3.0500000000         1.5420254771         2.7813982367         5.3628675721
        3.7150059000         3.0500000000         1.5241591891         2.7967095015         4.8974563025
        3.7200097000         3.0500000000         1.5394731502         2.8171245211         5.2963802479
        3.7251010000         3.0500000000         1.5292638428         2.8349876633         5.0304309510
        3.7300061000         3.0500000000         1.5318161696         2.8477470506         5.0969182752
        3.7352169000         3.0500000000         1.5369208233         2.8809214576         5.2298929237
        3.7400070000         3.0500000000         1.5369208233         2.8936808449         5.2298929237
        3.7450878000         3.0500000000         1.5216068622         2.9140958646         4.8309689783
        3.7500108000         3.0500000000         1.5394731502         2.9345108842         5.2963802479
        3.7550072000         3.0500000000         1.5369208233         2.9523740265         5.2298929237
        3.7600083000         3.0500000000         1.5420254771         2.9778928011         5.3628675721
        3.7650108000         3.0500000000         1.5420254771         3.0008596982         5.3628675721
        3.7700112000         3.0500000000         1.5267115159         3.0059634531         4.9639436268
        3.7750106000         3.0500000000         1.5343684965         3.0263784728         5.1634055994
        3.7800097000         3.0500000000         1.5394731502         3.0518972474         5.2963802479
        3.7850104000         3.0500000000         1.5292638428         3.0723122670         5.0304309510
        3.7900124000         3.0500000000         1.5394731502         3.0952791642         5.2963802479
        3.7950069000         3.0500000000         1.5420254771         3.1182460613         5.3628675721
        3.8000118000         3.0500000000         1.5292638428         3.1335573261         5.0304309510
        3.8050087000         3.0500000000         1.5394731502         3.1539723457         5.2963802479
        3.8100194000         3.0500000000         1.5292638428         3.1641798556         5.0304309510
        3.8150126000         3.0500000000         1.5394731502         3.1973542625         5.2963802479
        3.8200142000         3.0500000000         1.5471301308         3.2203211597         5.4958422206
        3.8250091000         3.0500000000         1.5496824576         3.2330805470         5.5623295448
        3.8300097000         3.0500000000         1.5343684965         3.2534955666         5.1634055994
        3.8350076000         3.0500000000         1.5343684965         3.2739105863         5.1634055994
        3.8400123000         3.0500000000         1.5420254771         3.3019812383         5.3628675721
        3.8450201000         3.0500000000         1.5445778039         3.3121887482         5.4293548964
        3.8500160000         3.0500000000         1.5445778039         3.3326037679         5.4293548964
        3.8550143000         3.0500000000         1.5471301308         3.3606744199         5.4958422206
        3.8600102000         3.0500000000         1.5471301308         3.3810894396         5.4958422206
        3.8650191000         3.0500000000         1.5369208233         3.3938488269         5.2298929237
        3.8700153000         3.0500000000         1.5394731502         3.4117119691         5.2963802479
        3.8750111000         3.0500000000         1.5573394382         3.4423344986         5.7617915175
        3.8800126000         3.0500000000         1.5394731502         3.4525420084         5.2963802479
        3.8850096000         3.0500000000         1.5420254771         3.4780607830         5.3628675721
        3.8900068000         3.0500000000         1.5445778039         3.4984758027         5.4293548964
        3.8950069000         3.0500000000         1.5471301308         3.5188908224         5.4958422206
        3.9000172000         3.0500000000         1.5471301308         3.5393058420         5.4958422206
        3.9050104000         3.0500000000         1.5471301308         3.5673764941         5.4958422206
        3.9100100000         3.0500000000         1.5394731502         3.5750321265         5.2963802479
        3.9150148000         3.0500000000         1.5394731502         3.6031027785         5.2963802479
        3.9200231000         3.0500000000         1.5369208233         3.6158621658         5.2298929237
        3.9250098000         3.0500000000         1.5496824576         3.6490365728         5.5623295448
        3.9300079000         3.0500000000         1.5471301308         3.6643478375         5.4958422206
        3.9350113000         3.0500000000         1.5471301308         3.6847628572         5.4958422206
        3.9400101000         3.0500000000         1.5420254771         3.7051778769         5.3628675721
        3.9450086000         3.0500000000         1.5445778039         3.7306966515         5.4293548964
        3.9500169000         3.0500000000         1.5369208233         3.7434560388         5.2298929237
        3.9550065000         3.0500000000         1.5496824576         3.7613191810         5.5623295448
        3.9600112000         3.0500000000         1.5420254771         3.7893898330         5.3628675721
        3.9650084000         3.0500000000         1.5445778039         3.8098048527         5.4293548964
        3.9700109000         3.0500000000         1.5522347845         3.8302198724         5.6288168690
        3.9750113000         3.0500000000         1.5445778039         3.8506348920         5.4293548964
        3.9800096000         3.0500000000         1.5394731502         3.8659461568         5.2963802479
        3.9850084000         3.0500000000         1.5394731502         3.8889130539         5.2963802479
        3.9900147000         3.0500000000         1.5420254771         3.9118799510         5.3628675721
        3.9950111000         3.0500000000         1.5496824576         3.9322949707         5.5623295448
