% Sweep Step 23/200  Vcmd=2.6200V  CW
% Vg_offset=1.338056V  K_gimbal=26.049690

Time[s]              Vcmd[V]              Vg_raw[V]            Pot[V]               Omega[rad/s]
        0.0006764000         2.6200000000         1.3352870017         0.0177149486        -0.0721387468
        0.0055509000         2.6200000000         1.3378393285         0.0177149486        -0.0056514226
        0.0105155000         2.6200000000         1.3301823480         0.0100593162        -0.2051133952
        0.0156158000         2.6200000000         1.3378393285         0.0177149486        -0.0056514226
        0.0206368000         2.6200000000         1.3378393285         0.0151630711        -0.0056514226
        0.0256551000         2.6200000000         1.3378393285         0.0177149486        -0.0056514226
        0.0306964000         2.6200000000         1.3327346748         0.0100593162        -0.1386260710
        0.0357004000         2.6200000000         1.3327346748         0.0126111937        -0.1386260710
        0.0405574000         2.6200000000         1.3429439823         0.0228187035         0.1273232259
        0.0455952000         2.6200000000         1.3429439823         0.0228187035         0.1273232259
        0.0506911000         2.6200000000         1.3429439823         0.0228187035         0.1273232259
        0.0556734000         2.6200000000         1.3378393285         0.0177149486        -0.0056514226
        0.0607475000         2.6200000000         1.3531532897         0.0228187035         0.3932725228
        0.0656468000         2.6200000000         1.3378393285         0.0177149486        -0.0056514226
        0.0706931000         2.6200000000         1.3378393285         0.0177149486        -0.0056514226
        0.0757265000         2.6200000000         1.3352870017         0.0177149486        -0.0721387468
        0.0807447000         2.6200000000         1.3301823480         0.0126111937        -0.2051133952
        0.0857228000         2.6200000000         1.3352870017         0.0202668261        -0.0721387468
        0.0906914000         2.6200000000         1.3352870017         0.0177149486        -0.0721387468
        0.0957125000         2.6200000000         1.3429439823         0.0228187035         0.1273232259
        0.1005924000         2.6200000000         1.3301823480         0.0126111937        -0.2051133952
        0.1056459000         2.6200000000         1.3352870017         0.0177149486        -0.0721387468
        0.1104676000         2.6200000000         1.3403916554         0.0202668261         0.0608359017
        0.1157463000         2.6200000000         1.3403916554         0.0177149486         0.0608359017
        0.1205464000         2.6200000000         1.3301823480         0.0202668261        -0.2051133952
        0.1257063000         2.6200000000         1.3403916554         0.0253705810         0.0608359017
        0.1305229000         2.6200000000         1.3429439823         0.0228187035         0.1273232259
        0.1356869000         2.6200000000         1.3378393285         0.0177149486        -0.0056514226
        0.1407002000         2.6200000000         1.3352870017         0.0177149486        -0.0721387468
        0.1457085000         2.6200000000         1.3352870017         0.0177149486        -0.0721387468
        0.1506660000         2.6200000000         1.3301823480         0.0100593162        -0.2051133952
        0.1557200000         2.6200000000         1.3454963091         0.0177149486         0.1938105501
        0.1607642000         2.6200000000         1.3301823480         0.0126111937        -0.2051133952
        0.1654986000         2.6200000000         1.3352870017         0.0177149486        -0.0721387468
        0.1705655000         2.6200000000         1.3301823480         0.0100593162        -0.2051133952
        0.1757645000         2.6200000000         1.3352870017         0.0177149486        -0.0721387468
        0.1805468000         2.6200000000         1.3327346748         0.0126111937        -0.1386260710
        0.1855351000         2.6200000000         1.3352870017         0.0151630711        -0.0721387468
        0.1904924000         2.6200000000         1.3301823480         0.0100593162        -0.2051133952
        0.1955597000         2.6200000000         1.3378393285         0.0177149486        -0.0056514226
        0.2004017000         2.6200000000         1.3327346748         0.0126111937        -0.1386260710
        0.2055721000         2.6200000000         1.3352870017         0.0151630711        -0.0721387468
        0.2105615000         2.6200000000         1.3429439823         0.0253705810         0.1273232259
        0.2155029000         2.6200000000         1.3327346748         0.0126111937        -0.1386260710
        0.2206911000         2.6200000000         1.3301823480         0.0126111937        -0.2051133952
        0.2256031000         2.6200000000         1.3327346748         0.0100593162        -0.1386260710
        0.2305386000         2.6200000000         1.3378393285         0.0151630711        -0.0056514226
        0.2355176000         2.6200000000         1.3378393285         0.0177149486        -0.0056514226
        0.2406879000         2.6200000000         1.3454963091         0.0228187035         0.1938105501
        0.2457200000         2.6200000000         1.3378393285         0.0177149486        -0.0056514226
        0.2507538000         2.6200000000         1.3301823480         0.0126111937        -0.2051133952
        0.2554698000         2.6200000000         1.3378393285         0.0151630711        -0.0056514226
        0.2607080000         2.6200000000         1.3454963091         0.0151630711         0.1938105501
        0.2656215000         2.6200000000         1.3429439823         0.0253705810         0.1273232259
        0.2706205000         2.6200000000         1.3352870017         0.0202668261        -0.0721387468
        0.2755365000         2.6200000000         1.3378393285         0.0177149486        -0.0056514226
        0.2806843000         2.6200000000         1.3327346748         0.0126111937        -0.1386260710
        0.2856705000         2.6200000000         1.3378393285         0.0177149486        -0.0056514226
        0.2906996000         2.6200000000         1.3352870017         0.0177149486        -0.0721387468
        0.2954980000         2.6200000000         1.3378393285         0.0151630711        -0.0056514226
        0.3006793000         2.6200000000         1.3301823480         0.0151630711        -0.2051133952
        0.3056943000         2.6200000000         1.3378393285         0.0202668261        -0.0056514226
        0.3105086000         2.6200000000         1.3403916554         0.0253705810         0.0608359017
        0.3154904000         2.6200000000         1.3429439823         0.0253705810         0.1273232259
        0.3207012000         2.6200000000         1.3429439823         0.0253705810         0.1273232259
        0.3256814000         2.6200000000         1.3378393285         0.0177149486        -0.0056514226
        0.3306914000         2.6200000000         1.3352870017         0.0177149486        -0.0721387468
        0.3357551000         2.6200000000         1.3378393285         0.0151630711        -0.0056514226
        0.3407397000         2.6200000000         1.3378393285         0.0177149486        -0.0056514226
        0.3456121000         2.6200000000         1.3352870017         0.0177149486        -0.0721387468
        0.3506195000         2.6200000000         1.3378393285         0.0177149486        -0.0056514226
        0.3555888000         2.6200000000         1.3352870017         0.0177149486        -0.0721387468
        0.3605779000         2.6200000000         1.3378393285         0.0177149486        -0.0056514226
        0.3656754000         2.6200000000         1.3378393285         0.0177149486        -0.0056514226
        0.3706883000         2.6200000000         1.3378393285         0.0177149486        -0.0056514226
        0.3755222000         2.6200000000         1.3352870017         0.0177149486        -0.0721387468
        0.3806880000         2.6200000000         1.3352870017         0.0177149486        -0.0721387468
        0.3856979000         2.6200000000         1.3352870017         0.0177149486        -0.0721387468
        0.3906898000         2.6200000000         1.3301823480         0.0126111937        -0.2051133952
        0.3955549000         2.6200000000         1.3378393285         0.0177149486        -0.0056514226
        0.4005932000         2.6200000000         1.3429439823         0.0228187035         0.1273232259
        0.4054342000         2.6200000000         1.3378393285         0.0151630711        -0.0056514226
        0.4104416000         2.6200000000         1.3301823480         0.0126111937        -0.2051133952
        0.4155623000         2.6200000000         1.3378393285         0.0177149486        -0.0056514226
        0.4204356000         2.6200000000         1.3327346748         0.0126111937        -0.1386260710
        0.4254778000         2.6200000000         1.3327346748         0.0126111937        -0.1386260710
        0.4304525000         2.6200000000         1.3378393285         0.0177149486        -0.0056514226
        0.4354936000         2.6200000000         1.3352870017         0.0177149486        -0.0721387468
        0.4405581000         2.6200000000         1.3301823480         0.0126111937        -0.2051133952
        0.4456392000         2.6200000000         1.3352870017         0.0151630711        -0.0721387468
        0.4504579000         2.6200000000         1.3378393285         0.0177149486        -0.0056514226
        0.4556192000         2.6200000000         1.3608102703         0.0228187035         0.5927344955
        0.4604450000         2.6200000000         1.3301823480         0.0126111937        -0.2051133952
        0.4654282000         2.6200000000         1.3352870017         0.0177149486        -0.0721387468
        0.4704262000         2.6200000000         1.3403916554         0.0177149486         0.0608359017
        0.4755934000         2.6200000000         1.3378393285         0.0177149486        -0.0056514226
        0.4804464000         2.6200000000         1.3378393285         0.0177149486        -0.0056514226
        0.4854292000         2.6200000000         1.3429439823         0.0228187035         0.1273232259
        0.4904381000         2.6200000000         1.3429439823         0.0228187035         0.1273232259
        0.4954277000         2.6200000000         1.3378393285         0.0177149486        -0.0056514226
        0.5004259000         2.6200000000         1.3378393285         0.0177149486        -0.0056514226
        0.5054544000         2.6200000000         1.3301823480         0.0177149486        -0.2051133952
        0.5104543000         2.6200000000         1.3403916554         0.0177149486         0.0608359017
        0.5154476000         2.6200000000         1.3301823480         0.0126111937        -0.2051133952
        0.5204410000         2.6200000000         1.3301823480         0.0126111937        -0.2051133952
        0.5254341000         2.6200000000         1.3378393285         0.0177149486        -0.0056514226
        0.5305541000         2.6200000000         1.3378393285         0.0202668261        -0.0056514226
        0.5356644000         2.6200000000         1.3352870017         0.0177149486        -0.0721387468
        0.5404409000         2.6200000000         1.3454963091         0.0228187035         0.1938105501
        0.5455449000         2.6200000000         1.3429439823         0.0228187035         0.1273232259
        0.5505084000         2.6200000000         1.3429439823         0.0253705810         0.1273232259
        0.5555282000         2.6200000000         1.3327346748         0.0100593162        -0.1386260710
        0.5606779000         2.6200000000         1.3301823480         0.0126111937        -0.2051133952
        0.5655426000         2.6200000000         1.3327346748         0.0126111937        -0.1386260710
        0.5705349000         2.6200000000         1.3352870017         0.0177149486        -0.0721387468
        0.5755450000         2.6200000000         1.3378393285         0.0177149486        -0.0056514226
        0.5804629000         2.6200000000         1.3378393285         0.0151630711        -0.0056514226
        0.5854198000         2.6200000000         1.3352870017         0.0177149486        -0.0721387468
        0.5904231000         2.6200000000         1.3301823480         0.0126111937        -0.2051133952
        0.5954754000         2.6200000000         1.3352870017         0.0177149486        -0.0721387468
        0.6004485000         2.6200000000         1.3403916554         0.0228187035         0.0608359017
        0.6054257000         2.6200000000         1.3378393285         0.0177149486        -0.0056514226
        0.6105023000         2.6200000000         1.3454963091         0.0253705810         0.1938105501
        0.6155593000         2.6200000000         1.3352870017         0.0177149486        -0.0721387468
        0.6204769000         2.6200000000         1.3378393285         0.0177149486        -0.0056514226
        0.6255342000         2.6200000000         1.3352870017         0.0151630711        -0.0721387468
        0.6305363000         2.6200000000         1.3301823480         0.0126111937        -0.2051133952
        0.6355378000         2.6200000000         1.3378393285         0.0177149486        -0.0056514226
        0.6406992000         2.6200000000         1.3378393285         0.0177149486        -0.0056514226
        0.6455247000         2.6200000000         1.3327346748         0.0126111937        -0.1386260710
        0.6504603000         2.6200000000         1.3429439823         0.0177149486         0.1273232259
        0.6554200000         2.6200000000         1.3378393285         0.0151630711        -0.0056514226
        0.6604842000         2.6200000000         1.3378393285         0.0177149486        -0.0056514226
        0.6654972000         2.6200000000         1.3429439823         0.0253705810         0.1273232259
        0.6707108000         2.6200000000         1.3352870017         0.0202668261        -0.0721387468
        0.6755341000         2.6200000000         1.3352870017         0.0177149486        -0.0721387468
        0.6807392000         2.6200000000         1.3352870017         0.0151630711        -0.0721387468
        0.6856794000         2.6200000000         1.3454963091         0.0253705810         0.1938105501
        0.6906767000         2.6200000000         1.3352870017         0.0151630711        -0.0721387468
        0.6956977000         2.6200000000         1.3352870017         0.0151630711        -0.0721387468
        0.7008497000         2.6200000000         1.3378393285         0.0202668261        -0.0056514226
        0.7055325000         2.6200000000         1.3301823480         0.0126111937        -0.2051133952
        0.7104427000         2.6200000000         1.3301823480         0.0100593162        -0.2051133952
        0.7154351000         2.6200000000         1.3378393285         0.0177149486        -0.0056514226
        0.7204534000         2.6200000000         1.3429439823         0.0177149486         0.1273232259
        0.7258604000         2.6200000000         1.3301823480         0.0126111937        -0.2051133952
        0.7304895000         2.6200000000         1.3429439823         0.0228187035         0.1273232259
        0.7354295000         2.6200000000         1.3429439823         0.0253705810         0.1273232259
        0.7405455000         2.6200000000         1.3378393285         0.0177149486        -0.0056514226
        0.7455861000         2.6200000000         1.3352870017         0.0177149486        -0.0721387468
        0.7504938000         2.6200000000         1.3378393285         0.0202668261        -0.0056514226
        0.7555382000         2.6200000000         1.3454963091         0.0177149486         0.1938105501
        0.7606077000         2.6200000000         1.3301823480         0.0100593162        -0.2051133952
        0.7655220000         2.6200000000         1.3378393285         0.0177149486        -0.0056514226
        0.7705450000         2.6200000000         1.3352870017         0.0177149486        -0.0721387468
        0.7755033000         2.6200000000         1.3352870017         0.0177149486        -0.0721387468
        0.7807107000         2.6200000000         1.3352870017         0.0151630711        -0.0721387468
        0.7854013000         2.6200000000         1.3352870017         0.0177149486        -0.0721387468
        0.7906787000         2.6200000000         1.3454963091         0.0228187035         0.1938105501
        0.7955320000         2.6200000000         1.3301823480         0.0126111937        -0.2051133952
        0.8005327000         2.6200000000         1.3352870017         0.0177149486        -0.0721387468
        0.8054985000         2.6200000000         1.3429439823         0.0253705810         0.1273232259
        0.8105547000         2.6200000000         1.3378393285         0.0100593162        -0.0056514226
        0.8155078000         2.6200000000         1.3378393285         0.0151630711        -0.0056514226
        0.8206359000         2.6200000000         1.3429439823         0.0253705810         0.1273232259
        0.8254349000         2.6200000000         1.3327346748         0.0151630711        -0.1386260710
        0.8307012000         2.6200000000         1.3429439823         0.0177149486         0.1273232259
        0.8355185000         2.6200000000         1.3454963091         0.0228187035         0.1938105501
        0.8406090000         2.6200000000         1.3301823480         0.0126111937        -0.2051133952
        0.8455533000         2.6200000000         1.3301823480         0.0126111937        -0.2051133952
        0.8504518000         2.6200000000         1.3403916554         0.0253705810         0.0608359017
        0.8555594000         2.6200000000         1.3378393285         0.0202668261        -0.0056514226
        0.8605709000         2.6200000000         1.3301823480         0.0126111937        -0.2051133952
        0.8655232000         2.6200000000         1.3429439823         0.0228187035         0.1273232259
        0.8705386000         2.6200000000         1.3352870017         0.0177149486        -0.0721387468
        0.8754255000         2.6200000000         1.3352870017         0.0151630711        -0.0721387468
        0.8804466000         2.6200000000         1.3352870017         0.0177149486        -0.0721387468
        0.8854867000         2.6200000000         1.3352870017         0.0177149486        -0.0721387468
        0.8904563000         2.6200000000         1.3480486360         0.0228187035         0.2602978743
        0.8954532000         2.6200000000         1.3429439823         0.0253705810         0.1273232259
        0.9005596000         2.6200000000         1.3352870017         0.0126111937        -0.0721387468
        0.9054910000         2.6200000000         1.3506009628         0.0177149486         0.3267851986
        0.9103917000         2.6200000000         1.3352870017         0.0202668261        -0.0721387468
        0.9154067000         2.6200000000         1.3454963091         0.0228187035         0.1938105501
        0.9204267000         2.6200000000         1.3378393285         0.0202668261        -0.0056514226
        0.9253953000         2.6200000000         1.3352870017         0.0177149486        -0.0721387468
        0.9304549000         2.6200000000         1.3352870017         0.0202668261        -0.0721387468
        0.9354563000         2.6200000000         1.3429439823         0.0253705810         0.1273232259
        0.9405651000         2.6200000000         1.3454963091         0.0228187035         0.1938105501
        0.9454373000         2.6200000000         1.3429439823         0.0253705810         0.1273232259
        0.9507403000         2.6200000000         1.3378393285         0.0177149486        -0.0056514226
        0.9557101000         2.6200000000         1.3352870017         0.0177149486        -0.0721387468
        0.9605428000         2.6200000000         1.3429439823         0.0228187035         0.1273232259
        0.9655639000         2.6200000000         1.3301823480         0.0100593162        -0.2051133952
        0.9704535000         2.6200000000         1.3403916554         0.0177149486         0.0608359017
        0.9755108000         2.6200000000         1.3378393285         0.0151630711        -0.0056514226
        0.9806553000         2.6200000000         1.3352870017         0.0177149486        -0.0721387468
        0.9854541000         2.6200000000         1.3378393285         0.0177149486        -0.0056514226
        0.9906198000         2.6200000000         1.3301823480         0.0126111937        -0.2051133952
        0.9956234000         2.6200000000         1.3327346748         0.0126111937        -0.1386260710
        1.0006237000         2.6200000000         1.3378393285         0.0151630711        -0.0056514226
        1.0054989000         2.6200000000         1.3429439823         0.0228187035         0.1273232259
        1.0104831000         2.6200000000         1.3378393285         0.0177149486        -0.0056514226
        1.0154475000         2.6200000000         1.3429439823         0.0228187035         0.1273232259
        1.0204779000         2.6200000000         1.3378393285         0.0177149486        -0.0056514226
        1.0255030000         2.6200000000         1.3301823480         0.0126111937        -0.2051133952
        1.0305456000         2.6200000000         1.3301823480         0.0126111937        -0.2051133952
        1.0355833000         2.6200000000         1.3378393285         0.0151630711        -0.0056514226
        1.0405244000         2.6200000000         1.3327346748         0.0100593162        -0.1386260710
        1.0456190000         2.6200000000         1.3378393285         0.0177149486        -0.0056514226
        1.0506162000         2.6200000000         1.3454963091         0.0228187035         0.1938105501
        1.0554510000         2.6200000000         1.3378393285         0.0202668261        -0.0056514226
        1.0605135000         2.6200000000         1.3352870017         0.0177149486        -0.0721387468
        1.0656700000         2.6200000000         1.3378393285         0.0177149486        -0.0056514226
        1.0705138000         2.6200000000         1.3454963091         0.0253705810         0.1938105501
        1.0755502000         2.6200000000         1.3378393285         0.0177149486        -0.0056514226
        1.0805135000         2.6200000000         1.3352870017         0.0151630711        -0.0721387468
        1.0855152000         2.6200000000         1.3327346748         0.0126111937        -0.1386260710
        1.0907468000         2.6200000000         1.3301823480         0.0126111937        -0.2051133952
        1.0955518000         2.6200000000         1.3301823480         0.0126111937        -0.2051133952
        1.1006863000         2.6200000000         1.3352870017         0.0177149486        -0.0721387468
        1.1055500000         2.6200000000         1.3327346748         0.0126111937        -0.1386260710
        1.1107404000         2.6200000000         1.3352870017         0.0202668261        -0.0721387468
        1.1155721000         2.6200000000         1.3327346748         0.0126111937        -0.1386260710
        1.1205029000         2.6200000000         1.3403916554         0.0177149486         0.0608359017
        1.1255165000         2.6200000000         1.3352870017         0.0177149486        -0.0721387468
        1.1304783000         2.6200000000         1.3352870017         0.0177149486        -0.0721387468
        1.1355457000         2.6200000000         1.3378393285         0.0177149486        -0.0056514226
        1.1406285000         2.6200000000         1.3352870017         0.0151630711        -0.0721387468
        1.1455801000         2.6200000000         1.3378393285         0.0202668261        -0.0056514226
        1.1505682000         2.6200000000         1.3429439823         0.0202668261         0.1273232259
        1.1555488000         2.6200000000         1.3327346748         0.0126111937        -0.1386260710
        1.1605375000         2.6200000000         1.3301823480         0.0126111937        -0.2051133952
        1.1655832000         2.6200000000         1.3403916554         0.0151630711         0.0608359017
        1.1704857000         2.6200000000         1.3454963091         0.0228187035         0.1938105501
        1.1757160000         2.6200000000         1.3429439823         0.0228187035         0.1273232259
        1.1807029000         2.6200000000         1.3429439823         0.0253705810         0.1273232259
        1.1855646000         2.6200000000         1.3378393285         0.0177149486        -0.0056514226
        1.1906008000         2.6200000000         1.3378393285         0.0202668261        -0.0056514226
        1.1956071000         2.6200000000         1.3378393285         0.0177149486        -0.0056514226
        1.2006131000         2.6200000000         1.3403916554         0.0151630711         0.0608359017
        1.2056533000         2.6200000000         1.3403916554         0.0151630711         0.0608359017
        1.2106945000         2.6200000000         1.3327346748         0.0126111937        -0.1386260710
        1.2156362000         2.6200000000         1.3352870017         0.0177149486        -0.0721387468
        1.2205519000         2.6200000000         1.3378393285         0.0151630711        -0.0056514226
        1.2256192000         2.6200000000         1.3352870017         0.0177149486        -0.0721387468
        1.2309395000         2.6200000000         1.3378393285         0.0177149486        -0.0056514226
        1.2357294000         2.6200000000         1.3454963091         0.0228187035         0.1938105501
        1.2406623000         2.6200000000         1.3378393285         0.0177149486        -0.0056514226
        1.2456333000         2.6200000000         1.3403916554         0.0253705810         0.0608359017
        1.2506042000         2.6200000000         1.3429439823         0.0253705810         0.1273232259
        1.2556090000         2.6200000000         1.3378393285         0.0177149486        -0.0056514226
        1.2605405000         2.6200000000         1.3301823480         0.0126111937        -0.2051133952
        1.2656218000         2.6200000000         1.3352870017         0.0177149486        -0.0721387468
        1.2706531000         2.6200000000         1.3378393285         0.0177149486        -0.0056514226
        1.2755134000         2.6200000000         1.3327346748         0.0126111937        -0.1386260710
        1.2805919000         2.6200000000         1.3429439823         0.0253705810         0.1273232259
        1.2856471000         2.6200000000         1.3378393285         0.0202668261        -0.0056514226
        1.2906265000         2.6200000000         1.3429439823         0.0228187035         0.1273232259
        1.2956145000         2.6200000000         1.3454963091         0.0253705810         0.1938105501
        1.3007740000         2.6200000000         1.3429439823         0.0228187035         0.1273232259
        1.3056359000         2.6200000000         1.3378393285         0.0177149486        -0.0056514226
        1.3105978000         2.6200000000         1.3429439823         0.0177149486         0.1273232259
        1.3156344000         2.6200000000         1.3327346748         0.0100593162        -0.1386260710
        1.3205489000         2.6200000000         1.3378393285         0.0177149486        -0.0056514226
        1.3255253000         2.6200000000         1.3352870017         0.0151630711        -0.0721387468
        1.3306170000         2.6200000000         1.3352870017         0.0151630711        -0.0721387468
        1.3355567000         2.6200000000         1.3429439823         0.0253705810         0.1273232259
        1.3405851000         2.6200000000         1.3454963091         0.0253705810         0.1938105501
        1.3455158000         2.6200000000         1.3352870017         0.0177149486        -0.0721387468
        1.3506479000         2.6200000000         1.3403916554         0.0177149486         0.0608359017
        1.3555869000         2.6200000000         1.3352870017         0.0177149486        -0.0721387468
        1.3605859000         2.6200000000         1.3378393285         0.0177149486        -0.0056514226
        1.3655451000         2.6200000000         1.3301823480         0.0100593162        -0.2051133952
        1.3705956000         2.6200000000         1.3352870017         0.0228187035        -0.0721387468
        1.3754325000         2.6200000000         1.3454963091         0.0228187035         0.1938105501
        1.3804670000         2.6200000000         1.3301823480         0.0126111937        -0.2051133952
        1.3854977000         2.6200000000         1.3301823480         0.0126111937        -0.2051133952
        1.3905036000         2.6200000000         1.3352870017         0.0202668261        -0.0721387468
        1.3953902000         2.6200000000         1.3378393285         0.0202668261        -0.0056514226
        1.4004189000         2.6200000000         1.3454963091         0.0177149486         0.1938105501
        1.4061847000         2.6200000000         1.3429439823         0.0228187035         0.1273232259
        1.4104260000         2.6200000000         1.3352870017         0.0202668261        -0.0721387468
        1.4155163000         2.6200000000         1.3352870017         0.0151630711        -0.0721387468
        1.4205045000         2.6200000000         1.3378393285         0.0177149486        -0.0056514226
        1.4254587000         2.6200000000         1.3352870017         0.0151630711        -0.0721387468
        1.4305080000         2.6200000000         1.3352870017         0.0177149486        -0.0721387468
        1.4355734000         2.6200000000         1.3327346748         0.0126111937        -0.1386260710
        1.4404941000         2.6200000000         1.3352870017         0.0177149486        -0.0721387468
        1.4454611000         2.6200000000         1.3301823480         0.0126111937        -0.2051133952
        1.4504357000         2.6200000000         1.3327346748         0.0126111937        -0.1386260710
        1.4554655000         2.6200000000         1.3327346748         0.0126111937        -0.1386260710
        1.4604379000         2.6200000000         1.3429439823         0.0228187035         0.1273232259
        1.4654740000         2.6200000000         1.3429439823         0.0202668261         0.1273232259
        1.4704699000         2.6200000000         1.3429439823         0.0228187035         0.1273232259
        1.4753989000         2.6200000000         1.3352870017         0.0126111937        -0.0721387468
        1.4804454000         2.6200000000         1.3454963091         0.0126111937         0.1938105501
        1.4854311000         2.6200000000         1.3352870017         0.0177149486        -0.0721387468
        1.4904977000         2.6200000000         1.3429439823         0.0228187035         0.1273232259
        1.4954321000         2.6200000000         1.3378393285         0.0177149486        -0.0056514226
        1.5004083000         2.6200000000         1.3301823480         0.0126111937        -0.2051133952
        1.5054309000         2.6200000000         1.3429439823         0.0253705810         0.1273232259
        1.5104429000         2.6200000000         1.3378393285         0.0151630711        -0.0056514226
        1.5154945000         2.6200000000         1.3352870017         0.0151630711        -0.0721387468
        1.5204636000         2.6200000000         1.3429439823         0.0228187035         0.1273232259
        1.5254637000         2.6200000000         1.3378393285         0.0177149486        -0.0056514226
        1.5304960000         2.6200000000         1.3352870017         0.0126111937        -0.0721387468
        1.5356557000         2.6200000000         1.3429439823         0.0228187035         0.1273232259
        1.5405670000         2.6200000000         1.3378393285         0.0177149486        -0.0056514226
        1.5455546000         2.6200000000         1.3276300211         0.0177149486        -0.2716007195
        1.5505696000         2.6200000000         1.3403916554         0.0177149486         0.0608359017
        1.5555537000         2.6200000000         1.3403916554         0.0228187035         0.0608359017
        1.5605865000         2.6200000000         1.3378393285         0.0177149486        -0.0056514226
        1.5655979000         2.6200000000         1.3301823480         0.0126111937        -0.2051133952
        1.5706357000         2.6200000000         1.3327346748         0.0100593162        -0.1386260710
        1.5755492000         2.6200000000         1.3429439823         0.0228187035         0.1273232259
        1.5805701000         2.6200000000         1.3429439823         0.0228187035         0.1273232259
        1.5854389000         2.6200000000         1.3352870017         0.0177149486        -0.0721387468
        1.5905027000         2.6200000000         1.3454963091         0.0253705810         0.1938105501
        1.5954245000         2.6200000000         1.3327346748         0.0126111937        -0.1386260710
        1.6004165000         2.6200000000         1.3301823480         0.0126111937        -0.2051133952
        1.6054215000         2.6200000000         1.3454963091         0.0228187035         0.1938105501
        1.6103930000         2.6200000000         1.3327346748         0.0126111937        -0.1386260710
        1.6154256000         2.6200000000         1.3403916554         0.0177149486         0.0608359017
        1.6204512000         2.6200000000         1.3301823480         0.0126111937        -0.2051133952
        1.6253865000         2.6200000000         1.3454963091         0.0253705810         0.1938105501
        1.6304194000         2.6200000000         1.3429439823         0.0228187035         0.1273232259
        1.6353953000         2.6200000000         1.3429439823         0.0228187035         0.1273232259
        1.6403944000         2.6200000000         1.3327346748         0.0126111937        -0.1386260710
        1.6453886000         2.6200000000         1.3301823480         0.0126111937        -0.2051133952
        1.6504153000         2.6200000000         1.3352870017         0.0177149486        -0.0721387468
        1.6554461000         2.6200000000         1.3301823480         0.0100593162        -0.2051133952
        1.6603964000         2.6200000000         1.3429439823         0.0228187035         0.1273232259
        1.6653999000         2.6200000000         1.3327346748         0.0126111937        -0.1386260710
        1.6703874000         2.6200000000         1.3352870017         0.0177149486        -0.0721387468
        1.6753974000         2.6200000000         1.3378393285         0.0177149486        -0.0056514226
        1.6803868000         2.6200000000         1.3480486360         0.0228187035         0.2602978743
        1.6853975000         2.6200000000         1.3454963091         0.0228187035         0.1938105501
        1.6903974000         2.6200000000         1.3454963091         0.0228187035         0.1938105501
        1.6954436000         2.6200000000         1.3403916554         0.0228187035         0.0608359017
        1.7004343000         2.6200000000         1.3378393285         0.0177149486        -0.0056514226
        1.7053992000         2.6200000000         1.3378393285         0.0151630711        -0.0056514226
        1.7104077000         2.6200000000         1.3352870017         0.0177149486        -0.0721387468
        1.7153906000         2.6200000000         1.3327346748         0.0126111937        -0.1386260710
        1.7204153000         2.6200000000         1.3352870017         0.0177149486        -0.0721387468
        1.7254599000         2.6200000000         1.3378393285         0.0177149486        -0.0056514226
        1.7352393000         2.6200000000         1.3582579434         0.0228187035         0.5262471713
        1.7358495000         2.6200000000         1.3582579434         0.0253705810         0.5262471713
        1.7405271000         2.6200000000         1.3378393285         0.0177149486        -0.0056514226
        1.7454480000         2.6200000000         1.3301823480         0.0126111937        -0.2051133952
        1.7504446000         2.6200000000         1.3378393285         0.0202668261        -0.0056514226
        1.7555600000         2.6200000000         1.3429439823         0.0228187035         0.1273232259
        1.7603992000         2.6200000000         1.3378393285         0.0100593162        -0.0056514226
        1.7654437000         2.6200000000         1.3327346748         0.0177149486        -0.1386260710
        1.7704429000         2.6200000000         1.3378393285         0.0202668261        -0.0056514226
        1.7754452000         2.6200000000         1.3327346748         0.0100593162        -0.1386260710
        1.7804384000         2.6200000000         1.3378393285         0.0151630711        -0.0056514226
        1.7853962000         2.6200000000         1.3429439823         0.0228187035         0.1273232259
        1.7903997000         2.6200000000         1.3352870017         0.0202668261        -0.0721387468
        1.7953991000         2.6200000000         1.3327346748         0.0126111937        -0.1386260710
        1.8004151000         2.6200000000         1.3352870017         0.0151630711        -0.0721387468
        1.8054609000         2.6200000000         1.3378393285         0.0151630711        -0.0056514226
        1.8104435000         2.6200000000         1.3352870017         0.0177149486        -0.0721387468
        1.8154409000         2.6200000000         1.3378393285         0.0177149486        -0.0056514226
        1.8205681000         2.6200000000         1.3327346748         0.0126111937        -0.1386260710
        1.8254522000         2.6200000000         1.3352870017         0.0177149486        -0.0721387468
        1.8304536000         2.6200000000         1.3403916554         0.0177149486         0.0608359017
        1.8353853000         2.6200000000         1.3352870017         0.0177149486        -0.0721387468
        1.8405649000         2.6200000000         1.3454963091         0.0228187035         0.1938105501
        1.8454912000         2.6200000000         1.3429439823         0.0228187035         0.1273232259
        1.8507217000         2.6200000000         1.3378393285         0.0177149486        -0.0056514226
        1.8554645000         2.6200000000         1.3327346748         0.0151630711        -0.1386260710
        1.8604813000         2.6200000000         1.3429439823         0.0253705810         0.1273232259
        1.8657088000         2.6200000000         1.3378393285         0.0177149486        -0.0056514226
        1.8707045000         2.6200000000         1.3352870017         0.0177149486        -0.0721387468
        1.8757099000         2.6200000000         1.3429439823         0.0228187035         0.1273232259
        1.8805808000         2.6200000000         1.3454963091         0.0253705810         0.1938105501
        1.8855789000         2.6200000000         1.3352870017         0.0151630711        -0.0721387468
        1.8905406000         2.6200000000         1.3378393285         0.0177149486        -0.0056514226
        1.8955742000         2.6200000000         1.3429439823         0.0228187035         0.1273232259
        1.9004791000         2.6200000000         1.3403916554         0.0177149486         0.0608359017
        1.9056942000         2.6200000000         1.3480486360         0.0177149486         0.2602978743
        1.9105768000         2.6200000000         1.3352870017         0.0177149486        -0.0721387468
        1.9155967000         2.6200000000         1.3378393285         0.0151630711        -0.0056514226
        1.9205837000         2.6200000000         1.3429439823         0.0228187035         0.1273232259
        1.9255497000         2.6200000000         1.3301823480         0.0100593162        -0.2051133952
        1.9305794000         2.6200000000         1.3378393285         0.0202668261        -0.0056514226
        1.9356723000         2.6200000000         1.3378393285         0.0151630711        -0.0056514226
        1.9405712000         2.6200000000         1.3454963091         0.0228187035         0.1938105501
        1.9455569000         2.6200000000         1.3327346748         0.0100593162        -0.1386260710
        1.9507019000         2.6200000000         1.3378393285         0.0177149486        -0.0056514226
        1.9557120000         2.6200000000         1.3403916554         0.0228187035         0.0608359017
        1.9605826000         2.6200000000         1.3429439823         0.0151630711         0.1273232259
        1.9656088000         2.6200000000         1.3378393285         0.0151630711        -0.0056514226
        1.9705525000         2.6200000000         1.3454963091         0.0228187035         0.1938105501
        1.9755808000         2.6200000000         1.3378393285         0.0228187035        -0.0056514226
        1.9807124000         2.6200000000         1.3480486360         0.0228187035         0.2602978743
        1.9855616000         2.6200000000         1.3378393285         0.0177149486        -0.0056514226
        1.9905822000         2.6200000000         1.3378393285         0.0151630711        -0.0056514226
        1.9957146000         2.6200000000         1.3378393285         0.0177149486        -0.0056514226
        2.0005385000         2.6200000000         1.3352870017         0.0177149486        -0.0721387468
        2.0055929000         2.6200000000         1.3352870017         0.0177149486        -0.0721387468
        2.0105640000         2.6200000000         1.3378393285         0.0202668261        -0.0056514226
        2.0156005000         2.6200000000         1.3429439823         0.0253705810         0.1273232259
        2.0206499000         2.6200000000         1.3327346748         0.0126111937        -0.1386260710
        2.0256074000         2.6200000000         1.3301823480         0.0151630711        -0.2051133952
        2.0307654000         2.6200000000         1.3352870017         0.0177149486        -0.0721387468
        2.0355223000         2.6200000000         1.3378393285         0.0177149486        -0.0056514226
        2.0405243000         2.6200000000         1.3454963091         0.0253705810         0.1938105501
        2.0455284000         2.6200000000         1.3454963091         0.0228187035         0.1938105501
        2.0506750000         2.6200000000         1.3480486360         0.0228187035         0.2602978743
        2.0556476000         2.6200000000         1.3429439823         0.0253705810         0.1273232259
        2.0606758000         2.6200000000         1.3429439823         0.0253705810         0.1273232259
        2.0656493000         2.6200000000         1.3378393285         0.0177149486        -0.0056514226
        2.0704818000         2.6200000000         1.3301823480         0.0126111937        -0.2051133952
        2.0754916000         2.6200000000         1.3327346748         0.0126111937        -0.1386260710
        2.0807404000         2.6200000000         1.3429439823         0.0253705810         0.1273232259
        2.0854627000         2.6200000000         1.3352870017         0.0202668261        -0.0721387468
        2.0904959000         2.6200000000         1.3352870017         0.0151630711        -0.0721387468
        2.0954733000         2.6200000000         1.3403916554         0.0151630711         0.0608359017
        2.1004365000         2.6200000000         1.3378393285         0.0228187035        -0.0056514226
        2.1054380000         2.6200000000         1.3454963091         0.0151630711         0.1938105501
        2.1104381000         2.6200000000         1.3378393285         0.0177149486        -0.0056514226
        2.1154562000         2.6200000000         1.3327346748         0.0126111937        -0.1386260710
        2.1204476000         2.6200000000         1.3327346748         0.0177149486        -0.1386260710
        2.1254410000         2.6200000000         1.3454963091         0.0253705810         0.1938105501
        2.1303984000         2.6200000000         1.3429439823         0.0253705810         0.1273232259
        2.1354253000         2.6200000000         1.3454963091         0.0253705810         0.1938105501
        2.1403854000         2.6200000000         1.3378393285         0.0177149486        -0.0056514226
        2.1454197000         2.6200000000         1.3454963091         0.0253705810         0.1938105501
        2.1503924000         2.6200000000         1.3352870017         0.0177149486        -0.0721387468
        2.1553941000         2.6200000000         1.3429439823         0.0202668261         0.1273232259
        2.1604219000         2.6200000000         1.3352870017         0.0177149486        -0.0721387468
        2.1654062000         2.6200000000         1.3429439823         0.0253705810         0.1273232259
        2.1704488000         2.6200000000         1.3301823480         0.0126111937        -0.2051133952
        2.1754211000         2.6200000000         1.3378393285         0.0177149486        -0.0056514226
        2.1803884000         2.6200000000         1.3429439823         0.0253705810         0.1273232259
        2.1854655000         2.6200000000         1.3454963091         0.0228187035         0.1938105501
        2.1904739000         2.6200000000         1.3327346748         0.0100593162        -0.1386260710
        2.1953985000         2.6200000000         1.3352870017         0.0202668261        -0.0721387468
        2.2003902000         2.6200000000         1.3352870017         0.0151630711        -0.0721387468
        2.2054283000         2.6200000000         1.3352870017         0.0126111937        -0.0721387468
        2.2103897000         2.6200000000         1.3352870017         0.0177149486        -0.0721387468
        2.2154635000         2.6200000000         1.3378393285         0.0177149486        -0.0056514226
        2.2204365000         2.6200000000         1.3378393285         0.0202668261        -0.0056514226
        2.2255152000         2.6200000000         1.3327346748         0.0126111937        -0.1386260710
        2.2305796000         2.6200000000         1.3557056165         0.0253705810         0.4597598470
        2.2355970000         2.6200000000         1.3378393285         0.0151630711        -0.0056514226
        2.2404930000         2.6200000000         1.3352870017         0.0177149486        -0.0721387468
        2.2454371000         2.6200000000         1.3378393285         0.0177149486        -0.0056514226
        2.2504466000         2.6200000000         1.3378393285         0.0177149486        -0.0056514226
        2.2554381000         2.6200000000         1.3454963091         0.0253705810         0.1938105501
        2.2604517000         2.6200000000         1.3378393285         0.0151630711        -0.0056514226
        2.2654810000         2.6200000000         1.3378393285         0.0177149486        -0.0056514226
        2.2704612000         2.6200000000         1.3429439823         0.0228187035         0.1273232259
        2.2754479000         2.6200000000         1.3429439823         0.0228187035         0.1273232259
        2.2804564000         2.6200000000         1.3301823480         0.0126111937        -0.2051133952
        2.2854369000         2.6200000000         1.3327346748         0.0126111937        -0.1386260710
        2.2904409000         2.6200000000         1.3378393285         0.0151630711        -0.0056514226
        2.2954387000         2.6200000000         1.3403916554         0.0202668261         0.0608359017
        2.3004887000         2.6200000000         1.3378393285         0.0100593162        -0.0056514226
        2.3054032000         2.6200000000         1.3327346748         0.0100593162        -0.1386260710
        2.3103933000         2.6200000000         1.3454963091         0.0228187035         0.1938105501
        2.3154080000         2.6200000000         1.3429439823         0.0177149486         0.1273232259
        2.3203890000         2.6200000000         1.3327346748         0.0100593162        -0.1386260710
        2.3254586000         2.6200000000         1.3352870017         0.0177149486        -0.0721387468
        2.3304312000         2.6200000000         1.3327346748         0.0126111937        -0.1386260710
        2.3353888000         2.6200000000         1.3301823480         0.0126111937        -0.2051133952
        2.3404969000         2.6200000000         1.3403916554         0.0177149486         0.0608359017
        2.3454317000         2.6200000000         1.3378393285         0.0151630711        -0.0056514226
        2.3504300000         2.6200000000         1.3327346748         0.0126111937        -0.1386260710
        2.3554290000         2.6200000000         1.3352870017         0.0177149486        -0.0721387468
        2.3604873000         2.6200000000         1.3403916554         0.0151630711         0.0608359017
        2.3655083000         2.6200000000         1.3327346748         0.0126111937        -0.1386260710
        2.3705400000         2.6200000000         1.3378393285         0.0177149486        -0.0056514226
        2.3754469000         2.6200000000         1.3403916554         0.0100593162         0.0608359017
        2.3805160000         2.6200000000         1.3378393285         0.0151630711        -0.0056514226
        2.3854484000         2.6200000000         1.3429439823         0.0228187035         0.1273232259
        2.3904408000         2.6200000000         1.3378393285         0.0177149486        -0.0056514226
        2.3954492000         2.6200000000         1.3352870017         0.0177149486        -0.0721387468
        2.4004473000         2.6200000000         1.3403916554         0.0253705810         0.0608359017
        2.4054387000         2.6200000000         1.3276300211         0.0100593162        -0.2716007195
        2.4104119000         2.6200000000         1.3327346748         0.0151630711        -0.1386260710
        2.4154384000         2.6200000000         1.3352870017         0.0177149486        -0.0721387468
        2.4205160000         2.6200000000         1.3301823480         0.0126111937        -0.2051133952
        2.4254372000         2.6200000000         1.3327346748         0.0126111937        -0.1386260710
        2.4304320000         2.6200000000         1.3378393285         0.0177149486        -0.0056514226
        2.4354879000         2.6200000000         1.3301823480         0.0126111937        -0.2051133952
        2.4404868000         2.6200000000         1.3378393285         0.0202668261        -0.0056514226
        2.4454511000         2.6200000000         1.3352870017         0.0177149486        -0.0721387468
        2.4504031000         2.6200000000         1.3429439823         0.0253705810         0.1273232259
        2.4554767000         2.6200000000         1.3429439823         0.0253705810         0.1273232259
        2.4604038000         2.6200000000         1.3352870017         0.0253705810        -0.0721387468
        2.4654381000         2.6200000000         1.3378393285         0.0177149486        -0.0056514226
        2.4704824000         2.6200000000         1.3454963091         0.0253705810         0.1938105501
        2.4755633000         2.6200000000         1.3403916554         0.0151630711         0.0608359017
        2.4806167000         2.6200000000         1.3429439823         0.0228187035         0.1273232259
        2.4856250000         2.6200000000         1.3352870017         0.0177149486        -0.0721387468
        2.4907028000         2.6200000000         1.3378393285         0.0151630711        -0.0056514226
        2.4955810000         2.6200000000         1.3352870017         0.0177149486        -0.0721387468
        2.5006499000         2.6200000000         1.3403916554         0.0177149486         0.0608359017
        2.5055846000         2.6200000000         1.3454963091         0.0228187035         0.1938105501
        2.5105032000         2.6200000000         1.3378393285         0.0151630711        -0.0056514226
        2.5156150000         2.6200000000         1.3454963091         0.0253705810         0.1938105501
        2.5205764000         2.6200000000         1.3429439823         0.0228187035         0.1273232259
        2.5255606000         2.6200000000         1.3429439823         0.0228187035         0.1273232259
        2.5306146000         2.6200000000         1.3429439823         0.0253705810         0.1273232259
        2.5355098000         2.6200000000         1.3378393285         0.0177149486        -0.0056514226
        2.5406077000         2.6200000000         1.3378393285         0.0177149486        -0.0056514226
        2.5455660000         2.6200000000         1.3378393285         0.0177149486        -0.0056514226
        2.5505453000         2.6200000000         1.3327346748         0.0126111937        -0.1386260710
        2.5555152000         2.6200000000         1.3378393285         0.0177149486        -0.0056514226
        2.5606072000         2.6200000000         1.3429439823         0.0228187035         0.1273232259
        2.5655511000         2.6200000000         1.3429439823         0.0253705810         0.1273232259
        2.5705570000         2.6200000000         1.3352870017         0.0177149486        -0.0721387468
        2.5755526000         2.6200000000         1.3429439823         0.0253705810         0.1273232259
        2.5805588000         2.6200000000         1.3403916554         0.0228187035         0.0608359017
        2.5855880000         2.6200000000         1.3480486360         0.0253705810         0.2602978743
        2.5905570000         2.6200000000         1.3378393285         0.0202668261        -0.0056514226
        2.5955478000         2.6200000000         1.3352870017         0.0177149486        -0.0721387468
        2.6006242000         2.6200000000         1.3378393285         0.0100593162        -0.0056514226
        2.6054949000         2.6200000000         1.3327346748         0.0126111937        -0.1386260710
        2.6105121000         2.6200000000         1.3378393285         0.0151630711        -0.0056514226
        2.6154326000         2.6200000000         1.3378393285         0.0151630711        -0.0056514226
        2.6204147000         2.6200000000         1.3378393285         0.0177149486        -0.0056514226
        2.6254650000         2.6200000000         1.3429439823         0.0228187035         0.1273232259
        2.6304651000         2.6200000000         1.3378393285         0.0177149486        -0.0056514226
        2.6354666000         2.6200000000         1.3327346748         0.0100593162        -0.1386260710
        2.6404276000         2.6200000000         1.3301823480         0.0126111937        -0.2051133952
        2.6455228000         2.6200000000         1.3378393285         0.0177149486        -0.0056514226
        2.6504629000         2.6200000000         1.3454963091         0.0253705810         0.1938105501
        2.6554360000         2.6200000000         1.3506009628         0.0228187035         0.3267851986
        2.6604847000         2.6200000000         1.3429439823         0.0253705810         0.1273232259
        2.6656043000         2.6200000000         1.3378393285         0.0177149486        -0.0056514226
        2.6704496000         2.6200000000         1.3378393285         0.0151630711        -0.0056514226
        2.6754404000         2.6200000000         1.3429439823         0.0253705810         0.1273232259
        2.6804562000         2.6200000000         1.3352870017         0.0151630711        -0.0721387468
        2.6854688000         2.6200000000         1.3301823480         0.0177149486        -0.2051133952
        2.6903902000         2.6200000000         1.3429439823         0.0228187035         0.1273232259
        2.6954729000         2.6200000000         1.3454963091         0.0253705810         0.1938105501
        2.7005815000         2.6200000000         1.3429439823         0.0228187035         0.1273232259
        2.7057085000         2.6200000000         1.3403916554         0.0228187035         0.0608359017
        2.7104494000         2.6200000000         1.3378393285         0.0151630711        -0.0056514226
        2.7155074000         2.6200000000         1.3378393285         0.0177149486        -0.0056514226
        2.7205749000         2.6200000000         1.3276300211         0.0177149486        -0.2716007195
        2.7254700000         2.6200000000         1.3454963091         0.0177149486         0.1938105501
        2.7359435000         2.6200000000         1.3454963091         0.0228187035         0.1938105501
        2.7364535000         2.6200000000         1.3327346748         0.0100593162        -0.1386260710
        2.7405709000         2.6200000000         1.3378393285         0.0177149486        -0.0056514226
        2.7456330000         2.6200000000         1.3429439823         0.0253705810         0.1273232259
        2.7505441000         2.6200000000         1.3429439823         0.0228187035         0.1273232259
        2.7558357000         2.6200000000         1.3454963091         0.0228187035         0.1938105501
        2.7606025000         2.6200000000         1.3429439823         0.0253705810         0.1273232259
        2.7656348000         2.6200000000         1.3403916554         0.0177149486         0.0608359017
        2.7705894000         2.6200000000         1.3429439823         0.0253705810         0.1273232259
        2.7756053000         2.6200000000         1.3378393285         0.0177149486        -0.0056514226
        2.7805757000         2.6200000000         1.3378393285         0.0202668261        -0.0056514226
        2.7857392000         2.6200000000         1.3327346748         0.0151630711        -0.1386260710
        2.7905916000         2.6200000000         1.3301823480         0.0126111937        -0.2051133952
        2.7957081000         2.6200000000         1.3378393285         0.0177149486        -0.0056514226
        2.8005501000         2.6200000000         1.3506009628         0.0151630711         0.3267851986
        2.8055727000         2.6200000000         1.3429439823         0.0228187035         0.1273232259
        2.8105105000         2.6200000000         1.3429439823         0.0228187035         0.1273232259
        2.8155973000         2.6200000000         1.3403916554         0.0253705810         0.0608359017
        2.8205500000         2.6200000000         1.3403916554         0.0253705810         0.0608359017
        2.8255519000         2.6200000000         1.3403916554         0.0177149486         0.0608359017
        2.8305360000         2.6200000000         1.3429439823         0.0177149486         0.1273232259
        2.8355177000         2.6200000000         1.3301823480         0.0126111937        -0.2051133952
        2.8404999000         2.6200000000         1.3327346748         0.0126111937        -0.1386260710
        2.8457524000         2.6200000000         1.3327346748         0.0126111937        -0.1386260710
        2.8504964000         2.6200000000         1.3352870017         0.0177149486        -0.0721387468
        2.8557080000         2.6200000000         1.3429439823         0.0253705810         0.1273232259
        2.8605661000         2.6200000000         1.3429439823         0.0253705810         0.1273232259
        2.8655691000         2.6200000000         1.3327346748         0.0126111937        -0.1386260710
        2.8704555000         2.6200000000         1.3276300211         0.0126111937        -0.2716007195
        2.8754295000         2.6200000000         1.3378393285         0.0177149486        -0.0056514226
        2.8804604000         2.6200000000         1.3429439823         0.0228187035         0.1273232259
        2.8855465000         2.6200000000         1.3403916554         0.0253705810         0.0608359017
        2.8904711000         2.6200000000         1.3429439823         0.0228187035         0.1273232259
        2.8954253000         2.6200000000         1.3327346748         0.0126111937        -0.1386260710
        2.9004606000         2.6200000000         1.3429439823         0.0253705810         0.1273232259
        2.9055331000         2.6200000000         1.3378393285         0.0177149486        -0.0056514226
        2.9105102000         2.6200000000         1.3429439823         0.0228187035         0.1273232259
        2.9155542000         2.6200000000         1.3429439823         0.0202668261         0.1273232259
        2.9205029000         2.6200000000         1.3378393285         0.0202668261        -0.0056514226
        2.9254418000         2.6200000000         1.3403916554         0.0177149486         0.0608359017
        2.9303923000         2.6200000000         1.3378393285         0.0177149486        -0.0056514226
        2.9354325000         2.6200000000         1.3378393285         0.0177149486        -0.0056514226
        2.9403945000         2.6200000000         1.3403916554         0.0253705810         0.0608359017
        2.9454384000         2.6200000000         1.3429439823         0.0228187035         0.1273232259
        2.9504299000         2.6200000000         1.3327346748         0.0100593162        -0.1386260710
        2.9554557000         2.6200000000         1.3352870017         0.0177149486        -0.0721387468
        2.9604374000         2.6200000000         1.3352870017         0.0177149486        -0.0721387468
        2.9654385000         2.6200000000         1.3327346748         0.0126111937        -0.1386260710
        2.9704899000         2.6200000000         1.3352870017         0.0177149486        -0.0721387468
        2.9754716000         2.6200000000         1.3378393285         0.0151630711        -0.0056514226
        2.9804382000         2.6200000000         1.3454963091         0.0253705810         0.1938105501
        2.9854321000         2.6200000000         1.3352870017         0.0177149486        -0.0721387468
        2.9904367000         2.6200000000         1.3352870017         0.0151630711        -0.0721387468
        2.9954443000         2.6200000000         1.3429439823         0.0253705810         0.1273232259
        3.0004184000         2.6200000000         1.3429439823         0.0228187035         0.1273232259
        3.0055822000         2.6200000000         1.3378393285         0.0151630711        -0.0056514226
        3.0104368000         2.6200000000         1.3250776943         0.0126111937        -0.3380880437
        3.0156075000         2.6200000000         1.3429439823         0.0177149486         0.1273232259
        3.0204645000         2.6200000000         1.3378393285         0.0177149486        -0.0056514226
        3.0254011000         2.6200000000         1.3429439823         0.0228187035         0.1273232259
        3.0304275000         2.6200000000         1.3429439823         0.0228187035         0.1273232259
        3.0354012000         2.6200000000         1.3378393285         0.0177149486        -0.0056514226
        3.0403916000         2.6200000000         1.3557056165         0.0151630711         0.4597598470
        3.0453992000         2.6200000000         1.3327346748         0.0126111937        -0.1386260710
        3.0504221000         2.6200000000         1.3327346748         0.0100593162        -0.1386260710
        3.0554206000         2.6200000000         1.3429439823         0.0253705810         0.1273232259
        3.0604088000         2.6200000000         1.3378393285         0.0151630711        -0.0056514226
        3.0654018000         2.6200000000         1.3378393285         0.0177149486        -0.0056514226
        3.0704241000         2.6200000000         1.3403916554         0.0253705810         0.0608359017
        3.0755089000         2.6200000000         1.3352870017         0.0177149486        -0.0721387468
        3.0804904000         2.6200000000         1.3403916554         0.0228187035         0.0608359017
        3.0856146000         2.6200000000         1.3454963091         0.0253705810         0.1938105501
        3.0905074000         2.6200000000         1.3378393285         0.0177149486        -0.0056514226
        3.0954359000         2.6200000000         1.3454963091         0.0253705810         0.1938105501
        3.1004668000         2.6200000000         1.3352870017         0.0177149486        -0.0721387468
        3.1054505000         2.6200000000         1.3352870017         0.0151630711        -0.0721387468
        3.1104382000         2.6200000000         1.3327346748         0.0126111937        -0.1386260710
        3.1154826000         2.6200000000         1.3378393285         0.0177149486        -0.0056514226
        3.1205535000         2.6200000000         1.3378393285         0.0177149486        -0.0056514226
        3.1254740000         2.6200000000         1.3378393285         0.0177149486        -0.0056514226
        3.1305804000         2.6200000000         1.3378393285         0.0151630711        -0.0056514226
        3.1356650000         2.6200000000         1.3301823480         0.0126111937        -0.2051133952
        3.1407197000         2.6200000000         1.3352870017         0.0177149486        -0.0721387468
        3.1454762000         2.6200000000         1.3378393285         0.0177149486        -0.0056514226
        3.1507010000         2.6200000000         1.3403916554         0.0177149486         0.0608359017
        3.1554483000         2.6200000000         1.3378393285         0.0177149486        -0.0056514226
        3.1604911000         2.6200000000         1.3352870017         0.0151630711        -0.0721387468
        3.1655860000         2.6200000000         1.3531532897         0.0177149486         0.3932725228
        3.1706745000         2.6200000000         1.3378393285         0.0151630711        -0.0056514226
        3.1754911000         2.6200000000         1.3301823480         0.0126111937        -0.2051133952
        3.1805563000         2.6200000000         1.3352870017         0.0177149486        -0.0721387468
        3.1909234000         2.6200000000         1.3378393285         0.0177149486        -0.0056514226
        3.1915179000         2.6200000000         1.3301823480         0.0126111937        -0.2051133952
        3.1955202000         2.6200000000         1.3378393285         0.0177149486        -0.0056514226
        3.2007024000         2.6200000000         1.3352870017         0.0177149486        -0.0721387468
        3.2055159000         2.6200000000         1.3454963091         0.0253705810         0.1938105501
        3.2105300000         2.6200000000         1.3352870017         0.0177149486        -0.0721387468
        3.2155251000         2.6200000000         1.3378393285         0.0202668261        -0.0056514226
        3.2205513000         2.6200000000         1.3403916554         0.0177149486         0.0608359017
        3.2258027000         2.6200000000         1.3429439823         0.0228187035         0.1273232259
        3.2305020000         2.6200000000         1.3429439823         0.0228187035         0.1273232259
        3.2357870000         2.6200000000         1.3582579434         0.0228187035         0.5262471713
        3.2406212000         2.6200000000         1.3429439823         0.0228187035         0.1273232259
        3.2455943000         2.6200000000         1.3378393285         0.0177149486        -0.0056514226
        3.2505271000         2.6200000000         1.3352870017         0.0177149486        -0.0721387468
        3.2556513000         2.6200000000         1.3327346748         0.0126111937        -0.1386260710
        3.2605087000         2.6200000000         1.3301823480         0.0151630711        -0.2051133952
        3.2655696000         2.6200000000         1.3352870017         0.0202668261        -0.0721387468
        3.2707021000         2.6200000000         1.3429439823         0.0253705810         0.1273232259
        3.2755602000         2.6200000000         1.3454963091         0.0253705810         0.1938105501
        3.2807087000         2.6200000000         1.3301823480         0.0126111937        -0.2051133952
        3.2855761000         2.6200000000         1.3352870017         0.0126111937        -0.0721387468
        3.2905485000         2.6200000000         1.3429439823         0.0228187035         0.1273232259
        3.2955604000         2.6200000000         1.3454963091         0.0228187035         0.1938105501
        3.3004988000         2.6200000000         1.3378393285         0.0177149486        -0.0056514226
        3.3056944000         2.6200000000         1.3378393285         0.0177149486        -0.0056514226
        3.3105563000         2.6200000000         1.3352870017         0.0177149486        -0.0721387468
        3.3155703000         2.6200000000         1.3378393285         0.0177149486        -0.0056514226
        3.3205007000         2.6200000000         1.3301823480         0.0126111937        -0.2051133952
        3.3255153000         2.6200000000         1.3352870017         0.0177149486        -0.0721387468
        3.3304998000         2.6200000000         1.3327346748         0.0126111937        -0.1386260710
        3.3355637000         2.6200000000         1.3352870017         0.0177149486        -0.0721387468
        3.3405745000         2.6200000000         1.3378393285         0.0177149486        -0.0056514226
        3.3456994000         2.6200000000         1.3454963091         0.0228187035         0.1938105501
        3.3505758000         2.6200000000         1.3378393285         0.0202668261        -0.0056514226
        3.3555525000         2.6200000000         1.3352870017         0.0126111937        -0.0721387468
        3.3605469000         2.6200000000         1.3327346748         0.0126111937        -0.1386260710
        3.3655492000         2.6200000000         1.3327346748         0.0100593162        -0.1386260710
        3.3704925000         2.6200000000         1.3378393285         0.0126111937        -0.0056514226
        3.3755698000         2.6200000000         1.3301823480         0.0126111937        -0.2051133952
        3.3807025000         2.6200000000         1.3352870017         0.0177149486        -0.0721387468
        3.3856392000         2.6200000000         1.3429439823         0.0253705810         0.1273232259
        3.3909715000         2.6200000000         1.3378393285         0.0151630711        -0.0056514226
        3.3956997000         2.6200000000         1.3378393285         0.0177149486        -0.0056514226
        3.4004429000         2.6200000000         1.3352870017         0.0177149486        -0.0721387468
        3.4055244000         2.6200000000         1.3301823480         0.0126111937        -0.2051133952
        3.4106556000         2.6200000000         1.3429439823         0.0253705810         0.1273232259
        3.4157000000         2.6200000000         1.3378393285         0.0151630711        -0.0056514226
        3.4204699000         2.6200000000         1.3352870017         0.0177149486        -0.0721387468
        3.4255279000         2.6200000000         1.3352870017         0.0202668261        -0.0721387468
        3.4304406000         2.6200000000         1.3327346748         0.0126111937        -0.1386260710
        3.4354273000         2.6200000000         1.3250776943         0.0126111937        -0.3380880437
        3.4404256000         2.6200000000         1.3327346748         0.0126111937        -0.1386260710
        3.4456036000         2.6200000000         1.3301823480         0.0126111937        -0.2051133952
        3.4505680000         2.6200000000         1.3378393285         0.0177149486        -0.0056514226
        3.4555154000         2.6200000000         1.3352870017         0.0177149486        -0.0721387468
        3.4604374000         2.6200000000         1.3327346748         0.0151630711        -0.1386260710
        3.4654401000         2.6200000000         1.3301823480         0.0100593162        -0.2051133952
        3.4705586000         2.6200000000         1.3352870017         0.0177149486        -0.0721387468
        3.4755226000         2.6200000000         1.3352870017         0.0177149486        -0.0721387468
        3.4807192000         2.6200000000         1.3301823480         0.0126111937        -0.2051133952
        3.4857005000         2.6200000000         1.3378393285         0.0177149486        -0.0056514226
        3.4906911000         2.6200000000         1.3352870017         0.0177149486        -0.0721387468
        3.4955296000         2.6200000000         1.3352870017         0.0177149486        -0.0721387468
        3.5005652000         2.6200000000         1.3301823480         0.0100593162        -0.2051133952
        3.5057027000         2.6200000000         1.3378393285         0.0177149486        -0.0056514226
        3.5105946000         2.6200000000         1.3378393285         0.0177149486        -0.0056514226
        3.5155601000         2.6200000000         1.3429439823         0.0228187035         0.1273232259
        3.5205003000         2.6200000000         1.3378393285         0.0177149486        -0.0056514226
        3.5254917000         2.6200000000         1.3301823480         0.0126111937        -0.2051133952
        3.5304145000         2.6200000000         1.3301823480         0.0126111937        -0.2051133952
        3.5355595000         2.6200000000         1.3378393285         0.0202668261        -0.0056514226
        3.5404333000         2.6200000000         1.3378393285         0.0177149486        -0.0056514226
        3.5454561000         2.6200000000         1.3429439823         0.0151630711         0.1273232259
        3.5504415000         2.6200000000         1.3429439823         0.0228187035         0.1273232259
        3.5554286000         2.6200000000         1.3429439823         0.0228187035         0.1273232259
        3.5604727000         2.6200000000         1.3327346748         0.0126111937        -0.1386260710
        3.5654333000         2.6200000000         1.3429439823         0.0228187035         0.1273232259
        3.5704557000         2.6200000000         1.3378393285         0.0177149486        -0.0056514226
        3.5755406000         2.6200000000         1.3327346748         0.0126111937        -0.1386260710
        3.5804381000         2.6200000000         1.3327346748         0.0126111937        -0.1386260710
        3.5854706000         2.6200000000         1.3327346748         0.0126111937        -0.1386260710
        3.5904306000         2.6200000000         1.3352870017         0.0151630711        -0.0721387468
        3.5955674000         2.6200000000         1.3378393285         0.0151630711        -0.0056514226
        3.6005175000         2.6200000000         1.3352870017         0.0177149486        -0.0721387468
        3.6054984000         2.6200000000         1.3429439823         0.0253705810         0.1273232259
        3.6104925000         2.6200000000         1.3352870017         0.0177149486        -0.0721387468
        3.6154917000         2.6200000000         1.3352870017         0.0177149486        -0.0721387468
        3.6204352000         2.6200000000         1.3327346748         0.0151630711        -0.1386260710
        3.6254053000         2.6200000000         1.3301823480         0.0202668261        -0.2051133952
        3.6304421000         2.6200000000         1.3378393285         0.0202668261        -0.0056514226
        3.6354298000         2.6200000000         1.3378393285         0.0177149486        -0.0056514226
        3.6404292000         2.6200000000         1.3429439823         0.0228187035         0.1273232259
        3.6454821000         2.6200000000         1.3378393285         0.0177149486        -0.0056514226
        3.6505620000         2.6200000000         1.3378393285         0.0177149486        -0.0056514226
        3.6556252000         2.6200000000         1.3454963091         0.0253705810         0.1938105501
        3.6604853000         2.6200000000         1.3480486360         0.0253705810         0.2602978743
        3.6655801000         2.6200000000         1.3403916554         0.0228187035         0.0608359017
        3.6707231000         2.6200000000         1.3378393285         0.0151630711        -0.0056514226
        3.6755157000         2.6200000000         1.3378393285         0.0177149486        -0.0056514226
        3.6805175000         2.6200000000         1.3378393285         0.0177149486        -0.0056514226
        3.6855783000         2.6200000000         1.3327346748         0.0100593162        -0.1386260710
        3.6905150000         2.6200000000         1.3301823480         0.0126111937        -0.2051133952
        3.6955815000         2.6200000000         1.3378393285         0.0177149486        -0.0056514226
        3.7006158000         2.6200000000         1.3301823480         0.0126111937        -0.2051133952
        3.7055938000         2.6200000000         1.3327346748         0.0100593162        -0.1386260710
        3.7105119000         2.6200000000         1.3352870017         0.0177149486        -0.0721387468
        3.7155507000         2.6200000000         1.3378393285         0.0177149486        -0.0056514226
        3.7205013000         2.6200000000         1.3327346748         0.0126111937        -0.1386260710
        3.7257033000         2.6200000000         1.3378393285         0.0253705810        -0.0056514226
        3.7388518000         2.6200000000         1.3301823480         0.0126111937        -0.2051133952
        3.7394454000         2.6200000000         1.3378393285         0.0177149486        -0.0056514226
        3.7405127000         2.6200000000         1.3352870017         0.0151630711        -0.0721387468
        3.7454868000         2.6200000000         1.3429439823         0.0253705810         0.1273232259
        3.7505401000         2.6200000000         1.3454963091         0.0228187035         0.1938105501
        3.7554981000         2.6200000000         1.3454963091         0.0126111937         0.1938105501
        3.7604986000         2.6200000000         1.3301823480         0.0126111937        -0.2051133952
        3.7655186000         2.6200000000         1.3352870017         0.0177149486        -0.0721387468
        3.7704922000         2.6200000000         1.3378393285         0.0151630711        -0.0056514226
        3.7755468000         2.6200000000         1.3352870017         0.0177149486        -0.0721387468
        3.7805578000         2.6200000000         1.3378393285         0.0177149486        -0.0056514226
        3.7855125000         2.6200000000         1.3429439823         0.0228187035         0.1273232259
        3.7904851000         2.6200000000         1.3378393285         0.0177149486        -0.0056514226
        3.7956551000         2.6200000000         1.3352870017         0.0126111937        -0.0721387468
        3.8004783000         2.6200000000         1.3429439823         0.0228187035         0.1273232259
        3.8054871000         2.6200000000         1.3327346748         0.0126111937        -0.1386260710
        3.8104784000         2.6200000000         1.3301823480         0.0126111937        -0.2051133952
        3.8155724000         2.6200000000         1.3378393285         0.0202668261        -0.0056514226
        3.8205190000         2.6200000000         1.3454963091         0.0253705810         0.1938105501
        3.8255157000         2.6200000000         1.3352870017         0.0177149486        -0.0721387468
        3.8306287000         2.6200000000         1.3403916554         0.0126111937         0.0608359017
        3.8356772000         2.6200000000         1.3378393285         0.0177149486        -0.0056514226
        3.8405505000         2.6200000000         1.3327346748         0.0100593162        -0.1386260710
        3.8455565000         2.6200000000         1.3301823480         0.0100593162        -0.2051133952
        3.8507424000         2.6200000000         1.3378393285         0.0177149486        -0.0056514226
        3.8554891000         2.6200000000         1.3378393285         0.0177149486        -0.0056514226
        3.8606923000         2.6200000000         1.3429439823         0.0253705810         0.1273232259
        3.8655873000         2.6200000000         1.3429439823         0.0253705810         0.1273232259
        3.8706584000         2.6200000000         1.3403916554         0.0177149486         0.0608359017
        3.8756391000         2.6200000000         1.3301823480         0.0126111937        -0.2051133952
        3.8804155000         2.6200000000         1.3327346748         0.0126111937        -0.1386260710
        3.8855156000         2.6200000000         1.3378393285         0.0151630711        -0.0056514226
        3.8905606000         2.6200000000         1.3429439823         0.0253705810         0.1273232259
        3.8954033000         2.6200000000         1.3454963091         0.0228187035         0.1938105501
        3.9005277000         2.6200000000         1.3352870017         0.0151630711        -0.0721387468
        3.9055166000         2.6200000000         1.3352870017         0.0202668261        -0.0721387468
        3.9103953000         2.6200000000         1.3429439823         0.0228187035         0.1273232259
        3.9154016000         2.6200000000         1.3301823480         0.0100593162        -0.2051133952
        3.9204268000         2.6200000000         1.3352870017         0.0151630711        -0.0721387468
        3.9254613000         2.6200000000         1.3378393285         0.0177149486        -0.0056514226
        3.9304571000         2.6200000000         1.3276300211         0.0126111937        -0.2716007195
        3.9354230000         2.6200000000         1.3352870017         0.0177149486        -0.0721387468
        3.9404889000         2.6200000000         1.3378393285         0.0151630711        -0.0056514226
        3.9454483000         2.6200000000         1.3327346748         0.0151630711        -0.1386260710
        3.9503907000         2.6200000000         1.3378393285         0.0177149486        -0.0056514226
        3.9554306000         2.6200000000         1.3352870017         0.0151630711        -0.0721387468
        3.9605825000         2.6200000000         1.3378393285         0.0126111937        -0.0056514226
        3.9655818000         2.6200000000         1.3352870017         0.0126111937        -0.0721387468
        3.9706361000         2.6200000000         1.3429439823         0.0228187035         0.1273232259
        3.9754629000         2.6200000000         1.3429439823         0.0228187035         0.1273232259
        3.9804362000         2.6200000000         1.3352870017         0.0177149486        -0.0721387468
        3.9854377000         2.6200000000         1.3454963091         0.0228187035         0.1938105501
        3.9907341000         2.6200000000         1.3378393285         0.0177149486        -0.0056514226
        3.9955574000         2.6200000000         1.3429439823         0.0253705810         0.1273232259
        4.0005149000         2.6200000000         1.3403916554         0.0253705810         0.0608359017
