% Motor Sweep Step 108/180
% Vcmd       = 1.8000 [V]
% Direction  = CCW
% Zone       = OUTER
% Vg_offset  = 1.336155 [V]
% K_gimbal   = 26.049690 [(rad/s)/V]

Time[s]              Vcmd[V]              Vg_raw[V]            Pot[V]               Omega[rad/s]
        0.0000131000         1.8000000000         1.3403916554         3.0978310416         0.1103689582
        0.0050106000         1.8000000000         1.3352870017         3.0978310416        -0.0226056902
        0.0100098000         1.8000000000         1.3454963091         3.0978310416         0.2433436067
        0.0150184000         1.8000000000         1.3352870017         3.0978310416        -0.0226056902
        0.0200076000         1.8000000000         1.3301823480         3.1003829191        -0.1555803387
        0.0250092000         1.8000000000         1.1642811023         3.0901754092        -4.4772564134
        0.0300061000         1.8000000000         1.2255369469         3.0697603896        -2.8815606320
        0.0350079000         1.8000000000         1.2153276394         3.0544491248        -3.1475099289
        0.0400058000         1.8000000000         1.1744904097         3.0467934924        -4.2113071165
        0.0450093000         1.8000000000         1.1719380829         3.0187228404        -4.2777944407
        0.0500053000         1.8000000000         1.2025660052         3.0110672080        -3.4799465500
        0.0550095000         1.8000000000         1.1668334292         3.0034115756        -4.4107690892
        0.0600102000         1.8000000000         1.1642811023         2.9855484334        -4.4772564134
        0.0650097000         1.8000000000         1.1642811023         2.9625815363        -4.4772564134
        0.0700083000         1.8000000000         1.1489671412         2.9421665166        -4.8761803588
        0.0750098000         1.8000000000         1.1464148143         2.9166477420        -4.9426676830
        0.0800061000         1.8000000000         1.1413101606         2.8987845998        -5.0756423315
        0.0850098000         1.8000000000         1.1234438726         2.8809214576        -5.5410536011
        0.0900070000         1.8000000000         1.1464148143         2.8732658252        -4.9426676830
        0.0950097000         1.8000000000         1.1489671412         2.8554026830        -4.8761803588
        0.1000049000         1.8000000000         1.1259961995         2.8298839084        -5.4745662768
        0.1050054000         1.8000000000         1.1183392189         2.8069170113        -5.6740282495
        0.1100061000         1.8000000000         1.1259961995         2.7890538691        -5.4745662768
        0.1150117000         1.8000000000         1.1234438726         2.7660869720        -5.5410536011
        0.1200070000         1.8000000000         1.1157868920         2.7431200748        -5.7405155737
        0.1250098000         1.8000000000         1.1106822383         2.7150494228        -5.8734902222
        0.1300070000         1.8000000000         1.1030252578         2.6946344031        -6.0729521949
        0.1350091000         1.8000000000         1.1081299115         2.6716675060        -5.9399775464
        0.1400350000         1.8000000000         1.1081299115         2.6563562412        -5.9399775464
        0.1450095000         1.8000000000         1.1055775846         2.6308374666        -6.0064648706
        0.1500220000         1.8000000000         1.0979206040         2.6078705695        -6.2059268433
        0.1550043000         1.8000000000         1.1004729309         2.5925593047        -6.1394395191
        0.1600168000         1.8000000000         1.1081299115         2.5644886527        -5.9399775464
        0.1650069000         1.8000000000         1.1030252578         2.5466255105        -6.0729521949
        0.1700058000         1.8000000000         1.0928159503         2.5211067359        -6.3389014918
        0.1750075000         1.8000000000         1.1030252578         2.4930360838        -6.0729521949
        0.1800063000         1.8000000000         1.0775019892         2.4649654318        -6.7378254371
        0.1850101000         1.8000000000         1.0979206040         2.4496541670        -6.2059268433
        0.1900072000         1.8000000000         1.0826066429         2.4139278826        -6.6048507887
        0.1950097000         1.8000000000         1.0928159503         2.3935128629        -6.3389014918
        0.2000109000         1.8000000000         1.0928159503         2.3730978433        -6.3389014918
        0.2050163000         1.8000000000         1.0800543160         2.3424753138        -6.6713381129
        0.2100054000         1.8000000000         1.0877112966         2.3246121715        -6.4718761402
        0.2150056000         1.8000000000         1.0851589698         2.2914377646        -6.5383634645
        0.2200060000         1.8000000000         1.0800543160         2.2633671125        -6.6713381129
        0.2250033000         1.8000000000         1.0749496623         2.2429520929        -6.8043127614
        0.2300122000         1.8000000000         1.0698450086         2.2148814408        -6.9372874098
        0.2350067000         1.8000000000         1.0749496623         2.1868107888        -6.8043127614
        0.2400040000         1.8000000000         1.0800543160         2.1714995240        -6.6713381129
        0.2450052000         1.8000000000         1.0749496623         2.1459807494        -6.8043127614
        0.2500064000         1.8000000000         1.0672926818         2.1153582199        -7.0037747340
        0.2550068000         1.8000000000         1.0851589698         2.0847356904        -6.5383634645
        0.2600093000         1.8000000000         1.0775019892         2.0643206707        -6.7378254371
        0.2650078000         1.8000000000         1.0570833743         2.0311462638        -7.2697240309
        0.2700049000         1.8000000000         1.0545310475         2.0056274892        -7.3362113552
        0.2750104000         1.8000000000         1.0647403549         1.9801087146        -7.0702620583
        0.2800136000         1.8000000000         1.0698450086         1.9545899400        -6.9372874098
        0.2850067000         1.8000000000         1.0494263938         1.9188636556        -7.4691860036
        0.2900163000         1.8000000000         1.0698450086         1.9010005134        -6.9372874098
        0.2950052000         1.8000000000         1.0519787206         1.8729298613        -7.4026986794
        0.3000030000         1.8000000000         1.0545310475         1.8423073318        -7.3362113552
        0.3050038000         1.8000000000         1.0672926818         1.8142366797        -7.0037747340
        0.3103903000         1.8000000000         1.0621880280         1.7887179052        -7.1367493825
        0.3150077000         1.8000000000         1.0417694132         1.7580953756        -7.6686479763
        0.3200064000         1.8000000000         1.0596357012         1.7351284785        -7.2032367067
        0.3250038000         1.8000000000         1.0723973355         1.7172653363        -6.8708000856
        0.3300041000         1.8000000000         1.0545310475         1.6840909293        -7.3362113552
        0.3350113000         1.8000000000         1.0468740669         1.6534683998        -7.5356733279
        0.3400087000         1.8000000000         1.0570833743         1.6330533802        -7.2697240309
        0.3450059000         1.8000000000         1.0570833743         1.5973270957        -7.2697240309
        0.3500092000         1.8000000000         1.0621880280         1.5871195859        -7.1367493825
        0.3550094000         1.8000000000         1.0672926818         1.5462895465        -7.0037747340
        0.3600068000         1.8000000000         1.0545310475         1.5207707720        -7.3362113552
        0.3650082000         1.8000000000         1.0519787206         1.4952519974        -7.4026986794
        0.3700098000         1.8000000000         1.0545310475         1.4595257129        -7.3362113552
        0.3750100000         1.8000000000         1.0519787206         1.4340069384        -7.4026986794
        0.3800061000         1.8000000000         1.0366647595         1.4161437961        -7.8016226248
        0.3850056000         1.8000000000         1.0596357012         1.3804175117        -7.2032367067
        0.3900031000         1.8000000000         1.0621880280         1.3600024920        -7.1367493825
        0.3950053000         1.8000000000         1.0519787206         1.3242762076        -7.4026986794
        0.4000095000         1.8000000000         1.0341124326         1.2962055556        -7.8681099490
        0.4050105000         1.8000000000         1.0494263938         1.2655830261        -7.4691860036
        0.4100098000         1.8000000000         1.0647403549         1.2400642515        -7.0702620583
        0.4150110000         1.8000000000         1.0494263938         1.2094417220        -7.4691860036
        0.4200092000         1.8000000000         1.0366647595         1.1839229474        -7.8016226248
        0.4250076000         1.8000000000         1.0621880280         1.1609560502        -7.1367493825
        0.4300095000         1.8000000000         1.0647403549         1.1379891531        -7.0702620583
        0.4350045000         1.8000000000         1.0443217401         1.0997109912        -7.6021606521
        0.4400076000         1.8000000000         1.0468740669         1.0716403392        -7.5356733279
        0.4450576000         1.8000000000         1.0392170863         1.0410178097        -7.7351353005
        0.4500096000         1.8000000000         1.0494263938         1.0052915252        -7.4691860036
        0.4550031000         1.8000000000         1.0392170863         0.9823246281        -7.7351353005
        0.4600101000         1.8000000000         1.0341124326         0.9465983437        -7.8681099490
        0.4650100000         1.8000000000         1.0519787206         0.9287352015        -7.4026986794
        0.4700063000         1.8000000000         1.0290077789         0.8904570396        -8.0010845974
        0.4750096000         1.8000000000         1.0519787206         0.8547307552        -7.4026986794
        0.4800055000         1.8000000000         1.0366647595         0.8343157355        -7.8016226248
        0.4850100000         1.8000000000         1.0341124326         0.7960375736        -7.8681099490
        0.4900068000         1.8000000000         1.0519787206         0.7807263088        -7.4026986794
        0.4950091000         1.8000000000         1.0392170863         0.7424481470        -7.7351353005
        0.5000050000         1.8000000000         1.0545310475         0.7220331273        -7.3362113552
        0.5050101000         1.8000000000         1.0468740669         0.6939624752        -7.5356733279
        0.5100054000         1.8000000000         1.0468740669         0.6505805584        -7.5356733279
        0.5150322000         1.8000000000         1.0443217401         0.6225099064        -7.6021606521
        0.5200104000         1.8000000000         1.0468740669         0.6046467642        -7.5356733279
        0.5251539000         1.8000000000         1.0468740669         0.5663686023        -7.5356733279
        0.5300046000         1.8000000000         1.0494263938         0.5434017052        -7.4691860036
        0.5350058000         1.8000000000         1.0545310475         0.5102272982        -7.3362113552
        0.5400099000         1.8000000000         1.0519787206         0.4796047687        -7.4026986794
        0.5450154000         1.8000000000         1.0468740669         0.4515341166        -7.5356733279
        0.5500049000         1.8000000000         1.0621880280         0.4285672195        -7.1367493825
        0.5551326000         1.8000000000         1.0545310475         0.3928409351        -7.3362113552
        0.5600099000         1.8000000000         1.0468740669         0.3622184056        -7.5356733279
        0.5650099000         1.8000000000         1.0596357012         0.3341477535        -7.2032367067
        0.5700102000         1.8000000000         1.0468740669         0.3111808564        -7.5356733279
        0.5750092000         1.8000000000         1.0494263938         0.2703508170        -7.4691860036
        0.5800055000         1.8000000000         1.0417694132         0.2448320425        -7.6686479763
        0.5850089000         1.8000000000         1.0621880280         0.2218651453        -7.1367493825
        0.5900052000         1.8000000000         1.0494263938         0.1937944933        -7.4691860036
        0.5950100000         1.8000000000         1.0468740669         0.1504125765        -7.5356733279
        0.6000130000         1.8000000000         1.0519787206         0.1223419244        -7.4026986794
        0.6050126000         1.8000000000         1.0596357012         0.1019269048        -7.2032367067
        0.6100066000         1.8000000000         1.0468740669         0.0713043752        -7.5356733279
        0.6150128000         1.8000000000         1.0570833743         0.0355780908        -7.2697240309
        0.6200109000         1.8000000000         1.0468740669         0.0126111937        -7.5356733279
        0.6250124000         1.8000000000         1.0468740669        -0.0001481936        -7.5356733279
        0.6300106000         1.8000000000         1.0519787206         0.0075074388        -7.4026986794
        0.6350080000         1.8000000000         1.0468740669        -0.0001481936        -7.5356733279
        0.6400079000         1.8000000000         1.0494263938        -0.0027000711        -7.4691860036
        0.6450092000         1.8000000000         1.0290077789         1.1150222560        -8.0010845974
        0.6500279000         1.8000000000         1.0417694132         1.0997109912        -7.6686479763
        0.6550098000         1.8000000000         1.0545310475         5.0091872584        -7.3362113552
        0.6600065000         1.8000000000         1.0443217401         5.0040835035        -7.6021606521
        0.6650101000         1.8000000000         1.0417694132         5.0066353810        -7.6686479763
        0.6700097000         1.8000000000         1.0392170863         5.0066353810        -7.7351353005
        0.6750097000         1.8000000000         1.0468740669         4.9913241162        -7.5356733279
        0.6800284000         1.8000000000         1.0494263938         4.9581497092        -7.4691860036
        0.6850114000         1.8000000000         1.0417694132         4.9300790572        -7.6686479763
        0.6900921000         1.8000000000         1.0596357012         4.9045602826        -7.2032367067
        0.6950144000         1.8000000000         1.0468740669         4.8739377531        -7.5356733279
        0.7000197000         1.8000000000         1.0596357012         4.8433152236        -7.2032367067
        0.7050083000         1.8000000000         1.0392170863         4.8075889392        -7.7351353005
        0.7100084000         1.8000000000         1.0519787206         4.7795182871        -7.4026986794
        0.7150075000         1.8000000000         1.0417694132         4.7463438801        -7.6686479763
        0.7200093000         1.8000000000         1.0596357012         4.7208251056        -7.2032367067
        0.7250172000         1.8000000000         1.0341124326         4.6850988211        -7.8681099490
        0.7300114000         1.8000000000         1.0596357012         4.6595800465        -7.2032367067
        0.7350088000         1.8000000000         1.0519787206         4.6366131494        -7.4026986794
        0.7400120000         1.8000000000         1.0647403549         4.5983349875        -7.0702620583
        0.7450147000         1.8000000000         1.0596357012         4.5779199678        -7.2032367067
        0.7500127000         1.8000000000         1.0290077789         4.5370899285        -8.0010845974
        0.7550101000         1.8000000000         1.0494263938         4.5064673990        -7.4691860036
        0.7600097000         1.8000000000         1.0672926818         4.4911561342        -7.0037747340
        0.7650058000         1.8000000000         1.0570833743         4.4503260949        -7.2697240309
        0.7700605000         1.8000000000         1.0621880280         4.4324629527        -7.1367493825
        0.7750103000         1.8000000000         1.0570833743         4.3967366683        -7.2697240309
        0.7800452000         1.8000000000         1.0596357012         4.3737697711        -7.2032367067
        0.7850105000         1.8000000000         1.0621880280         4.3431472416        -7.1367493825
        0.7900093000         1.8000000000         1.0698450086         4.3176284670        -6.9372874098
        0.7950062000         1.8000000000         1.0596357012         4.2921096924        -7.2032367067
        0.8000099000         1.8000000000         1.0596357012         4.2589352855        -7.2032367067
        0.8050098000         1.8000000000         1.0672926818         4.2410721433        -7.0037747340
        0.8100101000         1.8000000000         1.0621880280         4.2078977363        -7.1367493825
        0.8150061000         1.8000000000         1.0621880280         4.1798270842        -7.1367493825
        0.8200084000         1.8000000000         1.0698450086         4.1594120646        -6.9372874098
        0.8250060000         1.8000000000         1.0672926818         4.1262376576        -7.0037747340
        0.8300103000         1.8000000000         1.0647403549         4.0981670056        -7.0702620583
        0.8350068000         1.8000000000         1.0596357012         4.0649925986        -7.2032367067
        0.8400133000         1.8000000000         1.0596357012         4.0369219465        -7.2032367067
        0.8450106000         1.8000000000         1.0545310475         4.0114031719        -7.3362113552
        0.8500117000         1.8000000000         1.0596357012         3.9909881523        -7.2032367067
        0.8550098000         1.8000000000         1.0672926818         3.9578137453        -7.0037747340
        0.8600171000         1.8000000000         1.0468740669         3.9297430933        -7.5356733279
        0.8650069000         1.8000000000         1.0698450086         3.9067761961        -6.9372874098
        0.8700100000         1.8000000000         1.0494263938         3.8787055441        -7.4691860036
        0.8750109000         1.8000000000         1.0570833743         3.8557386469        -7.2697240309
        0.8800187000         1.8000000000         1.0672926818         3.8276679949        -7.0037747340
        0.8850118000         1.8000000000         1.0570833743         3.7944935879        -7.2697240309
        0.8900096000         1.8000000000         1.0596357012         3.7791823232        -7.2032367067
        0.8950598000         1.8000000000         1.0749496623         3.7485597937        -6.8043127614
        0.9000442000         1.8000000000         1.0621880280         3.7230410191        -7.1367493825
        0.9050166000         1.8000000000         1.0672926818         3.6924184896        -7.0037747340
        0.9100062000         1.8000000000         1.0723973355         3.6745553474        -6.8708000856
        0.9150045000         1.8000000000         1.0698450086         3.6464846953        -6.9372874098
        0.9200155000         1.8000000000         1.0545310475         3.6056546560        -7.3362113552
        0.9250051000         1.8000000000         1.0698450086         3.5826877588        -6.9372874098
        0.9300092000         1.8000000000         1.0596357012         3.5622727392        -7.2032367067
        0.9350063000         1.8000000000         1.0672926818         3.5367539646        -7.0037747340
        0.9400093000         1.8000000000         1.0596357012         3.5061314351        -7.2032367067
        0.9450101000         1.8000000000         1.0698450086         3.4806126605        -6.9372874098
        0.9500096000         1.8000000000         1.0621880280         3.4474382535        -7.1367493825
        0.9550057000         1.8000000000         1.0519787206         3.4193676015        -7.4026986794
        0.9600126000         1.8000000000         1.0672926818         3.3912969494        -7.0037747340
        0.9650102000         1.8000000000         1.0519787206         3.3606744199        -7.4026986794
        0.9700103000         1.8000000000         1.0647403549         3.3428112777        -7.0702620583
        0.9750078000         1.8000000000         1.0723973355         3.3147406256        -6.8708000856
        0.9800120000         1.8000000000         1.0519787206         3.2764624638        -7.4026986794
        0.9850070000         1.8000000000         1.0570833743         3.2534955666        -7.2697240309
        0.9900107000         1.8000000000         1.0621880280         3.2356324244        -7.1367493825
        0.9950074000         1.8000000000         1.0545310475         3.2024580174        -7.3362113552
        1.0000137000         1.8000000000         1.0545310475         3.1743873654        -7.3362113552
        1.0050126000         1.8000000000         1.0494263938         3.1361092035        -7.4691860036
        1.0100192000         1.8000000000         1.0443217401         3.1156941838        -7.6021606521
        1.0150052000         1.8000000000         1.0621880280         3.0927272867        -7.1367493825
        1.0200144000         1.8000000000         1.0596357012         3.0621047572        -7.2032367067
        1.0250104000         1.8000000000         1.0392170863         3.0263784728        -7.7351353005
        1.0300105000         1.8000000000         1.0545310475         2.9957559433        -7.3362113552
        1.0350062000         1.8000000000         1.0647403549         2.9753409236        -7.0702620583
        1.0400092000         1.8000000000         1.0468740669         2.9549259039        -7.5356733279
        1.0450102000         1.8000000000         1.0672926818         2.9166477420        -7.0037747340
        1.0500102000         1.8000000000         1.0443217401         2.8834733351        -7.6021606521
        1.0550098000         1.8000000000         1.0647403549         2.8681620703        -7.0702620583
        1.0600207000         1.8000000000         1.0570833743         2.8324357859        -7.2697240309
        1.0650103000         1.8000000000         1.0468740669         2.8120207662        -7.5356733279
        1.0700173000         1.8000000000         1.0596357012         2.7762944818        -7.2032367067
        1.0750061000         1.8000000000         1.0519787206         2.7482238297        -7.4026986794
        1.0800100000         1.8000000000         1.0494263938         2.7201531777        -7.4691860036
        1.0850072000         1.8000000000         1.0545310475         2.6997381580        -7.3362113552
        1.0900222000         1.8000000000         1.0519787206         2.6640118736        -7.4026986794
        1.0950058000         1.8000000000         1.0468740669         2.6308374666        -7.5356733279
        1.1000229000         1.8000000000         1.0570833743         2.6078705695        -7.2697240309
        1.1050062000         1.8000000000         1.0366647595         2.5823517949        -7.8016226248
        1.1100223000         1.8000000000         1.0596357012         2.5517292654        -7.2032367067
        1.1150057000         1.8000000000         1.0596357012         2.5338661232        -7.2032367067
        1.1200100000         1.8000000000         1.0596357012         2.5006917162        -7.2032367067
        1.1250067000         1.8000000000         1.0519787206         2.4675173092        -7.4026986794
        1.1300099000         1.8000000000         1.0315601058         2.4445504121        -7.9345972732
        1.1350066000         1.8000000000         1.0545310475         2.4062722502        -7.3362113552
        1.1400092000         1.8000000000         1.0621880280         2.3858572306        -7.1367493825
        1.1450080000         1.8000000000         1.0341124326         2.3577865785        -7.8681099490
        1.1500135000         1.8000000000         1.0596357012         2.3297159265        -7.2032367067
        1.1550123000         1.8000000000         1.0723973355         2.3093009068        -6.8708000856
        1.1600092000         1.8000000000         1.0545310475         2.2710227449        -7.3362113552
        1.1650062000         1.8000000000         1.0621880280         2.2506077252        -7.1367493825
        1.1700097000         1.8000000000         1.0494263938         2.2225370732        -7.4691860036
        1.1750070000         1.8000000000         1.0494263938         2.1791551564        -7.4691860036
        1.1800111000         1.8000000000         1.0570833743         2.1689476465        -7.2697240309
        1.1850113000         1.8000000000         1.0596357012         2.1383251170        -7.2032367067
        1.1900201000         1.8000000000         1.0468740669         2.1051507101        -7.5356733279
        1.1950358000         1.8000000000         1.0392170863         2.0719763031        -7.7351353005
        1.2000044000         1.8000000000         1.0570833743         2.0464575285        -7.2697240309
        1.2050099000         1.8000000000         1.0443217401         2.0183868765        -7.6021606521
        1.2100084000         1.8000000000         1.0264554521         1.9903162244        -8.0675719217
        1.2150054000         1.8000000000         1.0570833743         1.9622455724        -7.2697240309
        1.2200089000         1.8000000000         1.0570833743         1.9392786752        -7.2697240309
        1.2250057000         1.8000000000         1.0392170863         1.9035523908        -7.7351353005
        1.2300101000         1.8000000000         1.0545310475         1.8780336162        -7.3362113552
        1.2350039000         1.8000000000         1.0392170863         1.8448592093        -7.7351353005
        1.2400099000         1.8000000000         1.0443217401         1.8116848023        -7.6021606521
        1.2450099000         1.8000000000         1.0494263938         1.7989254150        -7.4691860036
        1.2500097000         1.8000000000         1.0494263938         1.7683028855        -7.4691860036
        1.2550062000         1.8000000000         1.0392170863         1.7351284785        -7.7351353005
        1.2600106000         1.8000000000         1.0468740669         1.7045059490        -7.5356733279
        1.2651149000         1.8000000000         1.0494263938         1.6815390519        -7.4691860036
        1.2700066000         1.8000000000         1.0239031252         1.6458127674        -8.1340592459
        1.2750095000         1.8000000000         1.0468740669         1.6253977478        -7.5356733279
        1.2800031000         1.8000000000         1.0596357012         1.5896714634        -7.2032367067
        1.2850051000         1.8000000000         1.0315601058         1.5616008113        -7.9345972732
        1.2900050000         1.8000000000         1.0494263938         1.5386339142        -7.4691860036
        1.2950115000         1.8000000000         1.0341124326         1.4978038748        -7.8681099490
        1.3000078000         1.8000000000         1.0545310475         1.4799407326        -7.3362113552
        1.3050026000         1.8000000000         1.0366647595         1.4416625707        -7.8016226248
        1.3100040000         1.8000000000         1.0468740669         1.4212475511        -7.5356733279
        1.3150104000         1.8000000000         1.0468740669         1.3880731441        -7.5356733279
        1.3200088000         1.8000000000         1.0468740669         1.3574506146        -7.5356733279
        1.3250052000         1.8000000000         1.0468740669         1.3370355949        -7.5356733279
        1.3300029000         1.8000000000         1.0315601058         1.2962055556        -7.9345972732
        1.3350099000         1.8000000000         1.0443217401         1.2757905359        -7.6021606521
        1.3400083000         1.8000000000         1.0417694132         1.2375123740        -7.6686479763
        1.3450048000         1.8000000000         1.0417694132         1.2145454769        -7.6686479763
        1.3500025000         1.8000000000         1.0315601058         1.1839229474        -7.9345972732
        1.3550064000         1.8000000000         1.0494263938         1.1558522953        -7.4691860036
        1.3600028000         1.8000000000         1.0264554521         1.1226778884        -8.0675719217
        1.3650046000         1.8000000000         1.0647403549         1.1048147461        -7.0702620583
        1.3700064000         1.8000000000         1.0392170863         1.0690884617        -7.7351353005
        1.3750105000         1.8000000000         1.0392170863         1.0384659322        -7.7351353005
        1.3800100000         1.8000000000         1.0545310475         1.0103952802        -7.3362113552
        1.3850190000         1.8000000000         1.0213507983         0.9695652408        -8.2005465701
        1.3900099000         1.8000000000         1.0417694132         0.9517020986        -7.6686479763
        1.3950072000         1.8000000000         1.0417694132         0.9210795691        -7.6686479763
        1.4000099000         1.8000000000         1.0417694132         0.8904570396        -7.6686479763
        1.4050048000         1.8000000000         1.0468740669         0.8623863875        -7.5356733279
        1.4100098000         1.8000000000         1.0392170863         0.8343157355        -7.7351353005
        1.4150098000         1.8000000000         1.0341124326         0.7960375736        -7.8681099490
        1.4200066000         1.8000000000         1.0468740669         0.7705187990        -7.5356733279
        1.4250095000         1.8000000000         1.0468740669         0.7450000244        -7.5356733279
        1.4300070000         1.8000000000         1.0341124326         0.7092737400        -7.8681099490
        1.4350071000         1.8000000000         1.0392170863         0.6786512105        -7.7351353005
        1.4400075000         1.8000000000         1.0468740669         0.6531324359        -7.5356733279
        1.4450028000         1.8000000000         1.0366647595         0.6276136613        -7.8016226248
        1.4500058000         1.8000000000         1.0468740669         0.5944392543        -7.5356733279
        1.4550091000         1.8000000000         1.0417694132         0.5612648474        -7.6686479763
        1.4600039000         1.8000000000         1.0443217401         0.5408498277        -7.6021606521
        1.4650039000         1.8000000000         1.0468740669         0.5102272982        -7.5356733279
        1.4700062000         1.8000000000         1.0570833743         0.4745010138        -7.2697240309
        1.4750031000         1.8000000000         1.0315601058         0.4464303617        -7.9345972732
        1.4800085000         1.8000000000         1.0545310475         0.4132559548        -7.3362113552
        1.4850074000         1.8000000000         1.0468740669         0.3851853027        -7.5356733279
        1.4900052000         1.8000000000         1.0494263938         0.3622184056        -7.4691860036
        1.4950029000         1.8000000000         1.0468740669         0.3239402437        -7.5356733279
        1.5000042000         1.8000000000         1.0443217401         0.2984214691        -7.6021606521
        1.5050072000         1.8000000000         1.0672926818         0.2677989396        -7.0037747340
        1.5100071000         1.8000000000         1.0366647595         0.2448320425        -7.8016226248
        1.5150097000         1.8000000000         1.0596357012         0.2065538806        -7.2032367067
        1.5200066000         1.8000000000         1.0417694132         0.1784832285        -7.6686479763
        1.5250080000         1.8000000000         1.0468740669         0.1453088216        -7.5356733279
        1.5300089000         1.8000000000         1.0621880280         0.1248938019        -7.1367493825
        1.5350107000         1.8000000000         1.0392170863         0.0891675175        -7.7351353005
        1.5400107000         1.8000000000         1.0443217401         0.0559931105        -7.6021606521
        1.5450041000         1.8000000000         1.0672926818         0.0330262134        -7.0037747340
        1.5500084000         1.8000000000         1.0392170863        -0.0027000711        -7.7351353005
        1.5550082000         1.8000000000         1.0443217401        -0.0052519485        -7.6021606521
        1.5600059000         1.8000000000         1.0468740669         0.0024036839        -7.5356733279
        1.5650101000         1.8000000000         1.0494263938         0.0024036839        -7.4691860036
        1.5700095000         1.8000000000         1.0596357012         0.0075074388        -7.2032367067
        1.5750094000         1.8000000000         1.0417694132         1.1175741334        -7.6686479763
        1.5800054000         1.8000000000         1.0494263938         1.1175741334        -7.4691860036
        1.5850098000         1.8000000000         1.0468740669         4.9989797486        -7.5356733279
        1.5900051000         1.8000000000         1.0468740669         5.0015316260        -7.5356733279
        1.5950098000         1.8000000000         1.0647403549         5.0142910133        -7.0702620583
        1.6000075000         1.8000000000         1.0468740669         5.0066353810        -7.5356733279
        1.6050093000         1.8000000000         1.0596357012         4.9862203613        -7.2032367067
        1.6100090000         1.8000000000         1.0698450086         4.9683572191        -6.9372874098
        1.6150098000         1.8000000000         1.0443217401         4.9249753023        -7.6021606521
        1.6200067000         1.8000000000         1.0519787206         4.8994565277        -7.4026986794
        1.6250099000         1.8000000000         1.0519787206         4.8739377531        -7.4026986794
        1.6300076000         1.8000000000         1.0570833743         4.8407633461        -7.2697240309
        1.6350102000         1.8000000000         1.0519787206         4.8101408166        -7.4026986794
        1.6401622000         1.8000000000         1.0596357012         4.7871739195        -7.2032367067
        1.6450099000         1.8000000000         1.0621880280         4.7565513900        -7.1367493825
        1.6500052000         1.8000000000         1.0647403549         4.7335844928        -7.0702620583
        1.6550101000         1.8000000000         1.0494263938         4.6927544535        -7.4691860036
        1.6600063000         1.8000000000         1.0621880280         4.6697875564        -7.1367493825
        1.6650100000         1.8000000000         1.0519787206         4.6442687818        -7.4026986794
        1.6700097000         1.8000000000         1.0723973355         4.6187500072        -6.8708000856
        1.6750094000         1.8000000000         1.0519787206         4.5779199678        -7.4026986794
        1.6800069000         1.8000000000         1.0596357012         4.5575049482        -7.2032367067
        1.6850108000         1.8000000000         1.0698450086         4.5243305412        -6.9372874098
        1.6900043000         1.8000000000         1.0570833743         4.4962598892        -7.2697240309
        1.6950101000         1.8000000000         1.0698450086         4.4732929920        -6.9372874098
        1.7000061000         1.8000000000         1.0570833743         4.4426704625        -7.2697240309
        1.7050108000         1.8000000000         1.0621880280         4.4145998105        -7.1367493825
        1.7100269000         1.8000000000         1.0596357012         4.3839772810        -7.2032367067
        1.7150118000         1.8000000000         1.0596357012         4.3584585064        -7.2032367067
        1.7200096000         1.8000000000         1.0621880280         4.3329397318        -7.1367493825
        1.7250056000         1.8000000000         1.0545310475         4.2997653248        -7.3362113552
        1.7300094000         1.8000000000         1.0621880280         4.2819021826        -7.1367493825
        1.7350073000         1.8000000000         1.0596357012         4.2461758982        -7.2032367067
        1.7400095000         1.8000000000         1.0443217401         4.2130014912        -7.6021606521
        1.7450065000         1.8000000000         1.0621880280         4.1976902265        -7.1367493825
        1.7500098000         1.8000000000         1.0468740669         4.1594120646        -7.5356733279
        1.7550097000         1.8000000000         1.0672926818         4.1389970449        -7.0037747340
        1.7600103000         1.8000000000         1.0621880280         4.1032707605        -7.1367493825
        1.7650278000         1.8000000000         1.0596357012         4.0854076183        -7.2032367067
        1.7700135000         1.8000000000         1.0621880280         4.0522332113        -7.1367493825
        1.7750126000         1.8000000000         1.0519787206         4.0190588043        -7.4026986794
        1.7800158000         1.8000000000         1.0519787206         3.9909881523        -7.4026986794
        1.7850129000         1.8000000000         1.0698450086         3.9731250101        -6.9372874098
        1.7900140000         1.8000000000         1.0545310475         3.9348468482        -7.3362113552
        1.7950071000         1.8000000000         1.0545310475         3.9093280736        -7.3362113552
        1.8000111000         1.8000000000         1.0494263938         3.8812574215        -7.4691860036
        1.8050081000         1.8000000000         1.0596357012         3.8633942793        -7.2032367067
        1.8100098000         1.8000000000         1.0647403549         3.8378755047        -7.0702620583
        1.8150066000         1.8000000000         1.0596357012         3.8098048527        -7.2032367067
        1.8200068000         1.8000000000         1.0443217401         3.7715266908        -7.6021606521
        1.8250054000         1.8000000000         1.0545310475         3.7409041613        -7.3362113552
        1.8300095000         1.8000000000         1.0494263938         3.7153853867        -7.4691860036
        1.8350075000         1.8000000000         1.0647403549         3.6924184896        -7.0702620583
        1.8400095000         1.8000000000         1.0621880280         3.6694515924        -7.1367493825
        1.8450065000         1.8000000000         1.0468740669         3.6311734306        -7.5356733279
        1.8500099000         1.8000000000         1.0621880280         3.6056546560        -7.1367493825
        1.8550059000         1.8000000000         1.0494263938         3.5750321265        -7.4691860036
        1.8600100000         1.8000000000         1.0596357012         3.5597208617        -7.2032367067
        1.8650061000         1.8000000000         1.0621880280         3.5265464547        -7.1367493825
        1.8700104000         1.8000000000         1.0494263938         3.4933720478        -7.4691860036
        1.8750053000         1.8000000000         1.0596357012         3.4729570281        -7.2032367067
        1.8800100000         1.8000000000         1.0494263938         3.4372307437        -7.4691860036
        1.8850108000         1.8000000000         1.0570833743         3.4117119691        -7.2697240309
        1.8900094000         1.8000000000         1.0443217401         3.3759856847        -7.6021606521
        1.8950103000         1.8000000000         1.0392170863         3.3453631551        -7.7351353005
        1.9000092000         1.8000000000         1.0647403549         3.3326037679        -7.0702620583
        1.9050078000         1.8000000000         1.0417694132         3.2968774834        -7.6686479763
        1.9100162000         1.8000000000         1.0494263938         3.2637030765        -7.4691860036
        1.9150057000         1.8000000000         1.0621880280         3.2432880568        -7.1367493825
        1.9200085000         1.8000000000         1.0545310475         3.2152174047        -7.3362113552
        1.9250110000         1.8000000000         1.0443217401         3.1845948752        -7.6021606521
        1.9300207000         1.8000000000         1.0596357012         3.1641798556        -7.2032367067
        1.9350076000         1.8000000000         1.0468740669         3.1284535711        -7.5356733279
        1.9400092000         1.8000000000         1.0545310475         3.1080385515        -7.3362113552
        1.9450088000         1.8000000000         1.0596357012         3.0723122670        -7.2032367067
        1.9500099000         1.8000000000         1.0417694132         3.0365859826        -7.6686479763
        1.9550091000         1.8000000000         1.0417694132         3.0136190855        -7.6686479763
        1.9600098000         1.8000000000         1.0621880280         2.9855484334        -7.1367493825
        1.9650178000         1.8000000000         1.0494263938         2.9600296588        -7.4691860036
        1.9700096000         1.8000000000         1.0519787206         2.9370627617        -7.4026986794
        1.9750058000         1.8000000000         1.0596357012         2.9038883547        -7.2032367067
        1.9800195000         1.8000000000         1.0494263938         2.8783695801        -7.4691860036
        1.9850079000         1.8000000000         1.0621880280         2.8477470506        -7.1367493825
        1.9900089000         1.8000000000         1.0494263938         2.8196763986        -7.4691860036
        1.9951939000         1.8000000000         1.0443217401         2.7890538691        -7.6021606521
        2.0000044000         1.8000000000         1.0519787206         2.7584313396        -7.4026986794
        2.0052755000         1.8000000000         1.0570833743         2.7405681974        -7.2697240309
        2.0100063000         1.8000000000         1.0392170863         2.6997381580        -7.7351353005
        2.0150099000         1.8000000000         1.0519787206         2.6844268933        -7.4026986794
        2.0200099000         1.8000000000         1.0519787206         2.6487006088        -7.4026986794
        2.0250094000         1.8000000000         1.0494263938         2.6231818342        -7.4691860036
        2.0300054000         1.8000000000         1.0392170863         2.5874555498        -7.7351353005
        2.0350371000         1.8000000000         1.0417694132         2.5619367752        -7.6686479763
        2.0400097000         1.8000000000         1.0570833743         2.5364180006        -7.2697240309
        2.0450050000         1.8000000000         1.0366647595         2.5032435937        -7.8016226248
        2.0500098000         1.8000000000         1.0494263938         2.4726210642        -7.4691860036
        2.0550103000         1.8000000000         1.0341124326         2.4419985347        -7.8681099490
        2.0600099000         1.8000000000         1.0468740669         2.4215835150        -7.5356733279
        2.0651275000         1.8000000000         1.0494263938         2.3935128629        -7.4691860036
        2.0700098000         1.8000000000         1.0366647595         2.3577865785        -7.8016226248
        2.0750061000         1.8000000000         1.0341124326         2.3297159265        -7.8681099490
        2.0800155000         1.8000000000         1.0570833743         2.3041971519        -7.2697240309
        2.0850103000         1.8000000000         1.0417694132         2.2761264998        -7.6686479763
        2.0900091000         1.8000000000         1.0366647595         2.2404002154        -7.8016226248
        2.0950074000         1.8000000000         1.0315601058         2.2123295633        -7.9345972732
        2.1000095000         1.8000000000         1.0494263938         2.1868107888        -7.4691860036
        2.1050086000         1.8000000000         1.0570833743         2.1663957691        -7.2697240309
        2.1100101000         1.8000000000         1.0392170863         2.1383251170        -7.7351353005
        2.1153083000         1.8000000000         1.0443217401         2.0949432002        -7.6021606521
        2.1200056000         1.8000000000         1.0341124326         2.0745281806        -7.8681099490
        2.1250092000         1.8000000000         1.0494263938         2.0413537736        -7.4691860036
        2.1300077000         1.8000000000         1.0494263938         2.0234906314        -7.4691860036
        2.1350099000         1.8000000000         1.0264554521         1.9852124695        -8.0675719217
        2.1400063000         1.8000000000         1.0494263938         1.9545899400        -7.4691860036
        2.1450095000         1.8000000000         1.0545310475         1.9341749203        -7.3362113552
        2.1500094000         1.8000000000         1.0545310475         1.9086561457        -7.3362113552
        2.1550093000         1.8000000000         1.0468740669         1.8754817388        -7.5356733279
        2.1600050000         1.8000000000         1.0468740669         1.8448592093        -7.5356733279
        2.1650095000         1.8000000000         1.0494263938         1.8167885572        -7.4691860036
        2.1700096000         1.8000000000         1.0392170863         1.7861660277        -7.7351353005
        2.1750124000         1.8000000000         1.0392170863         1.7657510080        -7.7351353005
        2.1800094000         1.8000000000         1.0596357012         1.7351284785        -7.2032367067
        2.1850131000         1.8000000000         1.0443217401         1.7096097039        -7.6021606521
        2.1900063000         1.8000000000         1.0468740669         1.6713315420        -7.5356733279
        2.1950097000         1.8000000000         1.0264554521         1.6432608900        -8.0675719217
        2.2000052000         1.8000000000         1.0443217401         1.6151902379        -7.6021606521
        2.2050105000         1.8000000000         1.0570833743         1.5845677084        -7.2697240309
        2.2100102000         1.8000000000         1.0290077789         1.5539451789        -8.0010845974
        2.2150102000         1.8000000000         1.0315601058         1.5207707720        -7.9345972732
        2.2200096000         1.8000000000         1.0366647595         1.4927001199        -7.8016226248
        2.2250095000         1.8000000000         1.0494263938         1.4671813453        -7.4691860036
        2.2300062000         1.8000000000         1.0290077789         1.4314550609        -8.0010845974
        2.2350093000         1.8000000000         1.0392170863         1.4110400412        -7.7351353005
        2.2400056000         1.8000000000         1.0494263938         1.3804175117        -7.4691860036
        2.2450097000         1.8000000000         1.0494263938         1.3574506146        -7.4691860036
        2.2500055000         1.8000000000         1.0417694132         1.3217243302        -7.6686479763
        2.2550086000         1.8000000000         1.0443217401         1.2962055556        -7.6021606521
        2.2600060000         1.8000000000         1.0366647595         1.2732386584        -7.8016226248
        2.2650101000         1.8000000000         1.0519787206         1.2298567416        -7.4026986794
        2.2700068000         1.8000000000         1.0315601058         1.2017860896        -7.9345972732
        2.2750100000         1.8000000000         1.0366647595         1.1788191925        -7.8016226248
        2.2800103000         1.8000000000         1.0366647595         1.1430929080        -7.8016226248
        2.2850821000         1.8000000000         1.0443217401         1.1150222560        -7.6021606521
        2.2900092000         1.8000000000         1.0468740669         1.0920553588        -7.5356733279
        2.2950098000         1.8000000000         1.0264554521         1.0563290744        -8.0675719217
        2.3000090000         1.8000000000         1.0341124326         1.0359140547        -7.8681099490
        2.3050106000         1.8000000000         1.0596357012         1.0078434027        -7.2032367067
        2.3100097000         1.8000000000         1.0213507983         0.9746689957        -8.2005465701
        2.3150100000         1.8000000000         1.0443217401         0.9389427113        -7.6021606521
        2.3200102000         1.8000000000         1.0494263938         0.9159758142        -7.4691860036
        2.3250096000         1.8000000000         1.0392170863         0.8802495297        -7.7351353005
        2.3300061000         1.8000000000         1.0315601058         0.8496270002        -7.9345972732
        2.3350097000         1.8000000000         1.0239031252         0.8164525933        -8.1340592459
        2.3400096000         1.8000000000         1.0443217401         0.7909338187        -7.6021606521
        2.3450099000         1.8000000000         1.0341124326         0.7577594117        -7.8681099490
        2.3500078000         1.8000000000         1.0366647595         0.7296887597        -7.8016226248
        2.3550100000         1.8000000000         1.0290077789         0.6914105978        -8.0010845974
        2.3600056000         1.8000000000         1.0341124326         0.6607880683        -7.8681099490
        2.3650099000         1.8000000000         1.0570833743         0.6378211711        -7.2697240309
        2.3700079000         1.8000000000         1.0468740669         0.6071986416        -7.5356733279
        2.3750094000         1.8000000000         1.0443217401         0.5842317445        -7.6021606521
        2.3800082000         1.8000000000         1.0417694132         0.5561610925        -7.6686479763
        2.3850102000         1.8000000000         1.0519787206         0.5178829306        -7.4026986794
        2.3900085000         1.8000000000         1.0468740669         0.4949160334        -7.5356733279
        2.3950100000         1.8000000000         1.0341124326         0.4591897490        -7.8681099490
        2.4000093000         1.8000000000         1.0417694132         0.4234634646        -7.6686479763
        2.4050072000         1.8000000000         1.0341124326         0.3928409351        -7.8681099490
        2.4100103000         1.8000000000         1.0341124326         0.3622184056        -7.8681099490
        2.4150095000         1.8000000000         1.0545310475         0.3418033859        -7.3362113552
        2.4200057000         1.8000000000         1.0213507983         0.3009733466        -8.2005465701
        2.4250097000         1.8000000000         1.0621880280         0.2856620818        -7.1367493825
        2.4300052000         1.8000000000         1.0443217401         0.2397282875        -7.6021606521
        2.4350093000         1.8000000000         1.0392170863         0.2193132679        -7.7351353005
        2.4400061000         1.8000000000         1.0519787206         0.1886907384        -7.4026986794
        2.4450095000         1.8000000000         1.0519787206         0.1631719638        -7.4026986794
        2.4500093000         1.8000000000         1.0596357012         0.1351013117        -7.2032367067
        2.4550047000         1.8000000000         1.0494263938         0.0968231498        -7.4691860036
        2.4600083000         1.8000000000         1.0341124326         0.0662006203        -7.8681099490
        2.4650090000         1.8000000000         1.0570833743         0.0355780908        -7.2697240309
        2.4700039000         1.8000000000         1.0443217401         0.0126111937        -7.6021606521
        2.4750086000         1.8000000000         1.0417694132        -0.0027000711        -7.6686479763
        2.4800080000         1.8000000000         1.0392170863        -0.0001481936        -7.7351353005
        2.4850086000         1.8000000000         1.0519787206        -0.0001481936        -7.4026986794
        2.4901063000         1.8000000000         1.0545310475        -0.0052519485        -7.3362113552
        2.4950099000         1.8000000000         1.0417694132         1.1175741334        -7.6686479763
        2.5000040000         1.8000000000         1.0545310475         1.0997109912        -7.3362113552
        2.5050098000         1.8000000000         1.0392170863         5.0015316260        -7.7351353005
        2.5100502000         1.8000000000         1.0494263938         4.9989797486        -7.4691860036
        2.5150058000         1.8000000000         1.0341124326         4.9989797486        -7.8681099490
        2.5200096000         1.8000000000         1.0417694132         4.9989797486        -7.6686479763
        2.5250051000         1.8000000000         1.0468740669         4.9938759937        -7.5356733279
        2.5300097000         1.8000000000         1.0443217401         4.9607015867        -7.6021606521
        2.5350070000         1.8000000000         1.0315601058         4.9326309346        -7.9345972732
        2.5400083000         1.8000000000         1.0366647595         4.8994565277        -7.8016226248
        2.5450091000         1.8000000000         1.0417694132         4.8713858756        -7.6686479763
        2.5500029000         1.8000000000         1.0468740669         4.8509708560        -7.5356733279
        2.5550100000         1.8000000000         1.0417694132         4.8075889392        -7.6686479763
        2.5600037000         1.8000000000         1.0468740669         4.7897257969        -7.5356733279
        2.5650099000         1.8000000000         1.0494263938         4.7539995125        -7.4691860036
        2.5700097000         1.8000000000         1.0570833743         4.7284807379        -7.2697240309
        2.5750062000         1.8000000000         1.0519787206         4.7004100859        -7.4026986794
        2.5800098000         1.8000000000         1.0519787206         4.6621319240        -7.4026986794
        2.5850100000         1.8000000000         1.0392170863         4.6340612719        -7.7351353005
        2.5900096000         1.8000000000         1.0545310475         4.6059906199        -7.3362113552
        2.5950051000         1.8000000000         1.0392170863         4.5753680904        -7.7351353005
        2.6000097000         1.8000000000         1.0417694132         4.5370899285        -7.6686479763
        2.6050075000         1.8000000000         1.0417694132         4.5115711539        -7.6686479763
        2.6100100000         1.8000000000         1.0392170863         4.4860523793        -7.7351353005
        2.6150059000         1.8000000000         1.0468740669         4.4477742174        -7.5356733279
        2.6200088000         1.8000000000         1.0468740669         4.4248073203        -7.5356733279
        2.6250052000         1.8000000000         1.0494263938         4.3941847908        -7.4691860036
        2.6300101000         1.8000000000         1.0468740669         4.3635622613        -7.5356733279
        2.6350055000         1.8000000000         1.0417694132         4.3380434867        -7.6686479763
        2.6400101000         1.8000000000         1.0545310475         4.3099728347        -7.3362113552
        2.6450066000         1.8000000000         1.0417694132         4.2767984277        -7.6686479763
        2.6500096000         1.8000000000         1.0468740669         4.2487277756        -7.5356733279
        2.6550055000         1.8000000000         1.0494263938         4.2283127560        -7.4691860036
        2.6600101000         1.8000000000         1.0545310475         4.1951383490        -7.3362113552
        2.6650057000         1.8000000000         1.0519787206         4.1645158195        -7.4026986794
        2.6700095000         1.8000000000         1.0468740669         4.1389970449        -7.5356733279
        2.6750068000         1.8000000000         1.0494263938         4.1109263928        -7.4691860036
        2.6800099000         1.8000000000         1.0494263938         4.0828557408        -7.4691860036
        2.6850308000         1.8000000000         1.0621880280         4.0573369662        -7.1367493825
        2.6900092000         1.8000000000         1.0417694132         4.0241625592        -7.6686479763
        2.6950058000         1.8000000000         1.0570833743         3.9960919072        -7.2697240309
        2.7000100000         1.8000000000         1.0596357012         3.9705731326        -7.2032367067
        2.7050084000         1.8000000000         1.0494263938         3.9322949707        -7.4691860036
        2.7100099000         1.8000000000         1.0570833743         3.9195355834        -7.2697240309
        2.7150062000         1.8000000000         1.0545310475         3.8914649314        -7.3362113552
        2.7200089000         1.8000000000         1.0647403549         3.8633942793        -7.0702620583
        2.7250076000         1.8000000000         1.0468740669         3.8302198724        -7.5356733279
        2.7300169000         1.8000000000         1.0545310475         3.8021492203        -7.3362113552
        2.7350062000         1.8000000000         1.0545310475         3.7664229359        -7.3362113552
        2.7400095000         1.8000000000         1.0698450086         3.7511116711        -6.9372874098
        2.7450055000         1.8000000000         1.0392170863         3.7153853867        -7.7351353005
        2.7500095000         1.8000000000         1.0545310475         3.6822109797        -7.3362113552
        2.7550063000         1.8000000000         1.0519787206         3.6566922051        -7.4026986794
        2.7600093000         1.8000000000         1.0519787206         3.6311734306        -7.4026986794
        2.7650056000         1.8000000000         1.0519787206         3.6031027785        -7.4026986794
        2.7700100000         1.8000000000         1.0545310475         3.5750321265        -7.3362113552
        2.7750053000         1.8000000000         1.0596357012         3.5546171068        -7.2032367067
        2.7800096000         1.8000000000         1.0545310475         3.5239945773        -7.3362113552
        2.7850103000         1.8000000000         1.0545310475         3.4857164154        -7.3362113552
        2.7900099000         1.8000000000         1.0519787206         3.4627495183        -7.4026986794
        2.7950101000         1.8000000000         1.0545310475         3.4346788662        -7.3362113552
        2.8000854000         1.8000000000         1.0596357012         3.3989525818        -7.2032367067
        2.8050098000         1.8000000000         1.0494263938         3.3785375621        -7.4691860036
        2.8100139000         1.8000000000         1.0443217401         3.3428112777        -7.6021606521
        2.8150081000         1.8000000000         1.0596357012         3.3198443806        -7.2032367067
        2.8200103000         1.8000000000         1.0443217401         3.2892218510        -7.6021606521
        2.8250082000         1.8000000000         1.0545310475         3.2688068314        -7.3362113552
        2.8300154000         1.8000000000         1.0570833743         3.2381843019        -7.2697240309
        2.8350093000         1.8000000000         1.0468740669         3.2050098949        -7.5356733279
        2.8400062000         1.8000000000         1.0392170863         3.1820429978        -7.7351353005
        2.8450071000         1.8000000000         1.0545310475         3.1539723457        -7.3362113552
        2.8500107000         1.8000000000         1.0494263938         3.1259016937        -7.4691860036
        2.8551524000         1.8000000000         1.0519787206         3.0978310416        -7.4026986794
        2.8600072000         1.8000000000         1.0596357012         3.0748641445        -7.2032367067
        2.8650074000         1.8000000000         1.0290077789         3.0340341051        -8.0010845974
        2.8700098000         1.8000000000         1.0392170863         3.0034115756        -7.7351353005
        2.8750067000         1.8000000000         1.0570833743         2.9829965560        -7.2697240309
        2.8800093000         1.8000000000         1.0366647595         2.9549259039        -7.8016226248
        2.8850082000         1.8000000000         1.0392170863         2.9191996195        -7.7351353005
        2.8900094000         1.8000000000         1.0468740669         2.8911289674        -7.5356733279
        2.8951367000         1.8000000000         1.0392170863         2.8681620703        -7.7351353005
        2.9000072000         1.8000000000         1.0570833743         2.8451951732        -7.2697240309
        2.9050414000         1.8000000000         1.0392170863         2.8094688888        -7.7351353005
        2.9100103000         1.8000000000         1.0392170863         2.7737426043        -7.7351353005
        2.9150102000         1.8000000000         1.0468740669         2.7558794621        -7.5356733279
        2.9200069000         1.8000000000         1.0494263938         2.7303606875        -7.4691860036
        2.9250098000         1.8000000000         1.0341124326         2.6946344031        -7.8681099490
        2.9300140000         1.8000000000         1.0341124326         2.6665637511        -7.8681099490
        2.9350107000         1.8000000000         1.0545310475         2.6461487314        -7.3362113552
        2.9400072000         1.8000000000         1.0570833743         2.6053186920        -7.2697240309
        2.9450112000         1.8000000000         1.0187984715         2.5823517949        -8.2670338943
        2.9500099000         1.8000000000         1.0545310475         2.5542811429        -7.3362113552
        2.9550094000         1.8000000000         1.0570833743         2.5236586133        -7.2697240309
        2.9600124000         1.8000000000         1.0519787206         2.4955879613        -7.4026986794
        2.9650093000         1.8000000000         1.0468740669         2.4751729416        -7.5356733279
        2.9700054000         1.8000000000         1.0494263938         2.4445504121        -7.4691860036
        2.9750212000         1.8000000000         1.0570833743         2.4215835150        -7.2697240309
        2.9800106000         1.8000000000         1.0596357012         2.3833053531        -7.2032367067
        2.9850110000         1.8000000000         1.0443217401         2.3603384560        -7.6021606521
        2.9900092000         1.8000000000         1.0264554521         2.3271640490        -8.0675719217
        2.9950093000         1.8000000000         1.0545310475         2.3016452744        -7.3362113552
        3.0000065000         1.8000000000         1.0494263938         2.2710227449        -7.4691860036
        3.0050098000         1.8000000000         1.0417694132         2.2378483379        -7.6686479763
        3.0100106000         1.8000000000         1.0341124326         2.2097776859        -7.8681099490
        3.0150094000         1.8000000000         1.0570833743         2.1791551564        -7.2697240309
        3.0200096000         1.8000000000         1.0392170863         2.1536363818        -7.7351353005
        3.0250093000         1.8000000000         1.0443217401         2.1306694847        -7.6021606521
        3.0300061000         1.8000000000         1.0519787206         2.0949432002        -7.4026986794
        3.0350072000         1.8000000000         1.0366647595         2.0617687933        -7.8016226248
        3.0400063000         1.8000000000         1.0519787206         2.0464575285        -7.4026986794
        3.0450097000         1.8000000000         1.0392170863         2.0132831215        -7.7351353005
        3.0500077000         1.8000000000         1.0392170863         1.9750049597        -7.7351353005
        3.0550062000         1.8000000000         1.0443217401         1.9494861851        -7.6021606521
        3.0600094000         1.8000000000         1.0392170863         1.9239674105        -7.7351353005
        3.0650093000         1.8000000000         1.0468740669         1.8907930035        -7.5356733279
        3.0700074000         1.8000000000         1.0136938178         1.8576185965        -8.4000085428
        3.0750105000         1.8000000000         1.0392170863         1.8372035769        -7.7351353005
        3.0800186000         1.8000000000         1.0596357012         1.8116848023        -7.2032367067
        3.0850099000         1.8000000000         1.0187984715         1.7759585179        -8.2670338943
        3.0900053000         1.8000000000         1.0468740669         1.7555434982        -7.5356733279
        3.0950092000         1.8000000000         1.0494263938         1.7274728461        -7.4691860036
        3.1000078000         1.8000000000         1.0366647595         1.6840909293        -7.8016226248
        3.1050097000         1.8000000000         1.0315601058         1.6687796646        -7.9345972732
        3.1100098000         1.8000000000         1.0392170863         1.6407090125        -7.7351353005
        3.1150108000         1.8000000000         1.0494263938         1.6075346056        -7.4691860036
        3.1200061000         1.8000000000         1.0187984715         1.5667045662        -8.2670338943
        3.1250159000         1.8000000000         1.0392170863         1.5462895465        -7.7351353005
        3.1300118000         1.8000000000         1.0519787206         1.5207707720        -7.4026986794
        3.1350161000         1.8000000000         1.0366647595         1.4824926101        -7.8016226248
        3.1400109000         1.8000000000         1.0366647595         1.4646294679        -7.8016226248
        3.1450126000         1.8000000000         1.0519787206         1.4314550609        -7.4026986794
        3.1500069000         1.8000000000         1.0213507983         1.3982806539        -8.2005465701
        3.1550098000         1.8000000000         1.0494263938         1.3676581244        -7.4691860036
        3.1600105000         1.8000000000         1.0392170863         1.3421393498        -7.7351353005
        3.1650102000         1.8000000000         1.0366647595         1.3038611879        -7.8016226248
        3.1700053000         1.8000000000         1.0187984715         1.2808942908        -8.2670338943
        3.1750109000         1.8000000000         1.0570833743         1.2553755162        -7.2697240309
        3.1800075000         1.8000000000         1.0417694132         1.2170973543        -7.6686479763
        3.1850088000         1.8000000000         1.0239031252         1.1864748248        -8.1340592459
        3.1900071000         1.8000000000         1.0443217401         1.1609560502        -7.6021606521
        3.1950100000         1.8000000000         1.0341124326         1.1303335207        -7.8681099490
        3.2000036000         1.8000000000         1.0341124326         1.0997109912        -7.8681099490
        3.2050055000         1.8000000000         1.0443217401         1.0767440941        -7.6021606521
        3.2100098000         1.8000000000         1.0060368372         1.0435696871        -8.5994705155
        3.2150724000         1.8000000000         1.0443217401         1.0129471576        -7.6021606521
        3.2200124000         1.8000000000         1.0315601058         0.9899802605        -7.9345972732
        3.2250084000         1.8000000000         1.0392170863         0.9517020986        -7.7351353005
        3.2302117000         1.8000000000         1.0392170863         0.9210795691        -7.7351353005
        3.2350061000         1.8000000000         1.0341124326         0.8879051621        -7.8681099490
        3.2400098000         1.8000000000         1.0545310475         0.8700420199        -7.3362113552
        3.2450075000         1.8000000000         1.0290077789         0.8394194904        -8.0010845974
        3.2500054000         1.8000000000         1.0366647595         0.8036932060        -7.8016226248
        3.2550081000         1.8000000000         1.0341124326         0.7705187990        -7.8681099490
        3.2600027000         1.8000000000         1.0366647595         0.7398962695        -7.8016226248
        3.2650056000         1.8000000000         1.0417694132         0.7169293724        -7.6686479763
        3.2700069000         1.8000000000         1.0392170863         0.6863068429        -7.7351353005
        3.2750046000         1.8000000000         1.0468740669         0.6480286810        -7.5356733279
        3.2800028000         1.8000000000         1.0494263938         0.6225099064        -7.4691860036
        3.2850060000         1.8000000000         1.0366647595         0.5918873769        -7.8016226248
        3.2900029000         1.8000000000         1.0392170863         0.5561610925        -7.7351353005
        3.2950045000         1.8000000000         1.0417694132         0.5306423179        -7.6686479763
        3.3000022000         1.8000000000         1.0468740669         0.5000197884        -7.5356733279
        3.3050087000         1.8000000000         1.0443217401         0.4770528912        -7.6021606521
        3.3100083000         1.8000000000         1.0366647595         0.4438784843        -7.8016226248
        3.3150088000         1.8000000000         1.0545310475         0.4132559548        -7.3362113552
        3.3200587000         1.8000000000         1.0443217401         0.3877371802        -7.6021606521
        3.3250045000         1.8000000000         1.0392170863         0.3443552634        -7.7351353005
        3.3300020000         1.8000000000         1.0443217401         0.3213883662        -7.6021606521
        3.3350071000         1.8000000000         1.0392170863         0.2856620818        -7.7351353005
        3.3400033000         1.8000000000         1.0494263938         0.2626951847        -7.4691860036
        3.3450071000         1.8000000000         1.0341124326         0.2295207777        -7.8681099490
        3.3500040000         1.8000000000         1.0417694132         0.1988982482        -7.6686479763
        3.3550052000         1.8000000000         1.0494263938         0.1708275961        -7.4691860036
        3.3600029000         1.8000000000         1.0443217401         0.1376531892        -7.6021606521
        3.3650050000         1.8000000000         1.0519787206         0.1095825371        -7.4026986794
        3.3700060000         1.8000000000         1.0366647595         0.0840637625        -7.8016226248
        3.3750108000         1.8000000000         1.0468740669         0.0483374781        -7.5356733279
        3.3800082000         1.8000000000         1.0494263938         0.0151630711        -7.4691860036
        3.3850060000         1.8000000000         1.0341124326         0.0075074388        -7.8681099490
        3.3900063000         1.8000000000         1.0443217401        -0.0001481936        -7.6021606521
        3.3950049000         1.8000000000         1.0392170863        -0.0052519485        -7.7351353005
        3.4000027000         1.8000000000         1.0443217401         0.0024036839        -7.6021606521
        3.4050112000         1.8000000000         1.0264554521         1.1150222560        -8.0675719217
        3.4100061000         1.8000000000         1.0545310475         1.1175741334        -7.3362113552
        3.4150109000         1.8000000000         1.0341124326         4.9989797486        -7.8681099490
        3.4200071000         1.8000000000         1.0519787206         5.0091872584        -7.4026986794
        3.4250101000         1.8000000000         1.0519787206         5.0142910133        -7.4026986794
        3.4300068000         1.8000000000         1.0264554521         5.0015316260        -8.0675719217
        3.4350062000         1.8000000000         1.0443217401         4.9964278711        -7.6021606521
        3.4400101000         1.8000000000         1.0494263938         4.9683572191        -7.4691860036
        3.4450097000         1.8000000000         1.0264554521         4.9326309346        -8.0675719217
        3.4500080000         1.8000000000         1.0417694132         4.9020084051        -7.6686479763
        3.4550089000         1.8000000000         1.0290077789         4.8637302433        -8.0010845974
        3.4600101000         1.8000000000         1.0494263938         4.8433152236        -7.4691860036
        3.4650096000         1.8000000000         1.0417694132         4.8126926941        -7.6686479763
        3.4700050000         1.8000000000         1.0468740669         4.7820701646        -7.5356733279
        3.4750075000         1.8000000000         1.0443217401         4.7539995125        -7.6021606521
        3.4800094000         1.8000000000         1.0494263938         4.7233769830        -7.4691860036
        3.4850106000         1.8000000000         1.0519787206         4.6902025760        -7.4026986794
        3.4900093000         1.8000000000         1.0494263938         4.6646838015        -7.4691860036
        3.4950058000         1.8000000000         1.0468740669         4.6366131494        -7.5356733279
        3.5000081000         1.8000000000         1.0545310475         4.6059906199        -7.3362113552
        3.5050087000         1.8000000000         1.0494263938         4.5753680904        -7.4691860036
        3.5100102000         1.8000000000         1.0494263938         4.5421936834        -7.4691860036
        3.5150466000         1.8000000000         1.0570833743         4.5166749088        -7.2697240309
        3.5200089000         1.8000000000         1.0392170863         4.4860523793        -7.7351353005
        3.5250058000         1.8000000000         1.0621880280         4.4605336047        -7.1367493825
        3.5300097000         1.8000000000         1.0417694132         4.4222554428        -7.6686479763
        3.5350062000         1.8000000000         1.0468740669         4.3941847908        -7.5356733279
        3.5400096000         1.8000000000         1.0519787206         4.3635622613        -7.4026986794
        3.5452785000         1.8000000000         1.0392170863         4.3329397318        -7.7351353005
        3.5500058000         1.8000000000         1.0621880280         4.3201803445        -7.1367493825
        3.5550080000         1.8000000000         1.0392170863         4.2767984277        -7.7351353005
        3.5600105000         1.8000000000         1.0519787206         4.2538315306        -7.4026986794
        3.5650110000         1.8000000000         1.0468740669         4.2283127560        -7.5356733279
        3.5700128000         1.8000000000         1.0570833743         4.1976902265        -7.2697240309
        3.5750080000         1.8000000000         1.0494263938         4.1696195744        -7.4691860036
        3.5800192000         1.8000000000         1.0468740669         4.1364451674        -7.5356733279
        3.5850103000         1.8000000000         1.0519787206         4.1211339027        -7.4026986794
        3.5900075000         1.8000000000         1.0672926818         4.0930632506        -7.0037747340
        3.5950615000         1.8000000000         1.0494263938         4.0598888437        -7.4691860036
        3.6006052000         1.8000000000         1.0392170863         4.0216106818        -7.7351353005
        3.6050071000         1.8000000000         1.0596357012         4.0011956621        -7.2032367067
        3.6100102000         1.8000000000         1.0443217401         3.9705731326        -7.6021606521
        3.6150102000         1.8000000000         1.0596357012         3.9476062355        -7.2032367067
        3.6200151000         1.8000000000         1.0494263938         3.9169837060        -7.4691860036
        3.6250099000         1.8000000000         1.0570833743         3.8965686863        -7.2697240309
        3.6300149000         1.8000000000         1.0545310475         3.8684980342        -7.3362113552
        3.6350085000         1.8000000000         1.0621880280         3.8378755047        -7.1367493825
        3.6400197000         1.8000000000         1.0443217401         3.8021492203        -7.6021606521
        3.6450154000         1.8000000000         1.0315601058         3.7689748133        -7.9345972732
        3.6500215000         1.8000000000         1.0570833743         3.7460079162        -7.2697240309
        3.6550081000         1.8000000000         1.0494263938         3.7204891416        -7.4691860036
        3.6600195000         1.8000000000         1.0570833743         3.6949703670        -7.2697240309
        3.6650162000         1.8000000000         1.0545310475         3.6694515924        -7.3362113552
        3.6700151000         1.8000000000         1.0494263938         3.6362771855        -7.4691860036
        3.6750107000         1.8000000000         1.0417694132         3.6056546560        -7.6686479763
        3.6800087000         1.8000000000         1.0596357012         3.5826877588        -7.2032367067
        3.6850047000         1.8000000000         1.0545310475         3.5469614744        -7.3362113552
        3.6900096000         1.8000000000         1.0468740669         3.5265464547        -7.5356733279
        3.6950080000         1.8000000000         1.0494263938         3.4984758027        -7.4691860036
        3.7000143000         1.8000000000         1.0596357012         3.4678532732        -7.2032367067
        3.7053590000         1.8000000000         1.0468740669         3.4372307437        -7.5356733279
        3.7100130000         1.8000000000         1.0443217401         3.4040563367        -7.6021606521
        3.7150056000         1.8000000000         1.0417694132         3.3683300523        -7.6686479763
        3.7200062000         1.8000000000         1.0341124326         3.3402594002        -7.8681099490
        3.7250148000         1.8000000000         1.0341124326         3.3223962580        -7.8681099490
        3.7300094000         1.8000000000         1.0290077789         3.2815662187        -8.0010845974
        3.7350065000         1.8000000000         1.0392170863         3.2534955666        -7.7351353005
        3.7400133000         1.8000000000         1.0468740669         3.2381843019        -7.5356733279
        3.7452344000         1.8000000000         1.0443217401         3.1922505076        -7.6021606521
        3.7500054000         1.8000000000         1.0239031252         3.1667317330        -8.1340592459
        3.7550122000         1.8000000000         1.0519787206         3.1488685908        -7.4026986794
        3.7600115000         1.8000000000         1.0545310475         3.1182460613        -7.3362113552
        3.7650062000         1.8000000000         1.0341124326         3.0799678994        -7.8681099490
        3.7700140000         1.8000000000         1.0443217401         3.0493453699        -7.6021606521
        3.7751444000         1.8000000000         1.0392170863         3.0314822277        -7.7351353005
        3.7800059000         1.8000000000         1.0494263938         3.0008596982        -7.4691860036
        3.7851660000         1.8000000000         1.0596357012         2.9753409236        -7.2032367067
        3.7900176000         1.8000000000         1.0341124326         2.9421665166        -7.8681099490
        3.7950649000         1.8000000000         1.0468740669         2.9115439871        -7.5356733279
        3.8000136000         1.8000000000         1.0392170863         2.8834733351        -7.7351353005
        3.8050661000         1.8000000000         1.0570833743         2.8579545605        -7.2697240309
        3.8100077000         1.8000000000         1.0341124326         2.8222282761        -7.8681099490
        3.8150150000         1.8000000000         1.0392170863         2.7992613789        -7.7351353005
        3.8200164000         1.8000000000         1.0519787206         2.7686388494        -7.4026986794
        3.8250083000         1.8000000000         1.0494263938         2.7405681974        -7.4691860036
        3.8300068000         1.8000000000         1.0468740669         2.7201531777        -7.5356733279
        3.8350624000         1.8000000000         1.0596357012         2.6895306482        -7.2032367067
        3.8400174000         1.8000000000         1.0341124326         2.6538043638        -7.8681099490
        3.8450132000         1.8000000000         1.0468740669         2.6231818342        -7.5356733279
        3.8500809000         1.8000000000         1.0417694132         2.5976630597        -7.6686479763
        3.8550794000         1.8000000000         1.0392170863         2.5670405302        -7.7351353005
        3.8600675000         1.8000000000         1.0570833743         2.5466255105        -7.2697240309
        3.8650125000         1.8000000000         1.0519787206         2.5160029810        -7.4026986794
        3.8700201000         1.8000000000         1.0392170863         2.4802766965        -7.7351353005
        3.8750103000         1.8000000000         1.0468740669         2.4624135543        -7.5356733279
        3.8800099000         1.8000000000         1.0468740669         2.4266872699        -7.5356733279
        3.8850059000         1.8000000000         1.0494263938         2.3884091080        -7.4691860036
        3.8900095000         1.8000000000         1.0239031252         2.3603384560        -8.1340592459
        3.8950074000         1.8000000000         1.0392170863         2.3322678039        -7.7351353005
        3.9000089000         1.8000000000         1.0468740669         2.3093009068        -7.5356733279
        3.9058275000         1.8000000000         1.0443217401         2.2735746224        -7.6021606521
        3.9100105000         1.8000000000         1.0417694132         2.2455039703        -7.6686479763
        3.9151180000         1.8000000000         1.0315601058         2.2250889506        -7.9345972732
        3.9200071000         1.8000000000         1.0494263938         2.1944664211        -7.4691860036
        3.9250096000         1.8000000000         1.0392170863         2.1612920142        -7.7351353005
        3.9300093000         1.8000000000         1.0366647595         2.1332213621        -7.8016226248
        3.9350093000         1.8000000000         1.0392170863         2.1102544650        -7.7351353005
        3.9400072000         1.8000000000         1.0366647595         2.0668725482        -7.8016226248
        3.9450098000         1.8000000000         1.0545310475         2.0413537736        -7.3362113552
        3.9500065000         1.8000000000         1.0341124326         2.0132831215        -7.8681099490
        3.9550102000         1.8000000000         1.0315601058         1.9852124695        -7.9345972732
        3.9600097000         1.8000000000         1.0443217401         1.9520380625        -7.6021606521
        3.9650189000         1.8000000000         1.0392170863         1.9316230429        -7.7351353005
        3.9700101000         1.8000000000         1.0392170863         1.9035523908        -7.7351353005
        3.9750191000         1.8000000000         1.0392170863         1.8729298613        -7.7351353005
        3.9800085000         1.8000000000         1.0290077789         1.8397554543        -8.0010845974
        3.9850159000         1.8000000000         1.0392170863         1.8091329248        -7.7351353005
        3.9900149000         1.8000000000         1.0213507983         1.7708547629        -8.2005465701
        3.9950182000         1.8000000000         1.0315601058         1.7402322334        -7.9345972732
