% Motor Sweep Step 87/180
% Vcmd       = 2.9400 [V]
% Direction  = CW
% Zone       = DEADZONE
% Vg_offset  = 1.336525 [V]
% K_gimbal   = 26.049690 [(rad/s)/V]

Time[s]              Vcmd[V]              Vg_raw[V]            Pot[V]               Omega[rad/s]
        0.0000106000         2.9400000000         1.3403916554         4.3252840994         0.1007282962
        0.0050067000         2.9400000000         1.3378393285         4.3201803445         0.0342409720
        0.0100662000         2.9400000000         1.3352870017         4.3176284670        -0.0322463522
        0.0150396000         2.9400000000         1.3250776943         4.3125247121        -0.2981956492
        0.0200042000         2.9400000000         1.3429439823         4.3227322219         0.1672156204
        0.0250030000         2.9400000000         1.3327346748         4.3125247121        -0.0987336765
        0.0300036000         2.9400000000         1.4373800759         4.3252840994         2.6272466168
        0.0350057000         2.9400000000         1.4271707685         4.3329397318         2.3612973199
        0.0400025000         2.9400000000         1.4041998268         4.3405953642         1.7629114019
        0.0450046000         2.9400000000         1.4195137880         4.3482509965         2.1618353472
        0.0500052000         2.9400000000         1.4399324028         4.3610103838         2.6937339410
        0.0550072000         2.9400000000         1.4195137880         4.3661141388         2.1618353472
        0.0600073000         2.9400000000         1.4450370565         4.3737697711         2.8267085895
        0.0650048000         2.9400000000         1.4577986908         4.3967366683         3.1591452106
        0.0700039000         2.9400000000         1.4322754222         4.3967366683         2.4942719684
        0.0750097000         2.9400000000         1.4424847297         4.4120479330         2.7602212653
        0.0800092000         2.9400000000         1.4501417102         4.4248073203         2.9596832380
        0.0850050000         2.9400000000         1.4373800759         4.4273591978         2.6272466168
        0.0900054000         2.9400000000         1.4654556714         4.4554298498         3.3586071833
        0.0950036000         2.9400000000         1.4501417102         4.4605336047         2.9596832380
        0.1000029000         2.9400000000         1.4577986908         4.4783967469         3.1591452106
        0.1050043000         2.9400000000         1.4552463639         4.4758448695         3.0926578864
        0.1100050000         2.9400000000         1.4680079982         4.5013636441         3.4250945075
        0.1150061000         2.9400000000         1.4552463639         4.5090192765         3.0926578864
        0.1200035000         2.9400000000         1.4654556714         4.5217786637         3.3586071833
        0.1250041000         2.9400000000         1.4705603251         4.5345380510         3.4915818318
        0.1300047000         2.9400000000         1.4782173056         4.5472974383         3.6910438044
        0.1350055000         2.9400000000         1.4654556714         4.5575049482         3.3586071833
        0.1400040000         2.9400000000         1.4756649788         4.5855756002         3.6245564802
        0.1450054000         2.9400000000         1.4603510177         4.5855756002         3.2256325349
        0.1500055000         2.9400000000         1.4756649788         4.6034387424         3.6245564802
        0.1550044000         2.9400000000         1.4731126519         4.6187500072         3.5580691560
        0.1600030000         2.9400000000         1.4807696325         4.6391650269         3.7575311287
        0.1650054000         2.9400000000         1.4629033445         4.6391650269         3.2921198591
        0.1700165000         2.9400000000         1.4731126519         4.6595800465         3.5580691560
        0.1750045000         2.9400000000         1.4705603251         4.6748913113         3.4915818318
        0.1800055000         2.9400000000         1.4654556714         4.6825469437         3.3586071833
        0.1850036000         2.9400000000         1.4705603251         4.6953063310         3.4915818318
        0.1900057000         2.9400000000         1.4807696325         4.7208251056         3.7575311287
        0.1950036000         2.9400000000         1.4807696325         4.7361363703         3.7575311287
        0.2000038000         2.9400000000         1.4756649788         4.7463438801         3.6245564802
        0.2050024000         2.9400000000         1.4705603251         4.7539995125         3.4915818318
        0.2100030000         2.9400000000         1.4756649788         4.7769664097         3.6245564802
        0.2150028000         2.9400000000         1.4782173056         4.7897257969         3.6910438044
        0.2200033000         2.9400000000         1.4807696325         4.8101408166         3.7575311287
        0.2250025000         2.9400000000         1.4756649788         4.8203483265         3.6245564802
        0.2300035000         2.9400000000         1.4884266131         4.8356595912         3.9569931014
        0.2350086000         2.9400000000         1.4782173056         4.8535227334         3.6910438044
        0.2400070000         2.9400000000         1.4807696325         4.8662821207         3.7575311287
        0.2450038000         2.9400000000         1.4756649788         4.8764896306         3.6245564802
        0.2500082000         2.9400000000         1.4756649788         4.8943527728         3.6245564802
        0.2550085000         2.9400000000         1.4807696325         4.9122159150         3.7575311287
        0.2600061000         2.9400000000         1.4833219594         4.9326309346         3.8240184529
        0.2650591000         2.9400000000         1.4884266131         4.9479421994         3.9569931014
        0.2700073000         2.9400000000         1.4909789399         4.9607015867         4.0234804256
        0.2750046000         2.9400000000         1.4756649788         4.9734609740         3.6245564802
        0.2800081000         2.9400000000         1.4960835936         4.9913241162         4.1564550740
        0.2850042000         2.9400000000         1.4858742862         4.9964278711         3.8905057771
        0.2900037000         2.9400000000         1.4858742862         5.0117391359         3.8905057771
        0.2950039000         2.9400000000         1.4884266131         5.0066353810         3.9569931014
        0.3000059000         2.9400000000         1.4833219594         4.9989797486         3.8240184529
        0.3050030000         2.9400000000         1.4884266131         5.0142910133         3.9569931014
        0.3100066000         2.9400000000         1.4935312668         5.0066353810         4.0899677498
        0.3150039000         2.9400000000         1.4833219594         5.0015316260         3.8240184529
        0.3200091000         2.9400000000         1.4884266131         5.0040835035         3.9569931014
        0.3250078000         2.9400000000         1.4884266131         4.9938759937         3.9569931014
        0.3300107000         2.9400000000         1.4858742862         1.1099185011         3.8905057771
        0.3350118000         2.9400000000         1.4909789399         1.1175741334         4.0234804256
        0.3400128000         2.9400000000         1.4884266131         1.1099185011         3.9569931014
        0.3450057000         2.9400000000         1.4909789399         1.1124703785         4.0234804256
        0.3500067000         2.9400000000         1.4986359205         0.0024036839         4.2229423983
        0.3550074000         2.9400000000         1.4884266131        -0.0027000711         3.9569931014
        0.3600068000         2.9400000000         1.4960835936         0.0024036839         4.1564550740
        0.3650031000         2.9400000000         1.4960835936        -0.0001481936         4.1564550740
        0.3700037000         2.9400000000         1.4960835936         0.0024036839         4.1564550740
        0.3750026000         2.9400000000         1.5165022085         0.0049555613         4.6883536678
        0.3800036000         2.9400000000         1.4833219594        -0.0052519485         3.8240184529
        0.3850032000         2.9400000000         1.5011882474         0.0151630711         4.2894297225
        0.3900032000         2.9400000000         1.4960835936         0.0279224584         4.1564550740
        0.3950027000         2.9400000000         1.5088452279         0.0508893556         4.4888916952
        0.4000032000         2.9400000000         1.4935312668         0.0559931105         4.0899677498
        0.4050032000         2.9400000000         1.4960835936         0.0789600076         4.1564550740
        0.4100032000         2.9400000000         1.5088452279         0.1044787822         4.4888916952
        0.4150026000         2.9400000000         1.4960835936         0.1121344146         4.1564550740
        0.4200042000         2.9400000000         1.5037405742         0.1325494343         4.3559170467
        0.4250048000         2.9400000000         1.5062929011         0.1555163314         4.4224043709
        0.4300047000         2.9400000000         1.4986359205         0.1657238412         4.2229423983
        0.4350041000         2.9400000000         1.5088452279         0.1886907384         4.4888916952
        0.4400033000         2.9400000000         1.4960835936         0.2014501257         4.1564550740
        0.4450026000         2.9400000000         1.5062929011         0.2193132679         4.4224043709
        0.4500035000         2.9400000000         1.4960835936         0.2346245326         4.1564550740
        0.4550055000         2.9400000000         1.5139498816         0.2524876748         4.6218663436
        0.4600050000         2.9400000000         1.5037405742         0.2729026945         4.3559170467
        0.4650031000         2.9400000000         1.4960835936         0.2831102043         4.1564550740
        0.4700049000         2.9400000000         1.4909789399         0.2958695916         4.0234804256
        0.4750029000         2.9400000000         1.5088452279         0.3239402437         4.4888916952
        0.4800043000         2.9400000000         1.4858742862         0.3366996310         3.8905057771
        0.4850017000         2.9400000000         1.5062929011         0.3494590183         4.4224043709
        0.4900032000         2.9400000000         1.4935312668         0.3673221605         4.0899677498
        0.4950034000         2.9400000000         1.5011882474         0.3928409351         4.2894297225
        0.5000034000         2.9400000000         1.4960835936         0.4030484449         4.1564550740
        0.5050021000         2.9400000000         1.4986359205         0.4260153420         4.2229423983
        0.5100033000         2.9400000000         1.4960835936         0.4311190970         4.1564550740
        0.5150033000         2.9400000000         1.5011882474         0.4591897490         4.2894297225
        0.5200021000         2.9400000000         1.4960835936         0.4642935039         4.1564550740
        0.5250032000         2.9400000000         1.5037405742         0.4898122785         4.3559170467
        0.5300048000         2.9400000000         1.5062929011         0.5025716658         4.4224043709
        0.5350033000         2.9400000000         1.4960835936         0.5127791757         4.1564550740
        0.5400023000         2.9400000000         1.5011882474         0.5357460728         4.2894297225
        0.5450033000         2.9400000000         1.4986359205         0.5485054601         4.2229423983
        0.5500018000         2.9400000000         1.5011882474         0.5689204797         4.2894297225
        0.5550034000         2.9400000000         1.5062929011         0.5867836220         4.4224043709
        0.5600025000         2.9400000000         1.5037405742         0.6123023966         4.3559170467
        0.5650033000         2.9400000000         1.4986359205         0.6174061515         4.2229423983
        0.5700070000         2.9400000000         1.4986359205         0.6403730486         4.2229423983
        0.5750043000         2.9400000000         1.4909789399         0.6480286810         4.0234804256
        0.5800047000         2.9400000000         1.5037405742         0.6735474556         4.3559170467
        0.5850174000         2.9400000000         1.4986359205         0.6888587203         4.2229423983
        0.5900050000         2.9400000000         1.5037405742         0.7041699851         4.3559170467
        0.5950036000         2.9400000000         1.5062929011         0.7220331273         4.4224043709
        0.6000038000         2.9400000000         1.4986359205         0.7398962695         4.2229423983
        0.6050028000         2.9400000000         1.5062929011         0.7628631666         4.4224043709
        0.6100017000         2.9400000000         1.5088452279         0.7756225539         4.4888916952
        0.6151304000         2.9400000000         1.5011882474         0.7883819412         4.2894297225
        0.6200040000         2.9400000000         1.4935312668         0.7985894511         4.0899677498
        0.6250021000         2.9400000000         1.4884266131         0.8215563482         3.9569931014
        0.6300038000         2.9400000000         1.4986359205         0.8343157355         4.2229423983
        0.6350037000         2.9400000000         1.4986359205         0.8547307552         4.2229423983
        0.6400061000         2.9400000000         1.5088452279         0.8776976523         4.4888916952
        0.6450041000         2.9400000000         1.4986359205         0.8879051621         4.2229423983
        0.6500043000         2.9400000000         1.5037405742         0.9057683043         4.3559170467
        0.6550030000         2.9400000000         1.4986359205         0.9236314466         4.2229423983
        0.6600056000         2.9400000000         1.4986359205         0.9389427113         4.2229423983
        0.6650037000         2.9400000000         1.5139498816         0.9619096084         4.6218663436
        0.6700080000         2.9400000000         1.4960835936         0.9721171183         4.1564550740
        0.6750061000         2.9400000000         1.5088452279         0.9950840154         4.4888916952
        0.6800080000         2.9400000000         1.4960835936         1.0078434027         4.1564550740
        0.6850043000         2.9400000000         1.5139498816         1.0282584224         4.6218663436
        0.6900026000         2.9400000000         1.5011882474         1.0384659322         4.2894297225
        0.6950014000         2.9400000000         1.4909789399         1.0512253195         4.0234804256
        0.7000050000         2.9400000000         1.5190545354         1.0690884617         4.7548409921
        0.7050043000         2.9400000000         1.4960835936         1.0895034814         4.1564550740
        0.7100027000         2.9400000000         1.4960835936         1.0997109912         4.1564550740
        0.7150031000         2.9400000000         1.5088452279         1.1303335207         4.4888916952
        0.7200167000         2.9400000000         1.4960835936         1.1328853982         4.1564550740
        0.7250031000         2.9400000000         1.5062929011         1.1584041728         4.4224043709
        0.7300022000         2.9400000000         1.5037405742         1.1737154375         4.3559170467
        0.7350013000         2.9400000000         1.5165022085         1.1966823347         4.6883536678
        0.7400026000         2.9400000000         1.4986359205         1.2043379670         4.2229423983
        0.7450035000         2.9400000000         1.5037405742         1.2222011093         4.3559170467
        0.7500032000         2.9400000000         1.5139498816         1.2426161289         4.6218663436
        0.7550077000         2.9400000000         1.5062929011         1.2630311486         4.4224043709
        0.7600037000         2.9400000000         1.5062929011         1.2732386584         4.4224043709
        0.7650036000         2.9400000000         1.4909789399         1.2834461683         4.0234804256
        0.7704149000         2.9400000000         1.5139498816         1.3115168203         4.6218663436
        0.7750038000         2.9400000000         1.5037405742         1.3293799625         4.3559170467
        0.7800022000         2.9400000000         1.5088452279         1.3446912273         4.4888916952
        0.7850031000         2.9400000000         1.4986359205         1.3523468597         4.2229423983
        0.7900041000         2.9400000000         1.4960835936         1.3702100019         4.1564550740
        0.7950033000         2.9400000000         1.5037405742         1.3880731441         4.3559170467
        0.8000031000         2.9400000000         1.4884266131         1.3957287765         3.9569931014
        0.8050035000         2.9400000000         1.5037405742         1.4186956736         4.3559170467
        0.8100323000         2.9400000000         1.5037405742         1.4416625707         4.3559170467
        0.8150035000         2.9400000000         1.4986359205         1.4518700806         4.2229423983
        0.8200063000         2.9400000000         1.5011882474         1.4722851002         4.2894297225
        0.8250048000         2.9400000000         1.4909789399         1.4850444875         4.0234804256
        0.8300593000         2.9400000000         1.4935312668         1.5003557523         4.0899677498
        0.8350034000         2.9400000000         1.4935312668         1.5131151396         4.0899677498
        0.8400130000         2.9400000000         1.4782173056         1.5309782818         3.6910438044
        0.8450147000         2.9400000000         1.4858742862         1.5462895465         3.8905057771
        0.8500059000         2.9400000000         1.4884266131         1.5616008113         3.9569931014
        0.8550033000         2.9400000000         1.4884266131         1.5692564437         3.9569931014
        0.8600036000         2.9400000000         1.4909789399         1.5973270957         4.0234804256
        0.8650031000         2.9400000000         1.4858742862         1.6075346056         3.8905057771
        0.8700028000         2.9400000000         1.4884266131         1.6279496252         3.9569931014
        0.8750050000         2.9400000000         1.4909789399         1.6356052576         4.0234804256
        0.8800056000         2.9400000000         1.4833219594         1.6458127674         3.8240184529
        0.8850055000         2.9400000000         1.4935312668         1.6662277871         4.0899677498
        0.8900034000         2.9400000000         1.4807696325         1.6713315420         3.7575311287
        0.8950042000         2.9400000000         1.4960835936         1.7019540715         4.1564550740
        0.9000023000         2.9400000000         1.4935312668         1.7147134588         4.0899677498
        0.9050033000         2.9400000000         1.4884266131         1.7300247236         3.9569931014
        0.9100020000         2.9400000000         1.4858742862         1.7376803560         3.8905057771
        0.9150032000         2.9400000000         1.4807696325         1.7580953756         3.7575311287
        0.9200019000         2.9400000000         1.4935312668         1.7759585179         4.0899677498
        0.9250034000         2.9400000000         1.4782173056         1.7810622728         3.6910438044
        0.9300026000         2.9400000000         1.4884266131         1.8065810474         3.9569931014
        0.9350032000         2.9400000000         1.4807696325         1.8065810474         3.7575311287
        0.9400021000         2.9400000000         1.4603510177         1.8295479445         3.2256325349
        0.9450034000         2.9400000000         1.4807696325         1.8423073318         3.7575311287
        0.9500127000         2.9400000000         1.4884266131         1.8627223515         3.9569931014
        0.9550017000         2.9400000000         1.4884266131         1.8805854937         3.9569931014
        0.9600016000         2.9400000000         1.4909789399         1.8856892486         4.0234804256
        0.9650018000         2.9400000000         1.4884266131         1.9010005134         3.9569931014
        0.9700012000         2.9400000000         1.4833219594         1.9112080232         3.8240184529
        0.9750033000         2.9400000000         1.4986359205         1.9392786752         4.2229423983
        0.9800018000         2.9400000000         1.4858742862         1.9545899400         3.8905057771
        0.9850018000         2.9400000000         1.4884266131         1.9545899400         3.9569931014
        0.9900010000         2.9400000000         1.5037405742         1.9750049597         4.3559170467
        0.9950015000         2.9400000000         1.4807696325         1.9877643470         3.7575311287
        1.0000008000         2.9400000000         1.4986359205         2.0132831215         4.2229423983
        1.0050019000         2.9400000000         1.4909789399         2.0285943863         4.0234804256
        1.0100014000         2.9400000000         1.5037405742         2.0464575285         4.3559170467
        1.0150037000         2.9400000000         1.4909789399         2.0617687933         4.0234804256
        1.0200018000         2.9400000000         1.4884266131         2.0719763031         3.9569931014
        1.0250018000         2.9400000000         1.4960835936         2.0923913228         4.1564550740
        1.0300009000         2.9400000000         1.4858742862         2.0974950777         3.8905057771
        1.0350018000         2.9400000000         1.4935312668         2.1230138523         4.0899677498
        1.0400010000         2.9400000000         1.4884266131         2.1281176072         3.9569931014
        1.0450044000         2.9400000000         1.4884266131         2.1485326269         3.9569931014
        1.0500029000         2.9400000000         1.4833219594         2.1638438916         3.8240184529
        1.0550021000         2.9400000000         1.4935312668         2.1791551564         4.0899677498
        1.0600009000         2.9400000000         1.4960835936         2.1944664211         4.1564550740
        1.0650038000         2.9400000000         1.4960835936         2.2148814408         4.1564550740
        1.0700019000         2.9400000000         1.5011882474         2.2301927056         4.2894297225
        1.0750019000         2.9400000000         1.4986359205         2.2480558478         4.2229423983
        1.0800009000         2.9400000000         1.5011882474         2.2582633576         4.2894297225
        1.0850025000         2.9400000000         1.4909789399         2.2735746224         4.0234804256
        1.0900120000         2.9400000000         1.4884266131         2.2914377646         3.9569931014
        1.0950038000         2.9400000000         1.4858742862         2.3016452744         3.8905057771
        1.1000798000         2.9400000000         1.4909789399         2.3220602941         4.0234804256
        1.1050016000         2.9400000000         1.4986359205         2.3322678039         4.2229423983
        1.1100009000         2.9400000000         1.4960835936         2.3526828236         4.1564550740
        1.1150017000         2.9400000000         1.5088452279         2.3782015982         4.4888916952
        1.1200008000         2.9400000000         1.4884266131         2.3884091080         3.9569931014
        1.1250015000         2.9400000000         1.4935312668         2.3986166179         4.0899677498
        1.1300011000         2.9400000000         1.5062929011         2.4215835150         4.4224043709
        1.1350025000         2.9400000000         1.4884266131         2.4343429023         3.9569931014
        1.1400015000         2.9400000000         1.5037405742         2.4522060445         4.3559170467
        1.1450044000         2.9400000000         1.4884266131         2.4675173092         3.9569931014
        1.1500025000         2.9400000000         1.4986359205         2.4802766965         4.2229423983
        1.1550026000         2.9400000000         1.4833219594         2.4930360838         3.8240184529
        1.1600016000         2.9400000000         1.4986359205         2.5160029810         4.2229423983
        1.1650016000         2.9400000000         1.4960835936         2.5313142457         4.1564550740
        1.1700009000         2.9400000000         1.4909789399         2.5466255105         4.0234804256
        1.1750014000         2.9400000000         1.5088452279         2.5721442851         4.4888916952
        1.1800010000         2.9400000000         1.4960835936         2.5746961625         4.1564550740
        1.1850028000         2.9400000000         1.4986359205         2.6002149371         4.2229423983
        1.1900022000         2.9400000000         1.5037405742         2.6104224470         4.3559170467
        1.1950036000         2.9400000000         1.5011882474         2.6257337117         4.2894297225
        1.2000018000         2.9400000000         1.5062929011         2.6538043638         4.4224043709
        1.2050036000         2.9400000000         1.5113975548         2.6716675060         4.5553790194
        1.2100023000         2.9400000000         1.4807696325         2.6742193834         3.7575311287
        1.2150018000         2.9400000000         1.5062929011         2.6920825256         4.4224043709
        1.2200010000         2.9400000000         1.4986359205         2.7201531777         4.2229423983
        1.2250029000         2.9400000000         1.5037405742         2.7227050552         4.3559170467
        1.2300017000         2.9400000000         1.4909789399         2.7431200748         4.0234804256
        1.2350016000         2.9400000000         1.4833219594         2.7584313396         3.8240184529
        1.2400009000         2.9400000000         1.4935312668         2.7711907269         4.0899677498
        1.2450017000         2.9400000000         1.4986359205         2.7916057465         4.2229423983
        1.2500010000         2.9400000000         1.5062929011         2.8094688888         4.4224043709
        1.2550038000         2.9400000000         1.4858742862         2.8247801535         3.8905057771
        1.2600016000         2.9400000000         1.4986359205         2.8375395408         4.2229423983
        1.2650026000         2.9400000000         1.4960835936         2.8528508056         4.1564550740
        1.2700011000         2.9400000000         1.4960835936         2.8681620703         4.1564550740
        1.2750016000         2.9400000000         1.5037405742         2.8962327224         4.3559170467
        1.2800011000         2.9400000000         1.4884266131         2.9038883547         3.9569931014
        1.2850042000         2.9400000000         1.4935312668         2.9166477420         4.0899677498
        1.2900109000         2.9400000000         1.5037405742         2.9370627617         4.3559170467
        1.2950037000         2.9400000000         1.5011882474         2.9625815363         4.2894297225
        1.3000104000         2.9400000000         1.5037405742         2.9778928011         4.3559170467
        1.3050049000         2.9400000000         1.4960835936         2.9855484334         4.1564550740
        1.3100024000         2.9400000000         1.4986359205         3.0008596982         4.2229423983
        1.3150024000         2.9400000000         1.5088452279         3.0263784728         4.4888916952
        1.3200017000         2.9400000000         1.4960835936         3.0340341051         4.1564550740
        1.3250037000         2.9400000000         1.4858742862         3.0442416150         3.8905057771
        1.3300018000         2.9400000000         1.4986359205         3.0672085121         4.2229423983
        1.3350019000         2.9400000000         1.5011882474         3.0850716543         4.2894297225
        1.3400036000         2.9400000000         1.5088452279         3.0978310416         4.4888916952
        1.3450040000         2.9400000000         1.4884266131         3.1105904289         3.9569931014
        1.3500042000         2.9400000000         1.4935312668         3.1284535711         4.0899677498
        1.3550025000         2.9400000000         1.4960835936         3.1386610810         4.1564550740
        1.3600014000         2.9400000000         1.5037405742         3.1616279781         4.3559170467
        1.3650018000         2.9400000000         1.5088452279         3.1845948752         4.4888916952
        1.3700010000         2.9400000000         1.4986359205         3.1973542625         4.2229423983
        1.3750022000         2.9400000000         1.4986359205         3.2203211597         4.2229423983
        1.3800016000         2.9400000000         1.4960835936         3.2228730371         4.1564550740
        1.3850031000         2.9400000000         1.5011882474         3.2432880568         4.2894297225
        1.3900039000         2.9400000000         1.4884266131         3.2560474441         3.9569931014
        1.3950133000         2.9400000000         1.4986359205         3.2841180961         4.2229423983
        1.4000986000         2.9400000000         1.5037405742         3.3019812383         4.3559170467
        1.4067796000         2.9400000000         1.5037405742         3.3198443806         4.3559170467
        1.4100012000         2.9400000000         1.5011882474         3.3249481355         4.2894297225
        1.4150041000         2.9400000000         1.5062929011         3.3402594002         4.4224043709
        1.4200018000         2.9400000000         1.4935312668         3.3581225424         4.0899677498
        1.4250024000         2.9400000000         1.5011882474         3.3683300523         4.2894297225
        1.4300017000         2.9400000000         1.4909789399         3.3836413170         4.0234804256
        1.4350010000         2.9400000000         1.4909789399         3.4015044592         4.0234804256
        1.4400016000         2.9400000000         1.5113975548         3.4295751113         4.5553790194
        1.4450012000         2.9400000000         1.4909789399         3.4321269888         4.0234804256
        1.4500019000         2.9400000000         1.5011882474         3.4550938859         4.2894297225
        1.4550014000         2.9400000000         1.4960835936         3.4729570281         4.1564550740
        1.4600016000         2.9400000000         1.5113975548         3.4959239252         4.5553790194
        1.4650010000         2.9400000000         1.4884266131         3.4984758027         3.9569931014
        1.4700015000         2.9400000000         1.4986359205         3.5214426998         4.2229423983
        1.4750010000         2.9400000000         1.4986359205         3.5290983322         4.2229423983
        1.4800015000         2.9400000000         1.5062929011         3.5546171068         4.4224043709
        1.4850009000         2.9400000000         1.5037405742         3.5673764941         4.3559170467
        1.4900018000         2.9400000000         1.4960835936         3.5877915138         4.1564550740
        1.4950026000         2.9400000000         1.4960835936         3.5979990236         4.1564550740
        1.5000036000         2.9400000000         1.4986359205         3.6184140433         4.2229423983
        1.5050019000         2.9400000000         1.4884266131         3.6286215531         3.9569931014
        1.5100017000         2.9400000000         1.4960835936         3.6464846953         4.1564550740
        1.5150014000         2.9400000000         1.4960835936         3.6694515924         4.1564550740
        1.5200015000         2.9400000000         1.4960835936         3.6796591023         4.1564550740
        1.5250009000         2.9400000000         1.4884266131         3.6975222445         3.9569931014
        1.5300024000         2.9400000000         1.4935312668         3.7179372642         4.0899677498
        1.5350016000         2.9400000000         1.4909789399         3.7281447740         4.0234804256
        1.5400016000         2.9400000000         1.4960835936         3.7485597937         4.1564550740
        1.5450015000         2.9400000000         1.4960835936         3.7587673035         4.1564550740
        1.5500018000         2.9400000000         1.4960835936         3.7791823232         4.1564550740
        1.5550010000         2.9400000000         1.4960835936         3.7995973429         4.1564550740
        1.5600024000         2.9400000000         1.5037405742         3.8200123625         4.3559170467
        1.5650016000         2.9400000000         1.4986359205         3.8353236273         4.2229423983
        1.5700026000         2.9400000000         1.4960835936         3.8506348920         4.1564550740
        1.5750021000         2.9400000000         1.4858742862         3.8531867695         3.8905057771
        1.5800016000         2.9400000000         1.4858742862         3.8736017892         3.8905057771
        1.5850011000         2.9400000000         1.4986359205         3.8914649314         4.2229423983
        1.5900012000         2.9400000000         1.4935312668         3.9144318285         4.0899677498
        1.5950015000         2.9400000000         1.4935312668         3.9195355834         4.0899677498
        1.6000034000         2.9400000000         1.4833219594         3.9297430933         3.8240184529
        1.6050012000         2.9400000000         1.4909789399         3.9552618679         4.0234804256
        1.6100039000         2.9400000000         1.4884266131         3.9654693777         3.9569931014
        1.6150022000         2.9400000000         1.4833219594         3.9756768875         3.8240184529
        1.6200034000         2.9400000000         1.4884266131         4.0011956621         3.9569931014
        1.6250019000         2.9400000000         1.4884266131         4.0139550494         3.9569931014
        1.6300018000         2.9400000000         1.4858742862         4.0190588043         3.8905057771
        1.6350015000         2.9400000000         1.4833219594         4.0394738240         3.8240184529
        1.6400019000         2.9400000000         1.4884266131         4.0573369662         3.9569931014
        1.6450029000         2.9400000000         1.4782173056         4.0726482310         3.6910438044
        1.6500035000         2.9400000000         1.4884266131         4.0777519859         3.9569931014
        1.6550015000         2.9400000000         1.4986359205         4.1058226379         4.2229423983
        1.6600978000         2.9400000000         1.4833219594         4.1160301478         3.8240184529
        1.6650032000         2.9400000000         1.4833219594         4.1236857801         3.8240184529
        1.6700020000         2.9400000000         1.4858742862         4.1466526773         3.8905057771
        1.6750026000         2.9400000000         1.4884266131         4.1594120646         3.9569931014
        1.6800019000         2.9400000000         1.4960835936         4.1823789617         4.1564550740
        1.6850014000         2.9400000000         1.4858742862         4.1900345941         3.8905057771
        1.6900014000         2.9400000000         1.5011882474         4.2130014912         4.2894297225
        1.6950012000         2.9400000000         1.4807696325         4.2181052461         3.7575311287
        1.7000035000         2.9400000000         1.4833219594         4.2308646334         3.8240184529
        1.7050025000         2.9400000000         1.5011882474         4.2538315306         4.2894297225
        1.7100017000         2.9400000000         1.4909789399         4.2691427953         4.0234804256
        1.7150016000         2.9400000000         1.4960835936         4.2844540601         4.1564550740
        1.7200015000         2.9400000000         1.4884266131         4.2997653248         3.9569931014
        1.7250012000         2.9400000000         1.4909789399         4.3176284670         4.0234804256
        1.7300017000         2.9400000000         1.5011882474         4.3329397318         4.2894297225
        1.7350033000         2.9400000000         1.4909789399         4.3482509965         4.0234804256
        1.7400018000         2.9400000000         1.4884266131         4.3661141388         3.9569931014
        1.7450056000         2.9400000000         1.4884266131         4.3814254035         3.9569931014
        1.7500032000         2.9400000000         1.4960835936         4.3992885457         4.1564550740
        1.7550017000         2.9400000000         1.4935312668         4.4120479330         4.0899677498
        1.7600019000         2.9400000000         1.4935312668         4.4273591978         4.0899677498
        1.7650041000         2.9400000000         1.4935312668         4.4528779724         4.0899677498
        1.7701248000         2.9400000000         1.5011882474         4.4630854822         4.2894297225
        1.7750049000         2.9400000000         1.4986359205         4.4860523793         4.2229423983
        1.7800032000         2.9400000000         1.4986359205         4.4937080117         4.2229423983
        1.7850021000         2.9400000000         1.4909789399         4.5039155215         4.0234804256
        1.7900016000         2.9400000000         1.5037405742         4.5345380510         4.3559170467
        1.7950060000         2.9400000000         1.5011882474         4.5447455609         4.2894297225
        1.8000025000         2.9400000000         1.5011882474         4.5626087031         4.2894297225
        1.8050015000         2.9400000000         1.5011882474         4.5804718453         4.2894297225
        1.8100020000         2.9400000000         1.5037405742         4.6034387424         4.3559170467
        1.8150010000         2.9400000000         1.5011882474         4.6110943748         4.2894297225
        1.8200030000         2.9400000000         1.5011882474         4.6289575170         4.2894297225
        1.8250016000         2.9400000000         1.5037405742         4.6468206592         4.3559170467
        1.8300034000         2.9400000000         1.5062929011         4.6621319240         4.4224043709
        1.8350018000         2.9400000000         1.4986359205         4.6825469437         4.2229423983
        1.8400033000         2.9400000000         1.5037405742         4.6953063310         4.3559170467
        1.8450031000         2.9400000000         1.5088452279         4.7208251056         4.4888916952
        1.8500041000         2.9400000000         1.4960835936         4.7284807379         4.1564550740
        1.8550011000         2.9400000000         1.5062929011         4.7463438801         4.4224043709
        1.8600029000         2.9400000000         1.5088452279         4.7769664097         4.4888916952
        1.8650028000         2.9400000000         1.5037405742         4.7871739195         4.3559170467
        1.8700027000         2.9400000000         1.4960835936         4.7999333068         4.1564550740
        1.8750017000         2.9400000000         1.5062929011         4.8203483265         4.4224043709
        1.8800013000         2.9400000000         1.4986359205         4.8433152236         4.2229423983
        1.8850009000         2.9400000000         1.5062929011         4.8611783658         4.4224043709
        1.8900023000         2.9400000000         1.5088452279         4.8815933855         4.4888916952
        1.8950014000         2.9400000000         1.4960835936         4.8892490178         4.1564550740
        1.9000020000         2.9400000000         1.5062929011         4.9096640375         4.4224043709
        1.9050012000         2.9400000000         1.5088452279         4.9326309346         4.4888916952
        1.9100016000         2.9400000000         1.5062929011         4.9504940769         4.4224043709
        1.9150014000         2.9400000000         1.4935312668         4.9632534642         4.0899677498
        1.9200014000         2.9400000000         1.4935312668         4.9836684838         4.0899677498
        1.9250010000         2.9400000000         1.4986359205         4.9913241162         4.2229423983
        1.9300014000         2.9400000000         1.4909789399         5.0040835035         4.0234804256
        1.9350013000         2.9400000000         1.4884266131         5.0015316260         3.9569931014
        1.9400022000         2.9400000000         1.4654556714         5.0015316260         3.3586071833
        1.9450029000         2.9400000000         1.4909789399         4.9989797486         4.0234804256
        1.9500017000         2.9400000000         1.5037405742         5.0117391359         4.3559170467
        1.9550009000         2.9400000000         1.4935312668         5.0117391359         4.0899677498
        1.9600015000         2.9400000000         1.4884266131         5.0040835035         3.9569931014
        1.9650010000         2.9400000000         1.4858742862         4.9964278711         3.8905057771
        1.9700021000         2.9400000000         1.4833219594         1.1022628687         3.8240184529
        1.9750027000         2.9400000000         1.4756649788         1.1124703785         3.6245564802
        1.9800010000         2.9400000000         1.4935312668         1.1150222560         4.0899677498
        1.9850041000         2.9400000000         1.4884266131         1.0971591138         3.9569931014
        1.9900011000         2.9400000000         1.4858742862        -0.0027000711         3.8905057771
        1.9950023000         2.9400000000         1.4884266131         0.0024036839         3.9569931014
        2.0000012000         2.9400000000         1.4884266131        -0.0001481936         3.9569931014
        2.0050020000         2.9400000000         1.4884266131        -0.0052519485         3.9569931014
        2.0100009000         2.9400000000         1.4858742862        -0.0001481936         3.8905057771
        2.0150029000         2.9400000000         1.4884266131        -0.0027000711         3.9569931014
        2.0200020000         2.9400000000         1.4986359205         0.0024036839         4.2229423983
        2.0250095000         2.9400000000         1.4960835936         0.0075074388         4.1564550740
        2.0300077000         2.9400000000         1.4884266131         0.0151630711         3.9569931014
        2.0350051000         2.9400000000         1.4833219594         0.0228187035         3.8240184529
        2.0400018000         2.9400000000         1.4909789399         0.0483374781         4.0234804256
        2.0450034000         2.9400000000         1.4986359205         0.0559931105         4.2229423983
        2.0500033000         2.9400000000         1.4909789399         0.0789600076         4.0234804256
        2.0550020000         2.9400000000         1.4884266131         0.0891675175         3.9569931014
        2.0600014000         2.9400000000         1.4935312668         0.1172381695         4.0899677498
        2.0650024000         2.9400000000         1.5062929011         0.1351013117         4.4224043709
        2.0700023000         2.9400000000         1.4858742862         0.1402050666         3.8905057771
        2.0750036000         2.9400000000         1.4935312668         0.1606200863         4.0899677498
        2.0800028000         2.9400000000         1.5037405742         0.1835869834         4.3559170467
        2.0850023000         2.9400000000         1.5011882474         0.1963463707         4.2894297225
        2.0900017000         2.9400000000         1.4986359205         0.2116576355         4.2229423983
        2.0950019000         2.9400000000         1.4960835936         0.2269689002         4.1564550740
        2.1000011000         2.9400000000         1.4986359205         0.2524876748         4.2229423983
        2.1050040000         2.9400000000         1.5011882474         0.2677989396         4.2894297225
        2.1100012000         2.9400000000         1.5011882474         0.2805583269         4.2894297225
        2.1150019000         2.9400000000         1.5011882474         0.2984214691         4.2894297225
        2.1200010000         2.9400000000         1.5037405742         0.3188364888         4.3559170467
        2.1250017000         2.9400000000         1.4884266131         0.3213883662         3.9569931014
        2.1300008000         2.9400000000         1.4935312668         0.3392515084         4.0899677498
        2.1350016000         2.9400000000         1.4935312668         0.3622184056         4.0899677498
        2.1400012000         2.9400000000         1.5062929011         0.3800815478         4.4224043709
        2.1450029000         2.9400000000         1.4909789399         0.3902890576         4.0234804256
        2.1500013000         2.9400000000         1.4884266131         0.4056003224         3.9569931014
        2.1550022000         2.9400000000         1.4960835936         0.4234634646         4.1564550740
        2.1600012000         2.9400000000         1.4935312668         0.4464303617         4.0899677498
        2.1650021000         2.9400000000         1.5139498816         0.4591897490         4.6218663436
        2.1700016000         2.9400000000         1.4935312668         0.4719491363         4.0899677498
        2.1750018000         2.9400000000         1.5088452279         0.5000197884         4.4888916952
        2.1800015000         2.9400000000         1.5088452279         0.5178829306         4.4888916952
        2.1850022000         2.9400000000         1.5062929011         0.5357460728         4.4224043709
        2.1900015000         2.9400000000         1.5139498816         0.5510573375         4.6218663436
        2.1950017000         2.9400000000         1.4782173056         0.5638167248         3.6910438044
        2.2000014000         2.9400000000         1.5062929011         0.5791279896         4.4224043709
        2.2050021000         2.9400000000         1.5062929011         0.6020948867         4.4224043709
        2.2100014000         2.9400000000         1.5062929011         0.6148542740         4.4224043709
        2.2150014000         2.9400000000         1.4960835936         0.6225099064         4.1564550740
        2.2200009000         2.9400000000         1.4960835936         0.6403730486         4.1564550740
        2.2250014000         2.9400000000         1.5088452279         0.6582361908         4.4888916952
        2.2300013000         2.9400000000         1.5062929011         0.6863068429         4.4224043709
        2.2350039000         2.9400000000         1.5037405742         0.7067218625         4.3559170467
        2.2400045000         2.9400000000         1.5037405742         0.7143774949         4.3559170467
        2.2450026000         2.9400000000         1.5062929011         0.7347925146         4.4224043709
        2.2500018000         2.9400000000         1.5011882474         0.7475519019         4.2894297225
        2.2553332000         2.9400000000         1.5088452279         0.7705187990         4.4888916952
        2.2600015000         2.9400000000         1.4909789399         0.7730706765         4.0234804256
        2.2650535000         2.9400000000         1.4884266131         0.7985894511         3.9569931014
        2.2700044000         2.9400000000         1.4935312668         0.8139007158         4.0899677498
        2.2750012000         2.9400000000         1.5011882474         0.8317638580         4.2894297225
        2.2800024000         2.9400000000         1.4884266131         0.8419713679         3.9569931014
        2.2850016000         2.9400000000         1.4935312668         0.8572826326         4.0899677498
        2.2900040000         2.9400000000         1.4935312668         0.8802495297         4.0899677498
        2.2950021000         2.9400000000         1.4960835936         0.8955607945         4.1564550740
        2.3000031000         2.9400000000         1.5088452279         0.9185276916         4.4888916952
        2.3050035000         2.9400000000         1.4909789399         0.9287352015         4.0234804256
        2.3100026000         2.9400000000         1.5139498816         0.9542539761         4.6218663436
        2.3150011000         2.9400000000         1.4884266131         0.9644614859         3.9569931014
        2.3200012000         2.9400000000         1.4705603251         0.9721171183         3.4915818318
        2.3250008000         2.9400000000         1.4909789399         0.9899802605         4.0234804256
        2.3300033000         2.9400000000         1.4986359205         1.0180509125         4.2229423983
        2.3350033000         2.9400000000         1.5037405742         1.0257065449         4.3559170467
        2.3400021000         2.9400000000         1.4986359205         1.0486734420         4.2229423983
        2.3450032000         2.9400000000         1.4884266131         1.0588809519         3.9569931014
        2.3500031000         2.9400000000         1.4960835936         1.0741922166         4.1564550740
        2.3550037000         2.9400000000         1.4833219594         1.0843997265         3.8240184529
        2.3600041000         2.9400000000         1.4884266131         1.1022628687         3.9569931014
        2.3650019000         2.9400000000         1.4884266131         1.1226778884         3.9569931014
        2.3700032000         2.9400000000         1.4960835936         1.1430929080         4.1564550740
        2.3750033000         2.9400000000         1.4909789399         1.1456447855         4.0234804256
        2.3800032000         2.9400000000         1.4884266131         1.1686116826         3.9569931014
        2.3850033000         2.9400000000         1.4858742862         1.1762673150         3.8905057771
        2.3900026000         2.9400000000         1.4909789399         1.1992342121         4.0234804256
        2.3950033000         2.9400000000         1.4858742862         1.2068898445         3.8905057771
        2.4000024000         2.9400000000         1.4731126519         1.2273048642         3.5580691560
        2.4050033000         2.9400000000         1.4909789399         1.2426161289         4.0234804256
        2.4100027000         2.9400000000         1.5011882474         1.2655830261         4.2894297225
        2.4150033000         2.9400000000         1.5011882474         1.2757905359         4.2894297225
        2.4200023000         2.9400000000         1.4807696325         1.2911018006         3.7575311287
        2.4250033000         2.9400000000         1.5062929011         1.3115168203         4.4224043709
        2.4300029000         2.9400000000         1.4858742862         1.3166205752         3.8905057771
        2.4350032000         2.9400000000         1.5062929011         1.3421393498         4.4224043709
        2.4400023000         2.9400000000         1.4986359205         1.3523468597         4.2229423983
        2.4450034000         2.9400000000         1.4935312668         1.3702100019         4.0899677498
        2.4500034000         2.9400000000         1.4960835936         1.3855212666         4.1564550740
        2.4550033000         2.9400000000         1.4986359205         1.4059362863         4.2229423983
        2.4600021000         2.9400000000         1.4858742862         1.4110400412         3.8905057771
        2.4650032000         2.9400000000         1.4986359205         1.4391106933         4.2229423983
        2.4700020000         2.9400000000         1.4935312668         1.4493182031         4.0899677498
        2.4750032000         2.9400000000         1.4884266131         1.4595257129         3.9569931014
        2.4800020000         2.9400000000         1.4960835936         1.4850444875         4.1564550740
        2.4850032000         2.9400000000         1.4858742862         1.4875963650         3.8905057771
        2.4900024000         2.9400000000         1.4935312668         1.5080113847         4.0899677498
        2.4950034000         2.9400000000         1.4909789399         1.5309782818         4.0234804256
        2.5000022000         2.9400000000         1.4909789399         1.5386339142         4.0234804256
        2.5050032000         2.9400000000         1.4884266131         1.5590489338         3.9569931014
        2.5100022000         2.9400000000         1.4884266131         1.5692564437         3.9569931014
        2.5150034000         2.9400000000         1.4909789399         1.5845677084         4.0234804256
        2.5200033000         2.9400000000         1.4858742862         1.5922233408         3.8905057771
        2.5250034000         2.9400000000         1.4782173056         1.6100864830         3.6910438044
        2.5300049000         2.9400000000         1.4858742862         1.6253977478         3.8905057771
        2.5350041000         2.9400000000         1.4858742862         1.6432608900         3.8905057771
        2.5400022000         2.9400000000         1.4960835936         1.6585721547         4.1564550740
        2.5450017000         2.9400000000         1.4884266131         1.6713315420         3.9569931014
        2.5500018000         2.9400000000         1.4858742862         1.6815390519         3.8905057771
        2.5550037000         2.9400000000         1.4909789399         1.7019540715         4.0234804256
        2.5600033000         2.9400000000         1.4909789399         1.7172653363         4.0234804256
        2.5650016000         2.9400000000         1.4807696325         1.7325766011         3.7575311287
        2.5700013000         2.9400000000         1.4935312668         1.7504397433         4.0899677498
        2.5750008000         2.9400000000         1.4807696325         1.7631991306         3.7575311287
        2.5800018000         2.9400000000         1.4884266131         1.7708547629         3.9569931014
        2.5850013000         2.9400000000         1.4858742862         1.7912697826         3.8905057771
        2.5900171000         2.9400000000         1.4884266131         1.8065810474         3.9569931014
        2.5950052000         2.9400000000         1.4858742862         1.8193404347         3.8905057771
        2.6000043000         2.9400000000         1.4884266131         1.8320998220         3.9569931014
        2.6050067000         2.9400000000         1.4833219594         1.8448592093         3.8240184529
        2.6100066000         2.9400000000         1.4960835936         1.8729298613         4.1564550740
        2.6150035000         2.9400000000         1.4884266131         1.8805854937         3.9569931014
        2.6200034000         2.9400000000         1.5011882474         1.8958967584         4.2894297225
        2.6250049000         2.9400000000         1.4858742862         1.9112080232         3.8905057771
        2.6300055000         2.9400000000         1.4986359205         1.9239674105         4.2229423983
        2.6350043000         2.9400000000         1.4884266131         1.9418305527         3.9569931014
        2.6400035000         2.9400000000         1.4909789399         1.9571418174         4.0234804256
        2.6450050000         2.9400000000         1.4935312668         1.9724530822         4.0899677498
        2.6500026000         2.9400000000         1.4858742862         1.9826605920         3.8905057771
        2.6550032000         2.9400000000         1.4909789399         1.9979718568         4.0234804256
        2.6600022000         2.9400000000         1.4833219594         2.0132831215         3.8240184529
        2.6650033000         2.9400000000         1.4909789399         2.0362500187         4.0234804256
        2.6700020000         2.9400000000         1.4909789399         2.0515612834         4.0234804256
        2.6750033000         2.9400000000         1.4909789399         2.0668725482         4.0234804256
        2.6800034000         2.9400000000         1.4782173056         2.0770800580         3.6910438044
        2.6850032000         2.9400000000         1.4960835936         2.0974950777         4.1564550740
        2.6900032000         2.9400000000         1.4909789399         2.1179100974         4.0234804256
        2.6950018000         2.9400000000         1.4960835936         2.1281176072         4.1564550740
        2.7000010000         2.9400000000         1.4833219594         2.1459807494         3.8240184529
        2.7050024000         2.9400000000         1.4986359205         2.1638438916         4.2229423983
        2.7100010000         2.9400000000         1.4909789399         2.1791551564         4.0234804256
        2.7150020000         2.9400000000         1.4986359205         2.1970182986         4.2229423983
        2.7200019000         2.9400000000         1.4909789399         2.2021220535         4.0234804256
        2.7250020000         2.9400000000         1.4884266131         2.2199851957         3.9569931014
        2.7300012000         2.9400000000         1.4807696325         2.2352964605         3.7575311287
        2.7350033000         2.9400000000         1.4935312668         2.2506077252         4.0899677498
        2.7400023000         2.9400000000         1.4909789399         2.2735746224         4.0234804256
        2.7450022000         2.9400000000         1.4935312668         2.2812302547         4.0899677498
        2.7500012000         2.9400000000         1.4858742862         2.2939896420         3.8905057771
        2.7550019000         2.9400000000         1.4858742862         2.3118527843         3.8905057771
        2.7600014000         2.9400000000         1.4986359205         2.3297159265         4.2229423983
        2.7650028000         2.9400000000         1.5037405742         2.3501309461         4.3559170467
        2.7700041000         2.9400000000         1.4935312668         2.3603384560         4.0899677498
        2.7750034000         2.9400000000         1.4960835936         2.3833053531         4.1564550740
        2.7800024000         2.9400000000         1.4935312668         2.3935128629         4.0899677498
        2.7850018000         2.9400000000         1.4909789399         2.3986166179         4.0234804256
        2.7900014000         2.9400000000         1.4986359205         2.4266872699         4.2229423983
        2.7950018000         2.9400000000         1.4884266131         2.4343429023         3.9569931014
        2.8000033000         2.9400000000         1.5113975548         2.4649654318         4.5553790194
        2.8050026000         2.9400000000         1.4909789399         2.4751729416         4.0234804256
        2.8100032000         2.9400000000         1.4960835936         2.4853804515         4.1564550740
        2.8150033000         2.9400000000         1.4960835936         2.5057954711         4.1564550740
        2.8200031000         2.9400000000         1.4884266131         2.5134511035         3.9569931014
        2.8250021000         2.9400000000         1.4935312668         2.5389698781         4.0899677498
        2.8300032000         2.9400000000         1.5062929011         2.5593848978         4.4224043709
        2.8350028000         2.9400000000         1.4960835936         2.5644886527         4.1564550740
        2.8400031000         2.9400000000         1.4909789399         2.5797999174         4.0234804256
        2.8450025000         2.9400000000         1.4960835936         2.6027668146         4.1564550740
        2.8500019000         2.9400000000         1.4935312668         2.6180780793         4.0899677498
        2.8550018000         2.9400000000         1.4986359205         2.6359412215         4.2229423983
        2.8600015000         2.9400000000         1.4935312668         2.6435968539         4.0899677498
        2.8650035000         2.9400000000         1.4960835936         2.6614599961         4.1564550740
        2.8700014000         2.9400000000         1.4833219594         2.6844268933         3.8240184529
        2.8750030000         2.9400000000         1.5037405742         2.6997381580         4.3559170467
        2.8800014000         2.9400000000         1.5088452279         2.7201531777         4.4888916952
        2.8850015000         2.9400000000         1.5011882474         2.7303606875         4.2894297225
        2.8900016000         2.9400000000         1.4935312668         2.7507757072         4.0899677498
        2.8950055000         2.9400000000         1.4986359205         2.7686388494         4.2229423983
        2.9000026000         2.9400000000         1.5113975548         2.7890538691         4.5553790194
        2.9050020000         2.9400000000         1.5037405742         2.7992613789         4.3559170467
        2.9100012000         2.9400000000         1.5037405742         2.8043651338         4.3559170467
        2.9150010000         2.9400000000         1.4884266131         2.8298839084         3.9569931014
        2.9200008000         2.9400000000         1.5037405742         2.8477470506         4.3559170467
        2.9250040000         2.9400000000         1.5088452279         2.8630583154         4.4888916952
        2.9300020000         2.9400000000         1.5011882474         2.8834733351         4.2894297225
        2.9350019000         2.9400000000         1.4909789399         2.8936808449         4.0234804256
        2.9400015000         2.9400000000         1.4909789399         2.9089921097         4.0234804256
        2.9450058000         2.9400000000         1.5165022085         2.9268552519         4.6883536678
        2.9500021000         2.9400000000         1.5062929011         2.9523740265         4.4224043709
        2.9550036000         2.9400000000         1.5011882474         2.9625815363         4.2894297225
        2.9600022000         2.9400000000         1.5062929011         2.9855484334         4.4224043709
        2.9650019000         2.9400000000         1.4986359205         2.9906521883         4.2229423983
        2.9700011000         2.9400000000         1.5011882474         3.0034115756         4.2894297225
        2.9750012000         2.9400000000         1.5062929011         3.0263784728         4.4224043709
        2.9800015000         2.9400000000         1.4909789399         3.0391378601         4.0234804256
        2.9850021000         2.9400000000         1.4960835936         3.0621047572         4.1564550740
        2.9900019000         2.9400000000         1.5088452279         3.0799678994         4.4888916952
        2.9950019000         2.9400000000         1.5062929011         3.0978310416         4.4224043709
        3.0000014000         2.9400000000         1.4960835936         3.1131423064         4.1564550740
        3.0050016000         2.9400000000         1.4986359205         3.1284535711         4.2229423983
        3.0100014000         2.9400000000         1.5088452279         3.1437648359         4.4888916952
        3.0150020000         2.9400000000         1.5037405742         3.1539723457         4.3559170467
        3.0200008000         2.9400000000         1.5062929011         3.1769392429         4.4224043709
        3.0250016000         2.9400000000         1.4986359205         3.1922505076         4.2229423983
        3.0300010000         2.9400000000         1.4986359205         3.2101136498         4.2229423983
        3.0350022000         2.9400000000         1.5037405742         3.2228730371         4.3559170467
        3.0400014000         2.9400000000         1.4884266131         3.2432880568         3.9569931014
        3.0450020000         2.9400000000         1.5011882474         3.2637030765         4.2894297225
        3.0500010000         2.9400000000         1.4935312668         3.2713587088         4.0899677498
        3.0550022000         2.9400000000         1.5011882474         3.2917737285         4.2894297225
        3.0600010000         2.9400000000         1.4935312668         3.3019812383         4.0899677498
        3.0650018000         2.9400000000         1.4909789399         3.3198443806         4.0234804256
        3.0700009000         2.9400000000         1.5037405742         3.3453631551         4.3559170467
        3.0750036000         2.9400000000         1.4909789399         3.3581225424         4.0234804256
        3.0800017000         2.9400000000         1.4960835936         3.3734338072         4.1564550740
        3.0850018000         2.9400000000         1.5011882474         3.3938488269         4.2894297225
        3.0900012000         2.9400000000         1.4833219594         3.3938488269         3.8240184529
        3.0950015000         2.9400000000         1.4935312668         3.4193676015         4.0899677498
        3.1000014000         2.9400000000         1.4884266131         3.4321269888         3.9569931014
        3.1050018000         2.9400000000         1.4935312668         3.4423344986         4.0899677498
        3.1100010000         2.9400000000         1.4884266131         3.4729570281         3.9569931014
        3.1150053000         2.9400000000         1.4884266131         3.4831645379         3.9569931014
        3.1200028000         2.9400000000         1.4960835936         3.5010276801         4.1564550740
        3.1250035000         2.9400000000         1.4833219594         3.5035795576         3.8240184529
        3.1300019000         2.9400000000         1.4909789399         3.5265464547         4.0234804256
        3.1350015000         2.9400000000         1.4884266131         3.5418577195         3.9569931014
        3.1400009000         2.9400000000         1.4884266131         3.5597208617         3.9569931014
        3.1450039000         2.9400000000         1.4935312668         3.5750321265         4.0899677498
        3.1500022000         2.9400000000         1.4960835936         3.5826877588         4.1564550740
        3.1550023000         2.9400000000         1.4833219594         3.5979990236         3.8240184529
        3.1600018000         2.9400000000         1.5011882474         3.6286215531         4.2894297225
        3.1650025000         2.9400000000         1.4833219594         3.6286215531         3.8240184529
        3.1700009000         2.9400000000         1.4986359205         3.6541403277         4.2229423983
        3.1750055000         2.9400000000         1.4833219594         3.6668997150         3.8240184529
        3.1800024000         2.9400000000         1.5011882474         3.6898666121         4.2894297225
        3.1850018000         2.9400000000         1.4807696325         3.6924184896         3.7575311287
        3.1900011000         2.9400000000         1.4909789399         3.7153853867         4.0234804256
        3.1950024000         2.9400000000         1.4909789399         3.7281447740         4.0234804256
        3.2000119000         2.9400000000         1.4960835936         3.7460079162         4.1564550740
        3.2050029000         2.9400000000         1.5011882474         3.7536635486         4.2894297225
        3.2100038000         2.9400000000         1.5088452279         3.7766304457         4.4888916952
        3.2150011000         2.9400000000         1.4909789399         3.7944935879         4.0234804256
        3.2200024000         2.9400000000         1.4986359205         3.8098048527         4.2229423983
        3.2250017000         2.9400000000         1.4960835936         3.8225642400         4.1564550740
        3.2300016000         2.9400000000         1.4935312668         3.8404273822         4.0899677498
        3.2350009000         2.9400000000         1.4960835936         3.8582905244         4.1564550740
        3.2400018000         2.9400000000         1.4884266131         3.8710499117         3.9569931014
        3.2450073000         2.9400000000         1.5037405742         3.8940168088         4.3559170467
        3.2500041000         2.9400000000         1.4960835936         3.9016724412         4.1564550740
        3.2550027000         2.9400000000         1.4935312668         3.9169837060         4.0899677498
        3.2600030000         2.9400000000         1.4960835936         3.9322949707         4.1564550740
        3.2650024000         2.9400000000         1.4909789399         3.9501581129         4.0234804256
        3.2700047000         2.9400000000         1.5011882474         3.9731250101         4.2894297225
        3.2750016000         2.9400000000         1.4884266131         3.9756768875         3.9569931014
        3.2800037000         2.9400000000         1.4858742862         3.9909881523         3.8905057771
        3.2850022000         2.9400000000         1.5037405742         4.0190588043         4.3559170467
        3.2900040000         2.9400000000         1.4909789399         4.0267144367         4.0234804256
        3.2950053000         2.9400000000         1.4909789399         4.0394738240         4.0234804256
        3.3000035000         2.9400000000         1.5037405742         4.0649925986         4.3559170467
        3.3050042000         2.9400000000         1.4986359205         4.0752001084         4.2229423983
        3.3100029000         2.9400000000         1.4935312668         4.0930632506         4.0899677498
        3.3150018000         2.9400000000         1.4935312668         4.1058226379         4.0899677498
        3.3200020000         2.9400000000         1.4986359205         4.1211339027         4.2229423983
        3.3250019000         2.9400000000         1.4935312668         4.1389970449         4.0899677498
        3.3300017000         2.9400000000         1.4935312668         4.1543083097         4.0899677498
        3.3350013000         2.9400000000         1.5113975548         4.1772752068         4.5553790194
        3.3400019000         2.9400000000         1.5037405742         4.1951383490         4.3559170467
        3.3450013000         2.9400000000         1.4909789399         4.2002421039         4.0234804256
        3.3500015000         2.9400000000         1.4960835936         4.2206571236         4.1564550740
        3.3550009000         2.9400000000         1.4935312668         4.2385202658         4.0899677498
        3.3600033000         2.9400000000         1.5011882474         4.2538315306         4.2894297225
        3.3650034000         2.9400000000         1.5037405742         4.2767984277         4.3559170467
        3.3700038000         2.9400000000         1.4935312668         4.2767984277         4.0899677498
        3.3750036000         2.9400000000         1.4884266131         4.2997653248         3.9569931014
        3.3800064000         2.9400000000         1.4986359205         4.3176284670         4.2229423983
        3.3850314000         2.9400000000         1.4986359205         4.3252840994         4.2229423983
        3.3900034000         2.9400000000         1.4935312668         4.3482509965         4.0899677498
        3.3950025000         2.9400000000         1.4960835936         4.3661141388         4.1564550740
        3.4000056000         2.9400000000         1.4960835936         4.3788735260         4.1564550740
        3.4050037000         2.9400000000         1.5011882474         4.4018404232         4.2894297225
        3.4100082000         2.9400000000         1.5037405742         4.4171516879         4.3559170467
        3.4150039000         2.9400000000         1.4909789399         4.4273591978         4.0234804256
        3.4200031000         2.9400000000         1.4986359205         4.4503260949         4.2229423983
        3.4250047000         2.9400000000         1.5062929011         4.4656373597         4.4224043709
        3.4300031000         2.9400000000         1.4986359205         4.4886042568         4.2229423983
        3.4350046000         2.9400000000         1.5062929011         4.4962598892         4.4224043709
        3.4400024000         2.9400000000         1.4935312668         4.5166749088         4.0899677498
        3.4450033000         2.9400000000         1.5011882474         4.5396418060         4.2894297225
        3.4500020000         2.9400000000         1.5062929011         4.5498493158         4.4224043709
        3.4550016000         2.9400000000         1.5037405742         4.5753680904         4.3559170467
        3.4600054000         2.9400000000         1.5062929011         4.5932312326         4.4224043709
        3.4650048000         2.9400000000         1.4858742862         4.5957831101         3.8905057771
        3.4700068000         2.9400000000         1.5011882474         4.6187500072         4.2894297225
        3.4750057000         2.9400000000         1.5011882474         4.6417169043         4.2894297225
        3.4800028000         2.9400000000         1.4884266131         4.6442687818         3.9569931014
        3.4850051000         2.9400000000         1.4960835936         4.6672356789         4.1564550740
        3.4900022000         2.9400000000         1.4986359205         4.6902025760         4.2229423983
        3.4950033000         2.9400000000         1.4935312668         4.6953063310         4.0899677498
        3.5000026000         2.9400000000         1.4986359205         4.7259288605         4.2229423983
        3.5050033000         2.9400000000         1.4960835936         4.7310326154         4.1564550740
        3.5100021000         2.9400000000         1.4960835936         4.7514476351         4.1564550740
        3.5150034000         2.9400000000         1.4960835936         4.7642070224         4.1564550740
        3.5200039000         2.9400000000         1.4884266131         4.7795182871         3.9569931014
        3.5250033000         2.9400000000         1.4960835936         4.8050370617         4.1564550740
        3.5300023000         2.9400000000         1.4935312668         4.8152445715         4.0899677498
        3.5350033000         2.9400000000         1.4884266131         4.8305558363         3.9569931014
        3.5400022000         2.9400000000         1.5011882474         4.8509708560         4.2894297225
        3.5450033000         2.9400000000         1.5037405742         4.8713858756         4.3559170467
        3.5500020000         2.9400000000         1.4935312668         4.8790415080         4.0899677498
        3.5550033000         2.9400000000         1.4935312668         4.9020084051         4.0899677498
        3.5600038000         2.9400000000         1.4986359205         4.9224234248         4.2229423983
        3.5650033000         2.9400000000         1.4986359205         4.9428384445         4.2229423983
        3.5700022000         2.9400000000         1.5037405742         4.9581497092         4.3559170467
        3.5750034000         2.9400000000         1.4884266131         4.9683572191         3.9569931014
        3.5800021000         2.9400000000         1.4884266131         4.9862203613         3.9569931014
        3.5850033000         2.9400000000         1.5011882474         5.0066353810         4.2894297225
        3.5900039000         2.9400000000         1.4884266131         5.0091872584         3.9569931014
        3.5950033000         2.9400000000         1.4935312668         5.0066353810         4.0899677498
        3.6000024000         2.9400000000         1.4909789399         5.0066353810         4.0234804256
        3.6050032000         2.9400000000         1.4884266131         5.0040835035         3.9569931014
        3.6103695000         2.9400000000         1.4884266131         5.0015316260         3.9569931014
        3.6150020000         2.9400000000         1.4909789399         5.0091872584         4.0234804256
        3.6200036000         2.9400000000         1.4960835936         5.0091872584         4.1564550740
        3.6250013000         2.9400000000         1.5165022085         4.9964278711         4.6883536678
        3.6300020000         2.9400000000         1.4960835936         1.1201260109         4.1564550740
        3.6350012000         2.9400000000         1.4935312668         1.1099185011         4.0899677498
        3.6400032000         2.9400000000         1.4935312668         1.0946072363         4.0899677498
        3.6450022000         2.9400000000         1.5011882474         0.0126111937         4.2894297225
        3.6500016000         2.9400000000         1.4782173056         0.0024036839         3.6910438044
        3.6550015000         2.9400000000         1.4909789399        -0.0001481936         4.0234804256
        3.6600034000         2.9400000000         1.5037405742         0.0075074388         4.3559170467
        3.6650020000         2.9400000000         1.4731126519        -0.0027000711         3.5580691560
        3.6700021000         2.9400000000         1.5011882474        -0.0052519485         4.2894297225
        3.6750014000         2.9400000000         1.4909789399        -0.0052519485         4.0234804256
        3.6800016000         2.9400000000         1.4884266131        -0.0052519485         3.9569931014
        3.6850009000         2.9400000000         1.5011882474         0.0151630711         4.2894297225
        3.6900020000         2.9400000000         1.4986359205         0.0330262134         4.2229423983
        3.6950019000         2.9400000000         1.4960835936         0.0457856007         4.1564550740
        3.7000019000         2.9400000000         1.5062929011         0.0687524978         4.4224043709
        3.7050015000         2.9400000000         1.4833219594         0.0738562527         3.8240184529
        3.7100015000         2.9400000000         1.4935312668         0.0891675175         4.0899677498
        3.7150011000         2.9400000000         1.4909789399         0.1095825371         4.0234804256
        3.7200811000         2.9400000000         1.5037405742         0.1351013117         4.3559170467
        3.7250046000         2.9400000000         1.4935312668         0.1376531892         4.0899677498
        3.7300034000         2.9400000000         1.4986359205         0.1606200863         4.2229423983
        3.7350034000         2.9400000000         1.5011882474         0.1759313511         4.2894297225
        3.7400029000         2.9400000000         1.4960835936         0.1886907384         4.1564550740
        3.7450055000         2.9400000000         1.5190545354         0.2091057580         4.7548409921
        3.7500050000         2.9400000000         1.4960835936         0.2295207777         4.1564550740
        3.7550031000         2.9400000000         1.4935312668         0.2397282875         4.0899677498
        3.7600043000         2.9400000000         1.5088452279         0.2703508170         4.4888916952
        3.7650043000         2.9400000000         1.4960835936         0.2780064494         4.1564550740
        3.7700039000         2.9400000000         1.5011882474         0.2958695916         4.2894297225
        3.7750048000         2.9400000000         1.5062929011         0.3213883662         4.4224043709
        3.7800052000         2.9400000000         1.4935312668         0.3239402437         4.0899677498
        3.7850028000         2.9400000000         1.4986359205         0.3469071408         4.2229423983
        3.7900050000         2.9400000000         1.4884266131         0.3596665281         3.9569931014
        3.7950060000         2.9400000000         1.4986359205         0.3826334252         4.2229423983
        3.8000052000         2.9400000000         1.4986359205         0.4030484449         4.2229423983
        3.8050044000         2.9400000000         1.4986359205         0.4158078322         4.2229423983
        3.8100050000         2.9400000000         1.5190545354         0.4387747293         4.7548409921
        3.8150042000         2.9400000000         1.4884266131         0.4438784843         3.9569931014
        3.8200048000         2.9400000000         1.5037405742         0.4693972588         4.3559170467
        3.8250049000         2.9400000000         1.4935312668         0.4796047687         4.0899677498
        3.8300075000         2.9400000000         1.4935312668         0.4898122785         4.0899677498
        3.8350024000         2.9400000000         1.5011882474         0.5153310531         4.2894297225
        3.8400159000         2.9400000000         1.4960835936         0.5306423179         4.1564550740
        3.8450057000         2.9400000000         1.4935312668         0.5459535826         4.0899677498
        3.8500047000         2.9400000000         1.4833219594         0.5561610925         3.8240184529
        3.8550041000         2.9400000000         1.4986359205         0.5765761121         4.2229423983
        3.8600169000         2.9400000000         1.4909789399         0.5944392543         4.0234804256
        3.8650032000         2.9400000000         1.4909789399         0.6071986416         4.0234804256
        3.8700169000         2.9400000000         1.4858742862         0.6199580289         3.8905057771
        3.8750080000         2.9400000000         1.5062929011         0.6480286810         4.4224043709
        3.8800124000         2.9400000000         1.5088452279         0.6556843134         4.4888916952
        3.8850038000         2.9400000000         1.4986359205         0.6709955781         4.2229423983
        3.8900045000         2.9400000000         1.4858742862         0.6837549654         3.8905057771
        3.8950066000         2.9400000000         1.5062929011         0.7092737400         4.4224043709
        3.9000049000         2.9400000000         1.4884266131         0.7169293724         3.9569931014
        3.9050039000         2.9400000000         1.5011882474         0.7450000244         4.2894297225
        3.9100048000         2.9400000000         1.4960835936         0.7552075343         4.1564550740
        3.9150027000         2.9400000000         1.4909789399         0.7628631666         4.0234804256
        3.9200185000         2.9400000000         1.4909789399         0.7883819412         4.0234804256
        3.9250037000         2.9400000000         1.4935312668         0.8011413285         4.0899677498
        3.9300053000         2.9400000000         1.5011882474         0.8215563482         4.2894297225
        3.9350048000         2.9400000000         1.4909789399         0.8292119806         4.0234804256
        3.9400037000         2.9400000000         1.4884266131         0.8496270002         3.9569931014
        3.9450046000         2.9400000000         1.4858742862         0.8623863875         3.8905057771
        3.9500034000         2.9400000000         1.4986359205         0.8904570396         4.2229423983
        3.9550024000         2.9400000000         1.5011882474         0.9057683043         4.2894297225
        3.9600171000         2.9400000000         1.5011882474         0.9134239367         4.2894297225
        3.9650081000         2.9400000000         1.4884266131         0.9338389564         3.9569931014
        3.9700035000         2.9400000000         1.5011882474         0.9465983437         4.2894297225
        3.9750037000         2.9400000000         1.5011882474         0.9695652408         4.2894297225
        3.9800052000         2.9400000000         1.4935312668         0.9721171183         4.0899677498
        3.9850055000         2.9400000000         1.5037405742         1.0001877703         4.3559170467
        3.9900046000         2.9400000000         1.4935312668         1.0103952802         4.0899677498
        3.9950099000         2.9400000000         1.4986359205         1.0282584224         4.2229423983
