% Motor Sweep Step 67/180
% Vcmd       = 2.8400 [V]
% Direction  = CW
% Zone       = DEADZONE
% Vg_offset  = 1.336155 [V]
% K_gimbal   = 26.049690 [(rad/s)/V]

Time[s]              Vcmd[V]              Vg_raw[V]            Pot[V]               Omega[rad/s]
        0.0000122000         2.8400000000         1.3301823480         2.4215835150        -0.1555803387
        0.0050076000         2.8400000000         1.3352870017         2.4266872699        -0.0226056902
        0.0100056000         2.8400000000         1.3429439823         2.4343429023         0.1768562824
        0.0150088000         2.8400000000         1.3429439823         2.4343429023         0.1768562824
        0.0200059000         2.8400000000         1.3352870017         2.4266872699        -0.0226056902
        0.0250072000         2.8400000000         1.3352870017         2.4266872699        -0.0226056902
        0.0300380000         2.8400000000         1.3301823480         2.4241353924        -0.1555803387
        0.0350377000         2.8400000000         1.3608102703         2.4292391474         0.6422675520
        0.0400095000         2.8400000000         1.4067521537         2.4292391474         1.8390393881
        0.0450063000         2.8400000000         1.3812288851         2.4419985347         1.1741661458
        0.0500043000         2.8400000000         1.3914381925         2.4496541670         1.4401154427
        0.0550067000         2.8400000000         1.3990951731         2.4547579220         1.6395774154
        0.0600047000         2.8400000000         1.3863335388         2.4547579220         1.3071407943
        0.0650063000         2.8400000000         1.3914381925         2.4547579220         1.4401154427
        0.0700053000         2.8400000000         1.3939905194         2.4573097994         1.5066027670
        0.0750060000         2.8400000000         1.3914381925         2.4726210642         1.4401154427
        0.0800482000         2.8400000000         1.3965428462         2.4777248191         1.5730900912
        0.0850032000         2.8400000000         1.3939905194         2.4802766965         1.5066027670
        0.0900168000         2.8400000000         1.3888858657         2.4828285740         1.3736281185
        0.0950073000         2.8400000000         1.3990951731         2.4955879613         1.6395774154
        0.1000374000         2.8400000000         1.4016475000         2.5032435937         1.7060647397
        0.1050032000         2.8400000000         1.4016475000         2.5083473486         1.7060647397
        0.1100014000         2.8400000000         1.3990951731         2.5134511035         1.6395774154
        0.1150025000         2.8400000000         1.3888858657         2.5160029810         1.3736281185
        0.1200013000         2.8400000000         1.4067521537         2.5364180006         1.8390393881
        0.1250035000         2.8400000000         1.4016475000         2.5338661232         1.7060647397
        0.1300627000         2.8400000000         1.4016475000         2.5415217556         1.7060647397
        0.1350058000         2.8400000000         1.4016475000         2.5491773879         1.7060647397
        0.1400304000         2.8400000000         1.4093044805         2.5542811429         1.9055267123
        0.1450053000         2.8400000000         1.4093044805         2.5619367752         1.9055267123
        0.1500059000         2.8400000000         1.4067521537         2.5721442851         1.8390393881
        0.1550054000         2.8400000000         1.4067521537         2.5772480400         1.8390393881
        0.1600057000         2.8400000000         1.3990951731         2.5797999174         1.6395774154
        0.1650040000         2.8400000000         1.3990951731         2.5849036724         1.6395774154
        0.1700014000         2.8400000000         1.4067521537         2.6027668146         1.8390393881
        0.1750026000         2.8400000000         1.4016475000         2.6053186920         1.7060647397
        0.1800021000         2.8400000000         1.3939905194         2.6027668146         1.5066027670
        0.1850051000         2.8400000000         1.4041998268         2.6155262019         1.7725520639
        0.1900022000         2.8400000000         1.4067521537         2.6206299568         1.8390393881
        0.1950036000         2.8400000000         1.4067521537         2.6257337117         1.8390393881
        0.2000029000         2.8400000000         1.3990951731         2.6359412215         1.6395774154
        0.2050025000         2.8400000000         1.4016475000         2.6410449765         1.7060647397
        0.2100015000         2.8400000000         1.4041998268         2.6487006088         1.7725520639
        0.2150018000         2.8400000000         1.3965428462         2.6461487314         1.5730900912
        0.2200012000         2.8400000000         1.4041998268         2.6665637511         1.7725520639
        0.2250022000         2.8400000000         1.3990951731         2.6665637511         1.6395774154
        0.2300016000         2.8400000000         1.4041998268         2.6742193834         1.7725520639
        0.2350037000         2.8400000000         1.4067521537         2.6793231383         1.8390393881
        0.2400029000         2.8400000000         1.4093044805         2.6869787707         1.9055267123
        0.2450050000         2.8400000000         1.4067521537         2.6946344031         1.8390393881
        0.2500029000         2.8400000000         1.4041998268         2.7022900355         1.7725520639
        0.2550025000         2.8400000000         1.4144091342         2.7150494228         2.0385013608
        0.2600014000         2.8400000000         1.3990951731         2.7073937904         1.6395774154
        0.2650033000         2.8400000000         1.4093044805         2.7303606875         1.9055267123
        0.2700026000         2.8400000000         1.4195137880         2.7329125650         2.1714760092
        0.2750370000         2.8400000000         1.4016475000         2.7303606875         1.7060647397
        0.2800041000         2.8400000000         1.4016475000         2.7405681974         1.7060647397
        0.2850036000         2.8400000000         1.4093044805         2.7533275847         1.9055267123
        0.2900031000         2.8400000000         1.4041998268         2.7507757072         1.7725520639
        0.2950035000         2.8400000000         1.4067521537         2.7660869720         1.8390393881
        0.3000041000         2.8400000000         1.4041998268         2.7635350945         1.7725520639
        0.3050811000         2.8400000000         1.4067521537         2.7762944818         1.8390393881
        0.3100028000         2.8400000000         1.4016475000         2.7839501142         1.7060647397
        0.3150024000         2.8400000000         1.4118568074         2.7941576240         1.9720140366
        0.3200025000         2.8400000000         1.4067521537         2.7967095015         1.8390393881
        0.3250018000         2.8400000000         1.3965428462         2.8018132564         1.5730900912
        0.3300029000         2.8400000000         1.4016475000         2.8120207662         1.7060647397
        0.3350029000         2.8400000000         1.4067521537         2.8196763986         1.8390393881
        0.3400026000         2.8400000000         1.3888858657         2.8247801535         1.3736281185
        0.3450021000         2.8400000000         1.4067521537         2.8298839084         1.8390393881
        0.3500030000         2.8400000000         1.4118568074         2.8451951732         1.9720140366
        0.3550016000         2.8400000000         1.4041998268         2.8451951732         1.7725520639
        0.3600029000         2.8400000000         1.4016475000         2.8477470506         1.7060647397
        0.3650038000         2.8400000000         1.4041998268         2.8630583154         1.7725520639
        0.3700030000         2.8400000000         1.4041998268         2.8681620703         1.7725520639
        0.3750025000         2.8400000000         1.4041998268         2.8707139478         1.7725520639
        0.3800073000         2.8400000000         1.3965428462         2.8732658252         1.5730900912
        0.3853034000         2.8400000000         1.4067521537         2.8885770900         1.8390393881
        0.3900113000         2.8400000000         1.4144091342         2.8936808449         2.0385013608
        0.3953309000         2.8400000000         1.4118568074         2.9089921097         1.9720140366
        0.4000055000         2.8400000000         1.4016475000         2.9013364773         1.7060647397
        0.4050049000         2.8400000000         1.4067521537         2.9064402322         1.8390393881
        0.4100037000         2.8400000000         1.4093044805         2.9217514970         1.9055267123
        0.4150082000         2.8400000000         1.4144091342         2.9345108842         2.0385013608
        0.4200066000         2.8400000000         1.4093044805         2.9345108842         1.9055267123
        0.4250164000         2.8400000000         1.3965428462         2.9370627617         1.5730900912
        0.4300052000         2.8400000000         1.4169614611         2.9574777814         2.1049886850
        0.4350046000         2.8400000000         1.4041998268         2.9574777814         1.7725520639
        0.4400133000         2.8400000000         1.4067521537         2.9651334138         1.8390393881
        0.4450036000         2.8400000000         1.4041998268         2.9727890461         1.7725520639
        0.4500034000         2.8400000000         1.4016475000         2.9702371687         1.7060647397
        0.4550045000         2.8400000000         1.4041998268         2.9778928011         1.7725520639
        0.4600061000         2.8400000000         1.4067521537         2.9855484334         1.8390393881
        0.4650047000         2.8400000000         1.4067521537         2.9957559433         1.8390393881
        0.4700029000         2.8400000000         1.4093044805         3.0059634531         1.9055267123
        0.4750022000         2.8400000000         1.4041998268         3.0059634531         1.7725520639
        0.4800019000         2.8400000000         1.4093044805         3.0238265953         1.9055267123
        0.4850011000         2.8400000000         1.4041998268         3.0263784728         1.7725520639
        0.4900028000         2.8400000000         1.4144091342         3.0365859826         2.0385013608
        0.4950020000         2.8400000000         1.4067521537         3.0416897375         1.8390393881
        0.5000027000         2.8400000000         1.4118568074         3.0493453699         1.9720140366
        0.5050020000         2.8400000000         1.4041998268         3.0544491248         1.7725520639
        0.5100036000         2.8400000000         1.4118568074         3.0646566347         1.9720140366
        0.5150022000         2.8400000000         1.4169614611         3.0723122670         2.1049886850
        0.5200042000         2.8400000000         1.4067521537         3.0748641445         1.8390393881
        0.5250026000         2.8400000000         1.4067521537         3.0825197769         1.8390393881
        0.5300037000         2.8400000000         1.4118568074         3.0978310416         1.9720140366
        0.5350023000         2.8400000000         1.4067521537         3.1029347965         1.8390393881
        0.5400017000         2.8400000000         1.4118568074         3.1080385515         1.9720140366
        0.5450013000         2.8400000000         1.4093044805         3.1182460613         1.9055267123
        0.5500071000         2.8400000000         1.4169614611         3.1335573261         2.1049886850
        0.5550040000         2.8400000000         1.4246184417         3.1412129584         2.3044506577
        0.5600047000         2.8400000000         1.4220661148         3.1412129584         2.2379633335
        0.5650048000         2.8400000000         1.4169614611         3.1514204683         2.1049886850
        0.5700029000         2.8400000000         1.4169614611         3.1565242232         2.1049886850
        0.5750020000         2.8400000000         1.4144091342         3.1616279781         2.0385013608
        0.5800032000         2.8400000000         1.4093044805         3.1667317330         1.9055267123
        0.5850031000         2.8400000000         1.4118568074         3.1794911203         1.9720140366
        0.5900023000         2.8400000000         1.4220661148         3.1871467527         2.2379633335
        0.5950015000         2.8400000000         1.4195137880         3.1973542625         2.1714760092
        0.6000026000         2.8400000000         1.4195137880         3.1999061400         2.1714760092
        0.6050025000         2.8400000000         1.4195137880         3.2126655273         2.1714760092
        0.6100025000         2.8400000000         1.4093044805         3.2126655273         1.9055267123
        0.6150021000         2.8400000000         1.4144091342         3.2279767920         2.0385013608
        0.6200035000         2.8400000000         1.4169614611         3.2330805470         2.1049886850
        0.6250029000         2.8400000000         1.4118568074         3.2432880568         1.9720140366
        0.6300053000         2.8400000000         1.4195137880         3.2585993215         2.1714760092
        0.6350039000         2.8400000000         1.4195137880         3.2585993215         2.1714760092
        0.6400057000         2.8400000000         1.4067521537         3.2611511990         1.8390393881
        0.6450016000         2.8400000000         1.4271707685         3.2790143412         2.3709379819
        0.6500026000         2.8400000000         1.4067521537         3.2815662187         1.8390393881
        0.6550023000         2.8400000000         1.4195137880         3.2892218510         2.1714760092
        0.6600037000         2.8400000000         1.4067521537         3.2968774834         1.8390393881
        0.6650043000         2.8400000000         1.4169614611         3.3045331158         2.1049886850
        0.6700025000         2.8400000000         1.4041998268         3.3121887482         1.7725520639
        0.6750017000         2.8400000000         1.4169614611         3.3249481355         2.1049886850
        0.6800032000         2.8400000000         1.4118568074         3.3275000129         1.9720140366
        0.6850036000         2.8400000000         1.4169614611         3.3377075228         2.1049886850
        0.6900049000         2.8400000000         1.4169614611         3.3504669101         2.1049886850
        0.6950026000         2.8400000000         1.4220661148         3.3555706650         2.2379633335
        0.7000074000         2.8400000000         1.4195137880         3.3581225424         2.1714760092
        0.7050110000         2.8400000000         1.4195137880         3.3657781748         2.1714760092
        0.7100054000         2.8400000000         1.4246184417         3.3683300523         2.3044506577
        0.7150029000         2.8400000000         1.4067521537         3.3759856847         1.8390393881
        0.7200025000         2.8400000000         1.4093044805         3.3810894396         1.9055267123
        0.7250024000         2.8400000000         1.4246184417         3.4040563367         2.3044506577
        0.7300130000         2.8400000000         1.4169614611         3.4117119691         2.1049886850
        0.7350026000         2.8400000000         1.4195137880         3.4142638465         2.1714760092
        0.7400020000         2.8400000000         1.4169614611         3.4270232338         2.1049886850
        0.7450032000         2.8400000000         1.4144091342         3.4295751113         2.0385013608
        0.7500110000         2.8400000000         1.4195137880         3.4448863760         2.1714760092
        0.7550037000         2.8400000000         1.4118568074         3.4448863760         1.9720140366
        0.7600209000         2.8400000000         1.4246184417         3.4601976408         2.3044506577
        0.7650040000         2.8400000000         1.4169614611         3.4653013957         2.1049886850
        0.7700031000         2.8400000000         1.4195137880         3.4755089056         2.1714760092
        0.7750038000         2.8400000000         1.4093044805         3.4704051506         1.9055267123
        0.7800057000         2.8400000000         1.4220661148         3.4908201703         2.2379633335
        0.7850040000         2.8400000000         1.4195137880         3.4959239252         2.1714760092
        0.7900057000         2.8400000000         1.4169614611         3.5061314351         2.1049886850
        0.7950058000         2.8400000000         1.4118568074         3.5137870674         1.9720140366
        0.8000036000         2.8400000000         1.4144091342         3.5137870674         2.0385013608
        0.8050030000         2.8400000000         1.4093044805         3.5188908224         1.9055267123
        0.8100016000         2.8400000000         1.4093044805         3.5290983322         1.9055267123
        0.8150039000         2.8400000000         1.3990951731         3.5290983322         1.6395774154
        0.8200020000         2.8400000000         1.4169614611         3.5469614744         2.1049886850
        0.8250029000         2.8400000000         1.4144091342         3.5520652293         2.0385013608
        0.8300028000         2.8400000000         1.4067521537         3.5495133519         1.8390393881
        0.8350038000         2.8400000000         1.4169614611         3.5699283715         2.1049886850
        0.8400029000         2.8400000000         1.4118568074         3.5750321265         1.9720140366
        0.8450051000         2.8400000000         1.4144091342         3.5826877588         2.0385013608
        0.8500048000         2.8400000000         1.4067521537         3.5852396363         1.8390393881
        0.8550024000         2.8400000000         1.4144091342         3.5954471461         2.0385013608
        0.8600013000         2.8400000000         1.4118568074         3.6056546560         1.9720140366
        0.8650031000         2.8400000000         1.4093044805         3.6056546560         1.9055267123
        0.8700031000         2.8400000000         1.4118568074         3.6133102883         1.9720140366
        0.8750056000         2.8400000000         1.4041998268         3.6209659207         1.7725520639
        0.8800035000         2.8400000000         1.4220661148         3.6362771855         2.2379633335
        0.8850059000         2.8400000000         1.4144091342         3.6439328179         2.0385013608
        0.8900039000         2.8400000000         1.4220661148         3.6566922051         2.2379633335
        0.8950059000         2.8400000000         1.4220661148         3.6668997150         2.2379633335
        0.9000040000         2.8400000000         1.4169614611         3.6668997150         2.1049886850
        0.9050064000         2.8400000000         1.4220661148         3.6771072248         2.2379633335
        0.9100031000         2.8400000000         1.4195137880         3.6873147347         2.1714760092
        0.9150071000         2.8400000000         1.4093044805         3.6873147347         1.9055267123
        0.9200047000         2.8400000000         1.4118568074         3.6949703670         1.9720140366
        0.9250034000         2.8400000000         1.4041998268         3.7026259994         1.7725520639
        0.9300037000         2.8400000000         1.4271707685         3.7230410191         2.3709379819
        0.9350027000         2.8400000000         1.4067521537         3.7179372642         1.8390393881
        0.9400021000         2.8400000000         1.4118568074         3.7306966515         1.9720140366
        0.9450031000         2.8400000000         1.4093044805         3.7383522838         1.9055267123
        0.9500027000         2.8400000000         1.4041998268         3.7383522838         1.7725520639
        0.9550028000         2.8400000000         1.4169614611         3.7587673035         2.1049886850
        0.9600021000         2.8400000000         1.4169614611         3.7664229359         2.1049886850
        0.9650035000         2.8400000000         1.4016475000         3.7664229359         1.7060647397
        0.9700026000         2.8400000000         1.4144091342         3.7715266908         2.0385013608
        0.9750036000         2.8400000000         1.4118568074         3.7842860781         1.9720140366
        0.9800036000         2.8400000000         1.4041998268         3.7868379556         1.7725520639
        0.9850051000         2.8400000000         1.4118568074         3.7970454654         1.9720140366
        0.9900025000         2.8400000000         1.4169614611         3.8098048527         2.1049886850
        0.9950025000         2.8400000000         1.4067521537         3.8047010978         1.8390393881
        1.0000030000         2.8400000000         1.4093044805         3.8200123625         1.9055267123
        1.0050053000         2.8400000000         1.4093044805         3.8276679949         1.9055267123
        1.0100031000         2.8400000000         1.4093044805         3.8353236273         1.9055267123
        1.0150486000         2.8400000000         1.4067521537         3.8429792597         1.8390393881
        1.0200028000         2.8400000000         1.4169614611         3.8557386469         2.1049886850
        1.0250060000         2.8400000000         1.4195137880         3.8633942793         2.1714760092
        1.0300028000         2.8400000000         1.4093044805         3.8659461568         1.9055267123
        1.0350030000         2.8400000000         1.4144091342         3.8736017892         2.0385013608
        1.0400025000         2.8400000000         1.4220661148         3.8863611765         2.2379633335
        1.0450050000         2.8400000000         1.4067521537         3.8812574215         1.8390393881
        1.0500024000         2.8400000000         1.4220661148         3.8965686863         2.2379633335
        1.0550048000         2.8400000000         1.4093044805         3.9042243187         1.9055267123
        1.0600050000         2.8400000000         1.4169614611         3.9093280736         2.1049886850
        1.0650047000         2.8400000000         1.4144091342         3.9144318285         2.0385013608
        1.0700028000         2.8400000000         1.4118568074         3.9246393383         1.9720140366
        1.0750033000         2.8400000000         1.4144091342         3.9322949707         2.0385013608
        1.0800028000         2.8400000000         1.4169614611         3.9399506031         2.1049886850
        1.0850046000         2.8400000000         1.4195137880         3.9552618679         2.1714760092
        1.0900026000         2.8400000000         1.4093044805         3.9527099904         1.9055267123
        1.0950099000         2.8400000000         1.4246184417         3.9680212551         2.3044506577
        1.1000026000         2.8400000000         1.4144091342         3.9756768875         2.0385013608
        1.1050014000         2.8400000000         1.4118568074         3.9807806424         1.9720140366
        1.1100028000         2.8400000000         1.4093044805         3.9884362748         1.9055267123
        1.1150016000         2.8400000000         1.4195137880         3.9986437847         2.1714760092
        1.1200101000         2.8400000000         1.4144091342         4.0037475396         2.0385013608
        1.1250067000         2.8400000000         1.4118568074         4.0062994170         1.9720140366
        1.1300057000         2.8400000000         1.4297230954         4.0267144367         2.4374253062
        1.1350068000         2.8400000000         1.4144091342         4.0267144367         2.0385013608
        1.1400055000         2.8400000000         1.4220661148         4.0420257015         2.2379633335
        1.1450413000         2.8400000000         1.4144091342         4.0420257015         2.0385013608
        1.1500033000         2.8400000000         1.4093044805         4.0445775789         1.9055267123
        1.1550036000         2.8400000000         1.4093044805         4.0598888437         1.9055267123
        1.1600026000         2.8400000000         1.4118568074         4.0649925986         1.9720140366
        1.1650146000         2.8400000000         1.4169614611         4.0752001084         2.1049886850
        1.1700021000         2.8400000000         1.4220661148         4.0752001084         2.2379633335
        1.1750034000         2.8400000000         1.4067521537         4.0854076183         1.8390393881
        1.1800030000         2.8400000000         1.4195137880         4.1007188830         2.1714760092
        1.1850035000         2.8400000000         1.4118568074         4.0981670056         1.9720140366
        1.1900023000         2.8400000000         1.4144091342         4.1109263928         2.0385013608
        1.1950037000         2.8400000000         1.4093044805         4.1134782703         1.9055267123
        1.2000023000         2.8400000000         1.4195137880         4.1262376576         2.1714760092
        1.2050023000         2.8400000000         1.4169614611         4.1415489224         2.1049886850
        1.2100014000         2.8400000000         1.4144091342         4.1466526773         2.0385013608
        1.2150036000         2.8400000000         1.4144091342         4.1492045547         2.0385013608
        1.2200045000         2.8400000000         1.4144091342         4.1594120646         2.0385013608
        1.2250825000         2.8400000000         1.4093044805         4.1670676969         1.9055267123
        1.2300044000         2.8400000000         1.4169614611         4.1798270842         2.1049886850
        1.2350042000         2.8400000000         1.4041998268         4.1772752068         1.7725520639
        1.2400048000         2.8400000000         1.4118568074         4.1823789617         1.9720140366
        1.2450024000         2.8400000000         1.4169614611         4.1951383490         2.1049886850
        1.2500031000         2.8400000000         1.4144091342         4.2104496138         2.0385013608
        1.2550033000         2.8400000000         1.4169614611         4.2181052461         2.1049886850
        1.2600027000         2.8400000000         1.4067521537         4.2181052461         1.8390393881
        1.2650030000         2.8400000000         1.4041998268         4.2181052461         1.7725520639
        1.2700018000         2.8400000000         1.4169614611         4.2308646334         2.1049886850
        1.2750039000         2.8400000000         1.4169614611         4.2410721433         2.1049886850
        1.2800036000         2.8400000000         1.4016475000         4.2436240207         1.7060647397
        1.2850028000         2.8400000000         1.4144091342         4.2640390404         2.0385013608
        1.2900026000         2.8400000000         1.4016475000         4.2589352855         1.7060647397
        1.2950047000         2.8400000000         1.4195137880         4.2742465502         2.1714760092
        1.3000034000         2.8400000000         1.4067521537         4.2793503051         1.8390393881
        1.3050026000         2.8400000000         1.4067521537         4.2870059375         1.8390393881
        1.3100020000         2.8400000000         1.4067521537         4.2946615699         1.8390393881
        1.3150034000         2.8400000000         1.4169614611         4.3048690797         2.1049886850
        1.3200026000         2.8400000000         1.4093044805         4.3048690797         1.9055267123
        1.3250024000         2.8400000000         1.4067521537         4.3099728347         1.8390393881
        1.3300031000         2.8400000000         1.3990951731         4.3201803445         1.6395774154
        1.3350026000         2.8400000000         1.4093044805         4.3303878543         1.9055267123
        1.3400013000         2.8400000000         1.4067521537         4.3329397318         1.8390393881
        1.3450031000         2.8400000000         1.4169614611         4.3508028740         2.1049886850
        1.3500048000         2.8400000000         1.4144091342         4.3559066289         2.0385013608
        1.3550165000         2.8400000000         1.4067521537         4.3610103838         1.8390393881
        1.3600027000         2.8400000000         1.4067521537         4.3686660162         1.8390393881
        1.3650028000         2.8400000000         1.4195137880         4.3814254035         2.1714760092
        1.3700070000         2.8400000000         1.4093044805         4.3839772810         1.9055267123
        1.3750045000         2.8400000000         1.4144091342         4.3992885457         2.0385013608
        1.3800038000         2.8400000000         1.4041998268         4.3916329133         1.7725520639
        1.3850017000         2.8400000000         1.4093044805         4.4069441781         1.9055267123
        1.3900039000         2.8400000000         1.4195137880         4.4197035654         2.1714760092
        1.3950052000         2.8400000000         1.4144091342         4.4248073203         2.0385013608
        1.4000037000         2.8400000000         1.4093044805         4.4248073203         1.9055267123
        1.4050035000         2.8400000000         1.4067521537         4.4350148301         1.8390393881
        1.4100027000         2.8400000000         1.4067521537         4.4401185851         1.8390393881
        1.4150051000         2.8400000000         1.4067521537         4.4452223400         1.8390393881
        1.4200076000         2.8400000000         1.4118568074         4.4528779724         1.9720140366
        1.4250055000         2.8400000000         1.4118568074         4.4656373597         1.9720140366
        1.4300055000         2.8400000000         1.4220661148         4.4809486244         2.2379633335
        1.4350769000         2.8400000000         1.4144091342         4.4809486244         2.0385013608
        1.4400058000         2.8400000000         1.4067521537         4.4860523793         1.8390393881
        1.4450650000         2.8400000000         1.4144091342         4.4962598892         2.0385013608
        1.4500032000         2.8400000000         1.4016475000         4.5013636441         1.7060647397
        1.4550014000         2.8400000000         1.4195137880         4.5141230314         2.1714760092
        1.4600023000         2.8400000000         1.4118568074         4.5217786637         1.9720140366
        1.4650015000         2.8400000000         1.4144091342         4.5319861736         2.0385013608
        1.4700013000         2.8400000000         1.4195137880         4.5447455609         2.1714760092
        1.4750034000         2.8400000000         1.4118568074         4.5472974383         1.9720140366
        1.4800031000         2.8400000000         1.3837812120         4.5472974383         1.2406534701
        1.4850013000         2.8400000000         1.4169614611         4.5626087031         2.1049886850
        1.4900048000         2.8400000000         1.4067521537         4.5651605806         1.8390393881
        1.4950029000         2.8400000000         1.4041998268         4.5728162129         1.7725520639
        1.5000042000         2.8400000000         1.4067521537         4.5804718453         1.8390393881
        1.5050027000         2.8400000000         1.4118568074         4.6008868650         1.9720140366
        1.5100054000         2.8400000000         1.4144091342         4.6034387424         2.0385013608
        1.5150029000         2.8400000000         1.4220661148         4.6085424974         2.2379633335
        1.5200053000         2.8400000000         1.4118568074         4.6187500072         1.9720140366
        1.5250026000         2.8400000000         1.4144091342         4.6289575170         2.0385013608
        1.5300036000         2.8400000000         1.4067521537         4.6340612719         1.8390393881
        1.5350037000         2.8400000000         1.4041998268         4.6391650269         1.7725520639
        1.5400033000         2.8400000000         1.4067521537         4.6493725367         1.8390393881
        1.5450018000         2.8400000000         1.4016475000         4.6519244142         1.7060647397
        1.5500021000         2.8400000000         1.4016475000         4.6519244142         1.7060647397
        1.5550021000         2.8400000000         1.4016475000         4.6595800465         1.7060647397
        1.5600035000         2.8400000000         1.3863335388         4.6672356789         1.3071407943
        1.5650026000         2.8400000000         1.3990951731         4.6774431887         1.6395774154
        1.5700038000         2.8400000000         1.4067521537         4.6825469437         1.8390393881
        1.5750050000         2.8400000000         1.3990951731         4.6902025760         1.6395774154
        1.5800030000         2.8400000000         1.4093044805         4.7055138408         1.9055267123
        1.5850034000         2.8400000000         1.4067521537         4.7106175957         1.8390393881
        1.5900023000         2.8400000000         1.3990951731         4.7106175957         1.6395774154
        1.5950019000         2.8400000000         1.4169614611         4.7284807379         2.1049886850
        1.6000034000         2.8400000000         1.4093044805         4.7310326154         1.9055267123
        1.6050025000         2.8400000000         1.4067521537         4.7412401252         1.8390393881
        1.6100022000         2.8400000000         1.4093044805         4.7488957576         1.9055267123
        1.6150022000         2.8400000000         1.4041998268         4.7514476351         1.7725520639
        1.6200023000         2.8400000000         1.4093044805         4.7642070224         1.9055267123
        1.6250023000         2.8400000000         1.4144091342         4.7769664097         2.0385013608
        1.6300046000         2.8400000000         1.4016475000         4.7718626547         1.7060647397
        1.6350019000         2.8400000000         1.4169614611         4.7922776744         2.1049886850
        1.6400057000         2.8400000000         1.4041998268         4.7922776744         1.7725520639
        1.6450029000         2.8400000000         1.4067521537         4.8024851842         1.8390393881
        1.6500051000         2.8400000000         1.4144091342         4.8152445715         2.0385013608
        1.6550032000         2.8400000000         1.4169614611         4.8101408166         2.1049886850
        1.6600035000         2.8400000000         1.4118568074         4.8280039588         1.9720140366
        1.6650035000         2.8400000000         1.4169614611         4.8356595912         2.1049886850
        1.6700037000         2.8400000000         1.4093044805         4.8407633461         1.9055267123
        1.6750018000         2.8400000000         1.4195137880         4.8484189785         2.1714760092
        1.6800028000         2.8400000000         1.4118568074         4.8535227334         1.9720140366
        1.6850023000         2.8400000000         1.4067521537         4.8586264883         1.8390393881
        1.6900028000         2.8400000000         1.4067521537         4.8713858756         1.8390393881
        1.6950020000         2.8400000000         1.4118568074         4.8790415080         1.9720140366
        1.7000027000         2.8400000000         1.4067521537         4.8841452629         1.8390393881
        1.7050020000         2.8400000000         1.4067521537         4.8866971404         1.8390393881
        1.7100024000         2.8400000000         1.4067521537         4.8969046502         1.8390393881
        1.7150029000         2.8400000000         1.4016475000         4.8994565277         1.7060647397
        1.7200053000         2.8400000000         1.4093044805         4.9198715474         1.9055267123
        1.7250091000         2.8400000000         1.4067521537         4.9249753023         1.8390393881
        1.7300054000         2.8400000000         1.4093044805         4.9402865670         1.9055267123
        1.7350050000         2.8400000000         1.4220661148         4.9453903219         2.2379633335
        1.7400092000         2.8400000000         1.4093044805         4.9555978318         1.9055267123
        1.7450033000         2.8400000000         1.4144091342         4.9607015867         2.0385013608
        1.7500039000         2.8400000000         1.4041998268         4.9632534642         1.7725520639
        1.7550020000         2.8400000000         1.4016475000         4.9709090965         1.7060647397
        1.7600048000         2.8400000000         1.4041998268         4.9709090965         1.7725520639
        1.7650024000         2.8400000000         1.4118568074         4.9836684838         1.9720140366
        1.7700035000         2.8400000000         1.4041998268         4.9836684838         1.7725520639
        1.7750013000         2.8400000000         1.4118568074         4.9964278711         1.9720140366
        1.7800013000         2.8400000000         1.4067521537         5.0066353810         1.8390393881
        1.7850027000         2.8400000000         1.4169614611         5.0117391359         2.1049886850
        1.7900021000         2.8400000000         1.4169614611         5.0117391359         2.1049886850
        1.7950019000         2.8400000000         1.4118568074         5.0142910133         1.9720140366
        1.8000015000         2.8400000000         1.4067521537         5.0015316260         1.8390393881
        1.8050036000         2.8400000000         1.4144091342         5.0142910133         2.0385013608
        1.8100027000         2.8400000000         1.4041998268         5.0040835035         1.7725520639
        1.8150032000         2.8400000000         1.4195137880         5.0142910133         2.1714760092
        1.8200032000         2.8400000000         1.4144091342         5.0066353810         2.0385013608
        1.8250019000         2.8400000000         1.4016475000         5.0015316260         1.7060647397
        1.8300021000         2.8400000000         1.4144091342         5.0066353810         2.0385013608
        1.8350027000         2.8400000000         1.4067521537         5.0066353810         1.8390393881
        1.8400013000         2.8400000000         1.4195137880         5.0117391359         2.1714760092
        1.8450052000         2.8400000000         1.4067521537         5.0015316260         1.8390393881
        1.8500028000         2.8400000000         1.4041998268         4.9989797486         1.7725520639
        1.8550045000         2.8400000000         1.4195137880         5.0117391359         2.1714760092
        1.8600034000         2.8400000000         1.4169614611         5.0015316260         2.1049886850
        1.8650032000         2.8400000000         1.4118568074         1.1073666236         1.9720140366
        1.8700015000         2.8400000000         1.4041998268         1.1073666236         1.7725520639
        1.8750024000         2.8400000000         1.4067521537         1.1175741334         1.8390393881
        1.8800034000         2.8400000000         1.4220661148         1.1201260109         2.2379633335
        1.8850051000         2.8400000000         1.4093044805         1.1073666236         1.9055267123
        1.8900028000         2.8400000000         1.4093044805         1.1073666236         1.9055267123
        1.8950024000         2.8400000000         1.4220661148         1.1150222560         2.2379633335
        1.9000026000         2.8400000000         1.4169614611         1.1099185011         2.1049886850
        1.9050037000         2.8400000000         1.4067521537         0.0049555613         1.8390393881
        1.9100035000         2.8400000000         1.4118568074        -0.0052519485         1.9720140366
        1.9150053000         2.8400000000         1.4195137880        -0.0001481936         2.1714760092
        1.9200040000         2.8400000000         1.3965428462        -0.0052519485         1.5730900912
        1.9250036000         2.8400000000         1.4169614611        -0.0001481936         2.1049886850
        1.9300044000         2.8400000000         1.4093044805         0.0024036839         1.9055267123
        1.9350027000         2.8400000000         1.4169614611        -0.0001481936         2.1049886850
        1.9400014000         2.8400000000         1.4118568074         0.0024036839         1.9720140366
        1.9450036000         2.8400000000         1.3888858657         0.0024036839         1.3736281185
        1.9500032000         2.8400000000         1.4144091342        -0.0027000711         2.0385013608
        1.9550048000         2.8400000000         1.4118568074        -0.0001481936         1.9720140366
        1.9600025000         2.8400000000         1.4169614611         0.0024036839         2.1049886850
        1.9650048000         2.8400000000         1.4169614611         0.0024036839         2.1049886850
        1.9700030000         2.8400000000         1.4067521537        -0.0052519485         1.8390393881
        1.9750026000         2.8400000000         1.4220661148         0.0024036839         2.2379633335
        1.9800022000         2.8400000000         1.4169614611         0.0100593162         2.1049886850
        1.9850046000         2.8400000000         1.4144091342         0.0177149486         2.0385013608
        1.9900052000         2.8400000000         1.4144091342         0.0253705810         2.0385013608
        1.9950044000         2.8400000000         1.4144091342         0.0330262134         2.0385013608
        2.0000041000         2.8400000000         1.4144091342         0.0406818457         2.0385013608
        2.0050029000         2.8400000000         1.4271707685         0.0534412330         2.3709379819
        2.0100023000         2.8400000000         1.4169614611         0.0559931105         2.1049886850
        2.0150040000         2.8400000000         1.4067521537         0.0713043752         1.8390393881
        2.0200047000         2.8400000000         1.4220661148         0.0815118851         2.2379633335
        2.0250039000         2.8400000000         1.4271707685         0.0866156400         2.3709379819
        2.0300077000         2.8400000000         1.4144091342         0.0917193949         2.0385013608
        2.0350050000         2.8400000000         1.4169614611         0.0968231498         2.1049886850
        2.0400049000         2.8400000000         1.4169614611         0.1095825371         2.1049886850
        2.0450039000         2.8400000000         1.4144091342         0.1146862920         2.0385013608
        2.0500049000         2.8400000000         1.4271707685         0.1325494343         2.3709379819
        2.0550038000         2.8400000000         1.4195137880         0.1376531892         2.1714760092
        2.0600054000         2.8400000000         1.4118568074         0.1351013117         1.9720140366
        2.0650950000         2.8400000000         1.4144091342         0.1478606990         2.0385013608
        2.0700061000         2.8400000000         1.4118568074         0.1580682088         1.9720140366
        2.0750415000         2.8400000000         1.4144091342         0.1631719638         2.0385013608
        2.0800032000         2.8400000000         1.4093044805         0.1682757187         1.9055267123
        2.0850044000         2.8400000000         1.4195137880         0.1861388609         2.1714760092
        2.0900055000         2.8400000000         1.4169614611         0.1886907384         2.1049886850
        2.0950063000         2.8400000000         1.4093044805         0.1937944933         1.9055267123
        2.1000046000         2.8400000000         1.4246184417         0.2142095129         2.3044506577
        2.1050059000         2.8400000000         1.4169614611         0.2167613904         2.1049886850
        2.1100054000         2.8400000000         1.4195137880         0.2218651453         2.1714760092
        2.1150057000         2.8400000000         1.4067521537         0.2244170228         1.8390393881
        2.1200044000         2.8400000000         1.4118568074         0.2346245326         1.9720140366
        2.1250062000         2.8400000000         1.4093044805         0.2422801650         1.9055267123
        2.1300042000         2.8400000000         1.4041998268         0.2524876748         1.7725520639
        2.1350054000         2.8400000000         1.4271707685         0.2601433072         2.3709379819
        2.1400031000         2.8400000000         1.4144091342         0.2677989396         2.0385013608
        2.1450052000         2.8400000000         1.4169614611         0.2805583269         2.1049886850
        2.1500032000         2.8400000000         1.4144091342         0.2831102043         2.0385013608
        2.1550048000         2.8400000000         1.4169614611         0.2984214691         2.1049886850
        2.1600040000         2.8400000000         1.4195137880         0.3060771015         2.1714760092
        2.1650042000         2.8400000000         1.4195137880         0.3162846113         2.1714760092
        2.1700051000         2.8400000000         1.4093044805         0.3188364888         1.9055267123
        2.1750047000         2.8400000000         1.4220661148         0.3341477535         2.2379633335
        2.1800032000         2.8400000000         1.4118568074         0.3418033859         1.9720140366
        2.1850051000         2.8400000000         1.4169614611         0.3469071408         2.1049886850
        2.1900066000         2.8400000000         1.4169614611         0.3571146507         2.1049886850
        2.1950058000         2.8400000000         1.4144091342         0.3647702830         2.0385013608
        2.2000061000         2.8400000000         1.4195137880         0.3724259154         2.1714760092
        2.2050060000         2.8400000000         1.4169614611         0.3749777929         2.1049886850
        2.2100042000         2.8400000000         1.4246184417         0.3953928125         2.3044506577
        2.2150047000         2.8400000000         1.4169614611         0.3979446900         2.1049886850
        2.2200059000         2.8400000000         1.4016475000         0.4004965675         1.7060647397
        2.2250035000         2.8400000000         1.4195137880         0.4132559548         2.1714760092
        2.2300057000         2.8400000000         1.4067521537         0.4158078322         1.8390393881
        2.2350036000         2.8400000000         1.4220661148         0.4336709744         2.2379633335
        2.2400039000         2.8400000000         1.4169614611         0.4387747293         2.1049886850
        2.2450052000         2.8400000000         1.4169614611         0.4515341166         2.1049886850
        2.2500039000         2.8400000000         1.4246184417         0.4591897490         2.3044506577
        2.2550034000         2.8400000000         1.4118568074         0.4642935039         1.9720140366
        2.2600045000         2.8400000000         1.4118568074         0.4719491363         1.9720140366
        2.2650036000         2.8400000000         1.4118568074         0.4745010138         1.9720140366
        2.2700045000         2.8400000000         1.4195137880         0.4898122785         2.1714760092
        2.2750033000         2.8400000000         1.4118568074         0.4923641560         1.9720140366
        2.2800047000         2.8400000000         1.4118568074         0.5025716658         1.9720140366
        2.2850036000         2.8400000000         1.4169614611         0.5153310531         2.1049886850
        2.2900046000         2.8400000000         1.4220661148         0.5204348080         2.2379633335
        2.2950019000         2.8400000000         1.4093044805         0.5178829306         1.9055267123
        2.3000048000         2.8400000000         1.4169614611         0.5331941953         2.1049886850
        2.3050029000         2.8400000000         1.4169614611         0.5382979502         2.1049886850
        2.3100028000         2.8400000000         1.4144091342         0.5485054601         2.0385013608
        2.3150037000         2.8400000000         1.4093044805         0.5485054601         1.9055267123
        2.3200038000         2.8400000000         1.4144091342         0.5612648474         2.0385013608
        2.3250032000         2.8400000000         1.4093044805         0.5663686023         1.9055267123
        2.3300156000         2.8400000000         1.4246184417         0.5791279896         2.3044506577
        2.3350023000         2.8400000000         1.4093044805         0.5867836220         1.9055267123
        2.3400012000         2.8400000000         1.4169614611         0.5969911318         2.1049886850
        2.3450035000         2.8400000000         1.4169614611         0.6123023966         2.1049886850
        2.3500027000         2.8400000000         1.4246184417         0.6174061515         2.3044506577
        2.3550055000         2.8400000000         1.4144091342         0.6225099064         2.0385013608
        2.3600055000         2.8400000000         1.4144091342         0.6276136613         2.0385013608
        2.3650040000         2.8400000000         1.4195137880         0.6403730486         2.1714760092
        2.3700037000         2.8400000000         1.4093044805         0.6378211711         1.9055267123
        2.3750038000         2.8400000000         1.4195137880         0.6531324359         2.1714760092
        2.3800032000         2.8400000000         1.4118568074         0.6556843134         1.9720140366
        2.3850068000         2.8400000000         1.4093044805         0.6633399457         1.9055267123
        2.3900055000         2.8400000000         1.4067521537         0.6735474556         1.8390393881
        2.3950038000         2.8400000000         1.4067521537         0.6812030879         1.8390393881
        2.4000040000         2.8400000000         1.4093044805         0.6914105978         1.9055267123
        2.4050031000         2.8400000000         1.4195137880         0.6990662302         2.1714760092
        2.4100019000         2.8400000000         1.4144091342         0.7092737400         2.0385013608
        2.4150038000         2.8400000000         1.4246184417         0.7271368822         2.3044506577
        2.4200017000         2.8400000000         1.4118568074         0.7194812498         1.9720140366
        2.4250064000         2.8400000000         1.4169614611         0.7322406371         2.1049886850
        2.4300037000         2.8400000000         1.4195137880         0.7424481470         2.1714760092
        2.4350052000         2.8400000000         1.4169614611         0.7552075343         2.1049886850
        2.4400089000         2.8400000000         1.4144091342         0.7577594117         2.0385013608
        2.4450051000         2.8400000000         1.4118568074         0.7628631666         1.9720140366
        2.4500058000         2.8400000000         1.4016475000         0.7705187990         1.7060647397
        2.4550132000         2.8400000000         1.4067521537         0.7756225539         1.8390393881
        2.4600400000         2.8400000000         1.4093044805         0.7807263088         1.9055267123
        2.4650085000         2.8400000000         1.4067521537         0.7909338187         1.8390393881
        2.4700037000         2.8400000000         1.4220661148         0.8087969609         2.2379633335
        2.4750053000         2.8400000000         1.4144091342         0.8113488384         2.0385013608
        2.4800030000         2.8400000000         1.4220661148         0.8190044707         2.2379633335
        2.4850038000         2.8400000000         1.4195137880         0.8317638580         2.1714760092
        2.4900041000         2.8400000000         1.4271707685         0.8419713679         2.3709379819
        2.4950032000         2.8400000000         1.4144091342         0.8470751228         2.0385013608
        2.5000023000         2.8400000000         1.4041998268         0.8470751228         1.7725520639
        2.5050043000         2.8400000000         1.4144091342         0.8572826326         2.0385013608
        2.5100027000         2.8400000000         1.4067521537         0.8598345101         1.8390393881
        2.5150040000         2.8400000000         1.4118568074         0.8700420199         1.9720140366
        2.5200036000         2.8400000000         1.4118568074         0.8776976523         1.9720140366
        2.5250043000         2.8400000000         1.4093044805         0.8930089170         1.9055267123
        2.5300029000         2.8400000000         1.4246184417         0.9057683043         2.3044506577
        2.5350029000         2.8400000000         1.4118568074         0.9057683043         1.9720140366
        2.5400022000         2.8400000000         1.4067521537         0.9108720593         1.8390393881
        2.5450060000         2.8400000000         1.4169614611         0.9312870789         2.1049886850
        2.5500031000         2.8400000000         1.4144091342         0.9338389564         2.0385013608
        2.5550033000         2.8400000000         1.4169614611         0.9363908338         2.1049886850
        2.5600013000         2.8400000000         1.4144091342         0.9465983437         2.0385013608
        2.5650043000         2.8400000000         1.4195137880         0.9517020986         2.1714760092
        2.5700041000         2.8400000000         1.4093044805         0.9593577310         1.9055267123
        2.5750032000         2.8400000000         1.4093044805         0.9670133634         1.9055267123
        2.5800027000         2.8400000000         1.3939905194         0.9746689957         1.5066027670
        2.5850032000         2.8400000000         1.4144091342         0.9874283830         2.0385013608
        2.5900018000         2.8400000000         1.4144091342         0.9950840154         2.0385013608
        2.5950036000         2.8400000000         1.4144091342         1.0027396478         2.0385013608
        2.6000030000         2.8400000000         1.4093044805         1.0052915252         1.9055267123
        2.6050033000         2.8400000000         1.4067521537         1.0129471576         1.8390393881
        2.6100030000         2.8400000000         1.4144091342         1.0206027900         2.0385013608
        2.6151637000         2.8400000000         1.4246184417         1.0333621773         2.3044506577
        2.6200047000         2.8400000000         1.4067521537         1.0359140547         1.8390393881
        2.6250907000         2.8400000000         1.4093044805         1.0410178097         1.9055267123
        2.6300025000         2.8400000000         1.4220661148         1.0512253195         2.2379633335
        2.6350013000         2.8400000000         1.4118568074         1.0563290744         1.9720140366
        2.6400032000         2.8400000000         1.4093044805         1.0665365843         1.9055267123
        2.6450015000         2.8400000000         1.4067521537         1.0741922166         1.8390393881
        2.6500037000         2.8400000000         1.4169614611         1.0843997265         2.1049886850
        2.6550033000         2.8400000000         1.4169614611         1.0946072363         2.1049886850
        2.6600052000         2.8400000000         1.4220661148         1.1022628687         2.2379633335
        2.6650072000         2.8400000000         1.4016475000         1.0971591138         1.7060647397
        2.6700067000         2.8400000000         1.4169614611         1.1150222560         2.1049886850
        2.6750102000         2.8400000000         1.4067521537         1.1150222560         1.8390393881
        2.6800032000         2.8400000000         1.4144091342         1.1303335207         2.0385013608
        2.6850039000         2.8400000000         1.4144091342         1.1328853982         2.0385013608
        2.6900029000         2.8400000000         1.4144091342         1.1456447855         2.0385013608
        2.6950015000         2.8400000000         1.4067521537         1.1379891531         1.8390393881
        2.7000051000         2.8400000000         1.4118568074         1.1507485404         1.9720140366
        2.7050038000         2.8400000000         1.4144091342         1.1584041728         2.0385013608
        2.7100037000         2.8400000000         1.4067521537         1.1635079277         1.8390393881
        2.7150034000         2.8400000000         1.4041998268         1.1660598052         1.7725520639
        2.7200063000         2.8400000000         1.4093044805         1.1711635601         1.9055267123
        2.7250044000         2.8400000000         1.4118568074         1.1915785797         1.9720140366
        2.7300030000         2.8400000000         1.4118568074         1.1992342121         1.9720140366
        2.7350020000         2.8400000000         1.4348277491         1.2094417220         2.5703999546
        2.7400061000         2.8400000000         1.4118568074         1.2145454769         1.9720140366
        2.7461305000         2.8400000000         1.4093044805         1.2196492318         1.9055267123
        2.7500062000         2.8400000000         1.4093044805         1.2247529867         1.9055267123
        2.7550055000         2.8400000000         1.4093044805         1.2324086191         1.9055267123
        2.7600068000         2.8400000000         1.4144091342         1.2375123740         2.0385013608
        2.7650054000         2.8400000000         1.4041998268         1.2400642515         1.7725520639
        2.7700044000         2.8400000000         1.4016475000         1.2477198838         1.7060647397
        2.7750037000         2.8400000000         1.4093044805         1.2604792711         1.9055267123
        2.7800021000         2.8400000000         1.4144091342         1.2757905359         2.0385013608
        2.7850043000         2.8400000000         1.4041998268         1.2706867810         1.7725520639
        2.7900042000         2.8400000000         1.4067521537         1.2808942908         1.8390393881
        2.7950030000         2.8400000000         1.4144091342         1.2936536781         2.0385013608
        2.8000035000         2.8400000000         1.4144091342         1.3038611879         2.0385013608
        2.8050023000         2.8400000000         1.3990951731         1.2987574330         1.6395774154
        2.8100029000         2.8400000000         1.4093044805         1.3089649429         1.9055267123
        2.8150027000         2.8400000000         1.4067521537         1.3166205752         1.8390393881
        2.8200021000         2.8400000000         1.4093044805         1.3242762076         1.9055267123
        2.8250026000         2.8400000000         1.4093044805         1.3319318400         1.9055267123
        2.8300459000         2.8400000000         1.4016475000         1.3319318400         1.7060647397
        2.8350024000         2.8400000000         1.4271707685         1.3472431047         2.3709379819
        2.8400018000         2.8400000000         1.4144091342         1.3600024920         2.0385013608
        2.8450016000         2.8400000000         1.4041998268         1.3574506146         1.7725520639
        2.8500061000         2.8400000000         1.4118568074         1.3702100019         1.9720140366
        2.8550020000         2.8400000000         1.4067521537         1.3702100019         1.8390393881
        2.8600018000         2.8400000000         1.4118568074         1.3804175117         1.9720140366
        2.8650020000         2.8400000000         1.4093044805         1.3880731441         1.9055267123
        2.8700010000         2.8400000000         1.4144091342         1.4008325314         2.0385013608
        2.8750016000         2.8400000000         1.3990951731         1.3957287765         1.6395774154
        2.8800018000         2.8400000000         1.4067521537         1.4059362863         1.8390393881
        2.8850024000         2.8400000000         1.4144091342         1.4161437961         2.0385013608
        2.8900013000         2.8400000000         1.4093044805         1.4289031834         1.9055267123
        2.8950020000         2.8400000000         1.3990951731         1.4237994285         1.6395774154
        2.9000023000         2.8400000000         1.4016475000         1.4391106933         1.7060647397
        2.9050045000         2.8400000000         1.4093044805         1.4442144482         1.9055267123
        2.9100024000         2.8400000000         1.4093044805         1.4493182031         1.9055267123
        2.9150048000         2.8400000000         1.3990951731         1.4544219580         1.6395774154
        2.9200033000         2.8400000000         1.4016475000         1.4595257129         1.7060647397
        2.9250017000         2.8400000000         1.4041998268         1.4722851002         1.7725520639
        2.9300021000         2.8400000000         1.4016475000         1.4748369777         1.7060647397
        2.9350049000         2.8400000000         1.4118568074         1.4901482425         1.9720140366
        2.9400046000         2.8400000000         1.4067521537         1.5003557523         1.8390393881
        2.9450037000         2.8400000000         1.4118568074         1.5054595072         1.9720140366
        2.9500235000         2.8400000000         1.4144091342         1.5054595072         2.0385013608
        2.9550024000         2.8400000000         1.4016475000         1.5105632621         1.7060647397
        2.9600039000         2.8400000000         1.3939905194         1.5105632621         1.5066027670
        2.9650021000         2.8400000000         1.4093044805         1.5233226494         1.9055267123
        2.9700234000         2.8400000000         1.3965428462         1.5258745269         1.5730900912
        2.9750018000         2.8400000000         1.4093044805         1.5462895465         1.9055267123
        2.9800796000         2.8400000000         1.4093044805         1.5513933015         1.9055267123
        2.9850020000         2.8400000000         1.4067521537         1.5539451789         1.8390393881
        2.9900011000         2.8400000000         1.4144091342         1.5641526888         2.0385013608
        2.9950048000         2.8400000000         1.4016475000         1.5641526888         1.7060647397
        3.0000037000         2.8400000000         1.4016475000         1.5692564437         1.7060647397
        3.0050020000         2.8400000000         1.4093044805         1.5845677084         1.9055267123
        3.0100038000         2.8400000000         1.4118568074         1.5769120761         1.9720140366
        3.0150019000         2.8400000000         1.4067521537         1.5947752183         1.8390393881
        3.0200038000         2.8400000000         1.4144091342         1.6049827281         2.0385013608
        3.0250027000         2.8400000000         1.4144091342         1.6075346056         2.0385013608
        3.0300037000         2.8400000000         1.3990951731         1.6075346056         1.6395774154
        3.0350034000         2.8400000000         1.4067521537         1.6177421154         1.8390393881
        3.0400038000         2.8400000000         1.4093044805         1.6305015027         1.9055267123
        3.0450025000         2.8400000000         1.4041998268         1.6305015027         1.7725520639
        3.0500035000         2.8400000000         1.3990951731         1.6381571351         1.6395774154
        3.0550029000         2.8400000000         1.3990951731         1.6381571351         1.6395774154
        3.0600020000         2.8400000000         1.4067521537         1.6585721547         1.8390393881
        3.0650034000         2.8400000000         1.3965428462         1.6509165224         1.5730900912
        3.0700025000         2.8400000000         1.4093044805         1.6713315420         1.9055267123
        3.0750024000         2.8400000000         1.4016475000         1.6713315420         1.7060647397
        3.0800025000         2.8400000000         1.4118568074         1.6840909293         1.9720140366
        3.0850023000         2.8400000000         1.4016475000         1.6764352970         1.7060647397
        3.0900012000         2.8400000000         1.3914381925         1.6942984392         1.4401154427
        3.0950017000         2.8400000000         1.4118568074         1.7019540715         1.9720140366
        3.1000020000         2.8400000000         1.4093044805         1.7121615814         1.9055267123
        3.1050035000         2.8400000000         1.3965428462         1.7096097039         1.5730900912
        3.1100019000         2.8400000000         1.4041998268         1.7172653363         1.7725520639
        3.1150022000         2.8400000000         1.3914381925         1.7198172138         1.4401154427
        3.1200013000         2.8400000000         1.4067521537         1.7376803560         1.8390393881
        3.1250034000         2.8400000000         1.4041998268         1.7351284785         1.7725520639
        3.1300027000         2.8400000000         1.4041998268         1.7453359884         1.7725520639
        3.1350021000         2.8400000000         1.4041998268         1.7504397433         1.7725520639
        3.1400011000         2.8400000000         1.4093044805         1.7606472531         1.9055267123
        3.1450040000         2.8400000000         1.4067521537         1.7657510080         1.8390393881
        3.1500027000         2.8400000000         1.4041998268         1.7708547629         1.7725520639
        3.1553791000         2.8400000000         1.4041998268         1.7759585179         1.7725520639
        3.1600022000         2.8400000000         1.4041998268         1.7836141502         1.7725520639
        3.1650020000         2.8400000000         1.4118568074         1.7963735375         1.9720140366
        3.1700024000         2.8400000000         1.3990951731         1.7887179052         1.6395774154
        3.1750014000         2.8400000000         1.3939905194         1.7963735375         1.5066027670
        3.1800029000         2.8400000000         1.3990951731         1.8014772924         1.6395774154
        3.1850017000         2.8400000000         1.4016475000         1.8167885572         1.7060647397
        3.1900040000         2.8400000000         1.3965428462         1.8167885572         1.5730900912
        3.1950044000         2.8400000000         1.4067521537         1.8269960670         1.8390393881
        3.2000031000         2.8400000000         1.4067521537         1.8295479445         1.8390393881
        3.2050029000         2.8400000000         1.4144091342         1.8525148416         2.0385013608
        3.2100022000         2.8400000000         1.4041998268         1.8499629642         1.7725520639
        3.2150029000         2.8400000000         1.4093044805         1.8601704740         1.9055267123
        3.2200028000         2.8400000000         1.4067521537         1.8601704740         1.8390393881
        3.2250025000         2.8400000000         1.4016475000         1.8703779838         1.7060647397
        3.2300025000         2.8400000000         1.4067521537         1.8754817388         1.8390393881
        3.2350024000         2.8400000000         1.4016475000         1.8882411261         1.7060647397
        3.2400023000         2.8400000000         1.3990951731         1.8831373711         1.6395774154
        3.2450086000         2.8400000000         1.4016475000         1.8882411261         1.7060647397
        3.2500022000         2.8400000000         1.4093044805         1.9035523908         1.9055267123
        3.2550622000         2.8400000000         1.4041998268         1.9086561457         1.7725520639
        3.2600017000         2.8400000000         1.4169614611         1.9239674105         2.1049886850
        3.2650025000         2.8400000000         1.4016475000         1.9188636556         1.7060647397
        3.2700019000         2.8400000000         1.4067521537         1.9290711654         1.8390393881
        3.2750020000         2.8400000000         1.4067521537         1.9367267978         1.8390393881
        3.2800028000         2.8400000000         1.4093044805         1.9494861851         1.9055267123
        3.2850021000         2.8400000000         1.4067521537         1.9520380625         1.8390393881
        3.2900043000         2.8400000000         1.4220661148         1.9647974498         2.2379633335
        3.2950024000         2.8400000000         1.4093044805         1.9647974498         1.9055267123
        3.3000021000         2.8400000000         1.4118568074         1.9750049597         1.9720140366
        3.3050014000         2.8400000000         1.4093044805         1.9775568371         1.9055267123
        3.3100064000         2.8400000000         1.4067521537         1.9877643470         1.8390393881
        3.3150030000         2.8400000000         1.4195137880         2.0005237343         2.1714760092
        3.3200039000         2.8400000000         1.4144091342         2.0081793666         2.0385013608
        3.3250023000         2.8400000000         1.3990951731         2.0030756117         1.6395774154
        3.3300041000         2.8400000000         1.4041998268         2.0132831215         1.7725520639
        3.3350026000         2.8400000000         1.3965428462         2.0183868765         1.5730900912
        3.3400020000         2.8400000000         1.4169614611         2.0362500187         2.1049886850
        3.3450010000         2.8400000000         1.4195137880         2.0490094060         2.1714760092
        3.3500060000         2.8400000000         1.4348277491         2.0515612834         2.5703999546
        3.3550032000         2.8400000000         1.4093044805         2.0515612834         1.9055267123
        3.3600031000         2.8400000000         1.4093044805         2.0592169158         1.9055267123
        3.3650027000         2.8400000000         1.4093044805         2.0643206707         1.9055267123
        3.3700023000         2.8400000000         1.4093044805         2.0821838129         1.9055267123
        3.3750015000         2.8400000000         1.4093044805         2.0821838129         1.9055267123
        3.3800027000         2.8400000000         1.4169614611         2.0949432002         2.1049886850
        3.3850027000         2.8400000000         1.4067521537         2.0949432002         1.8390393881
        3.3900032000         2.8400000000         1.4041998268         2.0974950777         1.7725520639
        3.3950026000         2.8400000000         1.4041998268         2.1051507101         1.7725520639
        3.4000035000         2.8400000000         1.4067521537         2.1179100974         1.8390393881
        3.4050025000         2.8400000000         1.4067521537         2.1230138523         1.8390393881
        3.4100030000         2.8400000000         1.4067521537         2.1306694847         1.8390393881
        3.4150031000         2.8400000000         1.4118568074         2.1459807494         1.9720140366
        3.4200021000         2.8400000000         1.3965428462         2.1383251170         1.5730900912
        3.4250019000         2.8400000000         1.4067521537         2.1510845043         1.8390393881
        3.4300041000         2.8400000000         1.4041998268         2.1587401367         1.7725520639
        3.4350029000         2.8400000000         1.4144091342         2.1740514015         2.0385013608
        3.4400044000         2.8400000000         1.4041998268         2.1663957691         1.7725520639
        3.4450021000         2.8400000000         1.4067521537         2.1766032789         1.8390393881
        3.4500053000         2.8400000000         1.4093044805         2.1919145437         1.9055267123
        3.4550014000         2.8400000000         1.4118568074         2.1944664211         1.9720140366
        3.4600027000         2.8400000000         1.4041998268         2.1995701761         1.7725520639
        3.4650024000         2.8400000000         1.4067521537         2.2097776859         1.8390393881
        3.4700024000         2.8400000000         1.4016475000         2.2123295633         1.7060647397
        3.4750020000         2.8400000000         1.3990951731         2.2199851957         1.6395774154
        3.4800042000         2.8400000000         1.4118568074         2.2378483379         1.9720140366
        3.4885437000         2.8400000000         1.4144091342         2.2506077252         2.0385013608
        3.4900046000         2.8400000000         1.4093044805         2.2455039703         1.9055267123
        3.4950061000         2.8400000000         1.4144091342         2.2582633576         2.0385013608
        3.5000055000         2.8400000000         1.3990951731         2.2531596027         1.6395774154
        3.5050093000         2.8400000000         1.4041998268         2.2659189900         1.7725520639
        3.5100037000         2.8400000000         1.4016475000         2.2684708674         1.7060647397
        3.5150035000         2.8400000000         1.4067521537         2.2837821322         1.8390393881
        3.5200043000         2.8400000000         1.4041998268         2.2888858871         1.7725520639
        3.5250022000         2.8400000000         1.4041998268         2.2939896420         1.7725520639
        3.5300023000         2.8400000000         1.4016475000         2.3016452744         1.7060647397
        3.5350018000         2.8400000000         1.4016475000         2.3067490293         1.7060647397
        3.5400019000         2.8400000000         1.4041998268         2.3093009068         1.7725520639
        3.5450016000         2.8400000000         1.4041998268         2.3169565392         1.7725520639
        3.5500055000         2.8400000000         1.4067521537         2.3271640490         1.8390393881
        3.5550020000         2.8400000000         1.4041998268         2.3322678039         1.7725520639
        3.5600046000         2.8400000000         1.4067521537         2.3424753138         1.8390393881
        3.5650025000         2.8400000000         1.4067521537         2.3501309461         1.8390393881
        3.5700022000         2.8400000000         1.4041998268         2.3501309461         1.7725520639
        3.5750024000         2.8400000000         1.4041998268         2.3679940883         1.7725520639
        3.5800128000         2.8400000000         1.3990951731         2.3654422109         1.6395774154
        3.5850013000         2.8400000000         1.4041998268         2.3782015982         1.7725520639
        3.5900981000         2.8400000000         1.3965428462         2.3807534756         1.5730900912
        3.5950021000         2.8400000000         1.4093044805         2.3909609855         1.9055267123
        3.6000015000         2.8400000000         1.4041998268         2.3960647404         1.7725520639
        3.6050041000         2.8400000000         1.4067521537         2.4037203728         1.8390393881
        3.6100026000         2.8400000000         1.4016475000         2.4062722502         1.7060647397
        3.6150029000         2.8400000000         1.4041998268         2.4190316375         1.7725520639
        3.6200022000         2.8400000000         1.3965428462         2.4215835150         1.5730900912
        3.6250024000         2.8400000000         1.4067521537         2.4317910248         1.8390393881
        3.6300020000         2.8400000000         1.4093044805         2.4394466572         1.9055267123
        3.6350026000         2.8400000000         1.3863335388         2.4471022896         1.3071407943
        3.6400018000         2.8400000000         1.4041998268         2.4573097994         1.7725520639
        3.6450027000         2.8400000000         1.4144091342         2.4649654318         2.0385013608
        3.6500028000         2.8400000000         1.4041998268         2.4624135543         1.7725520639
        3.6550020000         2.8400000000         1.4067521537         2.4675173092         1.8390393881
        3.6600017000         2.8400000000         1.4067521537         2.4853804515         1.8390393881
        3.6650028000         2.8400000000         1.4067521537         2.4904842064         1.8390393881
        3.6700024000         2.8400000000         1.4169614611         2.5032435937         2.1049886850
        3.6750025000         2.8400000000         1.4195137880         2.5108992261         2.1714760092
        3.6800035000         2.8400000000         1.3965428462         2.5057954711         1.5730900912
        3.6850023000         2.8400000000         1.4144091342         2.5236586133         2.0385013608
        3.6900038000         2.8400000000         1.4067521537         2.5287623683         1.8390393881
        3.6950038000         2.8400000000         1.4093044805         2.5313142457         1.9055267123
        3.7000093000         2.8400000000         1.4093044805         2.5466255105         1.9055267123
        3.7050067000         2.8400000000         1.4067521537         2.5466255105         1.8390393881
        3.7100036000         2.8400000000         1.4118568074         2.5542811429         1.9720140366
        3.7150065000         2.8400000000         1.4041998268         2.5517292654         1.7725520639
        3.7200051000         2.8400000000         1.3990951731         2.5593848978         1.6395774154
        3.7250035000         2.8400000000         1.4067521537         2.5746961625         1.8390393881
        3.7300032000         2.8400000000         1.4016475000         2.5797999174         1.7060647397
        3.7350020000         2.8400000000         1.4220661148         2.5874555498         2.2379633335
        3.7400016000         2.8400000000         1.4016475000         2.5951111822         1.7060647397
        3.7450024000         2.8400000000         1.3990951731         2.5976630597         1.6395774154
        3.7500019000         2.8400000000         1.3965428462         2.6027668146         1.5730900912
        3.7550045000         2.8400000000         1.4067521537         2.6104224470         1.8390393881
        3.7600090000         2.8400000000         1.4118568074         2.6308374666         1.9720140366
        3.7650026000         2.8400000000         1.4093044805         2.6333893441         1.9055267123
        3.7700012000         2.8400000000         1.4093044805         2.6410449765         1.9055267123
        3.7750054000         2.8400000000         1.4016475000         2.6359412215         1.7060647397
        3.7800040000         2.8400000000         1.3965428462         2.6435968539         1.5730900912
        3.7850032000         2.8400000000         1.3965428462         2.6512524863         1.5730900912
        3.7900021000         2.8400000000         1.4041998268         2.6716675060         1.7725520639
        3.7950025000         2.8400000000         1.4093044805         2.6742193834         1.9055267123
        3.8000034000         2.8400000000         1.4169614611         2.6818750158         2.1049886850
        3.8050029000         2.8400000000         1.4067521537         2.6844268933         1.8390393881
        3.8100019000         2.8400000000         1.3965428462         2.6895306482         1.5730900912
        3.8150027000         2.8400000000         1.4144091342         2.7022900355         2.0385013608
        3.8200013000         2.8400000000         1.3990951731         2.6971862806         1.6395774154
        3.8250026000         2.8400000000         1.4118568074         2.7099456679         1.9720140366
        3.8300025000         2.8400000000         1.4016475000         2.7176013002         1.7060647397
        3.8350257000         2.8400000000         1.4016475000         2.7176013002         1.7060647397
        3.8400017000         2.8400000000         1.3965428462         2.7252569326         1.5730900912
        3.8454672000         2.8400000000         1.4041998268         2.7431200748         1.7725520639
        3.8500019000         2.8400000000         1.4041998268         2.7456719523         1.7725520639
        3.8550010000         2.8400000000         1.4067521537         2.7507757072         1.8390393881
        3.8600024000         2.8400000000         1.4093044805         2.7660869720         1.9055267123
        3.8650026000         2.8400000000         1.4041998268         2.7635350945         1.7725520639
        3.8700028000         2.8400000000         1.4016475000         2.7711907269         1.7060647397
        3.8750023000         2.8400000000         1.3965428462         2.7762944818         1.5730900912
        3.8800026000         2.8400000000         1.4169614611         2.7967095015         2.1049886850
        3.8850018000         2.8400000000         1.4067521537         2.7941576240         1.8390393881
        3.8900022000         2.8400000000         1.4093044805         2.8094688888         1.9055267123
        3.8950013000         2.8400000000         1.4041998268         2.8094688888         1.7725520639
        3.9000019000         2.8400000000         1.3914381925         2.8094688888         1.4401154427
        3.9050018000         2.8400000000         1.4041998268         2.8196763986         1.7725520639
        3.9100033000         2.8400000000         1.4118568074         2.8324357859         1.9720140366
        3.9150022000         2.8400000000         1.4093044805         2.8349876633         1.9055267123
        3.9200041000         2.8400000000         1.4118568074         2.8426432957         1.9720140366
        3.9250023000         2.8400000000         1.4118568074         2.8554026830         1.9720140366
        3.9300032000         2.8400000000         1.4016475000         2.8528508056         1.7060647397
        3.9350030000         2.8400000000         1.4041998268         2.8630583154         1.7725520639
        3.9400043000         2.8400000000         1.4118568074         2.8732658252         1.9720140366
        3.9450020000         2.8400000000         1.4067521537         2.8758177027         1.8390393881
        3.9500045000         2.8400000000         1.3863335388         2.8860252125         1.3071407943
        3.9550021000         2.8400000000         1.4067521537         2.8911289674         1.8390393881
        3.9600033000         2.8400000000         1.3939905194         2.8911289674         1.5066027670
        3.9650027000         2.8400000000         1.4016475000         2.9038883547         1.7060647397
        3.9700031000         2.8400000000         1.4093044805         2.9140958646         1.9055267123
        3.9750018000         2.8400000000         1.4093044805         2.9140958646         1.9055267123
        3.9800042000         2.8400000000         1.4169614611         2.9294071293         2.1049886850
        3.9850055000         2.8400000000         1.4016475000         2.9294071293         1.7060647397
        3.9900045000         2.8400000000         1.4169614611         2.9421665166         2.1049886850
        3.9950061000         2.8400000000         1.4093044805         2.9421665166         1.9055267123
