% Motor Sweep Step 146/180
% Vcmd       = 0.8500 [V]
% Direction  = CCW
% Zone       = OUTER
% Vg_offset  = 1.336155 [V]
% K_gimbal   = 26.049690 [(rad/s)/V]

Time[s]              Vcmd[V]              Vg_raw[V]            Pot[V]               Omega[rad/s]
        0.0000184000         0.8500000000         1.3352870017         1.9367267978        -0.0226056902
        0.0050086000         0.8500000000         1.3403916554         1.9392786752         0.1103689582
        0.0100041000         0.8500000000         1.3454963091         1.9392786752         0.2433436067
        0.0150086000         0.8500000000         1.1949090246         1.9188636556        -3.6794085227
        0.0200091000         0.8500000000         1.0162461446         1.8958967584        -8.3335212186
        0.0250130000         0.8500000000         1.0800543160         1.8703779838        -6.6713381129
        0.0300075000         0.8500000000         1.0111414909         1.8474110867        -8.4664958670
        0.0350062000         0.8500000000         0.9856182224         1.8014772924        -9.1313691093
        0.0400043000         0.8500000000         0.9167053972         1.7631991306       -10.9265268634
        0.0450062000         0.8500000000         0.9524379732         1.7300247236        -9.9957043242
        0.0500034000         0.8500000000         0.9013914361         1.6968503166       -11.3254508088
        0.0550083000         0.8500000000         0.8784204944         1.6458127674       -11.9238367268
        0.0600966000         0.8500000000         0.8656588601         1.6024308506       -12.2562733479
        0.0650084000         0.8500000000         0.8682111870         1.5513933015       -12.1897860237
        0.0700509000         0.8500000000         0.8528972258         1.5080113847       -12.5887099691
        0.0750088000         0.8500000000         0.8350309378         1.4518700806       -13.0541212387
        0.0800044000         0.8500000000         0.8350309378         1.4135919187       -13.0541212387
        0.0850084000         0.8500000000         0.8146123230         1.3600024920       -13.5860198325
        0.0900734000         0.8500000000         0.8095076693         1.3013093105       -13.7189944809
        0.0950082000         0.8500000000         0.7814320738         1.2426161289       -14.4503550474
        0.1000086000         0.8500000000         0.8171646498         1.2017860896       -13.5195325083
        0.1050064000         0.8500000000         0.7712227664         1.1430929080       -14.7163043443
        0.1100159000         0.8500000000         0.7839844007         1.0792959716       -14.3838677232
        0.1150083000         0.8500000000         0.7584611321         1.0359140547       -15.0487409655
        0.1200612000         0.8500000000         0.7712227664         0.9721171183       -14.7163043443
        0.1250064000         0.8500000000         0.7533564784         0.9108720593       -15.1817156139
        0.1300089000         0.8500000000         0.7610134590         0.8598345101       -14.9822536412
        0.1350085000         0.8500000000         0.7354901904         0.7883819412       -15.6471268835
        0.1400084000         0.8500000000         0.7380425173         0.7271368822       -15.5806395593
        0.1450293000         0.8500000000         0.7380425173         0.6709955781       -15.5806395593
        0.1500078000         0.8500000000         0.7329378636         0.6097505191       -15.7136142077
        0.1550035000         0.8500000000         0.7201762293         0.5459535826       -16.0460508289
        0.1601965000         0.8500000000         0.7278332099         0.4872604011       -15.8465888562
        0.1652742000         0.8500000000         0.7201762293         0.4132559548       -16.0460508289
        0.1701674000         0.8500000000         0.7329378636         0.3622184056       -15.7136142077
        0.1750042000         0.8500000000         0.7278332099         0.3009733466       -15.8465888562
        0.1800054000         0.8500000000         0.7278332099         0.2422801650       -15.8465888562
        0.1850065000         0.8500000000         0.7074145950         0.1708275961       -16.3784874500
        0.1900084000         0.8500000000         0.7176239024         0.0993750273       -16.1125381531
        0.1950060000         0.8500000000         0.6869959802         0.0330262134       -16.9103860438
        0.2000085000         0.8500000000         0.7303855367         0.0049555613       -15.7801015320
        0.2050123000         0.8500000000         0.6921006339         0.0024036839       -16.7774113954
        0.2100085000         0.8500000000         0.7201762293         1.1175741334       -16.0460508289
        0.2150192000         0.8500000000         0.6921006339         5.0066353810       -16.7774113954
        0.2200090000         0.8500000000         0.6921006339         5.0066353810       -16.7774113954
        0.2250087000         0.8500000000         0.6895483070         4.9479421994       -16.8438987196
        0.2300086000         0.8500000000         0.6895483070         4.8790415080       -16.8438987196
        0.2351712000         0.8500000000         0.6844436533         4.8101408166       -16.9768733680
        0.2400060000         0.8500000000         0.6844436533         4.7514476351       -16.9768733680
        0.2450097000         0.8500000000         0.6946529607         4.6902025760       -16.7109240711
        0.2500087000         0.8500000000         0.6818913264         4.6085424974       -17.0433606923
        0.2550044000         0.8500000000         0.6844436533         4.5498493158       -16.9768733680
        0.2600089000         0.8500000000         0.6869959802         4.4886042568       -16.9103860438
        0.2650049000         0.8500000000         0.6818913264         4.4145998105       -17.0433606923
        0.2700086000         0.8500000000         0.6869959802         4.3456991191       -16.9103860438
        0.2750053000         0.8500000000         0.6716820190         4.2793503051       -17.3093099892
        0.2800089000         0.8500000000         0.6895483070         4.2181052461       -16.8438987196
        0.2850049000         0.8500000000         0.6742343459         4.1492045547       -17.2428226649
        0.2900085000         0.8500000000         0.6665773653         4.0752001084       -17.4422846376
        0.2950060000         0.8500000000         0.6767866727         4.0216106818       -17.1763353407
        0.3000082000         0.8500000000         0.6742343459         3.9527099904       -17.2428226649
        0.3054581000         0.8500000000         0.6614727116         3.8659461568       -17.5752592861
        0.3100062000         0.8500000000         0.6589203847         3.8098048527       -17.6417466103
        0.3150065000         0.8500000000         0.6665773653         3.7460079162       -17.4422846376
        0.3200087000         0.8500000000         0.6614727116         3.6796591023       -17.5752592861
        0.3250094000         0.8500000000         0.6691296922         3.6158621658       -17.3757973134
        0.3300091000         0.8500000000         0.6563680579         3.5393058420       -17.7082339345
        0.3350050000         0.8500000000         0.6487110773         3.4780607830       -17.9076959072
        0.3400085000         0.8500000000         0.6640250384         3.4066082142       -17.5087719619
        0.3450098000         0.8500000000         0.6665773653         3.3351556453       -17.4422846376
        0.3500086000         0.8500000000         0.6512634042         3.2739105863       -17.8412085830
        0.3550094000         0.8500000000         0.6614727116         3.2024580174       -17.5752592861
        0.3600085000         0.8500000000         0.6487110773         3.1412129584       -17.9076959072
        0.3650052000         0.8500000000         0.6436064236         3.0621047572       -18.0406705557
        0.3700081000         0.8500000000         0.6563680579         3.0034115756       -17.7082339345
        0.3750052000         0.8500000000         0.6640250384         2.9370627617       -17.5087719619
        0.3800083000         0.8500000000         0.6410540967         2.8605064379       -18.1071578799
        0.3850050000         0.8500000000         0.6461587505         2.7941576240       -17.9741832314
        0.3900086000         0.8500000000         0.6589203847         2.7405681974       -17.6417466103
        0.3950060000         0.8500000000         0.6538157310         2.6716675060       -17.7747212588
        0.4000086000         0.8500000000         0.6512634042         2.5976630597       -17.8412085830
        0.4050093000         0.8500000000         0.6538157310         2.5287623683       -17.7747212588
        0.4100085000         0.8500000000         0.6461587505         2.4547579220       -17.9741832314
        0.4150071000         0.8500000000         0.6410540967         2.3884091080       -18.1071578799
        0.4200088000         0.8500000000         0.6512634042         2.3246121715       -17.8412085830
        0.4252166000         0.8500000000         0.6487110773         2.2506077252       -17.9076959072
        0.4300093000         0.8500000000         0.6614727116         2.1944664211       -17.5752592861
        0.4351783000         0.8500000000         0.6538157310         2.1179100974       -17.7747212588
        0.4400085000         0.8500000000         0.6487110773         2.0515612834       -17.9076959072
        0.4454974000         0.8500000000         0.6410540967         1.9724530822       -18.1071578799
        0.4500043000         0.8500000000         0.6257401356         1.9137599006       -18.5060818253
        0.4550086000         0.8500000000         0.6512634042         1.8448592093       -17.8412085830
        0.4600088000         0.8500000000         0.6538157310         1.7836141502       -17.7747212588
        0.4650088000         0.8500000000         0.6385017699         1.7070578265       -18.1736452041
        0.4700089000         0.8500000000         0.6512634042         1.6509165224       -17.8412085830
        0.4750089000         0.8500000000         0.6385017699         1.5794639535       -18.1736452041
        0.4800049000         0.8500000000         0.6538157310         1.5054595072       -17.7747212588
        0.4850087000         0.8500000000         0.6487110773         1.4442144482       -17.9076959072
        0.4900046000         0.8500000000         0.6461587505         1.3753137568       -17.9741832314
        0.4950047000         0.8500000000         0.6538157310         1.2987574330       -17.7747212588
        0.5000086000         0.8500000000         0.6359494430         1.2375123740       -18.2401325283
        0.5050026000         0.8500000000         0.6436064236         1.1635079277       -18.0406705557
        0.5100086000         0.8500000000         0.6385017699         1.1022628687       -18.1736452041
        0.5150065000         0.8500000000         0.6538157310         1.0308102998       -17.7747212588
        0.5200086000         0.8500000000         0.6563680579         0.9542539761       -17.7082339345
        0.5251186000         0.8500000000         0.6282924625         0.8828014072       -18.4395945010
        0.5300086000         0.8500000000         0.6436064236         0.8113488384       -18.0406705557
        0.5350211000         0.8500000000         0.6206354819         0.7322406371       -18.6390564737
        0.5400088000         0.8500000000         0.6512634042         0.6760993330       -17.8412085830
        0.5450562000         0.8500000000         0.6436064236         0.5944392543       -18.0406705557
        0.5500086000         0.8500000000         0.6333971162         0.5229866855       -18.3066198526
        0.5552813000         0.8500000000         0.6436064236         0.4591897490       -18.0406705557
        0.5600046000         0.8500000000         0.6436064236         0.3902890576       -18.0406705557
        0.5650045000         0.8500000000         0.6410540967         0.3188364888       -18.1071578799
        0.5700090000         0.8500000000         0.6512634042         0.2397282875       -17.8412085830
        0.5750083000         0.8500000000         0.6308447893         0.1708275961       -18.3731071768
        0.5800047000         0.8500000000         0.6461587505         0.0891675175       -17.9741832314
        0.5850091000         0.8500000000         0.6231878087         0.0228187035       -18.5725691495
        0.5900047000         0.8500000000         0.6538157310         0.0024036839       -17.7747212588
        0.5950040000         0.8500000000         0.6410540967         1.1048147461       -18.1071578799
        0.6000035000         0.8500000000         0.6487110773         5.0040835035       -17.9076959072
        0.6050026000         0.8500000000         0.6410540967         5.0066353810       -18.1071578799
        0.6100040000         0.8500000000         0.6410540967         4.9760128515       -18.1071578799
        0.6150086000         0.8500000000         0.6461587505         4.9045602826       -17.9741832314
        0.6200075000         0.8500000000         0.6461587505         4.8382114687       -17.9741832314
        0.6250087000         0.8500000000         0.6487110773         4.7591032674       -17.9076959072
        0.6300049000         0.8500000000         0.6410540967         4.6850988211       -18.1071578799
        0.6350083000         0.8500000000         0.6436064236         4.6110943748       -18.0406705557
        0.6400088000         0.8500000000         0.6385017699         4.5319861736       -18.1736452041
        0.6450083000         0.8500000000         0.6461587505         4.4758448695       -17.9741832314
        0.6500089000         0.8500000000         0.6487110773         4.4018404232       -17.9076959072
        0.6550046000         0.8500000000         0.6385017699         4.3278359769       -18.1736452041
        0.6600040000         0.8500000000         0.6410540967         4.2563834080       -18.1071578799
        0.6650087000         0.8500000000         0.6589203847         4.1874827166       -17.6417466103
        0.6700042000         0.8500000000         0.6512634042         4.1236857801       -17.8412085830
        0.6750088000         0.8500000000         0.6461587505         4.0445775789       -17.9741832314
        0.6800072000         0.8500000000         0.6308447893         3.9782287650       -18.3731071768
        0.6850086000         0.8500000000         0.6487110773         3.9093280736       -17.9076959072
        0.6900060000         0.8500000000         0.6231878087         3.8353236273       -18.5725691495
        0.6950089000         0.8500000000         0.6410540967         3.7715266908       -18.1071578799
        0.7000075000         0.8500000000         0.6282924625         3.7000741219       -18.4395945010
        0.7050087000         0.8500000000         0.6385017699         3.6235177982       -18.1736452041
        0.7100050000         0.8500000000         0.6461587505         3.5622727392       -17.9741832314
        0.7150084000         0.8500000000         0.6282924625         3.4933720478       -18.4395945010
        0.7200085000         0.8500000000         0.6333971162         3.4168157240       -18.3066198526
        0.7250083000         0.8500000000         0.6410540967         3.3530187875       -18.1071578799
        0.7300054000         0.8500000000         0.6410540967         3.2892218510       -18.1071578799
        0.7350083000         0.8500000000         0.6461587505         3.2177692822       -17.9741832314
        0.7400053000         0.8500000000         0.6589203847         3.1565242232       -17.6417466103
        0.7450084000         0.8500000000         0.6282924625         3.0697603896       -18.4395945010
        0.7500097000         0.8500000000         0.6410540967         3.0059634531       -18.1071578799
        0.7550033000         0.8500000000         0.6538157310         2.9345108842       -17.7747212588
        0.7600093000         0.8500000000         0.6385017699         2.8707139478       -18.1736452041
        0.7650083000         0.8500000000         0.6487110773         2.8069170113       -17.9076959072
        0.7700053000         0.8500000000         0.6385017699         2.7329125650       -18.1736452041
        0.7750083000         0.8500000000         0.6333971162         2.6691156285       -18.3066198526
        0.7800046000         0.8500000000         0.6410540967         2.5925593047       -18.1071578799
        0.7850084000         0.8500000000         0.6385017699         2.5262104908       -18.1736452041
        0.7900047000         0.8500000000         0.6487110773         2.4624135543       -17.9076959072
        0.7950085000         0.8500000000         0.6385017699         2.3884091080       -18.1736452041
        0.8000055000         0.8500000000         0.6206354819         2.3144046617       -18.6390564737
        0.8050089000         0.8500000000         0.6461587505         2.2506077252       -17.9741832314
        0.8100084000         0.8500000000         0.6436064236         2.1817070338       -18.0406705557
        0.8150084000         0.8500000000         0.6461587505         2.1000469552       -17.9741832314
        0.8200046000         0.8500000000         0.6385017699         2.0388018961       -18.1736452041
        0.8250086000         0.8500000000         0.6333971162         1.9673493273       -18.3066198526
        0.8300083000         0.8500000000         0.6359494430         1.9010005134       -18.2401325283
        0.8350087000         0.8500000000         0.6282924625         1.8244441896       -18.4395945010
        0.8400061000         0.8500000000         0.6385017699         1.7606472531       -18.1736452041
        0.8450087000         0.8500000000         0.6436064236         1.7019540715       -18.0406705557
        0.8500104000         0.8500000000         0.6385017699         1.6305015027       -18.1736452041
        0.8550120000         0.8500000000         0.6385017699         1.5564970564       -18.1736452041
        0.8600108000         0.8500000000         0.6257401356         1.4850444875       -18.5060818253
        0.8650103000         0.8500000000         0.6410540967         1.4135919187       -18.1071578799
        0.8700101000         0.8500000000         0.6308447893         1.3421393498       -18.3731071768
        0.8750123000         0.8500000000         0.6538157310         1.2885499232       -17.7747212588
        0.8800094000         0.8500000000         0.6359494430         1.2145454769       -18.2401325283
        0.8850084000         0.8500000000         0.6282924625         1.1354372756       -18.4395945010
        0.8900044000         0.8500000000         0.6385017699         1.0639847068       -18.1736452041
        0.8950084000         0.8500000000         0.6385017699         1.0052915252       -18.1736452041
        0.9000084000         0.8500000000         0.6308447893         0.9261833240       -18.3731071768
        0.9050083000         0.8500000000         0.6410540967         0.8496270002       -18.1071578799
        0.9100046000         0.8500000000         0.6180831550         0.7807263088       -18.7055437979
        0.9150085000         0.8500000000         0.6410540967         0.7169293724       -18.1071578799
        0.9200047000         0.8500000000         0.6308447893         0.6454768035       -18.3731071768
        0.9250084000         0.8500000000         0.6512634042         0.5740242347       -17.8412085830
        0.9300065000         0.8500000000         0.6257401356         0.5025716658       -18.5060818253
        0.9350087000         0.8500000000         0.6512634042         0.4311190970       -17.8412085830
        0.9400085000         0.8500000000         0.6257401356         0.3520108957       -18.5060818253
        0.9450089000         0.8500000000         0.6461587505         0.2933177142       -17.9741832314
        0.9500047000         0.8500000000         0.6436064236         0.2065538806       -18.0406705557
        0.9550085000         0.8500000000         0.6333971162         0.1402050666       -18.3066198526
        0.9600082000         0.8500000000         0.6589203847         0.0662006203       -17.6417466103
        0.9650085000         0.8500000000         0.6308447893        -0.0052519485       -18.3731071768
        0.9700045000         0.8500000000         0.6385017699         0.0024036839       -18.1736452041
        0.9750086000         0.8500000000         0.6487110773         1.1277816433       -17.9076959072
        0.9800041000         0.8500000000         0.6410540967         4.9989797486       -18.1071578799
        0.9850086000         0.8500000000         0.6410540967         5.0066353810       -18.1071578799
        0.9900973000         0.8500000000         0.6410540967         4.9504940769       -18.1071578799
        0.9950045000         0.8500000000         0.6308447893         4.8713858756       -18.3731071768
        1.0000108000         0.8500000000         0.6333971162         4.7948295519       -18.3066198526
        1.0050087000         0.8500000000         0.6385017699         4.7284807379       -18.1736452041
        1.0100060000         0.8500000000         0.6333971162         4.6519244142       -18.3066198526
        1.0150092000         0.8500000000         0.6410540967         4.5855756002       -18.1071578799
        1.0200048000         0.8500000000         0.6257401356         4.5064673990       -18.5060818253
        1.0250088000         0.8500000000         0.6512634042         4.4503260949       -17.8412085830
        1.0300056000         0.8500000000         0.6359494430         4.3712178937       -18.2401325283
        1.0350087000         0.8500000000         0.6461587505         4.3023172023       -17.9741832314
        1.0400073000         0.8500000000         0.6333971162         4.2206571236       -18.3066198526
        1.0450051000         0.8500000000         0.6410540967         4.1594120646       -18.1071578799
        1.0501431000         0.8500000000         0.6385017699         4.0930632506       -18.1736452041
        1.0550087000         0.8500000000         0.6436064236         4.0190588043       -18.0406705557
        1.0600042000         0.8500000000         0.6410540967         3.9552618679       -18.1071578799
        1.0650086000         0.8500000000         0.6538157310         3.8838092990       -17.7747212588
        1.0700966000         0.8500000000         0.6410540967         3.8123567301       -18.1071578799
        1.0750090000         0.8500000000         0.6308447893         3.7383522838       -18.3731071768
        1.0800093000         0.8500000000         0.6385017699         3.6643478375       -18.1736452041
        1.0850087000         0.8500000000         0.6512634042         3.6005509010       -17.8412085830
        1.0900090000         0.8500000000         0.6333971162         3.5367539646       -18.3066198526
        1.0950046000         0.8500000000         0.6461587505         3.4678532732       -17.9741832314
        1.1000085000         0.8500000000         0.6308447893         3.3912969494       -18.3731071768
        1.1050041000         0.8500000000         0.6359494430         3.3275000129       -18.2401325283
        1.1100087000         0.8500000000         0.6333971162         3.2585993215       -18.3066198526
        1.1150061000         0.8500000000         0.6487110773         3.1871467527       -17.9076959072
        1.1200088000         0.8500000000         0.6410540967         3.1259016937       -18.1071578799
        1.1250051000         0.8500000000         0.6512634042         3.0570010023       -17.8412085830
        1.1300093000         0.8500000000         0.6333971162         2.9855484334       -18.3066198526
        1.1350044000         0.8500000000         0.6359494430         2.9115439871       -18.2401325283
        1.1400036000         0.8500000000         0.6282924625         2.8349876633       -18.4395945010
        1.1450043000         0.8500000000         0.6385017699         2.7762944818       -18.1736452041
        1.1500025000         0.8500000000         0.6461587505         2.7048419129       -17.9741832314
        1.1550053000         0.8500000000         0.6333971162         2.6410449765       -18.3066198526
        1.1600049000         0.8500000000         0.6436064236         2.5593848978       -18.0406705557
        1.1650039000         0.8500000000         0.6282924625         2.4904842064       -18.4395945010
        1.1700033000         0.8500000000         0.6308447893         2.4215835150       -18.3731071768
        1.1750029000         0.8500000000         0.6359494430         2.3526828236       -18.2401325283
        1.1800029000         0.8500000000         0.6308447893         2.2888858871       -18.3731071768
        1.1850052000         0.8500000000         0.6308447893         2.2174333183       -18.3731071768
        1.1900076000         0.8500000000         0.6385017699         2.1459807494       -18.1736452041
        1.1950052000         0.8500000000         0.6282924625         2.0821838129       -18.4395945010
        1.2000044000         0.8500000000         0.6385017699         2.0005237343       -18.1736452041
        1.2050040000         0.8500000000         0.6359494430         1.9392786752       -18.2401325283
        1.2100020000         0.8500000000         0.6436064236         1.8754817388       -18.0406705557
        1.2150100000         0.8500000000         0.6333971162         1.8040291699       -18.3066198526
        1.2200045000         0.8500000000         0.6308447893         1.7274728461       -18.3731071768
        1.2250068000         0.8500000000         0.6359494430         1.6687796646       -18.2401325283
        1.2300058000         0.8500000000         0.6308447893         1.5947752183       -18.3731071768
        1.2350062000         0.8500000000         0.6385017699         1.5233226494       -18.1736452041
        1.2400055000         0.8500000000         0.6180831550         1.4569738355       -18.7055437979
        1.2450030000         0.8500000000         0.6206354819         1.3880731441       -18.6390564737
        1.2500047000         0.8500000000         0.6333971162         1.3089649429       -18.3066198526
        1.2550028000         0.8500000000         0.6333971162         1.2451680064       -18.3066198526
        1.2600066000         0.8500000000         0.6410540967         1.1788191925       -18.1071578799
        1.2650080000         0.8500000000         0.6308447893         1.1124703785       -18.3731071768
        1.2703919000         0.8500000000         0.6333971162         1.0231546675       -18.3066198526
        1.2750067000         0.8500000000         0.6308447893         0.9644614859       -18.3731071768
        1.2800035000         0.8500000000         0.6231878087         0.8930089170       -18.5725691495
        1.2850046000         0.8500000000         0.6385017699         0.8139007158       -18.1736452041
        1.2900024000         0.8500000000         0.6206354819         0.7526556568       -18.6390564737
        1.2950084000         0.8500000000         0.6333971162         0.6684437007       -18.3066198526
        1.3000068000         0.8500000000         0.6308447893         0.6046467642       -18.3731071768
        1.3050089000         0.8500000000         0.6308447893         0.5306423179       -18.3731071768
        1.3100045000         0.8500000000         0.6385017699         0.4668453814       -18.1736452041
        1.3150040000         0.8500000000         0.6359494430         0.3902890576       -18.2401325283
        1.3200023000         0.8500000000         0.6410540967         0.3213883662       -18.1071578799
        1.3250078000         0.8500000000         0.6282924625         0.2371764101       -18.4395945010
        1.3300047000         0.8500000000         0.6231878087         0.1682757187       -18.5725691495
        1.3350041000         0.8500000000         0.6487110773         0.0942712724       -17.9076959072
        1.3400020000         0.8500000000         0.6257401356         0.0253705810       -18.5060818253
        1.3450056000         0.8500000000         0.6461587505         0.0100593162       -17.9741832314
        1.3500028000         0.8500000000         0.6180831550         1.0971591138       -18.7055437979
        1.3550049000         0.8500000000         0.6410540967         5.0117391359       -18.1071578799
        1.3600044000         0.8500000000         0.6282924625         5.0015316260       -18.4395945010
        1.3650038000         0.8500000000         0.6385017699         4.9785647289       -18.1736452041
        1.3700021000         0.8500000000         0.6308447893         4.8943527728       -18.3731071768
        1.3750051000         0.8500000000         0.6206354819         4.8229002039       -18.6390564737
        1.3800045000         0.8500000000         0.6410540967         4.7565513900       -18.1071578799
        1.3850044000         0.8500000000         0.6359494430         4.6774431887       -18.2401325283
        1.3900024000         0.8500000000         0.6385017699         4.6034387424       -18.1736452041
        1.3950080000         0.8500000000         0.6461587505         4.5396418060       -17.9741832314
        1.4000136000         0.8500000000         0.6333971162         4.4656373597       -18.3066198526
        1.4050052000         0.8500000000         0.6333971162         4.3890810359       -18.3066198526
        1.4100039000         0.8500000000         0.6333971162         4.3176284670       -18.3066198526
        1.4150081000         0.8500000000         0.6385017699         4.2512796531       -18.1736452041
        1.4200177000         0.8500000000         0.6333971162         4.1696195744       -18.3066198526
        1.4250032000         0.8500000000         0.6308447893         4.1032707605       -18.3731071768
        1.4300040000         0.8500000000         0.6333971162         4.0343700691       -18.3066198526
        1.4350022000         0.8500000000         0.6180831550         3.9552618679       -18.7055437979
        1.4400040000         0.8500000000         0.6487110773         3.8940168088       -17.9076959072
        1.4450057000         0.8500000000         0.6385017699         3.8251161174       -18.1736452041
        1.4500049000         0.8500000000         0.6308447893         3.7562154260       -18.3731071768
        1.4550085000         0.8500000000         0.6231878087         3.6796591023       -18.5725691495
        1.4600081000         0.8500000000         0.6385017699         3.6184140433       -18.1736452041
        1.4650042000         0.8500000000         0.6308447893         3.5444095970       -18.3731071768
        1.4700084000         0.8500000000         0.6206354819         3.4704051506       -18.6390564737
        1.4750054000         0.8500000000         0.6461587505         3.4091600916       -17.9741832314
        1.4800049000         0.8500000000         0.6308447893         3.3275000129       -18.3731071768
        1.4850068000         0.8500000000         0.6104261745         3.2560474441       -18.9050057706
        1.4900084000         0.8500000000         0.6385017699         3.1999061400       -18.1736452041
        1.4950088000         0.8500000000         0.6180831550         3.1182460613       -18.7055437979
        1.5000084000         0.8500000000         0.6308447893         3.0518972474       -18.3731071768
        1.5050043000         0.8500000000         0.6257401356         2.9727890461       -18.5060818253
        1.5100086000         0.8500000000         0.6333971162         2.9140958646       -18.3066198526
        1.5150093000         0.8500000000         0.6257401356         2.8502989281       -18.5060818253
        1.5200086000         0.8500000000         0.6257401356         2.7660869720       -18.5060818253
        1.5250054000         0.8500000000         0.6333971162         2.7022900355       -18.3066198526
        1.5300089000         0.8500000000         0.6308447893         2.6384930990       -18.3731071768
        1.5350092000         0.8500000000         0.6308447893         2.5568330203       -18.3731071768
        1.5400089000         0.8500000000         0.6359494430         2.4981398388       -18.2401325283
        1.5450041000         0.8500000000         0.6231878087         2.4164797601       -18.5725691495
        1.5500085000         0.8500000000         0.6333971162         2.3526828236       -18.3066198526
        1.5550090000         0.8500000000         0.6308447893         2.2837821322       -18.3731071768
        1.5600081000         0.8500000000         0.6436064236         2.2199851957       -18.0406705557
        1.5650084000         0.8500000000         0.6282924625         2.1434288720       -18.4395945010
        1.5700085000         0.8500000000         0.6231878087         2.0719763031       -18.5725691495
        1.5750046000         0.8500000000         0.6359494430         2.0030756117       -18.2401325283
        1.5800085000         0.8500000000         0.6206354819         1.9265192879       -18.6390564737
        1.5850044000         0.8500000000         0.6385017699         1.8678261064       -18.1736452041
        1.5900084000         0.8500000000         0.6231878087         1.7861660277       -18.5725691495
        1.5950093000         0.8500000000         0.6282924625         1.7249209687       -18.4395945010
        1.6000086000         0.8500000000         0.6333971162         1.6560202773       -18.3066198526
        1.6050059000         0.8500000000         0.6155308282         1.5820158310       -18.7720311222
        1.6100088000         0.8500000000         0.6385017699         1.5182188945       -18.1736452041
        1.6150029000         0.8500000000         0.6206354819         1.4467663256       -18.6390564737
        1.6200093000         0.8500000000         0.6257401356         1.3804175117       -18.5060818253
        1.6250095000         0.8500000000         0.6359494430         1.3038611879       -18.2401325283
        1.6300091000         0.8500000000         0.6129785013         1.2324086191       -18.8385184464
        1.6350048000         0.8500000000         0.6436064236         1.1711635601       -18.0406705557
        1.6400094000         0.8500000000         0.6282924625         1.0971591138       -18.4395945010
        1.6451700000         0.8500000000         0.6257401356         1.0206027900       -18.5060818253
        1.6500040000         0.8500000000         0.6206354819         0.9440464662       -18.6390564737
        1.6550092000         0.8500000000         0.6231878087         0.8828014072       -18.5725691495
        1.6600087000         0.8500000000         0.6333971162         0.8036932060       -18.3066198526
        1.6650096000         0.8500000000         0.6180831550         0.7271368822       -18.7055437979
        1.6700119000         0.8500000000         0.6257401356         0.6582361908       -18.5060818253
        1.6750100000         0.8500000000         0.6308447893         0.5867836220       -18.3731071768
        1.6800047000         0.8500000000         0.6359494430         0.5229866855       -18.2401325283
        1.6850087000         0.8500000000         0.6155308282         0.4387747293       -18.7720311222
        1.6900049000         0.8500000000         0.6385017699         0.3698740379       -18.1736452041
        1.6950089000         0.8500000000         0.6257401356         0.2984214691       -18.5060818253
        1.7000052000         0.8500000000         0.6410540967         0.2295207777       -18.1071578799
        1.7050089000         0.8500000000         0.6180831550         0.1478606990       -18.7055437979
        1.7100049000         0.8500000000         0.6410540967         0.0789600076       -18.1071578799
        1.7150086000         0.8500000000         0.6180831550        -0.0001481936       -18.7055437979
        1.7200067000         0.8500000000         0.6333971162         0.0024036839       -18.3066198526
        1.7250084000         0.8500000000         0.6231878087         1.1124703785       -18.5725691495
        1.7300046000         0.8500000000         0.6231878087         4.9989797486       -18.5725691495
        1.7350026000         0.8500000000         0.6282924625         5.0091872584       -18.4395945010
        1.7400053000         0.8500000000         0.6308447893         4.9453903219       -18.3731071768
        1.7450070000         0.8500000000         0.6231878087         4.8764896306       -18.5725691495
        1.7500044000         0.8500000000         0.6257401356         4.7922776744       -18.5060818253
        1.7550088000         0.8500000000         0.6104261745         4.7259288605       -18.9050057706
        1.7600047000         0.8500000000         0.6359494430         4.6595800465       -18.2401325283
        1.7650083000         0.8500000000         0.6206354819         4.5779199678       -18.6390564737
        1.7700095000         0.8500000000         0.6308447893         4.5039155215       -18.3731071768
        1.7750083000         0.8500000000         0.6308447893         4.4350148301       -18.3731071768
        1.7800082000         0.8500000000         0.6180831550         4.3584585064       -18.7055437979
        1.7850085000         0.8500000000         0.6333971162         4.2946615699       -18.3066198526
        1.7900052000         0.8500000000         0.6231878087         4.2181052461       -18.5725691495
        1.7950083000         0.8500000000         0.6257401356         4.1389970449       -18.5060818253
        1.8000087000         0.8500000000         0.6282924625         4.0726482310       -18.4395945010
        1.8050090000         0.8500000000         0.6282924625         4.0114031719       -18.4395945010
        1.8100046000         0.8500000000         0.6308447893         3.9425024806       -18.3731071768
        1.8150083000         0.8500000000         0.6257401356         3.8659461568       -18.5060818253
        1.8200062000         0.8500000000         0.6282924625         3.7919417105       -18.4395945010
        1.8250082000         0.8500000000         0.6231878087         3.7204891416       -18.5725691495
        1.8300073000         0.8500000000         0.6206354819         3.6439328179       -18.6390564737
        1.8350082000         0.8500000000         0.6206354819         3.5750321265       -18.6390564737
        1.8400047000         0.8500000000         0.6206354819         3.5086833125       -18.6390564737
        1.8450085000         0.8500000000         0.6308447893         3.4372307437       -18.3731071768
        1.8500054000         0.8500000000         0.6282924625         3.3657781748       -18.4395945010
        1.8550085000         0.8500000000         0.6180831550         3.2917737285       -18.7055437979
        1.8600055000         0.8500000000         0.6180831550         3.2228730371       -18.7055437979
        1.8650084000         0.8500000000         0.6308447893         3.1565242232       -18.3731071768
        1.8700039000         0.8500000000         0.6231878087         3.0927272867       -18.5725691495
        1.8750084000         0.8500000000         0.6231878087         3.0085153306       -18.5725691495
        1.8800085000         0.8500000000         0.6282924625         2.9421665166       -18.4395945010
        1.8850083000         0.8500000000         0.6257401356         2.8707139478       -18.5060818253
        1.8900112000         0.8500000000         0.6308447893         2.8094688888       -18.3731071768
        1.8950122000         0.8500000000         0.6308447893         2.7380163199       -18.3731071768
        1.9000077000         0.8500000000         0.6104261745         2.6640118736       -18.9050057706
        1.9050093000         0.8500000000         0.6257401356         2.5900074273       -18.5060818253
        1.9100136000         0.8500000000         0.6257401356         2.5134511035       -18.5060818253
        1.9150122000         0.8500000000         0.6308447893         2.4573097994       -18.3731071768
        1.9200045000         0.8500000000         0.6308447893         2.3858572306       -18.3731071768
        1.9250022000         0.8500000000         0.6308447893         2.3220602941       -18.3731071768
        1.9300052000         0.8500000000         0.6231878087         2.2327445830       -18.5725691495
        1.9350031000         0.8500000000         0.6385017699         2.1663957691       -18.1736452041
        1.9400071000         0.8500000000         0.6333971162         2.1025988326       -18.3066198526
        1.9450040000         0.8500000000         0.6206354819         2.0209387539       -18.6390564737
        1.9500046000         0.8500000000         0.6180831550         1.9494861851       -18.7055437979
        1.9550023000         0.8500000000         0.6308447893         1.8933448810       -18.3731071768
        1.9600043000         0.8500000000         0.6308447893         1.8193404347       -18.3731071768
        1.9650022000         0.8500000000         0.6282924625         1.7478878658       -18.4395945010
        1.9700086000         0.8500000000         0.6078738476         1.6738834195       -18.9714930948
        1.9750029000         0.8500000000         0.6104261745         1.6075346056       -18.9050057706
        1.9800017000         0.8500000000         0.6359494430         1.5386339142       -18.2401325283
        1.9850031000         0.8500000000         0.6308447893         1.4671813453       -18.3731071768
        1.9901469000         0.8500000000         0.6206354819         1.3880731441       -18.6390564737
        1.9950037000         0.8500000000         0.6308447893         1.3344837175       -18.3731071768
        2.0000064000         0.8500000000         0.6206354819         1.2579273937       -18.6390564737
        2.0050035000         0.8500000000         0.6385017699         1.1890267023       -18.1736452041
        2.0100612000         0.8500000000         0.6308447893         1.1175741334       -18.3731071768
        2.0150033000         0.8500000000         0.6333971162         1.0537771970       -18.3066198526
        2.0200098000         0.8500000000         0.6333971162         0.9721171183       -18.3066198526
        2.0250106000         0.8500000000         0.6053215207         0.8930089170       -19.0379804191
        2.0300066000         0.8500000000         0.6308447893         0.8241082257       -18.3731071768
        2.0350098000         0.8500000000         0.6155308282         0.7577594117       -18.7720311222
        2.0400047000         0.8500000000         0.6385017699         0.6863068429       -18.1736452041
        2.0450153000         0.8500000000         0.6282924625         0.6199580289       -18.4395945010
        2.0500095000         0.8500000000         0.6231878087         0.5357460728       -18.5725691495
        2.0550083000         0.8500000000         0.6257401356         0.4668453814       -18.5060818253
        2.0600492000         0.8500000000         0.6282924625         0.3928409351       -18.4395945010
        2.0650084000         0.8500000000         0.6359494430         0.3290439986       -18.2401325283
        2.0700048000         0.8500000000         0.6385017699         0.2473839199       -18.1736452041
        2.0750089000         0.8500000000         0.6129785013         0.1682757187       -18.8385184464
        2.0800070000         0.8500000000         0.6308447893         0.0993750273       -18.3731071768
        2.0850158000         0.8500000000         0.6155308282         0.0253705810       -18.7720311222
        2.0900253000         0.8500000000         0.6257401356        -0.0052519485       -18.5060818253
        2.0950084000         0.8500000000         0.6231878087         0.0100593162       -18.5725691495
        2.1000042000         0.8500000000         0.6385017699         5.0040835035       -18.1736452041
        2.1050085000         0.8500000000         0.6282924625         5.0117391359       -18.4395945010
        2.1100489000         0.8500000000         0.6282924625         4.9785647289       -18.4395945010
        2.1150144000         0.8500000000         0.6282924625         4.8994565277       -18.4395945010
        2.1200095000         0.8500000000         0.6206354819         4.8177964490       -18.6390564737
        2.1250083000         0.8500000000         0.6333971162         4.7514476351       -18.3066198526
        2.1300049000         0.8500000000         0.6206354819         4.6697875564       -18.6390564737
        2.1350088000         0.8500000000         0.6282924625         4.5957831101       -18.4395945010
        2.1400043000         0.8500000000         0.6308447893         4.5243305412       -18.3731071768
        2.1450071000         0.8500000000         0.6180831550         4.4503260949       -18.7055437979
        2.1501215000         0.8500000000         0.6282924625         4.3763216486       -18.4395945010
        2.1550151000         0.8500000000         0.6385017699         4.3176284670       -18.1736452041
        2.1600154000         0.8500000000         0.6206354819         4.2410721433       -18.6390564737
        2.1650057000         0.8500000000         0.6257401356         4.1619639420       -18.5060818253
        2.1700167000         0.8500000000         0.6206354819         4.0930632506       -18.6390564737
        2.1750053000         0.8500000000         0.6308447893         4.0292663142       -18.3731071768
        2.1800110000         0.8500000000         0.6206354819         3.9527099904       -18.6390564737
        2.1850055000         0.8500000000         0.6333971162         3.8863611765       -18.3066198526
        2.1900088000         0.8500000000         0.6129785013         3.8123567301       -18.8385184464
        2.1950043000         0.8500000000         0.6257401356         3.7460079162       -18.5060818253
        2.2000086000         0.8500000000         0.6180831550         3.6745553474       -18.7055437979
        2.2050056000         0.8500000000         0.6231878087         3.5979990236       -18.5725691495
        2.2100086000         0.8500000000         0.6206354819         3.5265464547       -18.6390564737
        2.2150045000         0.8500000000         0.6155308282         3.4627495183       -18.7720311222
        2.2200089000         0.8500000000         0.6282924625         3.3938488269       -18.4395945010
        2.2250084000         0.8500000000         0.6231878087         3.3198443806       -18.5725691495
        2.2300090000         0.8500000000         0.6180831550         3.2483918117       -18.7055437979
        2.2350060000         0.8500000000         0.6282924625         3.1743873654       -18.4395945010
        2.2400081000         0.8500000000         0.6180831550         3.1054866740       -18.7055437979
        2.2450084000         0.8500000000         0.6155308282         3.0365859826       -18.7720311222
        2.2500082000         0.8500000000         0.6231878087         2.9727890461       -18.5725691495
        2.2550055000         0.8500000000         0.6333971162         2.9013364773       -18.3066198526
        2.2600094000         0.8500000000         0.6180831550         2.8145726437       -18.7055437979
        2.2650066000         0.8500000000         0.6155308282         2.7456719523       -18.7720311222
        2.2700125000         0.8500000000         0.6231878087         2.6742193834       -18.5725691495
        2.2750091000         0.8500000000         0.6078738476         2.6104224470       -18.9714930948
        2.2800130000         0.8500000000         0.6308447893         2.5466255105       -18.3731071768
        2.2850086000         0.8500000000         0.6333971162         2.4751729416       -18.3066198526
        2.2900115000         0.8500000000         0.6333971162         2.4011684953       -18.3066198526
        2.2950068000         0.8500000000         0.6180831550         2.3271640490       -18.7055437979
        2.3000090000         0.8500000000         0.6155308282         2.2557114802       -18.7720311222
        2.3050046000         0.8500000000         0.6282924625         2.1893626662       -18.4395945010
        2.3100083000         0.8500000000         0.6231878087         2.1128063424       -18.5725691495
        2.3150056000         0.8500000000         0.6206354819         2.0362500187       -18.6390564737
        2.3200083000         0.8500000000         0.6129785013         1.9673493273       -18.8385184464
        2.3250046000         0.8500000000         0.6206354819         1.9035523908       -18.6390564737
        2.3300088000         0.8500000000         0.6155308282         1.8244441896       -18.7720311222
        2.3350056000         0.8500000000         0.6231878087         1.7657510080       -18.5725691495
        2.3400088000         0.8500000000         0.6206354819         1.6917465617       -18.6390564737
        2.3450064000         0.8500000000         0.6129785013         1.6202939929       -18.8385184464
        2.3500084000         0.8500000000         0.6206354819         1.5488414240       -18.6390564737
        2.3550047000         0.8500000000         0.6155308282         1.4850444875       -18.7720311222
        2.3600087000         0.8500000000         0.6257401356         1.4059362863       -18.5060818253
        2.3650090000         0.8500000000         0.6104261745         1.3293799625       -18.9050057706
        2.3700086000         0.8500000000         0.6231878087         1.2732386584       -18.5725691495
        2.3750049000         0.8500000000         0.6206354819         1.1915785797       -18.6390564737
        2.3800086000         0.8500000000         0.6078738476         1.1226778884       -18.9714930948
        2.3850035000         0.8500000000         0.6231878087         1.0512253195       -18.5725691495
        2.3900021000         0.8500000000         0.6308447893         0.9746689957       -18.3731071768
        2.3950075000         0.8500000000         0.6002168670         0.8955607945       -19.1709550675
        2.4000044000         0.8500000000         0.6282924625         0.8317638580       -18.4395945010
        2.4050053000         0.8500000000         0.6078738476         0.7577594117       -18.9714930948
        2.4100096000         0.8500000000         0.6231878087         0.6863068429       -18.5725691495
        2.4150042000         0.8500000000         0.6308447893         0.6174061515       -18.3731071768
        2.4200139000         0.8500000000         0.6282924625         0.5408498277       -18.4395945010
        2.4250096000         0.8500000000         0.6257401356         0.4719491363       -18.5060818253
        2.4300158000         0.8500000000         0.6180831550         0.3902890576       -18.7055437979
        2.4350260000         0.8500000000         0.6206354819         0.3111808564       -18.6390564737
        2.4400094000         0.8500000000         0.6206354819         0.2422801650       -18.6390564737
        2.4450096000         0.8500000000         0.6257401356         0.1682757187       -18.5060818253
        2.4500085000         0.8500000000         0.6257401356         0.0968231498       -18.5060818253
        2.4550086000         0.8500000000         0.6104261745         0.0228187035       -18.9050057706
        2.4600083000         0.8500000000         0.6231878087        -0.0052519485       -18.5725691495
        2.4652070000         0.8500000000         0.6155308282         1.1099185011       -18.7720311222
        2.4700085000         0.8500000000         0.6308447893         5.0066353810       -18.3731071768
        2.4750084000         0.8500000000         0.6155308282         5.0015316260       -18.7720311222
        2.4800051000         0.8500000000         0.6231878087         4.9683572191       -18.5725691495
        2.4850090000         0.8500000000         0.6104261745         4.8841452629       -18.9050057706
        2.4900067000         0.8500000000         0.6385017699         4.8203483265       -18.1736452041
        2.4950084000         0.8500000000         0.6129785013         4.7335844928       -18.8385184464
        2.5000086000         0.8500000000         0.6333971162         4.6672356789       -18.3066198526
        2.5050083000         0.8500000000         0.6282924625         4.5881274777       -18.4395945010
        2.5100092000         0.8500000000         0.6180831550         4.5141230314       -18.7055437979
        2.5150083000         0.8500000000         0.6282924625         4.4554298498       -18.4395945010
        2.5200058000         0.8500000000         0.6282924625         4.3737697711       -18.4395945010
        2.5250086000         0.8500000000         0.6257401356         4.2997653248       -18.5060818253
        2.5300082000         0.8500000000         0.6282924625         4.2334165109       -18.4395945010
        2.5350093000         0.8500000000         0.6180831550         4.1568601871       -18.7055437979
        2.5400087000         0.8500000000         0.6257401356         4.0854076183       -18.5060818253
        2.5450085000         0.8500000000         0.6206354819         4.0165069269       -18.6390564737
        2.5500094000         0.8500000000         0.6231878087         3.9450543580       -18.5725691495
        2.5550093000         0.8500000000         0.6257401356         3.8684980342       -18.5060818253
        2.5600050000         0.8500000000         0.6206354819         3.8098048527       -18.6390564737
        2.5650086000         0.8500000000         0.6231878087         3.7332485289       -18.5725691495
        2.5700051000         0.8500000000         0.6308447893         3.6643478375       -18.3731071768
        2.5750085000         0.8500000000         0.6231878087         3.5826877588       -18.5725691495
        2.5800060000         0.8500000000         0.6282924625         3.5214426998       -18.4395945010
        2.5850082000         0.8500000000         0.6078738476         3.4372307437       -18.9714930948
        2.5900045000         0.8500000000         0.6180831550         3.3734338072       -18.7055437979
        2.5950085000         0.8500000000         0.6180831550         3.3019812383       -18.7055437979
        2.6000063000         0.8500000000         0.6104261745         3.2228730371       -18.9050057706
        2.6050085000         0.8500000000         0.6333971162         3.1667317330       -18.3066198526
        2.6100046000         0.8500000000         0.6078738476         3.0850716543       -18.9714930948
        2.6150086000         0.8500000000         0.6129785013         3.0136190855       -18.8385184464
        2.6200062000         0.8500000000         0.6180831550         2.9447183941       -18.7055437979
        2.6250095000         0.8500000000         0.6155308282         2.8732658252       -18.7720311222
        2.6300063000         0.8500000000         0.6180831550         2.7992613789       -18.7055437979
        2.6350082000         0.8500000000         0.6308447893         2.7405681974       -18.3731071768
        2.6400089000         0.8500000000         0.6104261745         2.6640118736       -18.9050057706
        2.6450085000         0.8500000000         0.6206354819         2.5900074273       -18.6390564737
        2.6500043000         0.8500000000         0.6282924625         2.5185548584       -18.4395945010
        2.6550095000         0.8500000000         0.6180831550         2.4394466572       -18.7055437979
        2.6600097000         0.8500000000         0.6180831550         2.3756497207       -18.7055437979
        2.6650044000         0.8500000000         0.6231878087         2.3067490293       -18.5725691495
        2.6700059000         0.8500000000         0.6206354819         2.2404002154       -18.6390564737
        2.6750164000         0.8500000000         0.6231878087         2.1663957691       -18.5725691495
        2.6800104000         0.8500000000         0.6078738476         2.0821838129       -18.9714930948
        2.6850094000         0.8500000000         0.6308447893         2.0234906314       -18.3731071768
        2.6900047000         0.8500000000         0.6206354819         1.9469343076       -18.6390564737
        2.6950150000         0.8500000000         0.6104261745         1.8729298613       -18.9050057706
        2.7000058000         0.8500000000         0.6155308282         1.8091329248       -18.7720311222
        2.7050167000         0.8500000000         0.6180831550         1.7402322334       -18.7055437979
        2.7100108000         0.8500000000         0.6206354819         1.6636759097       -18.6390564737
        2.7150083000         0.8500000000         0.6129785013         1.5947752183       -18.8385184464
        2.7200053000         0.8500000000         0.6155308282         1.5182188945       -18.7720311222
        2.7250083000         0.8500000000         0.6027691939         1.4544219580       -19.1044677433
        2.7300073000         0.8500000000         0.6180831550         1.3804175117       -18.7055437979
        2.7350091000         0.8500000000         0.6282924625         1.3140686978       -18.4395945010
        2.7400043000         0.8500000000         0.6155308282         1.2349604965       -18.7720311222
        2.7450083000         0.8500000000         0.6257401356         1.1737154375       -18.5060818253
        2.7500081000         0.8500000000         0.6129785013         1.0971591138       -18.8385184464
        2.7550082000         0.8500000000         0.6206354819         1.0257065449       -18.6390564737
        2.7600145000         0.8500000000         0.6155308282         0.9517020986       -18.7720311222
        2.7650045000         0.8500000000         0.6078738476         0.8725938974       -18.9714930948
        2.7700316000         0.8500000000         0.6206354819         0.8036932060       -18.6390564737
        2.7750085000         0.8500000000         0.6104261745         0.7296887597       -18.9050057706
        2.7800389000         0.8500000000         0.6053215207         0.6556843134       -19.0379804191
        2.7850087000         0.8500000000         0.6308447893         0.5893354994       -18.3731071768
        2.7902503000         0.8500000000         0.6078738476         0.5076754207       -18.9714930948
        2.7950086000         0.8500000000         0.6129785013         0.4311190970       -18.8385184464
        2.8000094000         0.8500000000         0.6206354819         0.3622184056       -18.6390564737
        2.8050088000         0.8500000000         0.6180831550         0.2933177142       -18.7055437979
        2.8100065000         0.8500000000         0.6308447893         0.2167613904       -18.3731071768
        2.8150078000         0.8500000000         0.6231878087         0.1376531892       -18.5725691495
        2.8200085000         0.8500000000         0.6231878087         0.0636487429       -18.5725691495
        2.8250085000         0.8500000000         0.6206354819         0.0024036839       -18.6390564737
        2.8300057000         0.8500000000         0.6180831550         0.0024036839       -18.7055437979
        2.8350083000         0.8500000000         0.6129785013         1.1022628687       -18.8385184464
        2.8400093000         0.8500000000         0.6231878087         5.0015316260       -18.5725691495
        2.8450088000         0.8500000000         0.6129785013         5.0040835035       -18.8385184464
        2.8500061000         0.8500000000         0.6257401356         4.9300790572       -18.5060818253
        2.8550085000         0.8500000000         0.6231878087         4.8637302433       -18.5725691495
        2.8600068000         0.8500000000         0.6206354819         4.7820701646       -18.6390564737
        2.8650090000         0.8500000000         0.6155308282         4.7055138408       -18.7720311222
        2.8700044000         0.8500000000         0.6359494430         4.6340612719       -18.2401325283
        2.8750022000         0.8500000000         0.6282924625         4.5677124580       -18.4395945010
        2.8800043000         0.8500000000         0.6206354819         4.4911561342       -18.6390564737
        2.8850035000         0.8500000000         0.6231878087         4.4120479330       -18.5725691495
        2.8900045000         0.8500000000         0.6282924625         4.3405953642       -18.4395945010
        2.8950031000         0.8500000000         0.6206354819         4.2665909178       -18.6390564737
        2.9000230000         0.8500000000         0.6359494430         4.2002421039       -18.2401325283
        2.9050095000         0.8500000000         0.6206354819         4.1236857801       -18.6390564737
        2.9100047000         0.8500000000         0.6282924625         4.0496813338       -18.4395945010
        2.9150058000         0.8500000000         0.6333971162         3.9884362748       -18.3066198526
        2.9200256000         0.8500000000         0.6333971162         3.9093280736       -18.3066198526
        2.9250157000         0.8500000000         0.6180831550         3.8353236273       -18.7055437979
        2.9300069000         0.8500000000         0.6333971162         3.7766304457       -18.3066198526
        2.9350123000         0.8500000000         0.6180831550         3.6975222445       -18.7055437979
        2.9401479000         0.8500000000         0.6257401356         3.6235177982       -18.5060818253
        2.9450152000         0.8500000000         0.6257401356         3.5546171068       -18.5060818253
        2.9500093000         0.8500000000         0.6257401356         3.4908201703       -18.5060818253
        2.9550083000         0.8500000000         0.6282924625         3.4142638465       -18.4395945010
        2.9600130000         0.8500000000         0.6257401356         3.3402594002       -18.5060818253
        2.9650062000         0.8500000000         0.6078738476         3.2713587088       -18.9714930948
        2.9700083000         0.8500000000         0.6206354819         3.1973542625       -18.6390564737
        2.9750090000         0.8500000000         0.6359494430         3.1386610810       -18.2401325283
        2.9800085000         0.8500000000         0.6333971162         3.0672085121       -18.3066198526
        2.9850040000         0.8500000000         0.6155308282         2.9881003109       -18.7720311222
        2.9900082000         0.8500000000         0.6410540967         2.9217514970       -18.1071578799
        2.9950097000         0.8500000000         0.6231878087         2.8579545605       -18.5725691495
        3.0000086000         0.8500000000         0.6129785013         2.7737426043       -18.8385184464
        3.0050077000         0.8500000000         0.6308447893         2.7022900355       -18.3731071768
        3.0100086000         0.8500000000         0.6180831550         2.6410449765       -18.7055437979
        3.0150098000         0.8500000000         0.6257401356         2.5670405302       -18.5060818253
        3.0200086000         0.8500000000         0.6282924625         2.5032435937       -18.4395945010
        3.0250046000         0.8500000000         0.6206354819         2.4241353924       -18.6390564737
        3.0300086000         0.8500000000         0.6257401356         2.3552347011       -18.5060818253
        3.0350059000         0.8500000000         0.6410540967         2.2914377646       -18.1071578799
        3.0400060000         0.8500000000         0.6206354819         2.2097776859       -18.6390564737
        3.0450044000         0.8500000000         0.6206354819         2.1434288720       -18.6390564737
        3.0500088000         0.8500000000         0.6155308282         2.0745281806       -18.7720311222
        3.0550093000         0.8500000000         0.6282924625         1.9954199793       -18.4395945010
        3.0600085000         0.8500000000         0.6257401356         1.9367267978       -18.5060818253
        3.0650059000         0.8500000000         0.6257401356         1.8550667191       -18.5060818253
        3.0700093000         0.8500000000         0.6231878087         1.7912697826       -18.5725691495
        3.0750050000         0.8500000000         0.6257401356         1.7300247236       -18.5060818253
        3.0800083000         0.8500000000         0.6385017699         1.6636759097       -18.1736452041
        3.0850060000         0.8500000000         0.6155308282         1.5743601986       -18.7720311222
        3.0900086000         0.8500000000         0.6385017699         1.5131151396       -18.1736452041
        3.0950043000         0.8500000000         0.6308447893         1.4493182031       -18.3731071768
        3.1000085000         0.8500000000         0.6129785013         1.3676581244       -18.8385184464
        3.1050091000         0.8500000000         0.6257401356         1.2962055556       -18.5060818253
        3.1100089000         0.8500000000         0.6257401356         1.2298567416       -18.5060818253
        3.1150061000         0.8500000000         0.6308447893         1.1584041728       -18.3731071768
        3.1200087000         0.8500000000         0.6206354819         1.0971591138       -18.6390564737
        3.1250050000         0.8500000000         0.6257401356         1.0154990351       -18.5060818253
        3.1300088000         0.8500000000         0.6257401356         0.9542539761       -18.5060818253
        3.1350091000         0.8500000000         0.6206354819         0.8776976523       -18.6390564737
        3.1400086000         0.8500000000         0.6308447893         0.7985894511       -18.3731071768
        3.1450065000         0.8500000000         0.6155308282         0.7296887597       -18.7720311222
        3.1500087000         0.8500000000         0.6257401356         0.6607880683       -18.5060818253
        3.1550044000         0.8500000000         0.6385017699         0.5918873769       -18.1736452041
        3.1600084000         0.8500000000         0.6282924625         0.5229866855       -18.4395945010
        3.1650066000         0.8500000000         0.6461587505         0.4438784843       -17.9741832314
        3.1700087000         0.8500000000         0.6308447893         0.3724259154       -18.3731071768
        3.1750052000         0.8500000000         0.6359494430         0.3009733466       -18.2401325283
        3.1800091000         0.8500000000         0.6333971162         0.2193132679       -18.3066198526
        3.1850053000         0.8500000000         0.6308447893         0.1606200863       -18.3731071768
        3.1900089000         0.8500000000         0.6410540967         0.0815118851       -18.1071578799
        3.1950049000         0.8500000000         0.6333971162         0.0075074388       -18.3066198526
        3.2000086000         0.8500000000         0.6563680579         0.0075074388       -17.7082339345
        3.2050059000         0.8500000000         0.6333971162         1.1048147461       -18.3066198526
        3.2100090000         0.8500000000         0.6333971162         5.0066353810       -18.3066198526
        3.2150062000         0.8500000000         0.6359494430         5.0142910133       -18.2401325283
        3.2200092000         0.8500000000         0.6333971162         4.9504940769       -18.3066198526
        3.2250058000         0.8500000000         0.6385017699         4.8918008953       -18.1736452041
        3.2300091000         0.8500000000         0.6308447893         4.8101408166       -18.3731071768
        3.2350303000         0.8500000000         0.6333971162         4.7310326154       -18.3066198526
        3.2400132000         0.8500000000         0.6333971162         4.6621319240       -18.3066198526
        3.2450070000         0.8500000000         0.6282924625         4.5881274777       -18.4395945010
        3.2500060000         0.8500000000         0.6385017699         4.5166749088       -18.1736452041
        3.2550395000         0.8500000000         0.6308447893         4.4375667076       -18.3731071768
        3.2600326000         0.8500000000         0.6359494430         4.3712178937       -18.2401325283
        3.2650042000         0.8500000000         0.6410540967         4.2997653248       -18.1071578799
        3.2700087000         0.8500000000         0.6333971162         4.2257608785       -18.3066198526
        3.2750050000         0.8500000000         0.6436064236         4.1670676969       -18.0406705557
        3.2800055000         0.8500000000         0.6359494430         4.0905113732       -18.2401325283
        3.2850030000         0.8500000000         0.6282924625         4.0165069269       -18.4395945010
        3.2900085000         0.8500000000         0.6206354819         3.9450543580       -18.6390564737
        3.2950070000         0.8500000000         0.6410540967         3.8838092990       -18.1071578799
        3.3000083000         0.8500000000         0.6308447893         3.8123567301       -18.3731071768
        3.3050781000         0.8500000000         0.6385017699         3.7383522838       -18.1736452041
        3.3100055000         0.8500000000         0.6282924625         3.6668997150       -18.4395945010
        3.3150108000         0.8500000000         0.6385017699         3.6056546560       -18.1736452041
        3.3200036000         0.8500000000         0.6282924625         3.5290983322       -18.4395945010
        3.3250055000         0.8500000000         0.6385017699         3.4653013957       -18.1736452041
        3.3300083000         0.8500000000         0.6385017699         3.3912969494       -18.1736452041
        3.3350089000         0.8500000000         0.6333971162         3.3300518904       -18.3066198526
        3.3400086000         0.8500000000         0.6180831550         3.2483918117       -18.7055437979
        3.3450083000         0.8500000000         0.6308447893         3.1743873654       -18.3731071768
        3.3500089000         0.8500000000         0.6333971162         3.1080385515       -18.3066198526
        3.3550046000         0.8500000000         0.6385017699         3.0442416150       -18.1736452041
        3.3600089000         0.8500000000         0.6359494430         2.9778928011       -18.2401325283
        3.3650047000         0.8500000000         0.6206354819         2.8936808449       -18.6390564737
        3.3700087000         0.8500000000         0.6231878087         2.8298839084       -18.5725691495
        3.3750085000         0.8500000000         0.6257401356         2.7584313396       -18.5060818253
        3.3800090000         0.8500000000         0.6308447893         2.6869787707       -18.3731071768
        3.3850059000         0.8500000000         0.6231878087         2.6180780793       -18.5725691495
        3.3900090000         0.8500000000         0.6333971162         2.5466255105       -18.3066198526
        3.3950064000         0.8500000000         0.6359494430         2.4828285740       -18.2401325283
        3.4000090000         0.8500000000         0.6206354819         2.4088241277       -18.6390564737
        3.4050184000         0.8500000000         0.6231878087         2.3322678039       -18.5725691495
        3.4100088000         0.8500000000         0.6359494430         2.2735746224       -18.2401325283
        3.4150663000         0.8500000000         0.6257401356         2.1868107888       -18.5060818253
        3.4200063000         0.8500000000         0.6385017699         2.1281176072       -18.1736452041
        3.4253434000         0.8500000000         0.6104261745         2.0439056511       -18.9050057706
        3.4300052000         0.8500000000         0.6257401356         1.9826605920       -18.5060818253
        3.4351412000         0.8500000000         0.6257401356         1.9112080232       -18.5060818253
        3.4400087000         0.8500000000         0.6308447893         1.8499629642       -18.3731071768
        3.4450082000         0.8500000000         0.6359494430         1.7734066404       -18.2401325283
        3.4500084000         0.8500000000         0.6180831550         1.7045059490       -18.7055437979
        3.4550080000         0.8500000000         0.6282924625         1.6356052576       -18.4395945010
        3.4600055000         0.8500000000         0.6206354819         1.5641526888       -18.6390564737
        3.4650087000         0.8500000000         0.6385017699         1.4952519974       -18.1736452041
        3.4700033000         0.8500000000         0.6385017699         1.4212475511       -18.1736452041
        3.4750020000         0.8500000000         0.6129785013         1.3548987371       -18.8385184464
        3.4800057000         0.8500000000         0.6333971162         1.2911018006       -18.3066198526
        3.4850082000         0.8500000000         0.6257401356         1.2145454769       -18.5060818253
        3.4900046000         0.8500000000         0.6308447893         1.1456447855       -18.3731071768
        3.4950091000         0.8500000000         0.6359494430         1.0792959716       -18.2401325283
        3.5000050000         0.8500000000         0.6282924625         1.0052915252       -18.4395945010
        3.5050091000         0.8500000000         0.6206354819         0.9312870789       -18.6390564737
        3.5100059000         0.8500000000         0.6282924625         0.8521788777       -18.4395945010
        3.5150087000         0.8500000000         0.6308447893         0.7858300638       -18.3731071768
        3.5200053000         0.8500000000         0.6308447893         0.7118256175       -18.3731071768
        3.5250092000         0.8500000000         0.6206354819         0.6378211711       -18.6390564737
        3.5300054000         0.8500000000         0.6308447893         0.5663686023       -18.3731071768
        3.5350042000         0.8500000000         0.6104261745         0.4898122785       -18.9050057706
        3.5400065000         0.8500000000         0.6308447893         0.4209115871       -18.3731071768
        3.5450140000         0.8500000000         0.6308447893         0.3469071408       -18.3731071768
        3.5500075000         0.8500000000         0.6282924625         0.2805583269       -18.4395945010
        3.5550162000         0.8500000000         0.6308447893         0.2014501257       -18.3731071768
        3.5600068000         0.8500000000         0.6206354819         0.1325494343       -18.6390564737
        3.5651092000         0.8500000000         0.6487110773         0.0508893556       -17.9076959072
        3.5700118000         0.8500000000         0.6308447893        -0.0001481936       -18.3731071768
        3.5750106000         0.8500000000         0.6282924625        -0.0052519485       -18.4395945010
        3.5800088000         0.8500000000         0.6436064236         1.1175741334       -18.0406705557
        3.5850070000         0.8500000000         0.6180831550         4.9989797486       -18.7055437979
        3.5900051000         0.8500000000         0.6333971162         4.9964278711       -18.3066198526
        3.5950039000         0.8500000000         0.6308447893         4.9224234248       -18.3731071768
        3.6000087000         0.8500000000         0.6282924625         4.8433152236       -18.4395945010
        3.6050088000         0.8500000000         0.6385017699         4.7846220420       -18.1736452041
        3.6100089000         0.8500000000         0.6257401356         4.7055138408       -18.5060818253
        3.6150167000         0.8500000000         0.6359494430         4.6366131494       -18.2401325283
        3.6200047000         0.8500000000         0.6206354819         4.5600568256       -18.6390564737
        3.6250086000         0.8500000000         0.6359494430         4.4860523793       -18.2401325283
        3.6300057000         0.8500000000         0.6282924625         4.4043923006       -18.4395945010
        3.6350084000         0.8500000000         0.6282924625         4.3405953642       -18.4395945010
        3.6400057000         0.8500000000         0.6282924625         4.2742465502       -18.4395945010
        3.6450042000         0.8500000000         0.6385017699         4.2027939814       -18.1736452041
        3.6500070000         0.8500000000         0.6282924625         4.1236857801       -18.4395945010
        3.6550140000         0.8500000000         0.6410540967         4.0598888437       -18.1071578799
        3.6600120000         0.8500000000         0.6180831550         3.9858843974       -18.7055437979
        3.6650101000         0.8500000000         0.6308447893         3.9144318285       -18.3731071768
        3.6700070000         0.8500000000         0.6155308282         3.8378755047       -18.7720311222
        3.6750167000         0.8500000000         0.6257401356         3.7638710584       -18.5060818253
        3.6800083000         0.8500000000         0.6206354819         3.7000741219       -18.6390564737
        3.6850159000         0.8500000000         0.6282924625         3.6235177982       -18.4395945010
        3.6900070000         0.8500000000         0.6206354819         3.5597208617       -18.6390564737
        3.6950159000         0.8500000000         0.6282924625         3.4882682929       -18.4395945010
        3.7000095000         0.8500000000         0.6257401356         3.4219194789       -18.5060818253
        3.7050163000         0.8500000000         0.6282924625         3.3453631551       -18.4395945010
        3.7100085000         0.8500000000         0.6257401356         3.2739105863       -18.5060818253
        3.7150165000         0.8500000000         0.6206354819         3.2050098949       -18.6390564737
        3.7200111000         0.8500000000         0.6333971162         3.1335573261       -18.3066198526
        3.7250164000         0.8500000000         0.6104261745         3.0570010023       -18.9050057706
        3.7300088000         0.8500000000         0.6359494430         2.9983078207       -18.2401325283
        3.7350161000         0.8500000000         0.6257401356         2.9217514970       -18.5060818253
        3.7400069000         0.8500000000         0.6129785013         2.8528508056       -18.8385184464
        3.7450074000         0.8500000000         0.6231878087         2.7813982367       -18.5725691495
        3.7500062000         0.8500000000         0.6282924625         2.7099456679       -18.4395945010
        3.7550159000         0.8500000000         0.6257401356         2.6487006088       -18.5060818253
        3.7600074000         0.8500000000         0.6308447893         2.5746961625       -18.3731071768
        3.7650114000         0.8500000000         0.6282924625         2.5032435937       -18.4395945010
        3.7700043000         0.8500000000         0.6129785013         2.4266872699       -18.8385184464
        3.7750105000         0.8500000000         0.6333971162         2.3628903334       -18.3066198526
        3.7800059000         0.8500000000         0.6155308282         2.2863340097       -18.7720311222
        3.7850162000         0.8500000000         0.6180831550         2.2072258084       -18.7055437979
        3.7900079000         0.8500000000         0.6333971162         2.1434288720       -18.3066198526
        3.7950085000         0.8500000000         0.6053215207         2.0719763031       -19.0379804191
        3.8000083000         0.8500000000         0.6231878087         1.9954199793       -18.5725691495
        3.8050139000         0.8500000000         0.6206354819         1.9341749203       -18.6390564737
        3.8100085000         0.8500000000         0.6155308282         1.8525148416       -18.7720311222
        3.8150098000         0.8500000000         0.6282924625         1.7912697826       -18.4395945010
        3.8200076000         0.8500000000         0.6231878087         1.7223690912       -18.5725691495
        3.8250094000         0.8500000000         0.6206354819         1.6560202773       -18.6390564737
        3.8300056000         0.8500000000         0.6078738476         1.5743601986       -18.9714930948
        3.8350082000         0.8500000000         0.6282924625         1.5029076297       -18.4395945010
        3.8400086000         0.8500000000         0.6308447893         1.4442144482       -18.3731071768
        3.8450084000         0.8500000000         0.6231878087         1.3702100019       -18.5725691495
        3.8500082000         0.8500000000         0.6257401356         1.2936536781       -18.5060818253
        3.8550128000         0.8500000000         0.6053215207         1.2222011093       -19.0379804191
        3.8600086000         0.8500000000         0.6333971162         1.1635079277       -18.3066198526
        3.8650145000         0.8500000000         0.6257401356         1.0869516039       -18.5060818253
        3.8700093000         0.8500000000         0.6333971162         1.0180509125       -18.3066198526
        3.8750328000         0.8500000000         0.6180831550         0.9491502211       -18.7055437979
        3.8800085000         0.8500000000         0.6180831550         0.8725938974       -18.7055437979
        3.8850178000         0.8500000000         0.6282924625         0.7985894511       -18.4395945010
        3.8900100000         0.8500000000         0.6155308282         0.7220331273       -18.7720311222
        3.8950112000         0.8500000000         0.6282924625         0.6531324359       -18.4395945010
        3.9000084000         0.8500000000         0.6308447893         0.5816798670       -18.3731071768
        3.9054098000         0.8500000000         0.6129785013         0.5025716658       -18.8385184464
        3.9100056000         0.8500000000         0.6282924625         0.4362228519       -18.4395945010
        3.9150104000         0.8500000000         0.6359494430         0.3647702830       -18.2401325283
        3.9200059000         0.8500000000         0.6257401356         0.2907658367       -18.5060818253
        3.9250087000         0.8500000000         0.6359494430         0.2091057580       -18.2401325283
        3.9300079000         0.8500000000         0.6282924625         0.1427569441       -18.4395945010
        3.9350100000         0.8500000000         0.6257401356         0.0636487429       -18.5060818253
        3.9400087000         0.8500000000         0.6257401356        -0.0052519485       -18.5060818253
        3.9450142000         0.8500000000         0.6410540967         0.0100593162       -18.1071578799
        3.9500055000         0.8500000000         0.6333971162         1.1048147461       -18.3066198526
        3.9550147000         0.8500000000         0.6333971162         5.0015316260       -18.3066198526
        3.9600073000         0.8500000000         0.6257401356         5.0117391359       -18.5060818253
        3.9650162000         0.8500000000         0.6385017699         4.9530459543       -18.1736452041
        3.9700067000         0.8500000000         0.6308447893         4.8688339982       -18.3731071768
        3.9750136000         0.8500000000         0.6308447893         4.7999333068       -18.3731071768
        3.9800113000         0.8500000000         0.6333971162         4.7233769830       -18.3066198526
        3.9892191000         0.8500000000         0.6180831550         4.5779199678       -18.7055437979
        3.9900040000         0.8500000000         0.6257401356         4.5728162129       -18.5060818253
        3.9950106000         0.8500000000         0.6359494430         4.4988117666       -18.2401325283
