% Motor Sweep Step 122/180
% Vcmd       = 1.4500 [V]
% Direction  = CCW
% Zone       = OUTER
% Vg_offset  = 1.336525 [V]
% K_gimbal   = 26.049690 [(rad/s)/V]

Time[s]              Vcmd[V]              Vg_raw[V]            Pot[V]               Omega[rad/s]
        0.0000146000         1.4500000000         1.3454963091         3.4295751113         0.2337029447
        0.0050614000         1.4500000000         1.3429439823         3.4270232338         0.1672156204
        0.0100091000         1.4500000000         1.3352870017         3.4270232338        -0.0322463522
        0.0150063000         1.4500000000         1.3174207137         3.4219194789        -0.4976576218
        0.0200061000         1.4500000000         1.0647403549         3.4015044592        -7.0799027203
        0.0250097000         1.4500000000         1.1515194680         3.3887450720        -4.8193336966
        0.0302752000         1.4500000000         1.1208915457         3.3606744199        -5.6171815873
        0.0350070000         1.4500000000         1.0698450086         3.3377075228        -6.9469280718
        0.0400081000         1.4500000000         1.0775019892         3.3172925031        -6.7474660991
        0.0450076000         1.4500000000         1.0545310475         3.2892218510        -7.3458520172
        0.0500071000         1.4500000000         1.0366647595         3.2585993215        -7.8112632868
        0.0550070000         1.4500000000         1.0034845104         3.2203211597        -8.6755985017
        0.0600336000         1.4500000000         1.0315601058         3.1948023851        -7.9442379352
        0.0650062000         1.4500000000         0.9907228761         3.1539723457        -9.0080351229
        0.0700046000         1.4500000000         1.0034845104         3.1361092035        -8.6755985017
        0.0750078000         1.4500000000         0.9983798566         3.0978310416        -8.8085731502
        0.0800092000         1.4500000000         0.9881705492         3.0595528797        -9.0745224471
        0.0850063000         1.4500000000         0.9754089149         3.0289303502        -9.4069590682
        0.0900064000         1.4500000000         0.9830658955         2.9855484334        -9.2074970955
        0.0950064000         1.4500000000         0.9396763389         2.9523740265       -10.3377816074
        0.1001298000         1.4500000000         0.9677519344         2.9191996195        -9.6064210409
        0.1050524000         1.4500000000         0.9549903001         2.8732658252        -9.9388576620
        0.1100715000         1.4500000000         0.9524379732         2.8349876633       -10.0053449863
        0.1150294000         1.4500000000         0.9218100509         2.7992613789       -10.8031928770
        0.1200071000         1.4500000000         0.9651996075         2.7660869720        -9.6729083651
        0.1250073000         1.4500000000         0.9294670315         2.7176013002       -10.6037309043
        0.1300069000         1.4500000000         0.9269147047         2.6767712609       -10.6702182285
        0.1350053000         1.4500000000         0.9320193584         2.6435968539       -10.5372435801
        0.1400058000         1.4500000000         0.9116007435         2.5925593047       -11.0691421739
        0.1450039000         1.4500000000         0.9167053972         2.5619367752       -10.9361675254
        0.1500068000         1.4500000000         0.9294670315         2.5185548584       -10.6037309043
        0.1550068000         1.4500000000         0.9141530704         2.4777248191       -11.0026548497
        0.1600059000         1.4500000000         0.8937344555         2.4241353924       -11.5345534435
        0.1650041000         1.4500000000         0.9141530704         2.3833053531       -11.0026548497
        0.1700057000         1.4500000000         0.8911821287         2.3424753138       -11.6010407677
        0.1750047000         1.4500000000         0.9039437630         2.2914377646       -11.2686041466
        0.1800056000         1.4500000000         0.8911821287         2.2531596027       -11.6010407677
        0.1850048000         1.4500000000         0.8911821287         2.2021220535       -11.6010407677
        0.1900054000         1.4500000000         0.8835251481         2.1663957691       -11.8005027404
        0.1950040000         1.4500000000         0.8937344555         2.1306694847       -11.5345534435
        0.2000059000         1.4500000000         0.8682111870         2.0719763031       -12.1994266857
        0.2050045000         1.4500000000         0.8988391092         2.0362500187       -11.4015787950
        0.2100057000         1.4500000000         0.8707635138         1.9852124695       -12.1329393615
        0.2150046000         1.4500000000         0.8911821287         1.9418305527       -11.6010407677
        0.2200058000         1.4500000000         0.8707635138         1.8907930035       -12.1329393615
        0.2250042000         1.4500000000         0.8631065332         1.8474110867       -12.3324013342
        0.2300056000         1.4500000000         0.8656588601         1.8014772924       -12.2659140100
        0.2350062000         1.4500000000         0.8631065332         1.7555434982       -12.3324013342
        0.2401499000         1.4500000000         0.8631065332         1.7045059490       -12.3324013342
        0.2450072000         1.4500000000         0.8580018795         1.6636759097       -12.4653759826
        0.2500056000         1.4500000000         0.8528972258         1.6177421154       -12.5983506311
        0.2550061000         1.4500000000         0.8682111870         1.5667045662       -12.1994266857
        0.2600058000         1.4500000000         0.8554495527         1.5207707720       -12.5318633069
        0.2650056000         1.4500000000         0.8452402453         1.4671813453       -12.7978126038
        0.2700056000         1.4500000000         0.8605542064         1.4391106933       -12.3988886584
        0.2750040000         1.4500000000         0.8299262841         1.3702100019       -13.1967365491
        0.2800058000         1.4500000000         0.8605542064         1.3293799625       -12.3988886584
        0.2850058000         1.4500000000         0.8375832647         1.2808942908       -12.9972745765
        0.2900052000         1.4500000000         0.8528972258         1.2324086191       -12.5983506311
        0.2950040000         1.4500000000         0.8528972258         1.1762673150       -12.5983506311
        0.3000060000         1.4500000000         0.8324786110         1.1328853982       -13.1302492249
        0.3050052000         1.4500000000         0.8631065332         1.0946072363       -12.3324013342
        0.3100058000         1.4500000000         0.8171646498         1.0308102998       -13.5291731703
        0.3150039000         1.4500000000         0.8503448990         0.9848765056       -12.6648379553
        0.3200057000         1.4500000000         0.8375832647         0.9414945888       -12.9972745765
        0.3250055000         1.4500000000         0.8324786110         0.8776976523       -13.1302492249
        0.3300351000         1.4500000000         0.8554495527         0.8343157355       -12.5318633069
        0.3389436000         1.4500000000         0.8401355915         0.7398962695       -12.9307872522
        0.3400085000         1.4500000000         0.8580018795         0.7398962695       -12.4653759826
        0.3450036000         1.4500000000         0.8222693035         0.6837549654       -13.3961985218
        0.3500037000         1.4500000000         0.8503448990         0.6378211711       -12.6648379553
        0.3550049000         1.4500000000         0.8375832647         0.5816798670       -12.9972745765
        0.3600157000         1.4500000000         0.8299262841         0.5357460728       -13.1967365491
        0.3650357000         1.4500000000         0.8477925721         0.4796047687       -12.7313252795
        0.3700086000         1.4500000000         0.8222693035         0.4234634646       -13.3961985218
        0.3750042000         1.4500000000         0.8452402453         0.3826334252       -12.7978126038
        0.3800057000         1.4500000000         0.8273739573         0.3213883662       -13.2632238734
        0.3850045000         1.4500000000         0.8324786110         0.2729026945       -13.1302492249
        0.3900050000         1.4500000000         0.8350309378         0.2269689002       -13.0637619007
        0.3950055000         1.4500000000         0.8171646498         0.1606200863       -13.5291731703
        0.4000053000         1.4500000000         0.8299262841         0.1070306597       -13.1967365491
        0.4050038000         1.4500000000         0.8146123230         0.0585449879       -13.5956604945
        0.4100057000         1.4500000000         0.8273739573         0.0126111937       -13.2632238734
        0.4150038000         1.4500000000         0.8222693035         0.0024036839       -13.3961985218
        0.4200057000         1.4500000000         0.8069553424        -0.0027000711       -13.7951224672
        0.4250036000         1.4500000000         0.8324786110         1.1099185011       -13.1302492249
        0.4300055000         1.4500000000         0.8146123230         5.0040835035       -13.5956604945
        0.4350063000         1.4500000000         0.8171646498         5.0040835035       -13.5291731703
        0.4400053000         1.4500000000         0.8146123230         4.9938759937       -13.5956604945
        0.4450059000         1.4500000000         0.8350309378         4.9581497092       -13.0637619007
        0.4500056000         1.4500000000         0.8146123230         4.8943527728       -13.5956604945
        0.4550063000         1.4500000000         0.8197169767         4.8382114687       -13.4626858460
        0.4600062000         1.4500000000         0.8171646498         4.7820701646       -13.5291731703
        0.4650045000         1.4500000000         0.8171646498         4.7310326154       -13.5291731703
        0.4700061000         1.4500000000         0.8197169767         4.6723394338       -13.4626858460
        0.4750054000         1.4500000000         0.8171646498         4.6315093945       -13.5291731703
        0.4800057000         1.4500000000         0.8273739573         4.5702643355       -13.2632238734
        0.4850053000         1.4500000000         0.8146123230         4.5192267863       -13.5956604945
        0.4900060000         1.4500000000         0.8171646498         4.4681892371       -13.5291731703
        0.4950076000         1.4500000000         0.8324786110         4.4222554428       -13.1302492249
        0.5000100000         1.4500000000         0.8146123230         4.3584585064       -13.5956604945
        0.5050054000         1.4500000000         0.8299262841         4.3099728347       -13.1967365491
        0.5100068000         1.4500000000         0.8146123230         4.2563834080       -13.5956604945
        0.5150053000         1.4500000000         0.8350309378         4.2078977363       -13.0637619007
        0.5200048000         1.4500000000         0.8197169767         4.1543083097       -13.4626858460
        0.5250047000         1.4500000000         0.8222693035         4.1083745154       -13.3961985218
        0.5300101000         1.4500000000         0.8248216304         4.0547850888       -13.3297111976
        0.5350045000         1.4500000000         0.7992983618         3.9986437847       -13.9945844399
        0.5400045000         1.4500000000         0.8248216304         3.9501581129       -13.3297111976
        0.5450092000         1.4500000000         0.8248216304         3.9016724412       -13.3297111976
        0.5500059000         1.4500000000         0.8095076693         3.8429792597       -13.7286351429
        0.5550055000         1.4500000000         0.8324786110         3.7995973429       -13.1302492249
        0.5600043000         1.4500000000         0.8273739573         3.7562154260       -13.2632238734
        0.5650036000         1.4500000000         0.8171646498         3.6898666121       -13.5291731703
        0.5700049000         1.4500000000         0.8324786110         3.6515884502       -13.1302492249
        0.5750045000         1.4500000000         0.8120599961         3.5877915138       -13.6621478187
        0.5800050000         1.4500000000         0.8375832647         3.5495133519       -12.9972745765
        0.5850033000         1.4500000000         0.8146123230         3.4908201703       -13.5956604945
        0.5900014000         1.4500000000         0.8375832647         3.4474382535       -12.9972745765
        0.5950024000         1.4500000000         0.8197169767         3.3861931945       -13.4626858460
        0.6000012000         1.4500000000         0.8299262841         3.3377075228       -13.1967365491
        0.6050041000         1.4500000000         0.8146123230         3.2815662187       -13.5956604945
        0.6100049000         1.4500000000         0.8222693035         3.2356324244       -13.3961985218
        0.6150031000         1.4500000000         0.8426879184         3.1948023851       -12.8642999280
        0.6200056000         1.4500000000         0.7967460350         3.1284535711       -14.0610717641
        0.6250037000         1.4500000000         0.8375832647         3.0901754092       -12.9972745765
        0.6300056000         1.4500000000         0.8248216304         3.0340341051       -13.3297111976
        0.6350360000         1.4500000000         0.8171646498         2.9778928011       -13.5291731703
        0.6400077000         1.4500000000         0.8197169767         2.9243033744       -13.4626858460
        0.6450105000         1.4500000000         0.8171646498         2.8783695801       -13.5291731703
        0.6500055000         1.4500000000         0.8273739573         2.8324357859       -13.2632238734
        0.6550082000         1.4500000000         0.8197169767         2.7737426043       -13.4626858460
        0.6600064000         1.4500000000         0.8197169767         2.7176013002       -13.4626858460
        0.6650130000         1.4500000000         0.8248216304         2.6767712609       -13.3297111976
        0.6700029000         1.4500000000         0.8248216304         2.6206299568       -13.3297111976
        0.6750044000         1.4500000000         0.8197169767         2.5721442851       -13.4626858460
        0.6800057000         1.4500000000         0.8324786110         2.5262104908       -13.1302492249
        0.6850049000         1.4500000000         0.8197169767         2.4700691867       -13.4626858460
        0.6900046000         1.4500000000         0.8146123230         2.4164797601       -13.5956604945
        0.6950050000         1.4500000000         0.8248216304         2.3654422109       -13.3297111976
        0.7000075000         1.4500000000         0.8146123230         2.3195084166       -13.5956604945
        0.7050052000         1.4500000000         0.8248216304         2.2608152351       -13.3297111976
        0.7100036000         1.4500000000         0.8120599961         2.2046739310       -13.6621478187
        0.7150064000         1.4500000000         0.8146123230         2.1536363818       -13.5956604945
        0.7200051000         1.4500000000         0.8120599961         2.1102544650       -13.6621478187
        0.7250066000         1.4500000000         0.8222693035         2.0566650383       -13.3961985218
        0.7300054000         1.4500000000         0.8248216304         2.0056274892       -13.3297111976
        0.7350057000         1.4500000000         0.7941937081         1.9469343076       -14.1275590883
        0.7400066000         1.4500000000         0.8324786110         1.9086561457       -13.1302492249
        0.7450061000         1.4500000000         0.8171646498         1.8499629642       -13.5291731703
        0.7500081000         1.4500000000         0.8222693035         1.8065810474       -13.3961985218
        0.7550236000         1.4500000000         0.8069553424         1.7427841109       -13.7951224672
        0.7600075000         1.4500000000         0.8197169767         1.7019540715       -13.4626858460
        0.7650066000         1.4500000000         0.8120599961         1.6432608900       -13.6621478187
        0.7700070000         1.4500000000         0.8095076693         1.5922233408       -13.7286351429
        0.7750064000         1.4500000000         0.8350309378         1.5488414240       -13.0637619007
        0.7800045000         1.4500000000         0.8044030155         1.4901482425       -13.8616097914
        0.7850132000         1.4500000000         0.8222693035         1.4416625707       -13.3961985218
        0.7900057000         1.4500000000         0.8120599961         1.3880731441       -13.6621478187
        0.7950115000         1.4500000000         0.8273739573         1.3421393498       -13.2632238734
        0.8000066000         1.4500000000         0.8018506887         1.2808942908       -13.9280971156
        0.8050094000         1.4500000000         0.8018506887         1.2273048642       -13.9280971156
        0.8100080000         1.4500000000         0.8222693035         1.1788191925       -13.3961985218
        0.8150061000         1.4500000000         0.7992983618         1.1201260109       -13.9945844399
        0.8200068000         1.4500000000         0.8171646498         1.0741922166       -13.5291731703
        0.8250059000         1.4500000000         0.8018506887         1.0231546675       -13.9280971156
        0.8300058000         1.4500000000         0.8095076693         0.9670133634       -13.7286351429
        0.8350119000         1.4500000000         0.7890890544         0.9134239367       -14.2605337368
        0.8400071000         1.4500000000         0.8197169767         0.8725938974       -13.4626858460
        0.8450073000         1.4500000000         0.8018506887         0.8011413285       -13.9280971156
        0.8500069000         1.4500000000         0.8018506887         0.7526556568       -13.9280971156
        0.8550096000         1.4500000000         0.8069553424         0.6965143527       -13.7951224672
        0.8600067000         1.4500000000         0.7916413813         0.6480286810       -14.1940464125
        0.8650076000         1.4500000000         0.8069553424         0.5867836220       -13.7951224672
        0.8700095000         1.4500000000         0.7941937081         0.5357460728       -14.1275590883
        0.8750063000         1.4500000000         0.8069553424         0.4821566461       -13.7951224672
        0.8800051000         1.4500000000         0.7967460350         0.4285672195       -14.0610717641
        0.8850099000         1.4500000000         0.8044030155         0.3724259154       -13.8616097914
        0.8900053000         1.4500000000         0.8069553424         0.3188364888       -13.7951224672
        0.8950124000         1.4500000000         0.7967460350         0.2626951847       -14.0610717641
        0.9000039000         1.4500000000         0.8069553424         0.2014501257       -13.7951224672
        0.9050151000         1.4500000000         0.7941937081         0.1478606990       -14.1275590883
        0.9100043000         1.4500000000         0.8171646498         0.1019269048       -13.5291731703
        0.9150135000         1.4500000000         0.8095076693         0.0483374781       -13.7286351429
        0.9200095000         1.4500000000         0.8095076693        -0.0001481936       -13.7286351429
        0.9250064000         1.4500000000         0.7967460350         0.0024036839       -14.0610717641
        0.9300040000         1.4500000000         0.7992983618         1.0946072363       -13.9945844399
        0.9350185000         1.4500000000         0.8018506887         1.1048147461       -13.9280971156
        0.9400034000         1.4500000000         0.7941937081         5.0040835035       -14.1275590883
        0.9450063000         1.4500000000         0.8120599961         5.0117391359       -13.6621478187
        0.9500071000         1.4500000000         0.7916413813         4.9709090965       -14.1940464125
        0.9550053000         1.4500000000         0.8018506887         4.9147677924       -13.9280971156
        0.9600064000         1.4500000000         0.7967460350         4.8611783658       -14.0610717641
        0.9650063000         1.4500000000         0.8069553424         4.7973814293       -13.7951224672
        0.9700047000         1.4500000000         0.7839844007         4.7437920027       -14.3935083852
        0.9750080000         1.4500000000         0.8018506887         4.6850988211       -13.9280971156
        0.9800055000         1.4500000000         0.7890890544         4.6289575170       -14.2605337368
        0.9850045000         1.4500000000         0.8018506887         4.5728162129       -13.9280971156
        0.9900065000         1.4500000000         0.7941937081         4.5217786637       -14.1275590883
        0.9950039000         1.4500000000         0.8146123230         4.4707411146       -13.5956604945
        1.0000068000         1.4500000000         0.8018506887         4.4145998105       -13.9280971156
        1.0050060000         1.4500000000         0.8018506887         4.3635622613       -13.9280971156
        1.0100071000         1.4500000000         0.8146123230         4.3074209572       -13.5956604945
        1.0150073000         1.4500000000         0.7992983618         4.2512796531       -13.9945844399
        1.0200086000         1.4500000000         0.8018506887         4.1951383490       -13.9280971156
        1.0250045000         1.4500000000         0.8069553424         4.1466526773       -13.7951224672
        1.0300049000         1.4500000000         0.8069553424         4.0879594957       -13.7951224672
        1.0350051000         1.4500000000         0.8018506887         4.0318181916       -13.9280971156
        1.0400051000         1.4500000000         0.8018506887         3.9807806424       -13.9280971156
        1.0450040000         1.4500000000         0.8197169767         3.9373987256       -13.4626858460
        1.0500051000         1.4500000000         0.7941937081         3.8787055441       -14.1275590883
        1.0550036000         1.4500000000         0.8044030155         3.8276679949       -13.8616097914
        1.0600047000         1.4500000000         0.8146123230         3.7740785683       -13.5956604945
        1.0650033000         1.4500000000         0.8095076693         3.7281447740       -13.7286351429
        1.0700046000         1.4500000000         0.8120599961         3.6694515924       -13.6621478187
        1.0750045000         1.4500000000         0.8095076693         3.6133102883       -13.7286351429
        1.0800047000         1.4500000000         0.8095076693         3.5648246166       -13.7286351429
        1.0850039000         1.4500000000         0.8044030155         3.5137870674       -13.8616097914
        1.0900051000         1.4500000000         0.8095076693         3.4525420084       -13.7286351429
        1.0950037000         1.4500000000         0.8171646498         3.4117119691       -13.5291731703
        1.1000045000         1.4500000000         0.8069553424         3.3530187875       -13.7951224672
        1.1050035000         1.4500000000         0.8095076693         3.2968774834       -13.7286351429
        1.1100047000         1.4500000000         0.8069553424         3.2483918117       -13.7951224672
        1.1150035000         1.4500000000         0.8222693035         3.1999061400       -13.3961985218
        1.1200105000         1.4500000000         0.7992983618         3.1437648359       -13.9945844399
        1.1250039000         1.4500000000         0.8146123230         3.0927272867       -13.5956604945
        1.1300067000         1.4500000000         0.8120599961         3.0442416150       -13.6621478187
        1.1350059000         1.4500000000         0.8095076693         2.9829965560       -13.7286351429
        1.1400057000         1.4500000000         0.8248216304         2.9345108842       -13.3297111976
        1.1450070000         1.4500000000         0.8146123230         2.8834733351       -13.5956604945
        1.1500132000         1.4500000000         0.8171646498         2.8375395408       -13.5291731703
        1.1550049000         1.4500000000         0.7941937081         2.7711907269       -14.1275590883
        1.1600126000         1.4500000000         0.8069553424         2.7201531777       -13.7951224672
        1.1650076000         1.4500000000         0.8069553424         2.6793231383       -13.7951224672
        1.1700133000         1.4500000000         0.8069553424         2.6206299568       -13.7951224672
        1.1750081000         1.4500000000         0.8171646498         2.5695924076       -13.5291731703
        1.1800049000         1.4500000000         0.8120599961         2.5211067359       -13.6621478187
        1.1850071000         1.4500000000         0.8146123230         2.4624135543       -13.5956604945
        1.1900050000         1.4500000000         0.8018506887         2.4190316375       -13.9280971156
        1.1950049000         1.4500000000         0.8248216304         2.3577865785       -13.3297111976
        1.2000053000         1.4500000000         0.8044030155         2.3067490293       -13.8616097914
        1.2050059000         1.4500000000         0.8146123230         2.2557114802       -13.5956604945
        1.2100047000         1.4500000000         0.8095076693         2.1995701761       -13.7286351429
        1.2150034000         1.4500000000         0.8095076693         2.1485326269       -13.7286351429
        1.2200047000         1.4500000000         0.8095076693         2.1000469552       -13.7286351429
        1.2250045000         1.4500000000         0.8171646498         2.0439056511       -13.5291731703
        1.2300102000         1.4500000000         0.8120599961         1.9954199793       -13.6621478187
        1.2350363000         1.4500000000         0.8069553424         1.9367267978       -13.7951224672
        1.2400080000         1.4500000000         0.8146123230         1.8805854937       -13.5956604945
        1.2450049000         1.4500000000         0.8018506887         1.8372035769       -13.9280971156
        1.2500069000         1.4500000000         0.8273739573         1.7912697826       -13.2632238734
        1.2550083000         1.4500000000         0.8044030155         1.7325766011       -13.8616097914
        1.2600067000         1.4500000000         0.8197169767         1.6815390519       -13.4626858460
        1.2650055000         1.4500000000         0.7992983618         1.6356052576       -13.9945844399
        1.2700062000         1.4500000000         0.8069553424         1.5743601986       -13.7951224672
        1.2750070000         1.4500000000         0.8222693035         1.5335301593       -13.3961985218
        1.2800063000         1.4500000000         0.8197169767         1.4748369777       -13.4626858460
        1.2850043000         1.4500000000         0.8146123230         1.4289031834       -13.5956604945
        1.2900059000         1.4500000000         0.8018506887         1.3702100019       -13.9280971156
        1.2950054000         1.4500000000         0.8299262841         1.3191724527       -13.1967365491
        1.3000064000         1.4500000000         0.7992983618         1.2732386584       -13.9945844399
        1.3050043000         1.4500000000         0.8222693035         1.2145454769       -13.3961985218
        1.3100058000         1.4500000000         0.8095076693         1.1660598052       -13.7286351429
        1.3150049000         1.4500000000         0.8044030155         1.1099185011       -13.8616097914
        1.3200057000         1.4500000000         0.8146123230         1.0588809519       -13.5956604945
        1.3250035000         1.4500000000         0.7941937081         0.9976358929       -14.1275590883
        1.3300052000         1.4500000000         0.8146123230         0.9568058535       -13.5956604945
        1.3350146000         1.4500000000         0.7865367276         0.8879051621       -14.3270210610
        1.3400019000         1.4500000000         0.8069553424         0.8368676129       -13.7951224672
        1.3450036000         1.4500000000         0.7967460350         0.7934856961       -14.0610717641
        1.3500017000         1.4500000000         0.7967460350         0.7271368822       -14.0610717641
        1.3550012000         1.4500000000         0.8044030155         0.6837549654       -13.8616097914
        1.3600044000         1.4500000000         0.8069553424         0.6250617838       -13.7951224672
        1.3650103000         1.4500000000         0.8095076693         0.5714723572       -13.7286351429
        1.3700041000         1.4500000000         0.7916413813         0.5153310531       -14.1940464125
        1.3750095000         1.4500000000         0.8044030155         0.4617416265       -13.8616097914
        1.3800078000         1.4500000000         0.7916413813         0.4004965675       -14.1940464125
        1.3850126000         1.4500000000         0.8120599961         0.3520108957       -13.6621478187
        1.3900067000         1.4500000000         0.7916413813         0.3009733466       -14.1940464125
        1.3950116000         1.4500000000         0.8044030155         0.2397282875       -13.8616097914
        1.4000063000         1.4500000000         0.7916413813         0.1835869834       -14.1940464125
        1.4050149000         1.4500000000         0.7992983618         0.1248938019       -13.9945844399
        1.4100088000         1.4500000000         0.7967460350         0.0662006203       -14.0610717641
        1.4150149000         1.4500000000         0.7839844007         0.0151630711       -14.3935083852
        1.4200055000         1.4500000000         0.8095076693         0.0100593162       -13.7286351429
        1.4250045000         1.4500000000         0.8044030155        -0.0052519485       -13.8616097914
        1.4300067000         1.4500000000         0.7890890544         1.1150222560       -14.2605337368
        1.4350162000         1.4500000000         0.7890890544         5.0040835035       -14.2605337368
        1.4400037000         1.4500000000         0.7992983618         5.0040835035       -13.9945844399
        1.4450046000         1.4500000000         0.7814320738         4.9938759937       -14.4599957094
        1.4500029000         1.4500000000         0.8018506887         4.9402865670       -13.9280971156
        1.4550046000         1.4500000000         0.7839844007         4.8790415080       -14.3935083852
        1.4600026000         1.4500000000         0.7916413813         4.8254520814       -14.1940464125
        1.4650048000         1.4500000000         0.7916413813         4.7667588998       -14.1940464125
        1.4700037000         1.4500000000         0.8018506887         4.7106175957       -13.9280971156
        1.4750045000         1.4500000000         0.8069553424         4.6646838015       -13.7951224672
        1.4800043000         1.4500000000         0.7814320738         4.6008868650       -14.4599957094
        1.4850048000         1.4500000000         0.7967460350         4.5370899285       -14.0610717641
        1.4900038000         1.4500000000         0.7890890544         4.4886042568       -14.2605337368
        1.4950018000         1.4500000000         0.7992983618         4.4324629527       -13.9945844399
        1.5000069000         1.4500000000         0.7992983618         4.3788735260       -13.9945844399
        1.5050038000         1.4500000000         0.8018506887         4.3252840994       -13.9280971156
        1.5100058000         1.4500000000         0.7941937081         4.2691427953       -14.1275590883
        1.5150018000         1.4500000000         0.7941937081         4.2181052461       -14.1275590883
        1.5200067000         1.4500000000         0.7788797470         4.1619639420       -14.5264830337
        1.5250038000         1.4500000000         0.7890890544         4.1032707605       -14.2605337368
        1.5300031000         1.4500000000         0.7941937081         4.0522332113       -14.1275590883
        1.5350047000         1.4500000000         0.7992983618         4.0011956621       -13.9945844399
        1.5400054000         1.4500000000         0.7941937081         3.9399506031       -14.1275590883
        1.5450061000         1.4500000000         0.7967460350         3.8940168088       -14.0610717641
        1.5500066000         1.4500000000         0.7890890544         3.8429792597       -14.2605337368
        1.5550033000         1.4500000000         0.8044030155         3.7868379556       -13.8616097914
        1.5600051000         1.4500000000         0.7814320738         3.7255928965       -14.4599957094
        1.5650022000         1.4500000000         0.8018506887         3.6771072248       -13.9280971156
        1.5700022000         1.4500000000         0.7890890544         3.6184140433       -14.2605337368
        1.5750034000         1.4500000000         0.7941937081         3.5673764941       -14.1275590883
        1.5800063000         1.4500000000         0.7941937081         3.5188908224       -14.1275590883
        1.5850050000         1.4500000000         0.7941937081         3.4653013957       -14.1275590883
        1.5900060000         1.4500000000         0.7916413813         3.4040563367       -14.1940464125
        1.5950059000         1.4500000000         0.7967460350         3.3657781748       -14.0610717641
        1.6000041000         1.4500000000         0.7992983618         3.3070849933       -13.9945844399
        1.6050057000         1.4500000000         0.7967460350         3.2560474441       -14.0610717641
        1.6100063000         1.4500000000         0.8044030155         3.1896986301       -13.8616097914
        1.6150058000         1.4500000000         0.7839844007         3.1361092035       -14.3935083852
        1.6200033000         1.4500000000         0.8018506887         3.0978310416       -13.9280971156
        1.6250058000         1.4500000000         0.8120599961         3.0416897375       -13.6621478187
        1.6300058000         1.4500000000         0.7941937081         2.9804446785       -14.1275590883
        1.6350057000         1.4500000000         0.7967460350         2.9243033744       -14.0610717641
        1.6400057000         1.4500000000         0.7916413813         2.8732658252       -14.1940464125
        1.6450040000         1.4500000000         0.8044030155         2.8222282761       -13.8616097914
        1.6500055000         1.4500000000         0.7967460350         2.7660869720       -14.0610717641
        1.6550043000         1.4500000000         0.7916413813         2.7073937904       -14.1940464125
        1.6600086000         1.4500000000         0.7992983618         2.6691156285       -13.9945844399
        1.6650034000         1.4500000000         0.7992983618         2.6078705695       -13.9945844399
        1.6700132000         1.4500000000         0.7992983618         2.5568330203       -13.9945844399
        1.6750074000         1.4500000000         0.8095076693         2.5057954711       -13.7286351429
        1.6800047000         1.4500000000         0.7967460350         2.4471022896       -14.0610717641
        1.6850071000         1.4500000000         0.8095076693         2.3986166179       -13.7286351429
        1.6900139000         1.4500000000         0.8146123230         2.3475790687       -13.5956604945
        1.6950061000         1.4500000000         0.7967460350         2.2888858871       -14.0610717641
        1.7000054000         1.4500000000         0.8018506887         2.2352964605       -13.9280971156
        1.7050068000         1.4500000000         0.8018506887         2.1868107888       -13.9280971156
        1.7100166000         1.4500000000         0.8095076693         2.1255657297       -13.7286351429
        1.7150043000         1.4500000000         0.7967460350         2.0745281806       -14.0610717641
        1.7200059000         1.4500000000         0.8069553424         2.0209387539       -13.7951224672
        1.7250036000         1.4500000000         0.7814320738         1.9699012047       -14.4599957094
        1.7300058000         1.4500000000         0.8044030155         1.9137599006       -13.8616097914
        1.7350039000         1.4500000000         0.8120599961         1.8703779838       -13.6621478187
        1.7400059000         1.4500000000         0.7941937081         1.8040291699       -14.1275590883
        1.7450051000         1.4500000000         0.8018506887         1.7631991306       -13.9280971156
        1.7500090000         1.4500000000         0.7941937081         1.6968503166       -14.1275590883
        1.7550093000         1.4500000000         0.8197169767         1.6585721547       -13.4626858460
        1.7600060000         1.4500000000         0.7788797470         1.5998789732       -14.5264830337
        1.7650058000         1.4500000000         0.8146123230         1.5513933015       -13.5956604945
        1.7700062000         1.4500000000         0.7916413813         1.4875963650       -14.1940464125
        1.7750059000         1.4500000000         0.8069553424         1.4467663256       -13.7951224672
        1.7800059000         1.4500000000         0.7890890544         1.3931768990       -14.2605337368
        1.7850048000         1.4500000000         0.8069553424         1.3268280851       -13.7951224672
        1.7900061000         1.4500000000         0.7941937081         1.2757905359       -14.1275590883
        1.7950039000         1.4500000000         0.7992983618         1.2298567416       -13.9945844399
        1.8000099000         1.4500000000         0.8069553424         1.1660598052       -13.7951224672
        1.8050062000         1.4500000000         0.7916413813         1.1201260109       -14.1940464125
        1.8100288000         1.4500000000         0.8120599961         1.0741922166       -13.6621478187
        1.8150045000         1.4500000000         0.8044030155         1.0154990351       -13.8616097914
        1.8200060000         1.4500000000         0.8248216304         0.9695652408       -13.3297111976
        1.8250051000         1.4500000000         0.7941937081         0.9083201818       -14.1275590883
        1.8300060000         1.4500000000         0.8018506887         0.8445232453       -13.9280971156
        1.8350056000         1.4500000000         0.7890890544         0.7909338187       -14.2605337368
        1.8400070000         1.4500000000         0.7916413813         0.7450000244       -14.1940464125
        1.8450061000         1.4500000000         0.8018506887         0.6863068429       -13.9280971156
        1.8500117000         1.4500000000         0.7967460350         0.6378211711       -14.0610717641
        1.8550066000         1.4500000000         0.8095076693         0.5791279896       -13.7286351429
        1.8600119000         1.4500000000         0.8018506887         0.5306423179       -13.9280971156
        1.8650058000         1.4500000000         0.8018506887         0.4693972588       -13.9280971156
        1.8700068000         1.4500000000         0.7941937081         0.4183597097       -14.1275590883
        1.8750052000         1.4500000000         0.7941937081         0.3520108957       -14.1275590883
        1.8800133000         1.4500000000         0.7839844007         0.3009733466       -14.3935083852
        1.8850049000         1.4500000000         0.8044030155         0.2524876748       -13.8616097914
        1.8900065000         1.4500000000         0.7941937081         0.1810351060       -14.1275590883
        1.8950046000         1.4500000000         0.7865367276         0.1351013117       -14.3270210610
        1.9000060000         1.4500000000         0.7916413813         0.0713043752       -14.1940464125
        1.9050041000         1.4500000000         0.7890890544         0.0279224584       -14.2605337368
        1.9100054000         1.4500000000         0.7865367276        -0.0052519485       -14.3270210610
        1.9150042000         1.4500000000         0.7865367276         0.0100593162       -14.3270210610
        1.9200053000         1.4500000000         0.7992983618         1.1201260109       -13.9945844399
        1.9250030000         1.4500000000         0.7967460350         5.0040835035       -14.0610717641
        1.9300045000         1.4500000000         0.7865367276         4.9989797486       -14.3270210610
        1.9350035000         1.4500000000         0.7941937081         5.0015316260       -14.1275590883
        1.9400047000         1.4500000000         0.7992983618         4.9428384445       -13.9945844399
        1.9450035000         1.4500000000         0.7814320738         4.8841452629       -14.4599957094
        1.9500048000         1.4500000000         0.7967460350         4.8254520814       -14.0610717641
        1.9550049000         1.4500000000         0.7916413813         4.7693107773       -14.1940464125
        1.9600075000         1.4500000000         0.7916413813         4.7106175957       -14.1940464125
        1.9650059000         1.4500000000         0.7941937081         4.6493725367       -14.1275590883
        1.9700073000         1.4500000000         0.7941937081         4.6008868650       -14.1275590883
        1.9750077000         1.4500000000         0.7941937081         4.5421936834       -14.1275590883
        1.9800048000         1.4500000000         0.7712227664         4.4809486244       -14.7259450063
        1.9850071000         1.4500000000         0.8044030155         4.4375667076       -13.8616097914
        1.9900068000         1.4500000000         0.7763274201         4.3737697711       -14.5929703579
        1.9950064000         1.4500000000         0.7865367276         4.3125247121       -14.3270210610
        2.0000060000         1.4500000000         0.7890890544         4.2640390404       -14.2605337368
        2.0050059000         1.4500000000         0.7967460350         4.2155533687       -14.0610717641
        2.0100049000         1.4500000000         0.7814320738         4.1543083097       -14.4599957094
        2.0150104000         1.4500000000         0.7839844007         4.0981670056       -14.3935083852
        2.0200069000         1.4500000000         0.7992983618         4.0547850888       -13.9945844399
        2.0250068000         1.4500000000         0.7686704396         3.9858843974       -14.7924323306
        2.0300062000         1.4500000000         0.8044030155         3.9399506031       -13.8616097914
        2.0350059000         1.4500000000         0.7967460350         3.8838092990       -14.0610717641
        2.0400057000         1.4500000000         0.7967460350         3.8302198724       -14.0610717641
        2.0450118000         1.4500000000         0.7763274201         3.7689748133       -14.5929703579
        2.0500106000         1.4500000000         0.7865367276         3.7204891416       -14.3270210610
        2.0550057000         1.4500000000         0.7967460350         3.6668997150       -14.0610717641
        2.0600036000         1.4500000000         0.7814320738         3.6082065334       -14.4599957094
        2.0650056000         1.4500000000         0.8044030155         3.5648246166       -13.8616097914
        2.0700047000         1.4500000000         0.7839844007         3.4959239252       -14.3935083852
        2.0750061000         1.4500000000         0.7967460350         3.4525420084       -14.0610717641
        2.0800047000         1.4500000000         0.7941937081         3.3938488269       -14.1275590883
        2.0850117000         1.4500000000         0.8018506887         3.3453631551       -13.9280971156
        2.0900057000         1.4500000000         0.7967460350         3.2892218510       -14.0610717641
        2.0950167000         1.4500000000         0.7941937081         3.2330805470       -14.1275590883
        2.1000048000         1.4500000000         0.7967460350         3.1794911203       -14.0610717641
        2.1050066000         1.4500000000         0.7814320738         3.1207979388       -14.4599957094
        2.1100053000         1.4500000000         0.8018506887         3.0723122670       -13.9280971156
        2.1150098000         1.4500000000         0.7865367276         3.0187228404       -14.3270210610
        2.1200053000         1.4500000000         0.8069553424         2.9702371687       -13.7951224672
        2.1250078000         1.4500000000         0.7890890544         2.9038883547       -14.2605337368
        2.1300099000         1.4500000000         0.7967460350         2.8554026830       -14.0610717641
        2.1350070000         1.4500000000         0.7967460350         2.8069170113       -14.0610717641
        2.1400055000         1.4500000000         0.8120599961         2.7558794621       -13.6621478187
        2.1450131000         1.4500000000         0.7941937081         2.6895306482       -14.1275590883
        2.1500060000         1.4500000000         0.7763274201         2.6359412215       -14.5929703579
        2.1550045000         1.4500000000         0.7916413813         2.5874555498       -14.1940464125
        2.1600027000         1.4500000000         0.7967460350         2.5338661232       -14.0610717641
        2.1650066000         1.4500000000         0.7916413813         2.4828285740       -14.1940464125
        2.1700036000         1.4500000000         0.8044030155         2.4343429023       -13.8616097914
        2.1750048000         1.4500000000         0.8044030155         2.3705459658       -13.8616097914
        2.1800031000         1.4500000000         0.7865367276         2.3220602941       -14.3270210610
        2.1850047000         1.4500000000         0.8044030155         2.2659189900       -13.8616097914
        2.1900060000         1.4500000000         0.7967460350         2.2199851957       -14.0610717641
        2.1950047000         1.4500000000         0.8018506887         2.1689476465       -13.9280971156
        2.2000036000         1.4500000000         0.7967460350         2.1000469552       -14.0610717641
        2.2050045000         1.4500000000         0.7941937081         2.0541131609       -14.1275590883
        2.2100028000         1.4500000000         0.8018506887         1.9979718568       -13.9280971156
        2.2150048000         1.4500000000         0.7865367276         1.9469343076       -14.3270210610
        2.2200028000         1.4500000000         0.8095076693         1.8933448810       -13.7286351429
        2.2250044000         1.4500000000         0.7941937081         1.8423073318       -14.1275590883
        2.2300036000         1.4500000000         0.8069553424         1.7861660277       -13.7951224672
        2.2350047000         1.4500000000         0.7839844007         1.7351284785       -14.3935083852
        2.2400045000         1.4500000000         0.7992983618         1.6764352970       -13.9945844399
        2.2450051000         1.4500000000         0.7967460350         1.6305015027       -14.0610717641
        2.2500029000         1.4500000000         0.8146123230         1.5820158310       -13.5956604945
        2.2550044000         1.4500000000         0.7967460350         1.5182188945       -14.0610717641
        2.2600498000         1.4500000000         0.7890890544         1.4671813453       -14.2605337368
        2.2650024000         1.4500000000         0.8095076693         1.4186956736       -13.7286351429
        2.2700066000         1.4500000000         0.7839844007         1.3651062470       -14.3935083852
        2.2750038000         1.4500000000         0.8324786110         1.3115168203       -13.1302492249
        2.2800039000         1.4500000000         0.7890890544         1.2553755162       -14.2605337368
        2.2850018000         1.4500000000         0.8044030155         1.2043379670       -13.8616097914
        2.2900056000         1.4500000000         0.7941937081         1.1558522953       -14.1275590883
        2.2950032000         1.4500000000         0.8018506887         1.1022628687       -13.9280971156
        2.3000026000         1.4500000000         0.7967460350         1.0486734420       -14.0610717641
        2.3050032000         1.4500000000         0.7890890544         0.9848765056       -14.2605337368
        2.3100035000         1.4500000000         0.8018506887         0.9363908338       -13.9280971156
        2.3150022000         1.4500000000         0.7839844007         0.8751457748       -14.3935083852
        2.3200022000         1.4500000000         0.8171646498         0.8343157355       -13.5291731703
        2.3250027000         1.4500000000         0.7916413813         0.7705187990       -14.1940464125
        2.3300035000         1.4500000000         0.7967460350         0.7194812498       -14.0610717641
        2.3350035000         1.4500000000         0.7865367276         0.6658918232       -14.3270210610
        2.3400030000         1.4500000000         0.7967460350         0.6071986416       -14.0610717641
        2.3450014000         1.4500000000         0.8171646498         0.5561610925       -13.5291731703
        2.3500041000         1.4500000000         0.7814320738         0.4923641560       -14.4599957094
        2.3550034000         1.4500000000         0.7992983618         0.4438784843       -13.9945844399
        2.3600022000         1.4500000000         0.7890890544         0.3877371802       -14.2605337368
        2.3650023000         1.4500000000         0.7992983618         0.3315958761       -13.9945844399
        2.3700014000         1.4500000000         0.7839844007         0.2703508170       -14.3935083852
        2.3750034000         1.4500000000         0.8018506887         0.2218651453       -13.9280971156
        2.3800016000         1.4500000000         0.7865367276         0.1631719638       -14.3270210610
        2.3850045000         1.4500000000         0.8069553424         0.1095825371       -13.7951224672
        2.3900037000         1.4500000000         0.7839844007         0.0432337232       -14.3935083852
        2.3950023000         1.4500000000         0.8018506887         0.0024036839       -13.9280971156
        2.4000024000         1.4500000000         0.7890890544        -0.0001481936       -14.2605337368
        2.4050030000         1.4500000000         0.7941937081        -0.0027000711       -14.1275590883
        2.4100014000         1.4500000000         0.7916413813         1.1099185011       -14.1940464125
        2.4150025000         1.4500000000         0.7890890544         5.0066353810       -14.2605337368
        2.4200021000         1.4500000000         0.7941937081         5.0066353810       -14.1275590883
        2.4250024000         1.4500000000         0.7941937081         4.9811166064       -14.1275590883
        2.4300021000         1.4500000000         0.7967460350         4.9249753023       -14.0610717641
        2.4350024000         1.4500000000         0.7890890544         4.8662821207       -14.2605337368
        2.4400032000         1.4500000000         0.7865367276         4.7999333068       -14.3270210610
        2.4450030000         1.4500000000         0.7737750933         4.7386882478       -14.6594576821
        2.4500022000         1.4500000000         0.7967460350         4.6953063310       -14.0610717641
        2.4550060000         1.4500000000         0.7865367276         4.6366131494       -14.3270210610
        2.4600034000         1.4500000000         0.7941937081         4.5702643355       -14.1275590883
        2.4650056000         1.4500000000         0.7839844007         4.5166749088       -14.3935083852
        2.4700070000         1.4500000000         0.7839844007         4.4554298498       -14.3935083852
        2.4750034000         1.4500000000         0.7890890544         4.4043923006       -14.2605337368
        2.4800017000         1.4500000000         0.7865367276         4.3508028740       -14.3270210610
        2.4850035000         1.4500000000         0.7890890544         4.2870059375       -14.2605337368
        2.4900039000         1.4500000000         0.7992983618         4.2461758982       -13.9945844399
        2.4950030000         1.4500000000         0.7967460350         4.1849308392       -14.0610717641
        2.5000022000         1.4500000000         0.7916413813         4.1262376576       -14.1940464125
        2.5050028000         1.4500000000         0.7890890544         4.0777519859       -14.2605337368
        2.5100016000         1.4500000000         0.7839844007         4.0216106818       -14.3935083852
        2.5150035000         1.4500000000         0.7916413813         3.9680212551       -14.1940464125
        2.5200013000         1.4500000000         0.7916413813         3.9093280736       -14.1940464125
        2.5250055000         1.4500000000         0.7890890544         3.8633942793       -14.2605337368
        2.5300019000         1.4500000000         0.7967460350         3.8072529752       -14.0610717641
        2.5350040000         1.4500000000         0.7839844007         3.7511116711       -14.3935083852
        2.5400043000         1.4500000000         0.7992983618         3.6949703670       -13.9945844399
        2.5450030000         1.4500000000         0.7839844007         3.6439328179       -14.3935083852
        2.5500023000         1.4500000000         0.7992983618         3.5979990236       -13.9945844399
        2.5550040000         1.4500000000         0.8018506887         3.5418577195       -13.9280971156
        2.5600023000         1.4500000000         0.7941937081         3.4806126605       -14.1275590883
        2.5650069000         1.4500000000         0.7916413813         3.4168157240       -14.1940464125
        2.5700035000         1.4500000000         0.7890890544         3.3632262974       -14.2605337368
        2.5750029000         1.4500000000         0.7992983618         3.3198443806       -13.9945844399
        2.5800023000         1.4500000000         0.7865367276         3.2637030765       -14.3270210610
        2.5850021000         1.4500000000         0.7967460350         3.2075617724       -14.0610717641
        2.5900038000         1.4500000000         0.7916413813         3.1565242232       -14.1940464125
        2.5950028000         1.4500000000         0.7865367276         3.1003829191       -14.3270210610
        2.6000014000         1.4500000000         0.8044030155         3.0518972474       -13.8616097914
        2.6050063000         1.4500000000         0.7941937081         3.0034115756       -14.1275590883
        2.6100035000         1.4500000000         0.7941937081         2.9447183941       -14.1275590883
        2.6150048000         1.4500000000         0.7763274201         2.8834733351       -14.5929703579
        2.6200037000         1.4500000000         0.7967460350         2.8349876633       -14.0610717641
        2.6250051000         1.4500000000         0.7814320738         2.7762944818       -14.4599957094
        2.6300028000         1.4500000000         0.8018506887         2.7354644424       -13.9280971156
        2.6350026000         1.4500000000         0.7814320738         2.6665637511       -14.4599957094
        2.6400038000         1.4500000000         0.7941937081         2.6206299568       -14.1275590883
        2.6450029000         1.4500000000         0.7967460350         2.5670405302       -14.0610717641
        2.6500016000         1.4500000000         0.7941937081         2.5057954711       -14.1275590883
        2.6550029000         1.4500000000         0.8018506887         2.4649654318       -13.9280971156
        2.6600021000         1.4500000000         0.7890890544         2.4037203728       -14.2605337368
        2.6650336000         1.4500000000         0.8095076693         2.3577865785       -13.7286351429
        2.6700019000         1.4500000000         0.7916413813         2.2939896420       -14.1940464125
        2.6750039000         1.4500000000         0.8018506887         2.2506077252       -13.9280971156
        2.6800071000         1.4500000000         0.7967460350         2.1919145437       -14.0610717641
        2.6850046000         1.4500000000         0.8018506887         2.1383251170       -13.9280971156
        2.6900077000         1.4500000000         0.7890890544         2.0821838129       -14.2605337368
        2.6950059000         1.4500000000         0.8095076693         2.0388018961       -13.7286351429
        2.7000036000         1.4500000000         0.7941937081         1.9724530822       -14.1275590883
        2.7050037000         1.4500000000         0.8044030155         1.9188636556       -13.8616097914
        2.7100066000         1.4500000000         0.8095076693         1.8780336162       -13.7286351429
        2.7150049000         1.4500000000         0.7941937081         1.8193404347       -14.1275590883
        2.7200045000         1.4500000000         0.8018506887         1.7657510080       -13.9280971156
        2.7250063000         1.4500000000         0.7916413813         1.7096097039       -14.1940464125
        2.7300045000         1.4500000000         0.8018506887         1.6585721547       -13.9280971156
        2.7350028000         1.4500000000         0.7763274201         1.5998789732       -14.5929703579
        2.7400044000         1.4500000000         0.8146123230         1.5616008113       -13.5956604945
        2.7450063000         1.4500000000         0.7865367276         1.4927001199       -14.3270210610
        2.7500041000         1.4500000000         0.8018506887         1.4442144482       -13.9280971156
        2.7550063000         1.4500000000         0.7839844007         1.3931768990       -14.3935083852
        2.7600045000         1.4500000000         0.7992983618         1.3344837175       -13.9945844399
        2.7650062000         1.4500000000         0.8018506887         1.2911018006       -13.9280971156
        2.7700045000         1.4500000000         0.7737750933         1.2247529867       -14.6594576821
        2.7750060000         1.4500000000         0.8146123230         1.1864748248       -13.5956604945
        2.7800056000         1.4500000000         0.7814320738         1.1252297658       -14.4599957094
        2.7850061000         1.4500000000         0.8146123230         1.0767440941       -13.5956604945
        2.7900075000         1.4500000000         0.7737750933         1.0103952802       -14.6594576821
        2.7950065000         1.4500000000         0.8069553424         0.9670133634       -13.7951224672
        2.8000050000         1.4500000000         0.7788797470         0.9032164269       -14.5264830337
        2.8050060000         1.4500000000         0.7967460350         0.8496270002       -14.0610717641
        2.8100038000         1.4500000000         0.8069553424         0.8011413285       -13.7951224672
        2.8150065000         1.4500000000         0.7992983618         0.7450000244       -13.9945844399
        2.8200040000         1.4500000000         0.7941937081         0.6888587203       -14.1275590883
        2.8250056000         1.4500000000         0.7916413813         0.6301655388       -14.1940464125
        2.8300031000         1.4500000000         0.7992983618         0.5765761121       -13.9945844399
        2.8350047000         1.4500000000         0.7865367276         0.5255385629       -14.3270210610
        2.8400037000         1.4500000000         0.8018506887         0.4642935039       -13.9280971156
        2.8450049000         1.4500000000         0.7839844007         0.4107040773       -14.3935083852
        2.8500035000         1.4500000000         0.8069553424         0.3596665281       -13.7951224672
        2.8550044000         1.4500000000         0.7737750933         0.2933177142       -14.6594576821
        2.8600096000         1.4500000000         0.7941937081         0.2397282875       -14.1275590883
        2.8650094000         1.4500000000         0.7763274201         0.1810351060       -14.5929703579
        2.8700041000         1.4500000000         0.7865367276         0.1223419244       -14.3270210610
        2.8750035000         1.4500000000         0.7814320738         0.0687524978       -14.4599957094
        2.8800036000         1.4500000000         0.7763274201         0.0100593162       -14.5929703579
        2.8850045000         1.4500000000         0.8018506887         0.0075074388       -13.9280971156
        2.8900037000         1.4500000000         0.7839844007        -0.0001481936       -14.3935083852
        2.8950032000         1.4500000000         0.7839844007         1.1048147461       -14.3935083852
        2.9000054000         1.4500000000         0.7712227664         5.0040835035       -14.7259450063
        2.9050040000         1.4500000000         0.7788797470         5.0015316260       -14.5264830337
        2.9100033000         1.4500000000         0.7788797470         4.9887722387       -14.5264830337
        2.9150023000         1.4500000000         0.7916413813         4.9351828121       -14.1940464125
        2.9200142000         1.4500000000         0.7814320738         4.8688339982       -14.4599957094
        2.9250027000         1.4500000000         0.7814320738         4.8152445715       -14.4599957094
        2.9300020000         1.4500000000         0.7737750933         4.7488957576       -14.6594576821
        2.9350016000         1.4500000000         0.7890890544         4.6953063310       -14.2605337368
        2.9400032000         1.4500000000         0.7941937081         4.6442687818       -14.1275590883
        2.9450025000         1.4500000000         0.7788797470         4.5830237228       -14.5264830337
        2.9500014000         1.4500000000         0.7839844007         4.5217786637       -14.3935083852
        2.9550032000         1.4500000000         0.7890890544         4.4732929920       -14.2605337368
        2.9600014000         1.4500000000         0.7839844007         4.4094960556       -14.3935083852
        2.9650029000         1.4500000000         0.7814320738         4.3610103838       -14.4599957094
        2.9700022000         1.4500000000         0.7788797470         4.2946615699       -14.5264830337
        2.9750029000         1.4500000000         0.7686704396         4.2385202658       -14.7924323306
        2.9800015000         1.4500000000         0.7890890544         4.1951383490       -14.2605337368
        2.9850021000         1.4500000000         0.7839844007         4.1236857801       -14.3935083852
        2.9900031000         1.4500000000         0.7865367276         4.0777519859       -14.3270210610
        2.9950026000         1.4500000000         0.7788797470         4.0216106818       -14.5264830337
        3.0000014000         1.4500000000         0.7814320738         3.9731250101       -14.4599957094
        3.0050045000         1.4500000000         0.7941937081         3.9144318285       -14.1275590883
        3.0100040000         1.4500000000         0.7814320738         3.8557386469       -14.4599957094
        3.0150031000         1.4500000000         0.7890890544         3.8072529752       -14.2605337368
        3.0200015000         1.4500000000         0.7839844007         3.7460079162       -14.3935083852
        3.0250028000         1.4500000000         0.7916413813         3.6898666121       -14.1940464125
        3.0300022000         1.4500000000         0.7737750933         3.6311734306       -14.6594576821
        3.0350054000         1.4500000000         0.7839844007         3.5775840039       -14.3935083852
        3.0400078000         1.4500000000         0.7788797470         3.5214426998       -14.5264830337
        3.0450045000         1.4500000000         0.7686704396         3.4653013957       -14.7924323306
        3.0500041000         1.4500000000         0.7967460350         3.4244713564       -14.0610717641
        3.0550032000         1.4500000000         0.7916413813         3.3632262974       -14.1940464125
        3.0600024000         1.4500000000         0.7865367276         3.3147406256       -14.3270210610
        3.0650029000         1.4500000000         0.7763274201         3.2483918117       -14.5929703579
        3.0700015000         1.4500000000         0.7941937081         3.1999061400       -14.1275590883
        3.0750064000         1.4500000000         0.7763274201         3.1514204683       -14.5929703579
        3.0800031000         1.4500000000         0.7916413813         3.0952791642       -14.1940464125
        3.0850056000         1.4500000000         0.7992983618         3.0314822277       -13.9945844399
        3.0900043000         1.4500000000         0.8069553424         2.9855484334       -13.7951224672
        3.0950032000         1.4500000000         0.7737750933         2.9294071293       -14.6594576821
        3.1000014000         1.4500000000         0.7890890544         2.8656101929       -14.2605337368
        3.1050036000         1.4500000000         0.7916413813         2.8196763986       -14.1940464125
        3.1100017000         1.4500000000         0.7814320738         2.7635350945       -14.4599957094
        3.1150050000         1.4500000000         0.7967460350         2.7022900355       -14.0610717641
        3.1200032000         1.4500000000         0.7839844007         2.6538043638       -14.3935083852
        3.1250030000         1.4500000000         0.7992983618         2.6053186920       -13.9945844399
        3.1300014000         1.4500000000         0.7890890544         2.5415217556       -14.2605337368
        3.1350060000         1.4500000000         0.7967460350         2.4930360838       -14.0610717641
        3.1400042000         1.4500000000         0.7763274201         2.4343429023       -14.5929703579
        3.1450030000         1.4500000000         0.8044030155         2.3858572306       -13.8616097914
        3.1500015000         1.4500000000         0.7916413813         2.3399234363       -14.1940464125
        3.1550034000         1.4500000000         0.7992983618         2.2735746224       -13.9945844399
        3.1600016000         1.4500000000         0.8069553424         2.2327445830       -13.7951224672
        3.1650024000         1.4500000000         0.7941937081         2.1663957691       -14.1275590883
        3.1700021000         1.4500000000         0.7839844007         2.1179100974       -14.3935083852
        3.1750047000         1.4500000000         0.7941937081         2.0643206707       -14.1275590883
        3.1800045000         1.4500000000         0.8018506887         2.0107312441       -13.9280971156
        3.1850042000         1.4500000000         0.7814320738         1.9545899400       -14.4599957094
        3.1900041000         1.4500000000         0.7967460350         1.8933448810       -14.0610717641
        3.1950047000         1.4500000000         0.7941937081         1.8499629642       -14.1275590883
        3.2000027000         1.4500000000         0.8044030155         1.8014772924       -13.8616097914
        3.2050075000         1.4500000000         0.8018506887         1.7478878658       -13.9280971156
        3.2100064000         1.4500000000         0.7916413813         1.6891946843       -14.1940464125
        3.2150045000         1.4500000000         0.7967460350         1.6381571351       -14.0610717641
        3.2200029000         1.4500000000         0.7916413813         1.5845677084       -14.1940464125
        3.2250047000         1.4500000000         0.8146123230         1.5360820367       -13.5956604945
        3.2300046000         1.4500000000         0.7890890544         1.4773888552       -14.2605337368
        3.2350046000         1.4500000000         0.8044030155         1.4289031834       -13.8616097914
        3.2400090000         1.4500000000         0.7941937081         1.3753137568       -14.1275590883
        3.2450074000         1.4500000000         0.7941937081         1.3115168203       -14.1275590883
        3.2500041000         1.4500000000         0.7839844007         1.2604792711       -14.3935083852
        3.2550046000         1.4500000000         0.8069553424         1.2094417220       -13.7951224672
        3.2600063000         1.4500000000         0.7992983618         1.1558522953       -13.9945844399
        3.2650035000         1.4500000000         0.7992983618         1.1048147461       -13.9945844399
        3.2700066000         1.4500000000         0.7967460350         1.0512253195       -14.0610717641
        3.2750040000         1.4500000000         0.8018506887         0.9950840154       -13.9280971156
        3.2800062000         1.4500000000         0.8044030155         0.9491502211       -13.8616097914
        3.2850068000         1.4500000000         0.7788797470         0.8802495297       -14.5264830337
        3.2900061000         1.4500000000         0.8248216304         0.8317638580       -13.3297111976
        3.2950037000         1.4500000000         0.7865367276         0.7705187990       -14.3270210610
        3.3000059000         1.4500000000         0.7941937081         0.7245850047       -14.1275590883
        3.3050040000         1.4500000000         0.7865367276         0.6658918232       -14.3270210610
        3.3100062000         1.4500000000         0.7992983618         0.6046467642       -13.9945844399
        3.3150043000         1.4500000000         0.8069553424         0.5663686023       -13.7951224672
        3.3200059000         1.4500000000         0.7814320738         0.4974679109       -14.4599957094
        3.3250042000         1.4500000000         0.8018506887         0.4489822392       -13.9280971156
        3.3300096000         1.4500000000         0.7865367276         0.3928409351       -14.3270210610
        3.3350061000         1.4500000000         0.7992983618         0.3366996310       -13.9945844399
        3.3400087000         1.4500000000         0.7814320738         0.2754545720       -14.4599957094
        3.3450054000         1.4500000000         0.8069553424         0.2218651453       -13.7951224672
        3.3500111000         1.4500000000         0.7788797470         0.1657238412       -14.5264830337
        3.3550068000         1.4500000000         0.7992983618         0.1095825371       -13.9945844399
        3.3600147000         1.4500000000         0.7865367276         0.0457856007       -14.3270210610
        3.3650059000         1.4500000000         0.7941937081        -0.0001481936       -14.1275590883
        3.3700048000         1.4500000000         0.7865367276        -0.0001481936       -14.3270210610
        3.3750063000         1.4500000000         0.7941937081         0.0024036839       -14.1275590883
        3.3800047000         1.4500000000         0.7916413813         1.1175741334       -14.1940464125
        3.3850443000         1.4500000000         0.7890890544         5.0066353810       -14.2605337368
        3.3900048000         1.4500000000         0.7788797470         5.0066353810       -14.5264830337
        3.3950543000         1.4500000000         0.7941937081         4.9734609740       -14.1275590883
        3.4000047000         1.4500000000         0.7916413813         4.9198715474       -14.1940464125
        3.4050044000         1.4500000000         0.7763274201         4.8535227334       -14.5929703579
        3.4100064000         1.4500000000         0.7890890544         4.8050370617       -14.2605337368
        3.4150052000         1.4500000000         0.7865367276         4.7412401252       -14.3270210610
        3.4200037000         1.4500000000         0.7839844007         4.6876506986       -14.3935083852
        3.4250045000         1.4500000000         0.7763274201         4.6340612719       -14.5929703579
        3.4300028000         1.4500000000         0.7814320738         4.5651605806       -14.4599957094
        3.4350047000         1.4500000000         0.7814320738         4.5141230314       -14.4599957094
        3.4400037000         1.4500000000         0.7839844007         4.4579817273       -14.3935083852
        3.4450047000         1.4500000000         0.7788797470         4.3967366683       -14.5264830337
        3.4500055000         1.4500000000         0.7839844007         4.3456991191       -14.3935083852
        3.4550066000         1.4500000000         0.7839844007         4.2921096924       -14.3935083852
        3.4600026000         1.4500000000         0.7839844007         4.2334165109       -14.3935083852
        3.4650051000         1.4500000000         0.7941937081         4.1772752068       -14.1275590883
        3.4700034000         1.4500000000         0.7890890544         4.1211339027       -14.2605337368
        3.4750043000         1.4500000000         0.7941937081         4.0777519859       -14.1275590883
        3.4800062000         1.4500000000         0.7941937081         4.0139550494       -14.1275590883
        3.4850049000         1.4500000000         0.7967460350         3.9654693777       -14.0610717641
        3.4900029000         1.4500000000         0.7865367276         3.9016724412       -14.3270210610
        3.4950051000         1.4500000000         0.7814320738         3.8531867695       -14.4599957094
        3.5000033000         1.4500000000         0.8044030155         3.8021492203       -13.8616097914
        3.5050044000         1.4500000000         0.7814320738         3.7434560388       -14.4599957094
        3.5100033000         1.4500000000         0.7992983618         3.6949703670       -13.9945844399
        3.5150049000         1.4500000000         0.7941937081         3.6286215531       -14.1275590883
        3.5200034000         1.4500000000         0.7916413813         3.5826877588       -14.1940464125
        3.5250045000         1.4500000000         0.7967460350         3.5265464547       -14.0610717641
        3.5300034000         1.4500000000         0.7941937081         3.4780607830       -14.1275590883
        3.5350048000         1.4500000000         0.8069553424         3.4193676015       -13.7951224672
        3.5400057000         1.4500000000         0.7839844007         3.3657781748       -14.3935083852
        3.5450048000         1.4500000000         0.8018506887         3.3121887482       -13.9280971156
        3.5500038000         1.4500000000         0.7916413813         3.2483918117       -14.1940464125
        3.5550046000         1.4500000000         0.8095076693         3.2101136498       -13.7286351429
        3.5600043000         1.4500000000         0.7839844007         3.1437648359       -14.3935083852
        3.5650047000         1.4500000000         0.7992983618         3.1054866740       -13.9945844399
        3.5700037000         1.4500000000         0.7890890544         3.0391378601       -14.2605337368
        3.5750042000         1.4500000000         0.7941937081         2.9932040658       -14.1275590883
        3.5800038000         1.4500000000         0.7941937081         2.9294071293       -14.1275590883
        3.5850047000         1.4500000000         0.7992983618         2.8860252125       -13.9945844399
        3.5900035000         1.4500000000         0.7916413813         2.8222282761       -14.1940464125
        3.5950053000         1.4500000000         0.7839844007         2.7737426043       -14.3935083852
        3.6000032000         1.4500000000         0.7941937081         2.7176013002       -14.1275590883
        3.6050044000         1.4500000000         0.7839844007         2.6614599961       -14.3935083852
        3.6100031000         1.4500000000         0.8095076693         2.6104224470       -13.7286351429
        3.6150046000         1.4500000000         0.7865367276         2.5491773879       -14.3270210610
        3.6200029000         1.4500000000         0.8069553424         2.5032435937       -13.7951224672
        3.6250043000         1.4500000000         0.7992983618         2.4496541670       -13.9945844399
        3.6300063000         1.4500000000         0.7941937081         2.3960647404       -14.1275590883
        3.6350049000         1.4500000000         0.8044030155         2.3501309461       -13.8616097914
        3.6400028000         1.4500000000         0.7890890544         2.2812302547       -14.2605337368
        3.6450023000         1.4500000000         0.7941937081         2.2301927056       -14.1275590883
        3.6500061000         1.4500000000         0.7916413813         2.1766032789       -14.1940464125
        3.6550032000         1.4500000000         0.7890890544         2.1230138523       -14.2605337368
        3.6600041000         1.4500000000         0.7941937081         2.0796319355       -14.1275590883
        3.6650037000         1.4500000000         0.7992983618         2.0132831215       -13.9945844399
        3.6700055000         1.4500000000         0.7865367276         1.9699012047       -14.3270210610
        3.6750035000         1.4500000000         0.7967460350         1.9137599006       -14.0610717641
        3.6800047000         1.4500000000         0.7967460350         1.8627223515       -14.0610717641
        3.6850043000         1.4500000000         0.8069553424         1.8116848023       -13.7951224672
        3.6900047000         1.4500000000         0.7916413813         1.7478878658       -14.1940464125
        3.6950045000         1.4500000000         0.8018506887         1.7045059490       -13.9280971156
        3.7000029000         1.4500000000         0.7967460350         1.6483646449       -14.0610717641
        3.7050060000         1.4500000000         0.7839844007         1.5922233408       -14.3935083852
        3.7100059000         1.4500000000         0.8120599961         1.5437376691       -13.6621478187
        3.7150044000         1.4500000000         0.7865367276         1.4850444875       -14.3270210610
        3.7200021000         1.4500000000         0.8018506887         1.4391106933       -13.9280971156
        3.7250043000         1.4500000000         0.7839844007         1.3804175117       -14.3935083852
        3.7300068000         1.4500000000         0.8018506887         1.3217243302       -13.9280971156
        3.7350044000         1.4500000000         0.7967460350         1.2808942908       -14.0610717641
        3.7400066000         1.4500000000         0.8018506887         1.2222011093       -13.9280971156
        3.7450037000         1.4500000000         0.7967460350         1.1686116826       -14.0610717641
        3.7500058000         1.4500000000         0.7916413813         1.1252297658       -14.1940464125
        3.7550060000         1.4500000000         0.8095076693         1.0614328293       -13.7286351429
        3.7600056000         1.4500000000         0.7890890544         1.0052915252       -14.2605337368
        3.7650033000         1.4500000000         0.8120599961         0.9568058535       -13.6621478187
        3.7700054000         1.4500000000         0.7737750933         0.8955607945       -14.6594576821
        3.7750058000         1.4500000000         0.8018506887         0.8419713679       -13.9280971156
        3.7800053000         1.4500000000         0.7890890544         0.7934856961       -14.2605337368
        3.7850058000         1.4500000000         0.7941937081         0.7322406371       -14.1275590883
        3.7900074000         1.4500000000         0.7814320738         0.6684437007       -14.4599957094
        3.7950059000         1.4500000000         0.7941937081         0.6199580289       -14.1275590883
        3.8000101000         1.4500000000         0.8018506887         0.5663686023       -13.9280971156
        3.8050056000         1.4500000000         0.7941937081         0.5153310531       -14.1275590883
        3.8100065000         1.4500000000         0.7967460350         0.4515341166       -14.0610717641
        3.8150083000         1.4500000000         0.7865367276         0.3979446900       -14.3270210610
        3.8200057000         1.4500000000         0.7890890544         0.3392515084       -14.2605337368
        3.8250050000         1.4500000000         0.7890890544         0.2958695916       -14.2605337368
        3.8300065000         1.4500000000         0.8018506887         0.2320726552       -13.9280971156
        3.8350042000         1.4500000000         0.7890890544         0.1784832285       -14.2605337368
        3.8400062000         1.4500000000         0.7890890544         0.1070306597       -14.2605337368
        3.8450074000         1.4500000000         0.7839844007         0.0585449879       -14.3935083852
        3.8500131000         1.4500000000         0.7916413813         0.0100593162       -14.1940464125
        3.8550068000         1.4500000000         0.7788797470        -0.0052519485       -14.5264830337
        3.8600142000         1.4500000000         0.7865367276         0.0024036839       -14.3270210610
        3.8650091000         1.4500000000         0.7865367276         1.1048147461       -14.3270210610
        3.8700074000         1.4500000000         0.7814320738         5.0015316260       -14.4599957094
        3.8750066000         1.4500000000         0.7890890544         5.0117391359       -14.2605337368
        3.8800099000         1.4500000000         0.7737750933         4.9709090965       -14.6594576821
        3.8850046000         1.4500000000         0.7865367276         4.9198715474       -14.3270210610
        3.8900074000         1.4500000000         0.7661181127         4.8586264883       -14.8589196548
        3.8950058000         1.4500000000         0.7814320738         4.7922776744       -14.4599957094
        3.9000074000         1.4500000000         0.7890890544         4.7514476351       -14.2605337368
        3.9050066000         1.4500000000         0.7865367276         4.6876506986       -14.3270210610
        3.9100146000         1.4500000000         0.7763274201         4.6315093945       -14.5929703579
        3.9150061000         1.4500000000         0.7890890544         4.5753680904       -14.2605337368
        3.9200174000         1.4500000000         0.7712227664         4.5064673990       -14.7259450063
        3.9250038000         1.4500000000         0.7916413813         4.4605336047       -14.1940464125
        3.9300085000         1.4500000000         0.7916413813         4.4018404232       -14.1940464125
        3.9350056000         1.4500000000         0.7865367276         4.3482509965       -14.3270210610
        3.9400124000         1.4500000000         0.7941937081         4.2997653248       -14.1275590883
        3.9450079000         1.4500000000         0.7890890544         4.2334165109       -14.2605337368
        3.9500118000         1.4500000000         0.8044030155         4.1874827166       -13.8616097914
        3.9550061000         1.4500000000         0.7865367276         4.1338932900       -14.3270210610
        3.9600081000         1.4500000000         0.7941937081         4.0752001084       -14.1275590883
        3.9650125000         1.4500000000         0.7916413813         4.0216106818       -14.1940464125
        3.9700048000         1.4500000000         0.7839844007         3.9603656228       -14.3935083852
        3.9750045000         1.4500000000         0.8018506887         3.9144318285       -13.9280971156
        3.9800042000         1.4500000000         0.7916413813         3.8659461568       -14.1940464125
        3.9850071000         1.4500000000         0.7890890544         3.8021492203       -14.2605337368
        3.9900060000         1.4500000000         0.7788797470         3.7485597937       -14.5264830337
        3.9950048000         1.4500000000         0.7967460350         3.7000741219       -14.0610717641
