% Motor Sweep Step 136/180
% Vcmd       = 1.1000 [V]
% Direction  = CCW
% Zone       = OUTER
% Vg_offset  = 1.336525 [V]
% K_gimbal   = 26.049690 [(rad/s)/V]

Time[s]              Vcmd[V]              Vg_raw[V]            Pot[V]               Omega[rad/s]
        0.0001180000         1.1000000000         1.3327346748         2.7405681974        -0.0987336765
        0.0050119000         1.1000000000         1.3429439823         2.7507757072         0.1672156204
        0.0100107000         1.1000000000         1.3378393285         2.7482238297         0.0342409720
        0.0150107000         1.1000000000         1.2408509080         2.7329125650        -2.4922773486
        0.0200513000         1.1000000000         1.0085891641         2.7176013002        -8.5426238533
        0.0250051000         1.1000000000         1.1004729309         2.6946344031        -6.1490801811
        0.0300050000         1.1000000000         1.0111414909         2.6487006088        -8.4761365290
        0.0350071000         1.1000000000         0.9881705492         2.6155262019        -9.0745224471
        0.0400077000         1.1000000000         0.9856182224         2.5951111822        -9.1410097713
        0.0450068000         1.1000000000         0.9575426269         2.5593848978        -9.8723703378
        0.0500052000         1.1000000000         0.9013914361         2.5057954711       -11.3350914708
        0.0550052000         1.1000000000         0.9141530704         2.4675173092       -11.0026548497
        0.0600063000         1.1000000000         0.9116007435         2.4292391474       -11.0691421739
        0.0650070000         1.1000000000         0.8758681675         2.3730978433       -11.9999647131
        0.0700061000         1.1000000000         0.8426879184         2.3271640490       -12.8642999280
        0.0750057000         1.1000000000         0.8784204944         2.2863340097       -11.9334773888
        0.0800042000         1.1000000000         0.8452402453         2.2327445830       -12.7978126038
        0.0850059000         1.1000000000         0.8401355915         2.1893626662       -12.9307872522
        0.0900056000         1.1000000000         0.8350309378         2.1408769945       -13.0637619007
        0.0950055000         1.1000000000         0.8197169767         2.0821838129       -13.4626858460
        0.1000038000         1.1000000000         0.8273739573         2.0388018961       -13.2632238734
        0.1050060000         1.1000000000         0.8018506887         1.9852124695       -13.9280971156
        0.1100051000         1.1000000000         0.8069553424         1.9341749203       -13.7951224672
        0.1151108000         1.1000000000         0.7941937081         1.8805854937       -14.1275590883
        0.1200185000         1.1000000000         0.7967460350         1.8269960670       -14.0610717641
        0.1250055000         1.1000000000         0.7865367276         1.7683028855       -14.3270210610
        0.1300036000         1.1000000000         0.7737750933         1.7249209687       -14.6594576821
        0.1350054000         1.1000000000         0.7737750933         1.6585721547       -14.6594576821
        0.1401298000         1.1000000000         0.7456994979         1.6024308506       -15.3908182486
        0.1450043000         1.1000000000         0.7814320738         1.5539451789       -14.4599957094
        0.1502709000         1.1000000000         0.7456994979         1.4875963650       -15.3908182486
        0.1550050000         1.1000000000         0.7610134590         1.4340069384       -14.9918943033
        0.1600046000         1.1000000000         0.7278332099         1.3702100019       -15.8562295182
        0.1650047000         1.1000000000         0.7763274201         1.3242762076       -14.5929703579
        0.1700052000         1.1000000000         0.7201762293         1.2579273937       -16.0556914909
        0.1750049000         1.1000000000         0.7431471710         1.1992342121       -15.4573055728
        0.1800051000         1.1000000000         0.7303855367         1.1405410306       -15.7897421940
        0.1850059000         1.1000000000         0.7431471710         1.0869516039       -15.4573055728
        0.1900102000         1.1000000000         0.7150715756         1.0206027900       -16.1886661393
        0.1950057000         1.1000000000         0.7125192487         0.9517020986       -16.2551534636
        0.2000036000         1.1000000000         0.7150715756         0.8930089170       -16.1886661393
        0.2050060000         1.1000000000         0.7252808830         0.8317638580       -15.9227168424
        0.2100035000         1.1000000000         0.7048622681         0.7654150441       -16.4546154362
        0.2150046000         1.1000000000         0.7201762293         0.6965143527       -16.0556914909
        0.2200049000         1.1000000000         0.7048622681         0.6378211711       -16.4546154362
        0.2250047000         1.1000000000         0.7227285561         0.5765761121       -15.9892041667
        0.2300034000         1.1000000000         0.6921006339         0.5127791757       -16.7870520574
        0.2350052000         1.1000000000         0.7150715756         0.4489822392       -16.1886661393
        0.2400050000         1.1000000000         0.7023099413         0.3826334252       -16.5211027605
        0.2450055000         1.1000000000         0.7125192487         0.3239402437       -16.2551534636
        0.2500055000         1.1000000000         0.6997576144         0.2473839199       -16.5875900847
        0.2550069000         1.1000000000         0.6946529607         0.1886907384       -16.7205647331
        0.2600031000         1.1000000000         0.6997576144         0.1197900470       -16.5875900847
        0.2650047000         1.1000000000         0.6793389996         0.0432337232       -17.1194886785
        0.2700054000         1.1000000000         0.6997576144         0.0075074388       -16.5875900847
        0.2750049000         1.1000000000         0.6895483070         0.0049555613       -16.8535393816
        0.2800068000         1.1000000000         0.6844436533         1.0971591138       -16.9865140301
        0.2850054000         1.1000000000         0.6716820190         4.9989797486       -17.3189506512
        0.2900050000         1.1000000000         0.6869959802         5.0142910133       -16.9200267058
        0.2950048000         1.1000000000         0.6716820190         4.9555978318       -17.3189506512
        0.3000048000         1.1000000000         0.6767866727         4.8892490178       -17.1859760027
        0.3050055000         1.1000000000         0.6716820190         4.8229002039       -17.3189506512
        0.3100054000         1.1000000000         0.6767866727         4.7437920027       -17.1859760027
        0.3150056000         1.1000000000         0.6716820190         4.6850988211       -17.3189506512
        0.3200053000         1.1000000000         0.6691296922         4.6110943748       -17.3854379754
        0.3250038000         1.1000000000         0.6614727116         4.5447455609       -17.5848999481
        0.3300054000         1.1000000000         0.6716820190         4.4732929920       -17.3189506512
        0.3350038000         1.1000000000         0.6793389996         4.4120479330       -17.1194886785
        0.3400040000         1.1000000000         0.6640250384         4.3354916092       -17.5184126239
        0.3450050000         1.1000000000         0.6538157310         4.2614871629       -17.7843619208
        0.3500060000         1.1000000000         0.6614727116         4.2078977363       -17.5848999481
        0.3550060000         1.1000000000         0.6589203847         4.1338932900       -17.6513872723
        0.3600057000         1.1000000000         0.6512634042         4.0624407211       -17.8508492450
        0.3650042000         1.1000000000         0.6716820190         4.0062994170       -17.3189506512
        0.3700053000         1.1000000000         0.6614727116         3.9322949707       -17.5848999481
        0.3750056000         1.1000000000         0.6461587505         3.8582905244       -17.9838238935
        0.3800054000         1.1000000000         0.6614727116         3.7995973429       -17.5848999481
        0.3850033000         1.1000000000         0.6589203847         3.7306966515       -17.6513872723
        0.3900075000         1.1000000000         0.6665773653         3.6541403277       -17.4519252996
        0.3950034000         1.1000000000         0.6589203847         3.5903433912       -17.6513872723
        0.4000047000         1.1000000000         0.6487110773         3.5214426998       -17.9173365692
        0.4050052000         1.1000000000         0.6436064236         3.4576457633       -18.0503112177
        0.4100109000         1.1000000000         0.6563680579         3.3836413170       -17.7178745965
        0.4150082000         1.1000000000         0.6487110773         3.3172925031       -17.9173365692
        0.4200139000         1.1000000000         0.6589203847         3.2611511990       -17.6513872723
        0.4250091000         1.1000000000         0.6614727116         3.1820429978       -17.5848999481
        0.4300110000         1.1000000000         0.6410540967         3.1131423064       -18.1167985419
        0.4350058000         1.1000000000         0.6538157310         3.0493453699       -17.7843619208
        0.4400102000         1.1000000000         0.6461587505         2.9804446785       -17.9838238935
        0.4450077000         1.1000000000         0.6512634042         2.9064402322       -17.8508492450
        0.4500145000         1.1000000000         0.6487110773         2.8502989281       -17.9173365692
        0.4550052000         1.1000000000         0.6563680579         2.7762944818       -17.7178745965
        0.4600048000         1.1000000000         0.6487110773         2.7048419129       -17.9173365692
        0.4650051000         1.1000000000         0.6461587505         2.6410449765       -17.9838238935
        0.4700049000         1.1000000000         0.6589203847         2.5746961625       -17.6513872723
        0.4750039000         1.1000000000         0.6665773653         2.5134511035       -17.4519252996
        0.4800054000         1.1000000000         0.6563680579         2.4394466572       -17.7178745965
        0.4850032000         1.1000000000         0.6563680579         2.3705459658       -17.7178745965
        0.4900052000         1.1000000000         0.6589203847         2.3016452744       -17.6513872723
        0.4950036000         1.1000000000         0.6461587505         2.2327445830       -17.9838238935
        0.5000050000         1.1000000000         0.6563680579         2.1587401367       -17.7178745965
        0.5050057000         1.1000000000         0.6512634042         2.1051507101       -17.8508492450
        0.5100056000         1.1000000000         0.6614727116         2.0311462638       -17.5848999481
        0.5150035000         1.1000000000         0.6410540967         1.9545899400       -18.1167985419
        0.5200059000         1.1000000000         0.6538157310         1.8933448810       -17.7843619208
        0.5251423000         1.1000000000         0.6512634042         1.8320998220       -17.8508492450
        0.5300059000         1.1000000000         0.6614727116         1.7606472531       -17.5848999481
        0.5350056000         1.1000000000         0.6487110773         1.6917465617       -17.9173365692
        0.5400058000         1.1000000000         0.6512634042         1.6305015027       -17.8508492450
        0.5450049000         1.1000000000         0.6385017699         1.5539451789       -18.1832858661
        0.5500040000         1.1000000000         0.6436064236         1.4875963650       -18.0503112177
        0.5550045000         1.1000000000         0.6614727116         1.4212475511       -17.5848999481
        0.5600031000         1.1000000000         0.6436064236         1.3446912273       -18.0503112177
        0.5650046000         1.1000000000         0.6538157310         1.2783424134       -17.7843619208
        0.5700033000         1.1000000000         0.6436064236         1.2170973543       -18.0503112177
        0.5750048000         1.1000000000         0.6589203847         1.1533004179       -17.6513872723
        0.5800036000         1.1000000000         0.6589203847         1.0895034814       -17.6513872723
        0.5850047000         1.1000000000         0.6436064236         1.0052915252       -18.0503112177
        0.5900032000         1.1000000000         0.6563680579         0.9491502211       -17.7178745965
        0.5950046000         1.1000000000         0.6410540967         0.8700420199       -18.1167985419
        0.6000029000         1.1000000000         0.6359494430         0.7960375736       -18.2497731904
        0.6050066000         1.1000000000         0.6385017699         0.7296887597       -18.1832858661
        0.6100052000         1.1000000000         0.6512634042         0.6582361908       -17.8508492450
        0.6150017000         1.1000000000         0.6589203847         0.5944392543       -17.6513872723
        0.6200051000         1.1000000000         0.6359494430         0.5178829306       -18.2497731904
        0.6250029000         1.1000000000         0.6589203847         0.4540859941       -17.6513872723
        0.6300041000         1.1000000000         0.6385017699         0.3749777929       -18.1832858661
        0.6350033000         1.1000000000         0.6512634042         0.3035252240       -17.8508492450
        0.6400048000         1.1000000000         0.6563680579         0.2320726552       -17.7178745965
        0.6450029000         1.1000000000         0.6410540967         0.1606200863       -18.1167985419
        0.6500022000         1.1000000000         0.6410540967         0.0815118851       -18.1167985419
        0.6550030000         1.1000000000         0.6410540967         0.0253705810       -18.1167985419
        0.6600038000         1.1000000000         0.6385017699        -0.0052519485       -18.1832858661
        0.6650026000         1.1000000000         0.6333971162         1.1022628687       -18.3162605146
        0.6700055000         1.1000000000         0.6436064236         4.9964278711       -18.0503112177
        0.6750029000         1.1000000000         0.6436064236         4.9989797486       -18.0503112177
        0.6800075000         1.1000000000         0.6282924625         4.9683572191       -18.4492351630
        0.6850043000         1.1000000000         0.6308447893         4.8892490178       -18.3827478388
        0.6900067000         1.1000000000         0.6308447893         4.8229002039       -18.3827478388
        0.6950045000         1.1000000000         0.6333971162         4.7514476351       -18.3162605146
        0.7000062000         1.1000000000         0.6461587505         4.6799950662       -17.9838238935
        0.7050057000         1.1000000000         0.6385017699         4.6034387424       -18.1832858661
        0.7100033000         1.1000000000         0.6359494430         4.5370899285       -18.2497731904
        0.7150041000         1.1000000000         0.6257401356         4.4605336047       -18.5157224873
        0.7200070000         1.1000000000         0.6385017699         4.3865291584       -18.1832858661
        0.7250096000         1.1000000000         0.6410540967         4.3201803445       -18.1167985419
        0.7300065000         1.1000000000         0.6206354819         4.2487277756       -18.6486971357
        0.7350059000         1.1000000000         0.6410540967         4.1874827166       -18.1167985419
        0.7400057000         1.1000000000         0.6308447893         4.1032707605       -18.3827478388
        0.7450060000         1.1000000000         0.6359494430         4.0369219465       -18.2497731904
        0.7500034000         1.1000000000         0.6308447893         3.9654693777       -18.3827478388
        0.7550035000         1.1000000000         0.6512634042         3.8965686863       -17.8508492450
        0.7600076000         1.1000000000         0.6359494430         3.8276679949       -18.2497731904
        0.7650027000         1.1000000000         0.6308447893         3.7562154260       -18.3827478388
        0.7700310000         1.1000000000         0.6308447893         3.6822109797       -18.3827478388
        0.7750023000         1.1000000000         0.6436064236         3.6235177982       -18.0503112177
        0.7800053000         1.1000000000         0.6410540967         3.5469614744       -18.1167985419
        0.7850028000         1.1000000000         0.6308447893         3.4755089056       -18.3827478388
        0.7900021000         1.1000000000         0.6436064236         3.4142638465       -18.0503112177
        0.7950013000         1.1000000000         0.6308447893         3.3402594002       -18.3827478388
        0.8000024000         1.1000000000         0.6385017699         3.2713587088       -18.1832858661
        0.8050051000         1.1000000000         0.6410540967         3.1948023851       -18.1167985419
        0.8100072000         1.1000000000         0.6333971162         3.1335573261       -18.3162605146
        0.8150058000         1.1000000000         0.6385017699         3.0595528797       -18.1832858661
        0.8200058000         1.1000000000         0.6282924625         2.9881003109       -18.4492351630
        0.8250059000         1.1000000000         0.6538157310         2.9294071293       -17.7843619208
        0.8300058000         1.1000000000         0.6308447893         2.8477470506       -18.3827478388
        0.8350034000         1.1000000000         0.6359494430         2.7865019916       -18.2497731904
        0.8400022000         1.1000000000         0.6487110773         2.7201531777       -17.9173365692
        0.8450058000         1.1000000000         0.6231878087         2.6384930990       -18.5822098115
        0.8500033000         1.1000000000         0.6385017699         2.5772480400       -18.1832858661
        0.8550035000         1.1000000000         0.6410540967         2.5083473486       -18.1167985419
        0.8600060000         1.1000000000         0.6385017699         2.4292391474       -18.1832858661
        0.8650054000         1.1000000000         0.6461587505         2.3679940883       -17.9838238935
        0.8700065000         1.1000000000         0.6385017699         2.2990933970       -18.1832858661
        0.8750054000         1.1000000000         0.6436064236         2.2327445830       -18.0503112177
        0.8800056000         1.1000000000         0.6512634042         2.1587401367       -17.8508492450
        0.8850037000         1.1000000000         0.6385017699         2.0898394453       -18.1832858661
        0.8900044000         1.1000000000         0.6436064236         2.0158349990       -18.0503112177
        0.8950031000         1.1000000000         0.6410540967         1.9571418174       -18.1167985419
        0.9000048000         1.1000000000         0.6436064236         1.8805854937       -18.0503112177
        0.9050054000         1.1000000000         0.6385017699         1.8142366797       -18.1832858661
        0.9100046000         1.1000000000         0.6487110773         1.7478878658       -17.9173365692
        0.9150030000         1.1000000000         0.6410540967         1.6764352970       -18.1167985419
        0.9200054000         1.1000000000         0.6308447893         1.6049827281       -18.3827478388
        0.9250055000         1.1000000000         0.6563680579         1.5488414240       -17.7178745965
        0.9300048000         1.1000000000         0.6308447893         1.4671813453       -18.3827478388
        0.9350037000         1.1000000000         0.6461587505         1.4033844088       -17.9838238935
        0.9400043000         1.1000000000         0.6308447893         1.3319318400       -18.3827478388
        0.9450033000         1.1000000000         0.6640250384         1.2808942908       -17.5184126239
        0.9500048000         1.1000000000         0.6410540967         1.1992342121       -18.1167985419
        0.9550044000         1.1000000000         0.6461587505         1.1277816433       -17.9838238935
        0.9600027000         1.1000000000         0.6512634042         1.0537771970       -17.8508492450
        0.9650028000         1.1000000000         0.6282924625         0.9899802605       -18.4492351630
        0.9700050000         1.1000000000         0.6614727116         0.9261833240       -17.5848999481
        0.9750034000         1.1000000000         0.6461587505         0.8521788777       -17.9838238935
        0.9800049000         1.1000000000         0.6308447893         0.7781744314       -18.3827478388
        0.9850051000         1.1000000000         0.6461587505         0.7143774949       -17.9838238935
        0.9900058000         1.1000000000         0.6308447893         0.6301655388       -18.3827478388
        0.9950041000         1.1000000000         0.6461587505         0.5663686023       -17.9838238935
        1.0000060000         1.1000000000         0.6410540967         0.5000197884       -18.1167985419
        1.0050053000         1.1000000000         0.6512634042         0.4260153420       -17.8508492450
        1.0100058000         1.1000000000         0.6410540967         0.3545627732       -18.1167985419
        1.0150041000         1.1000000000         0.6410540967         0.2907658367       -18.1167985419
        1.0200062000         1.1000000000         0.6385017699         0.2040020031       -18.1832858661
        1.0250041000         1.1000000000         0.6410540967         0.1351013117       -18.1167985419
        1.0300057000         1.1000000000         0.6563680579         0.0687524978       -17.7178745965
        1.0350042000         1.1000000000         0.6333971162        -0.0052519485       -18.3162605146
        1.0400055000         1.1000000000         0.6180831550         0.0024036839       -18.7151844599
        1.0450061000         1.1000000000         0.6436064236         1.1175741334       -18.0503112177
        1.0500050000         1.1000000000         0.6308447893         4.9989797486       -18.3827478388
        1.0550037000         1.1000000000         0.6257401356         5.0066353810       -18.5157224873
        1.0600055000         1.1000000000         0.6410540967         4.9402865670       -18.1167985419
        2.0609803000         1.1000000000         0.6385017699         1.3880731441       -18.1832858661
        2.0617729000         1.1000000000         0.6308447893         1.3727618793       -18.3827478388
        2.0622582000         1.1000000000         0.6333971162         1.3676581244       -18.3162605146
        2.0758466000         1.1000000000         0.6512634042         1.1864748248       -17.8508492450
        2.0766289000         1.1000000000         0.6436064236         1.1635079277       -18.0503112177
        2.0773425000         1.1000000000         0.6410540967         1.1558522953       -18.1167985419
        2.0778773000         1.1000000000         0.6487110773         1.1558522953       -17.9173365692
        2.0784480000         1.1000000000         0.6487110773         1.1533004179       -17.9173365692
        2.0789213000         1.1000000000         0.6538157310         1.1328853982       -17.7843619208
        2.0795491000         1.1000000000         0.6385017699         1.1303335207       -18.1832858661
        2.0801083000         1.1000000000         0.6385017699         1.1277816433       -18.1832858661
        2.0808216000         1.1000000000         0.6333971162         1.1150222560       -18.3162605146
        2.0813787000         1.1000000000         0.6308447893         1.1073666236       -18.3827478388
        2.0821717000         1.1000000000         0.6410540967         1.0997109912       -18.1167985419
        2.0826158000         1.1000000000         0.6308447893         1.0818478490       -18.3827478388
        2.0831915000         1.1000000000         0.6359494430         1.0792959716       -18.2497731904
        2.0836557000         1.1000000000         0.6333971162         1.0665365843       -18.3162605146
        2.0841967000         1.1000000000         0.6436064236         1.0665365843       -18.0503112177
        2.0848398000         1.1000000000         0.6487110773         1.0588809519       -17.9173365692
        2.0853866000         1.1000000000         0.6487110773         1.0537771970       -17.9173365692
        2.0858406000         1.1000000000         0.6538157310         1.0537771970       -17.7843619208
        2.0863664000         1.1000000000         0.6487110773         1.0359140547       -17.9173365692
        2.0870038000         1.1000000000         0.6512634042         1.0257065449       -17.8508492450
        2.0876503000         1.1000000000         0.6385017699         1.0154990351       -18.1832858661
        2.0883675000         1.1000000000         0.6410540967         1.0103952802       -18.1167985419
        2.0890085000         1.1000000000         0.6385017699         1.0027396478       -18.1832858661
        2.0896282000         1.1000000000         0.6436064236         0.9950840154       -18.0503112177
        2.0902692000         1.1000000000         0.6308447893         0.9746689957       -18.3827478388
        2.0908225000         1.1000000000         0.6512634042         0.9772208732       -17.8508492450
        2.0914728000         1.1000000000         0.6436064236         0.9695652408       -18.0503112177
        2.0919340000         1.1000000000         0.6385017699         0.9568058535       -18.1832858661
        2.0924583000         1.1000000000         0.6308447893         0.9440464662       -18.3827478388
        2.0929385000         1.1000000000         0.6436064236         0.9491502211       -18.0503112177
        2.0934414000         1.1000000000         0.6436064236         0.9414945888       -18.0503112177
        2.0939251000         1.1000000000         0.6385017699         0.9312870789       -18.1832858661
        2.0944376000         1.1000000000         0.6333971162         0.9185276916       -18.3162605146
        2.0948729000         1.1000000000         0.6385017699         0.9159758142       -18.1832858661
        2.0953955000         1.1000000000         0.6333971162         0.9006645494       -18.3162605146
        2.0959281000         1.1000000000         0.6385017699         0.8955607945       -18.1832858661
        2.0964721000         1.1000000000         0.6410540967         0.8981126720       -18.1167985419
        2.0970957000         1.1000000000         0.6359494430         0.8828014072       -18.2497731904
        2.0977243000         1.1000000000         0.6410540967         0.8828014072       -18.1167985419
        2.0983317000         1.1000000000         0.6359494430         0.8674901425       -18.2497731904
        2.0991658000         1.1000000000         0.6512634042         0.8623863875       -17.8508492450
        2.0998325000         1.1000000000         0.6359494430         0.8394194904       -18.2497731904
        2.1005823000         1.1000000000         0.6487110773         0.8419713679       -17.9173365692
        2.1017015000         1.1000000000         0.6410540967         0.8190044707       -18.1167985419
        2.1024742000         1.1000000000         0.6410540967         0.8062450834       -18.1167985419
        2.1032985000         1.1000000000         0.6257401356         0.7909338187       -18.5157224873
        2.1040240000         1.1000000000         0.6257401356         0.7883819412       -18.5157224873
        2.1047826000         1.1000000000         0.6180831550         0.7654150441       -18.7151844599
        2.1053951000         1.1000000000         0.6155308282         0.7603112892       -18.7816717842
        2.1059805000         1.1000000000         0.6206354819         0.7577594117       -18.6486971357
        2.1066364000         1.1000000000         0.6206354819         0.7424481470       -18.6486971357
        2.1071336000         1.1000000000         0.6333971162         0.7501037793       -18.3162605146
        2.1075876000         1.1000000000         0.6359494430         0.7398962695       -18.2497731904
        2.1081344000         1.1000000000         0.6359494430         0.7296887597       -18.2497731904
        2.1086874000         1.1000000000         0.6461587505         0.7296887597       -17.9838238935
        2.1091833000         1.1000000000         0.6487110773         0.7194812498       -17.9173365692
        2.1097422000         1.1000000000         0.6461587505         0.7041699851       -17.9838238935
        2.1102884000         1.1000000000         0.6487110773         0.6965143527       -17.9173365692
        2.1107823000         1.1000000000         0.6487110773         0.6914105978       -17.9173365692
        2.1113238000         1.1000000000         0.6563680579         0.6812030879       -17.7178745965
        2.1118257000         1.1000000000         0.6487110773         0.6709955781       -17.9173365692
        2.1122794000         1.1000000000         0.6461587505         0.6684437007       -17.9838238935
        2.1129138000         1.1000000000         0.6461587505         0.6582361908       -17.9838238935
        2.1135610000         1.1000000000         0.6410540967         0.6480286810       -18.1167985419
        2.1141373000         1.1000000000         0.6461587505         0.6480286810       -17.9838238935
        2.1146806000         1.1000000000         0.6410540967         0.6327174162       -18.1167985419
        2.1152065000         1.1000000000         0.6436064236         0.6276136613       -18.0503112177
        2.1157712000         1.1000000000         0.6410540967         0.6174061515       -18.1167985419
        2.1164752000         1.1000000000         0.6385017699         0.6046467642       -18.1832858661
        2.1169581000         1.1000000000         0.6461587505         0.6020948867       -17.9838238935
        2.1175338000         1.1000000000         0.6512634042         0.6020948867       -17.8508492450
        2.1180590000         1.1000000000         0.6461587505         0.5867836220       -17.9838238935
        2.1185390000         1.1000000000         0.6436064236         0.5714723572       -18.0503112177
        2.1190557000         1.1000000000         0.6487110773         0.5740242347       -17.9173365692
        2.1197183000         1.1000000000         0.6410540967         0.5587129699       -18.1167985419
        2.1201808000         1.1000000000         0.6461587505         0.5561610925       -17.9838238935
        2.1206879000         1.1000000000         0.6436064236         0.5510573375       -18.0503112177
        2.1211881000         1.1000000000         0.6461587505         0.5536092150       -17.9838238935
        2.1216555000         1.1000000000         0.6359494430         0.5357460728       -18.2497731904
        2.1222426000         1.1000000000         0.6308447893         0.5280904404       -18.3827478388
        2.1228179000         1.1000000000         0.6333971162         0.5178829306       -18.3162605146
        2.1233355000         1.1000000000         0.6155308282         0.5051235433       -18.7816717842
        2.1238869000         1.1000000000         0.6333971162         0.5076754207       -18.3162605146
        2.1244974000         1.1000000000         0.6180831550         0.4872604011       -18.7151844599
        2.1249660000         1.1000000000         0.6206354819         0.4872604011       -18.6486971357
        2.1254995000         1.1000000000         0.6180831550         0.4745010138       -18.7151844599
        2.1260081000         1.1000000000         0.6308447893         0.4796047687       -18.3827478388
        2.1264887000         1.1000000000         0.6333971162         0.4719491363       -18.3162605146
        2.1269513000         1.1000000000         0.6359494430         0.4642935039       -18.2497731904
        2.1274067000         1.1000000000         0.6385017699         0.4591897490       -18.1832858661
        2.1279175000         1.1000000000         0.6308447893         0.4464303617       -18.3827478388
        2.1283956000         1.1000000000         0.6410540967         0.4464303617       -18.1167985419
        2.1288503000         1.1000000000         0.6308447893         0.4285672195       -18.3827478388
        2.1294952000         1.1000000000         0.6436064236         0.4260153420       -18.0503112177
        2.1301268000         1.1000000000         0.6333971162         0.4081521998       -18.3162605146
        2.1307492000         1.1000000000         0.6385017699         0.4056003224       -18.1832858661
        2.1313471000         1.1000000000         0.6410540967         0.3953928125       -18.1167985419
        2.1318059000         1.1000000000         0.6410540967         0.3953928125       -18.1167985419
        2.1323047000         1.1000000000         0.6436064236         0.3826334252       -18.0503112177
        2.1329279000         1.1000000000         0.6436064236         0.3749777929       -18.0503112177
        2.1334180000         1.1000000000         0.6359494430         0.3622184056       -18.2497731904
        2.1339751000         1.1000000000         0.6436064236         0.3571146507       -18.0503112177
        2.1345731000         1.1000000000         0.6461587505         0.3520108957       -17.9838238935
        2.1350231000         1.1000000000         0.6436064236         0.3418033859       -18.0503112177
        2.1356264000         1.1000000000         0.6410540967         0.3366996310       -18.1167985419
        2.1361302000         1.1000000000         0.6436064236         0.3290439986       -18.0503112177
        2.1366994000         1.1000000000         0.6436064236         0.3188364888       -18.0503112177
        2.1373226000         1.1000000000         0.6359494430         0.3086289789       -18.2497731904
        2.1379045000         1.1000000000         0.6410540967         0.3009733466       -18.1167985419
        2.1383567000         1.1000000000         0.6385017699         0.2907658367       -18.1832858661
        2.1390868000         1.1000000000         0.6461587505         0.2933177142       -17.9838238935
        2.1395876000         1.1000000000         0.6436064236         0.2831102043       -18.0503112177
        2.1400385000         1.1000000000         0.6385017699         0.2729026945       -18.1832858661
        2.1405137000         1.1000000000         0.6410540967         0.2677989396       -18.1167985419
        2.1410282000         1.1000000000         0.6359494430         0.2524876748       -18.2497731904
        2.1415228000         1.1000000000         0.6359494430         0.2473839199       -18.2497731904
        2.1420664000         1.1000000000         0.6436064236         0.2448320425       -18.0503112177
        2.1426510000         1.1000000000         0.6512634042         0.2397282875       -17.8508492450
        2.1432316000         1.1000000000         0.6410540967         0.2295207777       -18.1167985419
        2.1438315000         1.1000000000         0.6436064236         0.2142095129       -18.0503112177
        2.1443490000         1.1000000000         0.6333971162         0.2014501257       -18.3162605146
        2.1448528000         1.1000000000         0.6538157310         0.2014501257       -17.7843619208
        2.1453433000         1.1000000000         0.6359494430         0.1937944933       -18.2497731904
        2.1458562000         1.1000000000         0.6385017699         0.1912426158       -18.1832858661
        2.1463909000         1.1000000000         0.6333971162         0.1784832285       -18.3162605146
        2.1468015000         1.1000000000         0.6308447893         0.1708275961       -18.3827478388
        2.1472803000         1.1000000000         0.6512634042         0.1708275961       -17.8508492450
        2.1477041000         1.1000000000         0.6308447893         0.1580682088       -18.3827478388
        2.1481567000         1.1000000000         0.6333971162         0.1529644539       -18.3162605146
        2.1486058000         1.1000000000         0.6257401356         0.1402050666       -18.5157224873
        2.1491168000         1.1000000000         0.6308447893         0.1376531892       -18.3827478388
        2.1496682000         1.1000000000         0.6333971162         0.1376531892       -18.3162605146
        2.1501835000         1.1000000000         0.6333971162         0.1274456793       -18.3162605146
        2.1506070000         1.1000000000         0.6359494430         0.1172381695       -18.2497731904
        2.1510135000         1.1000000000         0.6385017699         0.1121344146       -18.1832858661
        2.1514568000         1.1000000000         0.6410540967         0.1070306597       -18.1167985419
        2.1519020000         1.1000000000         0.6333971162         0.0968231498       -18.3162605146
        2.1524086000         1.1000000000         0.6385017699         0.0917193949       -18.1832858661
        2.1530705000         1.1000000000         0.6563680579         0.0815118851       -17.7178745965
        2.1535589000         1.1000000000         0.6333971162         0.0764081302       -18.3162605146
        2.1539773000         1.1000000000         0.6282924625         0.0636487429       -18.4492351630
        2.1544599000         1.1000000000         0.6385017699         0.0687524978       -18.1832858661
        2.1548562000         1.1000000000         0.6282924625         0.0559931105       -18.4492351630
        2.1553812000         1.1000000000         0.6308447893         0.0534412330       -18.3827478388
        2.1559474000         1.1000000000         0.6206354819         0.0406818457       -18.6486971357
        2.1563739000         1.1000000000         0.6180831550         0.0279224584       -18.7151844599
        2.1567963000         1.1000000000         0.6282924625         0.0355780908       -18.4492351630
        2.1573086000         1.1000000000         0.6206354819         0.0228187035       -18.6486971357
        2.1578091000         1.1000000000         0.6206354819         0.0151630711       -18.6486971357
        2.1583299000         1.1000000000         0.6206354819         0.0049555613       -18.6486971357
        2.1589362000         1.1000000000         0.6180831550        -0.0027000711       -18.7151844599
        2.1594081000         1.1000000000         0.6206354819        -0.0052519485       -18.6486971357
        2.1599616000         1.1000000000         0.6282924625        -0.0052519485       -18.4492351630
        2.1605883000         1.1000000000         0.6308447893        -0.0052519485       -18.3827478388
        2.1610402000         1.1000000000         0.6308447893        -0.0052519485       -18.3827478388
        2.1616506000         1.1000000000         0.6359494430        -0.0052519485       -18.2497731904
        2.1621367000         1.1000000000         0.6333971162        -0.0078038260       -18.3162605146
        2.1626476000         1.1000000000         0.6385017699        -0.0001481936       -18.1832858661
        2.1631397000         1.1000000000         0.6333971162        -0.0052519485       -18.3162605146
        2.1636605000         1.1000000000         0.6359494430         0.0075074388       -18.2497731904
        2.1641477000         1.1000000000         0.6410540967         0.0100593162       -18.1167985419
        2.1646213000         1.1000000000         0.6333971162         0.0024036839       -18.3162605146
        2.1651196000         1.1000000000         0.6282924625        -0.0027000711       -18.4492351630
        2.1656417000         1.1000000000         0.6282924625        -0.0052519485       -18.4492351630
        2.1662699000         1.1000000000         0.6308447893        -0.0001481936       -18.3827478388
        2.1667934000         1.1000000000         0.6359494430         0.0126111937       -18.2497731904
        2.1673453000         1.1000000000         0.6308447893         1.1048147461       -18.3827478388
        2.1680853000         1.1000000000         0.6359494430         1.1124703785       -18.2497731904
        2.1685709000         1.1000000000         0.6308447893         1.1099185011       -18.3827478388
        2.1690915000         1.1000000000         0.6282924625         1.0971591138       -18.4492351630
        2.1695176000         1.1000000000         0.6282924625         1.1048147461       -18.4492351630
        2.1700438000         1.1000000000         0.6333971162         1.1073666236       -18.3162605146
        2.1705414000         1.1000000000         0.6308447893         1.1022628687       -18.3827478388
        2.1710936000         1.1000000000         0.6282924625         4.9555978318       -18.4492351630
        2.1716211000         1.1000000000         0.6282924625         4.9989797486       -18.4492351630
        2.1721325000         1.1000000000         0.6206354819         4.9964278711       -18.6486971357
        2.1726301000         1.1000000000         0.6282924625         5.0040835035       -18.4492351630
        2.1730676000         1.1000000000         0.6206354819         4.9989797486       -18.6486971357
        2.1734931000         1.1000000000         0.6282924625         5.0040835035       -18.4492351630
        2.1739411000         1.1000000000         0.6359494430         4.9989797486       -18.2497731904
        2.1744187000         1.1000000000         0.6231878087         4.9989797486       -18.5822098115
        2.1748823000         1.1000000000         0.6206354819         5.0015316260       -18.6486971357
        2.1753533000         1.1000000000         0.6231878087         4.9989797486       -18.5822098115
        2.1758703000         1.1000000000         0.6333971162         5.0066353810       -18.3162605146
        2.1763500000         1.1000000000         0.6359494430         5.0117391359       -18.2497731904
        2.1768715000         1.1000000000         0.6333971162         5.0066353810       -18.3162605146
        2.1773028000         1.1000000000         0.6333971162         5.0091872584       -18.3162605146
        2.1779624000         1.1000000000         0.6282924625         5.0015316260       -18.4492351630
        2.1785762000         1.1000000000         0.6308447893         5.0040835035       -18.3827478388
        2.1792105000         1.1000000000         0.6308447893         5.0066353810       -18.3827478388
        2.1796693000         1.1000000000         0.6308447893         5.0040835035       -18.3827478388
        2.1803074000         1.1000000000         0.6206354819         4.9913241162       -18.6486971357
        2.1809110000         1.1000000000         0.6231878087         4.9887722387       -18.5822098115
        2.1813839000         1.1000000000         0.6180831550         4.9760128515       -18.7151844599
        2.1819420000         1.1000000000         0.6282924625         4.9785647289       -18.4492351630
        2.1828955000         1.1000000000         0.6257401356         4.9607015867       -18.5157224873
        2.1834055000         1.1000000000         0.6308447893         4.9581497092       -18.3827478388
        2.1838455000         1.1000000000         0.6257401356         4.9453903219       -18.5157224873
        2.1843349000         1.1000000000         0.6282924625         4.9428384445       -18.4492351630
        2.1848486000         1.1000000000         0.6257401356         4.9249753023       -18.5157224873
        2.1856234000         1.1000000000         0.6333971162         4.9198715474       -18.3162605146
        2.1861302000         1.1000000000         0.6308447893         4.9147677924       -18.3827478388
        2.1866573000         1.1000000000         0.6385017699         4.9096640375       -18.1832858661
        2.1872332000         1.1000000000         0.6333971162         4.8943527728       -18.3162605146
        2.1878439000         1.1000000000         0.6282924625         4.8790415080       -18.4492351630
        2.1883246000         1.1000000000         0.6308447893         4.8790415080       -18.3827478388
        2.1888935000         1.1000000000         0.6359494430         4.8739377531       -18.2497731904
        2.1894403000         1.1000000000         0.6282924625         4.8611783658       -18.4492351630
        2.1899584000         1.1000000000         0.6206354819         4.8484189785       -18.6486971357
        2.1904922000         1.1000000000         0.6155308282         4.8433152236       -18.7816717842
        2.1910114000         1.1000000000         0.6206354819         4.8382114687       -18.6486971357
        2.1914992000         1.1000000000         0.6308447893         4.8382114687       -18.3827478388
        2.1919508000         1.1000000000         0.6282924625         4.8331077137       -18.4492351630
        2.1924550000         1.1000000000         0.6206354819         4.8101408166       -18.6486971357
        2.1929125000         1.1000000000         0.6206354819         4.8050370617       -18.6486971357
        2.1934684000         1.1000000000         0.6180831550         4.7973814293       -18.7151844599
        2.1940246000         1.1000000000         0.6385017699         4.8024851842       -18.1832858661
        2.1945563000         1.1000000000         0.6257401356         4.7897257969       -18.5157224873
        2.1951331000         1.1000000000         0.6359494430         4.7846220420       -18.2497731904
        2.1956211000         1.1000000000         0.6308447893         4.7693107773       -18.3827478388
        2.1963829000         1.1000000000         0.6308447893         4.7667588998       -18.3827478388
        2.1969655000         1.1000000000         0.6282924625         4.7514476351       -18.4492351630
        2.1974868000         1.1000000000         0.6333971162         4.7488957576       -18.3162605146
        2.1981828000         1.1000000000         0.6308447893         4.7284807379       -18.3827478388
        2.2000067000         1.1000000000         0.6282924625         4.7080657183       -18.4492351630
        2.2050101000         1.1000000000         0.6385017699         4.6391650269       -18.1832858661
        2.2100603000         1.1000000000         0.6206354819         4.5549530707       -18.6486971357
        2.2150071000         1.1000000000         0.6308447893         4.4937080117       -18.3827478388
        2.2200053000         1.1000000000         0.6257401356         4.4094960556       -18.5157224873
        2.2250424000         1.1000000000         0.6385017699         4.3329397318       -18.1832858661
        2.2300097000         1.1000000000         0.6257401356         4.2716946728       -18.5157224873
        2.2350070000         1.1000000000         0.6308447893         4.2053458588       -18.3827478388
        2.2400107000         1.1000000000         0.6180831550         4.1211339027       -18.7151844599
        2.2450122000         1.1000000000         0.6180831550         4.0496813338       -18.7151844599
        2.2500115000         1.1000000000         0.6308447893         3.9935400297       -18.3827478388
        2.2550111000         1.1000000000         0.6410540967         3.9297430933       -18.1167985419
        2.2600511000         1.1000000000         0.6257401356         3.8557386469       -18.5157224873
        2.2650144000         1.1000000000         0.6333971162         3.7817342006       -18.3162605146
        2.2700101000         1.1000000000         0.6180831550         3.7026259994       -18.7151844599
        2.2750312000         1.1000000000         0.6257401356         3.6311734306       -18.5157224873
        2.2800060000         1.1000000000         0.6308447893         3.5648246166       -18.3827478388
        2.2850113000         1.1000000000         0.6257401356         3.4959239252       -18.5157224873
        2.2900140000         1.1000000000         0.6231878087         3.4219194789       -18.5822098115
        2.2950107000         1.1000000000         0.6385017699         3.3606744199       -18.1832858661
        2.3000363000         1.1000000000         0.6206354819         3.2790143412       -18.6486971357
        2.3050143000         1.1000000000         0.6308447893         3.2075617724       -18.3827478388
        2.3100101000         1.1000000000         0.6487110773         3.1412129584       -17.9173365692
        2.3150128000         1.1000000000         0.6282924625         3.0774160220       -18.4492351630
        2.3200084000         1.1000000000         0.6308447893         3.0059634531       -18.3827478388
        2.3250074000         1.1000000000         0.6359494430         2.9345108842       -18.2497731904
        2.3300079000         1.1000000000         0.6282924625         2.8554026830       -18.4492351630
        2.3350073000         1.1000000000         0.6410540967         2.8018132564       -18.1167985419
        2.3400109000         1.1000000000         0.6359494430         2.7252569326       -18.2497731904
        2.3450424000         1.1000000000         0.6257401356         2.6538043638       -18.5157224873
        2.3500074000         1.1000000000         0.6257401356         2.5772480400       -18.5157224873
        2.3550078000         1.1000000000         0.6512634042         2.5185548584       -17.8508492450
        2.3600127000         1.1000000000         0.6385017699         2.4496541670       -18.1832858661
        2.3650606000         1.1000000000         0.6385017699         2.3833053531       -18.1832858661
        2.3700110000         1.1000000000         0.6308447893         2.2990933970       -18.3827478388
        2.3750122000         1.1000000000         0.6461587505         2.2404002154       -17.9838238935
        2.3800107000         1.1000000000         0.6359494430         2.1638438916       -18.2497731904
        2.3850065000         1.1000000000         0.6359494430         2.0923913228       -18.2497731904
        2.3900636000         1.1000000000         0.6333971162         2.0183868765       -18.3162605146
        2.3950050000         1.1000000000         0.6257401356         1.9520380625       -18.5157224873
        2.4000065000         1.1000000000         0.6333971162         1.8805854937       -18.3162605146
        2.4050050000         1.1000000000         0.6333971162         1.8167885572       -18.3162605146
        2.4100032000         1.1000000000         0.6640250384         1.7529916207       -17.5184126239
        2.4150071000         1.1000000000         0.6359494430         1.6764352970       -18.2497731904
        2.4200059000         1.1000000000         0.6359494430         1.6177421154       -18.2497731904
        2.4250037000         1.1000000000         0.6512634042         1.5462895465       -17.8508492450
        2.4300106000         1.1000000000         0.6359494430         1.4773888552       -18.2497731904
        2.4350084000         1.1000000000         0.6385017699         1.4033844088       -18.1832858661
        2.4400187000         1.1000000000         0.6385017699         1.3344837175       -18.1832858661
        2.4450070000         1.1000000000         0.6410540967         1.2630311486       -18.1167985419
        2.4500114000         1.1000000000         0.6385017699         1.1890267023       -18.1832858661
        2.4550098000         1.1000000000         0.6282924625         1.1252297658       -18.4492351630
        2.4600112000         1.1000000000         0.6410540967         1.0461215646       -18.1167985419
        2.4650088000         1.1000000000         0.6563680579         0.9899802605       -17.7178745965
        2.4700077000         1.1000000000         0.6538157310         0.9083201818       -17.7843619208
        2.4750065000         1.1000000000         0.6487110773         0.8470751228       -17.9173365692
        2.4800084000         1.1000000000         0.6257401356         0.7730706765       -18.5157224873
        2.4850092000         1.1000000000         0.6461587505         0.7016181076       -17.9838238935
        2.4900076000         1.1000000000         0.6436064236         0.6378211711       -18.0503112177
        2.4950071000         1.1000000000         0.6538157310         0.5612648474       -17.7843619208
        2.5000087000         1.1000000000         0.6385017699         0.4898122785       -18.1832858661
        2.5050082000         1.1000000000         0.6308447893         0.4183597097       -18.3827478388
        2.5100062000         1.1000000000         0.6461587505         0.3545627732       -17.9838238935
        2.5150095000         1.1000000000         0.6257401356         0.2754545720       -18.5157224873
        2.5200063000         1.1000000000         0.6512634042         0.2065538806       -17.8508492450
        2.5250063000         1.1000000000         0.6333971162         0.1274456793       -18.3162605146
        2.5300091000         1.1000000000         0.6385017699         0.0636487429       -18.1832858661
        2.5350226000         1.1000000000         0.6257401356        -0.0027000711       -18.5157224873
        2.5400063000         1.1000000000         0.6359494430         0.0024036839       -18.2497731904
        2.5450080000         1.1000000000         0.6385017699         1.1150222560       -18.1832858661
        2.5500068000         1.1000000000         0.6308447893         5.0015316260       -18.3827478388
        2.5550067000         1.1000000000         0.6410540967         5.0091872584       -18.1167985419
        2.5600110000         1.1000000000         0.6308447893         4.9326309346       -18.3827478388
        2.5650074000         1.1000000000         0.6129785013         4.8509708560       -18.8481591084
        2.5700069000         1.1000000000         0.6257401356         4.7795182871       -18.5157224873
        2.5750102000         1.1000000000         0.6308447893         4.7106175957       -18.3827478388
        2.5800056000         1.1000000000         0.6359494430         4.6366131494       -18.2497731904
        2.5850086000         1.1000000000         0.6257401356         4.5626087031       -18.5157224873
        2.5900069000         1.1000000000         0.6257401356         4.4962598892       -18.5157224873
        2.5950062000         1.1000000000         0.6231878087         4.4197035654       -18.5822098115
        2.6000055000         1.1000000000         0.6333971162         4.3508028740       -18.3162605146
        2.6050068000         1.1000000000         0.6282924625         4.2716946728       -18.4492351630
        2.6100039000         1.1000000000         0.6257401356         4.1976902265       -18.5157224873
        2.6150052000         1.1000000000         0.6180831550         4.1211339027       -18.7151844599
        2.6200036000         1.1000000000         0.6257401356         4.0649925986       -18.5157224873
        2.6250043000         1.1000000000         0.6129785013         3.9960919072       -18.8481591084
        2.6300302000         1.1000000000         0.6282924625         3.9144318285       -18.4492351630
        2.6350060000         1.1000000000         0.6308447893         3.8480830146       -18.3827478388
        2.6400087000         1.1000000000         0.6282924625         3.7766304457       -18.4492351630
        2.6450079000         1.1000000000         0.6027691939         3.6975222445       -19.1141084053
        2.6500050000         1.1000000000         0.6282924625         3.6337253080       -18.4492351630
        2.6551485000         1.1000000000         0.6257401356         3.5546171068       -18.5157224873
        2.6600831000         1.1000000000         0.6257401356         3.4908201703       -18.5157224873
        2.6650106000         1.1000000000         0.6231878087         3.4142638465       -18.5822098115
        2.6700124000         1.1000000000         0.6308447893         3.3504669101       -18.3827478388
        2.6750117000         1.1000000000         0.6206354819         3.2790143412       -18.6486971357
        2.6800105000         1.1000000000         0.6512634042         3.2075617724       -17.8508492450
        2.6850067000         1.1000000000         0.6308447893         3.1386610810       -18.3827478388
        2.6900039000         1.1000000000         0.6333971162         3.0774160220       -18.3162605146
        2.6950065000         1.1000000000         0.6385017699         3.0059634531       -18.1832858661
        2.7000089000         1.1000000000         0.6410540967         2.9345108842       -18.1167985419
        2.7050122000         1.1000000000         0.6257401356         2.8579545605       -18.5157224873
        2.7100077000         1.1000000000         0.6308447893         2.7890538691       -18.3827478388
        2.7150124000         1.1000000000         0.6333971162         2.7124975453       -18.3162605146
        2.7200119000         1.1000000000         0.6308447893         2.6487006088       -18.3827478388
        2.7250080000         1.1000000000         0.6257401356         2.5746961625       -18.5157224873
        2.7300043000         1.1000000000         0.6410540967         2.5108992261       -18.1167985419
        2.7350033000         1.1000000000         0.6410540967         2.4445504121       -18.1167985419
        2.7400991000         1.1000000000         0.6487110773         2.3730978433       -17.9173365692
        2.7450046000         1.1000000000         0.6231878087         2.2939896420       -18.5822098115
        2.7500049000         1.1000000000         0.6487110773         2.2352964605       -17.9173365692
        2.7550039000         1.1000000000         0.6282924625         2.1536363818       -18.4492351630
        2.7600056000         1.1000000000         0.6333971162         2.0847356904       -18.3162605146
        2.7650057000         1.1000000000         0.6461587505         2.0260425088       -17.9838238935
        2.7700086000         1.1000000000         0.6231878087         1.9418305527       -18.5822098115
        2.7750071000         1.1000000000         0.6436064236         1.8805854937       -18.0503112177
        2.7800116000         1.1000000000         0.6410540967         1.8142366797       -18.1167985419
        2.7850075000         1.1000000000         0.6385017699         1.7402322334       -18.1832858661
        2.7900065000         1.1000000000         0.6359494430         1.6738834195       -18.2497731904
        2.7950058000         1.1000000000         0.6333971162         1.6075346056       -18.3162605146
        2.8000084000         1.1000000000         0.6487110773         1.5335301593       -17.9173365692
        2.8050068000         1.1000000000         0.6385017699         1.4773888552       -18.1832858661
        2.8100055000         1.1000000000         0.6333971162         1.3931768990       -18.3162605146
        2.8150030000         1.1000000000         0.6359494430         1.3293799625       -18.2497731904
        2.8200096000         1.1000000000         0.6538157310         1.2681349035       -17.7843619208
        2.8250051000         1.1000000000         0.6461587505         1.1941304572       -17.9838238935
        2.8300084000         1.1000000000         0.6385017699         1.1303335207       -18.1832858661
        2.8350050000         1.1000000000         0.6410540967         1.0639847068       -18.1167985419
        2.8400046000         1.1000000000         0.6436064236         0.9925321379       -18.0503112177
        2.8450060000         1.1000000000         0.6385017699         0.9134239367       -18.1832858661
        2.8500059000         1.1000000000         0.6512634042         0.8470751228       -17.8508492450
        2.8550041000         1.1000000000         0.6333971162         0.7807263088       -18.3162605146
        2.8600056000         1.1000000000         0.6487110773         0.7092737400       -17.9173365692
        2.8650047000         1.1000000000         0.6206354819         0.6276136613       -18.6486971357
        2.8700049000         1.1000000000         0.6436064236         0.5561610925       -18.0503112177
        2.8750061000         1.1000000000         0.6333971162         0.4923641560       -18.3162605146
        2.8800049000         1.1000000000         0.6436064236         0.4260153420       -18.0503112177
        2.8850048000         1.1000000000         0.6461587505         0.3545627732       -17.9838238935
        2.8900052000         1.1000000000         0.6308447893         0.2780064494       -18.3827478388
        2.8950036000         1.1000000000         0.6436064236         0.2040020031       -18.0503112177
        2.9000058000         1.1000000000         0.6333971162         0.1223419244       -18.3162605146
        2.9050044000         1.1000000000         0.6512634042         0.0636487429       -17.8508492450
        2.9100046000         1.1000000000         0.6512634042         0.0075074388       -17.8508492450
        2.9150049000         1.1000000000         0.6436064236         0.0049555613       -18.0503112177
        2.9200047000         1.1000000000         0.6359494430         1.1073666236       -18.2497731904
        2.9250053000         1.1000000000         0.6308447893         5.0066353810       -18.3827478388
        2.9300058000         1.1000000000         0.6385017699         5.0066353810       -18.1832858661
        2.9350053000         1.1000000000         0.6257401356         4.9351828121       -18.5157224873
        2.9400056000         1.1000000000         0.6206354819         4.8586264883       -18.6486971357
        2.9450046000         1.1000000000         0.6333971162         4.7973814293       -18.3162605146
        2.9500060000         1.1000000000         0.6155308282         4.7106175957       -18.7816717842
        2.9550059000         1.1000000000         0.6333971162         4.6442687818       -18.3162605146
        2.9600047000         1.1000000000         0.6308447893         4.5677124580       -18.3827478388
        2.9650032000         1.1000000000         0.6359494430         4.5039155215       -18.2497731904
        2.9700047000         1.1000000000         0.6206354819         4.4222554428       -18.6486971357
        2.9750044000         1.1000000000         0.6359494430         4.3584585064       -18.2497731904
        2.9800050000         1.1000000000         0.6359494430         4.2844540601       -18.2497731904
        2.9850060000         1.1000000000         0.6282924625         4.2027939814       -18.4492351630
        2.9900061000         1.1000000000         0.6257401356         4.1313414125       -18.5157224873
        2.9950068000         1.1000000000         0.6487110773         4.0726482310       -17.9173365692
        3.0000060000         1.1000000000         0.6257401356         4.0011956621       -18.5157224873
        3.0050047000         1.1000000000         0.6257401356         3.9297430933       -18.5157224873
        3.0100067000         1.1000000000         0.6333971162         3.8582905244       -18.3162605146
        3.0151358000         1.1000000000         0.6333971162         3.7868379556       -18.3162605146
        3.0200060000         1.1000000000         0.6282924625         3.7230410191       -18.4492351630
        3.0250056000         1.1000000000         0.6385017699         3.6515884502       -18.1832858661
        3.0300036000         1.1000000000         0.6180831550         3.5699283715       -18.7151844599
        3.0350047000         1.1000000000         0.6282924625         3.4984758027       -18.4492351630
        3.0400034000         1.1000000000         0.6359494430         3.4346788662       -18.2497731904
        3.0450080000         1.1000000000         0.6410540967         3.3708819297       -18.1167985419
        3.0500039000         1.1000000000         0.6308447893         3.2892218510       -18.3827478388
        3.0550114000         1.1000000000         0.6231878087         3.2254249146       -18.5822098115
        3.0600041000         1.1000000000         0.6461587505         3.1590761006       -17.9838238935
        3.0650124000         1.1000000000         0.6308447893         3.0901754092       -18.3827478388
        3.0700065000         1.1000000000         0.6487110773         3.0212747179       -17.9173365692
        3.0750048000         1.1000000000         0.6308447893         2.9447183941       -18.3827478388
        3.0800061000         1.1000000000         0.6257401356         2.8809214576       -18.5157224873
        3.0850113000         1.1000000000         0.6257401356         2.7992613789       -18.5157224873
        3.0900050000         1.1000000000         0.6512634042         2.7405681974       -17.8508492450
        3.0950045000         1.1000000000         0.6410540967         2.6665637511       -18.1167985419
        3.1000068000         1.1000000000         0.6308447893         2.5976630597       -18.3827478388
        3.1050158000         1.1000000000         0.6282924625         2.5262104908       -18.4492351630
        3.1100067000         1.1000000000         0.6436064236         2.4649654318       -18.0503112177
        3.1150056000         1.1000000000         0.6333971162         2.3858572306       -18.3162605146
        3.1200043000         1.1000000000         0.6436064236         2.3169565392       -18.0503112177
        3.1250061000         1.1000000000         0.6308447893         2.2480558478       -18.3827478388
        3.1300072000         1.1000000000         0.6410540967         2.1689476465       -18.1167985419
        3.1350062000         1.1000000000         0.6461587505         2.1000469552       -17.9838238935
        3.1400071000         1.1000000000         0.6385017699         2.0413537736       -18.1832858661
        3.1450102000         1.1000000000         0.6385017699         1.9596936949       -18.1832858661
        3.1500058000         1.1000000000         0.6461587505         1.8958967584       -17.9838238935
        3.1550060000         1.1000000000         0.6461587505         1.8372035769       -17.9838238935
        3.1600044000         1.1000000000         0.6436064236         1.7657510080       -18.0503112177
        3.1650059000         1.1000000000         0.6333971162         1.6968503166       -18.3162605146
        3.1700046000         1.1000000000         0.6282924625         1.6228458703       -18.4492351630
        3.1750058000         1.1000000000         0.6436064236         1.5564970564       -18.0503112177
        3.1800043000         1.1000000000         0.6461587505         1.4850444875       -17.9838238935
        3.1850055000         1.1000000000         0.6410540967         1.4186956736       -18.1167985419
        3.1900081000         1.1000000000         0.6308447893         1.3472431047       -18.3827478388
        3.1950109000         1.1000000000         0.6410540967         1.2808942908       -18.1167985419
        3.2000051000         1.1000000000         0.6257401356         1.2119935994       -18.5157224873
        3.2050048000         1.1000000000         0.6538157310         1.1481966629       -17.7843619208
        3.2100072000         1.1000000000         0.6512634042         1.0792959716       -17.8508492450
        3.2150117000         1.1000000000         0.6257401356         1.0052915252       -18.5157224873
        3.2200076000         1.1000000000         0.6436064236         0.9389427113       -18.0503112177
        3.2250045000         1.1000000000         0.6333971162         0.8649382650       -18.3162605146
        3.2300061000         1.1000000000         0.6410540967         0.7909338187       -18.1167985419
        3.2350071000         1.1000000000         0.6410540967         0.7169293724       -18.1167985419
        3.2400038000         1.1000000000         0.6333971162         0.6480286810       -18.3162605146
        3.2450064000         1.1000000000         0.6436064236         0.5791279896       -18.0503112177
        3.2500050000         1.1000000000         0.6333971162         0.5076754207       -18.3162605146
        3.2550057000         1.1000000000         0.6436064236         0.4362228519       -18.0503112177
        3.2600045000         1.1000000000         0.6436064236         0.3647702830       -18.0503112177
        3.2650060000         1.1000000000         0.6385017699         0.2958695916       -18.1832858661
        3.2700061000         1.1000000000         0.6461587505         0.2295207777       -17.9838238935
        3.2750056000         1.1000000000         0.6282924625         0.1478606990       -18.4492351630
        3.2800455000         1.1000000000         0.6359494430         0.0738562527       -18.2497731904
        3.2850113000         1.1000000000         0.6282924625         0.0049555613       -18.4492351630
        3.2900060000         1.1000000000         0.6410540967        -0.0001481936       -18.1167985419
        3.2950056000         1.1000000000         0.6359494430         1.1328853982       -18.2497731904
        3.3000055000         1.1000000000         0.6308447893         5.0040835035       -18.3827478388
        3.3050088000         1.1000000000         0.6231878087         5.0142910133       -18.5822098115
        3.3100131000         1.1000000000         0.6333971162         4.9530459543       -18.3162605146
        3.3150035000         1.1000000000         0.6308447893         4.8790415080       -18.3827478388
        3.3200144000         1.1000000000         0.6282924625         4.8075889392       -18.4492351630
        3.3250038000         1.1000000000         0.6231878087         4.7284807379       -18.5822098115
        3.3300055000         1.1000000000         0.6385017699         4.6570281691       -18.1832858661
        3.3350061000         1.1000000000         0.6359494430         4.5906793551       -18.2497731904
        3.3400174000         1.1000000000         0.6231878087         4.5064673990       -18.5822098115
        3.3450071000         1.1000000000         0.6359494430         4.4426704625       -18.2497731904
        3.3500055000         1.1000000000         0.6333971162         4.3712178937       -18.3162605146
        3.3550051000         1.1000000000         0.6308447893         4.2921096924       -18.3827478388
        3.3600139000         1.1000000000         0.6180831550         4.2181052461       -18.7151844599
        3.3650074000         1.1000000000         0.6257401356         4.1466526773       -18.5157224873
        3.3700147000         1.1000000000         0.6257401356         4.0777519859       -18.5157224873
        3.3750076000         1.1000000000         0.6257401356         4.0037475396       -18.5157224873
        3.3800181000         1.1000000000         0.6257401356         3.9348468482       -18.5157224873
        3.3850083000         1.1000000000         0.6308447893         3.8684980342       -18.3827478388
        3.3900047000         1.1000000000         0.6257401356         3.7970454654       -18.5157224873
        3.3950057000         1.1000000000         0.6385017699         3.7332485289       -18.1832858661
        3.4000145000         1.1000000000         0.6333971162         3.6541403277       -18.3162605146
        3.4050069000         1.1000000000         0.6257401356         3.5826877588       -18.5157224873
        3.4100048000         1.1000000000         0.6282924625         3.5137870674       -18.4492351630
        3.4150077000         1.1000000000         0.6282924625         3.4423344986       -18.4492351630
        3.4200046000         1.1000000000         0.6385017699         3.3734338072       -18.1832858661
        3.4250039000         1.1000000000         0.6333971162         3.3019812383       -18.3162605146
        3.4300066000         1.1000000000         0.6206354819         3.2356324244       -18.6486971357
        3.4350059000         1.1000000000         0.6461587505         3.1667317330       -17.9838238935
        3.4400057000         1.1000000000         0.6053215207         3.0927272867       -19.0476210811
        3.4450046000         1.1000000000         0.6436064236         3.0263784728       -18.0503112177
        3.4500083000         1.1000000000         0.6385017699         2.9472702715       -18.1832858661
        3.4550075000         1.1000000000         0.6206354819         2.8758177027       -18.6486971357
        3.4600138000         1.1000000000         0.6308447893         2.8196763986       -18.3827478388
        3.4650075000         1.1000000000         0.6308447893         2.7431200748       -18.3827478388
        3.4700113000         1.1000000000         0.6333971162         2.6665637511       -18.3162605146
        3.4750089000         1.1000000000         0.6410540967         2.6078705695       -18.1167985419
        3.4800066000         1.1000000000         0.6461587505         2.5389698781       -17.9838238935
        3.4850041000         1.1000000000         0.6359494430         2.4624135543       -18.2497731904
        3.4900131000         1.1000000000         0.6359494430         2.3986166179       -18.2497731904
        3.4950055000         1.1000000000         0.6410540967         2.3220602941       -18.1167985419
        3.5000056000         1.1000000000         0.6333971162         2.2429520929       -18.3162605146
        3.5050067000         1.1000000000         0.6487110773         2.1893626662       -17.9173365692
        3.5100061000         1.1000000000         0.6410540967         2.1204619748       -18.1167985419
        3.5150057000         1.1000000000         0.6308447893         2.0439056511       -18.3827478388
        3.5200062000         1.1000000000         0.6385017699         1.9724530822       -18.1832858661
        3.5250056000         1.1000000000         0.6333971162         1.9035523908       -18.3162605146
        3.5300154000         1.1000000000         0.6359494430         1.8295479445       -18.2497731904
        3.5350093000         1.1000000000         0.6385017699         1.7606472531       -18.1832858661
        3.5400137000         1.1000000000         0.6410540967         1.7070578265       -18.1167985419
        3.5450062000         1.1000000000         0.6308447893         1.6305015027       -18.3827478388
        3.5500134000         1.1000000000         0.6385017699         1.5616008113       -18.1832858661
        3.5550140000         1.1000000000         0.6410540967         1.4952519974       -18.1167985419
        3.5600059000         1.1000000000         0.6385017699         1.4237994285       -18.1832858661
        3.5650047000         1.1000000000         0.6359494430         1.3548987371       -18.2497731904
        3.5700112000         1.1000000000         0.6538157310         1.2859980457       -17.7843619208
        3.5750043000         1.1000000000         0.6308447893         1.2170973543       -18.3827478388
        3.5800048000         1.1000000000         0.6436064236         1.1481966629       -18.0503112177
        3.5850082000         1.1000000000         0.6461587505         1.0818478490       -17.9838238935
        3.5900057000         1.1000000000         0.6308447893         1.0027396478       -18.3827478388
        3.5950093000         1.1000000000         0.6359494430         0.9338389564       -18.2497731904
        3.6000153000         1.1000000000         0.6282924625         0.8623863875       -18.4492351630
        3.6050055000         1.1000000000         0.6333971162         0.7960375736       -18.3162605146
        3.6100054000         1.1000000000         0.6410540967         0.7271368822       -18.1167985419
        3.6150059000         1.1000000000         0.6333971162         0.6480286810       -18.3162605146
        3.6200054000         1.1000000000         0.6436064236         0.5816798670       -18.0503112177
        3.6250066000         1.1000000000         0.6308447893         0.5127791757       -18.3827478388
        3.6300062000         1.1000000000         0.6410540967         0.4413266068       -18.1167985419
        3.6350060000         1.1000000000         0.6308447893         0.3647702830       -18.3827478388
        3.6400063000         1.1000000000         0.6487110773         0.3035252240       -17.9173365692
        3.6450139000         1.1000000000         0.6436064236         0.2269689002       -18.0503112177
        3.6500065000         1.1000000000         0.6308447893         0.1529644539       -18.3827478388
        3.6550171000         1.1000000000         0.6385017699         0.0764081302       -18.1832858661
        3.6600122000         1.1000000000         0.6308447893         0.0049555613       -18.3827478388
        3.6650189000         1.1000000000         0.6385017699         0.0075074388       -18.1832858661
        3.6700103000         1.1000000000         0.6385017699         1.1175741334       -18.1832858661
        3.6750186000         1.1000000000         0.6333971162         5.0040835035       -18.3162605146
        3.6800052000         1.1000000000         0.6155308282         5.0091872584       -18.7816717842
        3.6850070000         1.1000000000         0.6206354819         4.9555978318       -18.6486971357
        3.6900077000         1.1000000000         0.6308447893         4.8764896306       -18.3827478388
        3.6950058000         1.1000000000         0.6282924625         4.8075889392       -18.4492351630
        3.7000093000         1.1000000000         0.6206354819         4.7335844928       -18.6486971357
        3.7050186000         1.1000000000         0.6282924625         4.6544762916       -18.4492351630
        3.7100065000         1.1000000000         0.6053215207         4.5804718453       -19.0476210811
        3.7150062000         1.1000000000         0.6282924625         4.5141230314       -18.4492351630
        3.7200071000         1.1000000000         0.6231878087         4.4426704625       -18.5822098115
        3.7250051000         1.1000000000         0.6206354819         4.3635622613       -18.6486971357
        3.7300053000         1.1000000000         0.6257401356         4.2997653248       -18.5157224873
        3.7350085000         1.1000000000         0.6104261745         4.2206571236       -18.9146464326
        3.7400121000         1.1000000000         0.6282924625         4.1517564322       -18.4492351630
        3.7450064000         1.1000000000         0.6257401356         4.0828557408       -18.5157224873
        3.7500044000         1.1000000000         0.6308447893         4.0062994170       -18.3827478388
        3.7550152000         1.1000000000         0.6231878087         3.9399506031       -18.5822098115
        3.7600081000         1.1000000000         0.6308447893         3.8787055441       -18.3827478388
        3.7650070000         1.1000000000         0.6333971162         3.8098048527       -18.3162605146
        3.7700092000         1.1000000000         0.6333971162         3.7383522838       -18.3162605146
        3.7750075000         1.1000000000         0.6333971162         3.6592440826       -18.3162605146
        3.7800079000         1.1000000000         0.6359494430         3.5903433912       -18.2497731904
        3.7850071000         1.1000000000         0.6282924625         3.5239945773       -18.4492351630
        3.7900076000         1.1000000000         0.6257401356         3.4499901310       -18.5157224873
        3.7950061000         1.1000000000         0.6308447893         3.3785375621       -18.3827478388
        3.8000043000         1.1000000000         0.6333971162         3.3096368707       -18.3162605146
        3.8050057000         1.1000000000         0.6257401356         3.2330805470       -18.5157224873
        3.8100055000         1.1000000000         0.6512634042         3.1769392429       -17.8508492450
        3.8150053000         1.1000000000         0.6206354819         3.0978310416       -18.6486971357
        3.8200043000         1.1000000000         0.6333971162         3.0289303502       -18.3162605146
        3.8250061000         1.1000000000         0.6359494430         2.9574777814       -18.2497731904
        3.8300060000         1.1000000000         0.6410540967         2.8936808449       -18.1167985419
        3.8350064000         1.1000000000         0.6461587505         2.8247801535       -17.9838238935
        3.8400052000         1.1000000000         0.6231878087         2.7456719523       -18.5822098115
        3.8450102000         1.1000000000         0.6308447893         2.6767712609       -18.3827478388
        3.8500480000         1.1000000000         0.6333971162         2.6078705695       -18.3162605146
        3.8550062000         1.1000000000         0.6308447893         2.5338661232       -18.3827478388
        3.8600065000         1.1000000000         0.6487110773         2.4726210642       -17.9173365692
        3.8650066000         1.1000000000         0.6257401356         2.3935128629       -18.5157224873
        3.8700050000         1.1000000000         0.6487110773         2.3373715588       -17.9173365692
        3.8750062000         1.1000000000         0.6308447893         2.2608152351       -18.3827478388
        3.8800063000         1.1000000000         0.6410540967         2.1893626662       -18.1167985419
        3.8850094000         1.1000000000         0.6385017699         2.1255657297       -18.1832858661
        3.8900064000         1.1000000000         0.6436064236         2.0566650383       -18.0503112177
        3.8950220000         1.1000000000         0.6385017699         1.9826605920       -18.1832858661
        3.9001125000         1.1000000000         0.6308447893         1.9112080232       -18.3827478388
        3.9050149000         1.1000000000         0.6436064236         1.8499629642       -18.0503112177
        3.9100072000         1.1000000000         0.6512634042         1.7759585179       -17.8508492450
        3.9150176000         1.1000000000         0.6461587505         1.7096097039       -17.9838238935
        3.9200093000         1.1000000000         0.6282924625         1.6305015027       -18.4492351630
        3.9250064000         1.1000000000         0.6282924625         1.5641526888       -18.4492351630
        3.9300067000         1.1000000000         0.6512634042         1.5054595072       -17.8508492450
        3.9350153000         1.1000000000         0.6333971162         1.4263513060       -18.3162605146
        3.9400086000         1.1000000000         0.6385017699         1.3651062470       -18.1832858661
        3.9450083000         1.1000000000         0.6410540967         1.2962055556       -18.1167985419
        3.9500055000         1.1000000000         0.6231878087         1.2196492318       -18.5822098115
        3.9550062000         1.1000000000         0.6410540967         1.1507485404       -18.1167985419
        3.9600060000         1.1000000000         0.6385017699         1.0869516039       -18.1832858661
        3.9650062000         1.1000000000         0.6461587505         1.0231546675       -17.9838238935
        3.9700074000         1.1000000000         0.6461587505         0.9440464662       -17.9838238935
        3.9750061000         1.1000000000         0.6359494430         0.8751457748       -18.2497731904
        3.9800080000         1.1000000000         0.6461587505         0.8036932060       -17.9838238935
        3.9850065000         1.1000000000         0.6333971162         0.7373443920       -18.3162605146
        3.9900069000         1.1000000000         0.6512634042         0.6735474556       -17.8508492450
        3.9950092000         1.1000000000         0.6436064236         0.5867836220       -18.0503112177
