% Motor Sweep Step 10/180
% Vcmd       = 2.4500 [V]
% Direction  = CCW
% Zone       = DEADZONE
% Vg_offset  = 1.336155 [V]
% K_gimbal   = 26.049690 [(rad/s)/V]

Time[s]              Vcmd[V]              Vg_raw[V]            Pot[V]               Omega[rad/s]
        0.0000167000         2.4500000000         1.3403916554         1.7376803560         0.1103689582
        0.0050124000         2.4500000000         1.3403916554         1.7402322334         0.1103689582
        0.0101453000         2.4500000000         1.3352870017         1.7300247236        -0.0226056902
        0.0150088000         2.4500000000         1.3301823480         1.7249209687        -0.1555803387
        0.0200068000         2.4500000000         1.3403916554         1.7376803560         0.1103689582
        0.0250076000         2.4500000000         1.3429439823         1.7300247236         0.1768562824
        0.0300050000         2.4500000000         1.3429439823         1.7376803560         0.1768562824
        0.0350075000         2.4500000000         1.3352870017         1.7325766011        -0.0226056902
        0.0400058000         2.4500000000         1.3378393285         1.7325766011         0.0438816340
        0.0450077000         2.4500000000         1.3301823480         1.7249209687        -0.1555803387
        0.0500051000         2.4500000000         1.3352870017         1.7325766011        -0.0226056902
        0.0550077000         2.4500000000         1.3352870017         1.7325766011        -0.0226056902
        0.0600092000         2.4500000000         1.3352870017         1.7300247236        -0.0226056902
        0.0650075000         2.4500000000         1.3429439823         1.7402322334         0.1768562824
        0.0700062000         2.4500000000         1.3403916554         1.7325766011         0.1103689582
        0.0750070000         2.4500000000         1.3301823480         1.7249209687        -0.1555803387
        0.0800049000         2.4500000000         1.3352870017         1.7325766011        -0.0226056902
        0.0850060000         2.4500000000         1.3352870017         1.7300247236        -0.0226056902
        0.0900043000         2.4500000000         1.3301823480         1.7249209687        -0.1555803387
        0.0950051000         2.4500000000         1.3582579434         1.7376803560         0.5757802278
        0.1000042000         2.4500000000         1.3301823480         1.7249209687        -0.1555803387
        0.1050071000         2.4500000000         1.3301823480         1.7249209687        -0.1555803387
        0.1100033000         2.4500000000         1.3429439823         1.7376803560         0.1768562824
        0.1150064000         2.4500000000         1.3352870017         1.7300247236        -0.0226056902
        0.1200069000         2.4500000000         1.3429439823         1.7376803560         0.1768562824
        0.1250067000         2.4500000000         1.3352870017         1.7300247236        -0.0226056902
        0.1300046000         2.4500000000         1.3301823480         1.7274728461        -0.1555803387
        0.1350066000         2.4500000000         1.3327346748         1.7300247236        -0.0890930145
        0.1400087000         2.4500000000         1.3301823480         1.7274728461        -0.1555803387
        0.1450633000         2.4500000000         1.3378393285         1.7274728461         0.0438816340
        0.1500089000         2.4500000000         1.3327346748         1.7300247236        -0.0890930145
        0.1550068000         2.4500000000         1.3301823480         1.7249209687        -0.1555803387
        0.1600042000         2.4500000000         1.3301823480         1.7249209687        -0.1555803387
        0.1650059000         2.4500000000         1.3403916554         1.7376803560         0.1103689582
        0.1700045000         2.4500000000         1.3327346748         1.7300247236        -0.0890930145
        0.1750634000         2.4500000000         1.3429439823         1.7376803560         0.1768562824
        0.1800172000         2.4500000000         1.3352870017         1.7300247236        -0.0226056902
        0.1850053000         2.4500000000         1.3378393285         1.7376803560         0.0438816340
        0.1900061000         2.4500000000         1.3352870017         1.7300247236        -0.0226056902
        0.1950033000         2.4500000000         1.3454963091         1.7300247236         0.2433436067
        0.2001112000         2.4500000000         1.3352870017         1.7325766011        -0.0226056902
        0.2050047000         2.4500000000         1.3301823480         1.7274728461        -0.1555803387
        0.2100040000         2.4500000000         1.3352870017         1.7300247236        -0.0226056902
        0.2150025000         2.4500000000         1.3352870017         1.7325766011        -0.0226056902
        0.2201020000         2.4500000000         1.3378393285         1.7300247236         0.0438816340
        0.2250094000         2.4500000000         1.3352870017         1.7300247236        -0.0226056902
        0.2300088000         2.4500000000         1.3352870017         1.7300247236        -0.0226056902
        0.2350043000         2.4500000000         1.3429439823         1.7376803560         0.1768562824
        0.2400024000         2.4500000000         1.3378393285         1.7300247236         0.0438816340
        0.2450045000         2.4500000000         1.3352870017         1.7300247236        -0.0226056902
        0.2500030000         2.4500000000         1.3352870017         1.7300247236        -0.0226056902
        0.2550120000         2.4500000000         1.3276300211         1.7376803560        -0.2220676629
        0.2600089000         2.4500000000         1.3378393285         1.7325766011         0.0438816340
        0.2650054000         2.4500000000         1.3301823480         1.7249209687        -0.1555803387
        0.2700048000         2.4500000000         1.3199730405         1.7325766011        -0.4215296356
        0.2750043000         2.4500000000         1.3352870017         1.7300247236        -0.0226056902
        0.2800034000         2.4500000000         1.3352870017         1.7300247236        -0.0226056902
        0.2850067000         2.4500000000         1.3378393285         1.7325766011         0.0438816340
        0.2900031000         2.4500000000         1.3276300211         1.7274728461        -0.2220676629
        0.2950095000         2.4500000000         1.3301823480         1.7223690912        -0.1555803387
        0.3000092000         2.4500000000         1.3301823480         1.7249209687        -0.1555803387
        0.3050055000         2.4500000000         1.3429439823         1.7376803560         0.1768562824
        0.3100084000         2.4500000000         1.3301823480         1.7274728461        -0.1555803387
        0.3150089000         2.4500000000         1.3352870017         1.7325766011        -0.0226056902
        0.3200052000         2.4500000000         1.3378393285         1.7300247236         0.0438816340
        0.3250022000         2.4500000000         1.3378393285         1.7300247236         0.0438816340
        0.3300017000         2.4500000000         1.3454963091         1.7376803560         0.2433436067
        0.3350016000         2.4500000000         1.3352870017         1.7351284785        -0.0226056902
        0.3400052000         2.4500000000         1.3352870017         1.7300247236        -0.0226056902
        0.3450020000         2.4500000000         1.3403916554         1.7325766011         0.1103689582
        0.3500055000         2.4500000000         1.3352870017         1.7300247236        -0.0226056902
        0.3550054000         2.4500000000         1.3403916554         1.7402322334         0.1103689582
        0.3600037000         2.4500000000         1.3301823480         1.7249209687        -0.1555803387
        0.3650052000         2.4500000000         1.3378393285         1.7300247236         0.0438816340
        0.3700051000         2.4500000000         1.3276300211         1.7274728461        -0.2220676629
        0.3750049000         2.4500000000         1.3352870017         1.7325766011        -0.0226056902
        0.3800199000         2.4500000000         1.3429439823         1.7300247236         0.1768562824
        0.3850032000         2.4500000000         1.3454963091         1.7376803560         0.2433436067
        0.3900017000         2.4500000000         1.3352870017         1.7300247236        -0.0226056902
        0.3950063000         2.4500000000         1.3403916554         1.7376803560         0.1103689582
        0.4000058000         2.4500000000         1.3352870017         1.7300247236        -0.0226056902
        0.4050040000         2.4500000000         1.3352870017         1.7300247236        -0.0226056902
        0.4100029000         2.4500000000         1.3301823480         1.7274728461        -0.1555803387
        0.4150078000         2.4500000000         1.3352870017         1.7300247236        -0.0226056902
        0.4200039000         2.4500000000         1.3429439823         1.7376803560         0.1768562824
        0.4250039000         2.4500000000         1.3378393285         1.7249209687         0.0438816340
        0.4300026000         2.4500000000         1.3327346748         1.7300247236        -0.0890930145
        0.4350042000         2.4500000000         1.3403916554         1.7376803560         0.1103689582
        0.4400025000         2.4500000000         1.3480486360         1.7300247236         0.3098309309
        0.4450080000         2.4500000000         1.3352870017         1.7325766011        -0.0226056902
        0.4500026000         2.4500000000         1.3352870017         1.7300247236        -0.0226056902
        0.4550022000         2.4500000000         1.3352870017         1.7325766011        -0.0226056902
        0.4600013000         2.4500000000         1.3352870017         1.7300247236        -0.0226056902
        0.4650062000         2.4500000000         1.3403916554         1.7351284785         0.1103689582
        0.4700040000         2.4500000000         1.3429439823         1.7376803560         0.1768562824
        0.4750022000         2.4500000000         1.3352870017         1.7300247236        -0.0226056902
        0.4800013000         2.4500000000         1.3327346748         1.7274728461        -0.0890930145
        0.4850052000         2.4500000000         1.3352870017         1.7300247236        -0.0226056902
        0.4900045000         2.4500000000         1.3352870017         1.7325766011        -0.0226056902
        0.4950040000         2.4500000000         1.3429439823         1.7402322334         0.1768562824
        0.5000059000         2.4500000000         1.3352870017         1.7300247236        -0.0226056902
        0.5050040000         2.4500000000         1.3327346748         1.7249209687        -0.0890930145
        0.5100058000         2.4500000000         1.3301823480         1.7249209687        -0.1555803387
        0.5150046000         2.4500000000         1.3301823480         1.7274728461        -0.1555803387
        0.5200062000         2.4500000000         1.3301823480         1.7274728461        -0.1555803387
        0.5250044000         2.4500000000         1.3429439823         1.7376803560         0.1768562824
        0.5300062000         2.4500000000         1.3429439823         1.7376803560         0.1768562824
        0.5350049000         2.4500000000         1.3429439823         1.7376803560         0.1768562824
        0.5400063000         2.4500000000         1.3352870017         1.7300247236        -0.0226056902
        0.5450032000         2.4500000000         1.3352870017         1.7300247236        -0.0226056902
        0.5500061000         2.4500000000         1.3352870017         1.7300247236        -0.0226056902
        0.5550039000         2.4500000000         1.3327346748         1.7300247236        -0.0890930145
        0.5600058000         2.4500000000         1.3378393285         1.7325766011         0.0438816340
        0.5650062000         2.4500000000         1.3250776943         1.7274728461        -0.2885549871
        0.5700057000         2.4500000000         1.3429439823         1.7300247236         0.1768562824
        0.5750063000         2.4500000000         1.3352870017         1.7325766011        -0.0226056902
        0.5800058000         2.4500000000         1.3352870017         1.7325766011        -0.0226056902
        0.5850064000         2.4500000000         1.3378393285         1.7325766011         0.0438816340
        0.5933862000         2.4500000000         1.3480486360         1.7376803560         0.3098309309
        0.5950068000         2.4500000000         1.3429439823         1.7376803560         0.1768562824
        0.6001290000         2.4500000000         1.3352870017         1.7300247236        -0.0226056902
        0.6050063000         2.4500000000         1.3403916554         1.7376803560         0.1103689582
        0.6122387000         2.4500000000         1.3378393285         1.7325766011         0.0438816340
        0.6150112000         2.4500000000         1.3327346748         1.7249209687        -0.0890930145
        0.6200080000         2.4500000000         1.3352870017         1.7300247236        -0.0226056902
        0.6250062000         2.4500000000         1.3352870017         1.7325766011        -0.0226056902
        0.6300076000         2.4500000000         1.3352870017         1.7300247236        -0.0226056902
        0.6352233000         2.4500000000         1.3429439823         1.7402322334         0.1768562824
        0.6400057000         2.4500000000         1.3301823480         1.7300247236        -0.1555803387
        0.6451599000         2.4500000000         1.3403916554         1.7376803560         0.1103689582
        0.6500069000         2.4500000000         1.3352870017         1.7300247236        -0.0226056902
        0.6550060000         2.4500000000         1.3352870017         1.7300247236        -0.0226056902
        0.6600066000         2.4500000000         1.3429439823         1.7376803560         0.1768562824
        0.6650318000         2.4500000000         1.3301823480         1.7249209687        -0.1555803387
        0.6700035000         2.4500000000         1.3378393285         1.7274728461         0.0438816340
        0.6750053000         2.4500000000         1.3301823480         1.7249209687        -0.1555803387
        0.6800048000         2.4500000000         1.3352870017         1.7300247236        -0.0226056902
        0.6850049000         2.4500000000         1.3352870017         1.7300247236        -0.0226056902
        0.6900031000         2.4500000000         1.3378393285         1.7300247236         0.0438816340
        0.6950048000         2.4500000000         1.3352870017         1.7300247236        -0.0226056902
        0.7000037000         2.4500000000         1.3378393285         1.7300247236         0.0438816340
        0.7050049000         2.4500000000         1.3352870017         1.7300247236        -0.0226056902
        0.7100049000         2.4500000000         1.3301823480         1.7249209687        -0.1555803387
        0.7150046000         2.4500000000         1.3301823480         1.7249209687        -0.1555803387
        0.7200060000         2.4500000000         1.3276300211         1.7274728461        -0.2220676629
        0.7250047000         2.4500000000         1.3378393285         1.7300247236         0.0438816340
        0.7300061000         2.4500000000         1.3327346748         1.7325766011        -0.0890930145
        0.7350048000         2.4500000000         1.3352870017         1.7274728461        -0.0226056902
        0.7400057000         2.4500000000         1.3378393285         1.7325766011         0.0438816340
        0.7450050000         2.4500000000         1.3352870017         1.7325766011        -0.0226056902
        0.7500050000         2.4500000000         1.3429439823         1.7376803560         0.1768562824
        0.7550051000         2.4500000000         1.3327346748         1.7249209687        -0.0890930145
        0.7600051000         2.4500000000         1.3403916554         1.7376803560         0.1103689582
        0.7650048000         2.4500000000         1.3301823480         1.7249209687        -0.1555803387
        0.7700039000         2.4500000000         1.3429439823         1.7376803560         0.1768562824
        0.7750032000         2.4500000000         1.3352870017         1.7300247236        -0.0226056902
        0.7800025000         2.4500000000         1.3403916554         1.7376803560         0.1103689582
        0.7850020000         2.4500000000         1.3301823480         1.7249209687        -0.1555803387
        0.7900026000         2.4500000000         1.3429439823         1.7376803560         0.1768562824
        0.7950016000         2.4500000000         1.3403916554         1.7376803560         0.1103689582
        0.8000031000         2.4500000000         1.3301823480         1.7249209687        -0.1555803387
        0.8050025000         2.4500000000         1.3301823480         1.7249209687        -0.1555803387
        0.8100210000         2.4500000000         1.3352870017         1.7300247236        -0.0226056902
        0.8150082000         2.4500000000         1.3454963091         1.7325766011         0.2433436067
        0.8200049000         2.4500000000         1.3403916554         1.7249209687         0.1103689582
        0.8250056000         2.4500000000         1.3352870017         1.7300247236        -0.0226056902
        0.8300060000         2.4500000000         1.3403916554         1.7376803560         0.1103689582
        0.8350033000         2.4500000000         1.3429439823         1.7300247236         0.1768562824
        0.8400067000         2.4500000000         1.3327346748         1.7249209687        -0.0890930145
        0.8450033000         2.4500000000         1.3403916554         1.7376803560         0.1103689582
        0.8500027000         2.4500000000         1.3429439823         1.7376803560         0.1768562824
        0.8550021000         2.4500000000         1.3301823480         1.7274728461        -0.1555803387
        0.8600025000         2.4500000000         1.3352870017         1.7300247236        -0.0226056902
        0.8650020000         2.4500000000         1.3378393285         1.7300247236         0.0438816340
        0.8700041000         2.4500000000         1.3352870017         1.7325766011        -0.0226056902
        0.8750057000         2.4500000000         1.3301823480         1.7249209687        -0.1555803387
        0.8800052000         2.4500000000         1.3301823480         1.7249209687        -0.1555803387
        0.8850040000         2.4500000000         1.3301823480         1.7274728461        -0.1555803387
        0.8900046000         2.4500000000         1.3531532897         1.7376803560         0.4428055793
        0.8950031000         2.4500000000         1.3378393285         1.7300247236         0.0438816340
        0.9000033000         2.4500000000         1.3429439823         1.7376803560         0.1768562824
        0.9050024000         2.4500000000         1.3301823480         1.7274728461        -0.1555803387
        0.9100045000         2.4500000000         1.3352870017         1.7300247236        -0.0226056902
        0.9150031000         2.4500000000         1.3480486360         1.7300247236         0.3098309309
        0.9200060000         2.4500000000         1.3327346748         1.7249209687        -0.0890930145
        0.9250059000         2.4500000000         1.3378393285         1.7300247236         0.0438816340
        0.9300037000         2.4500000000         1.3403916554         1.7376803560         0.1103689582
        0.9350057000         2.4500000000         1.3429439823         1.7402322334         0.1768562824
        0.9400039000         2.4500000000         1.3429439823         1.7376803560         0.1768562824
        0.9450049000         2.4500000000         1.3352870017         1.7300247236        -0.0226056902
        0.9500037000         2.4500000000         1.3301823480         1.7249209687        -0.1555803387
        0.9550049000         2.4500000000         1.3301823480         1.7249209687        -0.1555803387
        0.9600033000         2.4500000000         1.3327346748         1.7300247236        -0.0890930145
        0.9650048000         2.4500000000         1.3352870017         1.7300247236        -0.0226056902
        0.9700026000         2.4500000000         1.3352870017         1.7300247236        -0.0226056902
        0.9750021000         2.4500000000         1.3352870017         1.7325766011        -0.0226056902
        0.9800022000         2.4500000000         1.3301823480         1.7274728461        -0.1555803387
        0.9850053000         2.4500000000         1.3352870017         1.7325766011        -0.0226056902
        0.9900032000         2.4500000000         1.3403916554         1.7274728461         0.1103689582
        0.9950026000         2.4500000000         1.3352870017         1.7300247236        -0.0226056902
        1.0000032000         2.4500000000         1.3276300211         1.7274728461        -0.2220676629
        1.0050030000         2.4500000000         1.3301823480         1.7249209687        -0.1555803387
        1.0100040000         2.4500000000         1.3378393285         1.7300247236         0.0438816340
        1.0150032000         2.4500000000         1.3301823480         1.7274728461        -0.1555803387
        1.0200057000         2.4500000000         1.3403916554         1.7376803560         0.1103689582
        1.0250027000         2.4500000000         1.3352870017         1.7300247236        -0.0226056902
        1.0300042000         2.4500000000         1.3378393285         1.7325766011         0.0438816340
        1.0350031000         2.4500000000         1.3429439823         1.7376803560         0.1768562824
        1.0400035000         2.4500000000         1.3378393285         1.7300247236         0.0438816340
        1.0450032000         2.4500000000         1.3352870017         1.7325766011        -0.0226056902
        1.0500037000         2.4500000000         1.3352870017         1.7300247236        -0.0226056902
        1.0550024000         2.4500000000         1.3327346748         1.7274728461        -0.0890930145
        1.0600024000         2.4500000000         1.3429439823         1.7376803560         0.1768562824
        1.0650020000         2.4500000000         1.3352870017         1.7376803560        -0.0226056902
        1.0700047000         2.4500000000         1.3301823480         1.7274728461        -0.1555803387
        1.0750020000         2.4500000000         1.3327346748         1.7274728461        -0.0890930145
        1.0800057000         2.4500000000         1.3429439823         1.7402322334         0.1768562824
        1.0850031000         2.4500000000         1.3352870017         1.7325766011        -0.0226056902
        1.0900040000         2.4500000000         1.3301823480         1.7249209687        -0.1555803387
        1.0950029000         2.4500000000         1.3352870017         1.7300247236        -0.0226056902
        1.1000038000         2.4500000000         1.3429439823         1.7351284785         0.1768562824
        1.1050035000         2.4500000000         1.3403916554         1.7402322334         0.1103689582
        1.1100023000         2.4500000000         1.3301823480         1.7274728461        -0.1555803387
        1.1150013000         2.4500000000         1.3301823480         1.7249209687        -0.1555803387
        1.1200029000         2.4500000000         1.3352870017         1.7300247236        -0.0226056902
        1.1250018000         2.4500000000         1.3352870017         1.7300247236        -0.0226056902
        1.1300054000         2.4500000000         1.3301823480         1.7249209687        -0.1555803387
        1.1350034000         2.4500000000         1.3301823480         1.7274728461        -0.1555803387
        1.1400025000         2.4500000000         1.3352870017         1.7325766011        -0.0226056902
        1.1450021000         2.4500000000         1.3352870017         1.7325766011        -0.0226056902
        1.1500040000         2.4500000000         1.3403916554         1.7376803560         0.1103689582
        1.1550027000         2.4500000000         1.3352870017         1.7249209687        -0.0226056902
        1.1600024000         2.4500000000         1.3378393285         1.7376803560         0.0438816340
        1.1650029000         2.4500000000         1.3429439823         1.7351284785         0.1768562824
        1.1700032000         2.4500000000         1.3352870017         1.7325766011        -0.0226056902
        1.1750019000         2.4500000000         1.3276300211         1.7249209687        -0.2220676629
        1.1800043000         2.4500000000         1.3352870017         1.7300247236        -0.0226056902
        1.1850027000         2.4500000000         1.3429439823         1.7402322334         0.1768562824
        1.1900299000         2.4500000000         1.3403916554         1.7376803560         0.1103689582
        1.1950043000         2.4500000000         1.3429439823         1.7376803560         0.1768562824
        1.2000747000         2.4500000000         1.3403916554         1.7376803560         0.1103689582
        1.2050159000         2.4500000000         1.3403916554         1.7325766011         0.1103689582
        1.2100103000         2.4500000000         1.3429439823         1.7402322334         0.1768562824
        1.2150038000         2.4500000000         1.3403916554         1.7300247236         0.1103689582
        1.2200052000         2.4500000000         1.3301823480         1.7300247236        -0.1555803387
        1.2250048000         2.4500000000         1.3378393285         1.7325766011         0.0438816340
        1.2301384000         2.4500000000         1.3352870017         1.7300247236        -0.0226056902
        1.2350072000         2.4500000000         1.3403916554         1.7376803560         0.1103689582
        1.2402222000         2.4500000000         1.3352870017         1.7325766011        -0.0226056902
        1.2450043000         2.4500000000         1.3352870017         1.7300247236        -0.0226056902
        1.2500382000         2.4500000000         1.3403916554         1.7376803560         0.1103689582
        1.2550049000         2.4500000000         1.3403916554         1.7376803560         0.1103689582
        1.2600541000         2.4500000000         1.3378393285         1.7325766011         0.0438816340
        1.2650089000         2.4500000000         1.3429439823         1.7376803560         0.1768562824
        1.2700079000         2.4500000000         1.3429439823         1.7376803560         0.1768562824
        1.2750050000         2.4500000000         1.3454963091         1.7376803560         0.2433436067
        1.2800036000         2.4500000000         1.3429439823         1.7376803560         0.1768562824
        1.2850053000         2.4500000000         1.3454963091         1.7300247236         0.2433436067
        1.2900054000         2.4500000000         1.3276300211         1.7274728461        -0.2220676629
        1.2950061000         2.4500000000         1.3352870017         1.7300247236        -0.0226056902
        1.3000032000         2.4500000000         1.3403916554         1.7402322334         0.1103689582
        1.3050041000         2.4500000000         1.3301823480         1.7274728461        -0.1555803387
        1.3100045000         2.4500000000         1.3352870017         1.7325766011        -0.0226056902
        1.3150068000         2.4500000000         1.3378393285         1.7300247236         0.0438816340
        1.3200060000         2.4500000000         1.3352870017         1.7325766011        -0.0226056902
        1.3250047000         2.4500000000         1.3429439823         1.7376803560         0.1768562824
        1.3300260000         2.4500000000         1.3352870017         1.7300247236        -0.0226056902
        1.3350069000         2.4500000000         1.3352870017         1.7300247236        -0.0226056902
        1.3400036000         2.4500000000         1.3352870017         1.7300247236        -0.0226056902
        1.3450050000         2.4500000000         1.3352870017         1.7300247236        -0.0226056902
        1.3501562000         2.4500000000         1.3276300211         1.7249209687        -0.2220676629
        1.3550081000         2.4500000000         1.3352870017         1.7300247236        -0.0226056902
        1.3600039000         2.4500000000         1.3352870017         1.7325766011        -0.0226056902
        1.3650034000         2.4500000000         1.3352870017         1.7325766011        -0.0226056902
        1.3700021000         2.4500000000         1.3327346748         1.7249209687        -0.0890930145
        1.3750048000         2.4500000000         1.3352870017         1.7325766011        -0.0226056902
        1.3800017000         2.4500000000         1.3352870017         1.7274728461        -0.0226056902
        1.3850029000         2.4500000000         1.3403916554         1.7376803560         0.1103689582
        1.3900016000         2.4500000000         1.3352870017         1.7300247236        -0.0226056902
        1.3950044000         2.4500000000         1.3352870017         1.7300247236        -0.0226056902
        1.4000029000         2.4500000000         1.3403916554         1.7376803560         0.1103689582
        1.4050065000         2.4500000000         1.3352870017         1.7325766011        -0.0226056902
        1.4100057000         2.4500000000         1.3352870017         1.7325766011        -0.0226056902
        1.4150036000         2.4500000000         1.3429439823         1.7376803560         0.1768562824
        1.4200038000         2.4500000000         1.3301823480         1.7249209687        -0.1555803387
        1.4250072000         2.4500000000         1.3403916554         1.7376803560         0.1103689582
        1.4300059000         2.4500000000         1.3352870017         1.7325766011        -0.0226056902
        1.4350042000         2.4500000000         1.3352870017         1.7300247236        -0.0226056902
        1.4400061000         2.4500000000         1.3301823480         1.7274728461        -0.1555803387
        1.4450038000         2.4500000000         1.3403916554         1.7376803560         0.1103689582
        1.4500059000         2.4500000000         1.3454963091         1.7351284785         0.2433436067
        1.4550047000         2.4500000000         1.3276300211         1.7300247236        -0.2220676629
        1.4600060000         2.4500000000         1.3429439823         1.7274728461         0.1768562824
        1.4650039000         2.4500000000         1.3429439823         1.7376803560         0.1768562824
        1.4700061000         2.4500000000         1.3352870017         1.7300247236        -0.0226056902
        1.4750037000         2.4500000000         1.3352870017         1.7300247236        -0.0226056902
        1.4800062000         2.4500000000         1.3352870017         1.7300247236        -0.0226056902
        1.4850057000         2.4500000000         1.3352870017         1.7325766011        -0.0226056902
        1.4900058000         2.4500000000         1.3276300211         1.7274728461        -0.2220676629
        1.4950031000         2.4500000000         1.3301823480         1.7249209687        -0.1555803387
        1.5000054000         2.4500000000         1.3352870017         1.7300247236        -0.0226056902
        1.5050060000         2.4500000000         1.3429439823         1.7376803560         0.1768562824
        1.5100056000         2.4500000000         1.3429439823         1.7376803560         0.1768562824
        1.5150030000         2.4500000000         1.3352870017         1.7325766011        -0.0226056902
        1.5200047000         2.4500000000         1.3301823480         1.7249209687        -0.1555803387
        1.5250031000         2.4500000000         1.3429439823         1.7274728461         0.1768562824
        1.5300047000         2.4500000000         1.3327346748         1.7198172138        -0.0890930145
        1.5350039000         2.4500000000         1.3352870017         1.7325766011        -0.0226056902
        1.5400036000         2.4500000000         1.3301823480         1.7274728461        -0.1555803387
        1.5450043000         2.4500000000         1.3301823480         1.7249209687        -0.1555803387
        1.5500037000         2.4500000000         1.3429439823         1.7376803560         0.1768562824
        1.5550031000         2.4500000000         1.3301823480         1.7274728461        -0.1555803387
        1.5600025000         2.4500000000         1.3378393285         1.7300247236         0.0438816340
        1.5650026000         2.4500000000         1.3429439823         1.7376803560         0.1768562824
        1.5700028000         2.4500000000         1.3301823480         1.7249209687        -0.1555803387
        1.5750033000         2.4500000000         1.3352870017         1.7325766011        -0.0226056902
        1.5800026000         2.4500000000         1.3378393285         1.7300247236         0.0438816340
        1.5850064000         2.4500000000         1.3352870017         1.7300247236        -0.0226056902
        1.5900042000         2.4500000000         1.3403916554         1.7325766011         0.1103689582
        1.5950045000         2.4500000000         1.3276300211         1.7249209687        -0.2220676629
        1.6000043000         2.4500000000         1.3429439823         1.7300247236         0.1768562824
        1.6050050000         2.4500000000         1.3352870017         1.7300247236        -0.0226056902
        1.6100036000         2.4500000000         1.3301823480         1.7249209687        -0.1555803387
        1.6150043000         2.4500000000         1.3352870017         1.7300247236        -0.0226056902
        1.6200036000         2.4500000000         1.3352870017         1.7325766011        -0.0226056902
        1.6250060000         2.4500000000         1.3352870017         1.7300247236        -0.0226056902
        1.6328933000         2.4500000000         1.3301823480         1.7249209687        -0.1555803387
        1.6350047000         2.4500000000         1.3352870017         1.7300247236        -0.0226056902
        1.6436507000         2.4500000000         1.3352870017         1.7300247236        -0.0226056902
        1.6493434000         2.4500000000         1.3378393285         1.7300247236         0.0438816340
        1.6500039000         2.4500000000         1.3327346748         1.7249209687        -0.0890930145
        1.6550047000         2.4500000000         1.3301823480         1.7274728461        -0.1555803387
        1.6600021000         2.4500000000         1.3352870017         1.7300247236        -0.0226056902
        1.6650041000         2.4500000000         1.3429439823         1.7300247236         0.1768562824
        1.6700024000         2.4500000000         1.3352870017         1.7325766011        -0.0226056902
        1.6750063000         2.4500000000         1.3327346748         1.7300247236        -0.0890930145
        1.6800020000         2.4500000000         1.3301823480         1.7223690912        -0.1555803387
        1.6850042000         2.4500000000         1.3352870017         1.7249209687        -0.0226056902
        1.6900062000         2.4500000000         1.3352870017         1.7325766011        -0.0226056902
        1.6950046000         2.4500000000         1.3276300211         1.7274728461        -0.2220676629
        1.7000091000         2.4500000000         1.3352870017         1.7325766011        -0.0226056902
        1.7050433000         2.4500000000         1.3352870017         1.7300247236        -0.0226056902
        1.7100030000         2.4500000000         1.3403916554         1.7402322334         0.1103689582
        1.7150050000         2.4500000000         1.3352870017         1.7300247236        -0.0226056902
        1.7200046000         2.4500000000         1.3352870017         1.7300247236        -0.0226056902
        1.7250047000         2.4500000000         1.3301823480         1.7249209687        -0.1555803387
        1.7300027000         2.4500000000         1.3352870017         1.7300247236        -0.0226056902
        1.7350138000         2.4500000000         1.3429439823         1.7351284785         0.1768562824
        1.7400057000         2.4500000000         1.3352870017         1.7300247236        -0.0226056902
        1.7450376000         2.4500000000         1.3352870017         1.7325766011        -0.0226056902
        1.7500016000         2.4500000000         1.3429439823         1.7376803560         0.1768562824
        1.7550951000         2.4500000000         1.3429439823         1.7376803560         0.1768562824
        1.7600027000         2.4500000000         1.3352870017         1.7300247236        -0.0226056902
        1.7650016000         2.4500000000         1.3301823480         1.7249209687        -0.1555803387
        1.7700058000         2.4500000000         1.3301823480         1.7274728461        -0.1555803387
        1.7750043000         2.4500000000         1.3225253674         1.7300247236        -0.3550423114
        1.7800055000         2.4500000000         1.3352870017         1.7300247236        -0.0226056902
        1.7850030000         2.4500000000         1.3327346748         1.7274728461        -0.0890930145
        1.7900098000         2.4500000000         1.3276300211         1.7274728461        -0.2220676629
        1.7950099000         2.4500000000         1.3301823480         1.7274728461        -0.1555803387
        1.8000117000         2.4500000000         1.3429439823         1.7376803560         0.1768562824
        1.8050072000         2.4500000000         1.3429439823         1.7376803560         0.1768562824
        1.8100067000         2.4500000000         1.3327346748         1.7325766011        -0.0890930145
        1.8150045000         2.4500000000         1.3352870017         1.7300247236        -0.0226056902
        1.8200057000         2.4500000000         1.3327346748         1.7249209687        -0.0890930145
        1.8250035000         2.4500000000         1.3352870017         1.7300247236        -0.0226056902
        1.8301322000         2.4500000000         1.3352870017         1.7300247236        -0.0226056902
        1.8350105000         2.4500000000         1.3250776943         1.7300247236        -0.2885549871
        1.8400086000         2.4500000000         1.3301823480         1.7249209687        -0.1555803387
        1.8450063000         2.4500000000         1.3454963091         1.7325766011         0.2433436067
        1.8500060000         2.4500000000         1.3403916554         1.7376803560         0.1103689582
        1.8550074000         2.4500000000         1.3301823480         1.7274728461        -0.1555803387
        1.8600037000         2.4500000000         1.3352870017         1.7325766011        -0.0226056902
        1.8650028000         2.4500000000         1.3352870017         1.7300247236        -0.0226056902
        1.8700048000         2.4500000000         1.3352870017         1.7325766011        -0.0226056902
        1.8750035000         2.4500000000         1.3403916554         1.7376803560         0.1103689582
        1.8800029000         2.4500000000         1.3403916554         1.7376803560         0.1103689582
        1.8850023000         2.4500000000         1.3352870017         1.7300247236        -0.0226056902
        1.8900014000         2.4500000000         1.3352870017         1.7325766011        -0.0226056902
        1.8950012000         2.4500000000         1.3301823480         1.7274728461        -0.1555803387
        1.9000071000         2.4500000000         1.3454963091         1.7325766011         0.2433436067
        1.9050046000         2.4500000000         1.3301823480         1.7274728461        -0.1555803387
        1.9100051000         2.4500000000         1.3352870017         1.7300247236        -0.0226056902
        1.9150041000         2.4500000000         1.3378393285         1.7300247236         0.0438816340
        1.9200035000         2.4500000000         1.3378393285         1.7376803560         0.0438816340
        1.9250018000         2.4500000000         1.3403916554         1.7300247236         0.1103689582
        1.9300052000         2.4500000000         1.3352870017         1.7325766011        -0.0226056902
        1.9350029000         2.4500000000         1.3352870017         1.7300247236        -0.0226056902
        1.9400024000         2.4500000000         1.3429439823         1.7376803560         0.1768562824
        1.9450013000         2.4500000000         1.3454963091         1.7402322334         0.2433436067
        1.9500016000         2.4500000000         1.3352870017         1.7325766011        -0.0226056902
        1.9550011000         2.4500000000         1.3352870017         1.7300247236        -0.0226056902
        1.9600041000         2.4500000000         1.3327346748         1.7325766011        -0.0890930145
        1.9650024000         2.4500000000         1.3352870017         1.7300247236        -0.0226056902
        1.9700029000         2.4500000000         1.3429439823         1.7376803560         0.1768562824
        1.9750016000         2.4500000000         1.3403916554         1.7376803560         0.1103689582
        1.9800025000         2.4500000000         1.3301823480         1.7274728461        -0.1555803387
        1.9850027000         2.4500000000         1.3429439823         1.7402322334         0.1768562824
        1.9900030000         2.4500000000         1.3352870017         1.7300247236        -0.0226056902
        1.9950014000         2.4500000000         1.3352870017         1.7300247236        -0.0226056902
        2.0000063000         2.4500000000         1.3352870017         1.7249209687        -0.0226056902
        2.0050036000         2.4500000000         1.3301823480         1.7274728461        -0.1555803387
        2.0100027000         2.4500000000         1.3301823480         1.7249209687        -0.1555803387
        2.0150021000         2.4500000000         1.3403916554         1.7249209687         0.1103689582
        2.0200032000         2.4500000000         1.3429439823         1.7402322334         0.1768562824
        2.0250024000         2.4500000000         1.3429439823         1.7376803560         0.1768562824
        2.0300044000         2.4500000000         1.3352870017         1.7300247236        -0.0226056902
        2.0350033000         2.4500000000         1.3429439823         1.7376803560         0.1768562824
        2.0400030000         2.4500000000         1.3352870017         1.7325766011        -0.0226056902
        2.0450035000         2.4500000000         1.3276300211         1.7249209687        -0.2220676629
        2.0500043000         2.4500000000         1.3378393285         1.7325766011         0.0438816340
        2.0550027000         2.4500000000         1.3327346748         1.7325766011        -0.0890930145
        2.0600035000         2.4500000000         1.3378393285         1.7325766011         0.0438816340
        2.0650029000         2.4500000000         1.3301823480         1.7274728461        -0.1555803387
        2.0700065000         2.4500000000         1.3378393285         1.7249209687         0.0438816340
        2.0750024000         2.4500000000         1.3352870017         1.7325766011        -0.0226056902
        2.0800095000         2.4500000000         1.3352870017         1.7325766011        -0.0226056902
        2.0850033000         2.4500000000         1.3301823480         1.7249209687        -0.1555803387
        2.0900055000         2.4500000000         1.3429439823         1.7376803560         0.1768562824
        2.0950028000         2.4500000000         1.3352870017         1.7300247236        -0.0226056902
        2.1000498000         2.4500000000         1.3429439823         1.7325766011         0.1768562824
        2.1050038000         2.4500000000         1.3403916554         1.7376803560         0.1103689582
        2.1100028000         2.4500000000         1.3352870017         1.7300247236        -0.0226056902
        2.1150032000         2.4500000000         1.3352870017         1.7325766011        -0.0226056902
        2.1200032000         2.4500000000         1.3352870017         1.7300247236        -0.0226056902
        2.1250020000         2.4500000000         1.3276300211         1.7274728461        -0.2220676629
        2.1300034000         2.4500000000         1.3352870017         1.7325766011        -0.0226056902
        2.1350419000         2.4500000000         1.3378393285         1.7325766011         0.0438816340
        2.1400032000         2.4500000000         1.3378393285         1.7325766011         0.0438816340
        2.1450021000         2.4500000000         1.3454963091         1.7376803560         0.2433436067
        2.1500038000         2.4500000000         1.3352870017         1.7325766011        -0.0226056902
        2.1550028000         2.4500000000         1.3301823480         1.7274728461        -0.1555803387
        2.1600015000         2.4500000000         1.3327346748         1.7300247236        -0.0890930145
        2.1650012000         2.4500000000         1.3429439823         1.7300247236         0.1768562824
        2.1700032000         2.4500000000         1.3199730405         1.7300247236        -0.4215296356
        2.1750022000         2.4500000000         1.3403916554         1.7402322334         0.1103689582
        2.1800132000         2.4500000000         1.3378393285         1.7300247236         0.0438816340
        2.1850018000         2.4500000000         1.3301823480         1.7249209687        -0.1555803387
        2.1900046000         2.4500000000         1.3352870017         1.7300247236        -0.0226056902
        2.1950033000         2.4500000000         1.3352870017         1.7300247236        -0.0226056902
        2.2000034000         2.4500000000         1.3403916554         1.7376803560         0.1103689582
        2.2050021000         2.4500000000         1.3327346748         1.7300247236        -0.0890930145
        2.2100906000         2.4500000000         1.3352870017         1.7300247236        -0.0226056902
        2.2150028000         2.4500000000         1.3301823480         1.7249209687        -0.1555803387
        2.2200264000         2.4500000000         1.3352870017         1.7300247236        -0.0226056902
        2.2250021000         2.4500000000         1.3276300211         1.7249209687        -0.2220676629
        2.2300014000         2.4500000000         1.3403916554         1.7325766011         0.1103689582
        2.2350025000         2.4500000000         1.3301823480         1.7300247236        -0.1555803387
        2.2400013000         2.4500000000         1.3352870017         1.7274728461        -0.0226056902
        2.2450102000         2.4500000000         1.3352870017         1.7300247236        -0.0226056902
        2.2500083000         2.4500000000         1.3352870017         1.7325766011        -0.0226056902
        2.2550056000         2.4500000000         1.3352870017         1.7300247236        -0.0226056902
        2.2600045000         2.4500000000         1.3378393285         1.7325766011         0.0438816340
        2.2650050000         2.4500000000         1.3301823480         1.7274728461        -0.1555803387
        2.2700055000         2.4500000000         1.3352870017         1.7325766011        -0.0226056902
        2.2750033000         2.4500000000         1.3352870017         1.7300247236        -0.0226056902
        2.2800062000         2.4500000000         1.3352870017         1.7300247236        -0.0226056902
        2.2850043000         2.4500000000         1.3301823480         1.7249209687        -0.1555803387
        2.2900057000         2.4500000000         1.3429439823         1.7376803560         0.1768562824
        2.2950024000         2.4500000000         1.3352870017         1.7300247236        -0.0226056902
        2.3000028000         2.4500000000         1.3301823480         1.7249209687        -0.1555803387
        2.3050054000         2.4500000000         1.3352870017         1.7300247236        -0.0226056902
        2.3100026000         2.4500000000         1.3327346748         1.7274728461        -0.0890930145
        2.3150027000         2.4500000000         1.3429439823         1.7376803560         0.1768562824
        2.3200018000         2.4500000000         1.3352870017         1.7300247236        -0.0226056902
        2.3250029000         2.4500000000         1.3352870017         1.7325766011        -0.0226056902
        2.3300022000         2.4500000000         1.3352870017         1.7325766011        -0.0226056902
        2.3350050000         2.4500000000         1.3352870017         1.7300247236        -0.0226056902
        2.3400274000         2.4500000000         1.3301823480         1.7274728461        -0.1555803387
        2.3450051000         2.4500000000         1.3301823480         1.7249209687        -0.1555803387
        2.3500050000         2.4500000000         1.3301823480         1.7274728461        -0.1555803387
        2.3550032000         2.4500000000         1.3378393285         1.7300247236         0.0438816340
        2.3600300000         2.4500000000         1.3276300211         1.7249209687        -0.2220676629
        2.3650047000         2.4500000000         1.3352870017         1.7325766011        -0.0226056902
        2.3702557000         2.4500000000         1.3352870017         1.7325766011        -0.0226056902
        2.3750025000         2.4500000000         1.3301823480         1.7249209687        -0.1555803387
        2.3801895000         2.4500000000         1.3429439823         1.7402322334         0.1768562824
        2.3850047000         2.4500000000         1.3429439823         1.7325766011         0.1768562824
        2.3900049000         2.4500000000         1.3403916554         1.7376803560         0.1103689582
        2.3950049000         2.4500000000         1.3403916554         1.7376803560         0.1103689582
        2.4000317000         2.4500000000         1.3352870017         1.7300247236        -0.0226056902
        2.4050078000         2.4500000000         1.3378393285         1.7300247236         0.0438816340
        2.4100060000         2.4500000000         1.3352870017         1.7300247236        -0.0226056902
        2.4150028000         2.4500000000         1.3352870017         1.7300247236        -0.0226056902
        2.4200031000         2.4500000000         1.3352870017         1.7325766011        -0.0226056902
        2.4250031000         2.4500000000         1.3276300211         1.7249209687        -0.2220676629
        2.4300047000         2.4500000000         1.3301823480         1.7249209687        -0.1555803387
        2.4350080000         2.4500000000         1.3352870017         1.7300247236        -0.0226056902
        2.4400064000         2.4500000000         1.3352870017         1.7300247236        -0.0226056902
        2.4450041000         2.4500000000         1.3429439823         1.7376803560         0.1768562824
        2.4500060000         2.4500000000         1.3378393285         1.7300247236         0.0438816340
        2.4550066000         2.4500000000         1.3480486360         1.7300247236         0.3098309309
        2.4600059000         2.4500000000         1.3148683868         1.7249209687        -0.5545042841
        2.4650057000         2.4500000000         1.3352870017         1.7325766011        -0.0226056902
        2.4700065000         2.4500000000         1.3352870017         1.7325766011        -0.0226056902
        2.4750048000         2.4500000000         1.3429439823         1.7376803560         0.1768562824
        2.4800063000         2.4500000000         1.3352870017         1.7325766011        -0.0226056902
        2.4850055000         2.4500000000         1.3301823480         1.7249209687        -0.1555803387
        2.4900059000         2.4500000000         1.3276300211         1.7249209687        -0.2220676629
        2.4950036000         2.4500000000         1.3378393285         1.7325766011         0.0438816340
        2.5000055000         2.4500000000         1.3378393285         1.7325766011         0.0438816340
        2.5050056000         2.4500000000         1.3429439823         1.7427841109         0.1768562824
        2.5100061000         2.4500000000         1.3403916554         1.7376803560         0.1103689582
        2.5150034000         2.4500000000         1.3352870017         1.7325766011        -0.0226056902
        2.5200049000         2.4500000000         1.3557056165         1.7376803560         0.5092929036
        2.5250064000         2.4500000000         1.3301823480         1.7249209687        -0.1555803387
        2.5300049000         2.4500000000         1.3378393285         1.7300247236         0.0438816340
        2.5350054000         2.4500000000         1.3352870017         1.7325766011        -0.0226056902
        2.5400326000         2.4500000000         1.3352870017         1.7300247236        -0.0226056902
        2.5450035000         2.4500000000         1.3429439823         1.7376803560         0.1768562824
        2.5500044000         2.4500000000         1.3352870017         1.7300247236        -0.0226056902
        2.5550295000         2.4500000000         1.3378393285         1.7300247236         0.0438816340
        2.5600049000         2.4500000000         1.3403916554         1.7376803560         0.1103689582
        2.5650033000         2.4500000000         1.3429439823         1.7376803560         0.1768562824
        2.5700046000         2.4500000000         1.3352870017         1.7300247236        -0.0226056902
        2.5750033000         2.4500000000         1.3276300211         1.7274728461        -0.2220676629
        2.5800052000         2.4500000000         1.3301823480         1.7249209687        -0.1555803387
        2.5850033000         2.4500000000         1.3352870017         1.7325766011        -0.0226056902
        2.5900047000         2.4500000000         1.3378393285         1.7325766011         0.0438816340
        2.5950048000         2.4500000000         1.3352870017         1.7300247236        -0.0226056902
        2.6000049000         2.4500000000         1.3454963091         1.7325766011         0.2433436067
        2.6050035000         2.4500000000         1.3301823480         1.7249209687        -0.1555803387
        2.6100032000         2.4500000000         1.3276300211         1.7249209687        -0.2220676629
        2.6150039000         2.4500000000         1.3352870017         1.7325766011        -0.0226056902
        2.6200049000         2.4500000000         1.3352870017         1.7300247236        -0.0226056902
        2.6250033000         2.4500000000         1.3352870017         1.7325766011        -0.0226056902
        2.6300025000         2.4500000000         1.3352870017         1.7325766011        -0.0226056902
        2.6350026000         2.4500000000         1.3352870017         1.7300247236        -0.0226056902
        2.6400022000         2.4500000000         1.3352870017         1.7325766011        -0.0226056902
        2.6450022000         2.4500000000         1.3301823480         1.7274728461        -0.1555803387
        2.6500026000         2.4500000000         1.3352870017         1.7300247236        -0.0226056902
        2.6550041000         2.4500000000         1.3352870017         1.7300247236        -0.0226056902
        2.6600025000         2.4500000000         1.3429439823         1.7351284785         0.1768562824
        2.6650050000         2.4500000000         1.3327346748         1.7249209687        -0.0890930145
        2.6700081000         2.4500000000         1.3327346748         1.7274728461        -0.0890930145
        2.6750054000         2.4500000000         1.3327346748         1.7325766011        -0.0890930145
        2.6800075000         2.4500000000         1.3301823480         1.7249209687        -0.1555803387
        2.6850207000         2.4500000000         1.3352870017         1.7249209687        -0.0226056902
        2.6900109000         2.4500000000         1.3429439823         1.7351284785         0.1768562824
        2.6950258000         2.4500000000         1.3429439823         1.7351284785         0.1768562824
        2.7000028000         2.4500000000         1.3378393285         1.7325766011         0.0438816340
        2.7050022000         2.4500000000         1.3301823480         1.7274728461        -0.1555803387
        2.7100022000         2.4500000000         1.3276300211         1.7274728461        -0.2220676629
        2.7150788000         2.4500000000         1.3301823480         1.7274728461        -0.1555803387
        2.7200020000         2.4500000000         1.3301823480         1.7249209687        -0.1555803387
        2.7250013000         2.4500000000         1.3352870017         1.7325766011        -0.0226056902
        2.7300023000         2.4500000000         1.3429439823         1.7376803560         0.1768562824
        2.7350015000         2.4500000000         1.3403916554         1.7376803560         0.1103689582
        2.7400027000         2.4500000000         1.3403916554         1.7376803560         0.1103689582
        2.7450015000         2.4500000000         1.3429439823         1.7402322334         0.1768562824
        2.7500024000         2.4500000000         1.3352870017         1.7325766011        -0.0226056902
        2.7550014000         2.4500000000         1.3378393285         1.7325766011         0.0438816340
        2.7600021000         2.4500000000         1.3352870017         1.7325766011        -0.0226056902
        2.7650047000         2.4500000000         1.3327346748         1.7325766011        -0.0890930145
        2.7700024000         2.4500000000         1.3454963091         1.7325766011         0.2433436067
        2.7750032000         2.4500000000         1.3352870017         1.7300247236        -0.0226056902
        2.7800028000         2.4500000000         1.3276300211         1.7249209687        -0.2220676629
        2.7850017000         2.4500000000         1.3352870017         1.7325766011        -0.0226056902
        2.7900043000         2.4500000000         1.3352870017         1.7300247236        -0.0226056902
        2.7950024000         2.4500000000         1.3429439823         1.7376803560         0.1768562824
        2.8000043000         2.4500000000         1.3301823480         1.7249209687        -0.1555803387
        2.8050026000         2.4500000000         1.3403916554         1.7376803560         0.1103689582
        2.8100036000         2.4500000000         1.3301823480         1.7274728461        -0.1555803387
        2.8150027000         2.4500000000         1.3276300211         1.7249209687        -0.2220676629
        2.8200036000         2.4500000000         1.3352870017         1.7300247236        -0.0226056902
        2.8250030000         2.4500000000         1.3352870017         1.7300247236        -0.0226056902
        2.8300026000         2.4500000000         1.3429439823         1.7351284785         0.1768562824
        2.8350029000         2.4500000000         1.3454963091         1.7376803560         0.2433436067
        2.8400075000         2.4500000000         1.3378393285         1.7325766011         0.0438816340
        2.8450054000         2.4500000000         1.3378393285         1.7325766011         0.0438816340
        2.8500060000         2.4500000000         1.3352870017         1.7325766011        -0.0226056902
        2.8550031000         2.4500000000         1.3352870017         1.7325766011        -0.0226056902
        2.8600043000         2.4500000000         1.3352870017         1.7300247236        -0.0226056902
        2.8650032000         2.4500000000         1.3352870017         1.7300247236        -0.0226056902
        2.8700050000         2.4500000000         1.3301823480         1.7249209687        -0.1555803387
        2.8750018000         2.4500000000         1.3352870017         1.7300247236        -0.0226056902
        2.8800050000         2.4500000000         1.3403916554         1.7376803560         0.1103689582
        2.8850037000         2.4500000000         1.3352870017         1.7325766011        -0.0226056902
        2.8900058000         2.4500000000         1.3352870017         1.7300247236        -0.0226056902
        2.8950029000         2.4500000000         1.3352870017         1.7274728461        -0.0226056902
        2.9000034000         2.4500000000         1.3276300211         1.7249209687        -0.2220676629
        2.9050042000         2.4500000000         1.3352870017         1.7300247236        -0.0226056902
        2.9100035000         2.4500000000         1.3429439823         1.7351284785         0.1768562824
        2.9150049000         2.4500000000         1.3454963091         1.7351284785         0.2433436067
        2.9200028000         2.4500000000         1.3480486360         1.7325766011         0.3098309309
        2.9250064000         2.4500000000         1.3174207137         1.7249209687        -0.4880169598
        2.9300037000         2.4500000000         1.3352870017         1.7300247236        -0.0226056902
        2.9350054000         2.4500000000         1.3352870017         1.7300247236        -0.0226056902
        2.9400042000         2.4500000000         1.3429439823         1.7376803560         0.1768562824
        2.9450048000         2.4500000000         1.3429439823         1.7376803560         0.1768562824
        2.9500055000         2.4500000000         1.3352870017         1.7325766011        -0.0226056902
        2.9550039000         2.4500000000         1.3301823480         1.7249209687        -0.1555803387
        2.9600041000         2.4500000000         1.3352870017         1.7300247236        -0.0226056902
        2.9650036000         2.4500000000         1.3378393285         1.7300247236         0.0438816340
        2.9700060000         2.4500000000         1.3378393285         1.7300247236         0.0438816340
        2.9750064000         2.4500000000         1.3352870017         1.7300247236        -0.0226056902
        2.9800039000         2.4500000000         1.3301823480         1.7249209687        -0.1555803387
        2.9850076000         2.4500000000         1.3403916554         1.7376803560         0.1103689582
        2.9900064000         2.4500000000         1.3429439823         1.7376803560         0.1768562824
        2.9950057000         2.4500000000         1.3557056165         1.7376803560         0.5092929036
        3.0000376000         2.4500000000         1.3352870017         1.7300247236        -0.0226056902
        3.0050048000         2.4500000000         1.3352870017         1.7325766011        -0.0226056902
        3.0101256000         2.4500000000         1.3429439823         1.7402322334         0.1768562824
        3.0150068000         2.4500000000         1.3352870017         1.7325766011        -0.0226056902
        3.0202034000         2.4500000000         1.3301823480         1.7274728461        -0.1555803387
        3.0250055000         2.4500000000         1.3429439823         1.7376803560         0.1768562824
        3.0300061000         2.4500000000         1.3403916554         1.7376803560         0.1103689582
        3.0350065000         2.4500000000         1.3301823480         1.7249209687        -0.1555803387
        3.0400061000         2.4500000000         1.3403916554         1.7376803560         0.1103689582
        3.0450045000         2.4500000000         1.3352870017         1.7300247236        -0.0226056902
        3.0500072000         2.4500000000         1.3301823480         1.7249209687        -0.1555803387
        3.0550066000         2.4500000000         1.3352870017         1.7300247236        -0.0226056902
        3.0600064000         2.4500000000         1.3327346748         1.7300247236        -0.0890930145
        3.0650036000         2.4500000000         1.3352870017         1.7325766011        -0.0226056902
        3.0700062000         2.4500000000         1.3148683868         1.7249209687        -0.5545042841
        3.0750039000         2.4500000000         1.3378393285         1.7300247236         0.0438816340
        3.0800146000         2.4500000000         1.3352870017         1.7325766011        -0.0226056902
        3.0850056000         2.4500000000         1.3352870017         1.7300247236        -0.0226056902
        3.0900164000         2.4500000000         1.3352870017         1.7325766011        -0.0226056902
        3.0950050000         2.4500000000         1.3301823480         1.7249209687        -0.1555803387
        3.1000052000         2.4500000000         1.3352870017         1.7300247236        -0.0226056902
        3.1050073000         2.4500000000         1.3352870017         1.7325766011        -0.0226056902
        3.1100162000         2.4500000000         1.3301823480         1.7249209687        -0.1555803387
        3.1150060000         2.4500000000         1.3352870017         1.7300247236        -0.0226056902
        3.1200056000         2.4500000000         1.3352870017         1.7325766011        -0.0226056902
        3.1250060000         2.4500000000         1.3352870017         1.7376803560        -0.0226056902
        3.1300065000         2.4500000000         1.3378393285         1.7325766011         0.0438816340
        3.1350048000         2.4500000000         1.3403916554         1.7376803560         0.1103689582
        3.1400139000         2.4500000000         1.3327346748         1.7300247236        -0.0890930145
        3.1450066000         2.4500000000         1.3327346748         1.7274728461        -0.0890930145
        3.1500130000         2.4500000000         1.3352870017         1.7325766011        -0.0226056902
        3.1550067000         2.4500000000         1.3276300211         1.7249209687        -0.2220676629
        3.1600060000         2.4500000000         1.3352870017         1.7300247236        -0.0226056902
        3.1650059000         2.4500000000         1.3352870017         1.7325766011        -0.0226056902
        3.1700054000         2.4500000000         1.3352870017         1.7325766011        -0.0226056902
        3.1750075000         2.4500000000         1.3403916554         1.7376803560         0.1103689582
        3.1800145000         2.4500000000         1.3352870017         1.7300247236        -0.0226056902
        3.1850051000         2.4500000000         1.3352870017         1.7300247236        -0.0226056902
        3.1900137000         2.4500000000         1.3301823480         1.7249209687        -0.1555803387
        3.1950050000         2.4500000000         1.3352870017         1.7300247236        -0.0226056902
        3.2000122000         2.4500000000         1.3352870017         1.7300247236        -0.0226056902
        3.2050058000         2.4500000000         1.3429439823         1.7351284785         0.1768562824
        3.2100047000         2.4500000000         1.3352870017         1.7325766011        -0.0226056902
        3.2150030000         2.4500000000         1.3429439823         1.7376803560         0.1768562824
        3.2200050000         2.4500000000         1.3429439823         1.7402322334         0.1768562824
        3.2250037000         2.4500000000         1.3352870017         1.7274728461        -0.0226056902
        3.2300049000         2.4500000000         1.3276300211         1.7249209687        -0.2220676629
        3.2350033000         2.4500000000         1.3429439823         1.7351284785         0.1768562824
        3.2400048000         2.4500000000         1.3480486360         1.7300247236         0.3098309309
        3.2450186000         2.4500000000         1.3429439823         1.7376803560         0.1768562824
        3.2500049000         2.4500000000         1.3352870017         1.7300247236        -0.0226056902
        3.2550032000         2.4500000000         1.3301823480         1.7274728461        -0.1555803387
        3.2600020000         2.4500000000         1.3276300211         1.7274728461        -0.2220676629
        3.2650018000         2.4500000000         1.3352870017         1.7325766011        -0.0226056902
        3.2700046000         2.4500000000         1.3403916554         1.7376803560         0.1103689582
        3.2751500000         2.4500000000         1.3352870017         1.7325766011        -0.0226056902
        3.2800029000         2.4500000000         1.3276300211         1.7249209687        -0.2220676629
        3.2850658000         2.4500000000         1.3429439823         1.7402322334         0.1768562824
        3.2900047000         2.4500000000         1.3403916554         1.7376803560         0.1103689582
        3.2950047000         2.4500000000         1.3403916554         1.7376803560         0.1103689582
        3.3000039000         2.4500000000         1.3352870017         1.7300247236        -0.0226056902
        3.3050051000         2.4500000000         1.3301823480         1.7249209687        -0.1555803387
        3.3100068000         2.4500000000         1.3352870017         1.7300247236        -0.0226056902
        3.3150049000         2.4500000000         1.3454963091         1.7325766011         0.2433436067
        3.3200054000         2.4500000000         1.3480486360         1.7376803560         0.3098309309
        3.3250034000         2.4500000000         1.3429439823         1.7351284785         0.1768562824
        3.3300059000         2.4500000000         1.3352870017         1.7325766011        -0.0226056902
        3.3350043000         2.4500000000         1.3301823480         1.7274728461        -0.1555803387
        3.3400062000         2.4500000000         1.3327346748         1.7325766011        -0.0890930145
        3.3450038000         2.4500000000         1.3327346748         1.7325766011        -0.0890930145
        3.3500051000         2.4500000000         1.3429439823         1.7376803560         0.1768562824
        3.3550055000         2.4500000000         1.3352870017         1.7300247236        -0.0226056902
        3.3600051000         2.4500000000         1.3352870017         1.7300247236        -0.0226056902
        3.3650035000         2.4500000000         1.3378393285         1.7325766011         0.0438816340
        3.3700034000         2.4500000000         1.3352870017         1.7325766011        -0.0226056902
        3.3750613000         2.4500000000         1.3429439823         1.7300247236         0.1768562824
        3.3800021000         2.4500000000         1.3429439823         1.7351284785         0.1768562824
        3.3852003000         2.4500000000         1.3301823480         1.7249209687        -0.1555803387
        3.3900027000         2.4500000000         1.3352870017         1.7351284785        -0.0226056902
        3.3950015000         2.4500000000         1.3378393285         1.7325766011         0.0438816340
        3.4000034000         2.4500000000         1.3352870017         1.7300247236        -0.0226056902
        3.4050036000         2.4500000000         1.3403916554         1.7376803560         0.1103689582
        3.4100027000         2.4500000000         1.3352870017         1.7300247236        -0.0226056902
        3.4150020000         2.4500000000         1.3582579434         1.7376803560         0.5757802278
        3.4200045000         2.4500000000         1.3276300211         1.7249209687        -0.2220676629
        3.4250026000         2.4500000000         1.3276300211         1.7249209687        -0.2220676629
        3.4300032000         2.4500000000         1.3352870017         1.7300247236        -0.0226056902
        3.4350034000         2.4500000000         1.3352870017         1.7325766011        -0.0226056902
        3.4400037000         2.4500000000         1.3352870017         1.7325766011        -0.0226056902
        3.4450032000         2.4500000000         1.3378393285         1.7300247236         0.0438816340
        3.4500039000         2.4500000000         1.3378393285         1.7300247236         0.0438816340
        3.4550020000         2.4500000000         1.3378393285         1.7325766011         0.0438816340
        3.4600031000         2.4500000000         1.3454963091         1.7376803560         0.2433436067
        3.4650028000         2.4500000000         1.3352870017         1.7325766011        -0.0226056902
        3.4700046000         2.4500000000         1.3301823480         1.7249209687        -0.1555803387
        3.4750055000         2.4500000000         1.3352870017         1.7300247236        -0.0226056902
        3.4800042000         2.4500000000         1.3378393285         1.7300247236         0.0438816340
        3.4850055000         2.4500000000         1.3403916554         1.7376803560         0.1103689582
        3.4900044000         2.4500000000         1.3352870017         1.7300247236        -0.0226056902
        3.4950049000         2.4500000000         1.3378393285         1.7300247236         0.0438816340
        3.5000092000         2.4500000000         1.3352870017         1.7325766011        -0.0226056902
        3.5050050000         2.4500000000         1.3429439823         1.7376803560         0.1768562824
        3.5100096000         2.4500000000         1.3378393285         1.7325766011         0.0438816340
        3.5150170000         2.4500000000         1.3301823480         1.7249209687        -0.1555803387
        3.5200109000         2.4500000000         1.3429439823         1.7376803560         0.1768562824
        3.5250171000         2.4500000000         1.3429439823         1.7376803560         0.1768562824
        3.5300128000         2.4500000000         1.3352870017         1.7325766011        -0.0226056902
        3.5350133000         2.4500000000         1.3276300211         1.7249209687        -0.2220676629
        3.5400140000         2.4500000000         1.3352870017         1.7300247236        -0.0226056902
        3.5450122000         2.4500000000         1.3301823480         1.7249209687        -0.1555803387
        3.5500094000         2.4500000000         1.3301823480         1.7249209687        -0.1555803387
        3.5550102000         2.4500000000         1.3301823480         1.7249209687        -0.1555803387
        3.5600155000         2.4500000000         1.3352870017         1.7300247236        -0.0226056902
        3.5650068000         2.4500000000         1.3378393285         1.7325766011         0.0438816340
        3.5700057000         2.4500000000         1.3352870017         1.7300247236        -0.0226056902
        3.5750058000         2.4500000000         1.3352870017         1.7376803560        -0.0226056902
        3.5800045000         2.4500000000         1.3352870017         1.7300247236        -0.0226056902
        3.5850045000         2.4500000000         1.3352870017         1.7300247236        -0.0226056902
        3.5900033000         2.4500000000         1.3327346748         1.7274728461        -0.0890930145
        3.5950066000         2.4500000000         1.3429439823         1.7376803560         0.1768562824
        3.6000172000         2.4500000000         1.3301823480         1.7249209687        -0.1555803387
        3.6050061000         2.4500000000         1.3378393285         1.7325766011         0.0438816340
        3.6100071000         2.4500000000         1.3429439823         1.7300247236         0.1768562824
        3.6150069000         2.4500000000         1.3352870017         1.7249209687        -0.0226056902
        3.6200245000         2.4500000000         1.3352870017         1.7325766011        -0.0226056902
        3.6250224000         2.4500000000         1.3378393285         1.7300247236         0.0438816340
        3.6300122000         2.4500000000         1.3352870017         1.7325766011        -0.0226056902
        3.6350077000         2.4500000000         1.3403916554         1.7300247236         0.1103689582
        3.6400018000         2.4500000000         1.3429439823         1.7376803560         0.1768562824
        3.6450023000         2.4500000000         1.3352870017         1.7300247236        -0.0226056902
        3.6500013000         2.4500000000         1.3352870017         1.7300247236        -0.0226056902
        3.6550018000         2.4500000000         1.3378393285         1.7300247236         0.0438816340
        3.6600017000         2.4500000000         1.3403916554         1.7300247236         0.1103689582
        3.6650022000         2.4500000000         1.3403916554         1.7351284785         0.1103689582
        3.6700056000         2.4500000000         1.3352870017         1.7325766011        -0.0226056902
        3.6750051000         2.4500000000         1.3276300211         1.7249209687        -0.2220676629
        3.6800037000         2.4500000000         1.3352870017         1.7300247236        -0.0226056902
        3.6850071000         2.4500000000         1.3378393285         1.7300247236         0.0438816340
        3.6900042000         2.4500000000         1.3403916554         1.7376803560         0.1103689582
        3.6950047000         2.4500000000         1.3403916554         1.7351284785         0.1103689582
        3.7000051000         2.4500000000         1.3352870017         1.7325766011        -0.0226056902
        3.7050092000         2.4500000000         1.3429439823         1.7376803560         0.1768562824
        3.7100087000         2.4500000000         1.3352870017         1.7325766011        -0.0226056902
        3.7150065000         2.4500000000         1.3480486360         1.7376803560         0.3098309309
        3.7200064000         2.4500000000         1.3429439823         1.7376803560         0.1768562824
        3.7250051000         2.4500000000         1.3301823480         1.7249209687        -0.1555803387
        3.7300040000         2.4500000000         1.3301823480         1.7249209687        -0.1555803387
        3.7350028000         2.4500000000         1.3352870017         1.7300247236        -0.0226056902
        3.7400068000         2.4500000000         1.3301823480         1.7274728461        -0.1555803387
        3.7450021000         2.4500000000         1.3378393285         1.7325766011         0.0438816340
        3.7500026000         2.4500000000         1.3301823480         1.7274728461        -0.1555803387
        3.7550022000         2.4500000000         1.3352870017         1.7300247236        -0.0226056902
        3.7600021000         2.4500000000         1.3352870017         1.7300247236        -0.0226056902
        3.7650019000         2.4500000000         1.3301823480         1.7274728461        -0.1555803387
        3.7700019000         2.4500000000         1.3301823480         1.7249209687        -0.1555803387
        3.7750013000         2.4500000000         1.3327346748         1.7274728461        -0.0890930145
        3.7800017000         2.4500000000         1.3352870017         1.7351284785        -0.0226056902
        3.7850022000         2.4500000000         1.3352870017         1.7300247236        -0.0226056902
        3.7900066000         2.4500000000         1.3429439823         1.7376803560         0.1768562824
        3.7950021000         2.4500000000         1.3352870017         1.7325766011        -0.0226056902
        3.8000017000         2.4500000000         1.3301823480         1.7249209687        -0.1555803387
        3.8050019000         2.4500000000         1.3352870017         1.7300247236        -0.0226056902
        3.8100018000         2.4500000000         1.3301823480         1.7249209687        -0.1555803387
        3.8150032000         2.4500000000         1.3352870017         1.7325766011        -0.0226056902
        3.8200027000         2.4500000000         1.3378393285         1.7300247236         0.0438816340
        3.8250015000         2.4500000000         1.3352870017         1.7300247236        -0.0226056902
        3.8300019000         2.4500000000         1.3352870017         1.7300247236        -0.0226056902
        3.8350020000         2.4500000000         1.3378393285         1.7300247236         0.0438816340
        3.8400672000         2.4500000000         1.3429439823         1.7376803560         0.1768562824
        3.8450014000         2.4500000000         1.3352870017         1.7325766011        -0.0226056902
        3.8501381000         2.4500000000         1.3301823480         1.7249209687        -0.1555803387
        3.8550057000         2.4500000000         1.3352870017         1.7376803560        -0.0226056902
        3.8600067000         2.4500000000         1.3352870017         1.7300247236        -0.0226056902
        3.8650035000         2.4500000000         1.3352870017         1.7300247236        -0.0226056902
        3.8700067000         2.4500000000         1.3429439823         1.7376803560         0.1768562824
        3.8750025000         2.4500000000         1.3352870017         1.7300247236        -0.0226056902
        3.8800056000         2.4500000000         1.3429439823         1.7351284785         0.1768562824
        3.8850027000         2.4500000000         1.3403916554         1.7402322334         0.1103689582
        3.8900062000         2.4500000000         1.3301823480         1.7274728461        -0.1555803387
        3.8950022000         2.4500000000         1.3429439823         1.7376803560         0.1768562824
        3.9000093000         2.4500000000         1.3276300211         1.7300247236        -0.2220676629
        3.9050060000         2.4500000000         1.3429439823         1.7376803560         0.1768562824
        3.9100038000         2.4500000000         1.3301823480         1.7249209687        -0.1555803387
        3.9150017000         2.4500000000         1.3378393285         1.7300247236         0.0438816340
        3.9200027000         2.4500000000         1.3327346748         1.7274728461        -0.0890930145
        3.9250025000         2.4500000000         1.3352870017         1.7300247236        -0.0226056902
        3.9300032000         2.4500000000         1.3352870017         1.7300247236        -0.0226056902
        3.9350020000         2.4500000000         1.3403916554         1.7376803560         0.1103689582
        3.9400046000         2.4500000000         1.3352870017         1.7300247236        -0.0226056902
        3.9450018000         2.4500000000         1.3429439823         1.7376803560         0.1768562824
        3.9500070000         2.4500000000         1.3352870017         1.7300247236        -0.0226056902
        3.9550020000         2.4500000000         1.3429439823         1.7376803560         0.1768562824
        3.9600053000         2.4500000000         1.3352870017         1.7300247236        -0.0226056902
        3.9650020000         2.4500000000         1.3352870017         1.7325766011        -0.0226056902
        3.9700055000         2.4500000000         1.3352870017         1.7300247236        -0.0226056902
        3.9750024000         2.4500000000         1.3403916554         1.7376803560         0.1103689582
        3.9800024000         2.4500000000         1.3301823480         1.7249209687        -0.1555803387
        3.9850023000         2.4500000000         1.3378393285         1.7300247236         0.0438816340
        3.9900034000         2.4500000000         1.3352870017         1.7325766011        -0.0226056902
        3.9950029000         2.4500000000         1.3429439823         1.7376803560         0.1768562824
