% Sweep Step 156/200  Vcmd=0.6000V  CCW
% Vg_offset=1.338056V  K_gimbal=26.049690

Time[s]              Vcmd[V]              Vg_raw[V]            Pot[V]               Omega[rad/s]
        0.0010613000         0.6000000000         1.3378393285         1.1533004179        -0.0056514226
        0.0055087000         0.6000000000         1.3301823480         1.1481966629        -0.2051133952
        0.0111102000         0.6000000000         1.3454963091         1.1558522953         0.1938105501
        0.0154337000         0.6000000000         1.2689265034         1.1558522953        -1.8008091767
        0.0204495000         0.6000000000         1.0136938178         1.1252297658        -8.4495415993
        0.0254092000         0.6000000000         1.0698450086         1.0946072363        -6.9868204664
        0.0304325000         0.6000000000         0.9728565881         1.0665365843        -9.5133387870
        0.0353917000         0.6000000000         0.9600949538         1.0333621773        -9.8457754081
        0.0404091000         0.6000000000         0.8937344555         0.9874283830       -11.5744458380
        0.0453907000         0.6000000000         0.9192577241         0.9440464662       -10.9095725957
        0.0503894000         0.6000000000         0.8503448990         0.9032164269       -12.7047303499
        0.0554117000         0.6000000000         0.8452402453         0.8470751228       -12.8377049983
        0.0604463000         0.6000000000         0.8222693035         0.8011413285       -13.4360909164
        0.0655872000         0.6000000000         0.8171646498         0.7475519019       -13.5690655648
        0.0704495000         0.6000000000         0.7839844007         0.6888587203       -14.4334007798
        0.0754286000         0.6000000000         0.7865367276         0.6301655388       -14.3669134555
        0.0804748000         0.6000000000         0.7431471710         0.5663686023       -15.4971979674
        0.0854650000         0.6000000000         0.7533564784         0.5051235433       -15.2312486705
        0.0904493000         0.6000000000         0.7354901904         0.4438784843       -15.6966599401
        0.0954436000         0.6000000000         0.7431471710         0.3902890576       -15.4971979674
        0.1004479000         0.6000000000         0.7252808830         0.3239402437       -15.9626092370
        0.1054496000         0.6000000000         0.7227285561         0.2703508170       -16.0290965612
        0.1109543000         0.6000000000         0.7074145950         0.1886907384       -16.4280205066
        0.1154418000         0.6000000000         0.7099669219         0.1351013117       -16.3615331823
        0.1204683000         0.6000000000         0.6921006339         0.0636487429       -16.8269444519
        0.1255106000         0.6000000000         0.7125192487         0.0024036839       -16.2950458581
        0.1304709000         0.6000000000         0.6844436533        -0.0001481936       -17.0264064246
        0.1354314000         0.6000000000         0.6869959802         1.1022628687       -16.9599191004
        0.1404539000         0.6000000000         0.6691296922         4.9964278711       -17.4253303700
        0.1454388000         0.6000000000         0.6818913264         4.9989797486       -17.0928937488
        0.1504536000         0.6000000000         0.6640250384         4.9734609740       -17.5583050184
        0.1554441000         0.6000000000         0.6818913264         4.9096640375       -17.0928937488
        0.1605886000         0.6000000000         0.6767866727         4.8433152236       -17.2258683973
        0.1654642000         0.6000000000         0.6640250384         4.7642070224       -17.5583050184
        0.1705365000         0.6000000000         0.6563680579         4.6902025760       -17.7577669911
        0.1754758000         0.6000000000         0.6538157310         4.6187500072       -17.8242543153
        0.1804662000         0.6000000000         0.6691296922         4.5575049482       -17.4253303700
        0.1854394000         0.6000000000         0.6563680579         4.4860523793       -17.7577669911
        0.1904485000         0.6000000000         0.6512634042         4.4094960556       -17.8907416395
        0.1956133000         0.6000000000         0.6410540967         4.3303878543       -18.1566909364
        0.2004423000         0.6000000000         0.6385017699         4.2589352855       -18.2231782607
        0.2054420000         0.6000000000         0.6512634042         4.1976902265       -17.8907416395
        0.2104983000         0.6000000000         0.6410540967         4.1211339027       -18.1566909364
        0.2154451000         0.6000000000         0.6487110773         4.0547850888       -17.9572289638
        0.2204839000         0.6000000000         0.6308447893         3.9833325199       -18.4226402334
        0.2254832000         0.6000000000         0.6487110773         3.9246393383       -17.9572289638
        0.2304092000         0.6000000000         0.6410540967         3.8531867695       -18.1566909364
        0.2354445000         0.6000000000         0.6308447893         3.7740785683       -18.4226402334
        0.2404788000         0.6000000000         0.6385017699         3.7077297543       -18.2231782607
        0.2454035000         0.6000000000         0.6385017699         3.6388290629       -18.2231782607
        0.2505141000         0.6000000000         0.6282924625         3.5648246166       -18.4891275576
        0.2554446000         0.6000000000         0.6333971162         3.5010276801       -18.3561529091
        0.2604951000         0.6000000000         0.6180831550         3.4295751113       -18.7550768545
        0.2654032000         0.6000000000         0.6436064236         3.3530187875       -18.0902036122
        0.2704739000         0.6000000000         0.6104261745         3.2815662187       -18.9545388272
        0.2754029000         0.6000000000         0.6333971162         3.2177692822       -18.3561529091
        0.2805187000         0.6000000000         0.6206354819         3.1488685908       -18.6885895303
        0.2854185000         0.6000000000         0.6257401356         3.0774160220       -18.5556148818
        0.2904452000         0.6000000000         0.6231878087         3.0034115756       -18.6221022060
        0.2954305000         0.6000000000         0.6129785013         2.9345108842       -18.8880515029
        0.3004002000         0.6000000000         0.6333971162         2.8681620703       -18.3561529091
        0.3053885000         0.6000000000         0.6129785013         2.7839501142       -18.8880515029
        0.3103938000         0.6000000000         0.6155308282         2.7176013002       -18.8215641787
        0.3154042000         0.6000000000         0.6282924625         2.6538043638       -18.4891275576
        0.3203963000         0.6000000000         0.6155308282         2.5721442851       -18.8215641787
        0.3253893000         0.6000000000         0.6129785013         2.4955879613       -18.8880515029
        0.3305021000         0.6000000000         0.6027691939         2.4292391474       -19.1540007998
        0.3354046000         0.6000000000         0.6104261745         2.3603384560       -18.9545388272
        0.3404516000         0.6000000000         0.6104261745         2.2888858871       -18.9545388272
        0.3454164000         0.6000000000         0.6231878087         2.2199851957       -18.6221022060
        0.3504050000         0.6000000000         0.6231878087         2.1485326269       -18.6221022060
        0.3554627000         0.6000000000         0.5874552328         2.0643206707       -19.5529247452
        0.3604999000         0.6000000000         0.6155308282         1.9979718568       -18.8215641787
        0.3655312000         0.6000000000         0.6104261745         1.9265192879       -18.9545388272
        0.3704426000         0.6000000000         0.6078738476         1.8474110867       -19.0210261514
        0.3754133000         0.6000000000         0.6002168670         1.7708547629       -19.2204881241
        0.3804052000         0.6000000000         0.6027691939         1.6994021941       -19.1540007998
        0.3854105000         0.6000000000         0.5925598865         1.6279496252       -19.4199500968
        0.3904037000         0.6000000000         0.6078738476         1.5539451789       -19.0210261514
        0.3954113000         0.6000000000         0.6002168670         1.4824926101       -19.2204881241
        0.4004340000         0.6000000000         0.6078738476         1.4135919187       -19.0210261514
        0.4054056000         0.6000000000         0.6078738476         1.3421393498       -19.0210261514
        0.4104718000         0.6000000000         0.6129785013         1.2757905359       -18.8880515029
        0.4154041000         0.6000000000         0.6155308282         1.2068898445       -18.8215641787
        0.4205037000         0.6000000000         0.6180831550         1.1303335207       -18.7550768545
        0.4254198000         0.6000000000         0.6206354819         1.0588809519       -18.6885895303
        0.4304241000         0.6000000000         0.6104261745         0.9772208732       -18.9545388272
        0.4354409000         0.6000000000         0.6155308282         0.9032164269       -18.8215641787
        0.4404275000         0.6000000000         0.5976645402         0.8241082257       -19.2869754483
        0.4454060000         0.6000000000         0.6129785013         0.7526556568       -18.8880515029
        0.4504255000         0.6000000000         0.6129785013         0.6786512105       -18.8880515029
        0.4554106000         0.6000000000         0.6078738476         0.5995430093       -19.0210261514
        0.4604456000         0.6000000000         0.6027691939         0.5306423179       -19.1540007998
        0.4654108000         0.6000000000         0.6027691939         0.4464303617       -19.1540007998
        0.4704600000         0.6000000000         0.6155308282         0.3851853027       -18.8215641787
        0.4754596000         0.6000000000         0.6053215207         0.2984214691       -19.0875134756
        0.4803848000         0.6000000000         0.6180831550         0.2320726552       -18.7550768545
        0.4854118000         0.6000000000         0.6129785013         0.1555163314       -18.8880515029
        0.4904383000         0.6000000000         0.5976645402         0.0764081302       -19.2869754483
        0.4953853000         0.6000000000         0.6129785013         0.0049555613       -18.8880515029
        0.5004321000         0.6000000000         0.5925598865        -0.0052519485       -19.4199500968
        0.5054741000         0.6000000000         0.6206354819         1.1201260109       -18.6885895303
        0.5104521000         0.6000000000         0.5925598865         5.0015316260       -19.4199500968
        0.5154305000         0.6000000000         0.6129785013         5.0066353810       -18.8880515029
        0.5204095000         0.6000000000         0.6078738476         4.9428384445       -19.0210261514
        0.5254089000         0.6000000000         0.6104261745         4.8560746109       -18.9545388272
        0.5304109000         0.6000000000         0.6155308282         4.7795182871       -18.8215641787
        0.5354784000         0.6000000000         0.6053215207         4.7004100859       -19.0875134756
        0.5404342000         0.6000000000         0.6053215207         4.6315093945       -19.0875134756
        0.5456894000         0.6000000000         0.6129785013         4.5549530707       -18.8880515029
        0.5504377000         0.6000000000         0.6078738476         4.4783967469       -19.0210261514
        0.5554979000         0.6000000000         0.6078738476         4.3992885457       -19.0210261514
        0.5604775000         0.6000000000         0.6002168670         4.3329397318       -19.2204881241
        0.5655424000         0.6000000000         0.6078738476         4.2563834080       -19.0210261514
        0.5704401000         0.6000000000         0.6002168670         4.1849308392       -19.2204881241
        0.5755373000         0.6000000000         0.6104261745         4.1160301478       -18.9545388272
        0.5804881000         0.6000000000         0.6002168670         4.0420257015       -19.2204881241
        0.5854730000         0.6000000000         0.6078738476         3.9654693777       -19.0210261514
        0.5904078000         0.6000000000         0.6053215207         3.8940168088       -19.0875134756
        0.5954232000         0.6000000000         0.6053215207         3.8123567301       -19.0875134756
        0.6004755000         0.6000000000         0.5976645402         3.7383522838       -19.2869754483
        0.6054437000         0.6000000000         0.5951122133         3.6694515924       -19.3534627725
        0.6104334000         0.6000000000         0.6257401356         3.6005509010       -18.5556148818
        0.6153902000         0.6000000000         0.5925598865         3.5188908224       -19.4199500968
        0.6204300000         0.6000000000         0.6104261745         3.4576457633       -18.9545388272
        0.6253995000         0.6000000000         0.6104261745         3.3785375621       -18.9545388272
        0.6304262000         0.6000000000         0.6002168670         3.3121887482       -19.2204881241
        0.6354038000         0.6000000000         0.6104261745         3.2254249146       -18.9545388272
        0.6404076000         0.6000000000         0.6129785013         3.1641798556       -18.8880515029
        0.6454323000         0.6000000000         0.5976645402         3.0825197769       -19.2869754483
        0.6504143000         0.6000000000         0.6002168670         3.0085153306       -19.2204881241
        0.6553940000         0.6000000000         0.6002168670         2.9396146392       -19.2204881241
        0.6604341000         0.6000000000         0.6155308282         2.8681620703       -18.8215641787
        0.6653997000         0.6000000000         0.6002168670         2.7941576240       -19.2204881241
        0.6704281000         0.6000000000         0.6104261745         2.7303606875       -18.9545388272
        0.6754051000         0.6000000000         0.6027691939         2.6487006088       -19.1540007998
        0.6804787000         0.6000000000         0.6053215207         2.5797999174       -19.0875134756
        0.6853990000         0.6000000000         0.6078738476         2.5057954711       -19.0210261514
        0.6904089000         0.6000000000         0.6180831550         2.4394466572       -18.7550768545
        0.6954097000         0.6000000000         0.6053215207         2.3628903334       -19.0875134756
        0.7004101000         0.6000000000         0.5925598865         2.2786783773       -19.4199500968
        0.7053988000         0.6000000000         0.6002168670         2.2046739310       -19.2204881241
        0.7104441000         0.6000000000         0.6027691939         2.1306694847       -19.1540007998
        0.7154027000         0.6000000000         0.6027691939         2.0643206707       -19.1540007998
        0.7204079000         0.6000000000         0.5925598865         1.9877643470       -19.4199500968
        0.7254048000         0.6000000000         0.5976645402         1.9188636556       -19.2869754483
        0.7304050000         0.6000000000         0.6002168670         1.8423073318       -19.2204881241
        0.7353918000         0.6000000000         0.5951122133         1.7631991306       -19.3534627725
        0.7405135000         0.6000000000         0.5976645402         1.6942984392       -19.2869754483
        0.7454273000         0.6000000000         0.5976645402         1.6330533802       -19.2869754483
        0.7508419000         0.6000000000         0.5900075596         1.5488414240       -19.4864374210
        0.7556343000         0.6000000000         0.6078738476         1.4799407326       -19.0210261514
        0.7604668000         0.6000000000         0.6053215207         1.4084881638       -19.0875134756
        0.7654409000         0.6000000000         0.6078738476         1.3319318400       -19.0210261514
        0.7704066000         0.6000000000         0.5976645402         1.2553755162       -19.2869754483
        0.7754710000         0.6000000000         0.6053215207         1.1864748248       -19.0875134756
        0.7804647000         0.6000000000         0.6002168670         1.1099185011       -19.2204881241
        0.7854519000         0.6000000000         0.6078738476         1.0435696871       -19.0210261514
        0.7905916000         0.6000000000         0.6002168670         0.9542539761       -19.2204881241
        0.7954625000         0.6000000000         0.6104261745         0.8879051621       -18.9545388272
        0.8003859000         0.6000000000         0.5976645402         0.8164525933       -19.2869754483
        0.8053853000         0.6000000000         0.6027691939         0.7347925146       -19.1540007998
        0.8104589000         0.6000000000         0.5976645402         0.6633399457       -19.2869754483
        0.8154282000         0.6000000000         0.6206354819         0.5893354994       -18.6885895303
        0.8204936000         0.6000000000         0.6002168670         0.5102272982       -19.2204881241
        0.8254560000         0.6000000000         0.6155308282         0.4413266068       -18.8215641787
        0.8305546000         0.6000000000         0.6078738476         0.3724259154       -19.0210261514
        0.8356862000         0.6000000000         0.6078738476         0.2805583269       -19.0210261514
        0.8405023000         0.6000000000         0.6078738476         0.2142095129       -19.0210261514
        0.8454585000         0.6000000000         0.6206354819         0.1427569441       -18.6885895303
        0.8504089000         0.6000000000         0.6027691939         0.0610968654       -19.1540007998
        0.8553889000         0.6000000000         0.6155308282        -0.0001481936       -18.8215641787
        0.8604186000         0.6000000000         0.6078738476         0.0024036839       -19.0210261514
        0.8655232000         0.6000000000         0.6027691939         1.1022628687       -19.1540007998
        0.8704569000         0.6000000000         0.6180831550         5.0091872584       -18.7550768545
        0.8755351000         0.6000000000         0.6129785013         4.9964278711       -18.8880515029
        0.8804467000         0.6000000000         0.5976645402         4.9173196699       -19.2869754483
        0.8855413000         0.6000000000         0.6002168670         4.8407633461       -19.2204881241
        0.8905146000         0.6000000000         0.6027691939         4.7667588998       -19.1540007998
        0.8954884000         0.6000000000         0.6206354819         4.7029619633       -18.6885895303
        0.9005685000         0.6000000000         0.6027691939         4.6161981297       -19.1540007998
        0.9054959000         0.6000000000         0.6104261745         4.5396418060       -18.9545388272
        0.9105710000         0.6000000000         0.6078738476         4.4707411146       -19.0210261514
        0.9155143000         0.6000000000         0.6078738476         4.3916329133       -19.0210261514
        0.9205266000         0.6000000000         0.6078738476         4.3176284670       -19.0210261514
        0.9254366000         0.6000000000         0.6104261745         4.2461758982       -18.9545388272
        0.9304411000         0.6000000000         0.6053215207         4.1670676969       -19.0875134756
        0.9354846000         0.6000000000         0.6078738476         4.0905113732       -19.0210261514
        0.9405244000         0.6000000000         0.5976645402         4.0165069269       -19.2869754483
        0.9455517000         0.6000000000         0.6257401356         3.9501581129       -18.5556148818
        0.9505466000         0.6000000000         0.6027691939         3.8761536666       -19.1540007998
        0.9555623000         0.6000000000         0.6078738476         3.8021492203       -19.0210261514
        0.9606209000         0.6000000000         0.6027691939         3.7255928965       -19.1540007998
        0.9655726000         0.6000000000         0.5925598865         3.6515884502       -19.4199500968
        0.9705188000         0.6000000000         0.6104261745         3.5826877588       -18.9545388272
        0.9755699000         0.6000000000         0.6180831550         3.5214426998       -18.7550768545
        0.9806103000         0.6000000000         0.6002168670         3.4397826211       -19.2204881241
        0.9855427000         0.6000000000         0.6206354819         3.3708819297       -18.6885895303
        0.9906151000         0.6000000000         0.6027691939         3.2917737285       -19.1540007998
        0.9955741000         0.6000000000         0.6053215207         3.2177692822       -19.0875134756
        1.0006740000         0.6000000000         0.6206354819         3.1539723457       -18.6885895303
        1.0054982000         0.6000000000         0.6104261745         3.0799678994       -18.9545388272
        1.0107196000         0.6000000000         0.6104261745         3.0085153306       -18.9545388272
        1.0155359000         0.6000000000         0.6027691939         2.9294071293       -19.1540007998
        1.0204537000         0.6000000000         0.5976645402         2.8579545605       -19.2869754483
        1.0254876000         0.6000000000         0.6104261745         2.7916057465       -18.9545388272
        1.0304598000         0.6000000000         0.6027691939         2.7099456679       -19.1540007998
        1.0354921000         0.6000000000         0.5976645402         2.6308374666       -19.2869754483
        1.0404580000         0.6000000000         0.5925598865         2.5670405302       -19.4199500968
        1.0454414000         0.6000000000         0.6053215207         2.4930360838       -19.0875134756
        1.0504435000         0.6000000000         0.6104261745         2.4190316375       -18.9545388272
        1.0554903000         0.6000000000         0.5976645402         2.3424753138       -19.2869754483
        1.0604348000         0.6000000000         0.5976645402         2.2761264998       -19.2869754483
        1.0654022000         0.6000000000         0.5976645402         2.1868107888       -19.2869754483
        1.0704630000         0.6000000000         0.5823505790         2.1153582199       -19.6858993937
        1.0754425000         0.6000000000         0.5976645402         2.0439056511       -19.2869754483
        1.0804436000         0.6000000000         0.6053215207         1.9775568371       -19.0875134756
        1.0855305000         0.6000000000         0.5951122133         1.8984486359       -19.3534627725
        1.0904508000         0.6000000000         0.5874552328         1.8269960670       -19.5529247452
        1.0956245000         0.6000000000         0.5951122133         1.7580953756       -19.3534627725
        1.1004555000         0.6000000000         0.6002168670         1.6789871744       -19.2204881241
        1.1054759000         0.6000000000         0.5951122133         1.6075346056       -19.3534627725
        1.1105774000         0.6000000000         0.5976645402         1.5411857916       -19.2869754483
        1.1154896000         0.6000000000         0.5874552328         1.4518700806       -19.5529247452
        1.1204203000         0.6000000000         0.5874552328         1.3778656343       -19.5529247452
        1.1254078000         0.6000000000         0.5925598865         1.3038611879       -19.4199500968
        1.1304090000         0.6000000000         0.5925598865         1.2375123740       -19.4199500968
        1.1354156000         0.6000000000         0.6078738476         1.1635079277       -19.0210261514
        1.1404643000         0.6000000000         0.5900075596         1.0971591138       -19.4864374210
        1.1454095000         0.6000000000         0.6078738476         1.0180509125       -19.0210261514
        1.1504123000         0.6000000000         0.5976645402         0.9440464662       -19.2869754483
        1.1553947000         0.6000000000         0.5925598865         0.8572826326       -19.4199500968
        1.1604373000         0.6000000000         0.5976645402         0.7909338187       -19.2869754483
        1.1654114000         0.6000000000         0.6002168670         0.7118256175       -19.2204881241
        1.1704332000         0.6000000000         0.6002168670         0.6403730486       -19.2204881241
        1.1754199000         0.6000000000         0.6027691939         0.5663686023       -19.1540007998
        1.1804354000         0.6000000000         0.5951122133         0.4847085236       -19.3534627725
        1.1855477000         0.6000000000         0.6002168670         0.4107040773       -19.2204881241
        1.1904133000         0.6000000000         0.5951122133         0.3290439986       -19.3534627725
        1.1954307000         0.6000000000         0.5925598865         0.2524876748       -19.4199500968
        1.2004078000         0.6000000000         0.6078738476         0.1835869834       -19.0210261514
        1.2054231000         0.6000000000         0.5976645402         0.0968231498       -19.2869754483
        1.2104109000         0.6000000000         0.6027691939         0.0228187035       -19.1540007998
        1.2154445000         0.6000000000         0.5976645402         0.0024036839       -19.2869754483
        1.2204317000         0.6000000000         0.5849029059         1.1022628687       -19.6194120694
        1.2256426000         0.6000000000         0.6129785013         5.0117391359       -18.8880515029
        1.2305675000         0.6000000000         0.6078738476         5.0066353810       -19.0210261514
        1.2356253000         0.6000000000         0.5976645402         4.9530459543       -19.2869754483
        1.2406156000         0.6000000000         0.5976645402         4.8739377531       -19.2869754483
        1.2456494000         0.6000000000         0.6053215207         4.7973814293       -19.0875134756
        1.2506163000         0.6000000000         0.5874552328         4.7157213506       -19.5529247452
        1.2555781000         0.6000000000         0.6078738476         4.6442687818       -19.0210261514
        1.2604834000         0.6000000000         0.5900075596         4.5600568256       -19.4864374210
        1.2654980000         0.6000000000         0.6027691939         4.4886042568       -19.1540007998
        1.2705949000         0.6000000000         0.6002168670         4.4094960556       -19.2204881241
        1.2756725000         0.6000000000         0.6002168670         4.3380434867       -19.2204881241
        1.2806083000         0.6000000000         0.5976645402         4.2589352855       -19.2869754483
        1.2856753000         0.6000000000         0.6129785013         4.2002421039       -18.8880515029
        1.2904908000         0.6000000000         0.5976645402         4.1134782703       -19.2869754483
        1.2954510000         0.6000000000         0.6027691939         4.0445775789       -19.1540007998
        1.3006753000         0.6000000000         0.5925598865         3.9705731326       -19.4199500968
        1.3056777000         0.6000000000         0.6027691939         3.8914649314       -19.1540007998
        1.3107703000         0.6000000000         0.6002168670         3.8225642400       -19.2204881241
        1.3157404000         0.6000000000         0.6129785013         3.7562154260       -18.8880515029
        1.3205323000         0.6000000000         0.5772459253         3.6694515924       -19.8188740421
        1.3256574000         0.6000000000         0.6206354819         3.6082065334       -18.6885895303
        1.3306734000         0.6000000000         0.6053215207         3.5342020871       -19.0875134756
        1.3355437000         0.6000000000         0.5951122133         3.4576457633       -19.3534627725
        1.3406657000         0.6000000000         0.6104261745         3.3887450720       -18.9545388272
        1.3456603000         0.6000000000         0.5976645402         3.3096368707       -19.2869754483
        1.3506068000         0.6000000000         0.5976645402         3.2305286695       -19.2869754483
        1.3556629000         0.6000000000         0.5976645402         3.1692836105       -19.2869754483
        1.3606156000         0.6000000000         0.6078738476         3.0850716543       -19.0210261514
        1.3655853000         0.6000000000         0.6027691939         3.0161709629       -19.1540007998
        1.3705771000         0.6000000000         0.5925598865         2.9472702715       -19.4199500968
        1.3754958000         0.6000000000         0.6053215207         2.8707139478       -19.0875134756
        1.3804117000         0.6000000000         0.5976645402         2.8018132564       -19.2869754483
        1.3855928000         0.6000000000         0.5951122133         2.7150494228       -19.3534627725
        1.3905626000         0.6000000000         0.6104261745         2.6512524863       -18.9545388272
        1.3955441000         0.6000000000         0.5900075596         2.5721442851       -19.4864374210
        1.4005631000         0.6000000000         0.6053215207         2.5083473486       -19.0875134756
        1.4055258000         0.6000000000         0.5874552328         2.4241353924       -19.5529247452
        1.4106042000         0.6000000000         0.5951122133         2.3475790687       -19.3534627725
        1.4156233000         0.6000000000         0.5900075596         2.2735746224       -19.4864374210
        1.4205646000         0.6000000000         0.5874552328         2.1995701761       -19.5529247452
        1.4255688000         0.6000000000         0.5900075596         2.1332213621       -19.4864374210
        1.4305576000         0.6000000000         0.5976645402         2.0566650383       -19.2869754483
        1.4354825000         0.6000000000         0.5976645402         1.9877643470       -19.2869754483
        1.4405709000         0.6000000000         0.6155308282         1.9137599006       -18.8215641787
        1.4455212000         0.6000000000         0.6002168670         1.8397554543       -19.2204881241
        1.4505167000         0.6000000000         0.6002168670         1.7683028855       -19.2204881241
        1.4555617000         0.6000000000         0.6053215207         1.6968503166       -19.0875134756
        1.4605854000         0.6000000000         0.6053215207         1.6177421154       -19.0875134756
        1.4654812000         0.6000000000         0.6053215207         1.5437376691       -19.0875134756
        1.4704180000         0.6000000000         0.6002168670         1.4697332228       -19.2204881241
        1.4756417000         0.6000000000         0.5976645402         1.3957287765       -19.2869754483
        1.4804708000         0.6000000000         0.6078738476         1.3293799625       -19.0210261514
        1.4854197000         0.6000000000         0.6053215207         1.2579273937       -19.0875134756
        1.4904022000         0.6000000000         0.6002168670         1.1788191925       -19.2204881241
        1.4954730000         0.6000000000         0.5951122133         1.1073666236       -19.3534627725
        1.5004669000         0.6000000000         0.6078738476         1.0282584224       -19.0210261514
        1.5055150000         0.6000000000         0.5976645402         0.9542539761       -19.2869754483
        1.5104483000         0.6000000000         0.6053215207         0.8776976523       -19.0875134756
        1.5154861000         0.6000000000         0.5900075596         0.7985894511       -19.4864374210
        1.5204706000         0.6000000000         0.6053215207         0.7194812498       -19.0875134756
        1.5254214000         0.6000000000         0.5900075596         0.6480286810       -19.4864374210
        1.5306605000         0.6000000000         0.6027691939         0.5816798670       -19.1540007998
        1.5354562000         0.6000000000         0.5951122133         0.5000197884       -19.3534627725
        1.5404408000         0.6000000000         0.6155308282         0.4260153420       -18.8215641787
        1.5454501000         0.6000000000         0.5976645402         0.3418033859       -19.2869754483
        1.5504688000         0.6000000000         0.5925598865         0.2677989396       -19.4199500968
        1.5554454000         0.6000000000         0.6027691939         0.1988982482       -19.1540007998
        1.5604456000         0.6000000000         0.5925598865         0.1095825371       -19.4199500968
        1.5654703000         0.6000000000         0.6002168670         0.0355780908       -19.2204881241
        1.5706149000         0.6000000000         0.5976645402        -0.0052519485       -19.2869754483
        1.5754626000         0.6000000000         0.5951122133         0.0024036839       -19.3534627725
        1.5805555000         0.6000000000         0.6078738476         5.0015316260       -19.0210261514
        1.5856361000         0.6000000000         0.6002168670         5.0040835035       -19.2204881241
        1.5905599000         0.6000000000         0.6002168670         4.9683572191       -19.2204881241
        1.5955912000         0.6000000000         0.6104261745         4.8969046502       -18.9545388272
        1.6005723000         0.6000000000         0.6104261745         4.8229002039       -18.9545388272
        1.6056083000         0.6000000000         0.5976645402         4.7488957576       -19.2869754483
        1.6105814000         0.6000000000         0.6129785013         4.6748913113       -18.8880515029
        1.6155572000         0.6000000000         0.6078738476         4.5932312326       -19.0210261514
        1.6205799000         0.6000000000         0.6129785013         4.5141230314       -18.8880515029
        1.6255955000         0.6000000000         0.5951122133         4.4350148301       -19.3534627725
        1.6305856000         0.6000000000         0.6002168670         4.3686660162       -19.2204881241
        1.6355663000         0.6000000000         0.6104261745         4.2921096924       -18.9545388272
        1.6406006000         0.6000000000         0.5976645402         4.2078977363       -19.2869754483
        1.6456132000         0.6000000000         0.6104261745         4.1389970449       -18.9545388272
        1.6505868000         0.6000000000         0.6078738476         4.0726482310       -19.0210261514
        1.6554538000         0.6000000000         0.5951122133         3.9960919072       -19.3534627725
        1.6606014000         0.6000000000         0.6078738476         3.9220874609       -19.0210261514
        1.6655468000         0.6000000000         0.6027691939         3.8429792597       -19.1540007998
        1.6704978000         0.6000000000         0.5951122133         3.7689748133       -19.3534627725
        1.6754090000         0.6000000000         0.6053215207         3.7026259994       -19.0875134756
        1.6805006000         0.6000000000         0.5976645402         3.6184140433       -19.2869754483
        1.6854212000         0.6000000000         0.5976645402         3.5546171068       -19.2869754483
        1.6904185000         0.6000000000         0.6002168670         3.4806126605       -19.2204881241
        1.6953952000         0.6000000000         0.6053215207         3.4066082142       -19.0875134756
        1.7005904000         0.6000000000         0.6155308282         3.3428112777       -18.8215641787
        1.7054663000         0.6000000000         0.6078738476         3.2637030765       -19.0210261514
        1.7104059000         0.6000000000         0.5925598865         3.1896986301       -19.4199500968
        1.7153991000         0.6000000000         0.6104261745         3.1131423064       -18.9545388272
        1.7204313000         0.6000000000         0.5925598865         3.0442416150       -19.4199500968
        1.7254314000         0.6000000000         0.6129785013         2.9778928011       -18.8880515029
        1.7305540000         0.6000000000         0.6129785013         2.8962327224       -18.8880515029
        1.7354261000         0.6000000000         0.5874552328         2.8273320310       -19.5529247452
        1.7404105000         0.6000000000         0.6180831550         2.7558794621       -18.7550768545
        1.7454084000         0.6000000000         0.5925598865         2.6767712609       -19.4199500968
        1.7505145000         0.6000000000         0.6104261745         2.6104224470       -18.9545388272
        1.7554128000         0.6000000000         0.6104261745         2.5364180006       -18.9545388272
        1.7604685000         0.6000000000         0.5976645402         2.4649654318       -19.2869754483
        1.7654137000         0.6000000000         0.6002168670         2.3833053531       -19.2204881241
        1.7705152000         0.6000000000         0.6053215207         2.3118527843       -19.0875134756
        1.7754421000         0.6000000000         0.5900075596         2.2378483379       -19.4864374210
        1.7804295000         0.6000000000         0.6155308282         2.1638438916       -18.8215641787
        1.7854753000         0.6000000000         0.5925598865         2.0847356904       -19.4199500968
        1.7904025000         0.6000000000         0.5976645402         2.0234906314       -19.2869754483
        1.7954257000         0.6000000000         0.6002168670         1.9341749203       -19.2204881241
        1.8004278000         0.6000000000         0.6002168670         1.8678261064       -19.2204881241
        1.8054078000         0.6000000000         0.5976645402         1.7963735375       -19.2869754483
        1.8105852000         0.6000000000         0.6002168670         1.7249209687       -19.2204881241
        1.8154834000         0.6000000000         0.5951122133         1.6483646449       -19.3534627725
        1.8204256000         0.6000000000         0.6027691939         1.5794639535       -19.1540007998
        1.8254288000         0.6000000000         0.6002168670         1.4952519974       -19.2204881241
        1.8305724000         0.6000000000         0.6053215207         1.4340069384       -19.0875134756
        1.8355644000         0.6000000000         0.5900075596         1.3574506146       -19.4864374210
        1.8404844000         0.6000000000         0.6002168670         1.2834461683       -19.2204881241
        1.8454706000         0.6000000000         0.6027691939         1.2094417220       -19.1540007998
        1.8504240000         0.6000000000         0.5976645402         1.1328853982       -19.2869754483
        1.8554470000         0.6000000000         0.5951122133         1.0588809519       -19.3534627725
        1.8604498000         0.6000000000         0.6078738476         0.9823246281       -19.0210261514
        1.8654437000         0.6000000000         0.6002168670         0.9134239367       -19.2204881241
        1.8704692000         0.6000000000         0.6104261745         0.8419713679       -18.9545388272
        1.8755951000         0.6000000000         0.6002168670         0.7603112892       -19.2204881241
        1.8806070000         0.6000000000         0.6155308282         0.6888587203       -18.8215641787
        1.8856345000         0.6000000000         0.6027691939         0.6123023966       -19.1540007998
        1.8905675000         0.6000000000         0.6104261745         0.5434017052       -18.9545388272
        1.8953979000         0.6000000000         0.6078738476         0.4642935039       -19.0210261514
        1.9004266000         0.6000000000         0.6104261745         0.3928409351       -18.9545388272
        1.9054304000         0.6000000000         0.6053215207         0.3060771015       -19.0875134756
        1.9104013000         0.6000000000         0.6129785013         0.2448320425       -18.8880515029
        1.9154147000         0.6000000000         0.6053215207         0.1580682088       -19.0875134756
        1.9203982000         0.6000000000         0.6027691939         0.0815118851       -19.1540007998
        1.9255024000         0.6000000000         0.5976645402         0.0024036839       -19.2869754483
        1.9304537000         0.6000000000         0.6155308282         0.0100593162       -18.8215641787
        1.9354312000         0.6000000000         0.5976645402         1.1048147461       -19.2869754483
        1.9403958000         0.6000000000         0.5976645402         5.0040835035       -19.2869754483
        1.9454073000         0.6000000000         0.6027691939         5.0066353810       -19.1540007998
        1.9504570000         0.6000000000         0.5874552328         4.9351828121       -19.5529247452
        1.9554208000         0.6000000000         0.6078738476         4.8637302433       -19.0210261514
        1.9604496000         0.6000000000         0.6155308282         4.7820701646       -18.8215641787
        1.9654585000         0.6000000000         0.5874552328         4.7106175957       -19.5529247452
        1.9704744000         0.6000000000         0.6053215207         4.6340612719       -19.0875134756
        1.9759906000         0.6000000000         0.6155308282         4.5524011933       -18.8215641787
        1.9804163000         0.6000000000         0.5951122133         4.4809486244       -19.3534627725
        1.9854162000         0.6000000000         0.6104261745         4.4043923006       -18.9545388272
        1.9904343000         0.6000000000         0.6002168670         4.3303878543       -19.2204881241
        1.9957527000         0.6000000000         0.6027691939         4.2563834080       -19.1540007998
        2.0004884000         0.6000000000         0.5925598865         4.1721714519       -19.4199500968
        2.0054376000         0.6000000000         0.6027691939         4.0981670056       -19.1540007998
        2.0104531000         0.6000000000         0.6053215207         4.0343700691       -19.0875134756
        2.0154533000         0.6000000000         0.6053215207         3.9552618679       -19.0875134756
        2.0204556000         0.6000000000         0.5951122133         3.8889130539       -19.3534627725
        2.0254482000         0.6000000000         0.6129785013         3.8225642400       -18.8880515029
        2.0304180000         0.6000000000         0.6104261745         3.7485597937       -18.9545388272
        2.0354158000         0.6000000000         0.6078738476         3.6720034699       -19.0210261514
        2.0405223000         0.6000000000         0.6078738476         3.5877915138       -19.0210261514
        2.0454471000         0.6000000000         0.5900075596         3.5163389449       -19.4864374210
        2.0505451000         0.6000000000         0.5976645402         3.4525420084       -19.2869754483
        2.0556680000         0.6000000000         0.6129785013         3.3734338072       -18.8880515029
        2.0605137000         0.6000000000         0.5874552328         3.2917737285       -19.5529247452
        2.0655719000         0.6000000000         0.6027691939         3.2254249146       -19.1540007998
        2.0705362000         0.6000000000         0.5951122133         3.1539723457       -19.3534627725
        2.0757543000         0.6000000000         0.5925598865         3.0774160220       -19.4199500968
        2.0805906000         0.6000000000         0.5951122133         2.9983078207       -19.3534627725
        2.0856353000         0.6000000000         0.6053215207         2.9396146392       -19.0875134756
        2.0906282000         0.6000000000         0.5976645402         2.8579545605       -19.2869754483
        2.0954529000         0.6000000000         0.5900075596         2.7839501142       -19.4864374210
        2.1004501000         0.6000000000         0.5925598865         2.7150494228       -19.4199500968
        2.1054559000         0.6000000000         0.6104261745         2.6333893441       -18.9545388272
        2.1104417000         0.6000000000         0.6002168670         2.5619367752       -19.2204881241
        2.1154950000         0.6000000000         0.5925598865         2.4879323289       -19.4199500968
        2.1206637000         0.6000000000         0.6027691939         2.4139278826       -19.1540007998
        2.1256948000         0.6000000000         0.5925598865         2.3424753138       -19.4199500968
        2.1306756000         0.6000000000         0.5951122133         2.2710227449       -19.3534627725
        2.1356863000         0.6000000000         0.6104261745         2.1944664211       -18.9545388272
        2.1406570000         0.6000000000         0.5900075596         2.1204619748       -19.4864374210
        2.1456612000         0.6000000000         0.6078738476         2.0541131609       -19.0210261514
        2.1506714000         0.6000000000         0.5900075596         1.9724530822       -19.4864374210
        2.1556842000         0.6000000000         0.5951122133         1.8984486359       -19.3534627725
        2.1606811000         0.6000000000         0.5900075596         1.8193404347       -19.4864374210
        2.1656886000         0.6000000000         0.5900075596         1.7478878658       -19.4864374210
        2.1704526000         0.6000000000         0.5925598865         1.6764352970       -19.4199500968
        2.1754254000         0.6000000000         0.5849029059         1.6126383605       -19.6194120694
        2.1805340000         0.6000000000         0.6002168670         1.5309782818       -19.2204881241
        2.1855265000         0.6000000000         0.5951122133         1.4518700806       -19.3534627725
        2.1904240000         0.6000000000         0.5849029059         1.3804175117       -19.6194120694
        2.1954648000         0.6000000000         0.5874552328         1.3013093105       -19.5529247452
        2.2004211000         0.6000000000         0.5976645402         1.2400642515       -19.2869754483
        2.2055111000         0.6000000000         0.5900075596         1.1609560502       -19.4864374210
        2.2105349000         0.6000000000         0.5797982522         1.0843997265       -19.7523867179
        2.2154468000         0.6000000000         0.5976645402         1.0103952802       -19.2869754483
        2.2204799000         0.6000000000         0.5874552328         0.9287352015       -19.5529247452
        2.2255561000         0.6000000000         0.5925598865         0.8598345101       -19.4199500968
        2.2304567000         0.6000000000         0.5823505790         0.7807263088       -19.6858993937
        2.2353886000         0.6000000000         0.6078738476         0.7067218625       -19.0210261514
        2.2404083000         0.6000000000         0.5925598865         0.6250617838       -19.4199500968
        2.2455772000         0.6000000000         0.6027691939         0.5612648474       -19.1540007998
        2.2505163000         0.6000000000         0.6002168670         0.4847085236       -19.2204881241
        2.2555366000         0.6000000000         0.6027691939         0.4107040773       -19.1540007998
        2.2605314000         0.6000000000         0.5925598865         0.3213883662       -19.4199500968
        2.2656612000         0.6000000000         0.5925598865         0.2422801650       -19.4199500968
        2.2705211000         0.6000000000         0.5976645402         0.1657238412       -19.2869754483
        2.2755475000         0.6000000000         0.5900075596         0.0942712724       -19.4864374210
        2.2804881000         0.6000000000         0.5900075596         0.0177149486       -19.4864374210
        2.2856351000         0.6000000000         0.5951122133         0.0024036839       -19.3534627725
        2.2905796000         0.6000000000         0.6027691939         1.1150222560       -19.1540007998
        2.2954641000         0.6000000000         0.6078738476         5.0015316260       -19.0210261514
        2.3006949000         0.6000000000         0.5951122133         5.0015316260       -19.3534627725
        2.3055565000         0.6000000000         0.5925598865         4.9479421994       -19.4199500968
        2.3104445000         0.6000000000         0.5976645402         4.8713858756       -19.2869754483
        2.3155842000         0.6000000000         0.6129785013         4.7999333068       -18.8880515029
        2.3206246000         0.6000000000         0.5874552328         4.7106175957       -19.5529247452
        2.3256868000         0.6000000000         0.6002168670         4.6315093945       -19.2204881241
        2.3306481000         0.6000000000         0.5900075596         4.5549530707       -19.4864374210
        2.3356402000         0.6000000000         0.6078738476         4.4911561342       -19.0210261514
        2.3406407000         0.6000000000         0.6104261745         4.4171516879       -18.9545388272
        2.3455736000         0.6000000000         0.6180831550         4.3380434867       -18.7550768545
        2.3504953000         0.6000000000         0.6078738476         4.2589352855       -19.0210261514
        2.3555865000         0.6000000000         0.6053215207         4.1925864715       -19.0875134756
        2.3605241000         0.6000000000         0.6129785013         4.1185820252       -18.8880515029
        2.3655797000         0.6000000000         0.6053215207         4.0496813338       -19.0875134756
        2.3706437000         0.6000000000         0.6155308282         3.9731250101       -18.8215641787
        2.3755800000         0.6000000000         0.5976645402         3.8940168088       -19.2869754483
        2.3805297000         0.6000000000         0.6078738476         3.8225642400       -19.0210261514
        2.3855195000         0.6000000000         0.5976645402         3.7460079162       -19.2869754483
        2.3904951000         0.6000000000         0.5925598865         3.6745553474       -19.4199500968
        2.3955162000         0.6000000000         0.6155308282         3.6056546560       -18.8215641787
        2.4005993000         0.6000000000         0.6002168670         3.5290983322       -19.2204881241
        2.4055762000         0.6000000000         0.5849029059         3.4474382535       -19.6194120694
        2.4105176000         0.6000000000         0.5976645402         3.3759856847       -19.2869754483
        2.4155821000         0.6000000000         0.5925598865         3.2994293609       -19.4199500968
        2.4206077000         0.6000000000         0.6002168670         3.2279767920       -19.2204881241
        2.4256869000         0.6000000000         0.5900075596         3.1565242232       -19.4864374210
        2.4306960000         0.6000000000         0.5976645402         3.0850716543       -19.2869754483
        2.4356843000         0.6000000000         0.6053215207         3.0161709629       -19.0875134756
        2.4407030000         0.6000000000         0.5925598865         2.9396146392       -19.4199500968
        2.4458758000         0.6000000000         0.6002168670         2.8681620703       -19.2204881241
        2.4505921000         0.6000000000         0.6027691939         2.7967095015       -19.1540007998
        2.4554546000         0.6000000000         0.5900075596         2.7227050552       -19.4864374210
        2.4606651000         0.6000000000         0.6104261745         2.6538043638       -18.9545388272
        2.4655203000         0.6000000000         0.6002168670         2.5823517949       -19.2204881241
        2.4706611000         0.6000000000         0.5849029059         2.4930360838       -19.6194120694
        2.4755018000         0.6000000000         0.5976645402         2.4215835150       -19.2869754483
        2.4806738000         0.6000000000         0.5874552328         2.3603384560       -19.5529247452
        2.4856374000         0.6000000000         0.6027691939         2.2863340097       -19.1540007998
        2.4904358000         0.6000000000         0.5925598865         2.2097776859       -19.4199500968
        2.4954232000         0.6000000000         0.5976645402         2.1281176072       -19.2869754483
        2.5004635000         0.6000000000         0.5976645402         2.0566650383       -19.2869754483
        2.5054785000         0.6000000000         0.5874552328         1.9826605920       -19.5529247452
        2.5105078000         0.6000000000         0.6027691939         1.9137599006       -19.1540007998
        2.5155511000         0.6000000000         0.5797982522         1.8320998220       -19.7523867179
        2.5204577000         0.6000000000         0.6078738476         1.7657510080       -19.0210261514
        2.5254538000         0.6000000000         0.6002168670         1.6866428068       -19.2204881241
        2.5304547000         0.6000000000         0.5849029059         1.6075346056       -19.6194120694
        2.5356402000         0.6000000000         0.5976645402         1.5462895465       -19.2869754483
        2.5404943000         0.6000000000         0.5925598865         1.4671813453       -19.4199500968
        2.5454416000         0.6000000000         0.5849029059         1.3829693892       -19.6194120694
        2.5504408000         0.6000000000         0.6053215207         1.3217243302       -19.0875134756
        2.5554829000         0.6000000000         0.5976645402         1.2426161289       -19.2869754483
        2.5605780000         0.6000000000         0.5849029059         1.1635079277       -19.6194120694
        2.5656325000         0.6000000000         0.5976645402         1.1022628687       -19.2869754483
        2.5705265000         0.6000000000         0.6027691939         1.0206027900       -19.1540007998
        2.5757041000         0.6000000000         0.5900075596         0.9363908338       -19.4864374210
        2.5806348000         0.6000000000         0.6002168670         0.8674901425       -19.2204881241
        2.5857113000         0.6000000000         0.5772459253         0.7858300638       -19.8188740421
        2.5905372000         0.6000000000         0.6129785013         0.7220331273       -18.8880515029
        2.5955018000         0.6000000000         0.5925598865         0.6378211711       -19.4199500968
        2.6005157000         0.6000000000         0.6053215207         0.5663686023       -19.0875134756
        2.6055789000         0.6000000000         0.5976645402         0.4898122785       -19.2869754483
        2.6104098000         0.6000000000         0.5951122133         0.4107040773       -19.3534627725
        2.6154170000         0.6000000000         0.5976645402         0.3392515084       -19.2869754483
        2.6204580000         0.6000000000         0.6053215207         0.2677989396       -19.0875134756
        2.6254800000         0.6000000000         0.5976645402         0.1784832285       -19.2869754483
        2.6304581000         0.6000000000         0.5976645402         0.0993750273       -19.2869754483
        2.6354181000         0.6000000000         0.6002168670         0.0355780908       -19.2204881241
        2.6405770000         0.6000000000         0.6053215207         0.0024036839       -19.0875134756
        2.6455010000         0.6000000000         0.5951122133         1.1022628687       -19.3534627725
        2.6504714000         0.6000000000         0.5976645402         4.9989797486       -19.2869754483
        2.6554515000         0.6000000000         0.6078738476         5.0066353810       -19.0210261514
        2.6605205000         0.6000000000         0.5900075596         4.9555978318       -19.4864374210
        2.6654498000         0.6000000000         0.6155308282         4.8892490178       -18.8215641787
        2.6704774000         0.6000000000         0.6078738476         4.8075889392       -19.0210261514
        2.6754414000         0.6000000000         0.6078738476         4.7361363703       -19.0210261514
        2.6804820000         0.6000000000         0.6155308282         4.6570281691       -18.8215641787
        2.6853983000         0.6000000000         0.6027691939         4.5728162129       -19.1540007998
        2.6905176000         0.6000000000         0.6002168670         4.5064673990       -19.2204881241
        2.6954133000         0.6000000000         0.6129785013         4.4299110752       -18.8880515029
        2.7004799000         0.6000000000         0.5976645402         4.3482509965       -19.2869754483
        2.7054058000         0.6000000000         0.6206354819         4.2819021826       -18.6885895303
        2.7104704000         0.6000000000         0.6104261745         4.2002421039       -18.9545388272
        2.7154839000         0.6000000000         0.6053215207         4.1287895351       -19.0875134756
        2.7204265000         0.6000000000         0.6027691939         4.0522332113       -19.1540007998
        2.7254820000         0.6000000000         0.6053215207         3.9884362748       -19.0875134756
        2.7312054000         0.6000000000         0.6078738476         3.9067761961       -19.0210261514
        2.7354335000         0.6000000000         0.6104261745         3.8429792597       -18.9545388272
        2.7404259000         0.6000000000         0.5900075596         3.7511116711       -19.4864374210
        2.7454190000         0.6000000000         0.5951122133         3.6847628572       -19.3534627725
        2.7504166000         0.6000000000         0.6180831550         3.6184140433       -18.7550768545
        2.7554053000         0.6000000000         0.6155308282         3.5469614744       -18.8215641787
        2.7604065000         0.6000000000         0.6002168670         3.4678532732       -19.2204881241
        2.7653995000         0.6000000000         0.5976645402         3.3938488269       -19.2869754483
        2.7703976000         0.6000000000         0.5925598865         3.3121887482       -19.4199500968
        2.7754165000         0.6000000000         0.6078738476         3.2458399342       -19.0210261514
        2.7804942000         0.6000000000         0.6002168670         3.1743873654       -19.2204881241
        2.7854525000         0.6000000000         0.5900075596         3.0927272867       -19.4864374210
        2.7904474000         0.6000000000         0.6155308282         3.0340341051       -18.8215641787
        2.7956798000         0.6000000000         0.5823505790         2.9523740265       -19.6858993937
        2.8005409000         0.6000000000         0.6104261745         2.8783695801       -18.9545388272
        2.8054620000         0.6000000000         0.5823505790         2.8018132564       -19.6858993937
        2.8104709000         0.6000000000         0.5976645402         2.7278088101       -19.2869754483
        2.8154555000         0.6000000000         0.6002168670         2.6512524863       -19.2204881241
        2.8204427000         0.6000000000         0.5925598865         2.5849036724       -19.4199500968
        2.8255300000         0.6000000000         0.5976645402         2.5160029810       -19.2869754483
        2.8306953000         0.6000000000         0.5951122133         2.4368947797       -19.3534627725
        2.8356058000         0.6000000000         0.6078738476         2.3705459658       -19.0210261514
        2.8406551000         0.6000000000         0.5925598865         2.2837821322       -19.4199500968
        2.8454266000         0.6000000000         0.5849029059         2.2123295633       -19.6194120694
        2.8504628000         0.6000000000         0.6027691939         2.1459807494       -19.1540007998
        2.8555991000         0.6000000000         0.5849029059         2.0668725482       -19.6194120694
        2.8605770000         0.6000000000         0.5951122133         1.9877643470       -19.3534627725
        2.8655384000         0.6000000000         0.6027691939         1.9239674105       -19.1540007998
        2.8705493000         0.6000000000         0.5849029059         1.8397554543       -19.6194120694
        2.8755031000         0.6000000000         0.5900075596         1.7708547629       -19.4864374210
        2.8805569000         0.6000000000         0.5849029059         1.6917465617       -19.6194120694
        2.8854562000         0.6000000000         0.6002168670         1.6305015027       -19.2204881241
        2.8904942000         0.6000000000         0.5925598865         1.5513933015       -19.4199500968
        2.8955135000         0.6000000000         0.6002168670         1.4824926101       -19.2204881241
        2.9006649000         0.6000000000         0.5951122133         1.4059362863       -19.3534627725
        2.9056938000         0.6000000000         0.5976645402         1.3268280851       -19.2869754483
        2.9107149000         0.6000000000         0.6078738476         1.2579273937       -19.0210261514
        2.9155641000         0.6000000000         0.6078738476         1.1839229474       -19.0210261514
        2.9205416000         0.6000000000         0.5900075596         1.1048147461       -19.4864374210
        2.9256036000         0.6000000000         0.6053215207         1.0333621773       -19.0875134756
        2.9306899000         0.6000000000         0.5925598865         0.9568058535       -19.4199500968
        2.9354699000         0.6000000000         0.6053215207         0.8802495297       -19.0875134756
        2.9404450000         0.6000000000         0.5925598865         0.8087969609       -19.4199500968
        2.9454871000         0.6000000000         0.6104261745         0.7296887597       -18.9545388272
        2.9507522000         0.6000000000         0.5951122133         0.6607880683       -19.3534627725
        2.9555152000         0.6000000000         0.6129785013         0.5842317445       -18.8880515029
        2.9606622000         0.6000000000         0.5925598865         0.5051235433       -19.4199500968
        2.9656003000         0.6000000000         0.5976645402         0.4234634646       -19.2869754483
        2.9705849000         0.6000000000         0.5951122133         0.3469071408       -19.3534627725
        2.9757009000         0.6000000000         0.6027691939         0.2831102043       -19.1540007998
        2.9805611000         0.6000000000         0.5976645402         0.1937944933       -19.2869754483
        2.9855300000         0.6000000000         0.5951122133         0.1172381695       -19.3534627725
        2.9905261000         0.6000000000         0.5976645402         0.0381299683       -19.2869754483
        2.9955776000         0.6000000000         0.6104261745        -0.0027000711       -18.9545388272
        3.0007608000         0.6000000000         0.5849029059         0.0049555613       -19.6194120694
        3.0057442000         0.6000000000         0.6129785013         4.9989797486       -18.8880515029
        3.0107441000         0.6000000000         0.5951122133         4.9989797486       -19.3534627725
        3.0154533000         0.6000000000         0.6053215207         4.9785647289       -19.0875134756
        3.0204197000         0.6000000000         0.6053215207         4.9020084051       -19.0875134756
        3.0254321000         0.6000000000         0.6053215207         4.8229002039       -19.0875134756
        3.0304565000         0.6000000000         0.6078738476         4.7514476351       -19.0210261514
        3.0354111000         0.6000000000         0.6002168670         4.6672356789       -19.2204881241
        3.0404461000         0.6000000000         0.6027691939         4.5932312326       -19.1540007998
        3.0454124000         0.6000000000         0.5976645402         4.5090192765       -19.2869754483
        3.0504211000         0.6000000000         0.6002168670         4.4401185851       -19.2204881241
        3.0554383000         0.6000000000         0.5849029059         4.3584585064       -19.6194120694
        3.0604433000         0.6000000000         0.5976645402         4.2844540601       -19.2869754483
        3.0654143000         0.6000000000         0.6104261745         4.2155533687       -18.9545388272
        3.0703957000         0.6000000000         0.6027691939         4.1466526773       -19.1540007998
        3.0754451000         0.6000000000         0.5976645402         4.0624407211       -19.2869754483
        3.0804938000         0.6000000000         0.5925598865         3.9986437847       -19.4199500968
        3.0853961000         0.6000000000         0.6078738476         3.9195355834       -19.0210261514
        3.0904059000         0.6000000000         0.6053215207         3.8480830146       -19.0875134756
        3.0954643000         0.6000000000         0.6129785013         3.7791823232       -18.8880515029
        3.1005060000         0.6000000000         0.5951122133         3.7077297543       -19.3534627725
        3.1054484000         0.6000000000         0.5951122133         3.6184140433       -19.3534627725
        3.1105965000         0.6000000000         0.5976645402         3.5520652293       -19.2869754483
        3.1155819000         0.6000000000         0.6104261745         3.4780607830       -18.9545388272
        3.1205559000         0.6000000000         0.5874552328         3.3964007043       -19.5529247452
        3.1254463000         0.6000000000         0.6078738476         3.3402594002       -19.0210261514
        3.1305183000         0.6000000000         0.5976645402         3.2560474441       -19.2869754483
        3.1354207000         0.6000000000         0.5849029059         3.1743873654       -19.6194120694
        3.1407753000         0.6000000000         0.6078738476         3.1105904289       -19.0210261514
        3.1454428000         0.6000000000         0.6053215207         3.0365859826       -19.0875134756
        3.1504373000         0.6000000000         0.5951122133         2.9676852912       -19.3534627725
        3.1556880000         0.6000000000         0.6027691939         2.8834733351       -19.1540007998
        3.1606204000         0.6000000000         0.5797982522         2.8069170113       -19.7523867179
        3.1654575000         0.6000000000         0.6002168670         2.7456719523       -19.2204881241
        3.1704512000         0.6000000000         0.6078738476         2.6767712609       -19.0210261514
        3.1754183000         0.6000000000         0.6078738476         2.6002149371       -19.0210261514
        3.1804601000         0.6000000000         0.5849029059         2.5211067359       -19.6194120694
        3.1854664000         0.6000000000         0.5925598865         2.4445504121       -19.4199500968
        3.1905782000         0.6000000000         0.5951122133         2.3756497207       -19.3534627725
        3.1954516000         0.6000000000         0.5874552328         2.2939896420       -19.5529247452
        3.2004571000         0.6000000000         0.6002168670         2.2225370732       -19.2204881241
        3.2054432000         0.6000000000         0.5797982522         2.1536363818       -19.7523867179
        3.2104703000         0.6000000000         0.5925598865         2.0745281806       -19.4199500968
        3.2154213000         0.6000000000         0.5797982522         1.9954199793       -19.7523867179
        3.2204494000         0.6000000000         0.6002168670         1.9316230429       -19.2204881241
        3.2254730000         0.6000000000         0.5823505790         1.8474110867       -19.6858993937
        3.2304407000         0.6000000000         0.5849029059         1.7734066404       -19.6194120694
        3.2354285000         0.6000000000         0.5874552328         1.7019540715       -19.5529247452
        3.2404520000         0.6000000000         0.5976645402         1.6356052576       -19.2869754483
        3.2454602000         0.6000000000         0.5849029059         1.5513933015       -19.6194120694
        3.2504529000         0.6000000000         0.6027691939         1.4875963650       -19.1540007998
        3.2554191000         0.6000000000         0.5925598865         1.4084881638       -19.4199500968
        3.2604336000         0.6000000000         0.5849029059         1.3293799625       -19.6194120694
        3.2654555000         0.6000000000         0.5900075596         1.2528236388       -19.4864374210
        3.2704209000         0.6000000000         0.5925598865         1.1890267023       -19.4199500968
        3.2754083000         0.6000000000         0.5925598865         1.1073666236       -19.4199500968
        3.2803997000         0.6000000000         0.5823505790         1.0333621773       -19.6858993937
        3.2854050000         0.6000000000         0.5797982522         0.9465983437       -19.7523867179
        3.2904163000         0.6000000000         0.5900075596         0.8776976523       -19.4864374210
        3.2954022000         0.6000000000         0.5849029059         0.8011413285       -19.6194120694
        3.3004374000         0.6000000000         0.5900075596         0.7194812498       -19.4864374210
        3.3054531000         0.6000000000         0.5797982522         0.6480286810       -19.7523867179
        3.3104228000         0.6000000000         0.5951122133         0.5740242347       -19.3534627725
        3.3154484000         0.6000000000         0.5951122133         0.5051235433       -19.3534627725
        3.3204384000         0.6000000000         0.5976645402         0.4158078322       -19.2869754483
        3.3255184000         0.6000000000         0.6027691939         0.3494590183       -19.1540007998
        3.3303988000         0.6000000000         0.5900075596         0.2626951847       -19.4864374210
        3.3354185000         0.6000000000         0.5900075596         0.1861388609       -19.4864374210
        3.3404074000         0.6000000000         0.5900075596         0.1019269048       -19.4864374210
        3.3454110000         0.6000000000         0.5746935985         0.0202668261       -19.8853613663
        3.3504259000         0.6000000000         0.6002168670        -0.0027000711       -19.2204881241
        3.3554130000         0.6000000000         0.5823505790         1.1124703785       -19.6858993937
        3.3605107000         0.6000000000         0.6027691939         5.0040835035       -19.1540007998
        3.3654142000         0.6000000000         0.5925598865         5.0091872584       -19.4199500968
        3.3703996000         0.6000000000         0.6002168670         4.9632534642       -19.2204881241
        3.3757923000         0.6000000000         0.6104261745         4.8866971404       -18.9545388272
        3.3804949000         0.6000000000         0.6104261745         4.8075889392       -18.9545388272
        3.3854285000         0.6000000000         0.5772459253         4.7182732281       -19.8188740421
        3.3904107000         0.6000000000         0.6027691939         4.6442687818       -19.1540007998
        3.3954623000         0.6000000000         0.6104261745         4.5753680904       -18.9545388272
        3.4005506000         0.6000000000         0.6129785013         4.5013636441       -18.8880515029
        3.4054887000         0.6000000000         0.6104261745         4.4222554428       -18.9545388272
        3.4104441000         0.6000000000         0.5951122133         4.3508028740       -19.3534627725
        3.4154536000         0.6000000000         0.6027691939         4.2665909178       -19.1540007998
        3.4206271000         0.6000000000         0.6002168670         4.1900345941       -19.2204881241
        3.4254277000         0.6000000000         0.6078738476         4.1262376576       -19.0210261514
        3.4304351000         0.6000000000         0.6180831550         4.0547850888       -18.7550768545
        3.4354002000         0.6000000000         0.5874552328         3.9705731326       -19.5529247452
        3.4404229000         0.6000000000         0.5951122133         3.9042243187       -19.3534627725
        3.4454012000         0.6000000000         0.6002168670         3.8225642400       -19.2204881241
        3.4504672000         0.6000000000         0.5976645402         3.7511116711       -19.2869754483
        3.4554011000         0.6000000000         0.5951122133         3.6822109797       -19.3534627725
        3.4604476000         0.6000000000         0.6104261745         3.6082065334       -18.9545388272
        3.4654007000         0.6000000000         0.5797982522         3.5290983322       -19.7523867179
        3.4704871000         0.6000000000         0.6002168670         3.4525420084       -19.2204881241
        3.4754177000         0.6000000000         0.5976645402         3.3810894396       -19.2869754483
        3.4805031000         0.6000000000         0.6002168670         3.3121887482       -19.2204881241
        3.4854048000         0.6000000000         0.6129785013         3.2458399342       -18.8880515029
        3.4904879000         0.6000000000         0.5900075596         3.1667317330       -19.4864374210
        3.4954015000         0.6000000000         0.6053215207         3.0927272867       -19.0875134756
        3.5006796000         0.6000000000         0.5976645402         3.0161709629       -19.2869754483
        3.5054538000         0.6000000000         0.5874552328         2.9472702715       -19.5529247452
        3.5104809000         0.6000000000         0.6078738476         2.8732658252       -19.0210261514
        3.5154071000         0.6000000000         0.5874552328         2.7941576240       -19.5529247452
        3.5204721000         0.6000000000         0.5823505790         2.7252569326       -19.6858993937
        3.5256126000         0.6000000000         0.6104261745         2.6589081187       -18.9545388272
        3.5306008000         0.6000000000         0.5823505790         2.5721442851       -19.6858993937
        3.5354779000         0.6000000000         0.5874552328         2.4981398388       -19.5529247452
        3.5404865000         0.6000000000         0.5900075596         2.4317910248       -19.4864374210
        3.5454667000         0.6000000000         0.5874552328         2.3552347011       -19.5529247452
        3.5505257000         0.6000000000         0.6002168670         2.2812302547       -19.2204881241
        3.5554049000         0.6000000000         0.6002168670         2.2123295633       -19.2204881241
        3.5605263000         0.6000000000         0.5925598865         2.1383251170       -19.4199500968
        3.5654223000         0.6000000000         0.5976645402         2.0566650383       -19.2869754483
        3.5704102000         0.6000000000         0.5772459253         1.9750049597       -19.8188740421
        3.5754157000         0.6000000000         0.5900075596         1.9010005134       -19.4864374210
        3.5804111000         0.6000000000         0.5925598865         1.8320998220       -19.4199500968
        3.5854153000         0.6000000000         0.5874552328         1.7606472531       -19.5529247452
        3.5904787000         0.6000000000         0.5925598865         1.6815390519       -19.4199500968
        3.5954158000         0.6000000000         0.5874552328         1.6151902379       -19.5529247452
        3.6004074000         0.6000000000         0.5900075596         1.5488414240       -19.4864374210
        3.6053973000         0.6000000000         0.6027691939         1.4671813453       -19.1540007998
        3.6104350000         0.6000000000         0.5900075596         1.3931768990       -19.4864374210
        3.6154081000         0.6000000000         0.5951122133         1.3166205752       -19.3534627725
        3.6204077000         0.6000000000         0.5925598865         1.2502717613       -19.4199500968
        3.6254481000         0.6000000000         0.5951122133         1.1660598052       -19.3534627725
        3.6305934000         0.6000000000         0.5925598865         1.0997109912       -19.4199500968
        3.6354017000         0.6000000000         0.6027691939         1.0231546675       -19.1540007998
        3.6404416000         0.6000000000         0.5849029059         0.9389427113       -19.6194120694
        3.6454991000         0.6000000000         0.5849029059         0.8623863875       -19.6194120694
        3.6504469000         0.6000000000         0.5900075596         0.7858300638       -19.4864374210
        3.6554101000         0.6000000000         0.6078738476         0.7220331273       -19.0210261514
        3.6604649000         0.6000000000         0.5925598865         0.6429249261       -19.4199500968
        3.6653996000         0.6000000000         0.6053215207         0.5740242347       -19.0875134756
        3.6704512000         0.6000000000         0.6027691939         0.5000197884       -19.1540007998
        3.6754178000         0.6000000000         0.6078738476         0.4183597097       -19.0210261514
        3.6804588000         0.6000000000         0.5925598865         0.3418033859       -19.4199500968
        3.6854136000         0.6000000000         0.6002168670         0.2652470621       -19.2204881241
        3.6905798000         0.6000000000         0.6078738476         0.1861388609       -19.0210261514
        3.6954613000         0.6000000000         0.5925598865         0.1095825371       -19.4199500968
        3.7006323000         0.6000000000         0.5900075596         0.0228187035       -19.4864374210
        3.7054960000         0.6000000000         0.6180831550         0.0049555613       -18.7550768545
        3.7105031000         0.6000000000         0.6002168670         0.0355780908       -19.2204881241
        3.7155327000         0.6000000000         0.6104261745         5.0040835035       -18.9545388272
        3.7205468000         0.6000000000         0.5874552328         4.9989797486       -19.5529247452
        3.7255819000         0.6000000000         0.6002168670         4.9683572191       -19.2204881241
        3.7305750000         0.6000000000         0.6078738476         4.8943527728       -19.0210261514
        3.7356935000         0.6000000000         0.6078738476         4.8075889392       -19.0210261514
        3.7406987000         0.6000000000         0.5951122133         4.7335844928       -19.3534627725
        3.7459947000         0.6000000000         0.6002168670         4.6493725367       -19.2204881241
        3.7505724000         0.6000000000         0.6002168670         4.5855756002       -19.2204881241
        3.7560381000         0.6000000000         0.5976645402         4.4911561342       -19.2869754483
        3.7605390000         0.6000000000         0.6053215207         4.4222554428       -19.0875134756
        3.7654431000         0.6000000000         0.6078738476         4.3584585064       -19.0210261514
        3.7705468000         0.6000000000         0.6053215207         4.2742465502       -19.0875134756
        3.7755497000         0.6000000000         0.5976645402         4.2002421039       -19.2869754483
        3.7805219000         0.6000000000         0.5951122133         4.1236857801       -19.3534627725
        3.7857197000         0.6000000000         0.6078738476         4.0522332113       -19.0210261514
        3.7907241000         0.6000000000         0.6053215207         3.9833325199       -19.0875134756
        3.7955083000         0.6000000000         0.6002168670         3.8991205638       -19.2204881241
        3.8006155000         0.6000000000         0.6002168670         3.8327717498       -19.2204881241
        3.8055771000         0.6000000000         0.6104261745         3.7587673035       -18.9545388272
        3.8105514000         0.6000000000         0.6002168670         3.6898666121       -19.2204881241
        3.8155705000         0.6000000000         0.6078738476         3.6133102883       -19.0210261514
        3.8205675000         0.6000000000         0.6078738476         3.5367539646       -19.0210261514
        3.8255786000         0.6000000000         0.5976645402         3.4729570281       -19.2869754483
        3.8307359000         0.6000000000         0.6027691939         3.3912969494       -19.1540007998
        3.8355901000         0.6000000000         0.6002168670         3.3172925031       -19.2204881241
        3.8406899000         0.6000000000         0.6129785013         3.2534955666       -18.8880515029
        3.8456868000         0.6000000000         0.5976645402         3.1794911203       -19.2869754483
        3.8505216000         0.6000000000         0.6078738476         3.1003829191       -19.0210261514
        3.8556399000         0.6000000000         0.5951122133         3.0263784728       -19.3534627725
        3.8605095000         0.6000000000         0.5976645402         2.9600296588       -19.2869754483
        3.8655309000         0.6000000000         0.6027691939         2.8758177027       -19.1540007998
        3.8707140000         0.6000000000         0.5849029059         2.8069170113       -19.6194120694
        3.8756164000         0.6000000000         0.5900075596         2.7329125650       -19.4864374210
        3.8804749000         0.6000000000         0.6027691939         2.6589081187       -19.1540007998
        3.8856274000         0.6000000000         0.5976645402         2.5874555498       -19.2869754483
        3.8904956000         0.6000000000         0.5951122133         2.5057954711       -19.3534627725
        3.8955766000         0.6000000000         0.5874552328         2.4292391474       -19.5529247452
        3.9005389000         0.6000000000         0.5951122133         2.3705459658       -19.3534627725
        3.9055980000         0.6000000000         0.5976645402         2.2914377646       -19.2869754483
        3.9105253000         0.6000000000         0.5772459253         2.2072258084       -19.8188740421
        3.9155564000         0.6000000000         0.6104261745         2.1485326269       -18.9545388272
        3.9205582000         0.6000000000         0.6002168670         2.0668725482       -19.2204881241
        3.9255930000         0.6000000000         0.5746935985         1.9852124695       -19.8853613663
        3.9305647000         0.6000000000         0.6078738476         1.9163117781       -19.0210261514
        3.9356790000         0.6000000000         0.5849029059         1.8397554543       -19.6194120694
        3.9405186000         0.6000000000         0.5951122133         1.7708547629       -19.3534627725
        3.9457300000         0.6000000000         0.6078738476         1.6994021941       -19.0210261514
        3.9507482000         0.6000000000         0.5925598865         1.6279496252       -19.4199500968
        3.9556289000         0.6000000000         0.5925598865         1.5462895465       -19.4199500968
        3.9604780000         0.6000000000         0.5925598865         1.4773888552       -19.4199500968
        3.9655725000         0.6000000000         0.5900075596         1.3982806539       -19.4864374210
        3.9707012000         0.6000000000         0.5951122133         1.3242762076       -19.3534627725
        3.9756485000         0.6000000000         0.5951122133         1.2579273937       -19.3534627725
        3.9806647000         0.6000000000         0.5900075596         1.1762673150       -19.4864374210
        3.9855511000         0.6000000000         0.5951122133         1.1150222560       -19.3534627725
        3.9905920000         0.6000000000         0.6104261745         1.0359140547       -18.9545388272
        3.9956765000         0.6000000000         0.5900075596         0.9542539761       -19.4864374210
        4.0010902000         0.6000000000         0.6002168670         0.8725938974       -19.2204881241
