% Sweep Step 37/200  Vcmd=2.6900V  CW
% Vg_offset=1.338056V  K_gimbal=26.049690

Time[s]              Vcmd[V]              Vg_raw[V]            Pot[V]               Omega[rad/s]
        0.0005428000         2.6900000000         1.3378393285         0.0024036839        -0.0056514226
        0.0054946000         2.6900000000         1.3403916554         0.0024036839         0.0608359017
        0.0104576000         2.6900000000         1.3557056165         0.0075074388         0.4597598470
        0.0155526000         2.6900000000         1.3352870017        -0.0001481936        -0.0721387468
        0.0205260000         2.6900000000         1.3429439823         0.0075074388         0.1273232259
        0.0255547000         2.6900000000         1.3352870017         0.0024036839        -0.0721387468
        0.0305100000         2.6900000000         1.3352870017         0.0024036839        -0.0721387468
        0.0355568000         2.6900000000         1.3403916554         0.0024036839         0.0608359017
        0.0405471000         2.6900000000         1.3378393285         0.0024036839        -0.0056514226
        0.0455590000         2.6900000000         1.3352870017         0.0024036839        -0.0721387468
        0.0505827000         2.6900000000         1.3327346748        -0.0052519485        -0.1386260710
        0.0556274000         2.6900000000         1.3378393285        -0.0001481936        -0.0056514226
        0.0606867000         2.6900000000         1.3557056165         0.0075074388         0.4597598470
        0.0654386000         2.6900000000         1.3659149240         0.0100593162         0.7257091439
        0.0705467000         2.6900000000         1.3557056165         0.0049555613         0.4597598470
        0.0755531000         2.6900000000         1.3633625971         0.0049555613         0.6592218197
        0.0805580000         2.6900000000         1.3480486360        -0.0001481936         0.2602978743
        0.0855367000         2.6900000000         1.3506009628         0.0049555613         0.3267851986
        0.0904877000         2.6900000000         1.3557056165         0.0151630711         0.4597598470
        0.0956146000         2.6900000000         1.3557056165         0.0126111937         0.4597598470
        0.1005515000         2.6900000000         1.3480486360         0.0100593162         0.2602978743
        0.1055610000         2.6900000000         1.3506009628         0.0151630711         0.3267851986
        0.1105408000         2.6900000000         1.3531532897         0.0151630711         0.3932725228
        0.1154856000         2.6900000000         1.3506009628         0.0177149486         0.3267851986
        0.1205983000         2.6900000000         1.3506009628         0.0202668261         0.3267851986
        0.1255740000         2.6900000000         1.3557056165         0.0279224584         0.4597598470
        0.1305723000         2.6900000000         1.3557056165         0.0279224584         0.4597598470
        0.1356087000         2.6900000000         1.3506009628         0.0228187035         0.3267851986
        0.1405586000         2.6900000000         1.3531532897         0.0228187035         0.3932725228
        0.1455819000         2.6900000000         1.3480486360         0.0228187035         0.2602978743
        0.1505725000         2.6900000000         1.3557056165         0.0177149486         0.4597598470
        0.1556067000         2.6900000000         1.3454963091         0.0253705810         0.1938105501
        0.1604853000         2.6900000000         1.3378393285         0.0202668261        -0.0056514226
        0.1654425000         2.6900000000         1.3352870017         0.0202668261        -0.0721387468
        0.1704740000         2.6900000000         1.3403916554         0.0279224584         0.0608359017
        0.1755231000         2.6900000000         1.3378393285         0.0279224584        -0.0056514226
        0.1804325000         2.6900000000         1.3454963091         0.0330262134         0.1938105501
        0.1855573000         2.6900000000         1.3352870017         0.0279224584        -0.0721387468
        0.1905915000         2.6900000000         1.3352870017         0.0279224584        -0.0721387468
        0.1954998000         2.6900000000         1.3352870017         0.0253705810        -0.0721387468
        0.2005562000         2.6900000000         1.3352870017         0.0253705810        -0.0721387468
        0.2055071000         2.6900000000         1.3429439823         0.0355780908         0.1273232259
        0.2105469000         2.6900000000         1.3352870017         0.0330262134        -0.0721387468
        0.2155132000         2.6900000000         1.3378393285         0.0253705810        -0.0056514226
        0.2204796000         2.6900000000         1.3378393285         0.0253705810        -0.0056514226
        0.2254348000         2.6900000000         1.3352870017         0.0253705810        -0.0721387468
        0.2304033000         2.6900000000         1.3352870017         0.0304743359        -0.0721387468
        0.2354294000         2.6900000000         1.3378393285         0.0253705810        -0.0056514226
        0.2404446000         2.6900000000         1.3454963091         0.0330262134         0.1938105501
        0.2454435000         2.6900000000         1.3378393285         0.0253705810        -0.0056514226
        0.2504202000         2.6900000000         1.3403916554         0.0253705810         0.0608359017
        0.2553856000         2.6900000000         1.3506009628         0.0304743359         0.3267851986
        0.2604126000         2.6900000000         1.3301823480         0.0279224584        -0.2051133952
        0.2653935000         2.6900000000         1.3378393285         0.0279224584        -0.0056514226
        0.2703912000         2.6900000000         1.3327346748         0.0202668261        -0.1386260710
        0.2754299000         2.6900000000         1.3327346748         0.0253705810        -0.1386260710
        0.2804233000         2.6900000000         1.3352870017         0.0253705810        -0.0721387468
        0.2854241000         2.6900000000         1.3352870017         0.0253705810        -0.0721387468
        0.2904131000         2.6900000000         1.3429439823         0.0330262134         0.1273232259
        0.2954224000         2.6900000000         1.3378393285         0.0253705810        -0.0056514226
        0.3004192000         2.6900000000         1.3301823480         0.0228187035        -0.2051133952
        0.3054204000         2.6900000000         1.3301823480         0.0228187035        -0.2051133952
        0.3104047000         2.6900000000         1.3378393285         0.0279224584        -0.0056514226
        0.3154157000         2.6900000000         1.3378393285         0.0253705810        -0.0056514226
        0.3204286000         2.6900000000         1.3454963091         0.0355780908         0.1938105501
        0.3253992000         2.6900000000         1.3557056165         0.0355780908         0.4597598470
        0.3304160000         2.6900000000         1.3429439823         0.0330262134         0.1273232259
        0.3353868000         2.6900000000         1.3352870017         0.0279224584        -0.0721387468
        0.3404463000         2.6900000000         1.3352870017         0.0279224584        -0.0721387468
        0.3454825000         2.6900000000         1.3352870017         0.0253705810        -0.0721387468
        0.3505233000         2.6900000000         1.3327346748         0.0228187035        -0.1386260710
        0.3554248000         2.6900000000         1.3454963091         0.0330262134         0.1938105501
        0.3604548000         2.6900000000         1.3378393285         0.0253705810        -0.0056514226
        0.3654416000         2.6900000000         1.3352870017         0.0253705810        -0.0721387468
        0.3703943000         2.6900000000         1.3454963091         0.0330262134         0.1938105501
        0.3755223000         2.6900000000         1.3327346748         0.0202668261        -0.1386260710
        0.3804338000         2.6900000000         1.3301823480         0.0202668261        -0.2051133952
        0.3853918000         2.6900000000         1.3378393285         0.0253705810        -0.0056514226
        0.3904041000         2.6900000000         1.3352870017         0.0279224584        -0.0721387468
        0.3954289000         2.6900000000         1.3557056165         0.0253705810         0.4597598470
        0.4003859000         2.6900000000         1.3352870017         0.0253705810        -0.0721387468
        0.4054145000         2.6900000000         1.3352870017         0.0253705810        -0.0721387468
        0.4104315000         2.6900000000         1.3352870017         0.0279224584        -0.0721387468
        0.4153861000         2.6900000000         1.3429439823         0.0330262134         0.1273232259
        0.4204135000         2.6900000000         1.3378393285         0.0279224584        -0.0056514226
        0.4254237000         2.6900000000         1.3301823480         0.0202668261        -0.2051133952
        0.4303984000         2.6900000000         1.3327346748         0.0177149486        -0.1386260710
        0.4354221000         2.6900000000         1.3352870017         0.0253705810        -0.0721387468
        0.4404243000         2.6900000000         1.3301823480         0.0202668261        -0.2051133952
        0.4454292000         2.6900000000         1.3429439823         0.0355780908         0.1273232259
        0.4504002000         2.6900000000         1.3429439823         0.0330262134         0.1273232259
        0.4554297000         2.6900000000         1.3352870017         0.0253705810        -0.0721387468
        0.4604024000         2.6900000000         1.3378393285         0.0253705810        -0.0056514226
        0.4654304000         2.6900000000         1.3378393285         0.0202668261        -0.0056514226
        0.4704220000         2.6900000000         1.3429439823         0.0330262134         0.1273232259
        0.4754625000         2.6900000000         1.3429439823         0.0330262134         0.1273232259
        0.4804027000         2.6900000000         1.3352870017         0.0253705810        -0.0721387468
        0.4853913000         2.6900000000         1.3429439823         0.0330262134         0.1273232259
        0.4904075000         2.6900000000         1.3378393285         0.0279224584        -0.0056514226
        0.4953856000         2.6900000000         1.3378393285         0.0279224584        -0.0056514226
        0.5004040000         2.6900000000         1.3327346748         0.0202668261        -0.1386260710
        0.5054268000         2.6900000000         1.3301823480         0.0228187035        -0.2051133952
        0.5104146000         2.6900000000         1.3454963091         0.0330262134         0.1938105501
        0.5154161000         2.6900000000         1.3429439823         0.0330262134         0.1273232259
        0.5204186000         2.6900000000         1.3352870017         0.0253705810        -0.0721387468
        0.5253988000         2.6900000000         1.3454963091         0.0355780908         0.1938105501
        0.5304020000         2.6900000000         1.3352870017         0.0279224584        -0.0721387468
        0.5354288000         2.6900000000         1.3608102703         0.0304743359         0.5927344955
        0.5405309000         2.6900000000         1.3378393285         0.0253705810        -0.0056514226
        0.5453942000         2.6900000000         1.3429439823         0.0355780908         0.1273232259
        0.5504559000         2.6900000000         1.3378393285         0.0253705810        -0.0056514226
        0.5553912000         2.6900000000         1.3378393285         0.0253705810        -0.0056514226
        0.5604017000         2.6900000000         1.3352870017         0.0279224584        -0.0721387468
        0.5653947000         2.6900000000         1.3352870017         0.0202668261        -0.0721387468
        0.5704583000         2.6900000000         1.3301823480         0.0228187035        -0.2051133952
        0.5753862000         2.6900000000         1.3378393285         0.0253705810        -0.0056514226
        0.5804109000         2.6900000000         1.3327346748         0.0202668261        -0.1386260710
        0.5853917000         2.6900000000         1.3378393285         0.0253705810        -0.0056514226
        0.5904603000         2.6900000000         1.3352870017         0.0253705810        -0.0721387468
        0.5953919000         2.6900000000         1.3429439823         0.0330262134         0.1273232259
        0.6003800000         2.6900000000         1.3352870017         0.0228187035        -0.0721387468
        0.6054141000         2.6900000000         1.3531532897         0.0304743359         0.3932725228
        0.6105496000         2.6900000000         1.3454963091         0.0330262134         0.1938105501
        0.6153959000         2.6900000000         1.3352870017         0.0253705810        -0.0721387468
        0.6204583000         2.6900000000         1.3352870017         0.0253705810        -0.0721387468
        0.6254703000         2.6900000000         1.3429439823         0.0330262134         0.1273232259
        0.6304385000         2.6900000000         1.3378393285         0.0253705810        -0.0056514226
        0.6353950000         2.6900000000         1.3454963091         0.0330262134         0.1938105501
        0.6404296000         2.6900000000         1.3429439823         0.0279224584         0.1273232259
        0.6453964000         2.6900000000         1.3327346748         0.0202668261        -0.1386260710
        0.6503912000         2.6900000000         1.3378393285         0.0355780908        -0.0056514226
        0.6553989000         2.6900000000         1.3429439823         0.0330262134         0.1273232259
        0.6603862000         2.6900000000         1.3352870017         0.0279224584        -0.0721387468
        0.6655505000         2.6900000000         1.3454963091         0.0330262134         0.1938105501
        0.6704998000         2.6900000000         1.3327346748         0.0228187035        -0.1386260710
        0.6754136000         2.6900000000         1.3352870017         0.0253705810        -0.0721387468
        0.6804849000         2.6900000000         1.3429439823         0.0330262134         0.1273232259
        0.6854108000         2.6900000000         1.3506009628         0.0253705810         0.3267851986
        0.6903916000         2.6900000000         1.3378393285         0.0279224584        -0.0056514226
        0.6955161000         2.6900000000         1.3378393285         0.0253705810        -0.0056514226
        0.7004372000         2.6900000000         1.3378393285         0.0253705810        -0.0056514226
        0.7054046000         2.6900000000         1.3378393285         0.0279224584        -0.0056514226
        0.7104270000         2.6900000000         1.3352870017         0.0279224584        -0.0721387468
        0.7154050000         2.6900000000         1.3378393285         0.0304743359        -0.0056514226
        0.7203853000         2.6900000000         1.3429439823         0.0330262134         0.1273232259
        0.7253856000         2.6900000000         1.3378393285         0.0279224584        -0.0056514226
        0.7304054000         2.6900000000         1.3429439823         0.0330262134         0.1273232259
        0.7353993000         2.6900000000         1.3352870017         0.0253705810        -0.0721387468
        0.7404259000         2.6900000000         1.3301823480         0.0228187035        -0.2051133952
        0.7454157000         2.6900000000         1.3327346748         0.0202668261        -0.1386260710
        0.7504514000         2.6900000000         1.3403916554         0.0279224584         0.0608359017
        0.7553800000         2.6900000000         1.3454963091         0.0330262134         0.1938105501
        0.7604127000         2.6900000000         1.3429439823         0.0355780908         0.1273232259
        0.7654343000         2.6900000000         1.3429439823         0.0355780908         0.1273232259
        0.7703690000         2.6900000000         1.3378393285         0.0279224584        -0.0056514226
        0.7754262000         2.6900000000         1.3352870017         0.0279224584        -0.0721387468
        0.7804273000         2.6900000000         1.3301823480         0.0202668261        -0.2051133952
        0.7854793000         2.6900000000         1.3352870017         0.0253705810        -0.0721387468
        0.7904042000         2.6900000000         1.3352870017         0.0279224584        -0.0721387468
        0.7954376000         2.6900000000         1.3378393285         0.0279224584        -0.0056514226
        0.8003932000         2.6900000000         1.3429439823         0.0330262134         0.1273232259
        0.8053863000         2.6900000000         1.3378393285         0.0253705810        -0.0056514226
        0.8104047000         2.6900000000         1.3301823480         0.0253705810        -0.2051133952
        0.8153862000         2.6900000000         1.3378393285         0.0253705810        -0.0056514226
        0.8204149000         2.6900000000         1.3352870017         0.0253705810        -0.0721387468
        0.8254333000         2.6900000000         1.3301823480         0.0228187035        -0.2051133952
        0.8304395000         2.6900000000         1.3301823480         0.0228187035        -0.2051133952
        0.8354122000         2.6900000000         1.3352870017         0.0279224584        -0.0721387468
        0.8404589000         2.6900000000         1.3378393285         0.0279224584        -0.0056514226
        0.8454098000         2.6900000000         1.3429439823         0.0330262134         0.1273232259
        0.8504414000         2.6900000000         1.3429439823         0.0330262134         0.1273232259
        0.8554319000         2.6900000000         1.3403916554         0.0355780908         0.0608359017
        0.8604162000         2.6900000000         1.3352870017         0.0253705810        -0.0721387468
        0.8654119000         2.6900000000         1.3378393285         0.0279224584        -0.0056514226
        0.8704304000         2.6900000000         1.3352870017         0.0253705810        -0.0721387468
        0.8754012000         2.6900000000         1.3327346748         0.0202668261        -0.1386260710
        0.8804020000         2.6900000000         1.3327346748         0.0228187035        -0.1386260710
        0.8854535000         2.6900000000         1.3301823480         0.0202668261        -0.2051133952
        0.8904146000         2.6900000000         1.3403916554         0.0330262134         0.0608359017
        0.8954398000         2.6900000000         1.3378393285         0.0253705810        -0.0056514226
        0.9003862000         2.6900000000         1.3301823480         0.0228187035        -0.2051133952
        0.9054631000         2.6900000000         1.3480486360         0.0253705810         0.2602978743
        0.9104655000         2.6900000000         1.3301823480         0.0202668261        -0.2051133952
        0.9154985000         2.6900000000         1.3327346748         0.0228187035        -0.1386260710
        0.9204916000         2.6900000000         1.3378393285         0.0253705810        -0.0056514226
        0.9253990000         2.6900000000         1.3378393285         0.0253705810        -0.0056514226
        0.9304320000         2.6900000000         1.3301823480         0.0202668261        -0.2051133952
        0.9354330000         2.6900000000         1.3378393285         0.0253705810        -0.0056514226
        0.9404135000         2.6900000000         1.3403916554         0.0253705810         0.0608359017
        0.9454129000         2.6900000000         1.3352870017         0.0253705810        -0.0721387468
        0.9503863000         2.6900000000         1.3378393285         0.0253705810        -0.0056514226
        0.9553959000         2.6900000000         1.3378393285         0.0279224584        -0.0056514226
        0.9604195000         2.6900000000         1.3378393285         0.0253705810        -0.0056514226
        0.9654351000         2.6900000000         1.3378393285         0.0279224584        -0.0056514226
        0.9704201000         2.6900000000         1.3352870017         0.0279224584        -0.0721387468
        0.9754253000         2.6900000000         1.3352870017         0.0228187035        -0.0721387468
        0.9804474000         2.6900000000         1.3403916554         0.0355780908         0.0608359017
        0.9854335000         2.6900000000         1.3352870017         0.0279224584        -0.0721387468
        0.9904083000         2.6900000000         1.3454963091         0.0355780908         0.1938105501
        0.9954444000         2.6900000000         1.3429439823         0.0330262134         0.1273232259
        1.0004260000         2.6900000000         1.3301823480         0.0202668261        -0.2051133952
        1.0054058000         2.6900000000         1.3378393285         0.0253705810        -0.0056514226
        1.0104209000         2.6900000000         1.3378393285         0.0279224584        -0.0056514226
        1.0154077000         2.6900000000         1.3429439823         0.0355780908         0.1273232259
        1.0204267000         2.6900000000         1.3352870017         0.0279224584        -0.0721387468
        1.0254463000         2.6900000000         1.3454963091         0.0330262134         0.1938105501
        1.0304360000         2.6900000000         1.3225253674         0.0202668261        -0.4045753679
        1.0353822000         2.6900000000         1.3454963091         0.0355780908         0.1938105501
        1.0404244000         2.6900000000         1.3352870017         0.0279224584        -0.0721387468
        1.0453943000         2.6900000000         1.3327346748         0.0202668261        -0.1386260710
        1.0503964000         2.6900000000         1.3352870017         0.0279224584        -0.0721387468
        1.0553861000         2.6900000000         1.3327346748         0.0228187035        -0.1386260710
        1.0604607000         2.6900000000         1.3327346748         0.0228187035        -0.1386260710
        1.0654010000         2.6900000000         1.3378393285         0.0253705810        -0.0056514226
        1.0703866000         2.6900000000         1.3429439823         0.0330262134         0.1273232259
        1.0755683000         2.6900000000         1.3352870017         0.0279224584        -0.0721387468
        1.0804860000         2.6900000000         1.3378393285         0.0253705810        -0.0056514226
        1.0853869000         2.6900000000         1.3378393285         0.0279224584        -0.0056514226
        1.0903987000         2.6900000000         1.3378393285         0.0279224584        -0.0056514226
        1.0954291000         2.6900000000         1.3378393285         0.0304743359        -0.0056514226
        1.1004454000         2.6900000000         1.3429439823         0.0355780908         0.1273232259
        1.1054164000         2.6900000000         1.3352870017         0.0279224584        -0.0721387468
        1.1104224000         2.6900000000         1.3429439823         0.0355780908         0.1273232259
        1.1153819000         2.6900000000         1.3352870017         0.0253705810        -0.0721387468
        1.1204475000         2.6900000000         1.3301823480         0.0228187035        -0.2051133952
        1.1254311000         2.6900000000         1.3352870017         0.0253705810        -0.0721387468
        1.1304161000         2.6900000000         1.3327346748         0.0228187035        -0.1386260710
        1.1353869000         2.6900000000         1.3301823480         0.0202668261        -0.2051133952
        1.1404369000         2.6900000000         1.3454963091         0.0228187035         0.1938105501
        1.1453869000         2.6900000000         1.3352870017         0.0279224584        -0.0721387468
        1.1504196000         2.6900000000         1.3378393285         0.0279224584        -0.0056514226
        1.1554250000         2.6900000000         1.3378393285         0.0253705810        -0.0056514226
        1.1604270000         2.6900000000         1.3352870017         0.0253705810        -0.0721387468
        1.1654592000         2.6900000000         1.3378393285         0.0253705810        -0.0056514226
        1.1704508000         2.6900000000         1.3301823480         0.0202668261        -0.2051133952
        1.1753987000         2.6900000000         1.3301823480         0.0228187035        -0.2051133952
        1.1804188000         2.6900000000         1.3429439823         0.0330262134         0.1273232259
        1.1854031000         2.6900000000         1.3352870017         0.0253705810        -0.0721387468
        1.1904068000         2.6900000000         1.3352870017         0.0279224584        -0.0721387468
        1.1954601000         2.6900000000         1.3378393285         0.0279224584        -0.0056514226
        1.2003943000         2.6900000000         1.3352870017         0.0253705810        -0.0721387468
        1.2054171000         2.6900000000         1.3403916554         0.0253705810         0.0608359017
        1.2104032000         2.6900000000         1.3327346748         0.0202668261        -0.1386260710
        1.2154354000         2.6900000000         1.3506009628         0.0330262134         0.3267851986
        1.2204470000         2.6900000000         1.3378393285         0.0279224584        -0.0056514226
        1.2254642000         2.6900000000         1.3327346748         0.0228187035        -0.1386260710
        1.2304289000         2.6900000000         1.3352870017         0.0304743359        -0.0721387468
        1.2354293000         2.6900000000         1.3454963091         0.0355780908         0.1938105501
        1.2404248000         2.6900000000         1.3352870017         0.0279224584        -0.0721387468
        1.2453879000         2.6900000000         1.3327346748         0.0202668261        -0.1386260710
        1.2504168000         2.6900000000         1.3429439823         0.0330262134         0.1273232259
        1.2554136000         2.6900000000         1.3429439823         0.0330262134         0.1273232259
        1.2604213000         2.6900000000         1.3429439823         0.0330262134         0.1273232259
        1.2654278000         2.6900000000         1.3378393285         0.0253705810        -0.0056514226
        1.2704453000         2.6900000000         1.3301823480         0.0228187035        -0.2051133952
        1.2753872000         2.6900000000         1.3429439823         0.0330262134         0.1273232259
        1.2804065000         2.6900000000         1.3378393285         0.0279224584        -0.0056514226
        1.2854237000         2.6900000000         1.3480486360         0.0330262134         0.2602978743
        1.2904023000         2.6900000000         1.3557056165         0.0253705810         0.4597598470
        1.2953892000         2.6900000000         1.3276300211         0.0228187035        -0.2716007195
        1.3003881000         2.6900000000         1.3327346748         0.0202668261        -0.1386260710
        1.3054149000         2.6900000000         1.3352870017         0.0279224584        -0.0721387468
        1.3104212000         2.6900000000         1.3429439823         0.0355780908         0.1273232259
        1.3154074000         2.6900000000         1.3352870017         0.0253705810        -0.0721387468
        1.3203992000         2.6900000000         1.3378393285         0.0279224584        -0.0056514226
        1.3253876000         2.6900000000         1.3378393285         0.0253705810        -0.0056514226
        1.3303875000         2.6900000000         1.3378393285         0.0253705810        -0.0056514226
        1.3353794000         2.6900000000         1.3454963091         0.0355780908         0.1938105501
        1.3408209000         2.6900000000         1.3276300211         0.0253705810        -0.2716007195
        1.3454093000         2.6900000000         1.3378393285         0.0253705810        -0.0056514226
        1.3504059000         2.6900000000         1.3429439823         0.0355780908         0.1273232259
        1.3554065000         2.6900000000         1.3454963091         0.0330262134         0.1938105501
        1.3603869000         2.6900000000         1.3378393285         0.0279224584        -0.0056514226
        1.3654010000         2.6900000000         1.3352870017         0.0253705810        -0.0721387468
        1.3703868000         2.6900000000         1.3378393285         0.0253705810        -0.0056514226
        1.3754450000         2.6900000000         1.3429439823         0.0330262134         0.1273232259
        1.3804186000         2.6900000000         1.3327346748         0.0202668261        -0.1386260710
        1.3854041000         2.6900000000         1.3327346748         0.0228187035        -0.1386260710
        1.3903871000         2.6900000000         1.3403916554         0.0279224584         0.0608359017
        1.3954039000         2.6900000000         1.3327346748         0.0202668261        -0.1386260710
        1.4004416000         2.6900000000         1.3429439823         0.0355780908         0.1273232259
        1.4054013000         2.6900000000         1.3352870017         0.0279224584        -0.0721387468
        1.4104242000         2.6900000000         1.3429439823         0.0330262134         0.1273232259
        1.4154490000         2.6900000000         1.3454963091         0.0355780908         0.1938105501
        1.4204170000         2.6900000000         1.3378393285         0.0253705810        -0.0056514226
        1.4254033000         2.6900000000         1.3378393285         0.0253705810        -0.0056514226
        1.4304099000         2.6900000000         1.3429439823         0.0330262134         0.1273232259
        1.4354454000         2.6900000000         1.3301823480         0.0228187035        -0.2051133952
        1.4404157000         2.6900000000         1.3429439823         0.0330262134         0.1273232259
        1.4454601000         2.6900000000         1.3352870017         0.0279224584        -0.0721387468
        1.4504165000         2.6900000000         1.3352870017         0.0279224584        -0.0721387468
        1.4554539000         2.6900000000         1.3378393285         0.0279224584        -0.0056514226
        1.4604247000         2.6900000000         1.3454963091         0.0304743359         0.1938105501
        1.4654474000         2.6900000000         1.3352870017         0.0253705810        -0.0721387468
        1.4703929000         2.6900000000         1.3327346748         0.0228187035        -0.1386260710
        1.4754063000         2.6900000000         1.3301823480         0.0202668261        -0.2051133952
        1.4803881000         2.6900000000         1.3429439823         0.0330262134         0.1273232259
        1.4853938000         2.6900000000         1.3429439823         0.0279224584         0.1273232259
        1.4904099000         2.6900000000         1.3352870017         0.0253705810        -0.0721387468
        1.4954271000         2.6900000000         1.3378393285         0.0279224584        -0.0056514226
        1.5003882000         2.6900000000         1.3403916554         0.0304743359         0.0608359017
        1.5054647000         2.6900000000         1.3531532897         0.0355780908         0.3932725228
        1.5103798000         2.6900000000         1.3378393285         0.0304743359        -0.0056514226
        1.5154124000         2.6900000000         1.3454963091         0.0330262134         0.1938105501
        1.5203877000         2.6900000000         1.3378393285         0.0279224584        -0.0056514226
        1.5254323000         2.6900000000         1.3429439823         0.0330262134         0.1273232259
        1.5304149000         2.6900000000         1.3352870017         0.0279224584        -0.0721387468
        1.5354411000         2.6900000000         1.3454963091         0.0330262134         0.1938105501
        1.5404136000         2.6900000000         1.3352870017         0.0279224584        -0.0721387468
        1.5454426000         2.6900000000         1.3352870017         0.0279224584        -0.0721387468
        1.5503732000         2.6900000000         1.3352870017         0.0279224584        -0.0721387468
        1.5554132000         2.6900000000         1.3327346748         0.0228187035        -0.1386260710
        1.5604737000         2.6900000000         1.3454963091         0.0330262134         0.1938105501
        1.5654392000         2.6900000000         1.3352870017         0.0279224584        -0.0721387468
        1.5704312000         2.6900000000         1.3378393285         0.0228187035        -0.0056514226
        1.5754132000         2.6900000000         1.3378393285         0.0253705810        -0.0056514226
        1.5804282000         2.6900000000         1.3378393285         0.0279224584        -0.0056514226
        1.5853893000         2.6900000000         1.3352870017         0.0253705810        -0.0721387468
        1.5904132000         2.6900000000         1.3378393285         0.0279224584        -0.0056514226
        1.5954072000         2.6900000000         1.3429439823         0.0330262134         0.1273232259
        1.6003870000         2.6900000000         1.3327346748         0.0202668261        -0.1386260710
        1.6054008000         2.6900000000         1.3301823480         0.0228187035        -0.2051133952
        1.6104602000         2.6900000000         1.3429439823         0.0355780908         0.1273232259
        1.6154018000         2.6900000000         1.3429439823         0.0330262134         0.1273232259
        1.6204179000         2.6900000000         1.3429439823         0.0330262134         0.1273232259
        1.6253981000         2.6900000000         1.3301823480         0.0228187035        -0.2051133952
        1.6303868000         2.6900000000         1.3352870017         0.0279224584        -0.0721387468
        1.6353889000         2.6900000000         1.3403916554         0.0279224584         0.0608359017
        1.6403813000         2.6900000000         1.3352870017         0.0279224584        -0.0721387468
        1.6454315000         2.6900000000         1.3327346748         0.0202668261        -0.1386260710
        1.6503788000         2.6900000000         1.3352870017         0.0279224584        -0.0721387468
        1.6554352000         2.6900000000         1.3301823480         0.0228187035        -0.2051133952
        1.6603886000         2.6900000000         1.3378393285         0.0279224584        -0.0056514226
        1.6654992000         2.6900000000         1.3429439823         0.0330262134         0.1273232259
        1.6704243000         2.6900000000         1.3378393285         0.0304743359        -0.0056514226
        1.6754312000         2.6900000000         1.3352870017         0.0253705810        -0.0721387468
        1.6804204000         2.6900000000         1.3378393285         0.0253705810        -0.0056514226
        1.6854894000         2.6900000000         1.3378393285         0.0279224584        -0.0056514226
        1.6905187000         2.6900000000         1.3301823480         0.0228187035        -0.2051133952
        1.6957157000         2.6900000000         1.3403916554         0.0355780908         0.0608359017
        1.7004882000         2.6900000000         1.3352870017         0.0279224584        -0.0721387468
        1.7054066000         2.6900000000         1.3378393285         0.0279224584        -0.0056514226
        1.7103981000         2.6900000000         1.3403916554         0.0279224584         0.0608359017
        1.7153949000         2.6900000000         1.3403916554         0.0279224584         0.0608359017
        1.7204210000         2.6900000000         1.3429439823         0.0355780908         0.1273232259
        1.7254125000         2.6900000000         1.3506009628         0.0253705810         0.3267851986
        1.7304043000         2.6900000000         1.3429439823         0.0330262134         0.1273232259
        1.7354210000         2.6900000000         1.3352870017         0.0279224584        -0.0721387468
        1.7404967000         2.6900000000         1.3378393285         0.0279224584        -0.0056514226
        1.7454290000         2.6900000000         1.3378393285         0.0279224584        -0.0056514226
        1.7504045000         2.6900000000         1.3352870017         0.0253705810        -0.0721387468
        1.7554223000         2.6900000000         1.3429439823         0.0355780908         0.1273232259
        1.7604081000         2.6900000000         1.3352870017         0.0279224584        -0.0721387468
        1.7653972000         2.6900000000         1.3352870017         0.0253705810        -0.0721387468
        1.7703874000         2.6900000000         1.3429439823         0.0330262134         0.1273232259
        1.7754163000         2.6900000000         1.3454963091         0.0330262134         0.1938105501
        1.7804327000         2.6900000000         1.3352870017         0.0279224584        -0.0721387468
        1.7854363000         2.6900000000         1.3352870017         0.0202668261        -0.0721387468
        1.7904302000         2.6900000000         1.3454963091         0.0330262134         0.1938105501
        1.7954606000         2.6900000000         1.3403916554         0.0279224584         0.0608359017
        1.8004014000         2.6900000000         1.3301823480         0.0202668261        -0.2051133952
        1.8054226000         2.6900000000         1.3352870017         0.0253705810        -0.0721387468
        1.8104444000         2.6900000000         1.3378393285         0.0253705810        -0.0056514226
        1.8154009000         2.6900000000         1.3378393285         0.0253705810        -0.0056514226
        1.8204367000         2.6900000000         1.3352870017         0.0253705810        -0.0721387468
        1.8254121000         2.6900000000         1.3454963091         0.0330262134         0.1938105501
        1.8304206000         2.6900000000         1.3454963091         0.0330262134         0.1938105501
        1.8354126000         2.6900000000         1.3378393285         0.0253705810        -0.0056514226
        1.8404318000         2.6900000000         1.3301823480         0.0202668261        -0.2051133952
        1.8454630000         2.6900000000         1.3454963091         0.0330262134         0.1938105501
        1.8504293000         2.6900000000         1.3327346748         0.0228187035        -0.1386260710
        1.8553878000         2.6900000000         1.3250776943         0.0253705810        -0.3380880437
        1.8604366000         2.6900000000         1.3327346748         0.0228187035        -0.1386260710
        1.8654145000         2.6900000000         1.3327346748         0.0202668261        -0.1386260710
        1.8704074000         2.6900000000         1.3429439823         0.0355780908         0.1273232259
        1.8753874000         2.6900000000         1.3301823480         0.0228187035        -0.2051133952
        1.8804074000         2.6900000000         1.3352870017         0.0279224584        -0.0721387468
        1.8853886000         2.6900000000         1.3327346748         0.0202668261        -0.1386260710
        1.8904493000         2.6900000000         1.3378393285         0.0279224584        -0.0056514226
        1.8953977000         2.6900000000         1.3429439823         0.0355780908         0.1273232259
        1.9004147000         2.6900000000         1.3352870017         0.0253705810        -0.0721387468
        1.9053881000         2.6900000000         1.3352870017         0.0253705810        -0.0721387468
        1.9103987000         2.6900000000         1.3378393285         0.0253705810        -0.0056514226
        1.9154227000         2.6900000000         1.3301823480         0.0202668261        -0.2051133952
        1.9204116000         2.6900000000         1.3378393285         0.0279224584        -0.0056514226
        1.9254238000         2.6900000000         1.3454963091         0.0330262134         0.1938105501
        1.9304045000         2.6900000000         1.3454963091         0.0355780908         0.1938105501
        1.9353954000         2.6900000000         1.3378393285         0.0253705810        -0.0056514226
        1.9405202000         2.6900000000         1.3429439823         0.0330262134         0.1273232259
        1.9453993000         2.6900000000         1.3378393285         0.0304743359        -0.0056514226
        1.9504342000         2.6900000000         1.3327346748         0.0228187035        -0.1386260710
        1.9554180000         2.6900000000         1.3454963091         0.0330262134         0.1938105501
        1.9604710000         2.6900000000         1.3301823480         0.0228187035        -0.2051133952
        1.9654298000         2.6900000000         1.3301823480         0.0228187035        -0.2051133952
        1.9704316000         2.6900000000         1.3378393285         0.0253705810        -0.0056514226
        1.9754169000         2.6900000000         1.3327346748         0.0228187035        -0.1386260710
        1.9804455000         2.6900000000         1.3429439823         0.0330262134         0.1273232259
        1.9854264000         2.6900000000         1.3378393285         0.0202668261        -0.0056514226
        1.9904752000         2.6900000000         1.3352870017         0.0330262134        -0.0721387468
        1.9954106000         2.6900000000         1.3352870017         0.0228187035        -0.0721387468
        2.0005291000         2.6900000000         1.3429439823         0.0253705810         0.1273232259
        2.0054259000         2.6900000000         1.3301823480         0.0202668261        -0.2051133952
        2.0108351000         2.6900000000         1.3378393285         0.0253705810        -0.0056514226
        2.0154093000         2.6900000000         1.3429439823         0.0355780908         0.1273232259
        2.0205062000         2.6900000000         1.3327346748         0.0202668261        -0.1386260710
        2.0254803000         2.6900000000         1.3378393285         0.0279224584        -0.0056514226
        2.0305027000         2.6900000000         1.3378393285         0.0253705810        -0.0056514226
        2.0353978000         2.6900000000         1.3378393285         0.0279224584        -0.0056514226
        2.0403872000         2.6900000000         1.3454963091         0.0330262134         0.1938105501
        2.0454046000         2.6900000000         1.3531532897         0.0253705810         0.3932725228
        2.0504378000         2.6900000000         1.3301823480         0.0202668261        -0.2051133952
        2.0554068000         2.6900000000         1.3327346748         0.0228187035        -0.1386260710
        2.0603818000         2.6900000000         1.3352870017         0.0279224584        -0.0721387468
        2.0654309000         2.6900000000         1.3378393285         0.0279224584        -0.0056514226
        2.0703940000         2.6900000000         1.3378393285         0.0253705810        -0.0056514226
        2.0754046000         2.6900000000         1.3378393285         0.0253705810        -0.0056514226
        2.0804295000         2.6900000000         1.3352870017         0.0279224584        -0.0721387468
        2.0854411000         2.6900000000         1.3454963091         0.0330262134         0.1938105501
        2.0904470000         2.6900000000         1.3378393285         0.0279224584        -0.0056514226
        2.0954628000         2.6900000000         1.3378393285         0.0253705810        -0.0056514226
        2.1003797000         2.6900000000         1.3327346748         0.0228187035        -0.1386260710
        2.1053963000         2.6900000000         1.3301823480         0.0202668261        -0.2051133952
        2.1103728000         2.6900000000         1.3378393285         0.0279224584        -0.0056514226
        2.1154495000         2.6900000000         1.3352870017         0.0279224584        -0.0721387468
        2.1204344000         2.6900000000         1.3378393285         0.0253705810        -0.0056514226
        2.1253983000         2.6900000000         1.3352870017         0.0279224584        -0.0721387468
        2.1303888000         2.6900000000         1.3429439823         0.0330262134         0.1273232259
        2.1354347000         2.6900000000         1.3352870017         0.0279224584        -0.0721387468
        2.1403903000         2.6900000000         1.3378393285         0.0279224584        -0.0056514226
        2.1453899000         2.6900000000         1.3378393285         0.0253705810        -0.0056514226
        2.1504464000         2.6900000000         1.3378393285         0.0279224584        -0.0056514226
        2.1554327000         2.6900000000         1.3327346748         0.0202668261        -0.1386260710
        2.1603799000         2.6900000000         1.3378393285         0.0279224584        -0.0056514226
        2.1654078000         2.6900000000         1.3352870017         0.0279224584        -0.0721387468
        2.1704124000         2.6900000000         1.3454963091         0.0330262134         0.1938105501
        2.1754076000         2.6900000000         1.3454963091         0.0330262134         0.1938105501
        2.1804271000         2.6900000000         1.3429439823         0.0330262134         0.1273232259
        2.1854787000         2.6900000000         1.3403916554         0.0279224584         0.0608359017
        2.1904711000         2.6900000000         1.3352870017         0.0279224584        -0.0721387468
        2.1953986000         2.6900000000         1.3301823480         0.0202668261        -0.2051133952
        2.2004379000         2.6900000000         1.3378393285         0.0253705810        -0.0056514226
        2.2053839000         2.6900000000         1.3378393285         0.0279224584        -0.0056514226
        2.2104132000         2.6900000000         1.3301823480         0.0202668261        -0.2051133952
        2.2154504000         2.6900000000         1.3378393285         0.0279224584        -0.0056514226
        2.2203891000         2.6900000000         1.3378393285         0.0279224584        -0.0056514226
        2.2254118000         2.6900000000         1.3327346748         0.0177149486        -0.1386260710
        2.2304264000         2.6900000000         1.3327346748         0.0228187035        -0.1386260710
        2.2354287000         2.6900000000         1.3429439823         0.0330262134         0.1273232259
        2.2404777000         2.6900000000         1.3327346748         0.0202668261        -0.1386260710
        2.2454434000         2.6900000000         1.3352870017         0.0279224584        -0.0721387468
        2.2504220000         2.6900000000         1.3327346748         0.0228187035        -0.1386260710
        2.2555585000         2.6900000000         1.3429439823         0.0330262134         0.1273232259
        2.2604031000         2.6900000000         1.3327346748         0.0228187035        -0.1386260710
        2.2653998000         2.6900000000         1.3327346748         0.0228187035        -0.1386260710
        2.2704273000         2.6900000000         1.3352870017         0.0253705810        -0.0721387468
        2.2754185000         2.6900000000         1.3352870017         0.0279224584        -0.0721387468
        2.2804349000         2.6900000000         1.3301823480         0.0228187035        -0.2051133952
        2.2854283000         2.6900000000         1.3429439823         0.0330262134         0.1273232259
        2.2903759000         2.6900000000         1.3378393285         0.0253705810        -0.0056514226
        2.2954245000         2.6900000000         1.3378393285         0.0279224584        -0.0056514226
        2.3003801000         2.6900000000         1.3352870017         0.0253705810        -0.0721387468
        2.3055347000         2.6900000000         1.3327346748         0.0228187035        -0.1386260710
        2.3104923000         2.6900000000         1.3429439823         0.0330262134         0.1273232259
        2.3154334000         2.6900000000         1.3352870017         0.0253705810        -0.0721387468
        2.3204154000         2.6900000000         1.3301823480         0.0202668261        -0.2051133952
        2.3254356000         2.6900000000         1.3352870017         0.0279224584        -0.0721387468
        2.3303815000         2.6900000000         1.3429439823         0.0330262134         0.1273232259
        2.3354144000         2.6900000000         1.3378393285         0.0279224584        -0.0056514226
        2.3404143000         2.6900000000         1.3352870017         0.0253705810        -0.0721387468
        2.3454271000         2.6900000000         1.3352870017         0.0279224584        -0.0721387468
        2.3504105000         2.6900000000         1.3480486360         0.0279224584         0.2602978743
        2.3554329000         2.6900000000         1.3429439823         0.0330262134         0.1273232259
        2.3605163000         2.6900000000         1.3378393285         0.0279224584        -0.0056514226
        2.3654298000         2.6900000000         1.3378393285         0.0253705810        -0.0056514226
        2.3704189000         2.6900000000         1.3327346748         0.0228187035        -0.1386260710
        2.3753897000         2.6900000000         1.3327346748         0.0202668261        -0.1386260710
        2.3804048000         2.6900000000         1.3352870017         0.0253705810        -0.0721387468
        2.3854032000         2.6900000000         1.3429439823         0.0330262134         0.1273232259
        2.3904244000         2.6900000000         1.3454963091         0.0330262134         0.1938105501
        2.3954486000         2.6900000000         1.3352870017         0.0279224584        -0.0721387468
        2.4003802000         2.6900000000         1.3352870017         0.0279224584        -0.0721387468
        2.4054330000         2.6900000000         1.3378393285         0.0253705810        -0.0056514226
        2.4104323000         2.6900000000         1.3301823480         0.0202668261        -0.2051133952
        2.4154058000         2.6900000000         1.3429439823         0.0330262134         0.1273232259
        2.4204283000         2.6900000000         1.3429439823         0.0355780908         0.1273232259
        2.4254530000         2.6900000000         1.3327346748         0.0228187035        -0.1386260710
        2.4304169000         2.6900000000         1.3429439823         0.0330262134         0.1273232259
        2.4354058000         2.6900000000         1.3429439823         0.0330262134         0.1273232259
        2.4404479000         2.6900000000         1.3454963091         0.0355780908         0.1938105501
        2.4454290000         2.6900000000         1.3327346748         0.0202668261        -0.1386260710
        2.4504194000         2.6900000000         1.3378393285         0.0253705810        -0.0056514226
        2.4554203000         2.6900000000         1.3378393285         0.0253705810        -0.0056514226
        2.4603997000         2.6900000000         1.3378393285         0.0279224584        -0.0056514226
        2.4654495000         2.6900000000         1.3429439823         0.0330262134         0.1273232259
        2.4704202000         2.6900000000         1.3429439823         0.0330262134         0.1273232259
        2.4754104000         2.6900000000         1.3327346748         0.0228187035        -0.1386260710
        2.4804278000         2.6900000000         1.3429439823         0.0330262134         0.1273232259
        2.4854025000         2.6900000000         1.3378393285         0.0253705810        -0.0056514226
        2.4904252000         2.6900000000         1.3429439823         0.0355780908         0.1273232259
        2.4955352000         2.6900000000         1.3378393285         0.0304743359        -0.0056514226
        2.5003951000         2.6900000000         1.3454963091         0.0330262134         0.1938105501
        2.5054476000         2.6900000000         1.3454963091         0.0355780908         0.1938105501
        2.5103961000         2.6900000000         1.3378393285         0.0253705810        -0.0056514226
        2.5153928000         2.6900000000         1.3378393285         0.0279224584        -0.0056514226
        2.5203891000         2.6900000000         1.3352870017         0.0279224584        -0.0721387468
        2.5255061000         2.6900000000         1.3352870017         0.0279224584        -0.0721387468
        2.5303892000         2.6900000000         1.3378393285         0.0279224584        -0.0056514226
        2.5353941000         2.6900000000         1.3378393285         0.0253705810        -0.0056514226
        2.5404201000         2.6900000000         1.3429439823         0.0355780908         0.1273232259
        2.5458437000         2.6900000000         1.3352870017         0.0279224584        -0.0721387468
        2.5504231000         2.6900000000         1.3454963091         0.0304743359         0.1938105501
        2.5554773000         2.6900000000         1.3378393285         0.0279224584        -0.0056514226
        2.5604043000         2.6900000000         1.3429439823         0.0355780908         0.1273232259
        2.5655542000         2.6900000000         1.3378393285         0.0279224584        -0.0056514226
        2.5704043000         2.6900000000         1.3429439823         0.0330262134         0.1273232259
        2.5754141000         2.6900000000         1.3378393285         0.0253705810        -0.0056514226
        2.5803905000         2.6900000000         1.3327346748         0.0202668261        -0.1386260710
        2.5853804000         2.6900000000         1.3429439823         0.0355780908         0.1273232259
        2.5904603000         2.6900000000         1.3352870017         0.0279224584        -0.0721387468
        2.5954164000         2.6900000000         1.3403916554         0.0279224584         0.0608359017
        2.6003849000         2.6900000000         1.3327346748         0.0202668261        -0.1386260710
        2.6054455000         2.6900000000         1.3301823480         0.0202668261        -0.2051133952
        2.6104186000         2.6900000000         1.3378393285         0.0279224584        -0.0056514226
        2.6153891000         2.6900000000         1.3429439823         0.0330262134         0.1273232259
        2.6204543000         2.6900000000         1.3378393285         0.0253705810        -0.0056514226
        2.6255189000         2.6900000000         1.3429439823         0.0355780908         0.1273232259
        2.6304011000         2.6900000000         1.3352870017         0.0279224584        -0.0721387468
        2.6353890000         2.6900000000         1.3352870017         0.0279224584        -0.0721387468
        2.6404001000         2.6900000000         1.3454963091         0.0330262134         0.1938105501
        2.6454263000         2.6900000000         1.3403916554         0.0355780908         0.0608359017
        2.6504006000         2.6900000000         1.3327346748         0.0228187035        -0.1386260710
        2.6553892000         2.6900000000         1.3352870017         0.0279224584        -0.0721387468
        2.6603904000         2.6900000000         1.3429439823         0.0355780908         0.1273232259
        2.6653801000         2.6900000000         1.3403916554         0.0330262134         0.0608359017
        2.6704088000         2.6900000000         1.3327346748         0.0228187035        -0.1386260710
        2.6754252000         2.6900000000         1.3429439823         0.0330262134         0.1273232259
        2.6804356000         2.6900000000         1.3582579434         0.0355780908         0.5262471713
        2.6854478000         2.6900000000         1.3378393285         0.0279224584        -0.0056514226
        2.6904472000         2.6900000000         1.3301823480         0.0228187035        -0.2051133952
        2.6954183000         2.6900000000         1.3327346748         0.0202668261        -0.1386260710
        2.7003734000         2.6900000000         1.3301823480         0.0228187035        -0.2051133952
        2.7054129000         2.6900000000         1.3352870017         0.0279224584        -0.0721387468
        2.7104775000         2.6900000000         1.3378393285         0.0279224584        -0.0056514226
        2.7154509000         2.6900000000         1.3327346748         0.0228187035        -0.1386260710
        2.7204593000         2.6900000000         1.3250776943         0.0253705810        -0.3380880437
        2.7253725000         2.6900000000         1.3378393285         0.0279224584        -0.0056514226
        2.7304542000         2.6900000000         1.3429439823         0.0355780908         0.1273232259
        2.7354148000         2.6900000000         1.3429439823         0.0330262134         0.1273232259
        2.7404285000         2.6900000000         1.3352870017         0.0253705810        -0.0721387468
        2.7454309000         2.6900000000         1.3301823480         0.0228187035        -0.2051133952
        2.7504441000         2.6900000000         1.3327346748         0.0202668261        -0.1386260710
        2.7554185000         2.6900000000         1.3454963091         0.0202668261         0.1938105501
        2.7604855000         2.6900000000         1.3429439823         0.0330262134         0.1273232259
        2.7653831000         2.6900000000         1.3378393285         0.0279224584        -0.0056514226
        2.7704266000         2.6900000000         1.3429439823         0.0355780908         0.1273232259
        2.7753826000         2.6900000000         1.3429439823         0.0330262134         0.1273232259
        2.7804502000         2.6900000000         1.3301823480         0.0177149486        -0.2051133952
        2.7854564000         2.6900000000         1.3352870017         0.0279224584        -0.0721387468
        2.7903910000         2.6900000000         1.3454963091         0.0355780908         0.1938105501
        2.7954326000         2.6900000000         1.3378393285         0.0279224584        -0.0056514226
        2.8004698000         2.6900000000         1.3352870017         0.0279224584        -0.0721387468
        2.8053893000         2.6900000000         1.3378393285         0.0279224584        -0.0056514226
        2.8103847000         2.6900000000         1.3378393285         0.0253705810        -0.0056514226
        2.8153812000         2.6900000000         1.3403916554         0.0253705810         0.0608359017
        2.8203899000         2.6900000000         1.3454963091         0.0330262134         0.1938105501
        2.8254173000         2.6900000000         1.3378393285         0.0279224584        -0.0056514226
        2.8304107000         2.6900000000         1.3378393285         0.0253705810        -0.0056514226
        2.8353899000         2.6900000000         1.3301823480         0.0228187035        -0.2051133952
        2.8403948000         2.6900000000         1.3301823480         0.0202668261        -0.2051133952
        2.8453901000         2.6900000000         1.3327346748         0.0228187035        -0.1386260710
        2.8504534000         2.6900000000         1.3378393285         0.0253705810        -0.0056514226
        2.8554615000         2.6900000000         1.3327346748         0.0228187035        -0.1386260710
        2.8604027000         2.6900000000         1.3352870017         0.0253705810        -0.0721387468
        2.8654311000         2.6900000000         1.3429439823         0.0355780908         0.1273232259
        2.8704140000         2.6900000000         1.3429439823         0.0330262134         0.1273232259
        2.8754235000         2.6900000000         1.3352870017         0.0279224584        -0.0721387468
        2.8803816000         2.6900000000         1.3352870017         0.0279224584        -0.0721387468
        2.8854299000         2.6900000000         1.3378393285         0.0279224584        -0.0056514226
        2.8904137000         2.6900000000         1.3327346748         0.0228187035        -0.1386260710
        2.8954672000         2.6900000000         1.3429439823         0.0304743359         0.1273232259
        2.9004152000         2.6900000000         1.3301823480         0.0228187035        -0.2051133952
        2.9054100000         2.6900000000         1.3429439823         0.0330262134         0.1273232259
        2.9104507000         2.6900000000         1.3378393285         0.0253705810        -0.0056514226
        2.9154360000         2.6900000000         1.3403916554         0.0330262134         0.0608359017
        2.9204200000         2.6900000000         1.3378393285         0.0279224584        -0.0056514226
        2.9253997000         2.6900000000         1.3403916554         0.0330262134         0.0608359017
        2.9304193000         2.6900000000         1.3378393285         0.0279224584        -0.0056514226
        2.9354002000         2.6900000000         1.3378393285         0.0330262134        -0.0056514226
        2.9418091000         2.6900000000         1.3327346748         0.0202668261        -0.1386260710
        2.9456649000         2.6900000000         1.3327346748         0.0228187035        -0.1386260710
        2.9503972000         2.6900000000         1.3378393285         0.0279224584        -0.0056514226
        2.9554268000         2.6900000000         1.3327346748         0.0202668261        -0.1386260710
        2.9603990000         2.6900000000         1.3327346748         0.0228187035        -0.1386260710
        2.9654400000         2.6900000000         1.3378393285         0.0253705810        -0.0056514226
        2.9704079000         2.6900000000         1.3327346748         0.0177149486        -0.1386260710
        2.9754340000         2.6900000000         1.3454963091         0.0330262134         0.1938105501
        2.9804829000         2.6900000000         1.3327346748         0.0177149486        -0.1386260710
        2.9854303000         2.6900000000         1.3327346748         0.0228187035        -0.1386260710
        2.9904010000         2.6900000000         1.3301823480         0.0202668261        -0.2051133952
        2.9954506000         2.6900000000         1.3327346748         0.0228187035        -0.1386260710
        3.0003809000         2.6900000000         1.3378393285         0.0279224584        -0.0056514226
        3.0054143000         2.6900000000         1.3327346748         0.0228187035        -0.1386260710
        3.0104289000         2.6900000000         1.3352870017         0.0279224584        -0.0721387468
        3.0154161000         2.6900000000         1.3378393285         0.0279224584        -0.0056514226
        3.0203825000         2.6900000000         1.3429439823         0.0330262134         0.1273232259
        3.0255095000         2.6900000000         1.3378393285         0.0253705810        -0.0056514226
        3.0304214000         2.6900000000         1.3352870017         0.0279224584        -0.0721387468
        3.0354173000         2.6900000000         1.3327346748         0.0202668261        -0.1386260710
        3.0404162000         2.6900000000         1.3352870017         0.0279224584        -0.0721387468
        3.0454515000         2.6900000000         1.3429439823         0.0330262134         0.1273232259
        3.0503842000         2.6900000000         1.3429439823         0.0355780908         0.1273232259
        3.0554114000         2.6900000000         1.3352870017         0.0279224584        -0.0721387468
        3.0603799000         2.6900000000         1.3276300211         0.0279224584        -0.2716007195
        3.0654251000         2.6900000000         1.3352870017         0.0177149486        -0.0721387468
        3.0704103000         2.6900000000         1.3378393285         0.0279224584        -0.0056514226
        3.0756296000         2.6900000000         1.3301823480         0.0228187035        -0.2051133952
        3.0804915000         2.6900000000         1.3378393285         0.0304743359        -0.0056514226
        3.0855297000         2.6900000000         1.3327346748         0.0202668261        -0.1386260710
        3.0905414000         2.6900000000         1.3378393285         0.0279224584        -0.0056514226
        3.0955612000         2.6900000000         1.3301823480         0.0202668261        -0.2051133952
        3.1004420000         2.6900000000         1.3301823480         0.0202668261        -0.2051133952
        3.1055998000         2.6900000000         1.3352870017         0.0304743359        -0.0721387468
        3.1104449000         2.6900000000         1.3352870017         0.0279224584        -0.0721387468
        3.1156178000         2.6900000000         1.3378393285         0.0253705810        -0.0056514226
        3.1204396000         2.6900000000         1.3352870017         0.0279224584        -0.0721387468
        3.1254861000         2.6900000000         1.3327346748         0.0228187035        -0.1386260710
        3.1304431000         2.6900000000         1.3301823480         0.0228187035        -0.2051133952
        3.1354273000         2.6900000000         1.3378393285         0.0279224584        -0.0056514226
        3.1405398000         2.6900000000         1.3480486360         0.0279224584         0.2602978743
        3.1454616000         2.6900000000         1.3378393285         0.0253705810        -0.0056514226
        3.1504297000         2.6900000000         1.3403916554         0.0304743359         0.0608359017
        3.1554516000         2.6900000000         1.3403916554         0.0355780908         0.0608359017
        3.1605775000         2.6900000000         1.3454963091         0.0330262134         0.1938105501
        3.1654576000         2.6900000000         1.3378393285         0.0279224584        -0.0056514226
        3.1704398000         2.6900000000         1.3378393285         0.0279224584        -0.0056514226
        3.1754580000         2.6900000000         1.3429439823         0.0355780908         0.1273232259
        3.1804919000         2.6900000000         1.3327346748         0.0202668261        -0.1386260710
        3.1854512000         2.6900000000         1.3378393285         0.0279224584        -0.0056514226
        3.1904447000         2.6900000000         1.3429439823         0.0330262134         0.1273232259
        3.1954471000         2.6900000000         1.3429439823         0.0355780908         0.1273232259
        3.2004517000         2.6900000000         1.3429439823         0.0304743359         0.1273232259
        3.2055264000         2.6900000000         1.3378393285         0.0279224584        -0.0056514226
        3.2106079000         2.6900000000         1.3429439823         0.0330262134         0.1273232259
        3.2155297000         2.6900000000         1.3378393285         0.0279224584        -0.0056514226
        3.2204528000         2.6900000000         1.3429439823         0.0279224584         0.1273232259
        3.2254390000         2.6900000000         1.3301823480         0.0202668261        -0.2051133952
        3.2304415000         2.6900000000         1.3327346748         0.0228187035        -0.1386260710
        3.2354246000         2.6900000000         1.3378393285         0.0253705810        -0.0056514226
        3.2404559000         2.6900000000         1.3301823480         0.0228187035        -0.2051133952
        3.2454216000         2.6900000000         1.3429439823         0.0330262134         0.1273232259
        3.2505078000         2.6900000000         1.3276300211         0.0228187035        -0.2716007195
        3.2554055000         2.6900000000         1.3352870017         0.0253705810        -0.0721387468
        3.2605060000         2.6900000000         1.3327346748         0.0202668261        -0.1386260710
        3.2654654000         2.6900000000         1.3378393285         0.0253705810        -0.0056514226
        3.2704506000         2.6900000000         1.3327346748         0.0202668261        -0.1386260710
        3.2754268000         2.6900000000         1.3352870017         0.0202668261        -0.0721387468
        3.2804358000         2.6900000000         1.3403916554         0.0253705810         0.0608359017
        3.2854148000         2.6900000000         1.3378393285         0.0279224584        -0.0056514226
        3.2904686000         2.6900000000         1.3429439823         0.0330262134         0.1273232259
        3.2953908000         2.6900000000         1.3352870017         0.0253705810        -0.0721387468
        3.3005274000         2.6900000000         1.3378393285         0.0253705810        -0.0056514226
        3.3054472000         2.6900000000         1.3378393285         0.0253705810        -0.0056514226
        3.3103860000         2.6900000000         1.3352870017         0.0279224584        -0.0721387468
        3.3154208000         2.6900000000         1.3378393285         0.0279224584        -0.0056514226
        3.3205974000         2.6900000000         1.3378393285         0.0279224584        -0.0056514226
        3.3254609000         2.6900000000         1.3378393285         0.0279224584        -0.0056514226
        3.3303991000         2.6900000000         1.3327346748         0.0202668261        -0.1386260710
        3.3354124000         2.6900000000         1.3301823480         0.0228187035        -0.2051133952
        3.3405535000         2.6900000000         1.3352870017         0.0253705810        -0.0721387468
        3.3454987000         2.6900000000         1.3301823480         0.0202668261        -0.2051133952
        3.3505197000         2.6900000000         1.3378393285         0.0279224584        -0.0056514226
        3.3554683000         2.6900000000         1.3352870017         0.0202668261        -0.0721387468
        3.3604577000         2.6900000000         1.3403916554         0.0279224584         0.0608359017
        3.3654050000         2.6900000000         1.3429439823         0.0304743359         0.1273232259
        3.3704359000         2.6900000000         1.3352870017         0.0279224584        -0.0721387468
        3.3753820000         2.6900000000         1.3429439823         0.0330262134         0.1273232259
        3.3803804000         2.6900000000         1.3352870017         0.0279224584        -0.0721387468
        3.3853907000         2.6900000000         1.3327346748         0.0228187035        -0.1386260710
        3.3904118000         2.6900000000         1.3327346748         0.0202668261        -0.1386260710
        3.3954055000         2.6900000000         1.3454963091         0.0330262134         0.1938105501
        3.4004193000         2.6900000000         1.3301823480         0.0228187035        -0.2051133952
        3.4054168000         2.6900000000         1.3378393285         0.0279224584        -0.0056514226
        3.4104114000         2.6900000000         1.3403916554         0.0253705810         0.0608359017
        3.4153870000         2.6900000000         1.3429439823         0.0330262134         0.1273232259
        3.4203803000         2.6900000000         1.3403916554         0.0279224584         0.0608359017
        3.4253860000         2.6900000000         1.3454963091         0.0330262134         0.1938105501
        3.4304174000         2.6900000000         1.3429439823         0.0355780908         0.1273232259
        3.4354088000         2.6900000000         1.3352870017         0.0202668261        -0.0721387468
        3.4404141000         2.6900000000         1.3301823480         0.0202668261        -0.2051133952
        3.4454064000         2.6900000000         1.3378393285         0.0253705810        -0.0056514226
        3.4503904000         2.6900000000         1.3378393285         0.0279224584        -0.0056514226
        3.4554415000         2.6900000000         1.3352870017         0.0279224584        -0.0721387468
        3.4603913000         2.6900000000         1.3378393285         0.0279224584        -0.0056514226
        3.4654125000         2.6900000000         1.3352870017         0.0279224584        -0.0721387468
        3.4704176000         2.6900000000         1.3429439823         0.0304743359         0.1273232259
        3.4754350000         2.6900000000         1.3378393285         0.0253705810        -0.0056514226
        3.4804118000         2.6900000000         1.3301823480         0.0202668261        -0.2051133952
        3.4854284000         2.6900000000         1.3429439823         0.0330262134         0.1273232259
        3.4904275000         2.6900000000         1.3250776943         0.0279224584        -0.3380880437
        3.4954855000         2.6900000000         1.3301823480         0.0202668261        -0.2051133952
        3.5003910000         2.6900000000         1.3352870017         0.0202668261        -0.0721387468
        3.5054358000         2.6900000000         1.3429439823         0.0330262134         0.1273232259
        3.5104585000         2.6900000000         1.3429439823         0.0355780908         0.1273232259
        3.5154919000         2.6900000000         1.3352870017         0.0279224584        -0.0721387468
        3.5204193000         2.6900000000         1.3378393285         0.0253705810        -0.0056514226
        3.5254917000         2.6900000000         1.3327346748         0.0253705810        -0.1386260710
        3.5303991000         2.6900000000         1.3429439823         0.0355780908         0.1273232259
        3.5354312000         2.6900000000         1.3378393285         0.0279224584        -0.0056514226
        3.5403903000         2.6900000000         1.3352870017         0.0253705810        -0.0721387468
        3.5454603000         2.6900000000         1.3301823480         0.0202668261        -0.2051133952
        3.5503800000         2.6900000000         1.3327346748         0.0202668261        -0.1386260710
        3.5554151000         2.6900000000         1.3301823480         0.0202668261        -0.2051133952
        3.5604190000         2.6900000000         1.3378393285         0.0279224584        -0.0056514226
        3.5654574000         2.6900000000         1.3352870017         0.0253705810        -0.0721387468
        3.5704210000         2.6900000000         1.3506009628         0.0279224584         0.3267851986
        3.5754514000         2.6900000000         1.3301823480         0.0228187035        -0.2051133952
        3.5804073000         2.6900000000         1.3378393285         0.0279224584        -0.0056514226
        3.5855636000         2.6900000000         1.3352870017         0.0279224584        -0.0721387468
        3.5904493000         2.6900000000         1.3429439823         0.0330262134         0.1273232259
        3.5954557000         2.6900000000         1.3454963091         0.0330262134         0.1938105501
        3.6004543000         2.6900000000         1.3352870017         0.0202668261        -0.0721387468
        3.6054489000         2.6900000000         1.3276300211         0.0228187035        -0.2716007195
        3.6104125000         2.6900000000         1.3301823480         0.0228187035        -0.2051133952
        3.6154195000         2.6900000000         1.3378393285         0.0279224584        -0.0056514226
        3.6204153000         2.6900000000         1.3429439823         0.0355780908         0.1273232259
        3.6254503000         2.6900000000         1.3352870017         0.0279224584        -0.0721387468
        3.6304534000         2.6900000000         1.3327346748         0.0202668261        -0.1386260710
        3.6354077000         2.6900000000         1.3480486360         0.0202668261         0.2602978743
        3.6404104000         2.6900000000         1.3403916554         0.0253705810         0.0608359017
        3.6454020000         2.6900000000         1.3327346748         0.0228187035        -0.1386260710
        3.6504248000         2.6900000000         1.3378393285         0.0279224584        -0.0056514226
        3.6554683000         2.6900000000         1.3378393285         0.0253705810        -0.0056514226
        3.6604302000         2.6900000000         1.3352870017         0.0279224584        -0.0721387468
        3.6654708000         2.6900000000         1.3352870017         0.0253705810        -0.0721387468
        3.6704299000         2.6900000000         1.3403916554         0.0279224584         0.0608359017
        3.6754681000         2.6900000000         1.3378393285         0.0279224584        -0.0056514226
        3.6803983000         2.6900000000         1.3352870017         0.0253705810        -0.0721387468
        3.6855016000         2.6900000000         1.3327346748         0.0228187035        -0.1386260710
        3.6904280000         2.6900000000         1.3429439823         0.0330262134         0.1273232259
        3.6954357000         2.6900000000         1.3352870017         0.0304743359        -0.0721387468
        3.7003999000         2.6900000000         1.3327346748         0.0228187035        -0.1386260710
        3.7053953000         2.6900000000         1.3301823480         0.0202668261        -0.2051133952
        3.7104269000         2.6900000000         1.3352870017         0.0202668261        -0.0721387468
        3.7153881000         2.6900000000         1.3352870017         0.0253705810        -0.0721387468
        3.7204333000         2.6900000000         1.3301823480         0.0228187035        -0.2051133952
        3.7254812000         2.6900000000         1.3301823480         0.0228187035        -0.2051133952
        3.7304244000         2.6900000000         1.3429439823         0.0355780908         0.1273232259
        3.7354195000         2.6900000000         1.3454963091         0.0330262134         0.1938105501
        3.7404023000         2.6900000000         1.3378393285         0.0355780908        -0.0056514226
        3.7454281000         2.6900000000         1.3352870017         0.0279224584        -0.0721387468
        3.7504645000         2.6900000000         1.3352870017         0.0253705810        -0.0721387468
        3.7554791000         2.6900000000         1.3352870017         0.0279224584        -0.0721387468
        3.7604967000         2.6900000000         1.3454963091         0.0355780908         0.1938105501
        3.7654995000         2.6900000000         1.3403916554         0.0279224584         0.0608359017
        3.7704047000         2.6900000000         1.3352870017         0.0253705810        -0.0721387468
        3.7753907000         2.6900000000         1.3352870017         0.0202668261        -0.0721387468
        3.7804056000         2.6900000000         1.3378393285         0.0279224584        -0.0056514226
        3.7853908000         2.6900000000         1.3378393285         0.0279224584        -0.0056514226
        3.7904808000         2.6900000000         1.3403916554         0.0330262134         0.0608359017
        3.7955651000         2.6900000000         1.3352870017         0.0279224584        -0.0721387468
        3.8004833000         2.6900000000         1.3378393285         0.0279224584        -0.0056514226
        3.8055566000         2.6900000000         1.3429439823         0.0330262134         0.1273232259
        3.8104986000         2.6900000000         1.3352870017         0.0279224584        -0.0721387468
        3.8154095000         2.6900000000         1.3378393285         0.0279224584        -0.0056514226
        3.8204409000         2.6900000000         1.3403916554         0.0253705810         0.0608359017
        3.8255280000         2.6900000000         1.3378393285         0.0279224584        -0.0056514226
        3.8306929000         2.6900000000         1.3352870017         0.0304743359        -0.0721387468
        3.8357013000         2.6900000000         1.3378393285         0.0253705810        -0.0056514226
        3.8405551000         2.6900000000         1.3301823480         0.0228187035        -0.2051133952
        3.8455161000         2.6900000000         1.3378393285         0.0279224584        -0.0056514226
        3.8505574000         2.6900000000         1.3327346748         0.0202668261        -0.1386260710
        3.8555884000         2.6900000000         1.3454963091         0.0253705810         0.1938105501
        3.8605686000         2.6900000000         1.3429439823         0.0330262134         0.1273232259
        3.8655593000         2.6900000000         1.3352870017         0.0279224584        -0.0721387468
        3.8705579000         2.6900000000         1.3429439823         0.0330262134         0.1273232259
        3.8755530000         2.6900000000         1.3429439823         0.0330262134         0.1273232259
        3.8805135000         2.6900000000         1.3352870017         0.0279224584        -0.0721387468
        3.8855648000         2.6900000000         1.3378393285         0.0279224584        -0.0056514226
        3.8905876000         2.6900000000         1.3327346748         0.0228187035        -0.1386260710
        3.8955614000         2.6900000000         1.3352870017         0.0253705810        -0.0721387468
        3.9004114000         2.6900000000         1.3378393285         0.0279224584        -0.0056514226
        3.9054302000         2.6900000000         1.3378393285         0.0304743359        -0.0056514226
        3.9104184000         2.6900000000         1.3378393285         0.0253705810        -0.0056514226
        3.9153797000         2.6900000000         1.3454963091         0.0330262134         0.1938105501
        3.9204122000         2.6900000000         1.3327346748         0.0202668261        -0.1386260710
        3.9254279000         2.6900000000         1.3378393285         0.0279224584        -0.0056514226
        3.9303860000         2.6900000000         1.3378393285         0.0253705810        -0.0056514226
        3.9354449000         2.6900000000         1.3352870017         0.0279224584        -0.0721387468
        3.9404021000         2.6900000000         1.3454963091         0.0330262134         0.1938105501
        3.9454209000         2.6900000000         1.3352870017         0.0279224584        -0.0721387468
        3.9504371000         2.6900000000         1.3301823480         0.0202668261        -0.2051133952
        3.9554301000         2.6900000000         1.3352870017         0.0304743359        -0.0721387468
        3.9604358000         2.6900000000         1.3378393285         0.0279224584        -0.0056514226
        3.9654489000         2.6900000000         1.3429439823         0.0355780908         0.1273232259
        3.9704060000         2.6900000000         1.3378393285         0.0279224584        -0.0056514226
        3.9754365000         2.6900000000         1.3352870017         0.0279224584        -0.0721387468
        3.9804496000         2.6900000000         1.3301823480         0.0202668261        -0.2051133952
        3.9854459000         2.6900000000         1.3378393285         0.0279224584        -0.0056514226
        3.9904395000         2.6900000000         1.3327346748         0.0202668261        -0.1386260710
        3.9954391000         2.6900000000         1.3327346748         0.0228187035        -0.1386260710
        4.0006249000         2.6900000000         1.3454963091         0.0330262134         0.1938105501
