% Motor Sweep Step 138/180
% Vcmd       = 1.0500 [V]
% Direction  = CCW
% Zone       = OUTER
% Vg_offset  = 1.336155 [V]
% K_gimbal   = 26.049690 [(rad/s)/V]

Time[s]              Vcmd[V]              Vg_raw[V]            Pot[V]               Omega[rad/s]
        0.0000701000         1.0500000000         1.3352870017         0.4362228519        -0.0226056902
        0.0050091000         1.0500000000         1.3352870017         0.4387747293        -0.0226056902
        0.0100074000         1.0500000000         1.3454963091         0.4413266068         0.2433436067
        0.0150102000         1.0500000000         1.2638218497         0.4285672195        -1.8842507686
        0.0200049000         1.0500000000         1.0596357012         0.4132559548        -7.2032367067
        0.0250074000         1.0500000000         1.1157868920         0.3775296703        -5.7405155737
        0.0300090000         1.0500000000         1.0264554521         0.3494590183        -8.0675719217
        0.0350099000         1.0500000000         1.0060368372         0.3162846113        -8.5994705155
        0.0401427000         1.0500000000         1.0290077789         0.2907658367        -8.0010845974
        0.0450061000         1.0500000000         1.0111414909         0.2550395523        -8.4664958670
        0.0500066000         1.0500000000         0.9294670315         0.2142095129       -10.5940902423
        0.0550101000         1.0500000000         0.9447809927         0.1733794736       -10.1951662969
        0.0600081000         1.0500000000         0.9422286658         0.1376531892       -10.2616536211
        0.0650099000         1.0500000000         0.9473333195         0.0993750273       -10.1286789727
        0.0700037000         1.0500000000         0.9116007435         0.0559931105       -11.0595015119
        0.0750134000         1.0500000000         0.9473333195         0.0177149486       -10.1286789727
        0.0800578000         1.0500000000         0.8503448990         0.0024036839       -12.6551972933
        0.0850097000         1.0500000000         0.8937344555         0.0024036839       -11.5249127815
        0.0900060000         1.0500000000         0.9064960898         1.1124703785       -11.1924761603
        0.0950099000         1.0500000000         0.8707635138         1.1201260109       -12.1232986995
        0.1001951000         1.0500000000         0.8554495527         5.0015316260       -12.5222226449
        0.1050072000         1.0500000000         0.8554495527         4.9989797486       -12.5222226449
        0.1100059000         1.0500000000         0.8375832647         4.9862203613       -12.9876339144
        0.1150063000         1.0500000000         0.8580018795         4.9402865670       -12.4557353206
        0.1200060000         1.0500000000         0.8324786110         4.8841452629       -13.1206085629
        0.1250095000         1.0500000000         0.8248216304         4.8280039588       -13.3200705356
        0.1300051000         1.0500000000         0.8146123230         4.7718626547       -13.5860198325
        0.1350098000         1.0500000000         0.8197169767         4.7182732281       -13.4530451840
        0.1400069000         1.0500000000         0.8197169767         4.6646838015       -13.4530451840
        0.1450096000         1.0500000000         0.8095076693         4.6161981297       -13.7189944809
        0.1503012000         1.0500000000         0.8044030155         4.5600568256       -13.8519691294
        0.1550087000         1.0500000000         0.7992983618         4.5064673990       -13.9849437778
        0.1600117000         1.0500000000         0.8197169767         4.4605336047       -13.4530451840
        0.1650073000         1.0500000000         0.7941937081         4.3967366683       -14.1179184263
        0.1700887000         1.0500000000         0.8018506887         4.3431472416       -13.9184564536
        0.1751507000         1.0500000000         0.7916413813         4.2844540601       -14.1844057505
        0.1800965000         1.0500000000         0.7916413813         4.2257608785       -14.1844057505
        0.1850060000         1.0500000000         0.7890890544         4.1798270842       -14.2508930747
        0.1900062000         1.0500000000         0.7890890544         4.1287895351       -14.2508930747
        0.1950069000         1.0500000000         0.7941937081         4.0752001084       -14.1179184263
        0.2000062000         1.0500000000         0.7661181127         4.0062994170       -14.8492789928
        0.2050094000         1.0500000000         0.7890890544         3.9578137453       -14.2508930747
        0.2100061000         1.0500000000         0.7916413813         3.9093280736       -14.1844057505
        0.2150093000         1.0500000000         0.7686704396         3.8404273822       -14.7827916686
        0.2200057000         1.0500000000         0.7814320738         3.7944935879       -14.4503550474
        0.2250092000         1.0500000000         0.7712227664         3.7460079162       -14.7163043443
        0.2300068000         1.0500000000         0.7737750933         3.6720034699       -14.6498170201
        0.2350104000         1.0500000000         0.7661181127         3.6286215531       -14.8492789928
        0.2400078000         1.0500000000         0.7814320738         3.5699283715       -14.4503550474
        0.2450092000         1.0500000000         0.7788797470         3.5163389449       -14.5168423717
        0.2500057000         1.0500000000         0.7533564784         3.4499901310       -15.1817156139
        0.2550088000         1.0500000000         0.7610134590         3.3964007043       -14.9822536412
        0.2600065000         1.0500000000         0.7661181127         3.3402594002       -14.8492789928
        0.2650097000         1.0500000000         0.7533564784         3.2739105863       -15.1817156139
        0.2700027000         1.0500000000         0.7533564784         3.2254249146       -15.1817156139
        0.2750112000         1.0500000000         0.7559088053         3.1667317330       -15.1152282897
        0.2800270000         1.0500000000         0.7405948441         3.1080385515       -15.5141522351
        0.2850104000         1.0500000000         0.7686704396         3.0570010023       -14.7827916686
        0.2900064000         1.0500000000         0.7354901904         2.9932040658       -15.6471268835
        0.2950046000         1.0500000000         0.7482518247         2.9345108842       -15.3146902624
        0.3000041000         1.0500000000         0.7303855367         2.8809214576       -15.7801015320
        0.3050119000         1.0500000000         0.7456994979         2.8120207662       -15.3811775866
        0.3100101000         1.0500000000         0.7533564784         2.7558794621       -15.1817156139
        0.3150057000         1.0500000000         0.7354901904         2.6971862806       -15.6471268835
        0.3200027000         1.0500000000         0.7201762293         2.6359412215       -16.0460508289
        0.3250113000         1.0500000000         0.7405948441         2.5797999174       -15.5141522351
        0.3300099000         1.0500000000         0.7329378636         2.5160029810       -15.7136142077
        0.3350087000         1.0500000000         0.7482518247         2.4649654318       -15.3146902624
        0.3400108000         1.0500000000         0.7303855367         2.3960647404       -15.7801015320
        0.3450082000         1.0500000000         0.7456994979         2.3399234363       -15.3811775866
        0.3500100000         1.0500000000         0.7150715756         2.2812302547       -16.1790254773
        0.3550073000         1.0500000000         0.7278332099         2.2123295633       -15.8465888562
        0.3600074000         1.0500000000         0.7303855367         2.1561882593       -15.7801015320
        0.3650106000         1.0500000000         0.7150715756         2.0949432002       -16.1790254773
        0.3700034000         1.0500000000         0.7354901904         2.0388018961       -15.6471268835
        0.3750110000         1.0500000000         0.7252808830         1.9750049597       -15.9130761804
        0.3800100000         1.0500000000         0.7329378636         1.9137599006       -15.7136142077
        0.3850053000         1.0500000000         0.7150715756         1.8474110867       -16.1790254773
        0.3900055000         1.0500000000         0.7252808830         1.7912697826       -15.9130761804
        0.3950076000         1.0500000000         0.7201762293         1.7325766011       -16.0460508289
        0.4000102000         1.0500000000         0.7227285561         1.6738834195       -15.9795635046
        0.4050105000         1.0500000000         0.7125192487         1.6100864830       -16.2455128015
        0.4100099000         1.0500000000         0.7303855367         1.5590489338       -15.7801015320
        0.4150048000         1.0500000000         0.7125192487         1.4901482425       -16.2455128015
        0.4200096000         1.0500000000         0.7176239024         1.4237994285       -16.1125381531
        0.4250067000         1.0500000000         0.7099669219         1.3778656343       -16.3120001258
        0.4300101000         1.0500000000         0.7303855367         1.3140686978       -15.7801015320
        0.4350063000         1.0500000000         0.6921006339         1.2451680064       -16.7774113954
        0.4400109000         1.0500000000         0.7278332099         1.1864748248       -15.8465888562
        0.4450052000         1.0500000000         0.7125192487         1.1277816433       -16.2455128015
        0.4500095000         1.0500000000         0.7303855367         1.0614328293       -15.7801015320
        0.4550072000         1.0500000000         0.7023099413         1.0052915252       -16.5114620985
        0.4600093000         1.0500000000         0.7099669219         0.9287352015       -16.3120001258
        0.4650064000         1.0500000000         0.7150715756         0.8776976523       -16.1790254773
        0.4700102000         1.0500000000         0.7227285561         0.8062450834       -15.9795635046
        0.4750053000         1.0500000000         0.6921006339         0.7398962695       -16.7774113954
        0.4800096000         1.0500000000         0.7227285561         0.6863068429       -15.9795635046
        0.4850117000         1.0500000000         0.7125192487         0.6250617838       -16.2455128015
        0.4900074000         1.0500000000         0.7201762293         0.5459535826       -16.0460508289
        0.4950067000         1.0500000000         0.7150715756         0.4923641560       -16.1790254773
        0.5000132000         1.0500000000         0.7048622681         0.4285672195       -16.4449747742
        0.5050592000         1.0500000000         0.7303855367         0.3698740379       -15.7801015320
        0.5100078000         1.0500000000         0.7150715756         0.2933177142       -16.1790254773
        0.5150059000         1.0500000000         0.7227285561         0.2346245326       -15.9795635046
        0.5200099000         1.0500000000         0.6972052876         0.1606200863       -16.6444367469
        0.5250092000         1.0500000000         0.7303855367         0.1044787822       -15.7801015320
        0.5300083000         1.0500000000         0.6972052876         0.0330262134       -16.6444367469
        0.5350080000         1.0500000000         0.7099669219        -0.0052519485       -16.3120001258
        0.5400064000         1.0500000000         0.6946529607         0.0024036839       -16.7109240711
        0.5450073000         1.0500000000         0.7176239024         1.1175741334       -16.1125381531
        0.5500071000         1.0500000000         0.7023099413         4.9989797486       -16.5114620985
        0.5551886000         1.0500000000         0.7176239024         5.0040835035       -16.1125381531
        0.5600091000         1.0500000000         0.7099669219         4.9658053416       -16.3120001258
        0.5650114000         1.0500000000         0.7227285561         4.8994565277       -15.9795635046
        0.5700102000         1.0500000000         0.6972052876         4.8356595912       -16.6444367469
        0.5750058000         1.0500000000         0.7176239024         4.7744145322       -16.1125381531
        0.5800106000         1.0500000000         0.7125192487         4.7080657183       -16.2455128015
        0.5850093000         1.0500000000         0.7099669219         4.6340612719       -16.3120001258
        0.5900077000         1.0500000000         0.7227285561         4.5779199678       -15.9795635046
        0.5950103000         1.0500000000         0.7048622681         4.5064673990       -16.4449747742
        0.6000318000         1.0500000000         0.7074145950         4.4452223400       -16.3784874500
        0.6050349000         1.0500000000         0.7074145950         4.3712178937       -16.3784874500
        0.6100100000         1.0500000000         0.7023099413         4.3099728347       -16.5114620985
        0.6150138000         1.0500000000         0.6997576144         4.2461758982       -16.5779494227
        0.6200220000         1.0500000000         0.7125192487         4.1900345941       -16.2455128015
        0.6250142000         1.0500000000         0.7099669219         4.1287895351       -16.3120001258
        0.6300375000         1.0500000000         0.7201762293         4.0700963535       -16.0460508289
        0.6350090000         1.0500000000         0.6869959802         3.9935400297       -16.9103860438
        0.6400096000         1.0500000000         0.7023099413         3.9322949707       -16.5114620985
        0.6450075000         1.0500000000         0.7176239024         3.8838092990       -16.1125381531
        0.6500097000         1.0500000000         0.7023099413         3.8098048527       -16.5114620985
        0.6550078000         1.0500000000         0.7099669219         3.7587673035       -16.3120001258
        0.6600098000         1.0500000000         0.7125192487         3.6873147347       -16.2455128015
        0.6650058000         1.0500000000         0.7048622681         3.6235177982       -16.4449747742
        0.6700097000         1.0500000000         0.6972052876         3.5546171068       -16.6444367469
        0.6750066000         1.0500000000         0.7074145950         3.5061314351       -16.3784874500
        0.6800103000         1.0500000000         0.6997576144         3.4295751113       -16.5779494227
        0.6850078000         1.0500000000         0.7023099413         3.3734338072       -16.5114620985
        0.6900097000         1.0500000000         0.6972052876         3.3096368707       -16.6444367469
        0.6950068000         1.0500000000         0.6972052876         3.2432880568       -16.6444367469
        0.7000101000         1.0500000000         0.7074145950         3.1896986301       -16.3784874500
        0.7050108000         1.0500000000         0.6818913264         3.1182460613       -17.0433606923
        0.7100096000         1.0500000000         0.7074145950         3.0570010023       -16.3784874500
        0.7150336000         1.0500000000         0.7099669219         2.9906521883       -16.3120001258
        0.7200133000         1.0500000000         0.6997576144         2.9294071293       -16.5779494227
        0.7250070000         1.0500000000         0.6818913264         2.8656101929       -17.0433606923
        0.7300110000         1.0500000000         0.7023099413         2.8018132564       -16.5114620985
        0.7350133000         1.0500000000         0.7099669219         2.7456719523       -16.3120001258
        0.7400134000         1.0500000000         0.6946529607         2.6742193834       -16.7109240711
        0.7450092000         1.0500000000         0.7023099413         2.6206299568       -16.5114620985
        0.7500098000         1.0500000000         0.6997576144         2.5491773879       -16.5779494227
        0.7781973000         1.0500000000         0.7048622681         2.1995701761       -16.4449747742
        0.7788108000         1.0500000000         0.6972052876         2.1868107888       -16.6444367469
        0.7795427000         1.0500000000         0.7074145950         2.1766032789       -16.3784874500
        0.7803226000         1.0500000000         0.6946529607         2.1689476465       -16.7109240711
        0.7808532000         1.0500000000         0.6921006339         2.1536363818       -16.7774113954
        0.7813733000         1.0500000000         0.7023099413         2.1561882593       -16.5114620985
        0.7850611000         1.0500000000         0.6844436533         2.0974950777       -16.9768733680
        0.7900116000         1.0500000000         0.7023099413         2.0464575285       -16.5114620985
        0.7950108000         1.0500000000         0.6921006339         1.9750049597       -16.7774113954
        0.8000281000         1.0500000000         0.6997576144         1.9163117781       -16.5779494227
        0.8050109000         1.0500000000         0.7023099413         1.8474110867       -16.5114620985
        0.8100104000         1.0500000000         0.6972052876         1.7912697826       -16.6444367469
        0.8150098000         1.0500000000         0.6921006339         1.7300247236       -16.7774113954
        0.8200077000         1.0500000000         0.6946529607         1.6687796646       -16.7109240711
        0.8250097000         1.0500000000         0.6818913264         1.6024308506       -17.0433606923
        0.8300070000         1.0500000000         0.7023099413         1.5360820367       -16.5114620985
        0.8350099000         1.0500000000         0.6869959802         1.4748369777       -16.9103860438
        0.8400102000         1.0500000000         0.6972052876         1.4161437961       -16.6444367469
        0.8450095000         1.0500000000         0.6767866727         1.3421393498       -17.1763353407
        0.8500066000         1.0500000000         0.7023099413         1.2834461683       -16.5114620985
        0.8550048000         1.0500000000         0.6818913264         1.2170973543       -17.0433606923
        0.8600079000         1.0500000000         0.7023099413         1.1558522953       -16.5114620985
        0.8650050000         1.0500000000         0.6921006339         1.0997109912       -16.7774113954
        0.8700276000         1.0500000000         0.7023099413         1.0410178097       -16.5114620985
        0.8750034000         1.0500000000         0.6946529607         0.9721171183       -16.7109240711
        0.8800064000         1.0500000000         0.6946529607         0.9134239367       -16.7109240711
        0.8850021000         1.0500000000         0.7048622681         0.8394194904       -16.4449747742
        0.8900068000         1.0500000000         0.6895483070         0.7705187990       -16.8438987196
        0.8950100000         1.0500000000         0.6972052876         0.7016181076       -16.6444367469
        0.9000107000         1.0500000000         0.6818913264         0.6480286810       -17.0433606923
        0.9050107000         1.0500000000         0.7048622681         0.5714723572       -16.4449747742
        0.9100062000         1.0500000000         0.6997576144         0.5204348080       -16.5779494227
        0.9150098000         1.0500000000         0.6895483070         0.4438784843       -16.8438987196
        0.9200069000         1.0500000000         0.7074145950         0.3800815478       -16.3784874500
        0.9250086000         1.0500000000         0.6997576144         0.3188364888       -16.5779494227
        0.9300059000         1.0500000000         0.6972052876         0.2473839199       -16.6444367469
        0.9350098000         1.0500000000         0.6869959802         0.1759313511       -16.9103860438
        0.9400055000         1.0500000000         0.7074145950         0.1172381695       -16.3784874500
        0.9450100000         1.0500000000         0.6844436533         0.0381299683       -16.9768733680
        0.9500061000         1.0500000000         0.7074145950         0.0024036839       -16.3784874500
        0.9550102000         1.0500000000         0.6895483070        -0.0001481936       -16.8438987196
        0.9600059000         1.0500000000         0.7074145950         1.1175741334       -16.3784874500
        0.9650092000         1.0500000000         0.6946529607         5.0066353810       -16.7109240711
        0.9700080000         1.0500000000         0.6921006339         5.0066353810       -16.7774113954
        0.9750107000         1.0500000000         0.7048622681         4.9632534642       -16.4449747742
        0.9800052000         1.0500000000         0.6921006339         4.8918008953       -16.7774113954
        0.9850094000         1.0500000000         0.7074145950         4.8356595912       -16.3784874500
        0.9900054000         1.0500000000         0.6997576144         4.7642070224       -16.5779494227
        0.9950093000         1.0500000000         0.6972052876         4.6953063310       -16.6444367469
        1.0000059000         1.0500000000         0.6997576144         4.6340612719       -16.5779494227
        1.0050087000         1.0500000000         0.7048622681         4.5677124580       -16.4449747742
        1.0100062000         1.0500000000         0.6946529607         4.4937080117       -16.7109240711
        1.0150100000         1.0500000000         0.7023099413         4.4299110752       -16.5114620985
        1.0200065000         1.0500000000         0.6844436533         4.3584585064       -16.9768733680
        1.0250092000         1.0500000000         0.6972052876         4.2997653248       -16.6444367469
        1.0300066000         1.0500000000         0.6997576144         4.2410721433       -16.5779494227
        1.0350092000         1.0500000000         0.7074145950         4.1772752068       -16.3784874500
        1.0400068000         1.0500000000         0.6946529607         4.1083745154       -16.7109240711
        1.0450095000         1.0500000000         0.7048622681         4.0445775789       -16.4449747742
        1.0500071000         1.0500000000         0.6818913264         3.9858843974       -17.0433606923
        1.0550083000         1.0500000000         0.7150715756         3.9144318285       -16.1790254773
        1.0600055000         1.0500000000         0.6972052876         3.8557386469       -16.6444367469
        1.0650093000         1.0500000000         0.6997576144         3.7919417105       -16.5779494227
        1.0700080000         1.0500000000         0.6895483070         3.7255928965       -16.8438987196
        1.0750060000         1.0500000000         0.6921006339         3.6566922051       -16.7774113954
        1.0800031000         1.0500000000         0.6921006339         3.5903433912       -16.7774113954
        1.0850103000         1.0500000000         0.6921006339         3.5316502097       -16.7774113954
        1.0900060000         1.0500000000         0.7023099413         3.4755089056       -16.5114620985
        1.0950038000         1.0500000000         0.6869959802         3.4040563367       -16.9103860438
        1.1000184000         1.0500000000         0.6895483070         3.3326037679       -16.8438987196
        1.1050044000         1.0500000000         0.6997576144         3.2815662187       -16.5779494227
        1.1100049000         1.0500000000         0.7099669219         3.2228730371       -16.3120001258
        1.1150054000         1.0500000000         0.6997576144         3.1590761006       -16.5779494227
        1.1200026000         1.0500000000         0.6895483070         3.0850716543       -16.8438987196
        1.1250080000         1.0500000000         0.7023099413         3.0263784728       -16.5114620985
        1.1300045000         1.0500000000         0.6946529607         2.9600296588       -16.7109240711
        1.1350103000         1.0500000000         0.6844436533         2.8936808449       -16.9768733680
        1.1400308000         1.0500000000         0.7074145950         2.8400914183       -16.3784874500
        1.1450134000         1.0500000000         0.6844436533         2.7711907269       -16.9768733680
        1.1500795000         1.0500000000         0.6972052876         2.6997381580       -16.6444367469
        1.1550064000         1.0500000000         0.7023099413         2.6512524863       -16.5114620985
        1.1600452000         1.0500000000         0.6972052876         2.5823517949       -16.6444367469
        1.1650054000         1.0500000000         0.6946529607         2.5211067359       -16.7109240711
        1.1700100000         1.0500000000         0.6997576144         2.4547579220       -16.5779494227
        1.1750086000         1.0500000000         0.6869959802         2.3858572306       -16.9103860438
        1.1800045000         1.0500000000         0.7048622681         2.3348196814       -16.4449747742
        1.1850038000         1.0500000000         0.6869959802         2.2608152351       -16.9103860438
        1.1900054000         1.0500000000         0.6972052876         2.1944664211       -16.6444367469
        1.1950071000         1.0500000000         0.6972052876         2.1332213621       -16.6444367469
        1.2000028000         1.0500000000         0.6921006339         2.0745281806       -16.7774113954
        1.2050056000         1.0500000000         0.6972052876         2.0056274892       -16.6444367469
        1.2100030000         1.0500000000         0.6895483070         1.9469343076       -16.8438987196
        1.2150060000         1.0500000000         0.6972052876         1.8831373711       -16.6444367469
        1.2200101000         1.0500000000         0.6946529607         1.8167885572       -16.7109240711
        1.2250049000         1.0500000000         0.6997576144         1.7580953756       -16.5779494227
        1.2300097000         1.0500000000         0.6869959802         1.6968503166       -16.9103860438
        1.2350066000         1.0500000000         0.6921006339         1.6330533802       -16.7774113954
        1.2400066000         1.0500000000         0.6972052876         1.5718083211       -16.6444367469
        1.2450102000         1.0500000000         0.6972052876         1.5054595072       -16.6444367469
        1.2500097000         1.0500000000         0.6997576144         1.4442144482       -16.5779494227
        1.2550104000         1.0500000000         0.6844436533         1.3727618793       -16.9768733680
        1.2600101000         1.0500000000         0.6972052876         1.3217243302       -16.6444367469
        1.2650064000         1.0500000000         0.6869959802         1.2604792711       -16.9103860438
        1.2700097000         1.0500000000         0.7099669219         1.1966823347       -16.3120001258
        1.2750066000         1.0500000000         0.6921006339         1.1252297658       -16.7774113954
        1.2800096000         1.0500000000         0.6921006339         1.0639847068       -16.7774113954
        1.2850110000         1.0500000000         0.6895483070         0.9899802605       -16.8438987196
        1.2900102000         1.0500000000         0.6895483070         0.9312870789       -16.8438987196
        1.2950065000         1.0500000000         0.6997576144         0.8725938974       -16.5779494227
        1.3000094000         1.0500000000         0.6895483070         0.7934856961       -16.8438987196
        1.3050065000         1.0500000000         0.6869959802         0.7322406371       -16.9103860438
        1.3100053000         1.0500000000         0.6972052876         0.6684437007       -16.6444367469
        1.3150077000         1.0500000000         0.6972052876         0.6046467642       -16.6444367469
        1.3200103000         1.0500000000         0.6844436533         0.5357460728       -16.9768733680
        1.3250061000         1.0500000000         0.6844436533         0.4668453814       -16.9768733680
        1.3300132000         1.0500000000         0.6921006339         0.4030484449       -16.7774113954
        1.3350108000         1.0500000000         0.6895483070         0.3418033859       -16.8438987196
        1.3400091000         1.0500000000         0.7048622681         0.2780064494       -16.4449747742
        1.3450086000         1.0500000000         0.6972052876         0.2065538806       -16.6444367469
        1.3500124000         1.0500000000         0.6972052876         0.1453088216       -16.6444367469
        1.3550061000         1.0500000000         0.7023099413         0.0764081302       -16.5114620985
        1.3600055000         1.0500000000         0.7023099413         0.0126111937       -16.5114620985
        1.3650048000         1.0500000000         0.7023099413         0.0024036839       -16.5114620985
        1.3700105000         1.0500000000         0.6844436533         1.0971591138       -16.9768733680
        1.3750037000         1.0500000000         0.7023099413         4.9964278711       -16.5114620985
        1.3800052000         1.0500000000         0.6946529607         5.0117391359       -16.7109240711
        1.3850098000         1.0500000000         0.6895483070         4.9836684838       -16.8438987196
        1.3900131000         1.0500000000         0.6869959802         4.9173196699       -16.9103860438
        1.3950053000         1.0500000000         0.6921006339         4.8611783658       -16.7774113954
        1.4000100000         1.0500000000         0.7023099413         4.7820701646       -16.5114620985
        1.4050077000         1.0500000000         0.6895483070         4.7259288605       -16.8438987196
        1.4100117000         1.0500000000         0.7074145950         4.6595800465       -16.3784874500
        1.4150060000         1.0500000000         0.6793389996         4.5830237228       -17.1098480165
        1.4200129000         1.0500000000         0.7099669219         4.5268824187       -16.3120001258
        1.4250064000         1.0500000000         0.6921006339         4.4579817273       -16.7774113954
        1.4300097000         1.0500000000         0.7099669219         4.3839772810       -16.3120001258
        1.4350054000         1.0500000000         0.6869959802         4.3201803445       -16.9103860438
        1.4400145000         1.0500000000         0.6946529607         4.2589352855       -16.7109240711
        1.4450052000         1.0500000000         0.6844436533         4.1925864715       -16.9768733680
        1.4500100000         1.0500000000         0.7048622681         4.1415489224       -16.4449747742
        1.4550114000         1.0500000000         0.7023099413         4.0675444760       -16.5114620985
        1.4600099000         1.0500000000         0.7023099413         4.0088512945       -16.5114620985
        1.4650112000         1.0500000000         0.6921006339         3.9373987256       -16.7774113954
        1.4700180000         1.0500000000         0.7074145950         3.8863611765       -16.3784874500
        1.4750523000         1.0500000000         0.6997576144         3.8174604851       -16.5779494227
        1.4800101000         1.0500000000         0.6946529607         3.7536635486       -16.7109240711
        1.4850095000         1.0500000000         0.6946529607         3.6873147347       -16.7109240711
        1.4900089000         1.0500000000         0.6997576144         3.6184140433       -16.5779494227
        1.4950058000         1.0500000000         0.7023099413         3.5673764941       -16.5114620985
        1.5000093000         1.0500000000         0.6997576144         3.5010276801       -16.5779494227
        1.5054456000         1.0500000000         0.6895483070         3.4193676015       -16.8438987196
        1.5100066000         1.0500000000         0.6997576144         3.3836413170       -16.5779494227
        1.5150105000         1.0500000000         0.6869959802         3.3019812383       -16.9103860438
        1.5200064000         1.0500000000         0.7023099413         3.2509436892       -16.5114620985
        1.5250087000         1.0500000000         0.7125192487         3.1896986301       -16.2455128015
        1.5300068000         1.0500000000         0.6767866727         3.1233498162       -17.1763353407
        1.5350094000         1.0500000000         0.6946529607         3.0518972474       -16.7109240711
        1.5400067000         1.0500000000         0.6818913264         2.9855484334       -17.0433606923
        1.5450097000         1.0500000000         0.7023099413         2.9243033744       -16.5114620985
        1.5500094000         1.0500000000         0.6793389996         2.8579545605       -17.1098480165
        1.5550085000         1.0500000000         0.7023099413         2.8069170113       -16.5114620985
        1.5600064000         1.0500000000         0.6972052876         2.7354644424       -16.6444367469
        1.5650093000         1.0500000000         0.6844436533         2.6665637511       -16.9768733680
        1.5700058000         1.0500000000         0.6869959802         2.6104224470       -16.9103860438
        1.5750102000         1.0500000000         0.6972052876         2.5466255105       -16.6444367469
        1.5800071000         1.0500000000         0.7023099413         2.4879323289       -16.5114620985
        1.5850093000         1.0500000000         0.6946529607         2.4164797601       -16.7109240711
        1.5900072000         1.0500000000         0.6946529607         2.3577865785       -16.7109240711
        1.5950084000         1.0500000000         0.6895483070         2.2863340097       -16.8438987196
        1.6000062000         1.0500000000         0.6921006339         2.2250889506       -16.7774113954
        1.6050067000         1.0500000000         0.6946529607         2.1638438916       -16.7109240711
        1.6100062000         1.0500000000         0.7125192487         2.1051507101       -16.2455128015
        1.6150030000         1.0500000000         0.6844436533         2.0285943863       -16.9768733680
        1.6200086000         1.0500000000         0.6818913264         1.9699012047       -17.0433606923
        1.6251756000         1.0500000000         0.6844436533         1.9035523908       -16.9768733680
        1.6300064000         1.0500000000         0.7023099413         1.8423073318       -16.5114620985
        1.6350062000         1.0500000000         0.6972052876         1.7734066404       -16.6444367469
        1.6400084000         1.0500000000         0.6793389996         1.7172653363       -17.1098480165
        1.6451017000         1.0500000000         0.6895483070         1.6534683998       -16.8438987196
        1.6500101000         1.0500000000         0.6793389996         1.5922233408       -17.1098480165
        1.6550090000         1.0500000000         0.6946529607         1.5284264043       -16.7109240711
        1.6600051000         1.0500000000         0.6818913264         1.4671813453       -17.0433606923
        1.6650095000         1.0500000000         0.6997576144         1.3931768990       -16.5779494227
        1.6700060000         1.0500000000         0.6844436533         1.3395874724       -16.9768733680
        1.6750083000         1.0500000000         0.6844436533         1.2706867810       -16.9768733680
        1.6800055000         1.0500000000         0.6869959802         1.2119935994       -16.9103860438
        1.6850191000         1.0500000000         0.6972052876         1.1481966629       -16.6444367469
        1.6900081000         1.0500000000         0.6895483070         1.0741922166       -16.8438987196
        1.6950099000         1.0500000000         0.6793389996         1.0129471576       -17.1098480165
        1.7000070000         1.0500000000         0.6818913264         0.9440464662       -17.0433606923
        1.7050082000         1.0500000000         0.6716820190         0.8725938974       -17.3093099892
        1.7100051000         1.0500000000         0.6972052876         0.8139007158       -16.6444367469
        1.7150095000         1.0500000000         0.6716820190         0.7424481470       -17.3093099892
        1.7200059000         1.0500000000         0.6895483070         0.6786512105       -16.8438987196
        1.7250102000         1.0500000000         0.6895483070         0.6148542740       -16.8438987196
        1.7300057000         1.0500000000         0.6946529607         0.5434017052       -16.7109240711
        1.7350094000         1.0500000000         0.6869959802         0.4898122785       -16.9103860438
        1.7400100000         1.0500000000         0.6895483070         0.4234634646       -16.8438987196
        1.7450093000         1.0500000000         0.6895483070         0.3494590183       -16.8438987196
        1.7500090000         1.0500000000         0.6921006339         0.2882139593       -16.7774113954
        1.7550705000         1.0500000000         0.6818913264         0.2065538806       -17.0433606923
        1.7600074000         1.0500000000         0.6895483070         0.1402050666       -16.8438987196
        1.7650114000         1.0500000000         0.6844436533         0.0764081302       -16.9768733680
        1.7700130000         1.0500000000         0.6767866727         0.0100593162       -17.1763353407
        1.7750106000         1.0500000000         0.6895483070        -0.0027000711       -16.8438987196
        1.7800154000         1.0500000000         0.6716820190         1.1073666236       -17.3093099892
        1.7850096000         1.0500000000         0.7099669219         5.0066353810       -16.3120001258
        1.7900054000         1.0500000000         0.6793389996         5.0015316260       -17.1098480165
        1.7950091000         1.0500000000         0.6921006339         4.9964278711       -16.7774113954
        1.8000072000         1.0500000000         0.6895483070         4.9249753023       -16.8438987196
        1.8050091000         1.0500000000         0.6921006339         4.8586264883       -16.7774113954
        1.8100068000         1.0500000000         0.6921006339         4.7820701646       -16.7774113954
        1.8150074000         1.0500000000         0.6895483070         4.7233769830       -16.8438987196
        1.8200103000         1.0500000000         0.7125192487         4.6570281691       -16.2455128015
        1.8250095000         1.0500000000         0.6895483070         4.5906793551       -16.8438987196
        1.8300098000         1.0500000000         0.6895483070         4.5192267863       -16.8438987196
        1.8350100000         1.0500000000         0.6972052876         4.4528779724       -16.6444367469
        1.8400073000         1.0500000000         0.7023099413         4.3941847908       -16.5114620985
        1.8450099000         1.0500000000         0.6895483070         4.3227322219       -16.8438987196
        1.8500080000         1.0500000000         0.6895483070         4.2589352855       -16.8438987196
        1.8550107000         1.0500000000         0.6793389996         4.1849308392       -17.1098480165
        1.8603134000         1.0500000000         0.6997576144         4.1287895351       -16.5779494227
        1.8650099000         1.0500000000         0.6844436533         4.0573369662       -16.9768733680
        1.8700702000         1.0500000000         0.6946529607         4.0062994170       -16.7109240711
        1.8750071000         1.0500000000         0.6972052876         3.9425024806       -16.6444367469
        1.8800097000         1.0500000000         0.6921006339         3.8710499117       -16.7774113954
        1.8850093000         1.0500000000         0.6767866727         3.8021492203       -17.1763353407
        1.8900052000         1.0500000000         0.6818913264         3.7358004064       -17.0433606923
        1.8950070000         1.0500000000         0.6972052876         3.6847628572       -16.6444367469
        1.9000107000         1.0500000000         0.6946529607         3.6107584109       -16.7109240711
        1.9050087000         1.0500000000         0.6921006339         3.5495133519       -16.7774113954
        1.9100066000         1.0500000000         0.6921006339         3.4857164154       -16.7774113954
        1.9150095000         1.0500000000         0.6844436533         3.4117119691       -16.9768733680
        1.9200060000         1.0500000000         0.6793389996         3.3530187875       -17.1098480165
        1.9250084000         1.0500000000         0.6895483070         3.2943256060       -16.8438987196
        1.9300263000         1.0500000000         0.6921006339         3.2305286695       -16.7774113954
        1.9350098000         1.0500000000         0.6972052876         3.1616279781       -16.6444367469
        1.9400057000         1.0500000000         0.6767866727         3.1054866740       -17.1763353407
        1.9450094000         1.0500000000         0.6844436533         3.0263784728       -16.9768733680
        1.9500060000         1.0500000000         0.6895483070         2.9702371687       -16.8438987196
        1.9550109000         1.0500000000         0.6869959802         2.9038883547       -16.9103860438
        1.9600185000         1.0500000000         0.6793389996         2.8349876633       -17.1098480165
        1.9650055000         1.0500000000         0.6946529607         2.7839501142       -16.7109240711
        1.9700532000         1.0500000000         0.6895483070         2.7048419129       -16.8438987196
        1.9750062000         1.0500000000         0.6793389996         2.6461487314       -17.1098480165
        1.9800075000         1.0500000000         0.6972052876         2.5900074273       -16.6444367469
        1.9850099000         1.0500000000         0.6818913264         2.5160029810       -17.0433606923
        1.9900101000         1.0500000000         0.6997576144         2.4624135543       -16.5779494227
        1.9950061000         1.0500000000         0.6818913264         2.3935128629       -17.0433606923
        2.0000096000         1.0500000000         0.6921006339         2.3271640490       -16.7774113954
        2.0050073000         1.0500000000         0.6716820190         2.2684708674       -17.3093099892
        2.0100100000         1.0500000000         0.6895483070         2.1944664211       -16.8438987196
        2.0150090000         1.0500000000         0.6869959802         2.1306694847       -16.9103860438
        2.0200163000         1.0500000000         0.6869959802         2.0719763031       -16.9103860438
        2.0250063000         1.0500000000         0.7074145950         2.0081793666       -16.3784874500
        2.0300102000         1.0500000000         0.6691296922         1.9316230429       -17.3757973134
        2.0350052000         1.0500000000         0.6921006339         1.8780336162       -16.7774113954
        2.0400106000         1.0500000000         0.6716820190         1.8040291699       -17.3093099892
        2.0450060000         1.0500000000         0.6921006339         1.7529916207       -16.7774113954
        2.0500111000         1.0500000000         0.6895483070         1.6891946843       -16.8438987196
        2.0550106000         1.0500000000         0.6869959802         1.6253977478       -16.9103860438
        2.0600102000         1.0500000000         0.6818913264         1.5488414240       -17.0433606923
        2.0650103000         1.0500000000         0.6538157310         1.4824926101       -17.7747212588
        2.0700128000         1.0500000000         0.6921006339         1.4263513060       -16.7774113954
        2.0750058000         1.0500000000         0.6818913264         1.3625543695       -17.0433606923
        2.0800188000         1.0500000000         0.6972052876         1.3013093105       -16.6444367469
        2.0850063000         1.0500000000         0.6793389996         1.2349604965       -17.1098480165
        2.0900100000         1.0500000000         0.6869959802         1.1635079277       -16.9103860438
        2.0950079000         1.0500000000         0.6742343459         1.0971591138       -17.2428226649
        2.1000103000         1.0500000000         0.6921006339         1.0461215646       -16.7774113954
        2.1050073000         1.0500000000         0.6793389996         0.9721171183       -17.1098480165
        2.1100072000         1.0500000000         0.6793389996         0.9032164269       -17.1098480165
        2.1150080000         1.0500000000         0.6869959802         0.8317638580       -16.9103860438
        2.1200093000         1.0500000000         0.6818913264         0.7756225539       -17.0433606923
        2.1250070000         1.0500000000         0.6818913264         0.7067218625       -17.0433606923
        2.1300100000         1.0500000000         0.6665773653         0.6378211711       -17.4422846376
        2.1350057000         1.0500000000         0.6997576144         0.5714723572       -16.5779494227
        2.1400099000         1.0500000000         0.6716820190         0.5051235433       -17.3093099892
        2.1450048000         1.0500000000         0.6895483070         0.4413266068       -16.8438987196
        2.1501036000         1.0500000000         0.6818913264         0.3673221605       -17.0433606923
        2.1550106000         1.0500000000         0.6921006339         0.3086289789       -16.7774113954
        2.1600100000         1.0500000000         0.6946529607         0.2422801650       -16.7109240711
        2.1650053000         1.0500000000         0.6818913264         0.1580682088       -17.0433606923
        2.1700097000         1.0500000000         0.6921006339         0.1019269048       -16.7774113954
        2.1750050000         1.0500000000         0.6665773653         0.0253705810       -17.4422846376
        2.1800098000         1.0500000000         0.6997576144         0.0024036839       -16.5779494227
        2.1850058000         1.0500000000         0.6844436533         0.0100593162       -16.9768733680
        2.1900086000         1.0500000000         0.6869959802         1.0997109912       -16.9103860438
        2.1950110000         1.0500000000         0.6921006339         5.0066353810       -16.7774113954
        2.2000100000         1.0500000000         0.6844436533         5.0066353810       -16.9768733680
        2.2050065000         1.0500000000         0.6895483070         4.9402865670       -16.8438987196
        2.2100050000         1.0500000000         0.6793389996         4.8764896306       -17.1098480165
        2.2150054000         1.0500000000         0.6818913264         4.8024851842       -17.0433606923
        2.2200040000         1.0500000000         0.6793389996         4.7386882478       -17.1098480165
        2.2250061000         1.0500000000         0.6997576144         4.6723394338       -16.5779494227
        2.2300076000         1.0500000000         0.6921006339         4.6136462523       -16.7774113954
        2.2350045000         1.0500000000         0.6946529607         4.5370899285       -16.7109240711
        2.2400100000         1.0500000000         0.6793389996         4.4732929920       -17.1098480165
        2.2450105000         1.0500000000         0.6818913264         4.3992885457       -17.0433606923
        2.2500039000         1.0500000000         0.6818913264         4.3329397318       -17.0433606923
        2.2550068000         1.0500000000         0.6895483070         4.2793503051       -16.8438987196
        2.2600073000         1.0500000000         0.6869959802         4.2027939814       -16.9103860438
        2.2650113000         1.0500000000         0.6946529607         4.1492045547       -16.7109240711
        2.2700055000         1.0500000000         0.6793389996         4.0803038633       -17.1098480165
        2.2750071000         1.0500000000         0.6921006339         4.0165069269       -16.7774113954
        2.2800028000         1.0500000000         0.6869959802         3.9501581129       -16.9103860438
        2.2850045000         1.0500000000         0.7074145950         3.8940168088       -16.3784874500
        2.2900065000         1.0500000000         0.6793389996         3.8200123625       -17.1098480165
        2.2950053000         1.0500000000         0.6921006339         3.7562154260       -16.7774113954
        2.3000040000         1.0500000000         0.6818913264         3.6898666121       -17.0433606923
        2.3050052000         1.0500000000         0.6972052876         3.6286215531       -16.6444367469
        2.3100028000         1.0500000000         0.6818913264         3.5622727392       -17.0433606923
        2.3150110000         1.0500000000         0.6895483070         3.5010276801       -16.8438987196
        2.3200104000         1.0500000000         0.6818913264         3.4321269888       -17.0433606923
        2.3250067000         1.0500000000         0.7074145950         3.3810894396       -16.3784874500
        2.3300031000         1.0500000000         0.6793389996         3.3070849933       -17.1098480165
        2.3350114000         1.0500000000         0.6895483070         3.2407361793       -16.8438987196
        2.3400071000         1.0500000000         0.7074145950         3.1845948752       -16.3784874500
        2.3450141000         1.0500000000         0.6869959802         3.1156941838       -16.9103860438
        2.3500046000         1.0500000000         0.6997576144         3.0518972474       -16.5779494227
        2.3550060000         1.0500000000         0.6921006339         2.9906521883       -16.7774113954
        2.3600038000         1.0500000000         0.6895483070         2.9243033744       -16.8438987196
        2.3650024000         1.0500000000         0.6818913264         2.8605064379       -17.0433606923
        2.3700066000         1.0500000000         0.6869959802         2.7890538691       -16.9103860438
        2.3750059000         1.0500000000         0.6946529607         2.7303606875       -16.7109240711
        2.3800036000         1.0500000000         0.6921006339         2.6767712609       -16.7774113954
        2.3850023000         1.0500000000         0.6972052876         2.6078705695       -16.6444367469
        2.3900062000         1.0500000000         0.6844436533         2.5364180006       -16.9768733680
        2.3950044000         1.0500000000         0.6921006339         2.4751729416       -16.7774113954
        2.4000049000         1.0500000000         0.6793389996         2.4113760052       -17.1098480165
        2.4050044000         1.0500000000         0.7023099413         2.3475790687       -16.5114620985
        2.4100113000         1.0500000000         0.6895483070         2.2786783773       -16.8438987196
        2.4150038000         1.0500000000         0.6895483070         2.2199851957       -16.8438987196
        2.4200045000         1.0500000000         0.6793389996         2.1485326269       -17.1098480165
        2.4250475000         1.0500000000         0.6742343459         2.0821838129       -17.2428226649
        2.4300059000         1.0500000000         0.6946529607         2.0260425088       -16.7109240711
        2.4350457000         1.0500000000         0.6895483070         1.9673493273       -16.8438987196
        2.4400108000         1.0500000000         0.6869959802         1.8907930035       -16.9103860438
        2.4450099000         1.0500000000         0.6869959802         1.8320998220       -16.9103860438
        2.4500058000         1.0500000000         0.6972052876         1.7810622728       -16.6444367469
        2.4550086000         1.0500000000         0.6818913264         1.7045059490       -17.0433606923
        2.4600054000         1.0500000000         0.7023099413         1.6509165224       -16.5114620985
        2.4650099000         1.0500000000         0.6844436533         1.5820158310       -16.9768733680
        2.4700083000         1.0500000000         0.6997576144         1.5233226494       -16.5779494227
        2.4750096000         1.0500000000         0.6844436533         1.4493182031       -16.9768733680
        2.4800050000         1.0500000000         0.7023099413         1.3957287765       -16.5114620985
        2.4850093000         1.0500000000         0.6844436533         1.3268280851       -16.9768733680
        2.4900086000         1.0500000000         0.6767866727         1.2553755162       -17.1763353407
        2.4950092000         1.0500000000         0.7048622681         1.2043379670       -16.4449747742
        2.5000062000         1.0500000000         0.6793389996         1.1354372756       -17.1098480165
        2.5050087000         1.0500000000         0.6972052876         1.0690884617       -16.6444367469
        2.5100074000         1.0500000000         0.6691296922         0.9976358929       -17.3757973134
        2.5150097000         1.0500000000         0.6921006339         0.9440464662       -16.7774113954
        2.5200051000         1.0500000000         0.6767866727         0.8649382650       -17.1763353407
        2.5250085000         1.0500000000         0.6997576144         0.8036932060       -16.5779494227
        2.5300072000         1.0500000000         0.6793389996         0.7450000244       -17.1098480165
        2.5350094000         1.0500000000         0.6793389996         0.6658918232       -17.1098480165
        2.5400061000         1.0500000000         0.6946529607         0.6046467642       -16.7109240711
        2.5450103000         1.0500000000         0.6921006339         0.5434017052       -16.7774113954
        2.5500558000         1.0500000000         0.6844436533         0.4668453814       -16.9768733680
        2.5550085000         1.0500000000         0.6972052876         0.4132559548       -16.6444367469
        2.5600062000         1.0500000000         0.7023099413         0.3418033859       -16.5114620985
        2.5650094000         1.0500000000         0.6869959802         0.2831102043       -16.9103860438
        2.5700051000         1.0500000000         0.6997576144         0.2091057580       -16.5779494227
        2.5750094000         1.0500000000         0.6793389996         0.1402050666       -17.1098480165
        2.5800051000         1.0500000000         0.6946529607         0.0764081302       -16.7109240711
        2.5850093000         1.0500000000         0.6972052876         0.0100593162       -16.6444367469
        2.5900068000         1.0500000000         0.6844436533        -0.0052519485       -16.9768733680
        2.5950099000         1.0500000000         0.6844436533         1.1048147461       -16.9768733680
        2.6000054000         1.0500000000         0.6946529607         4.9964278711       -16.7109240711
        2.6050099000         1.0500000000         0.6818913264         5.0040835035       -17.0433606923
        2.6100105000         1.0500000000         0.6869959802         4.9862203613       -16.9103860438
        2.6150095000         1.0500000000         0.6946529607         4.9147677924       -16.7109240711
        2.6200097000         1.0500000000         0.6844436533         4.8586264883       -16.9768733680
        2.6250105000         1.0500000000         0.7074145950         4.7820701646       -16.3784874500
        2.6300055000         1.0500000000         0.6767866727         4.7182732281       -17.1763353407
        2.6350092000         1.0500000000         0.6895483070         4.6442687818       -16.8438987196
        2.6400087000         1.0500000000         0.6793389996         4.5830237228       -17.1098480165
        2.6450103000         1.0500000000         0.6972052876         4.5115711539       -16.6444367469
        2.6500051000         1.0500000000         0.6844436533         4.4528779724       -16.9768733680
        2.6550066000         1.0500000000         0.6946529607         4.3839772810       -16.7109240711
        2.6600112000         1.0500000000         0.6844436533         4.3150765896       -16.9768733680
        2.6650104000         1.0500000000         0.6818913264         4.2461758982       -17.0433606923
        2.6700091000         1.0500000000         0.7023099413         4.1900345941       -16.5114620985
        2.6750099000         1.0500000000         0.6818913264         4.1211339027       -17.0433606923
        2.6800054000         1.0500000000         0.6921006339         4.0547850888       -16.7774113954
        2.6850092000         1.0500000000         0.6895483070         4.0062994170       -16.8438987196
        2.6900053000         1.0500000000         0.6921006339         3.9322949707       -16.7774113954
        2.6950100000         1.0500000000         0.6946529607         3.8736017892       -16.7109240711
        2.7000107000         1.0500000000         0.7023099413         3.8123567301       -16.5114620985
        2.7050089000         1.0500000000         0.6818913264         3.7358004064       -17.0433606923
        2.7100105000         1.0500000000         0.6972052876         3.6720034699       -16.6444367469
        2.7150099000         1.0500000000         0.6895483070         3.6056546560       -16.8438987196
        2.7200057000         1.0500000000         0.6818913264         3.5418577195       -17.0433606923
        2.7250104000         1.0500000000         0.6997576144         3.4882682929       -16.5779494227
        2.7300089000         1.0500000000         0.6921006339         3.4168157240       -16.7774113954
        2.7350094000         1.0500000000         0.6921006339         3.3555706650       -16.7774113954
        2.7400062000         1.0500000000         0.6869959802         3.2917737285       -16.9103860438
        2.7450099000         1.0500000000         0.6946529607         3.2279767920       -16.7109240711
        2.7500042000         1.0500000000         0.6844436533         3.1565242232       -16.9768733680
        2.7550098000         1.0500000000         0.6716820190         3.0901754092       -17.3093099892
        2.7602816000         1.0500000000         0.7023099413         3.0340341051       -16.5114620985
        2.7650052000         1.0500000000         0.6921006339         2.9702371687       -16.7774113954
        2.7700040000         1.0500000000         0.6818913264         2.8987845998       -17.0433606923
        2.7750066000         1.0500000000         0.6921006339         2.8477470506       -16.7774113954
        2.7800565000         1.0500000000         0.6793389996         2.7737426043       -17.1098480165
        2.7850096000         1.0500000000         0.6946529607         2.7124975453       -16.7109240711
        2.7900933000         1.0500000000         0.6869959802         2.6487006088       -16.9103860438
        2.7950081000         1.0500000000         0.6921006339         2.5797999174       -16.7774113954
        2.8000128000         1.0500000000         0.6921006339         2.5287623683       -16.7774113954
        2.8050131000         1.0500000000         0.6869959802         2.4522060445       -16.9103860438
        2.8100125000         1.0500000000         0.6818913264         2.3935128629       -17.0433606923
        2.8150108000         1.0500000000         0.6946529607         2.3348196814       -16.7109240711
        2.8202142000         1.0500000000         0.6921006339         2.2582633576       -16.7774113954
        2.8250071000         1.0500000000         0.6818913264         2.2021220535       -17.0433606923
        2.8300097000         1.0500000000         0.6946529607         2.1383251170       -16.7109240711
        2.8350077000         1.0500000000         0.6869959802         2.0770800580       -16.9103860438
        2.8400097000         1.0500000000         0.6869959802         2.0030756117       -16.9103860438
        2.8450091000         1.0500000000         0.6767866727         1.9443824302       -17.1763353407
        2.8500096000         1.0500000000         0.6921006339         1.8805854937       -16.7774113954
        2.8550062000         1.0500000000         0.6895483070         1.8193404347       -16.8438987196
        2.8600098000         1.0500000000         0.6921006339         1.7529916207       -16.7774113954
        2.8650066000         1.0500000000         0.6818913264         1.6866428068       -17.0433606923
        2.8700100000         1.0500000000         0.6869959802         1.6381571351       -16.9103860438
        2.8750094000         1.0500000000         0.6946529607         1.5718083211       -16.7109240711
        2.8800100000         1.0500000000         0.6844436533         1.4952519974       -16.9768733680
        2.8850073000         1.0500000000         0.6997576144         1.4314550609       -16.5779494227
        2.8900102000         1.0500000000         0.6767866727         1.3702100019       -17.1763353407
        2.8950102000         1.0500000000         0.6921006339         1.3089649429       -16.7774113954
        2.9000097000         1.0500000000         0.6793389996         1.2426161289       -17.1098480165
        2.9050065000         1.0500000000         0.6972052876         1.1788191925       -16.6444367469
        2.9100092000         1.0500000000         0.6844436533         1.1150222560       -16.9768733680
        2.9150102000         1.0500000000         0.6921006339         1.0435696871       -16.7774113954
        2.9204368000         1.0500000000         0.6946529607         0.9848765056       -16.7109240711
        2.9250105000         1.0500000000         0.6767866727         0.9210795691       -17.1763353407
        2.9300090000         1.0500000000         0.6997576144         0.8521788777       -16.5779494227
        2.9350101000         1.0500000000         0.6844436533         0.7832781863       -16.9768733680
        2.9400099000         1.0500000000         0.6972052876         0.7296887597       -16.6444367469
        2.9450055000         1.0500000000         0.6793389996         0.6505805584       -17.1098480165
        2.9500094000         1.0500000000         0.6997576144         0.5893354994       -16.5779494227
        2.9550109000         1.0500000000         0.6665773653         0.5229866855       -17.4422846376
        2.9600099000         1.0500000000         0.7074145950         0.4566378716       -16.3784874500
        2.9650052000         1.0500000000         0.6921006339         0.3953928125       -16.7774113954
        2.9700175000         1.0500000000         0.6895483070         0.3239402437       -16.8438987196
        2.9750054000         1.0500000000         0.6946529607         0.2575914298       -16.7109240711
        2.9800199000         1.0500000000         0.6665773653         0.1886907384       -17.4422846376
        2.9850084000         1.0500000000         0.6921006339         0.1274456793       -16.7774113954
        2.9900069000         1.0500000000         0.7023099413         0.0534412330       -16.5114620985
        2.9950096000         1.0500000000         0.7023099413         0.0075074388       -16.5114620985
        3.0000107000         1.0500000000         0.6818913264         0.0024036839       -17.0433606923
        3.0050063000         1.0500000000         0.6946529607         1.1124703785       -16.7109240711
        3.0100100000         1.0500000000         0.6869959802         5.0066353810       -16.9103860438
        3.0150095000         1.0500000000         0.6946529607         5.0091872584       -16.7109240711
        3.0200996000         1.0500000000         0.6895483070         4.9683572191       -16.8438987196
        3.0250055000         1.0500000000         0.6895483070         4.9020084051       -16.8438987196
        3.0300093000         1.0500000000         0.6844436533         4.8280039588       -16.9768733680
        3.0350077000         1.0500000000         0.6946529607         4.7591032674       -16.7109240711
        3.0400098000         1.0500000000         0.6844436533         4.7004100859       -16.9768733680
        3.0450080000         1.0500000000         0.6997576144         4.6417169043       -16.5779494227
        3.0500094000         1.0500000000         0.6742343459         4.5575049482       -17.2428226649
        3.0550068000         1.0500000000         0.6997576144         4.5013636441       -16.5779494227
        3.0600099000         1.0500000000         0.6972052876         4.4299110752       -16.6444367469
        3.0650050000         1.0500000000         0.6895483070         4.3635622613       -16.8438987196
        3.0700117000         1.0500000000         0.6895483070         4.2997653248       -16.8438987196
        3.0750139000         1.0500000000         0.6921006339         4.2410721433       -16.7774113954
        3.0800114000         1.0500000000         0.6895483070         4.1696195744       -16.8438987196
        3.0850062000         1.0500000000         0.6869959802         4.1109263928       -16.9103860438
        3.0900093000         1.0500000000         0.6921006339         4.0343700691       -16.7774113954
        3.0950063000         1.0500000000         0.6818913264         3.9807806424       -17.0433606923
        3.1000110000         1.0500000000         0.6869959802         3.9042243187       -16.9103860438
        3.1050073000         1.0500000000         0.6844436533         3.8480830146       -16.9768733680
        3.1100129000         1.0500000000         0.6895483070         3.7817342006       -16.8438987196
        3.1150063000         1.0500000000         0.6921006339         3.7230410191       -16.7774113954
        3.1200306000         1.0500000000         0.6946529607         3.6541403277       -16.7109240711
        3.1250723000         1.0500000000         0.6895483070         3.5852396363       -16.8438987196
        3.1300100000         1.0500000000         0.6844436533         3.5239945773       -16.9768733680
        3.1350066000         1.0500000000         0.6767866727         3.4576457633       -17.1763353407
        3.1400105000         1.0500000000         0.6921006339         3.4015044592       -16.7774113954
        3.1453183000         1.0500000000         0.6921006339         3.3351556453       -16.7774113954
        3.1500053000         1.0500000000         0.6869959802         3.2688068314       -16.9103860438
        3.1550078000         1.0500000000         0.6946529607         3.2024580174       -16.7109240711
        3.1600095000         1.0500000000         0.6818913264         3.1437648359       -17.0433606923
        3.1654509000         1.0500000000         0.6869959802         3.0697603896       -16.9103860438
        3.1700054000         1.0500000000         0.6869959802         3.0008596982       -16.9103860438
        3.1750124000         1.0500000000         0.6946529607         2.9447183941       -16.7109240711
        3.1800113000         1.0500000000         0.6818913264         2.8809214576       -17.0433606923
        3.1850055000         1.0500000000         0.6946529607         2.8222282761       -16.7109240711
        3.1900100000         1.0500000000         0.6793389996         2.7482238297       -17.1098480165
        3.1950057000         1.0500000000         0.7023099413         2.6920825256       -16.5114620985
        3.2000105000         1.0500000000         0.6895483070         2.6308374666       -16.8438987196
        3.2050065000         1.0500000000         0.6767866727         2.5517292654       -17.1763353407
        3.2100100000         1.0500000000         0.6921006339         2.4955879613       -16.7774113954
        3.2150406000         1.0500000000         0.6844436533         2.4292391474       -16.9768733680
        3.2200368000         1.0500000000         0.6844436533         2.3603384560       -16.9768733680
        3.2250114000         1.0500000000         0.6767866727         2.2965415195       -17.1763353407
        3.2300099000         1.0500000000         0.6869959802         2.2378483379       -16.9103860438
        3.2350099000         1.0500000000         0.6972052876         2.1817070338       -16.6444367469
        3.2400097000         1.0500000000         0.6818913264         2.1051507101       -17.0433606923
        3.2450058000         1.0500000000         0.6844436533         2.0439056511       -16.9768733680
        3.2500156000         1.0500000000         0.6921006339         1.9852124695       -16.7774113954
        3.2550166000         1.0500000000         0.6921006339         1.9188636556       -16.7774113954
        3.2600055000         1.0500000000         0.6946529607         1.8576185965       -16.7109240711
        3.2650097000         1.0500000000         0.6895483070         1.7810622728       -16.8438987196
        3.2700085000         1.0500000000         0.6716820190         1.7223690912       -17.3093099892
        3.2750102000         1.0500000000         0.6921006339         1.6687796646       -16.7774113954
        3.2800066000         1.0500000000         0.6793389996         1.5973270957       -17.1098480165
        3.2850096000         1.0500000000         0.6869959802         1.5284264043       -16.9103860438
        3.2900088000         1.0500000000         0.6869959802         1.4697332228       -16.9103860438
        3.2950072000         1.0500000000         0.6895483070         1.4033844088       -16.8438987196
        3.3000055000         1.0500000000         0.6818913264         1.3421393498       -17.0433606923
        3.3050089000         1.0500000000         0.6921006339         1.2783424134       -16.7774113954
        3.3100066000         1.0500000000         0.6793389996         1.2145454769       -17.1098480165
        3.3150096000         1.0500000000         0.6921006339         1.1481966629       -16.7774113954
        3.3200064000         1.0500000000         0.7023099413         1.0946072363       -16.5114620985
        3.3250093000         1.0500000000         0.6869959802         1.0180509125       -16.9103860438
        3.3300061000         1.0500000000         0.6818913264         0.9568058535       -17.0433606923
        3.3350095000         1.0500000000         0.6844436533         0.8955607945       -16.9768733680
        3.3400085000         1.0500000000         0.7023099413         0.8266601031       -16.5114620985
        3.3450096000         1.0500000000         0.6716820190         0.7603112892       -17.3093099892
        3.3500098000         1.0500000000         0.7176239024         0.7016181076       -16.1125381531
        3.3550109000         1.0500000000         0.6818913264         0.6276136613       -17.0433606923
        3.3600302000         1.0500000000         0.6997576144         0.5612648474       -16.5779494227
        3.3650056000         1.0500000000         0.6742343459         0.4898122785       -17.2428226649
        3.3701821000         1.0500000000         0.7023099413         0.4311190970       -16.5114620985
        3.3750134000         1.0500000000         0.6946529607         0.3622184056       -16.7109240711
        3.3800035000         1.0500000000         0.6844436533         0.2882139593       -16.9768733680
        3.3850049000         1.0500000000         0.6997576144         0.2218651453       -16.5779494227
        3.3900110000         1.0500000000         0.6844436533         0.1606200863       -16.9768733680
        3.3950169000         1.0500000000         0.7099669219         0.0993750273       -16.3120001258
        3.4000065000         1.0500000000         0.6844436533         0.0279224584       -16.9768733680
        3.4050142000         1.0500000000         0.7074145950         0.0024036839       -16.3784874500
        3.4100303000         1.0500000000         0.6793389996         0.0024036839       -17.1098480165
        3.4150100000         1.0500000000         0.7074145950         1.1073666236       -16.3784874500
        3.4200091000         1.0500000000         0.6844436533         5.0015316260       -16.9768733680
        3.4250236000         1.0500000000         0.6972052876         5.0091872584       -16.6444367469
        3.4300060000         1.0500000000         0.6921006339         4.9428384445       -16.7774113954
        3.4350219000         1.0500000000         0.6869959802         4.8713858756       -16.9103860438
        3.4400062000         1.0500000000         0.6921006339         4.8024851842       -16.7774113954
        3.4450094000         1.0500000000         0.6921006339         4.7335844928       -16.7774113954
        3.4500056000         1.0500000000         0.6895483070         4.6697875564       -16.8438987196
        3.4550073000         1.0500000000         0.6818913264         4.6034387424       -17.0433606923
        3.4644651000         1.0500000000         0.6691296922         4.4681892371       -17.3757973134
        3.4650334000         1.0500000000         0.6767866727         4.4707411146       -17.1763353407
        3.4700033000         1.0500000000         0.7023099413         4.4043923006       -16.5114620985
        3.4750097000         1.0500000000         0.6869959802         4.3380434867       -16.9103860438
        3.4800066000         1.0500000000         0.6946529607         4.2767984277       -16.7109240711
        3.4850096000         1.0500000000         0.6793389996         4.2002421039       -17.1098480165
        3.4900318000         1.0500000000         0.6869959802         4.1338932900       -16.9103860438
        3.4950108000         1.0500000000         0.6921006339         4.0777519859       -16.7774113954
        3.5001207000         1.0500000000         0.6869959802         4.0062994170       -16.9103860438
        3.5050093000         1.0500000000         0.6869959802         3.9450543580       -16.9103860438
        3.5100036000         1.0500000000         0.7048622681         3.8889130539       -16.4449747742
        3.5150096000         1.0500000000         0.6946529607         3.8302198724       -16.7109240711
        3.5200968000         1.0500000000         0.6997576144         3.7664229359       -16.5779494227
        3.5250102000         1.0500000000         0.6869959802         3.6847628572       -16.9103860438
        3.5300081000         1.0500000000         0.6921006339         3.6286215531       -16.7774113954
        3.5350094000         1.0500000000         0.7048622681         3.5724802490       -16.4449747742
        3.5400603000         1.0500000000         0.6921006339         3.5035795576       -16.7774113954
        3.5450085000         1.0500000000         0.6818913264         3.4295751113       -17.0433606923
        3.5500106000         1.0500000000         0.6997576144         3.3785375621       -16.5779494227
        3.5550077000         1.0500000000         0.6895483070         3.3096368707       -16.8438987196
        3.5600107000         1.0500000000         0.6869959802         3.2407361793       -16.9103860438
        3.5650056000         1.0500000000         0.6972052876         3.1820429978       -16.6444367469
        3.5700051000         1.0500000000         0.6640250384         3.1131423064       -17.5087719619
        3.5750060000         1.0500000000         0.6921006339         3.0518972474       -16.7774113954
        3.5800099000         1.0500000000         0.6895483070         2.9932040658       -16.8438987196
        3.5850080000         1.0500000000         0.6972052876         2.9166477420       -16.6444367469
        3.5900097000         1.0500000000         0.6793389996         2.8579545605       -17.1098480165
        3.5950105000         1.0500000000         0.6921006339         2.7992613789       -16.7774113954
        3.6000102000         1.0500000000         0.6869959802         2.7278088101       -16.9103860438
        3.6050108000         1.0500000000         0.6793389996         2.6665637511       -17.1098480165
        3.6100099000         1.0500000000         0.6869959802         2.6027668146       -16.9103860438
        3.6150168000         1.0500000000         0.6818913264         2.5415217556       -17.0433606923
        3.6200080000         1.0500000000         0.6895483070         2.4726210642       -16.8438987196
        3.6250067000         1.0500000000         0.6997576144         2.4164797601       -16.5779494227
        3.6300100000         1.0500000000         0.6793389996         2.3475790687       -17.1098480165
        3.6350065000         1.0500000000         0.6869959802         2.2812302547       -16.9103860438
        3.6400110000         1.0500000000         0.6921006339         2.2225370732       -16.7774113954
        3.6450102000         1.0500000000         0.6869959802         2.1459807494       -16.9103860438
        3.6500097000         1.0500000000         0.6869959802         2.0923913228       -16.9103860438
        3.6550069000         1.0500000000         0.7023099413         2.0285943863       -16.5114620985
        3.6600158000         1.0500000000         0.6716820190         1.9596936949       -17.3093099892
        3.6650097000         1.0500000000         0.6869959802         1.8933448810       -16.9103860438
        3.6700136000         1.0500000000         0.6895483070         1.8320998220       -16.8438987196
        3.6750078000         1.0500000000         0.6895483070         1.7683028855       -16.8438987196
        3.6800660000         1.0500000000         0.6793389996         1.7045059490       -17.1098480165
        3.6850109000         1.0500000000         0.6946529607         1.6458127674       -16.7109240711
        3.6900155000         1.0500000000         0.6818913264         1.5743601986       -17.0433606923
        3.6950061000         1.0500000000         0.6742343459         1.5105632621       -17.2428226649
        3.7000195000         1.0500000000         0.6921006339         1.4544219580       -16.7774113954
        3.7050086000         1.0500000000         0.6793389996         1.3906250215       -17.1098480165
        3.7100197000         1.0500000000         0.6972052876         1.3191724527       -16.6444367469
        3.7150055000         1.0500000000         0.6767866727         1.2604792711       -17.1763353407
        3.7200151000         1.0500000000         0.6869959802         1.1839229474       -16.9103860438
        3.7250077000         1.0500000000         0.6640250384         1.1201260109       -17.5087719619
        3.7300194000         1.0500000000         0.6946529607         1.0588809519       -16.7109240711
        3.7350113000         1.0500000000         0.6844436533         0.9925321379       -16.9768733680
        3.7400159000         1.0500000000         0.6742343459         0.9261833240       -17.2428226649
        3.7450111000         1.0500000000         0.6818913264         0.8623863875       -17.0433606923
        3.7500189000         1.0500000000         0.6869959802         0.7985894511       -16.9103860438
        3.7550066000         1.0500000000         0.6793389996         0.7271368822       -17.1098480165
        3.7600098000         1.0500000000         0.6793389996         0.6556843134       -17.1098480165
        3.7650058000         1.0500000000         0.6946529607         0.5969911318       -16.7109240711
        3.7700089000         1.0500000000         0.6895483070         0.5280904404       -16.8438987196
        3.7750083000         1.0500000000         0.6869959802         0.4642935039       -16.9103860438
        3.7800093000         1.0500000000         0.6869959802         0.4030484449       -16.9103860438
        3.7850069000         1.0500000000         0.6869959802         0.3290439986       -16.9103860438
        3.7900091000         1.0500000000         0.6895483070         0.2677989396       -16.8438987196
        3.7950066000         1.0500000000         0.6972052876         0.2014501257       -16.6444367469
        3.8000052000         1.0500000000         0.6742343459         0.1197900470       -17.2428226649
        3.8050089000         1.0500000000         0.6921006339         0.0585449879       -16.7774113954
        3.8100060000         1.0500000000         0.6869959802         0.0024036839       -16.9103860438
        3.8150088000         1.0500000000         0.6793389996         0.0075074388       -17.1098480165
        3.8200073000         1.0500000000         0.6844436533         1.0997109912       -16.9768733680
        3.8250066000         1.0500000000         0.6818913264         4.9989797486       -17.0433606923
        3.8300030000         1.0500000000         0.6818913264         5.0066353810       -17.0433606923
        3.8350077000         1.0500000000         0.6972052876         4.9760128515       -16.6444367469
        3.8400126000         1.0500000000         0.6691296922         4.8918008953       -17.3757973134
        3.8450158000         1.0500000000         0.6921006339         4.8331077137       -16.7774113954
        3.8500189000         1.0500000000         0.6895483070         4.7642070224       -16.8438987196
        3.8550117000         1.0500000000         0.6869959802         4.6953063310       -16.9103860438
        3.8600186000         1.0500000000         0.6818913264         4.6264056396       -17.0433606923
        3.8650122000         1.0500000000         0.6844436533         4.5549530707       -16.9768733680
        3.8700166000         1.0500000000         0.6895483070         4.4988117666       -16.8438987196
        3.8750084000         1.0500000000         0.6997576144         4.4324629527       -16.5779494227
        3.8800074000         1.0500000000         0.6869959802         4.3584585064       -16.9103860438
        3.8850063000         1.0500000000         0.6921006339         4.2946615699       -16.7774113954
        3.8900080000         1.0500000000         0.6921006339         4.2359683883       -16.7774113954
        3.8950091000         1.0500000000         0.7023099413         4.1619639420       -16.5114620985
        3.9000058000         1.0500000000         0.6818913264         4.1032707605       -17.0433606923
        3.9050083000         1.0500000000         0.6946529607         4.0369219465       -16.7109240711
        3.9100097000         1.0500000000         0.6716820190         3.9654693777       -17.3093099892
        3.9153168000         1.0500000000         0.7074145950         3.8991205638       -16.3784874500
        3.9200099000         1.0500000000         0.6997576144         3.8480830146       -16.5779494227
        3.9250131000         1.0500000000         0.6921006339         3.7766304457       -16.7774113954
        3.9300126000         1.0500000000         0.6640250384         3.7077297543       -17.5087719619
        3.9350065000         1.0500000000         0.6946529607         3.6541403277       -16.7109240711
        3.9400125000         1.0500000000         0.6972052876         3.5826877588       -16.6444367469
        3.9450108000         1.0500000000         0.6869959802         3.5188908224       -16.9103860438
        3.9500124000         1.0500000000         0.6921006339         3.4601976408       -16.7774113954
        3.9550075000         1.0500000000         0.6818913264         3.3836413170       -17.0433606923
        3.9600095000         1.0500000000         0.6742343459         3.3326037679       -17.2428226649
        3.9650078000         1.0500000000         0.6946529607         3.2611511990       -16.7109240711
        3.9700105000         1.0500000000         0.6972052876         3.1896986301       -16.6444367469
        3.9750068000         1.0500000000         0.6793389996         3.1412129584       -17.1098480165
        3.9800102000         1.0500000000         0.6895483070         3.0723122670       -16.8438987196
        3.9850059000         1.0500000000         0.6793389996         3.0034115756       -17.1098480165
        3.9900087000         1.0500000000         0.6946529607         2.9370627617       -16.7109240711
        3.9950071000         1.0500000000         0.6742343459         2.8707139478       -17.2428226649
