% Sweep Step 168/200  Vcmd=0.3000V  CCW
% Vg_offset=1.338056V  K_gimbal=26.049690

Time[s]              Vcmd[V]              Vg_raw[V]            Pot[V]               Omega[rad/s]
        0.0005318000         0.3000000000         1.3378393285         2.4547579220        -0.0056514226
        0.0055307000         0.3000000000         1.3378393285         2.4573097994        -0.0056514226
        0.0105673000         0.3000000000         1.3480486360         2.4598616769         0.2602978743
        0.0154996000         0.3000000000         1.2638218497         2.4471022896        -1.9337838251
        0.0205386000         0.3000000000         1.0366647595         2.4190316375        -7.8511556813
        0.0255300000         0.3000000000         1.1285485263         2.4139278826        -5.4576120091
        0.0304578000         0.3000000000         0.9958275298         2.3807534756        -8.9149528689
        0.0355246000         0.3000000000         0.9907228761         2.3348196814        -9.0479275174
        0.0404725000         0.3000000000         0.9090484167         2.3016452744       -11.1755218926
        0.0454555000         0.3000000000         0.9269147047         2.2659189900       -10.7101106231
        0.0504883000         0.3000000000         0.8222693035         2.2046739310       -13.4360909164
        0.0554486000         0.3000000000         0.8044030155         2.1587401367       -13.9015021859
        0.0604227000         0.3000000000         0.7814320738         2.0949432002       -14.4998881040
        0.0654919000         0.3000000000         0.7329378636         2.0362500187       -15.7631472643
        0.0704226000         0.3000000000         0.7456994979         1.9903162244       -15.4307106432
        0.0754727000         0.3000000000         0.6921006339         1.9239674105       -16.8269444519
        0.0804160000         0.3000000000         0.7023099413         1.8576185965       -16.5609951550
        0.0854220000         0.3000000000         0.6512634042         1.7912697826       -17.8907416395
        0.0904151000         0.3000000000         0.6767866727         1.7274728461       -17.2258683973
        0.0955148000         0.3000000000         0.6206354819         1.6534683998       -18.6885895303
        0.1004297000         0.3000000000         0.6538157310         1.5922233408       -17.8242543153
        0.1054234000         0.3000000000         0.6206354819         1.5207707720       -18.6885895303
        0.1104559000         0.3000000000         0.6308447893         1.4493182031       -18.4226402334
        0.1154167000         0.3000000000         0.5925598865         1.3702100019       -19.4199500968
        0.1203834000         0.3000000000         0.6206354819         1.3064130654       -18.6885895303
        0.1254263000         0.3000000000         0.6027691939         1.2324086191       -19.1540007998
        0.1305091000         0.3000000000         0.5874552328         1.1456447855       -19.5529247452
        0.1354608000         0.3000000000         0.5797982522         1.0818478490       -19.7523867179
        0.1404680000         0.3000000000         0.5900075596         1.0027396478       -19.4864374210
        0.1454230000         0.3000000000         0.5721412716         0.9236314466       -19.9518486906
        0.1504520000         0.3000000000         0.5823505790         0.8445232453       -19.6858993937
        0.1554356000         0.3000000000         0.5568273105         0.7654150441       -20.3507726359
        0.1604920000         0.3000000000         0.5746935985         0.6888587203       -19.8853613663
        0.1654847000         0.3000000000         0.5644842910         0.6071986416       -20.1513106632
        0.1704889000         0.3000000000         0.5670366179         0.5280904404       -20.0848233390
        0.1754647000         0.3000000000         0.5721412716         0.4540859941       -19.9518486906
        0.1804505000         0.3000000000         0.5517226568         0.3698740379       -20.4837472844
        0.1854762000         0.3000000000         0.5568273105         0.2831102043       -20.3507726359
        0.1904461000         0.3000000000         0.5517226568         0.2091057580       -20.4837472844
        0.1955067000         0.3000000000         0.5721412716         0.1325494343       -19.9518486906
        0.2004772000         0.3000000000         0.5287517151         0.0432337232       -21.0821332024
        0.2054492000         0.3000000000         0.5695889448         0.0075074388       -20.0183360148
        0.2104492000         0.3000000000         0.5389610225         0.0100593162       -20.8161839055
        0.2155083000         0.3000000000         0.5670366179         5.0117391359       -20.0848233390
        0.2203821000         0.3000000000         0.5466180030         5.0066353810       -20.6167219328
        0.2254472000         0.3000000000         0.5466180030         4.9555978318       -20.6167219328
        0.2304159000         0.3000000000         0.5440656762         4.8662821207       -20.6832092571
        0.2354745000         0.3000000000         0.5619319642         4.7871739195       -20.2177979875
        0.2404412000         0.3000000000         0.5440656762         4.7004100859       -20.6832092571
        0.2455145000         0.3000000000         0.5389610225         4.6110943748       -20.8161839055
        0.2504494000         0.3000000000         0.5491703299         4.5294342961       -20.5502346086
        0.2553910000         0.3000000000         0.5364086956         4.4503260949       -20.8826712297
        0.2604344000         0.3000000000         0.5415133493         4.3661141388       -20.7496965813
        0.2654539000         0.3000000000         0.5338563688         4.2895578150       -20.9491585540
        0.2704912000         0.3000000000         0.5440656762         4.2104496138       -20.6832092571
        0.2754552000         0.3000000000         0.5261993882         4.1313414125       -21.1486205266
        0.2805025000         0.3000000000         0.5313040419         4.0471294564       -21.0156458782
        0.2854280000         0.3000000000         0.5364086956         3.9782287650       -20.8826712297
        0.2904155000         0.3000000000         0.5287517151         3.8838092990       -21.0821332024
        0.2954578000         0.3000000000         0.5364086956         3.8047010978       -20.8826712297
        0.3004626000         0.3000000000         0.5236470613         3.7281447740       -21.2151078509
        0.3054536000         0.3000000000         0.5159900808         3.6439328179       -21.4145698236
        0.3104775000         0.3000000000         0.5287517151         3.5597208617       -21.0821332024
        0.3154166000         0.3000000000         0.5389610225         3.4882682929       -20.8161839055
        0.3203823000         0.3000000000         0.5083331002         3.3938488269       -21.6140317962
        0.3254523000         0.3000000000         0.5236470613         3.3172925031       -21.2151078509
        0.3304333000         0.3000000000         0.5185424076         3.2381843019       -21.3480824993
        0.3354250000         0.3000000000         0.5236470613         3.1565242232       -21.2151078509
        0.3404588000         0.3000000000         0.5313040419         3.0799678994       -21.0156458782
        0.3454253000         0.3000000000         0.5159900808         2.9957559433       -21.4145698236
        0.3504366000         0.3000000000         0.5134377539         2.9115439871       -21.4810571478
        0.3554159000         0.3000000000         0.5134377539         2.8273320310       -21.4810571478
        0.3604397000         0.3000000000         0.5313040419         2.7558794621       -21.0156458782
        0.3654375000         0.3000000000         0.5313040419         2.6716675060       -21.0156458782
        0.3703818000         0.3000000000         0.5083331002         2.5823517949       -21.6140317962
        0.3753972000         0.3000000000         0.5134377539         2.5032435937       -21.4810571478
        0.3804461000         0.3000000000         0.5236470613         2.4190316375       -21.2151078509
        0.3854153000         0.3000000000         0.5159900808         2.3348196814       -21.4145698236
        0.3903822000         0.3000000000         0.5236470613         2.2557114802       -21.2151078509
        0.3954145000         0.3000000000         0.5236470613         2.1842589113       -21.2151078509
        0.4003820000         0.3000000000         0.5083331002         2.0872875679       -21.6140317962
        0.4054390000         0.3000000000         0.5185424076         2.0107312441       -21.3480824993
        0.4104676000         0.3000000000         0.5287517151         1.9341749203       -21.0821332024
        0.4154091000         0.3000000000         0.5185424076         1.8474110867       -21.3480824993
        0.4203821000         0.3000000000         0.5108854271         1.7683028855       -21.5475444720
        0.4254386000         0.3000000000         0.5185424076         1.6815390519       -21.3480824993
        0.4303817000         0.3000000000         0.5083331002         1.5973270957       -21.6140317962
        0.4354470000         0.3000000000         0.5185424076         1.5156670170       -21.3480824993
        0.4404367000         0.3000000000         0.5057807733         1.4314550609       -21.6805191205
        0.4454503000         0.3000000000         0.5083331002         1.3497949822       -21.6140317962
        0.4504140000         0.3000000000         0.5185424076         1.2732386584       -21.3480824993
        0.4554469000         0.3000000000         0.5134377539         1.1890267023       -21.4810571478
        0.4604766000         0.3000000000         0.5287517151         1.1175741334       -21.0821332024
        0.4654165000         0.3000000000         0.5032284465         1.0206027900       -21.7470064447
        0.4703824000         0.3000000000         0.5185424076         0.9491502211       -21.3480824993
        0.4754206000         0.3000000000         0.5261993882         0.8649382650       -21.1486205266
        0.4804698000         0.3000000000         0.5083331002         0.7679669216       -21.6140317962
        0.4853877000         0.3000000000         0.5313040419         0.6990662302       -21.0156458782
        0.4904631000         0.3000000000         0.5134377539         0.6071986416       -21.4810571478
        0.4954855000         0.3000000000         0.5159900808         0.5306423179       -21.4145698236
        0.5004265000         0.3000000000         0.5185424076         0.4387747293       -21.3480824993
        0.5054857000         0.3000000000         0.5287517151         0.3596665281       -21.0821332024
        0.5104169000         0.3000000000         0.5108854271         0.2780064494       -21.5475444720
        0.5153921000         0.3000000000         0.5236470613         0.1810351060       -21.2151078509
        0.5203896000         0.3000000000         0.5236470613         0.1044787822       -21.2151078509
        0.5254215000         0.3000000000         0.5236470613         0.0151630711       -21.2151078509
        0.5304531000         0.3000000000         0.5159900808         0.0024036839       -21.4145698236
        0.5354819000         0.3000000000         0.5210947345         1.1073666236       -21.2815951751
        0.5407545000         0.3000000000         0.5389610225         5.0142910133       -20.8161839055
        0.5459934000         0.3000000000         0.5159900808         4.9836684838       -21.4145698236
        0.5507783000         0.3000000000         0.5236470613         4.8969046502       -21.2151078509
        0.5554228000         0.3000000000         0.5134377539         4.8126926941       -21.4810571478
        0.5604533000         0.3000000000         0.5108854271         4.7259288605       -21.5475444720
        0.5654992000         0.3000000000         0.5236470613         4.6442687818       -21.2151078509
        0.5704444000         0.3000000000         0.5185424076         4.5549530707       -21.3480824993
        0.5755072000         0.3000000000         0.5389610225         4.4835005019       -20.8161839055
        0.5804430000         0.3000000000         0.5210947345         4.4018404232       -21.2815951751
        0.5855017000         0.3000000000         0.5338563688         4.3176284670       -20.9491585540
        0.5904209000         0.3000000000         0.5389610225         4.2385202658       -20.8161839055
        0.5954554000         0.3000000000         0.5338563688         4.1492045547       -20.9491585540
        0.6004173000         0.3000000000         0.5338563688         4.0700963535       -20.9491585540
        0.6053873000         0.3000000000         0.5083331002         3.9807806424       -21.6140317962
        0.6104243000         0.3000000000         0.5261993882         3.9016724412       -21.1486205266
        0.6154152000         0.3000000000         0.5287517151         3.8200123625       -21.0821332024
        0.6204142000         0.3000000000         0.5389610225         3.7511116711       -20.8161839055
        0.6253873000         0.3000000000         0.5134377539         3.6592440826       -21.4810571478
        0.6304468000         0.3000000000         0.5287517151         3.5826877588       -21.0821332024
        0.6354183000         0.3000000000         0.5287517151         3.5112351900       -21.0821332024
        0.6404110000         0.3000000000         0.5287517151         3.4193676015       -21.0821332024
        0.6453838000         0.3000000000         0.5415133493         3.3402594002       -20.7496965813
        0.6505123000         0.3000000000         0.5185424076         3.2585993215       -21.3480824993
        0.6554225000         0.3000000000         0.5236470613         3.1820429978       -21.2151078509
        0.6604156000         0.3000000000         0.5338563688         3.1029347965       -20.9491585540
        0.6654152000         0.3000000000         0.5313040419         3.0161709629       -21.0156458782
        0.6704169000         0.3000000000         0.5210947345         2.9396146392       -21.2815951751
        0.6753940000         0.3000000000         0.5185424076         2.8528508056       -21.3480824993
        0.6804174000         0.3000000000         0.5313040419         2.7737426043       -21.0156458782
        0.6854521000         0.3000000000         0.5287517151         2.6920825256       -21.0821332024
        0.6904998000         0.3000000000         0.5210947345         2.6078705695       -21.2815951751
        0.6954212000         0.3000000000         0.5236470613         2.5211067359       -21.2151078509
        0.7004147000         0.3000000000         0.5134377539         2.4394466572       -21.4810571478
        0.7053943000         0.3000000000         0.5185424076         2.3705459658       -21.3480824993
        0.7104184000         0.3000000000         0.5210947345         2.2812302547       -21.2815951751
        0.7153836000         0.3000000000         0.5236470613         2.1944664211       -21.2151078509
        0.7204220000         0.3000000000         0.5108854271         2.1179100974       -21.5475444720
        0.7254247000         0.3000000000         0.5185424076         2.0311462638       -21.3480824993
        0.7303910000         0.3000000000         0.5134377539         1.9494861851       -21.4810571478
        0.7354270000         0.3000000000         0.5185424076         1.8729298613       -21.3480824993
        0.7404101000         0.3000000000         0.4981237928         1.7785103953       -21.8799810931
        0.7454196000         0.3000000000         0.5159900808         1.6968503166       -21.4145698236
        0.7505103000         0.3000000000         0.5108854271         1.6279496252       -21.5475444720
        0.7554782000         0.3000000000         0.5210947345         1.5462895465       -21.2815951751
        0.7603843000         0.3000000000         0.5032284465         1.4518700806       -21.7470064447
        0.7654251000         0.3000000000         0.5057807733         1.3676581244       -21.6805191205
        0.7703838000         0.3000000000         0.5083331002         1.2911018006       -21.6140317962
        0.7754311000         0.3000000000         0.5108854271         1.2068898445       -21.5475444720
        0.7804131000         0.3000000000         0.5236470613         1.1277816433       -21.2151078509
        0.7854201000         0.3000000000         0.5032284465         1.0384659322       -21.7470064447
        0.7904258000         0.3000000000         0.5159900808         0.9619096084       -21.4145698236
        0.7954176000         0.3000000000         0.5185424076         0.8802495297       -21.3480824993
        0.8004188000         0.3000000000         0.5108854271         0.7883819412       -21.5475444720
        0.8053905000         0.3000000000         0.5261993882         0.7169293724       -21.1486205266
        0.8104858000         0.3000000000         0.5185424076         0.6276136613       -21.3480824993
        0.8154160000         0.3000000000         0.4981237928         0.5382979502       -21.8799810931
        0.8204242000         0.3000000000         0.5185424076         0.4566378716       -21.3480824993
        0.8254200000         0.3000000000         0.5159900808         0.3673221605       -21.4145698236
        0.8304184000         0.3000000000         0.5159900808         0.2882139593       -21.4145698236
        0.8353956000         0.3000000000         0.5057807733         0.1988982482       -21.6805191205
        0.8404471000         0.3000000000         0.5185424076         0.1146862920       -21.3480824993
        0.8453846000         0.3000000000         0.5006761196         0.0253705810       -21.8134937689
        0.8504623000         0.3000000000         0.5261993882        -0.0027000711       -21.1486205266
        0.8554200000         0.3000000000         0.5083331002         1.1022628687       -21.6140317962
        0.8603898000         0.3000000000         0.5185424076         5.0142910133       -21.3480824993
        0.8654191000         0.3000000000         0.5236470613         5.0117391359       -21.2151078509
        0.8704292000         0.3000000000         0.5210947345         4.9198715474       -21.2815951751
        0.8754212000         0.3000000000         0.5185424076         4.8280039588       -21.3480824993
        0.8804748000         0.3000000000         0.5159900808         4.7437920027       -21.4145698236
        0.8854169000         0.3000000000         0.5185424076         4.6570281691       -21.3480824993
        0.8904850000         0.3000000000         0.5185424076         4.5753680904       -21.3480824993
        0.8954282000         0.3000000000         0.5261993882         4.4886042568       -21.1486205266
        0.9004176000         0.3000000000         0.5261993882         4.4145998105       -21.1486205266
        0.9054202000         0.3000000000         0.5185424076         4.3227322219       -21.3480824993
        0.9104181000         0.3000000000         0.5159900808         4.2410721433       -21.4145698236
        0.9153880000         0.3000000000         0.5261993882         4.1670676969       -21.1486205266
        0.9204608000         0.3000000000         0.5287517151         4.0777519859       -21.0821332024
        0.9254209000         0.3000000000         0.5159900808         3.9960919072       -21.4145698236
        0.9303815000         0.3000000000         0.5134377539         3.9093280736       -21.4810571478
        0.9354512000         0.3000000000         0.5159900808         3.8276679949       -21.4145698236
        0.9403974000         0.3000000000         0.5159900808         3.7511116711       -21.4145698236
        0.9453996000         0.3000000000         0.5236470613         3.6694515924       -21.2151078509
        0.9504238000         0.3000000000         0.5287517151         3.5852396363       -21.0821332024
        0.9554402000         0.3000000000         0.5134377539         3.5035795576       -21.4810571478
        0.9605086000         0.3000000000         0.5210947345         3.4270232338       -21.2815951751
        0.9655966000         0.3000000000         0.5389610225         3.3428112777       -20.8161839055
        0.9704324000         0.3000000000         0.5210947345         3.2611511990       -21.2815951751
        0.9754315000         0.3000000000         0.5134377539         3.1769392429       -21.4810571478
        0.9804186000         0.3000000000         0.5236470613         3.0952791642       -21.2151078509
        0.9854382000         0.3000000000         0.5236470613         3.0085153306       -21.2151078509
        0.9904574000         0.3000000000         0.5185424076         2.9421665166       -21.3480824993
        0.9954458000         0.3000000000         0.5236470613         2.8477470506       -21.2151078509
        1.0004909000         0.3000000000         0.5108854271         2.7635350945       -21.5475444720
        1.0054222000         0.3000000000         0.5236470613         2.6869787707       -21.2151078509
        1.0104593000         0.3000000000         0.5210947345         2.6027668146       -21.2815951751
        1.0153892000         0.3000000000         0.5364086956         2.5313142457       -20.8826712297
        1.0204239000         0.3000000000         0.5210947345         2.4522060445       -21.2815951751
        1.0254003000         0.3000000000         0.5108854271         2.3577865785       -21.5475444720
        1.0304571000         0.3000000000         0.5261993882         2.2812302547       -21.1486205266
        1.0354249000         0.3000000000         0.5210947345         2.1970182986       -21.2815951751
        1.0404167000         0.3000000000         0.5210947345         2.1153582199       -21.2815951751
        1.0454766000         0.3000000000         0.5032284465         2.0260425088       -21.7470064447
        1.0504182000         0.3000000000         0.5210947345         1.9443824302       -21.2815951751
        1.0554191000         0.3000000000         0.5108854271         1.8703779838       -21.5475444720
        1.0604691000         0.3000000000         0.5210947345         1.7861660277       -21.2815951751
        1.0654157000         0.3000000000         0.5210947345         1.7045059490       -21.2815951751
        1.0703952000         0.3000000000         0.5159900808         1.6356052576       -21.4145698236
        1.0753929000         0.3000000000         0.5236470613         1.5437376691       -21.2151078509
        1.0804680000         0.3000000000         0.5287517151         1.4671813453       -21.0821332024
        1.0854192000         0.3000000000         0.5261993882         1.3804175117       -21.1486205266
        1.0904721000         0.3000000000         0.5057807733         1.2936536781       -21.6805191205
        1.0953916000         0.3000000000         0.5236470613         1.2170973543       -21.2151078509
        1.1003844000         0.3000000000         0.5108854271         1.1277816433       -21.5475444720
        1.1054148000         0.3000000000         0.5210947345         1.0537771970       -21.2815951751
        1.1104829000         0.3000000000         0.5159900808         0.9670133634       -21.4145698236
        1.1154078000         0.3000000000         0.5083331002         0.8802495297       -21.6140317962
        1.1205153000         0.3000000000         0.5083331002         0.7985894511       -21.6140317962
        1.1253847000         0.3000000000         0.5210947345         0.7118256175       -21.2815951751
        1.1304667000         0.3000000000         0.5236470613         0.6327174162       -21.2151078509
        1.1354156000         0.3000000000         0.5185424076         0.5561610925       -21.3480824993
        1.1404094000         0.3000000000         0.5083331002         0.4617416265       -21.6140317962
        1.1454447000         0.3000000000         0.5134377539         0.3826334252       -21.4810571478
        1.1504192000         0.3000000000         0.5287517151         0.3035252240       -21.0821332024
        1.1554173000         0.3000000000         0.5261993882         0.2142095129       -21.1486205266
        1.1604963000         0.3000000000         0.5159900808         0.1274456793       -21.4145698236
        1.1654456000         0.3000000000         0.5057807733         0.0457856007       -21.6805191205
        1.1704233000         0.3000000000         0.5236470613        -0.0027000711       -21.2151078509
        1.1754142000         0.3000000000         0.5108854271         1.1073666236       -21.5475444720
        1.1805050000         0.3000000000         0.5210947345         5.0040835035       -21.2815951751
        1.1854424000         0.3000000000         0.5083331002         5.0066353810       -21.6140317962
        1.1906673000         0.3000000000         0.5236470613         4.9326309346       -21.2151078509
        1.1954354000         0.3000000000         0.5185424076         4.8458671010       -21.3480824993
        1.2004683000         0.3000000000         0.5364086956         4.7642070224       -20.8826712297
        1.2054706000         0.3000000000         0.5159900808         4.6697875564       -21.4145698236
        1.2103830000         0.3000000000         0.5108854271         4.5830237228       -21.5475444720
        1.2153906000         0.3000000000         0.5108854271         4.4937080117       -21.5475444720
        1.2204683000         0.3000000000         0.5210947345         4.4120479330       -21.2815951751
        1.2253885000         0.3000000000         0.5236470613         4.3380434867       -21.2151078509
        1.2304669000         0.3000000000         0.5236470613         4.2563834080       -21.2151078509
        1.2354555000         0.3000000000         0.5134377539         4.1645158195       -21.4810571478
        1.2403809000         0.3000000000         0.5261993882         4.0879594957       -21.1486205266
        1.2454139000         0.3000000000         0.5134377539         4.0037475396       -21.4810571478
        1.2504058000         0.3000000000         0.5210947345         3.9144318285       -21.2815951751
        1.2554473000         0.3000000000         0.5261993882         3.8480830146       -21.1486205266
        1.2603831000         0.3000000000         0.5083331002         3.7511116711       -21.6140317962
        1.2654404000         0.3000000000         0.5159900808         3.6822109797       -21.4145698236
        1.2704052000         0.3000000000         0.5261993882         3.5928952687       -21.1486205266
        1.2754975000         0.3000000000         0.5134377539         3.5112351900       -21.4810571478
        1.2804731000         0.3000000000         0.5108854271         3.4270232338       -21.5475444720
        1.2854206000         0.3000000000         0.5287517151         3.3530187875       -21.0821332024
        1.2904369000         0.3000000000         0.5108854271         3.2585993215       -21.5475444720
        1.2954184000         0.3000000000         0.5185424076         3.1820429978       -21.3480824993
        1.3004472000         0.3000000000         0.5236470613         3.0978310416       -21.2151078509
        1.3054195000         0.3000000000         0.5236470613         3.0238265953       -21.2151078509
        1.3104366000         0.3000000000         0.5134377539         2.9370627617       -21.4810571478
        1.3154370000         0.3000000000         0.5261993882         2.8477470506       -21.1486205266
        1.3204388000         0.3000000000         0.5159900808         2.7737426043       -21.4145698236
        1.3254500000         0.3000000000         0.5134377539         2.6869787707       -21.4810571478
        1.3304138000         0.3000000000         0.5134377539         2.6078705695       -21.4810571478
        1.3354970000         0.3000000000         0.5338563688         2.5338661232       -20.9491585540
        1.3404067000         0.3000000000         0.5210947345         2.4445504121       -21.2815951751
        1.3454188000         0.3000000000         0.5159900808         2.3628903334       -21.4145698236
        1.3504233000         0.3000000000         0.5057807733         2.2812302547       -21.6805191205
        1.3554221000         0.3000000000         0.5185424076         2.1919145437       -21.3480824993
        1.3604382000         0.3000000000         0.5185424076         2.1153582199       -21.3480824993
        1.3654218000         0.3000000000         0.5185424076         2.0388018961       -21.3480824993
        1.3704125000         0.3000000000         0.5083331002         1.9469343076       -21.6140317962
        1.3754060000         0.3000000000         0.5185424076         1.8754817388       -21.3480824993
        1.3803878000         0.3000000000         0.5108854271         1.7887179052       -21.5475444720
        1.3854846000         0.3000000000         0.5261993882         1.7147134588       -21.1486205266
        1.3904183000         0.3000000000         0.5057807733         1.6305015027       -21.6805191205
        1.3954186000         0.3000000000         0.5057807733         1.5462895465       -21.6805191205
        1.4004141000         0.3000000000         0.5159900808         1.4620775904       -21.4145698236
        1.4053859000         0.3000000000         0.5236470613         1.3829693892       -21.2151078509
        1.4104360000         0.3000000000         0.5108854271         1.2962055556       -21.5475444720
        1.4154929000         0.3000000000         0.5057807733         1.2094417220       -21.6805191205
        1.4204348000         0.3000000000         0.5185424076         1.1379891531       -21.3480824993
        1.4254431000         0.3000000000         0.5159900808         1.0588809519       -21.4145698236
        1.4304648000         0.3000000000         0.5210947345         0.9721171183       -21.2815951751
        1.4353849000         0.3000000000         0.5083331002         0.8776976523       -21.6140317962
        1.4404212000         0.3000000000         0.4981237928         0.7909338187       -21.8799810931
        1.4454313000         0.3000000000         0.5134377539         0.7143774949       -21.4810571478
        1.4504161000         0.3000000000         0.5083331002         0.6276136613       -21.6140317962
        1.4554781000         0.3000000000         0.5185424076         0.5485054601       -21.3480824993
        1.4604989000         0.3000000000         0.5159900808         0.4617416265       -21.4145698236
        1.4655516000         0.3000000000         0.4981237928         0.3698740379       -21.8799810931
        1.4704688000         0.3000000000         0.5236470613         0.2984214691       -21.2151078509
        1.4757566000         0.3000000000         0.5134377539         0.2040020031       -21.4810571478
        1.4804936000         0.3000000000         0.5159900808         0.1146862920       -21.4145698236
        1.4855850000         0.3000000000         0.5032284465         0.0304743359       -21.7470064447
        1.4904190000         0.3000000000         0.5261993882         0.0024036839       -21.1486205266
        1.4954144000         0.3000000000         0.5083331002         1.1099185011       -21.6140317962
        1.5004731000         0.3000000000         0.5185424076         4.9989797486       -21.3480824993
        1.5054887000         0.3000000000         0.5287517151         5.0117391359       -21.0821332024
        1.5104476000         0.3000000000         0.5083331002         4.9198715474       -21.6140317962
        1.5154939000         0.3000000000         0.5108854271         4.8356595912       -21.5475444720
        1.5204410000         0.3000000000         0.5108854271         4.7437920027       -21.5475444720
        1.5256803000         0.3000000000         0.5338563688         4.6646838015       -20.9491585540
        1.5304198000         0.3000000000         0.5261993882         4.5855756002       -21.1486205266
        1.5355197000         0.3000000000         0.5159900808         4.4886042568       -21.4145698236
        1.5405303000         0.3000000000         0.5159900808         4.4018404232       -21.4145698236
        1.5454173000         0.3000000000         0.5261993882         4.3303878543       -21.1486205266
        1.5505230000         0.3000000000         0.5210947345         4.2410721433       -21.2815951751
        1.5554386000         0.3000000000         0.5159900808         4.1594120646       -21.4145698236
        1.5604227000         0.3000000000         0.5287517151         4.0777519859       -21.0821332024
        1.5654124000         0.3000000000         0.5159900808         3.9960919072       -21.4145698236
        1.5703920000         0.3000000000         0.5287517151         3.9195355834       -21.0821332024
        1.5754167000         0.3000000000         0.5261993882         3.8353236273       -21.1486205266
        1.5804569000         0.3000000000         0.5210947345         3.7536635486       -21.2815951751
        1.5854374000         0.3000000000         0.5236470613         3.6796591023       -21.2151078509
        1.5904212000         0.3000000000         0.5236470613         3.5903433912       -21.2151078509
        1.5954385000         0.3000000000         0.5313040419         3.5061314351       -21.0156458782
        1.6004576000         0.3000000000         0.5134377539         3.4244713564       -21.4810571478
        1.6054248000         0.3000000000         0.5261993882         3.3453631551       -21.1486205266
        1.6104457000         0.3000000000         0.5287517151         3.2637030765       -21.0821332024
        1.6154399000         0.3000000000         0.5261993882         3.1896986301       -21.1486205266
        1.6204514000         0.3000000000         0.5338563688         3.1029347965       -20.9491585540
        1.6253893000         0.3000000000         0.5159900808         3.0212747179       -21.4145698236
        1.6304940000         0.3000000000         0.5236470613         2.9447183941       -21.2151078509
        1.6354450000         0.3000000000         0.5236470613         2.8630583154       -21.2151078509
        1.6404203000         0.3000000000         0.5159900808         2.7686388494       -21.4145698236
        1.6453859000         0.3000000000         0.5287517151         2.6997381580       -21.0821332024
        1.6503839000         0.3000000000         0.5108854271         2.6129743244       -21.5475444720
        1.6554733000         0.3000000000         0.4981237928         2.5236586133       -21.8799810931
        1.6604360000         0.3000000000         0.5338563688         2.4522060445       -20.9491585540
        1.6654159000         0.3000000000         0.5210947345         2.3654422109       -21.2815951751
        1.6704655000         0.3000000000         0.5134377539         2.2914377646       -21.4810571478
        1.6754188000         0.3000000000         0.5159900808         2.2021220535       -21.4145698236
        1.6804075000         0.3000000000         0.5134377539         2.1179100974       -21.4810571478
        1.6854635000         0.3000000000         0.5185424076         2.0336981412       -21.3480824993
        1.6904060000         0.3000000000         0.5236470613         1.9571418174       -21.2151078509
        1.6954520000         0.3000000000         0.5108854271         1.8703779838       -21.5475444720
        1.7004389000         0.3000000000         0.5134377539         1.7938216601       -21.4810571478
        1.7054856000         0.3000000000         0.5261993882         1.7147134588       -21.1486205266
        1.7103823000         0.3000000000         0.5159900808         1.6279496252       -21.4145698236
        1.7153931000         0.3000000000         0.5159900808         1.5462895465       -21.4145698236
        1.7203819000         0.3000000000         0.5108854271         1.4569738355       -21.5475444720
        1.7254613000         0.3000000000         0.5006761196         1.3778656343       -21.8134937689
        1.7304127000         0.3000000000         0.5159900808         1.2911018006       -21.4145698236
        1.7354239000         0.3000000000         0.5108854271         1.2094417220       -21.5475444720
        1.7404431000         0.3000000000         0.5185424076         1.1354372756       -21.3480824993
        1.7454190000         0.3000000000         0.5083331002         1.0537771970       -21.6140317962
        1.7504395000         0.3000000000         0.5185424076         0.9746689957       -21.3480824993
        1.7554807000         0.3000000000         0.5134377539         0.8853532847       -21.4810571478
        1.7604401000         0.3000000000         0.5134377539         0.8011413285       -21.4810571478
        1.7654450000         0.3000000000         0.5134377539         0.7118256175       -21.4810571478
        1.7704379000         0.3000000000         0.5210947345         0.6378211711       -21.2815951751
        1.7754205000         0.3000000000         0.5159900808         0.5485054601       -21.4145698236
        1.7804250000         0.3000000000         0.5261993882         0.4693972588       -21.1486205266
        1.7854764000         0.3000000000         0.5261993882         0.3851853027       -21.1486205266
        1.7904075000         0.3000000000         0.5083331002         0.2958695916       -21.6140317962
        1.7954900000         0.3000000000         0.5236470613         0.2167613904       -21.2151078509
        1.8005888000         0.3000000000         0.5210947345         0.1248938019       -21.2815951751
        1.8054161000         0.3000000000         0.5159900808         0.0381299683       -21.4145698236
        1.8104371000         0.3000000000         0.5261993882        -0.0001481936       -21.1486205266
        1.8154306000         0.3000000000         0.5006761196         1.1073666236       -21.8134937689
        1.8204311000         0.3000000000         0.5261993882         5.0066353810       -21.1486205266
        1.8253932000         0.3000000000         0.5210947345         5.0066353810       -21.2815951751
        1.8304081000         0.3000000000         0.5210947345         4.9300790572       -21.2815951751
        1.8354168000         0.3000000000         0.5108854271         4.8433152236       -21.5475444720
        1.8404133000         0.3000000000         0.5261993882         4.7514476351       -21.1486205266
        1.8454177000         0.3000000000         0.5236470613         4.6723394338       -21.2151078509
        1.8504081000         0.3000000000         0.5159900808         4.5779199678       -21.4145698236
        1.8554626000         0.3000000000         0.5083331002         4.4911561342       -21.6140317962
        1.8605866000         0.3000000000         0.5236470613         4.4120479330       -21.2151078509
        1.8654433000         0.3000000000         0.5134377539         4.3227322219       -21.4810571478
        1.8704509000         0.3000000000         0.5210947345         4.2461758982       -21.2815951751
        1.8754953000         0.3000000000         0.5287517151         4.1696195744       -21.0821332024
        1.8804395000         0.3000000000         0.5159900808         4.0777519859       -21.4145698236
        1.8853931000         0.3000000000         0.4930191391         3.9935400297       -22.0129557416
        1.8903819000         0.3000000000         0.5185424076         3.9195355834       -21.3480824993
        1.8954894000         0.3000000000         0.5185424076         3.8327717498       -21.3480824993
        1.9004129000         0.3000000000         0.5236470613         3.7613191810       -21.2151078509
        1.9054200000         0.3000000000         0.5006761196         3.6694515924       -21.8134937689
        1.9104148000         0.3000000000         0.5236470613         3.5826877588       -21.2151078509
        1.9154200000         0.3000000000         0.5236470613         3.5061314351       -21.2151078509
        1.9204153000         0.3000000000         0.5083331002         3.4295751113       -21.6140317962
        1.9254566000         0.3000000000         0.5338563688         3.3530187875       -20.9491585540
        1.9304220000         0.3000000000         0.5185424076         3.2611511990       -21.3480824993
        1.9354528000         0.3000000000         0.5108854271         3.1794911203       -21.5475444720
        1.9404161000         0.3000000000         0.5159900808         3.0927272867       -21.4145698236
        1.9454878000         0.3000000000         0.5185424076         3.0136190855       -21.3480824993
        1.9504903000         0.3000000000         0.5057807733         2.9345108842       -21.6805191205
        1.9555046000         0.3000000000         0.5261993882         2.8605064379       -21.1486205266
        1.9604538000         0.3000000000         0.5108854271         2.7711907269       -21.5475444720
        1.9655148000         0.3000000000         0.5185424076         2.6844268933       -21.3480824993
        1.9704430000         0.3000000000         0.5185424076         2.6078705695       -21.3480824993
        1.9754521000         0.3000000000         0.5210947345         2.5338661232       -21.2815951751
        1.9803852000         0.3000000000         0.5083331002         2.4394466572       -21.6140317962
        1.9854523000         0.3000000000         0.5083331002         2.3552347011       -21.6140317962
        1.9903851000         0.3000000000         0.5210947345         2.2786783773       -21.2815951751
        1.9954794000         0.3000000000         0.5108854271         2.1970182986       -21.5475444720
        2.0004152000         0.3000000000         0.5083331002         2.1128063424       -21.6140317962
        2.0054319000         0.3000000000         0.5083331002         2.0285943863       -21.6140317962
        2.0104923000         0.3000000000         0.5134377539         1.9418305527       -21.4810571478
        2.0154865000         0.3000000000         0.5134377539         1.8678261064       -21.4810571478
        2.0204516000         0.3000000000         0.5083331002         1.7836141502       -21.6140317962
        2.0254166000         0.3000000000         0.5185424076         1.7019540715       -21.3480824993
        2.0304155000         0.3000000000         0.5083331002         1.6151902379       -21.6140317962
        2.0354081000         0.3000000000         0.5236470613         1.5462895465       -21.2151078509
        2.0404826000         0.3000000000         0.5083331002         1.4569738355       -21.6140317962
        2.0454394000         0.3000000000         0.5134377539         1.3753137568       -21.4810571478
        2.0504169000         0.3000000000         0.5032284465         1.2859980457       -21.7470064447
        2.0554389000         0.3000000000         0.5108854271         1.2094417220       -21.5475444720
        2.0604211000         0.3000000000         0.5006761196         1.1277816433       -21.8134937689
        2.0655100000         0.3000000000         0.5159900808         1.0461215646       -21.4145698236
        2.0704412000         0.3000000000         0.5083331002         0.9593577310       -21.6140317962
        2.0753874000         0.3000000000         0.5159900808         0.8828014072       -21.4145698236
        2.0805299000         0.3000000000         0.5159900808         0.7985894511       -21.4145698236
        2.0854445000         0.3000000000         0.5210947345         0.7143774949       -21.2815951751
        2.0904395000         0.3000000000         0.5006761196         0.6225099064       -21.8134937689
        2.0954685000         0.3000000000         0.5032284465         0.5382979502       -21.7470064447
        2.1004817000         0.3000000000         0.5185424076         0.4489822392       -21.3480824993
        2.1054883000         0.3000000000         0.5261993882         0.3749777929       -21.1486205266
        2.1104813000         0.3000000000         0.5083331002         0.2856620818       -21.6140317962
        2.1154691000         0.3000000000         0.5159900808         0.1963463707       -21.4145698236
        2.1205152000         0.3000000000         0.5210947345         0.1172381695       -21.2815951751
        2.1254578000         0.3000000000         0.5083331002         0.0177149486       -21.6140317962
        2.1304394000         0.3000000000         0.5159900808        -0.0001481936       -21.4145698236
        2.1354351000         0.3000000000         0.5032284465         1.0997109912       -21.7470064447
        2.1404881000         0.3000000000         0.5159900808         5.0040835035       -21.4145698236
        2.1454832000         0.3000000000         0.5261993882         5.0015316260       -21.1486205266
        2.1505120000         0.3000000000         0.5261993882         4.9198715474       -21.1486205266
        2.1554407000         0.3000000000         0.5134377539         4.8280039588       -21.4810571478
        2.1605225000         0.3000000000         0.5057807733         4.7386882478       -21.6805191205
        2.1654239000         0.3000000000         0.5185424076         4.6493725367       -21.3480824993
        2.1704180000         0.3000000000         0.5236470613         4.5677124580       -21.2151078509
        2.1754768000         0.3000000000         0.5236470613         4.4860523793       -21.2151078509
        2.1804186000         0.3000000000         0.5134377539         4.4018404232       -21.4810571478
        2.1853857000         0.3000000000         0.5185424076         4.3176284670       -21.3480824993
        2.1904141000         0.3000000000         0.5261993882         4.2410721433       -21.1486205266
        2.1954722000         0.3000000000         0.5313040419         4.1517564322       -21.0156458782
        2.2005110000         0.3000000000         0.5313040419         4.0777519859       -21.0156458782
        2.2053853000         0.3000000000         0.5210947345         3.9935400297       -21.2815951751
        2.2104579000         0.3000000000         0.5287517151         3.9144318285       -21.0821332024
        2.2155786000         0.3000000000         0.5236470613         3.8200123625       -21.2151078509
        2.2204255000         0.3000000000         0.5364086956         3.7536635486       -20.8826712297
        2.2254901000         0.3000000000         0.5083331002         3.6617959601       -21.6140317962
        2.2304400000         0.3000000000         0.5261993882         3.5826877588       -21.1486205266
        2.2353917000         0.3000000000         0.5261993882         3.5086833125       -21.1486205266
        2.2404250000         0.3000000000         0.5210947345         3.4193676015       -21.2815951751
        2.2454116000         0.3000000000         0.5364086956         3.3402594002       -20.8826712297
        2.2504372000         0.3000000000         0.5261993882         3.2611511990       -21.1486205266
        2.2554409000         0.3000000000         0.5108854271         3.1794911203       -21.5475444720
        2.2604191000         0.3000000000         0.5236470613         3.0901754092       -21.2151078509
        2.2654417000         0.3000000000         0.5185424076         3.0187228404       -21.3480824993
        2.2704492000         0.3000000000         0.5287517151         2.9319590068       -21.0821332024
        2.2754434000         0.3000000000         0.5159900808         2.8528508056       -21.4145698236
        2.2804247000         0.3000000000         0.5236470613         2.7686388494       -21.2151078509
        2.2854190000         0.3000000000         0.5210947345         2.6920825256       -21.2815951751
        2.2905445000         0.3000000000         0.5159900808         2.6002149371       -21.4145698236
        2.2954524000         0.3000000000         0.5287517151         2.5262104908       -21.0821332024
        2.3004224000         0.3000000000         0.5083331002         2.4445504121       -21.6140317962
        2.3054712000         0.3000000000         0.5261993882         2.3628903334       -21.1486205266
        2.3104910000         0.3000000000         0.5210947345         2.2710227449       -21.2815951751
        2.3154639000         0.3000000000         0.5261993882         2.1970182986       -21.1486205266
        2.3204974000         0.3000000000         0.5261993882         2.1179100974       -21.1486205266
        2.3255075000         0.3000000000         0.5083331002         2.0234906314       -21.6140317962
        2.3304471000         0.3000000000         0.5210947345         1.9494861851       -21.2815951751
        2.3354572000         0.3000000000         0.5261993882         1.8754817388       -21.1486205266
        2.3405255000         0.3000000000         0.5083331002         1.7810622728       -21.6140317962
        2.3454265000         0.3000000000         0.5108854271         1.7019540715       -21.5475444720
        2.3507074000         0.3000000000         0.5108854271         1.6279496252       -21.5475444720
        2.3554456000         0.3000000000         0.5159900808         1.5437376691       -21.4145698236
        2.3604068000         0.3000000000         0.5185424076         1.4620775904       -21.3480824993
        2.3653917000         0.3000000000         0.5057807733         1.3727618793       -21.6805191205
        2.3704561000         0.3000000000         0.5159900808         1.2987574330       -21.4145698236
        2.3753868000         0.3000000000         0.5185424076         1.2119935994       -21.3480824993
        2.3805010000         0.3000000000         0.5236470613         1.1354372756       -21.2151078509
        2.3854177000         0.3000000000         0.5134377539         1.0461215646       -21.4810571478
        2.3904077000         0.3000000000         0.5236470613         0.9721171183       -21.2151078509
        2.3953935000         0.3000000000         0.5159900808         0.8828014072       -21.4145698236
        2.4004070000         0.3000000000         0.5185424076         0.7985894511       -21.3480824993
        2.4054440000         0.3000000000         0.5210947345         0.7169293724       -21.2815951751
        2.4104174000         0.3000000000         0.5210947345         0.6327174162       -21.2815951751
        2.4154181000         0.3000000000         0.5083331002         0.5434017052       -21.6140317962
        2.4204367000         0.3000000000         0.5287517151         0.4719491363       -21.0821332024
        2.4253867000         0.3000000000         0.5108854271         0.3724259154       -21.5475444720
        2.4304505000         0.3000000000         0.5261993882         0.2984214691       -21.1486205266
        2.4354003000         0.3000000000         0.5236470613         0.2167613904       -21.2151078509
        2.4404429000         0.3000000000         0.5159900808         0.1248938019       -21.4145698236
        2.4454287000         0.3000000000         0.5134377539         0.0381299683       -21.4810571478
        2.4504203000         0.3000000000         0.5261993882        -0.0052519485       -21.1486205266
        2.4554471000         0.3000000000         0.5134377539         1.1022628687       -21.4810571478
        2.4604098000         0.3000000000         0.5236470613         5.0040835035       -21.2151078509
        2.4654818000         0.3000000000         0.5134377539         5.0066353810       -21.4810571478
        2.4704373000         0.3000000000         0.5313040419         4.9351828121       -21.0156458782
        2.4753885000         0.3000000000         0.5338563688         4.8509708560       -20.9491585540
        2.4804827000         0.3000000000         0.5364086956         4.7667588998       -20.8826712297
        2.4854635000         0.3000000000         0.5108854271         4.6748913113       -21.5475444720
        2.4904254000         0.3000000000         0.5287517151         4.5932312326       -21.0821332024
        2.4954235000         0.3000000000         0.5210947345         4.5013636441       -21.2815951751
        2.5004184000         0.3000000000         0.5313040419         4.4197035654       -21.0156458782
        2.5054244000         0.3000000000         0.5108854271         4.3329397318       -21.5475444720
        2.5106252000         0.3000000000         0.5159900808         4.2436240207       -21.4145698236
        2.5154924000         0.3000000000         0.5108854271         4.1645158195       -21.5475444720
        2.5204184000         0.3000000000         0.5287517151         4.0879594957       -21.0821332024
        2.5254561000         0.3000000000         0.5261993882         4.0062994170       -21.1486205266
        2.5304250000         0.3000000000         0.5236470613         3.9246393383       -21.2151078509
        2.5354179000         0.3000000000         0.5134377539         3.8480830146       -21.4810571478
        2.5404173000         0.3000000000         0.5236470613         3.7638710584       -21.2151078509
        2.5454510000         0.3000000000         0.5236470613         3.6822109797       -21.2151078509
        2.5504908000         0.3000000000         0.5338563688         3.6056546560       -20.9491585540
        2.5554938000         0.3000000000         0.5261993882         3.5265464547       -21.1486205266
        2.5603868000         0.3000000000         0.5006761196         3.4346788662       -21.8134937689
        2.5653995000         0.3000000000         0.5287517151         3.3530187875       -21.0821332024
        2.5704286000         0.3000000000         0.5134377539         3.2739105863       -21.4810571478
        2.5754331000         0.3000000000         0.5185424076         3.1922505076       -21.3480824993
        2.5804458000         0.3000000000         0.5338563688         3.1182460613       -20.9491585540
        2.5862717000         0.3000000000         0.5236470613         3.0340341051       -21.2151078509
        2.5904448000         0.3000000000         0.5185424076         2.9549259039       -21.3480824993
        2.5957798000         0.3000000000         0.5236470613         2.8707139478       -21.2151078509
        2.6004376000         0.3000000000         0.5134377539         2.7865019916       -21.4810571478
        2.6054148000         0.3000000000         0.5134377539         2.7022900355       -21.4810571478
        2.6104960000         0.3000000000         0.5261993882         2.6282855892       -21.1486205266
        2.6154489000         0.3000000000         0.5261993882         2.5364180006       -21.1486205266
        2.6204214000         0.3000000000         0.5261993882         2.4649654318       -21.1486205266
        2.6254267000         0.3000000000         0.5083331002         2.3730978433       -21.6140317962
        2.6304284000         0.3000000000         0.5261993882         2.2990933970       -21.1486205266
        2.6353920000         0.3000000000         0.5159900808         2.2123295633       -21.4145698236
        2.6404185000         0.3000000000         0.5159900808         2.1281176072       -21.4145698236
        2.6453899000         0.3000000000         0.5134377539         2.0388018961       -21.4810571478
        2.6504028000         0.3000000000         0.5032284465         1.9545899400       -21.7470064447
        2.6554180000         0.3000000000         0.5083331002         1.8754817388       -21.6140317962
        2.6604185000         0.3000000000         0.5108854271         1.7938216601       -21.5475444720
        2.6653963000         0.3000000000         0.5159900808         1.7198172138       -21.4145698236
        2.6704981000         0.3000000000         0.5032284465         1.6356052576       -21.7470064447
        2.6754034000         0.3000000000         0.5108854271         1.5564970564       -21.5475444720
        2.6804254000         0.3000000000         0.5287517151         1.4748369777       -21.0821332024
        2.6854258000         0.3000000000         0.5185424076         1.3931768990       -21.3480824993
        2.6904044000         0.3000000000         0.5083331002         1.3038611879       -21.6140317962
        2.6954443000         0.3000000000         0.5057807733         1.2170973543       -21.6805191205
        2.7004235000         0.3000000000         0.5108854271         1.1379891531       -21.5475444720
        2.7053971000         0.3000000000         0.5159900808         1.0614328293       -21.4145698236
        2.7104935000         0.3000000000         0.5134377539         0.9772208732       -21.4810571478
        2.7154171000         0.3000000000         0.5210947345         0.8955607945       -21.2815951751
        2.7204869000         0.3000000000         0.4981237928         0.8011413285       -21.8799810931
        2.7253923000         0.3000000000         0.5210947345         0.7220331273       -21.2815951751
        2.7304271000         0.3000000000         0.5236470613         0.6403730486       -21.2151078509
        2.7354627000         0.3000000000         0.5108854271         0.5536092150       -21.5475444720
        2.7404561000         0.3000000000         0.5083331002         0.4668453814       -21.6140317962
        2.7454238000         0.3000000000         0.5108854271         0.3826334252       -21.5475444720
        2.7504252000         0.3000000000         0.5057807733         0.2933177142       -21.6805191205
        2.7553921000         0.3000000000         0.5210947345         0.2116576355       -21.2815951751
        2.7603865000         0.3000000000         0.5159900808         0.1274456793       -21.4145698236
        2.7654270000         0.3000000000         0.5006761196         0.0355780908       -21.8134937689
        2.7703913000         0.3000000000         0.5236470613         0.0075074388       -21.2151078509
        2.7753895000         0.3000000000         0.5083331002         1.1124703785       -21.6140317962
        2.7804296000         0.3000000000         0.5313040419         5.0066353810       -21.0156458782
        2.7854486000         0.3000000000         0.5083331002         5.0015316260       -21.6140317962
        2.7904870000         0.3000000000         0.5159900808         4.9249753023       -21.4145698236
        2.7954602000         0.3000000000         0.5210947345         4.8407633461       -21.2815951751
        2.8004542000         0.3000000000         0.5108854271         4.7488957576       -21.5475444720
        2.8054544000         0.3000000000         0.5287517151         4.6748913113       -21.0821332024
        2.8104141000         0.3000000000         0.5159900808         4.5881274777       -21.4145698236
        2.8154497000         0.3000000000         0.5159900808         4.4937080117       -21.4145698236
        2.8204468000         0.3000000000         0.5185424076         4.4094960556       -21.3480824993
        2.8255099000         0.3000000000         0.5261993882         4.3278359769       -21.1486205266
        2.8303854000         0.3000000000         0.5313040419         4.2589352855       -21.0156458782
        2.8353977000         0.3000000000         0.5185424076         4.1747233293       -21.3480824993
        2.8404593000         0.3000000000         0.5261993882         4.0828557408       -21.1486205266
        2.8453883000         0.3000000000         0.5210947345         4.0062994170       -21.2815951751
        2.8504724000         0.3000000000         0.5389610225         3.9322949707       -20.8161839055
        2.8553886000         0.3000000000         0.5185424076         3.8404273822       -21.3480824993
        2.8604764000         0.3000000000         0.5236470613         3.7638710584       -21.2151078509
        2.8653887000         0.3000000000         0.5185424076         3.6822109797       -21.3480824993
        2.8703862000         0.3000000000         0.5287517151         3.5928952687       -21.0821332024
        2.8754685000         0.3000000000         0.5210947345         3.5214426998       -21.2815951751
        2.8803873000         0.3000000000         0.5083331002         3.4346788662       -21.6140317962
        2.8854665000         0.3000000000         0.5389610225         3.3606744199       -20.8161839055
        2.8903922000         0.3000000000         0.5185424076         3.2739105863       -21.3480824993
        2.8954221000         0.3000000000         0.5261993882         3.1922505076       -21.1486205266
        2.9004266000         0.3000000000         0.5210947345         3.1105904289       -21.2815951751
        2.9054242000         0.3000000000         0.5210947345         3.0314822277       -21.2815951751
        2.9104987000         0.3000000000         0.5159900808         2.9498221490       -21.4145698236
        2.9154589000         0.3000000000         0.5236470613         2.8681620703       -21.2151078509
        2.9204669000         0.3000000000         0.5261993882         2.7865019916       -21.1486205266
        2.9254404000         0.3000000000         0.5185424076         2.7048419129       -21.3480824993
        2.9304987000         0.3000000000         0.5210947345         2.6257337117       -21.2815951751
        2.9354932000         0.3000000000         0.5185424076         2.5440736330       -21.3480824993
        2.9404240000         0.3000000000         0.5210947345         2.4624135543       -21.2815951751
        2.9455226000         0.3000000000         0.5185424076         2.3782015982       -21.3480824993
        2.9504500000         0.3000000000         0.5236470613         2.3016452744       -21.2151078509
        2.9553985000         0.3000000000         0.5159900808         2.2199851957       -21.4145698236
        2.9605090000         0.3000000000         0.5134377539         2.1230138523       -21.4810571478
        2.9654247000         0.3000000000         0.5159900808         2.0413537736       -21.4145698236
        2.9704771000         0.3000000000         0.5108854271         1.9647974498       -21.5475444720
        2.9754384000         0.3000000000         0.5108854271         1.8780336162       -21.5475444720
        2.9804241000         0.3000000000         0.4981237928         1.7938216601       -21.8799810931
        2.9854326000         0.3000000000         0.5364086956         1.7300247236       -20.8826712297
        2.9904489000         0.3000000000         0.5006761196         1.6356052576       -21.8134937689
        2.9953960000         0.3000000000         0.5159900808         1.5667045662       -21.4145698236
        3.0003925000         0.3000000000         0.5134377539         1.4773888552       -21.4810571478
        3.0056123000         0.3000000000         0.5108854271         1.3880731441       -21.5475444720
        3.0104126000         0.3000000000         0.5236470613         1.3140686978       -21.2151078509
        3.0154541000         0.3000000000         0.5159900808         1.2273048642       -21.4145698236
        3.0204729000         0.3000000000         0.5057807733         1.1456447855       -21.6805191205
        3.0254897000         0.3000000000         0.5057807733         1.0639847068       -21.6805191205
        3.0304408000         0.3000000000         0.5236470613         0.9874283830       -21.2151078509
        3.0354164000         0.3000000000         0.5108854271         0.8930089170       -21.5475444720
        3.0403887000         0.3000000000         0.5134377539         0.8215563482       -21.4810571478
        3.0454300000         0.3000000000         0.5159900808         0.7296887597       -21.4145698236
        3.0504313000         0.3000000000         0.5134377539         0.6454768035       -21.4810571478
        3.0553967000         0.3000000000         0.5261993882         0.5663686023       -21.1486205266
        3.0604187000         0.3000000000         0.5134377539         0.4770528912       -21.4810571478
        3.0655371000         0.3000000000         0.5159900808         0.3928409351       -21.4145698236
        3.0704449000         0.3000000000         0.5210947345         0.3111808564       -21.2815951751
        3.0754141000         0.3000000000         0.5108854271         0.2142095129       -21.5475444720
        3.0804497000         0.3000000000         0.5108854271         0.1299975568       -21.5475444720
        3.0854119000         0.3000000000         0.5236470613         0.0559931105       -21.2151078509
        3.0904183000         0.3000000000         0.5261993882         0.0024036839       -21.1486205266
        3.0954189000         0.3000000000         0.5083331002         0.0049555613       -21.6140317962
        3.1004198000         0.3000000000         0.5236470613         5.0066353810       -21.2151078509
        3.1054423000         0.3000000000         0.5185424076         5.0091872584       -21.3480824993
        3.1104224000         0.3000000000         0.5134377539         4.9351828121       -21.4810571478
        3.1154091000         0.3000000000         0.5159900808         4.8535227334       -21.4145698236
        3.1204235000         0.3000000000         0.5185424076         4.7667588998       -21.3480824993
        3.1254169000         0.3000000000         0.5185424076         4.6799950662       -21.3480824993
        3.1305226000         0.3000000000         0.5159900808         4.5881274777       -21.4145698236
        3.1354503000         0.3000000000         0.5210947345         4.5090192765       -21.2815951751
        3.1404184000         0.3000000000         0.5210947345         4.4248073203       -21.2815951751
        3.1454877000         0.3000000000         0.5159900808         4.3405953642       -21.4145698236
        3.1504173000         0.3000000000         0.5287517151         4.2589352855       -21.0821332024
        3.1554108000         0.3000000000         0.5261993882         4.1772752068       -21.1486205266
        3.1603946000         0.3000000000         0.5261993882         4.1007188830       -21.1486205266
        3.1654721000         0.3000000000         0.5159900808         4.0165069269       -21.4145698236
        3.1704216000         0.3000000000         0.5159900808         3.9271912158       -21.4145698236
        3.1754434000         0.3000000000         0.5364086956         3.8582905244       -20.8826712297
        3.1804180000         0.3000000000         0.5083331002         3.7715266908       -21.6140317962
        3.1854103000         0.3000000000         0.5108854271         3.6847628572       -21.5475444720
        3.1904832000         0.3000000000         0.5338563688         3.6107584109       -20.9491585540
        3.1954224000         0.3000000000         0.5236470613         3.5188908224       -21.2151078509
        3.2004606000         0.3000000000         0.5006761196         3.4346788662       -21.8134937689
        3.2054943000         0.3000000000         0.5313040419         3.3657781748       -21.0156458782
        3.2104193000         0.3000000000         0.5134377539         3.2790143412       -21.4810571478
        3.2154724000         0.3000000000         0.5134377539         3.1973542625       -21.4810571478
        3.2204240000         0.3000000000         0.5210947345         3.1182460613       -21.2815951751
        3.2255173000         0.3000000000         0.5261993882         3.0365859826       -21.1486205266
        3.2304338000         0.3000000000         0.4955714659         2.9498221490       -21.9464684174
        3.2354875000         0.3000000000         0.5313040419         2.8758177027       -21.0156458782
        3.2405594000         0.3000000000         0.5159900808         2.8018132564       -21.4145698236
        3.2454160000         0.3000000000         0.5185424076         2.7048419129       -21.3480824993
        3.2504223000         0.3000000000         0.5236470613         2.6333893441       -21.2151078509
        3.2554273000         0.3000000000         0.5159900808         2.5415217556       -21.4145698236
        3.2604574000         0.3000000000         0.5210947345         2.4624135543       -21.2815951751
        3.2654893000         0.3000000000         0.5261993882         2.3858572306       -21.1486205266
        3.2704367000         0.3000000000         0.5261993882         2.2965415195       -21.1486205266
        3.2754476000         0.3000000000         0.5057807733         2.2148814408       -21.6805191205
        3.2804338000         0.3000000000         0.5134377539         2.1255657297       -21.4810571478
        3.2854028000         0.3000000000         0.5159900808         2.0566650383       -21.4145698236
        3.2904334000         0.3000000000         0.5261993882         1.9647974498       -21.1486205266
        3.2954298000         0.3000000000         0.5108854271         1.8856892486       -21.5475444720
        3.3004557000         0.3000000000         0.5057807733         1.7989254150       -21.6805191205
        3.3054415000         0.3000000000         0.5185424076         1.7300247236       -21.3480824993
        3.3108905000         0.3000000000         0.5057807733         1.6279496252       -21.6805191205
        3.3154362000         0.3000000000         0.5185424076         1.5590489338       -21.3480824993
        3.3206353000         0.3000000000         0.5057807733         1.4722851002       -21.6805191205
        3.3254429000         0.3000000000         0.5108854271         1.3957287765       -21.5475444720
        3.3305205000         0.3000000000         0.5261993882         1.3217243302       -21.1486205266
        3.3354747000         0.3000000000         0.5159900808         1.2222011093       -21.4145698236
        3.3404484000         0.3000000000         0.5159900808         1.1456447855       -21.4145698236
        3.3454371000         0.3000000000         0.5185424076         1.0767440941       -21.3480824993
        3.3506949000         0.3000000000         0.5261993882         0.9925321379       -21.1486205266
        3.3554553000         0.3000000000         0.5083331002         0.8930089170       -21.6140317962
        3.3604270000         0.3000000000         0.5134377539         0.8113488384       -21.4810571478
        3.3654283000         0.3000000000         0.5159900808         0.7322406371       -21.4145698236
        3.3704232000         0.3000000000         0.5108854271         0.6505805584       -21.5475444720
        3.3755313000         0.3000000000         0.5185424076         0.5587129699       -21.3480824993
        3.3805208000         0.3000000000         0.5159900808         0.4821566461       -21.4145698236
        3.3854212000         0.3000000000         0.5134377539         0.3979446900       -21.4810571478
        3.3904221000         0.3000000000         0.5108854271         0.3060771015       -21.5475444720
        3.3954652000         0.3000000000         0.5134377539         0.2193132679       -21.4810571478
        3.4004755000         0.3000000000         0.5159900808         0.1427569441       -21.4145698236
        3.4054296000         0.3000000000         0.5057807733         0.0483374781       -21.6805191205
        3.4104013000         0.3000000000         0.5313040419        -0.0001481936       -21.0156458782
        3.4155058000         0.3000000000         0.5057807733         0.0024036839       -21.6805191205
        3.4204284000         0.3000000000         0.5313040419         5.0117391359       -21.0156458782
        3.4254208000         0.3000000000         0.5159900808         5.0015316260       -21.4145698236
        3.4304796000         0.3000000000         0.5261993882         4.9479421994       -21.1486205266
        3.4355902000         0.3000000000         0.5083331002         4.8560746109       -21.6140317962
        3.4403919000         0.3000000000         0.5338563688         4.7769664097       -20.9491585540
        3.4454400000         0.3000000000         0.5134377539         4.6902025760       -21.4810571478
        3.4504713000         0.3000000000         0.5287517151         4.6059906199       -21.0821332024
        3.4553921000         0.3000000000         0.5210947345         4.5217786637       -21.2815951751
        3.4604587000         0.3000000000         0.5389610225         4.4452223400       -20.8161839055
        3.4654242000         0.3000000000         0.5134377539         4.3559066289       -21.4810571478
        3.4703987000         0.3000000000         0.5261993882         4.2691427953       -21.1486205266
        3.4754217000         0.3000000000         0.5287517151         4.1900345941       -21.0821332024
        3.4804939000         0.3000000000         0.5210947345         4.1083745154       -21.2815951751
        3.4854856000         0.3000000000         0.5108854271         4.0241625592       -21.5475444720
        3.4904951000         0.3000000000         0.5236470613         3.9450543580       -21.2151078509
        3.4954231000         0.3000000000         0.5236470613         3.8582905244       -21.2151078509
        3.5004272000         0.3000000000         0.5287517151         3.7868379556       -21.0821332024
        3.5054270000         0.3000000000         0.5159900808         3.7051778769       -21.4145698236
        3.5104215000         0.3000000000         0.5236470613         3.6158621658       -21.2151078509
        3.5154248000         0.3000000000         0.5236470613         3.5418577195       -21.2151078509
        3.5204181000         0.3000000000         0.5287517151         3.4627495183       -21.0821332024
        3.5254225000         0.3000000000         0.5313040419         3.3810894396       -21.0156458782
        3.5305047000         0.3000000000         0.5210947345         3.2994293609       -21.2815951751
        3.5354973000         0.3000000000         0.5210947345         3.2203211597       -21.2815951751
        3.5404511000         0.3000000000         0.5287517151         3.1335573261       -21.0821332024
        3.5454517000         0.3000000000         0.5313040419         3.0442416150       -21.0156458782
        3.5504305000         0.3000000000         0.5083331002         2.9727890461       -21.6140317962
        3.5556219000         0.3000000000         0.5287517151         2.8860252125       -21.0821332024
        3.5605376000         0.3000000000         0.5032284465         2.7992613789       -21.7470064447
        3.5655586000         0.3000000000         0.5236470613         2.7176013002       -21.2151078509
        3.5706531000         0.3000000000         0.5338563688         2.6512524863       -20.9491585540
        3.5755907000         0.3000000000         0.5261993882         2.5619367752       -21.1486205266
        3.5805527000         0.3000000000         0.5083331002         2.4777248191       -21.6140317962
        3.5854820000         0.3000000000         0.5236470613         2.3960647404       -21.2151078509
        3.5905172000         0.3000000000         0.5032284465         2.3093009068       -21.7470064447
        3.5955650000         0.3000000000         0.5389610225         2.2352964605       -20.8161839055
        3.6004641000         0.3000000000         0.5083331002         2.1485326269       -21.6140317962
        3.6055679000         0.3000000000         0.5210947345         2.0719763031       -21.2815951751
        3.6105124000         0.3000000000         0.5159900808         1.9928681019       -21.4145698236
        3.6154266000         0.3000000000         0.5210947345         1.9010005134       -21.2815951751
        3.6204841000         0.3000000000         0.5159900808         1.8218923121       -21.4145698236
        3.6257436000         0.3000000000         0.5083331002         1.7325766011       -21.6140317962
        3.6304597000         0.3000000000         0.5134377539         1.6585721547       -21.4810571478
        3.6354304000         0.3000000000         0.5210947345         1.5769120761       -21.2815951751
        3.6404813000         0.3000000000         0.5185424076         1.4952519974       -21.3480824993
        3.6454490000         0.3000000000         0.5236470613         1.4186956736       -21.2151078509
        3.6504615000         0.3000000000         0.5185424076         1.3395874724       -21.3480824993
        3.6554929000         0.3000000000         0.5108854271         1.2426161289       -21.5475444720
        3.6605233000         0.3000000000         0.5159900808         1.1660598052       -21.4145698236
        3.6654725000         0.3000000000         0.5185424076         1.0869516039       -21.3480824993
        3.6705003000         0.3000000000         0.5083331002         1.0052915252       -21.6140317962
        3.6754886000         0.3000000000         0.5134377539         0.9134239367       -21.4810571478
        3.6804901000         0.3000000000         0.5083331002         0.8266601031       -21.6140317962
        3.6854019000         0.3000000000         0.5210947345         0.7501037793       -21.2815951751
        3.6903902000         0.3000000000         0.5159900808         0.6684437007       -21.4145698236
        3.6954282000         0.3000000000         0.5108854271         0.5791279896       -21.5475444720
        3.7004288000         0.3000000000         0.5185424076         0.5000197884       -21.3480824993
        3.7054295000         0.3000000000         0.5236470613         0.4209115871       -21.2151078509
        3.7104249000         0.3000000000         0.5236470613         0.3315958761       -21.2151078509
        3.7154191000         0.3000000000         0.5057807733         0.2397282875       -21.6805191205
        3.7204548000         0.3000000000         0.5210947345         0.1657238412       -21.2815951751
        3.7254891000         0.3000000000         0.5159900808         0.0764081302       -21.4145698236
        3.7305130000         0.3000000000         0.5236470613         0.0024036839       -21.2151078509
        3.7354025000         0.3000000000         0.5108854271        -0.0052519485       -21.5475444720
        3.7403958000         0.3000000000         0.5185424076         4.9862203613       -21.3480824993
        3.7454277000         0.3000000000         0.5236470613         5.0066353810       -21.2151078509
        3.7504561000         0.3000000000         0.5287517151         4.9683572191       -21.0821332024
        3.7554843000         0.3000000000         0.5210947345         4.8713858756       -21.2815951751
        3.7604230000         0.3000000000         0.5261993882         4.7922776744       -21.1486205266
        3.7653940000         0.3000000000         0.5134377539         4.7080657183       -21.4810571478
        3.7704223000         0.3000000000         0.5134377539         4.6161981297       -21.4810571478
        3.7754956000         0.3000000000         0.5313040419         4.5370899285       -21.0156458782
        3.7804277000         0.3000000000         0.5134377539         4.4503260949       -21.4810571478
        3.7854332000         0.3000000000         0.5261993882         4.3737697711       -21.1486205266
        3.7904539000         0.3000000000         0.5134377539         4.2819021826       -21.4810571478
        3.7954956000         0.3000000000         0.5287517151         4.2053458588       -21.0821332024
        3.8004553000         0.3000000000         0.5210947345         4.1185820252       -21.2815951751
        3.8054211000         0.3000000000         0.5236470613         4.0343700691       -21.2151078509
        3.8106162000         0.3000000000         0.5134377539         3.9552618679       -21.4810571478
        3.8154247000         0.3000000000         0.5083331002         3.8710499117       -21.6140317962
        3.8204657000         0.3000000000         0.5236470613         3.7995973429       -21.2151078509
        3.8254003000         0.3000000000         0.5261993882         3.7128335092       -21.1486205266
        3.8304654000         0.3000000000         0.5108854271         3.6235177982       -21.5475444720
        3.8353929000         0.3000000000         0.5210947345         3.5520652293       -21.2815951751
        3.8404698000         0.3000000000         0.5313040419         3.4729570281       -21.0156458782
        3.8454418000         0.3000000000         0.5261993882         3.3887450720       -21.1486205266
        3.8503870000         0.3000000000         0.5185424076         3.3019812383       -21.3480824993
        3.8555045000         0.3000000000         0.5159900808         3.2177692822       -21.4145698236
        3.8604969000         0.3000000000         0.5134377539         3.1437648359       -21.4810571478
        3.8654245000         0.3000000000         0.5287517151         3.0646566347       -21.0821332024
        3.8704256000         0.3000000000         0.5083331002         2.9727890461       -21.6140317962
        3.8754312000         0.3000000000         0.5313040419         2.8962327224       -21.0156458782
        3.8804794000         0.3000000000         0.5185424076         2.8273320310       -21.3480824993
        3.8854607000         0.3000000000         0.5159900808         2.7431200748       -21.4145698236
        3.8904308000         0.3000000000         0.5287517151         2.6538043638       -21.0821332024
        3.8954645000         0.3000000000         0.5134377539         2.5695924076       -21.4810571478
        3.9004569000         0.3000000000         0.5287517151         2.4955879613       -21.0821332024
        3.9054674000         0.3000000000         0.5261993882         2.4113760052       -21.1486205266
        3.9104588000         0.3000000000         0.5236470613         2.3271640490       -21.2151078509
        3.9153913000         0.3000000000         0.5159900808         2.2378483379       -21.4145698236
        3.9203887000         0.3000000000         0.5261993882         2.1612920142       -21.1486205266
        3.9254278000         0.3000000000         0.5185424076         2.0770800580       -21.3480824993
        3.9305250000         0.3000000000         0.5210947345         1.9954199793       -21.2815951751
        3.9354295000         0.3000000000         0.5210947345         1.9112080232       -21.2815951751
        3.9404595000         0.3000000000         0.5159900808         1.8295479445       -21.4145698236
        3.9454587000         0.3000000000         0.5134377539         1.7453359884       -21.4810571478
        3.9504593000         0.3000000000         0.5236470613         1.6738834195       -21.2151078509
        3.9554634000         0.3000000000         0.5210947345         1.5973270957       -21.2815951751
        3.9604276000         0.3000000000         0.5261993882         1.5080113847       -21.1486205266
        3.9655389000         0.3000000000         0.5287517151         1.4289031834       -21.0821332024
        3.9705067000         0.3000000000         0.5159900808         1.3446912273       -21.4145698236
        3.9754506000         0.3000000000         0.5032284465         1.2604792711       -21.7470064447
        3.9804833000         0.3000000000         0.5185424076         1.1788191925       -21.3480824993
        3.9854617000         0.3000000000         0.5185424076         1.0971591138       -21.3480824993
        3.9904268000         0.3000000000         0.5261993882         1.0282584224       -21.1486205266
        3.9956136000         0.3000000000         0.5261993882         0.9414945888       -21.1486205266
        4.0004470000         0.3000000000         0.5159900808         0.8521788777       -21.4145698236
