% Sweep Step 39/200  Vcmd=2.7000V  CW
% Vg_offset=1.338056V  K_gimbal=26.049690

Time[s]              Vcmd[V]              Vg_raw[V]            Pot[V]               Omega[rad/s]
        0.0004477000         2.7000000000         1.3378393285         0.0024036839        -0.0056514226
        0.0055001000         2.7000000000         1.3429439823         0.0100593162         0.1273232259
        0.0104452000         2.7000000000         1.3403916554         0.0024036839         0.0608359017
        0.0155171000         2.7000000000         1.3454963091         0.0075074388         0.1938105501
        0.0205008000         2.7000000000         1.3378393285         0.0024036839        -0.0056514226
        0.0256873000         2.7000000000         1.3378393285        -0.0001481936        -0.0056514226
        0.0304096000         2.7000000000         1.3301823480        -0.0027000711        -0.2051133952
        0.0354179000         2.7000000000         1.3301823480        -0.0027000711        -0.2051133952
        0.0404429000         2.7000000000         1.3378393285        -0.0001481936        -0.0056514226
        0.0454592000         2.7000000000         1.3429439823         0.0024036839         0.1273232259
        0.0504594000         2.7000000000         1.3429439823         0.0075074388         0.1273232259
        0.0554239000         2.7000000000         1.3429439823         0.0024036839         0.1273232259
        0.0605428000         2.7000000000         1.3582579434        -0.0001481936         0.5262471713
        0.0655004000         2.7000000000         1.3659149240         0.0100593162         0.7257091439
        0.0704309000         2.7000000000         1.3582579434         0.0049555613         0.5262471713
        0.0754102000         2.7000000000         1.3659149240         0.0100593162         0.7257091439
        0.0804320000         2.7000000000         1.3557056165         0.0100593162         0.4597598470
        0.0854590000         2.7000000000         1.3608102703         0.0100593162         0.5927344955
        0.0904306000         2.7000000000         1.3582579434         0.0151630711         0.5262471713
        0.0955822000         2.7000000000         1.3557056165         0.0151630711         0.4597598470
        0.1005353000         2.7000000000         1.3557056165         0.0151630711         0.4597598470
        0.1055235000         2.7000000000         1.3633625971         0.0228187035         0.6592218197
        0.1104144000         2.7000000000         1.3608102703         0.0228187035         0.5927344955
        0.1154895000         2.7000000000         1.3557056165         0.0202668261         0.4597598470
        0.1205295000         2.7000000000         1.3531532897         0.0202668261         0.3932725228
        0.1254112000         2.7000000000         1.3531532897         0.0228187035         0.3932725228
        0.1304084000         2.7000000000         1.3480486360         0.0177149486         0.2602978743
        0.1354077000         2.7000000000         1.3582579434         0.0304743359         0.5262471713
        0.1404025000         2.7000000000         1.3557056165         0.0304743359         0.4597598470
        0.1454480000         2.7000000000         1.3506009628         0.0253705810         0.3267851986
        0.1504658000         2.7000000000         1.3480486360         0.0304743359         0.2602978743
        0.1554103000         2.7000000000         1.3403916554         0.0228187035         0.0608359017
        0.1604081000         2.7000000000         1.3429439823         0.0330262134         0.1273232259
        0.1654681000         2.7000000000         1.3454963091         0.0304743359         0.1938105501
        0.1704289000         2.7000000000         1.3429439823         0.0330262134         0.1273232259
        0.1754743000         2.7000000000         1.3429439823         0.0330262134         0.1273232259
        0.1804029000         2.7000000000         1.3352870017         0.0253705810        -0.0721387468
        0.1854121000         2.7000000000         1.3429439823         0.0330262134         0.1273232259
        0.1904476000         2.7000000000         1.3403916554         0.0330262134         0.0608359017
        0.1954864000         2.7000000000         1.3454963091         0.0381299683         0.1938105501
        0.2003898000         2.7000000000         1.3378393285         0.0304743359        -0.0056514226
        0.2055019000         2.7000000000         1.3480486360         0.0381299683         0.2602978743
        0.2104401000         2.7000000000         1.3403916554         0.0330262134         0.0608359017
        0.2155942000         2.7000000000         1.3327346748         0.0279224584        -0.1386260710
        0.2204043000         2.7000000000         1.3327346748         0.0279224584        -0.1386260710
        0.2255268000         2.7000000000         1.3352870017         0.0279224584        -0.0721387468
        0.2305699000         2.7000000000         1.3403916554         0.0355780908         0.0608359017
        0.2354714000         2.7000000000         1.3454963091         0.0406818457         0.1938105501
        0.2405590000         2.7000000000         1.3429439823         0.0406818457         0.1273232259
        0.2455785000         2.7000000000         1.3378393285         0.0355780908        -0.0056514226
        0.2504890000         2.7000000000         1.3327346748         0.0304743359        -0.1386260710
        0.2555213000         2.7000000000         1.3327346748         0.0304743359        -0.1386260710
        0.2605006000         2.7000000000         1.3480486360         0.0355780908         0.2602978743
        0.2654392000         2.7000000000         1.3429439823         0.0406818457         0.1273232259
        0.2704187000         2.7000000000         1.3454963091         0.0381299683         0.1938105501
        0.2755413000         2.7000000000         1.3378393285         0.0355780908        -0.0056514226
        0.2804173000         2.7000000000         1.3378393285         0.0330262134        -0.0056514226
        0.2854082000         2.7000000000         1.3429439823         0.0381299683         0.1273232259
        0.2904045000         2.7000000000         1.3429439823         0.0381299683         0.1273232259
        0.2954378000         2.7000000000         1.3429439823         0.0406818457         0.1273232259
        0.3004120000         2.7000000000         1.3352870017         0.0330262134        -0.0721387468
        0.3054091000         2.7000000000         1.3429439823         0.0406818457         0.1273232259
        0.3104072000         2.7000000000         1.3429439823         0.0381299683         0.1273232259
        0.3154155000         2.7000000000         1.3378393285         0.0330262134        -0.0056514226
        0.3204112000         2.7000000000         1.3301823480         0.0304743359        -0.2051133952
        0.3255316000         2.7000000000         1.3352870017         0.0304743359        -0.0721387468
        0.3304826000         2.7000000000         1.3378393285         0.0355780908        -0.0056514226
        0.3355479000         2.7000000000         1.3480486360         0.0381299683         0.2602978743
        0.3404118000         2.7000000000         1.3352870017         0.0355780908        -0.0721387468
        0.3455232000         2.7000000000         1.3301823480         0.0304743359        -0.2051133952
        0.3504141000         2.7000000000         1.3352870017         0.0355780908        -0.0721387468
        0.3554017000         2.7000000000         1.3327346748         0.0304743359        -0.1386260710
        0.3604047000         2.7000000000         1.3327346748         0.0304743359        -0.1386260710
        0.3654026000         2.7000000000         1.3403916554         0.0355780908         0.0608359017
        0.3705227000         2.7000000000         1.3327346748         0.0253705810        -0.1386260710
        0.3754712000         2.7000000000         1.3378393285         0.0330262134        -0.0056514226
        0.3805110000         2.7000000000         1.3378393285         0.0330262134        -0.0056514226
        0.3855400000         2.7000000000         1.3378393285         0.0330262134        -0.0056514226
        0.3905176000         2.7000000000         1.3352870017         0.0355780908        -0.0721387468
        0.3955754000         2.7000000000         1.3378393285         0.0330262134        -0.0056514226
        0.4006142000         2.7000000000         1.3352870017         0.0330262134        -0.0721387468
        0.4054438000         2.7000000000         1.3301823480         0.0279224584        -0.2051133952
        0.4104809000         2.7000000000         1.3378393285         0.0355780908        -0.0056514226
        0.4154521000         2.7000000000         1.3301823480         0.0304743359        -0.2051133952
        0.4206005000         2.7000000000         1.3276300211         0.0304743359        -0.2716007195
        0.4254888000         2.7000000000         1.3378393285         0.0330262134        -0.0056514226
        0.4305003000         2.7000000000         1.3301823480         0.0304743359        -0.2051133952
        0.4355294000         2.7000000000         1.3327346748         0.0304743359        -0.1386260710
        0.4405577000         2.7000000000         1.3531532897         0.0355780908         0.3932725228
        0.4455585000         2.7000000000         1.3352870017         0.0330262134        -0.0721387468
        0.4504678000         2.7000000000         1.3403916554         0.0406818457         0.0608359017
        0.4555587000         2.7000000000         1.3403916554         0.0355780908         0.0608359017
        0.4605724000         2.7000000000         1.3301823480         0.0279224584        -0.2051133952
        0.4654156000         2.7000000000         1.3301823480         0.0279224584        -0.2051133952
        0.4704318000         2.7000000000         1.3378393285         0.0355780908        -0.0056514226
        0.4753949000         2.7000000000         1.3429439823         0.0406818457         0.1273232259
        0.4804089000         2.7000000000         1.3378393285         0.0355780908        -0.0056514226
        0.4854037000         2.7000000000         1.3378393285         0.0355780908        -0.0056514226
        0.4903974000         2.7000000000         1.3378393285         0.0330262134        -0.0056514226
        0.4955361000         2.7000000000         1.3454963091         0.0432337232         0.1938105501
        0.5006018000         2.7000000000         1.3301823480         0.0304743359        -0.2051133952
        0.5054845000         2.7000000000         1.3403916554         0.0330262134         0.0608359017
        0.5104993000         2.7000000000         1.3531532897         0.0355780908         0.3932725228
        0.5155508000         2.7000000000         1.3429439823         0.0406818457         0.1273232259
        0.5204517000         2.7000000000         1.3378393285         0.0330262134        -0.0056514226
        0.5254835000         2.7000000000         1.3429439823         0.0432337232         0.1273232259
        0.5306591000         2.7000000000         1.3403916554         0.0330262134         0.0608359017
        0.5354773000         2.7000000000         1.3352870017         0.0355780908        -0.0721387468
        0.5404796000         2.7000000000         1.3327346748         0.0355780908        -0.1386260710
        0.5455833000         2.7000000000         1.3429439823         0.0381299683         0.1273232259
        0.5507882000         2.7000000000         1.3403916554         0.0330262134         0.0608359017
        0.5554652000         2.7000000000         1.3454963091         0.0406818457         0.1938105501
        0.5604013000         2.7000000000         1.3352870017         0.0355780908        -0.0721387468
        0.5654178000         2.7000000000         1.3429439823         0.0406818457         0.1273232259
        0.5704500000         2.7000000000         1.3454963091         0.0406818457         0.1938105501
        0.5754756000         2.7000000000         1.3352870017         0.0279224584        -0.0721387468
        0.5804690000         2.7000000000         1.3301823480         0.0304743359        -0.2051133952
        0.5855775000         2.7000000000         1.3506009628         0.0330262134         0.3267851986
        0.5905619000         2.7000000000         1.3301823480         0.0279224584        -0.2051133952
        0.5954856000         2.7000000000         1.3327346748         0.0304743359        -0.1386260710
        0.6006971000         2.7000000000         1.3352870017         0.0355780908        -0.0721387468
        0.6055632000         2.7000000000         1.3352870017         0.0355780908        -0.0721387468
        0.6105722000         2.7000000000         1.3352870017         0.0330262134        -0.0721387468
        0.6155352000         2.7000000000         1.3352870017         0.0355780908        -0.0721387468
        0.6205922000         2.7000000000         1.3301823480         0.0304743359        -0.2051133952
        0.6255536000         2.7000000000         1.3352870017         0.0355780908        -0.0721387468
        0.6305608000         2.7000000000         1.3378393285         0.0355780908        -0.0056514226
        0.6355199000         2.7000000000         1.3301823480         0.0304743359        -0.2051133952
        0.6406046000         2.7000000000         1.3352870017         0.0304743359        -0.0721387468
        0.6454976000         2.7000000000         1.3301823480         0.0304743359        -0.2051133952
        0.6505803000         2.7000000000         1.3403916554         0.0355780908         0.0608359017
        0.6554145000         2.7000000000         1.3378393285         0.0330262134        -0.0056514226
        0.6603936000         2.7000000000         1.3429439823         0.0406818457         0.1273232259
        0.6654317000         2.7000000000         1.3378393285         0.0330262134        -0.0056514226
        0.6704366000         2.7000000000         1.3429439823         0.0406818457         0.1273232259
        0.6754607000         2.7000000000         1.3454963091         0.0406818457         0.1938105501
        0.6804175000         2.7000000000         1.3378393285         0.0330262134        -0.0056514226
        0.6854545000         2.7000000000         1.3301823480         0.0304743359        -0.2051133952
        0.6904320000         2.7000000000         1.3378393285         0.0355780908        -0.0056514226
        0.6954477000         2.7000000000         1.3352870017         0.0355780908        -0.0721387468
        0.7003863000         2.7000000000         1.3301823480         0.0279224584        -0.2051133952
        0.7054251000         2.7000000000         1.3378393285         0.0355780908        -0.0056514226
        0.7103863000         2.7000000000         1.3352870017         0.0330262134        -0.0721387468
        0.7154315000         2.7000000000         1.3403916554         0.0330262134         0.0608359017
        0.7204277000         2.7000000000         1.3301823480         0.0304743359        -0.2051133952
        0.7254009000         2.7000000000         1.3378393285         0.0355780908        -0.0056514226
        0.7304372000         2.7000000000         1.3429439823         0.0406818457         0.1273232259
        0.7354727000         2.7000000000         1.3352870017         0.0279224584        -0.0721387468
        0.7406002000         2.7000000000         1.3378393285         0.0355780908        -0.0056514226
        0.7454642000         2.7000000000         1.3429439823         0.0406818457         0.1273232259
        0.7504218000         2.7000000000         1.3403916554         0.0432337232         0.0608359017
        0.7554115000         2.7000000000         1.3378393285         0.0355780908        -0.0056514226
        0.7604053000         2.7000000000         1.3429439823         0.0406818457         0.1273232259
        0.7654024000         2.7000000000         1.3429439823         0.0432337232         0.1273232259
        0.7703987000         2.7000000000         1.3378393285         0.0355780908        -0.0056514226
        0.7754475000         2.7000000000         1.3352870017         0.0355780908        -0.0721387468
        0.7804181000         2.7000000000         1.3378393285         0.0355780908        -0.0056514226
        0.7854345000         2.7000000000         1.3378393285         0.0355780908        -0.0056514226
        0.7912899000         2.7000000000         1.3352870017         0.0355780908        -0.0721387468
        0.7954532000         2.7000000000         1.3403916554         0.0355780908         0.0608359017
        0.8005808000         2.7000000000         1.3378393285         0.0355780908        -0.0056514226
        0.8054088000         2.7000000000         1.3327346748         0.0279224584        -0.1386260710
        0.8104623000         2.7000000000         1.3378393285         0.0355780908        -0.0056514226
        0.8154477000         2.7000000000         1.3352870017         0.0355780908        -0.0721387468
        0.8204047000         2.7000000000         1.3327346748         0.0304743359        -0.1386260710
        0.8254182000         2.7000000000         1.3378393285         0.0330262134        -0.0056514226
        0.8304014000         2.7000000000         1.3352870017         0.0355780908        -0.0721387468
        0.8354080000         2.7000000000         1.3352870017         0.0355780908        -0.0721387468
        0.8404093000         2.7000000000         1.3429439823         0.0406818457         0.1273232259
        0.8456835000         2.7000000000         1.3429439823         0.0406818457         0.1273232259
        0.8504129000         2.7000000000         1.3352870017         0.0355780908        -0.0721387468
        0.8554151000         2.7000000000         1.3327346748         0.0279224584        -0.1386260710
        0.8604609000         2.7000000000         1.3378393285         0.0330262134        -0.0056514226
        0.8654028000         2.7000000000         1.3327346748         0.0304743359        -0.1386260710
        0.8704032000         2.7000000000         1.3301823480         0.0279224584        -0.2051133952
        0.8754325000         2.7000000000         1.3429439823         0.0406818457         0.1273232259
        0.8804564000         2.7000000000         1.3301823480         0.0304743359        -0.2051133952
        0.8855062000         2.7000000000         1.3352870017         0.0355780908        -0.0721387468
        0.8904232000         2.7000000000         1.3429439823         0.0406818457         0.1273232259
        0.8953978000         2.7000000000         1.3352870017         0.0355780908        -0.0721387468
        0.9004074000         2.7000000000         1.3327346748         0.0279224584        -0.1386260710
        0.9054037000         2.7000000000         1.3327346748         0.0279224584        -0.1386260710
        0.9104245000         2.7000000000         1.3429439823         0.0381299683         0.1273232259
        0.9154235000         2.7000000000         1.3301823480         0.0279224584        -0.2051133952
        0.9204318000         2.7000000000         1.3429439823         0.0381299683         0.1273232259
        0.9254211000         2.7000000000         1.3301823480         0.0304743359        -0.2051133952
        0.9304392000         2.7000000000         1.3352870017         0.0330262134        -0.0721387468
        0.9354912000         2.7000000000         1.3352870017         0.0330262134        -0.0721387468
        0.9404304000         2.7000000000         1.3276300211         0.0279224584        -0.2716007195
        0.9454238000         2.7000000000         1.3378393285         0.0355780908        -0.0056514226
        0.9504186000         2.7000000000         1.3429439823         0.0406818457         0.1273232259
        0.9555380000         2.7000000000         1.3429439823         0.0406818457         0.1273232259
        0.9604424000         2.7000000000         1.3378393285         0.0355780908        -0.0056514226
        0.9653985000         2.7000000000         1.3378393285         0.0355780908        -0.0056514226
        0.9704389000         2.7000000000         1.3352870017         0.0355780908        -0.0721387468
        0.9754253000         2.7000000000         1.3378393285         0.0355780908        -0.0056514226
        0.9804076000         2.7000000000         1.3378393285         0.0330262134        -0.0056514226
        0.9854287000         2.7000000000         1.3327346748         0.0279224584        -0.1386260710
        0.9904210000         2.7000000000         1.3352870017         0.0355780908        -0.0721387468
        0.9954295000         2.7000000000         1.3378393285         0.0355780908        -0.0056514226
        1.0004832000         2.7000000000         1.3403916554         0.0355780908         0.0608359017
        1.0054149000         2.7000000000         1.3378393285         0.0355780908        -0.0056514226
        1.0104019000         2.7000000000         1.3327346748         0.0304743359        -0.1386260710
        1.0154072000         2.7000000000         1.3327346748         0.0253705810        -0.1386260710
        1.0204317000         2.7000000000         1.3403916554         0.0355780908         0.0608359017
        1.0254606000         2.7000000000         1.3454963091         0.0406818457         0.1938105501
        1.0304584000         2.7000000000         1.3378393285         0.0355780908        -0.0056514226
        1.0354561000         2.7000000000         1.3403916554         0.0279224584         0.0608359017
        1.0403979000         2.7000000000         1.3429439823         0.0381299683         0.1273232259
        1.0454015000         2.7000000000         1.3352870017         0.0355780908        -0.0721387468
        1.0504212000         2.7000000000         1.3327346748         0.0304743359        -0.1386260710
        1.0553942000         2.7000000000         1.3327346748         0.0279224584        -0.1386260710
        1.0603938000         2.7000000000         1.3429439823         0.0406818457         0.1273232259
        1.0654175000         2.7000000000         1.3454963091         0.0406818457         0.1938105501
        1.0704340000         2.7000000000         1.3378393285         0.0355780908        -0.0056514226
        1.0754075000         2.7000000000         1.3378393285         0.0330262134        -0.0056514226
        1.0804956000         2.7000000000         1.3378393285         0.0406818457        -0.0056514226
        1.0854005000         2.7000000000         1.3378393285         0.0381299683        -0.0056514226
        1.0904023000         2.7000000000         1.3454963091         0.0406818457         0.1938105501
        1.0953943000         2.7000000000         1.3429439823         0.0406818457         0.1273232259
        1.1004737000         2.7000000000         1.3378393285         0.0330262134        -0.0056514226
        1.1054021000         2.7000000000         1.3327346748         0.0304743359        -0.1386260710
        1.1103945000         2.7000000000         1.3301823480         0.0304743359        -0.2051133952
        1.1153972000         2.7000000000         1.3378393285         0.0330262134        -0.0056514226
        1.1204424000         2.7000000000         1.3429439823         0.0381299683         0.1273232259
        1.1254154000         2.7000000000         1.3378393285         0.0330262134        -0.0056514226
        1.1304633000         2.7000000000         1.3378393285         0.0330262134        -0.0056514226
        1.1354354000         2.7000000000         1.3378393285         0.0355780908        -0.0056514226
        1.1404644000         2.7000000000         1.3378393285         0.0355780908        -0.0056514226
        1.1453905000         2.7000000000         1.3403916554         0.0355780908         0.0608359017
        1.1504106000         2.7000000000         1.3454963091         0.0381299683         0.1938105501
        1.1554998000         2.7000000000         1.3352870017         0.0355780908        -0.0721387468
        1.1603985000         2.7000000000         1.3378393285         0.0355780908        -0.0056514226
        1.1654063000         2.7000000000         1.3301823480         0.0304743359        -0.2051133952
        1.1704377000         2.7000000000         1.3352870017         0.0355780908        -0.0721387468
        1.1753995000         2.7000000000         1.3378393285         0.0355780908        -0.0056514226
        1.1803981000         2.7000000000         1.3352870017         0.0330262134        -0.0721387468
        1.1854376000         2.7000000000         1.3378393285         0.0330262134        -0.0056514226
        1.1904027000         2.7000000000         1.3352870017         0.0330262134        -0.0721387468
        1.1954990000         2.7000000000         1.3403916554         0.0355780908         0.0608359017
        1.2004140000         2.7000000000         1.3327346748         0.0279224584        -0.1386260710
        1.2054044000         2.7000000000         1.3378393285         0.0355780908        -0.0056514226
        1.2104575000         2.7000000000         1.3352870017         0.0279224584        -0.0721387468
        1.2154570000         2.7000000000         1.3403916554         0.0330262134         0.0608359017
        1.2204251000         2.7000000000         1.3378393285         0.0355780908        -0.0056514226
        1.2254070000         2.7000000000         1.3301823480         0.0279224584        -0.2051133952
        1.2304774000         2.7000000000         1.3301823480         0.0304743359        -0.2051133952
        1.2354418000         2.7000000000         1.3378393285         0.0355780908        -0.0056514226
        1.2404012000         2.7000000000         1.3352870017         0.0355780908        -0.0721387468
        1.2454028000         2.7000000000         1.3352870017         0.0355780908        -0.0721387468
        1.2504471000         2.7000000000         1.3327346748         0.0304743359        -0.1386260710
        1.2554389000         2.7000000000         1.3378393285         0.0355780908        -0.0056514226
        1.2603999000         2.7000000000         1.3301823480         0.0304743359        -0.2051133952
        1.2654203000         2.7000000000         1.3378393285         0.0355780908        -0.0056514226
        1.2709521000         2.7000000000         1.3378393285         0.0330262134        -0.0056514226
        1.2773519000         2.7000000000         1.3378393285         0.0330262134        -0.0056514226
        1.2804146000         2.7000000000         1.3403916554         0.0330262134         0.0608359017
        1.2854967000         2.7000000000         1.3378393285         0.0355780908        -0.0056514226
        1.2904385000         2.7000000000         1.3352870017         0.0330262134        -0.0721387468
        1.2954060000         2.7000000000         1.3454963091         0.0381299683         0.1938105501
        1.3003992000         2.7000000000         1.3429439823         0.0406818457         0.1273232259
        1.3054070000         2.7000000000         1.3378393285         0.0330262134        -0.0056514226
        1.3104389000         2.7000000000         1.3378393285         0.0330262134        -0.0056514226
        1.3154010000         2.7000000000         1.3301823480         0.0304743359        -0.2051133952
        1.3203891000         2.7000000000         1.3352870017         0.0355780908        -0.0721387468
        1.3254122000         2.7000000000         1.3327346748         0.0304743359        -0.1386260710
        1.3304680000         2.7000000000         1.3378393285         0.0355780908        -0.0056514226
        1.3354355000         2.7000000000         1.3454963091         0.0432337232         0.1938105501
        1.3404079000         2.7000000000         1.3301823480         0.0279224584        -0.2051133952
        1.3454031000         2.7000000000         1.3378393285         0.0355780908        -0.0056514226
        1.3504119000         2.7000000000         1.3429439823         0.0381299683         0.1273232259
        1.3555019000         2.7000000000         1.3352870017         0.0355780908        -0.0721387468
        1.3603979000         2.7000000000         1.3378393285         0.0355780908        -0.0056514226
        1.3654298000         2.7000000000         1.3352870017         0.0304743359        -0.0721387468
        1.3704042000         2.7000000000         1.3301823480         0.0304743359        -0.2051133952
        1.3754719000         2.7000000000         1.3378393285         0.0355780908        -0.0056514226
        1.3804550000         2.7000000000         1.3378393285         0.0355780908        -0.0056514226
        1.3855253000         2.7000000000         1.3429439823         0.0381299683         0.1273232259
        1.3904178000         2.7000000000         1.3454963091         0.0406818457         0.1938105501
        1.3954354000         2.7000000000         1.3352870017         0.0330262134        -0.0721387468
        1.4004320000         2.7000000000         1.3327346748         0.0304743359        -0.1386260710
        1.4054328000         2.7000000000         1.3429439823         0.0432337232         0.1273232259
        1.4104415000         2.7000000000         1.3352870017         0.0355780908        -0.0721387468
        1.4154867000         2.7000000000         1.3327346748         0.0279224584        -0.1386260710
        1.4203903000         2.7000000000         1.3378393285         0.0330262134        -0.0056514226
        1.4254908000         2.7000000000         1.3301823480         0.0279224584        -0.2051133952
        1.4303901000         2.7000000000         1.3327346748         0.0304743359        -0.1386260710
        1.4353906000         2.7000000000         1.3352870017         0.0330262134        -0.0721387468
        1.4403913000         2.7000000000         1.3352870017         0.0355780908        -0.0721387468
        1.4454112000         2.7000000000         1.3378393285         0.0355780908        -0.0056514226
        1.4504130000         2.7000000000         1.3403916554         0.0406818457         0.0608359017
        1.4554282000         2.7000000000         1.3352870017         0.0355780908        -0.0721387468
        1.4603992000         2.7000000000         1.3429439823         0.0406818457         0.1273232259
        1.4653908000         2.7000000000         1.3454963091         0.0432337232         0.1938105501
        1.4705005000         2.7000000000         1.3301823480         0.0304743359        -0.2051133952
        1.4754966000         2.7000000000         1.3327346748         0.0304743359        -0.1386260710
        1.4804003000         2.7000000000         1.3301823480         0.0279224584        -0.2051133952
        1.4854473000         2.7000000000         1.3352870017         0.0330262134        -0.0721387468
        1.4904092000         2.7000000000         1.3429439823         0.0406818457         0.1273232259
        1.4954008000         2.7000000000         1.3378393285         0.0355780908        -0.0056514226
        1.5003918000         2.7000000000         1.3454963091         0.0406818457         0.1938105501
        1.5053977000         2.7000000000         1.3378393285         0.0355780908        -0.0056514226
        1.5104495000         2.7000000000         1.3429439823         0.0406818457         0.1273232259
        1.5154502000         2.7000000000         1.3378393285         0.0330262134        -0.0056514226
        1.5203973000         2.7000000000         1.3327346748         0.0279224584        -0.1386260710
        1.5254525000         2.7000000000         1.3301823480         0.0279224584        -0.2051133952
        1.5304516000         2.7000000000         1.3301823480         0.0304743359        -0.2051133952
        1.5354283000         2.7000000000         1.3301823480         0.0279224584        -0.2051133952
        1.5404024000         2.7000000000         1.3454963091         0.0279224584         0.1938105501
        1.5454530000         2.7000000000         1.3378393285         0.0355780908        -0.0056514226
        1.5511410000         2.7000000000         1.3327346748         0.0279224584        -0.1386260710
        1.5554113000         2.7000000000         1.3429439823         0.0406818457         0.1273232259
        1.5604102000         2.7000000000         1.3378393285         0.0355780908        -0.0056514226
        1.5654328000         2.7000000000         1.3378393285         0.0355780908        -0.0056514226
        1.5704460000         2.7000000000         1.3429439823         0.0406818457         0.1273232259
        1.5754089000         2.7000000000         1.3327346748         0.0304743359        -0.1386260710
        1.5803985000         2.7000000000         1.3352870017         0.0355780908        -0.0721387468
        1.5854528000         2.7000000000         1.3378393285         0.0279224584        -0.0056514226
        1.5904338000         2.7000000000         1.3301823480         0.0304743359        -0.2051133952
        1.5954293000         2.7000000000         1.3429439823         0.0406818457         0.1273232259
        1.6004194000         2.7000000000         1.3429439823         0.0381299683         0.1273232259
        1.6053908000         2.7000000000         1.3454963091         0.0406818457         0.1938105501
        1.6104124000         2.7000000000         1.3352870017         0.0355780908        -0.0721387468
        1.6153893000         2.7000000000         1.3378393285         0.0355780908        -0.0056514226
        1.6204258000         2.7000000000         1.3429439823         0.0406818457         0.1273232259
        1.6253966000         2.7000000000         1.3378393285         0.0355780908        -0.0056514226
        1.6304027000         2.7000000000         1.3352870017         0.0381299683        -0.0721387468
        1.6353986000         2.7000000000         1.3429439823         0.0406818457         0.1273232259
        1.6403908000         2.7000000000         1.3429439823         0.0406818457         0.1273232259
        1.6453912000         2.7000000000         1.3327346748         0.0355780908        -0.1386260710
        1.6504676000         2.7000000000         1.3429439823         0.0406818457         0.1273232259
        1.6554021000         2.7000000000         1.3429439823         0.0406818457         0.1273232259
        1.6604286000         2.7000000000         1.3352870017         0.0355780908        -0.0721387468
        1.6654307000         2.7000000000         1.3352870017         0.0330262134        -0.0721387468
        1.6704528000         2.7000000000         1.3301823480         0.0279224584        -0.2051133952
        1.6754311000         2.7000000000         1.3378393285         0.0355780908        -0.0056514226
        1.6804023000         2.7000000000         1.3429439823         0.0406818457         0.1273232259
        1.6854062000         2.7000000000         1.3301823480         0.0279224584        -0.2051133952
        1.6904325000         2.7000000000         1.3378393285         0.0381299683        -0.0056514226
        1.6954026000         2.7000000000         1.3429439823         0.0381299683         0.1273232259
        1.7004031000         2.7000000000         1.3378393285         0.0355780908        -0.0056514226
        1.7054075000         2.7000000000         1.3327346748         0.0304743359        -0.1386260710
        1.7104028000         2.7000000000         1.3352870017         0.0330262134        -0.0721387468
        1.7153991000         2.7000000000         1.3352870017         0.0355780908        -0.0721387468
        1.7204119000         2.7000000000         1.3378393285         0.0355780908        -0.0056514226
        1.7254061000         2.7000000000         1.3454963091         0.0406818457         0.1938105501
        1.7304748000         2.7000000000         1.3429439823         0.0406818457         0.1273232259
        1.7354376000         2.7000000000         1.3454963091         0.0381299683         0.1938105501
        1.7405141000         2.7000000000         1.3378393285         0.0355780908        -0.0056514226
        1.7454085000         2.7000000000         1.3378393285         0.0330262134        -0.0056514226
        1.7504588000         2.7000000000         1.3378393285         0.0330262134        -0.0056514226
        1.7554700000         2.7000000000         1.3327346748         0.0355780908        -0.1386260710
        1.7604101000         2.7000000000         1.3403916554         0.0330262134         0.0608359017
        1.7654353000         2.7000000000         1.3378393285         0.0355780908        -0.0056514226
        1.7704175000         2.7000000000         1.3429439823         0.0406818457         0.1273232259
        1.7754182000         2.7000000000         1.3378393285         0.0355780908        -0.0056514226
        1.7804111000         2.7000000000         1.3301823480         0.0304743359        -0.2051133952
        1.7854540000         2.7000000000         1.3378393285         0.0355780908        -0.0056514226
        1.7908143000         2.7000000000         1.3429439823         0.0406818457         0.1273232259
        1.7954166000         2.7000000000         1.3429439823         0.0406818457         0.1273232259
        1.8004176000         2.7000000000         1.3429439823         0.0406818457         0.1273232259
        1.8054205000         2.7000000000         1.3429439823         0.0406818457         0.1273232259
        1.8104244000         2.7000000000         1.3403916554         0.0406818457         0.0608359017
        1.8154487000         2.7000000000         1.3378393285         0.0355780908        -0.0056514226
        1.8204819000         2.7000000000         1.3327346748         0.0304743359        -0.1386260710
        1.8254446000         2.7000000000         1.3301823480         0.0304743359        -0.2051133952
        1.8305172000         2.7000000000         1.3429439823         0.0406818457         0.1273232259
        1.8355251000         2.7000000000         1.3454963091         0.0381299683         0.1938105501
        1.8404094000         2.7000000000         1.3429439823         0.0406818457         0.1273232259
        1.8455056000         2.7000000000         1.3454963091         0.0406818457         0.1938105501
        1.8504490000         2.7000000000         1.3301823480         0.0279224584        -0.2051133952
        1.8554367000         2.7000000000         1.3378393285         0.0330262134        -0.0056514226
        1.8604199000         2.7000000000         1.3429439823         0.0406818457         0.1273232259
        1.8654370000         2.7000000000         1.3378393285         0.0355780908        -0.0056514226
        1.8704382000         2.7000000000         1.3429439823         0.0406818457         0.1273232259
        1.8754131000         2.7000000000         1.3378393285         0.0355780908        -0.0056514226
        1.8804008000         2.7000000000         1.3327346748         0.0304743359        -0.1386260710
        1.8854074000         2.7000000000         1.3454963091         0.0406818457         0.1938105501
        1.8904309000         2.7000000000         1.3378393285         0.0330262134        -0.0056514226
        1.8954559000         2.7000000000         1.3378393285         0.0330262134        -0.0056514226
        1.9004211000         2.7000000000         1.3403916554         0.0355780908         0.0608359017
        1.9054021000         2.7000000000         1.3327346748         0.0279224584        -0.1386260710
        1.9104295000         2.7000000000         1.3352870017         0.0355780908        -0.0721387468
        1.9154098000         2.7000000000         1.3301823480         0.0279224584        -0.2051133952
        1.9204045000         2.7000000000         1.3352870017         0.0330262134        -0.0721387468
        1.9254025000         2.7000000000         1.3301823480         0.0279224584        -0.2051133952
        1.9303898000         2.7000000000         1.3327346748         0.0253705810        -0.1386260710
        1.9353995000         2.7000000000         1.3403916554         0.0355780908         0.0608359017
        1.9403998000         2.7000000000         1.3608102703         0.0406818457         0.5927344955
        1.9454128000         2.7000000000         1.3378393285         0.0330262134        -0.0056514226
        1.9505725000         2.7000000000         1.3454963091         0.0406818457         0.1938105501
        1.9554090000         2.7000000000         1.3352870017         0.0330262134        -0.0721387468
        1.9603952000         2.7000000000         1.3378393285         0.0330262134        -0.0056514226
        1.9653897000         2.7000000000         1.3352870017         0.0355780908        -0.0721387468
        1.9703976000         2.7000000000         1.3276300211         0.0304743359        -0.2716007195
        1.9754208000         2.7000000000         1.3454963091         0.0381299683         0.1938105501
        1.9804027000         2.7000000000         1.3429439823         0.0406818457         0.1273232259
        1.9854584000         2.7000000000         1.3352870017         0.0355780908        -0.0721387468
        1.9904363000         2.7000000000         1.3403916554         0.0381299683         0.0608359017
        1.9954099000         2.7000000000         1.3301823480         0.0304743359        -0.2051133952
        2.0006073000         2.7000000000         1.3480486360         0.0330262134         0.2602978743
        2.0054196000         2.7000000000         1.3429439823         0.0406818457         0.1273232259
        2.0104831000         2.7000000000         1.3301823480         0.0304743359        -0.2051133952
        2.0154681000         2.7000000000         1.3378393285         0.0355780908        -0.0056514226
        2.0204367000         2.7000000000         1.3378393285         0.0355780908        -0.0056514226
        2.0259760000         2.7000000000         1.3378393285         0.0355780908        -0.0056514226
        2.0304111000         2.7000000000         1.3327346748         0.0279224584        -0.1386260710
        2.0354493000         2.7000000000         1.3378393285         0.0355780908        -0.0056514226
        2.0404478000         2.7000000000         1.3429439823         0.0381299683         0.1273232259
        2.0454782000         2.7000000000         1.3454963091         0.0406818457         0.1938105501
        2.0504044000         2.7000000000         1.3429439823         0.0406818457         0.1273232259
        2.0554114000         2.7000000000         1.3378393285         0.0355780908        -0.0056514226
        2.0604124000         2.7000000000         1.3378393285         0.0355780908        -0.0056514226
        2.0654506000         2.7000000000         1.3301823480         0.0304743359        -0.2051133952
        2.0704291000         2.7000000000         1.3378393285         0.0355780908        -0.0056514226
        2.0754430000         2.7000000000         1.3429439823         0.0406818457         0.1273232259
        2.0804047000         2.7000000000         1.3454963091         0.0381299683         0.1938105501
        2.0854257000         2.7000000000         1.3301823480         0.0279224584        -0.2051133952
        2.0903950000         2.7000000000         1.3327346748         0.0279224584        -0.1386260710
        2.0954092000         2.7000000000         1.3403916554         0.0406818457         0.0608359017
        2.1004060000         2.7000000000         1.3454963091         0.0406818457         0.1938105501
        2.1054152000         2.7000000000         1.3352870017         0.0355780908        -0.0721387468
        2.1103966000         2.7000000000         1.3301823480         0.0279224584        -0.2051133952
        2.1154284000         2.7000000000         1.3327346748         0.0279224584        -0.1386260710
        2.1203937000         2.7000000000         1.3352870017         0.0355780908        -0.0721387468
        2.1254597000         2.7000000000         1.3378393285         0.0330262134        -0.0056514226
        2.1304339000         2.7000000000         1.3429439823         0.0381299683         0.1273232259
        2.1354362000         2.7000000000         1.3327346748         0.0279224584        -0.1386260710
        2.1404132000         2.7000000000         1.3378393285         0.0355780908        -0.0056514226
        2.1454202000         2.7000000000         1.3327346748         0.0279224584        -0.1386260710
        2.1504602000         2.7000000000         1.3327346748         0.0279224584        -0.1386260710
        2.1554255000         2.7000000000         1.3429439823         0.0355780908         0.1273232259
        2.1603957000         2.7000000000         1.3352870017         0.0330262134        -0.0721387468
        2.1654003000         2.7000000000         1.3352870017         0.0355780908        -0.0721387468
        2.1704349000         2.7000000000         1.3378393285         0.0355780908        -0.0056514226
        2.1754720000         2.7000000000         1.3378393285         0.0355780908        -0.0056514226
        2.1804037000         2.7000000000         1.3352870017         0.0355780908        -0.0721387468
        2.1854083000         2.7000000000         1.3301823480         0.0304743359        -0.2051133952
        2.1904457000         2.7000000000         1.3301823480         0.0279224584        -0.2051133952
        2.1954208000         2.7000000000         1.3327346748         0.0304743359        -0.1386260710
        2.2003920000         2.7000000000         1.3327346748         0.0304743359        -0.1386260710
        2.2054155000         2.7000000000         1.3327346748         0.0279224584        -0.1386260710
        2.2104524000         2.7000000000         1.3378393285         0.0355780908        -0.0056514226
        2.2154897000         2.7000000000         1.3352870017         0.0355780908        -0.0721387468
        2.2203959000         2.7000000000         1.3327346748         0.0304743359        -0.1386260710
        2.2254063000         2.7000000000         1.3454963091         0.0432337232         0.1938105501
        2.2303976000         2.7000000000         1.3429439823         0.0381299683         0.1273232259
        2.2354044000         2.7000000000         1.3378393285         0.0355780908        -0.0056514226
        2.2404697000         2.7000000000         1.3352870017         0.0330262134        -0.0721387468
        2.2453950000         2.7000000000         1.3454963091         0.0406818457         0.1938105501
        2.2504397000         2.7000000000         1.3429439823         0.0406818457         0.1273232259
        2.2556216000         2.7000000000         1.3403916554         0.0330262134         0.0608359017
        2.2604097000         2.7000000000         1.3378393285         0.0355780908        -0.0056514226
        2.2654292000         2.7000000000         1.3429439823         0.0381299683         0.1273232259
        2.2704904000         2.7000000000         1.3352870017         0.0330262134        -0.0721387468
        2.2754114000         2.7000000000         1.3378393285         0.0330262134        -0.0056514226
        2.2804050000         2.7000000000         1.3378393285         0.0330262134        -0.0056514226
        2.2862192000         2.7000000000         1.3480486360         0.0432337232         0.2602978743
        2.2904380000         2.7000000000         1.3352870017         0.0279224584        -0.0721387468
        2.2956779000         2.7000000000         1.3327346748         0.0304743359        -0.1386260710
        2.3004369000         2.7000000000         1.3327346748         0.0279224584        -0.1386260710
        2.3054016000         2.7000000000         1.3429439823         0.0406818457         0.1273232259
        2.3104098000         2.7000000000         1.3429439823         0.0381299683         0.1273232259
        2.3154795000         2.7000000000         1.3403916554         0.0406818457         0.0608359017
        2.3204971000         2.7000000000         1.3327346748         0.0330262134        -0.1386260710
        2.3254373000         2.7000000000         1.3403916554         0.0355780908         0.0608359017
        2.3304037000         2.7000000000         1.3301823480         0.0279224584        -0.2051133952
        2.3354025000         2.7000000000         1.3352870017         0.0330262134        -0.0721387468
        2.3404073000         2.7000000000         1.3352870017         0.0355780908        -0.0721387468
        2.3454504000         2.7000000000         1.3327346748         0.0253705810        -0.1386260710
        2.3504523000         2.7000000000         1.3352870017         0.0330262134        -0.0721387468
        2.3554298000         2.7000000000         1.3378393285         0.0355780908        -0.0056514226
        2.3604010000         2.7000000000         1.3327346748         0.0304743359        -0.1386260710
        2.3653885000         2.7000000000         1.3378393285         0.0355780908        -0.0056514226
        2.3704338000         2.7000000000         1.3327346748         0.0304743359        -0.1386260710
        2.3753886000         2.7000000000         1.3429439823         0.0381299683         0.1273232259
        2.3804817000         2.7000000000         1.3352870017         0.0355780908        -0.0721387468
        2.3854003000         2.7000000000         1.3301823480         0.0304743359        -0.2051133952
        2.3903980000         2.7000000000         1.3301823480         0.0279224584        -0.2051133952
        2.3953883000         2.7000000000         1.3454963091         0.0355780908         0.1938105501
        2.4003924000         2.7000000000         1.3352870017         0.0355780908        -0.0721387468
        2.4054278000         2.7000000000         1.3429439823         0.0406818457         0.1273232259
        2.4104044000         2.7000000000         1.3378393285         0.0355780908        -0.0056514226
        2.4153885000         2.7000000000         1.3454963091         0.0406818457         0.1938105501
        2.4204510000         2.7000000000         1.3352870017         0.0330262134        -0.0721387468
        2.4254269000         2.7000000000         1.3454963091         0.0406818457         0.1938105501
        2.4304254000         2.7000000000         1.3301823480         0.0304743359        -0.2051133952
        2.4353894000         2.7000000000         1.3429439823         0.0406818457         0.1273232259
        2.4404190000         2.7000000000         1.3403916554         0.0355780908         0.0608359017
        2.4454224000         2.7000000000         1.3378393285         0.0381299683        -0.0056514226
        2.4504737000         2.7000000000         1.3454963091         0.0432337232         0.1938105501
        2.4553886000         2.7000000000         1.3429439823         0.0406818457         0.1273232259
        2.4603990000         2.7000000000         1.3352870017         0.0355780908        -0.0721387468
        2.4654274000         2.7000000000         1.3378393285         0.0330262134        -0.0056514226
        2.4704702000         2.7000000000         1.3454963091         0.0355780908         0.1938105501
        2.4755252000         2.7000000000         1.3429439823         0.0406818457         0.1273232259
        2.4805084000         2.7000000000         1.3429439823         0.0406818457         0.1273232259
        2.4859837000         2.7000000000         1.3327346748         0.0304743359        -0.1386260710
        2.4904916000         2.7000000000         1.3429439823         0.0432337232         0.1273232259
        2.4955440000         2.7000000000         1.3276300211         0.0279224584        -0.2716007195
        2.5006251000         2.7000000000         1.3327346748         0.0279224584        -0.1386260710
        2.5055383000         2.7000000000         1.3378393285         0.0355780908        -0.0056514226
        2.5109938000         2.7000000000         1.3403916554         0.0355780908         0.0608359017
        2.5154598000         2.7000000000         1.3378393285         0.0355780908        -0.0056514226
        2.5204672000         2.7000000000         1.3429439823         0.0406818457         0.1273232259
        2.5254225000         2.7000000000         1.3352870017         0.0330262134        -0.0721387468
        2.5304855000         2.7000000000         1.3378393285         0.0355780908        -0.0056514226
        2.5354079000         2.7000000000         1.3378393285         0.0355780908        -0.0056514226
        2.5403899000         2.7000000000         1.3403916554         0.0330262134         0.0608359017
        2.5454231000         2.7000000000         1.3403916554         0.0355780908         0.0608359017
        2.5503948000         2.7000000000         1.3429439823         0.0406818457         0.1273232259
        2.5554365000         2.7000000000         1.3352870017         0.0355780908        -0.0721387468
        2.5604316000         2.7000000000         1.3352870017         0.0355780908        -0.0721387468
        2.5653734000         2.7000000000         1.3301823480         0.0304743359        -0.2051133952
        2.5704199000         2.7000000000         1.3378393285         0.0355780908        -0.0056514226
        2.5754267000         2.7000000000         1.3378393285         0.0355780908        -0.0056514226
        2.5803859000         2.7000000000         1.3454963091         0.0406818457         0.1938105501
        2.5854292000         2.7000000000         1.3352870017         0.0355780908        -0.0721387468
        2.5904779000         2.7000000000         1.3454963091         0.0406818457         0.1938105501
        2.5954210000         2.7000000000         1.3301823480         0.0304743359        -0.2051133952
        2.6004266000         2.7000000000         1.3378393285         0.0355780908        -0.0056514226
        2.6054419000         2.7000000000         1.3429439823         0.0406818457         0.1273232259
        2.6103921000         2.7000000000         1.3352870017         0.0279224584        -0.0721387468
        2.6154183000         2.7000000000         1.3429439823         0.0406818457         0.1273232259
        2.6204263000         2.7000000000         1.3454963091         0.0432337232         0.1938105501
        2.6254228000         2.7000000000         1.3429439823         0.0406818457         0.1273232259
        2.6303911000         2.7000000000         1.3352870017         0.0330262134        -0.0721387468
        2.6354395000         2.7000000000         1.3327346748         0.0304743359        -0.1386260710
        2.6404249000         2.7000000000         1.3531532897         0.0355780908         0.3932725228
        2.6454832000         2.7000000000         1.3352870017         0.0330262134        -0.0721387468
        2.6504586000         2.7000000000         1.3352870017         0.0355780908        -0.0721387468
        2.6554750000         2.7000000000         1.3429439823         0.0432337232         0.1273232259
        2.6604252000         2.7000000000         1.3352870017         0.0330262134        -0.0721387468
        2.6654368000         2.7000000000         1.3352870017         0.0355780908        -0.0721387468
        2.6704261000         2.7000000000         1.3403916554         0.0355780908         0.0608359017
        2.6754242000         2.7000000000         1.3327346748         0.0279224584        -0.1386260710
        2.6804243000         2.7000000000         1.3378393285         0.0355780908        -0.0056514226
        2.6854339000         2.7000000000         1.3429439823         0.0406818457         0.1273232259
        2.6904285000         2.7000000000         1.3403916554         0.0406818457         0.0608359017
        2.6954408000         2.7000000000         1.3378393285         0.0355780908        -0.0056514226
        2.7005165000         2.7000000000         1.3327346748         0.0279224584        -0.1386260710
        2.7054225000         2.7000000000         1.3454963091         0.0406818457         0.1938105501
        2.7103897000         2.7000000000         1.3454963091         0.0381299683         0.1938105501
        2.7153949000         2.7000000000         1.3352870017         0.0355780908        -0.0721387468
        2.7204896000         2.7000000000         1.3403916554         0.0330262134         0.0608359017
        2.7254109000         2.7000000000         1.3378393285         0.0355780908        -0.0056514226
        2.7304403000         2.7000000000         1.3301823480         0.0279224584        -0.2051133952
        2.7354217000         2.7000000000         1.3429439823         0.0381299683         0.1273232259
        2.7404230000         2.7000000000         1.3378393285         0.0355780908        -0.0056514226
        2.7454780000         2.7000000000         1.3352870017         0.0330262134        -0.0721387468
        2.7504661000         2.7000000000         1.3301823480         0.0279224584        -0.2051133952
        2.7554133000         2.7000000000         1.3327346748         0.0279224584        -0.1386260710
        2.7604210000         2.7000000000         1.3480486360         0.0355780908         0.2602978743
        2.7654443000         2.7000000000         1.3378393285         0.0355780908        -0.0056514226
        2.7704164000         2.7000000000         1.3301823480         0.0304743359        -0.2051133952
        2.7754123000         2.7000000000         1.3352870017         0.0330262134        -0.0721387468
        2.7804204000         2.7000000000         1.3352870017         0.0330262134        -0.0721387468
        2.7854769000         2.7000000000         1.3454963091         0.0406818457         0.1938105501
        2.7904733000         2.7000000000         1.3378393285         0.0330262134        -0.0056514226
        2.7954548000         2.7000000000         1.3301823480         0.0279224584        -0.2051133952
        2.8004103000         2.7000000000         1.3429439823         0.0432337232         0.1273232259
        2.8054147000         2.7000000000         1.3378393285         0.0355780908        -0.0056514226
        2.8104307000         2.7000000000         1.3352870017         0.0355780908        -0.0721387468
        2.8154468000         2.7000000000         1.3429439823         0.0406818457         0.1273232259
        2.8204144000         2.7000000000         1.3429439823         0.0406818457         0.1273232259
        2.8254683000         2.7000000000         1.3403916554         0.0355780908         0.0608359017
        2.8303836000         2.7000000000         1.3327346748         0.0304743359        -0.1386260710
        2.8354503000         2.7000000000         1.3454963091         0.0406818457         0.1938105501
        2.8404007000         2.7000000000         1.3378393285         0.0330262134        -0.0056514226
        2.8454680000         2.7000000000         1.3352870017         0.0330262134        -0.0721387468
        2.8504346000         2.7000000000         1.3378393285         0.0355780908        -0.0056514226
        2.8554286000         2.7000000000         1.3403916554         0.0406818457         0.0608359017
        2.8604349000         2.7000000000         1.3352870017         0.0279224584        -0.0721387468
        2.8654552000         2.7000000000         1.3327346748         0.0304743359        -0.1386260710
        2.8704418000         2.7000000000         1.3378393285         0.0355780908        -0.0056514226
        2.8754794000         2.7000000000         1.3378393285         0.0355780908        -0.0056514226
        2.8804484000         2.7000000000         1.3403916554         0.0355780908         0.0608359017
        2.8854253000         2.7000000000         1.3378393285         0.0355780908        -0.0056514226
        2.8904761000         2.7000000000         1.3378393285         0.0355780908        -0.0056514226
        2.8954314000         2.7000000000         1.3403916554         0.0355780908         0.0608359017
        2.9004402000         2.7000000000         1.3378393285         0.0406818457        -0.0056514226
        2.9055943000         2.7000000000         1.3378393285         0.0355780908        -0.0056514226
        2.9104151000         2.7000000000         1.3378393285         0.0355780908        -0.0056514226
        2.9154043000         2.7000000000         1.3429439823         0.0381299683         0.1273232259
        2.9204070000         2.7000000000         1.3429439823         0.0406818457         0.1273232259
        2.9254591000         2.7000000000         1.3352870017         0.0355780908        -0.0721387468
        2.9304155000         2.7000000000         1.3327346748         0.0279224584        -0.1386260710
        2.9354612000         2.7000000000         1.3301823480         0.0304743359        -0.2051133952
        2.9404512000         2.7000000000         1.3429439823         0.0432337232         0.1273232259
        2.9454602000         2.7000000000         1.3378393285         0.0330262134        -0.0056514226
        2.9504833000         2.7000000000         1.3378393285         0.0355780908        -0.0056514226
        2.9554367000         2.7000000000         1.3378393285         0.0330262134        -0.0056514226
        2.9604577000         2.7000000000         1.3378393285         0.0355780908        -0.0056514226
        2.9654735000         2.7000000000         1.3378393285         0.0330262134        -0.0056514226
        2.9704737000         2.7000000000         1.3250776943         0.0279224584        -0.3380880437
        2.9753952000         2.7000000000         1.3327346748         0.0279224584        -0.1386260710
        2.9804066000         2.7000000000         1.3352870017         0.0355780908        -0.0721387468
        2.9854048000         2.7000000000         1.3378393285         0.0330262134        -0.0056514226
        2.9904383000         2.7000000000         1.3378393285         0.0330262134        -0.0056514226
        2.9954477000         2.7000000000         1.3378393285         0.0355780908        -0.0056514226
        3.0004761000         2.7000000000         1.3301823480         0.0304743359        -0.2051133952
        3.0054785000         2.7000000000         1.3378393285         0.0355780908        -0.0056514226
        3.0106407000         2.7000000000         1.3327346748         0.0279224584        -0.1386260710
        3.0154765000         2.7000000000         1.3327346748         0.0253705810        -0.1386260710
        3.0204244000         2.7000000000         1.3378393285         0.0330262134        -0.0056514226
        3.0254510000         2.7000000000         1.3429439823         0.0406818457         0.1273232259
        3.0304482000         2.7000000000         1.3378393285         0.0330262134        -0.0056514226
        3.0354680000         2.7000000000         1.3327346748         0.0279224584        -0.1386260710
        3.0404614000         2.7000000000         1.3327346748         0.0279224584        -0.1386260710
        3.0454047000         2.7000000000         1.3403916554         0.0355780908         0.0608359017
        3.0504086000         2.7000000000         1.3327346748         0.0279224584        -0.1386260710
        3.0554323000         2.7000000000         1.3378393285         0.0355780908        -0.0056514226
        3.0604312000         2.7000000000         1.3378393285         0.0279224584        -0.0056514226
        3.0654738000         2.7000000000         1.3378393285         0.0355780908        -0.0056514226
        3.0704324000         2.7000000000         1.3429439823         0.0279224584         0.1273232259
        3.0754289000         2.7000000000         1.3301823480         0.0279224584        -0.2051133952
        3.0804444000         2.7000000000         1.3378393285         0.0355780908        -0.0056514226
        3.0854323000         2.7000000000         1.3301823480         0.0304743359        -0.2051133952
        3.0904632000         2.7000000000         1.3429439823         0.0406818457         0.1273232259
        3.0954576000         2.7000000000         1.3378393285         0.0355780908        -0.0056514226
        3.1006950000         2.7000000000         1.3378393285         0.0355780908        -0.0056514226
        3.1055019000         2.7000000000         1.3378393285         0.0330262134        -0.0056514226
        3.1104720000         2.7000000000         1.3301823480         0.0279224584        -0.2051133952
        3.1155070000         2.7000000000         1.3378393285         0.0355780908        -0.0056514226
        3.1205053000         2.7000000000         1.3327346748         0.0279224584        -0.1386260710
        3.1255354000         2.7000000000         1.3301823480         0.0279224584        -0.2051133952
        3.1304236000         2.7000000000         1.3301823480         0.0279224584        -0.2051133952
        3.1355262000         2.7000000000         1.3327346748         0.0304743359        -0.1386260710
        3.1404282000         2.7000000000         1.3352870017         0.0355780908        -0.0721387468
        3.1454027000         2.7000000000         1.3301823480         0.0253705810        -0.2051133952
        3.1504791000         2.7000000000         1.3378393285         0.0355780908        -0.0056514226
        3.1554014000         2.7000000000         1.3352870017         0.0355780908        -0.0721387468
        3.1604676000         2.7000000000         1.3429439823         0.0381299683         0.1273232259
        3.1658589000         2.7000000000         1.3327346748         0.0304743359        -0.1386260710
        3.1704617000         2.7000000000         1.3378393285         0.0355780908        -0.0056514226
        3.1754430000         2.7000000000         1.3429439823         0.0406818457         0.1273232259
        3.1804746000         2.7000000000         1.3454963091         0.0381299683         0.1938105501
        3.1854260000         2.7000000000         1.3403916554         0.0355780908         0.0608359017
        3.1904329000         2.7000000000         1.3378393285         0.0330262134        -0.0056514226
        3.1954278000         2.7000000000         1.3352870017         0.0330262134        -0.0721387468
        3.2004102000         2.7000000000         1.3327346748         0.0279224584        -0.1386260710
        3.2054339000         2.7000000000         1.3301823480         0.0279224584        -0.2051133952
        3.2104089000         2.7000000000         1.3301823480         0.0253705810        -0.2051133952
        3.2153926000         2.7000000000         1.3378393285         0.0355780908        -0.0056514226
        3.2204217000         2.7000000000         1.3378393285         0.0355780908        -0.0056514226
        3.2254269000         2.7000000000         1.3352870017         0.0330262134        -0.0721387468
        3.2303865000         2.7000000000         1.3378393285         0.0355780908        -0.0056514226
        3.2354338000         2.7000000000         1.3352870017         0.0355780908        -0.0721387468
        3.2403850000         2.7000000000         1.3403916554         0.0355780908         0.0608359017
        3.2454247000         2.7000000000         1.3250776943         0.0279224584        -0.3380880437
        3.2504454000         2.7000000000         1.3403916554         0.0355780908         0.0608359017
        3.2553837000         2.7000000000         1.3327346748         0.0279224584        -0.1386260710
        3.2604123000         2.7000000000         1.3378393285         0.0355780908        -0.0056514226
        3.2654147000         2.7000000000         1.3378393285         0.0330262134        -0.0056514226
        3.2704146000         2.7000000000         1.3403916554         0.0355780908         0.0608359017
        3.2754757000         2.7000000000         1.3327346748         0.0304743359        -0.1386260710
        3.2804268000         2.7000000000         1.3454963091         0.0406818457         0.1938105501
        3.2854193000         2.7000000000         1.3429439823         0.0406818457         0.1273232259
        3.2904463000         2.7000000000         1.3352870017         0.0355780908        -0.0721387468
        3.2954274000         2.7000000000         1.3429439823         0.0406818457         0.1273232259
        3.3004789000         2.7000000000         1.3378393285         0.0330262134        -0.0056514226
        3.3054342000         2.7000000000         1.3352870017         0.0330262134        -0.0721387468
        3.3104769000         2.7000000000         1.3378393285         0.0355780908        -0.0056514226
        3.3154782000         2.7000000000         1.3429439823         0.0406818457         0.1273232259
        3.3204269000         2.7000000000         1.3403916554         0.0355780908         0.0608359017
        3.3253941000         2.7000000000         1.3352870017         0.0355780908        -0.0721387468
        3.3303871000         2.7000000000         1.3429439823         0.0432337232         0.1273232259
        3.3354353000         2.7000000000         1.3429439823         0.0432337232         0.1273232259
        3.3404261000         2.7000000000         1.3378393285         0.0381299683        -0.0056514226
        3.3455287000         2.7000000000         1.3429439823         0.0406818457         0.1273232259
        3.3504599000         2.7000000000         1.3378393285         0.0330262134        -0.0056514226
        3.3555597000         2.7000000000         1.3454963091         0.0406818457         0.1938105501
        3.3606143000         2.7000000000         1.3378393285         0.0355780908        -0.0056514226
        3.3654065000         2.7000000000         1.3378393285         0.0279224584        -0.0056514226
        3.3704134000         2.7000000000         1.3378393285         0.0355780908        -0.0056514226
        3.3754182000         2.7000000000         1.3454963091         0.0406818457         0.1938105501
        3.3804193000         2.7000000000         1.3301823480         0.0279224584        -0.2051133952
        3.3854342000         2.7000000000         1.3454963091         0.0406818457         0.1938105501
        3.3904327000         2.7000000000         1.3403916554         0.0355780908         0.0608359017
        3.3954087000         2.7000000000         1.3429439823         0.0406818457         0.1273232259
        3.4004319000         2.7000000000         1.3454963091         0.0432337232         0.1938105501
        3.4054413000         2.7000000000         1.3378393285         0.0355780908        -0.0056514226
        3.4105521000         2.7000000000         1.3378393285         0.0355780908        -0.0056514226
        3.4155261000         2.7000000000         1.3378393285         0.0381299683        -0.0056514226
        3.4205065000         2.7000000000         1.3327346748         0.0304743359        -0.1386260710
        3.4254770000         2.7000000000         1.3327346748         0.0304743359        -0.1386260710
        3.4304296000         2.7000000000         1.3378393285         0.0355780908        -0.0056514226
        3.4354375000         2.7000000000         1.3378393285         0.0355780908        -0.0056514226
        3.4404325000         2.7000000000         1.3429439823         0.0381299683         0.1273232259
        3.4454570000         2.7000000000         1.3454963091         0.0406818457         0.1938105501
        3.4504329000         2.7000000000         1.3378393285         0.0355780908        -0.0056514226
        3.4554058000         2.7000000000         1.3378393285         0.0355780908        -0.0056514226
        3.4603907000         2.7000000000         1.3429439823         0.0406818457         0.1273232259
        3.4654069000         2.7000000000         1.3454963091         0.0406818457         0.1938105501
        3.4704228000         2.7000000000         1.3378393285         0.0355780908        -0.0056514226
        3.4754080000         2.7000000000         1.3378393285         0.0355780908        -0.0056514226
        3.4804278000         2.7000000000         1.3454963091         0.0406818457         0.1938105501
        3.4854724000         2.7000000000         1.3429439823         0.0381299683         0.1273232259
        3.4904219000         2.7000000000         1.3429439823         0.0406818457         0.1273232259
        3.4956109000         2.7000000000         1.3429439823         0.0381299683         0.1273232259
        3.5004258000         2.7000000000         1.3429439823         0.0406818457         0.1273232259
        3.5054011000         2.7000000000         1.3403916554         0.0330262134         0.0608359017
        3.5103907000         2.7000000000         1.3301823480         0.0304743359        -0.2051133952
        3.5154621000         2.7000000000         1.3327346748         0.0279224584        -0.1386260710
        3.5204043000         2.7000000000         1.3327346748         0.0304743359        -0.1386260710
        3.5254283000         2.7000000000         1.3378393285         0.0330262134        -0.0056514226
        3.5303857000         2.7000000000         1.3429439823         0.0355780908         0.1273232259
        3.5356702000         2.7000000000         1.3480486360         0.0381299683         0.2602978743
        3.5404740000         2.7000000000         1.3301823480         0.0279224584        -0.2051133952
        3.5454956000         2.7000000000         1.3301823480         0.0304743359        -0.2051133952
        3.5504389000         2.7000000000         1.3454963091         0.0355780908         0.1938105501
        3.5554188000         2.7000000000         1.3327346748         0.0279224584        -0.1386260710
        3.5604937000         2.7000000000         1.3352870017         0.0355780908        -0.0721387468
        3.5654062000         2.7000000000         1.3378393285         0.0330262134        -0.0056514226
        3.5704061000         2.7000000000         1.3378393285         0.0355780908        -0.0056514226
        3.5753905000         2.7000000000         1.3454963091         0.0381299683         0.1938105501
        3.5804037000         2.7000000000         1.3352870017         0.0355780908        -0.0721387468
        3.5854232000         2.7000000000         1.3378393285         0.0355780908        -0.0056514226
        3.5904359000         2.7000000000         1.3454963091         0.0406818457         0.1938105501
        3.5954196000         2.7000000000         1.3429439823         0.0406818457         0.1273232259
        3.6005449000         2.7000000000         1.3378393285         0.0355780908        -0.0056514226
        3.6054067000         2.7000000000         1.3378393285         0.0355780908        -0.0056514226
        3.6104242000         2.7000000000         1.3327346748         0.0279224584        -0.1386260710
        3.6153856000         2.7000000000         1.3352870017         0.0279224584        -0.0721387468
        3.6203931000         2.7000000000         1.3429439823         0.0406818457         0.1273232259
        3.6253805000         2.7000000000         1.3352870017         0.0355780908        -0.0721387468
        3.6303851000         2.7000000000         1.3378393285         0.0355780908        -0.0056514226
        3.6353854000         2.7000000000         1.3403916554         0.0355780908         0.0608359017
        3.6404224000         2.7000000000         1.3327346748         0.0355780908        -0.1386260710
        3.6454430000         2.7000000000         1.3403916554         0.0381299683         0.0608359017
        3.6504373000         2.7000000000         1.3301823480         0.0304743359        -0.2051133952
        3.6554340000         2.7000000000         1.3403916554         0.0406818457         0.0608359017
        3.6604298000         2.7000000000         1.3403916554         0.0355780908         0.0608359017
        3.6654267000         2.7000000000         1.3403916554         0.0406818457         0.0608359017
        3.6704086000         2.7000000000         1.3429439823         0.0381299683         0.1273232259
        3.6753856000         2.7000000000         1.3403916554         0.0330262134         0.0608359017
        3.6804421000         2.7000000000         1.3327346748         0.0253705810        -0.1386260710
        3.6854209000         2.7000000000         1.3301823480         0.0304743359        -0.2051133952
        3.6904114000         2.7000000000         1.3454963091         0.0381299683         0.1938105501
        3.6954260000         2.7000000000         1.3378393285         0.0355780908        -0.0056514226
        3.7004114000         2.7000000000         1.3327346748         0.0279224584        -0.1386260710
        3.7054176000         2.7000000000         1.3301823480         0.0279224584        -0.2051133952
        3.7104049000         2.7000000000         1.3378393285         0.0355780908        -0.0056514226
        3.7153861000         2.7000000000         1.3378393285         0.0330262134        -0.0056514226
        3.7204267000         2.7000000000         1.3301823480         0.0279224584        -0.2051133952
        3.7254316000         2.7000000000         1.3352870017         0.0355780908        -0.0721387468
        3.7304122000         2.7000000000         1.3378393285         0.0355780908        -0.0056514226
        3.7354190000         2.7000000000         1.3378393285         0.0355780908        -0.0056514226
        3.7406251000         2.7000000000         1.3352870017         0.0355780908        -0.0721387468
        3.7454668000         2.7000000000         1.3403916554         0.0355780908         0.0608359017
        3.7504037000         2.7000000000         1.3429439823         0.0381299683         0.1273232259
        3.7554177000         2.7000000000         1.3403916554         0.0432337232         0.0608359017
        3.7604019000         2.7000000000         1.3352870017         0.0355780908        -0.0721387468
        3.7654211000         2.7000000000         1.3403916554         0.0330262134         0.0608359017
        3.7704069000         2.7000000000         1.3352870017         0.0330262134        -0.0721387468
        3.7753912000         2.7000000000         1.3327346748         0.0279224584        -0.1386260710
        3.7804002000         2.7000000000         1.3327346748         0.0279224584        -0.1386260710
        3.7854229000         2.7000000000         1.3531532897         0.0355780908         0.3932725228
        3.7904919000         2.7000000000         1.3301823480         0.0279224584        -0.2051133952
        3.7953859000         2.7000000000         1.3429439823         0.0406818457         0.1273232259
        3.8005666000         2.7000000000         1.3378393285         0.0355780908        -0.0056514226
        3.8053945000         2.7000000000         1.3429439823         0.0406818457         0.1273232259
        3.8104641000         2.7000000000         1.3352870017         0.0355780908        -0.0721387468
        3.8154237000         2.7000000000         1.3352870017         0.0355780908        -0.0721387468
        3.8206075000         2.7000000000         1.3352870017         0.0355780908        -0.0721387468
        3.8254247000         2.7000000000         1.3352870017         0.0355780908        -0.0721387468
        3.8304374000         2.7000000000         1.3352870017         0.0330262134        -0.0721387468
        3.8353923000         2.7000000000         1.3327346748         0.0355780908        -0.1386260710
        3.8405082000         2.7000000000         1.3352870017         0.0330262134        -0.0721387468
        3.8455034000         2.7000000000         1.3429439823         0.0406818457         0.1273232259
        3.8504587000         2.7000000000         1.3352870017         0.0355780908        -0.0721387468
        3.8553858000         2.7000000000         1.3506009628         0.0381299683         0.3267851986
        3.8604164000         2.7000000000         1.3429439823         0.0406818457         0.1273232259
        3.8654549000         2.7000000000         1.3327346748         0.0304743359        -0.1386260710
        3.8704344000         2.7000000000         1.3352870017         0.0355780908        -0.0721387468
        3.8754355000         2.7000000000         1.3378393285         0.0330262134        -0.0056514226
        3.8804688000         2.7000000000         1.3352870017         0.0355780908        -0.0721387468
        3.8854094000         2.7000000000         1.3352870017         0.0330262134        -0.0721387468
        3.8904278000         2.7000000000         1.3378393285         0.0355780908        -0.0056514226
        3.8954938000         2.7000000000         1.3327346748         0.0279224584        -0.1386260710
        3.9004455000         2.7000000000         1.3429439823         0.0406818457         0.1273232259
        3.9054325000         2.7000000000         1.3454963091         0.0381299683         0.1938105501
        3.9103806000         2.7000000000         1.3378393285         0.0330262134        -0.0056514226
        3.9154437000         2.7000000000         1.3429439823         0.0406818457         0.1273232259
        3.9204404000         2.7000000000         1.3327346748         0.0330262134        -0.1386260710
        3.9254125000         2.7000000000         1.3301823480         0.0304743359        -0.2051133952
        3.9304318000         2.7000000000         1.3378393285         0.0330262134        -0.0056514226
        3.9354211000         2.7000000000         1.3378393285         0.0381299683        -0.0056514226
        3.9404136000         2.7000000000         1.3352870017         0.0330262134        -0.0721387468
        3.9454169000         2.7000000000         1.3429439823         0.0406818457         0.1273232259
        3.9504137000         2.7000000000         1.3429439823         0.0406818457         0.1273232259
        3.9554233000         2.7000000000         1.3403916554         0.0406818457         0.0608359017
        3.9603798000         2.7000000000         1.3378393285         0.0355780908        -0.0056514226
        3.9653853000         2.7000000000         1.3378393285         0.0355780908        -0.0056514226
        3.9704259000         2.7000000000         1.3378393285         0.0355780908        -0.0056514226
        3.9754192000         2.7000000000         1.3454963091         0.0406818457         0.1938105501
        3.9804314000         2.7000000000         1.3378393285         0.0355780908        -0.0056514226
        3.9855643000         2.7000000000         1.3429439823         0.0355780908         0.1273232259
        3.9904111000         2.7000000000         1.3352870017         0.0330262134        -0.0721387468
        3.9954633000         2.7000000000         1.3378393285         0.0330262134        -0.0056514226
        4.0003915000         2.7000000000         1.3327346748         0.0279224584        -0.1386260710
