% Motor Sweep Step 140/180
% Vcmd       = 1.0000 [V]
% Direction  = CCW
% Zone       = OUTER
% Vg_offset  = 1.336155 [V]
% K_gimbal   = 26.049690 [(rad/s)/V]

Time[s]              Vcmd[V]              Vg_raw[V]            Pot[V]               Omega[rad/s]
        0.0000698000         1.0000000000         1.3301823480         3.5775840039        -0.1555803387
        0.0050098000         1.0000000000         1.3276300211         3.5801358814        -0.2220676629
        0.0100092000         1.0000000000         1.3378393285         3.5826877588         0.0438816340
        0.0150104000         1.0000000000         1.2689265034         3.5673764941        -1.7512761201
        0.0200062000         1.0000000000         1.0264554521         3.5495133519        -8.0675719217
        0.0250107000         1.0000000000         1.1055775846         3.5316502097        -6.0064648706
        0.0300110000         1.0000000000         1.0341124326         3.4984758027        -7.8681099490
        0.0350099000         1.0000000000         1.0187984715         3.4755089056        -8.2670338943
        0.0400087000         1.0000000000         0.9703042612         3.4270232338        -9.5302930547
        0.0450136000         1.0000000000         1.0009321835         3.4015044592        -8.7324451639
        0.0500123000         1.0000000000         0.9218100509         3.3683300523       -10.7935522150
        0.0550110000         1.0000000000         0.9243623778         3.3147406256       -10.7270648907
        0.0600134000         1.0000000000         0.9371240121         3.2790143412       -10.3946282696
        0.0650104000         1.0000000000         0.9039437630         3.2330805470       -11.2589634845
        0.0700118000         1.0000000000         0.8962867824         3.1948023851       -11.4584254572
        0.0750101000         1.0000000000         0.8937344555         3.1590761006       -11.5249127815
        0.0800057000         1.0000000000         0.8707635138         3.1054866740       -12.1232986995
        0.0850097000         1.0000000000         0.8835251481         3.0595528797       -11.7908620784
        0.0900439000         1.0000000000         0.8605542064         3.0161709629       -12.3892479964
        0.0950055000         1.0000000000         0.8580018795         2.9727890461       -12.4557353206
        0.1000050000         1.0000000000         0.8350309378         2.9166477420       -13.0541212387
        0.1050102000         1.0000000000         0.8554495527         2.8681620703       -12.5222226449
        0.1100076000         1.0000000000         0.8375832647         2.8196763986       -12.9876339144
        0.1150093000         1.0000000000         0.8171646498         2.7635350945       -13.5195325083
        0.1200063000         1.0000000000         0.8350309378         2.7252569326       -13.0541212387
        0.1250094000         1.0000000000         0.8146123230         2.6665637511       -13.5860198325
        0.1300057000         1.0000000000         0.7992983618         2.6078705695       -13.9849437778
        0.1350096000         1.0000000000         0.8044030155         2.5644886527       -13.8519691294
        0.1400382000         1.0000000000         0.8171646498         2.5185548584       -13.5195325083
        0.1450089000         1.0000000000         0.8069553424         2.4573097994       -13.7854818052
        0.1500113000         1.0000000000         0.7890890544         2.3986166179       -14.2508930747
        0.1551040000         1.0000000000         0.7941937081         2.3501309461       -14.1179184263
        0.1601124000         1.0000000000         0.7788797470         2.2939896420       -14.5168423717
        0.1650270000         1.0000000000         0.7992983618         2.2404002154       -13.9849437778
        0.1700095000         1.0000000000         0.7686704396         2.1919145437       -14.7827916686
        0.1750082000         1.0000000000         0.7916413813         2.1255657297       -14.1844057505
        0.1800094000         1.0000000000         0.7610134590         2.0719763031       -14.9822536412
        0.1850558000         1.0000000000         0.7788797470         2.0158349990       -14.5168423717
        0.1900229000         1.0000000000         0.7431471710         1.9545899400       -15.4476649108
        0.1950071000         1.0000000000         0.7737750933         1.9035523908       -14.6498170201
        0.2000078000         1.0000000000         0.7661181127         1.8550667191       -14.8492789928
        0.2050098000         1.0000000000         0.7661181127         1.7963735375       -14.8492789928
        0.2100605000         1.0000000000         0.7405948441         1.7300247236       -15.5141522351
        0.2150055000         1.0000000000         0.7610134590         1.6789871744       -14.9822536412
        0.2200100000         1.0000000000         0.7431471710         1.6253977478       -15.4476649108
        0.2250058000         1.0000000000         0.7610134590         1.5718083211       -14.9822536412
        0.2300098000         1.0000000000         0.7252808830         1.5029076297       -15.9130761804
        0.2350063000         1.0000000000         0.7508041516         1.4518700806       -15.2482029381
        0.2400098000         1.0000000000         0.7405948441         1.3957287765       -15.5141522351
        0.2450104000         1.0000000000         0.7559088053         1.3370355949       -15.1152282897
        0.2500094000         1.0000000000         0.7380425173         1.2783424134       -15.5806395593
        0.2550069000         1.0000000000         0.7303855367         1.2068898445       -15.7801015320
        0.2600598000         1.0000000000         0.7278332099         1.1481966629       -15.8465888562
        0.2650098000         1.0000000000         0.7329378636         1.0946072363       -15.7136142077
        0.2700069000         1.0000000000         0.7329378636         1.0359140547       -15.7136142077
        0.2750098000         1.0000000000         0.7303855367         0.9772208732       -15.7801015320
        0.2800065000         1.0000000000         0.7252808830         0.9108720593       -15.9130761804
        0.2850100000         1.0000000000         0.7431471710         0.8521788777       -15.4476649108
        0.2900784000         1.0000000000         0.7074145950         0.7807263088       -16.3784874500
        0.2950095000         1.0000000000         0.7303855367         0.7296887597       -15.7801015320
        0.3000119000         1.0000000000         0.7023099413         0.6531324359       -16.5114620985
        0.3050095000         1.0000000000         0.7329378636         0.5969911318       -15.7136142077
        0.3100095000         1.0000000000         0.7099669219         0.5255385629       -16.3120001258
        0.3150090000         1.0000000000         0.7278332099         0.4693972588       -15.8465888562
        0.3200538000         1.0000000000         0.7099669219         0.4132559548       -16.3120001258
        0.3250101000         1.0000000000         0.7303855367         0.3469071408       -15.7801015320
        0.3300101000         1.0000000000         0.7074145950         0.2754545720       -16.3784874500
        0.3350054000         1.0000000000         0.7227285561         0.2167613904       -15.9795635046
        0.3400099000         1.0000000000         0.7150715756         0.1555163314       -16.1790254773
        0.3450093000         1.0000000000         0.7354901904         0.0764081302       -15.6471268835
        0.3500104000         1.0000000000         0.7125192487         0.0304743359       -16.2455128015
        0.3550092000         1.0000000000         0.7150715756         0.0024036839       -16.1790254773
        0.3600102000         1.0000000000         0.7201762293         0.0075074388       -16.0460508289
        0.3650056000         1.0000000000         0.7278332099         1.0997109912       -15.8465888562
        0.3700101000         1.0000000000         0.7252808830         5.0117391359       -15.9130761804
        0.3750071000         1.0000000000         0.7099669219         5.0040835035       -16.3120001258
        0.3800101000         1.0000000000         0.7048622681         4.9453903219       -16.4449747742
        0.3850054000         1.0000000000         0.7074145950         4.8815933855       -16.3784874500
        0.3900101000         1.0000000000         0.7074145950         4.8126926941       -16.3784874500
        0.3950059000         1.0000000000         0.6972052876         4.7488957576       -16.6444367469
        0.4000103000         1.0000000000         0.7099669219         4.6850988211       -16.3120001258
        0.4050083000         1.0000000000         0.7048622681         4.6136462523       -16.4449747742
        0.4100092000         1.0000000000         0.7074145950         4.5575049482       -16.3784874500
        0.4150093000         1.0000000000         0.7125192487         4.4962598892       -16.2455128015
        0.4200100000         1.0000000000         0.7099669219         4.4222554428       -16.3120001258
        0.4250104000         1.0000000000         0.7023099413         4.3559066289       -16.5114620985
        0.4300095000         1.0000000000         0.7354901904         4.2997653248       -15.6471268835
        0.4350059000         1.0000000000         0.7074145950         4.2308646334       -16.3784874500
        0.4400052000         1.0000000000         0.7176239024         4.1798270842       -16.1125381531
        0.4450056000         1.0000000000         0.7023099413         4.1083745154       -16.5114620985
        0.4500098000         1.0000000000         0.7227285561         4.0522332113       -15.9795635046
        0.4550087000         1.0000000000         0.6895483070         3.9807806424       -16.8438987196
        0.4600076000         1.0000000000         0.7201762293         3.9246393383       -16.0460508289
        0.4650060000         1.0000000000         0.7074145950         3.8633942793       -16.3784874500
        0.4700095000         1.0000000000         0.7201762293         3.8072529752       -16.0460508289
        0.4750069000         1.0000000000         0.6972052876         3.7409041613       -16.6444367469
        0.4800095000         1.0000000000         0.7201762293         3.6771072248       -16.0460508289
        0.4850079000         1.0000000000         0.7227285561         3.6158621658       -15.9795635046
        0.4900096000         1.0000000000         0.7074145950         3.5495133519       -16.3784874500
        0.4950080000         1.0000000000         0.7150715756         3.4908201703       -16.1790254773
        0.5000094000         1.0000000000         0.7176239024         3.4295751113       -16.1125381531
        0.5050055000         1.0000000000         0.7048622681         3.3632262974       -16.4449747742
        0.5100101000         1.0000000000         0.7048622681         3.3019812383       -16.4449747742
        0.5150105000         1.0000000000         0.7150715756         3.2407361793       -16.1790254773
        0.5200098000         1.0000000000         0.7125192487         3.1769392429       -16.2455128015
        0.5250078000         1.0000000000         0.6972052876         3.1182460613       -16.6444367469
        0.5300083000         1.0000000000         0.7074145950         3.0442416150       -16.3784874500
        0.5350047000         1.0000000000         0.6972052876         2.9829965560       -16.6444367469
        0.5400040000         1.0000000000         0.7074145950         2.9243033744       -16.3784874500
        0.5450094000         1.0000000000         0.6818913264         2.8605064379       -17.0433606923
        0.5500101000         1.0000000000         0.7099669219         2.8043651338       -16.3120001258
        0.5550052000         1.0000000000         0.7150715756         2.7354644424       -16.1790254773
        0.5600103000         1.0000000000         0.7125192487         2.6793231383       -16.2455128015
        0.5650059000         1.0000000000         0.6921006339         2.6180780793       -16.7774113954
        0.5700102000         1.0000000000         0.6972052876         2.5466255105       -16.6444367469
        0.5750079000         1.0000000000         0.7074145950         2.4802766965       -16.3784874500
        0.5800102000         1.0000000000         0.6921006339         2.4190316375       -16.7774113954
        0.5850185000         1.0000000000         0.7074145950         2.3552347011       -16.3784874500
        0.5900191000         1.0000000000         0.6946529607         2.2990933970       -16.7109240711
        0.5950059000         1.0000000000         0.6997576144         2.2276408281       -16.5779494227
        0.6000095000         1.0000000000         0.6997576144         2.1663957691       -16.5779494227
        0.6050067000         1.0000000000         0.6844436533         2.1000469552       -16.9768733680
        0.6100100000         1.0000000000         0.6946529607         2.0336981412       -16.7109240711
        0.6150813000         1.0000000000         0.6972052876         1.9699012047       -16.6444367469
        0.6200098000         1.0000000000         0.7074145950         1.9112080232       -16.3784874500
        0.6250096000         1.0000000000         0.6869959802         1.8448592093       -16.9103860438
        0.6300061000         1.0000000000         0.7048622681         1.7938216601       -16.4449747742
        0.6350097000         1.0000000000         0.6895483070         1.7198172138       -16.8438987196
        0.6400097000         1.0000000000         0.6997576144         1.6636759097       -16.5779494227
        0.6450096000         1.0000000000         0.6895483070         1.5998789732       -16.8438987196
        0.6500103000         1.0000000000         0.7125192487         1.5411857916       -16.2455128015
        0.6550096000         1.0000000000         0.6869959802         1.4646294679       -16.9103860438
        0.6600066000         1.0000000000         0.6946529607         1.4110400412       -16.7109240711
        0.6650098000         1.0000000000         0.6793389996         1.3395874724       -17.1098480165
        0.6700072000         1.0000000000         0.7023099413         1.2859980457       -16.5114620985
        0.6750098000         1.0000000000         0.6742343459         1.2145454769       -17.2428226649
        0.6800091000         1.0000000000         0.7074145950         1.1584041728       -16.3784874500
        0.6850098000         1.0000000000         0.6895483070         1.0869516039       -16.8438987196
        0.6900068000         1.0000000000         0.6742343459         1.0154990351       -17.2428226649
        0.6950102000         1.0000000000         0.6818913264         0.9517020986       -17.0433606923
        0.7000055000         1.0000000000         0.6716820190         0.8853532847       -17.3093099892
        0.7050114000         1.0000000000         0.7099669219         0.8317638580       -16.3120001258
        1.7164029000         1.0000000000         0.6844436533         3.4015044592       -16.9768733680
        1.7207487000         1.0000000000         0.6691296922         3.3402594002       -17.3757973134
        1.7334099000         1.0000000000         0.6895483070         3.1743873654       -16.8438987196
        1.7340216000         1.0000000000         0.6844436533         3.1616279781       -16.9768733680
        1.7345363000         1.0000000000         0.6844436533         3.1616279781       -16.9768733680
        1.7352323000         1.0000000000         0.6818913264         3.1590761006       -17.0433606923
        1.7397345000         1.0000000000         0.6614727116         3.0952791642       -17.5752592861
        1.7406076000         1.0000000000         0.6589203847         3.0748641445       -17.6417466103
        1.7411722000         1.0000000000         0.6691296922         3.0748641445       -17.3757973134
        1.7416446000         1.0000000000         0.6665773653         3.0621047572       -17.4422846376
        1.7426152000         1.0000000000         0.6742343459         3.0570010023       -17.2428226649
        1.7431401000         1.0000000000         0.6921006339         3.0518972474       -16.7774113954
        1.7436180000         1.0000000000         0.6793389996         3.0442416150       -17.1098480165
        1.7441647000         1.0000000000         0.6742343459         3.0289303502       -17.2428226649
        1.7447300000         1.0000000000         0.6844436533         3.0314822277       -16.9768733680
        1.7452656000         1.0000000000         0.6818913264         3.0263784728       -17.0433606923
        1.7458947000         1.0000000000         0.6793389996         3.0161709629       -17.1098480165
        1.7465723000         1.0000000000         0.6767866727         3.0085153306       -17.1763353407
        1.7471889000         1.0000000000         0.6716820190         2.9957559433       -17.3093099892
        1.7478440000         1.0000000000         0.6716820190         2.9855484334       -17.3093099892
        1.7483439000         1.0000000000         0.6691296922         2.9753409236       -17.3757973134
        1.7488113000         1.0000000000         0.6716820190         2.9727890461       -17.3093099892
        1.7493942000         1.0000000000         0.6742343459         2.9625815363       -17.2428226649
        1.7498495000         1.0000000000         0.6818913264         2.9676852912       -17.0433606923
        1.7503774000         1.0000000000         0.6767866727         2.9549259039       -17.1763353407
        1.7508445000         1.0000000000         0.6742343459         2.9421665166       -17.2428226649
        1.7512680000         1.0000000000         0.6869959802         2.9472702715       -16.9103860438
        1.7516860000         1.0000000000         0.6818913264         2.9345108842       -17.0433606923
        1.7521385000         1.0000000000         0.6818913264         2.9319590068       -17.0433606923
        1.7526582000         1.0000000000         0.6844436533         2.9217514970       -16.9768733680
        1.7531952000         1.0000000000         0.6844436533         2.9140958646       -16.9768733680
        1.7537127000         1.0000000000         0.6793389996         2.9089921097       -17.1098480165
        1.7557164000         1.0000000000         0.6793389996         2.8809214576       -17.1098480165
        1.7586177000         1.0000000000         0.6793389996         2.8528508056       -17.1098480165
        1.7591967000         1.0000000000         0.6665773653         2.8298839084       -17.4422846376
        1.7601640000         1.0000000000         0.6691296922         2.8247801535       -17.3757973134
        1.7606301000         1.0000000000         0.6818913264         2.8247801535       -17.0433606923
        1.7611267000         1.0000000000         0.6716820190         2.8094688888       -17.3093099892
        1.7616535000         1.0000000000         0.6844436533         2.8145726437       -16.9768733680
        1.7621141000         1.0000000000         0.6793389996         2.7992613789       -17.1098480165
        1.7625370000         1.0000000000         0.6844436533         2.8018132564       -16.9768733680
        1.7629511000         1.0000000000         0.6742343459         2.7865019916       -17.2428226649
        1.7635504000         1.0000000000         0.6716820190         2.7762944818       -17.3093099892
        1.7641979000         1.0000000000         0.6767866727         2.7737426043       -17.1763353407
        1.7646675000         1.0000000000         0.6691296922         2.7609832170       -17.3757973134
        1.7651833000         1.0000000000         0.6844436533         2.7558794621       -16.9768733680
        1.7656816000         1.0000000000         0.6665773653         2.7456719523       -17.4422846376
        1.7663463000         1.0000000000         0.6716820190         2.7456719523       -17.3093099892
        1.7668093000         1.0000000000         0.6793389996         2.7431200748       -17.1098480165
        1.7672784000         1.0000000000         0.6665773653         2.7303606875       -17.4422846376
        1.7677563000         1.0000000000         0.6793389996         2.7303606875       -17.1098480165
        1.7681863000         1.0000000000         0.6793389996         2.7227050552       -17.1098480165
        1.7686307000         1.0000000000         0.6767866727         2.7150494228       -17.1763353407
        1.7691319000         1.0000000000         0.6793389996         2.7099456679       -17.1098480165
        1.7696190000         1.0000000000         0.6844436533         2.7099456679       -16.9768733680
        1.7702402000         1.0000000000         0.6793389996         2.6946344031       -17.1098480165
        1.7707082000         1.0000000000         0.6793389996         2.6869787707       -17.1098480165
        1.7712248000         1.0000000000         0.6767866727         2.6818750158       -17.1763353407
        1.7717155000         1.0000000000         0.6767866727         2.6742193834       -17.1763353407
        1.7721639000         1.0000000000         0.6742343459         2.6665637511       -17.2428226649
        1.7726534000         1.0000000000         0.6793389996         2.6691156285       -17.1098480165
        1.7732116000         1.0000000000         0.6691296922         2.6487006088       -17.3757973134
        1.7737126000         1.0000000000         0.6742343459         2.6487006088       -17.2428226649
        1.7742134000         1.0000000000         0.6665773653         2.6359412215       -17.4422846376
        1.7746622000         1.0000000000         0.6716820190         2.6333893441       -17.3093099892
        1.7751572000         1.0000000000         0.6716820190         2.6282855892       -17.3093099892
        1.7756340000         1.0000000000         0.6793389996         2.6282855892       -17.1098480165
        1.7761708000         1.0000000000         0.6767866727         2.6231818342       -17.1763353407
        1.7766509000         1.0000000000         0.6793389996         2.6155262019       -17.1098480165
        1.7771580000         1.0000000000         0.6665773653         2.5951111822       -17.4422846376
        1.7776498000         1.0000000000         0.6767866727         2.5976630597       -17.1763353407
        1.7781793000         1.0000000000         0.6742343459         2.5900074273       -17.2428226649
        1.7786844000         1.0000000000         0.6767866727         2.5849036724       -17.1763353407
        1.7792280000         1.0000000000         0.6844436533         2.5849036724       -16.9768733680
        1.7797701000         1.0000000000         0.6818913264         2.5695924076       -17.0433606923
        1.7803282000         1.0000000000         0.6793389996         2.5593848978       -17.1098480165
        1.7808355000         1.0000000000         0.6844436533         2.5542811429       -16.9768733680
        1.7813664000         1.0000000000         0.6793389996         2.5440736330       -17.1098480165
        1.7818357000         1.0000000000         0.6844436533         2.5466255105       -16.9768733680
        1.7822731000         1.0000000000         0.6844436533         2.5389698781       -16.9768733680
        1.7828033000         1.0000000000         0.6767866727         2.5287623683       -17.1763353407
        1.7832340000         1.0000000000         0.6895483070         2.5236586133       -16.8438987196
        1.7838006000         1.0000000000         0.6767866727         2.5108992261       -17.1763353407
        1.7844118000         1.0000000000         0.6793389996         2.5057954711       -17.1098480165
        1.7848509000         1.0000000000         0.6818913264         2.5083473486       -17.0433606923
        1.7853830000         1.0000000000         0.6716820190         2.4879323289       -17.3093099892
        1.7859388000         1.0000000000         0.6818913264         2.4955879613       -17.0433606923
        1.7864370000         1.0000000000         0.6691296922         2.4751729416       -17.3757973134
        1.7869089000         1.0000000000         0.6767866727         2.4751729416       -17.1763353407
        1.7874756000         1.0000000000         0.6716820190         2.4675173092       -17.3093099892
        1.7880149000         1.0000000000         0.6716820190         2.4598616769       -17.3093099892
        1.7885848000         1.0000000000         0.6716820190         2.4547579220       -17.3093099892
        1.7891145000         1.0000000000         0.6742343459         2.4445504121       -17.2428226649
        1.7896245000         1.0000000000         0.6793389996         2.4471022896       -17.1098480165
        1.7902938000         1.0000000000         0.6818913264         2.4343429023       -17.0433606923
        1.7907273000         1.0000000000         0.6818913264         2.4317910248       -17.0433606923
        1.7912044000         1.0000000000         0.6767866727         2.4190316375       -17.1763353407
        1.7918229000         1.0000000000         0.6691296922         2.4062722502       -17.3757973134
        1.7924333000         1.0000000000         0.6767866727         2.4037203728       -17.1763353407
        1.7930535000         1.0000000000         0.6742343459         2.3960647404       -17.2428226649
        1.7935463000         1.0000000000         0.6793389996         2.3960647404       -17.1098480165
        1.7941204000         1.0000000000         0.6742343459         2.3807534756       -17.2428226649
        1.7950255000         1.0000000000         0.6793389996         2.3756497207       -17.1098480165
        1.7954629000         1.0000000000         0.6767866727         2.3628903334       -17.1763353407
        1.7959911000         1.0000000000         0.6742343459         2.3501309461       -17.2428226649
        1.7964605000         1.0000000000         0.6716820190         2.3552347011       -17.3093099892
        1.7969484000         1.0000000000         0.6691296922         2.3373715588       -17.3757973134
        1.7974729000         1.0000000000         0.6793389996         2.3424753138       -17.1098480165
        1.7980021000         1.0000000000         0.6716820190         2.3348196814       -17.3093099892
        1.7984832000         1.0000000000         0.6691296922         2.3246121715       -17.3757973134
        1.7989913000         1.0000000000         0.6716820190         2.3169565392       -17.3093099892
        1.7995193000         1.0000000000         0.6716820190         2.3093009068       -17.3093099892
        1.8000068000         1.0000000000         0.6716820190         2.3016452744       -17.3093099892
        1.8005248000         1.0000000000         0.6716820190         2.2939896420       -17.3093099892
        1.8009693000         1.0000000000         0.6716820190         2.2888858871       -17.3093099892
        1.8014332000         1.0000000000         0.6793389996         2.2914377646       -17.1098480165
        1.8018181000         1.0000000000         0.6742343459         2.2812302547       -17.2428226649
        1.8022253000         1.0000000000         0.6767866727         2.2710227449       -17.1763353407
        1.8026916000         1.0000000000         0.6844436533         2.2761264998       -16.9768733680
        1.8031412000         1.0000000000         0.6844436533         2.2710227449       -16.9768733680
        1.8036541000         1.0000000000         0.6818913264         2.2608152351       -17.0433606923
        1.8042645000         1.0000000000         0.6767866727         2.2455039703       -17.1763353407
        1.8048365000         1.0000000000         0.6716820190         2.2327445830       -17.3093099892
        1.8053094000         1.0000000000         0.6716820190         2.2301927056       -17.3093099892
        1.8059137000         1.0000000000         0.6793389996         2.2250889506       -17.1098480165
        1.8064288000         1.0000000000         0.6844436533         2.2250889506       -16.9768733680
        1.8070121000         1.0000000000         0.6793389996         2.2123295633       -17.1098480165
        1.8074072000         1.0000000000         0.6716820190         2.1995701761       -17.3093099892
        1.8078152000         1.0000000000         0.6716820190         2.1970182986       -17.3093099892
        1.8082209000         1.0000000000         0.6767866727         2.1944664211       -17.1763353407
        1.8086351000         1.0000000000         0.6742343459         2.1893626662       -17.2428226649
        1.8091058000         1.0000000000         0.6793389996         2.1893626662       -17.1098480165
        1.8095295000         1.0000000000         0.6716820190         2.1766032789       -17.3093099892
        1.8099403000         1.0000000000         0.6716820190         2.1740514015       -17.3093099892
        1.8105480000         1.0000000000         0.6716820190         2.1638438916       -17.3093099892
        1.8110579000         1.0000000000         0.6818913264         2.1612920142       -17.0433606923
        1.8115207000         1.0000000000         0.6665773653         2.1459807494       -17.4422846376
        1.8119654000         1.0000000000         0.6742343459         2.1459807494       -17.2428226649
        1.8124718000         1.0000000000         0.6742343459         2.1332213621       -17.2428226649
        1.8129793000         1.0000000000         0.6869959802         2.1383251170       -16.9103860438
        1.8135386000         1.0000000000         0.6742343459         2.1204619748       -17.2428226649
        1.8139512000         1.0000000000         0.6869959802         2.1230138523       -16.9103860438
        1.8144727000         1.0000000000         0.6742343459         2.1077025875       -17.2428226649
        1.8148985000         1.0000000000         0.6767866727         2.1077025875       -17.1763353407
        1.8154048000         1.0000000000         0.6742343459         2.1000469552       -17.2428226649
        1.8158150000         1.0000000000         0.6742343459         2.0949432002       -17.2428226649
        1.8162546000         1.0000000000         0.6818913264         2.0974950777       -17.0433606923
        1.8167140000         1.0000000000         0.6665773653         2.0770800580       -17.4422846376
        1.8171464000         1.0000000000         0.6665773653         2.0719763031       -17.4422846376
        1.8176699000         1.0000000000         0.6742343459         2.0719763031       -17.2428226649
        1.8181637000         1.0000000000         0.6716820190         2.0643206707       -17.3093099892
        1.8187120000         1.0000000000         0.6742343459         2.0541131609       -17.2428226649
        1.8192468000         1.0000000000         0.6691296922         2.0439056511       -17.3757973134
        1.8198011000         1.0000000000         0.6665773653         2.0388018961       -17.4422846376
        1.8202440000         1.0000000000         0.6716820190         2.0388018961       -17.3093099892
        1.8207396000         1.0000000000         0.6665773653         2.0234906314       -17.4422846376
        1.8212682000         1.0000000000         0.6818913264         2.0158349990       -17.0433606923
        1.8217496000         1.0000000000         0.6767866727         2.0158349990       -17.1763353407
        1.8222346000         1.0000000000         0.6691296922         2.0030756117       -17.3757973134
        1.8227664000         1.0000000000         0.6869959802         1.9954199793       -16.9103860438
        1.8233449000         1.0000000000         0.6742343459         1.9928681019       -17.2428226649
        1.8238007000         1.0000000000         0.6691296922         1.9826605920       -17.3757973134
        1.8243018000         1.0000000000         0.6767866727         1.9903162244       -17.1763353407
        1.8247693000         1.0000000000         0.6742343459         1.9826605920       -17.2428226649
        1.8252218000         1.0000000000         0.6716820190         1.9750049597       -17.3093099892
        1.8258001000         1.0000000000         0.6589203847         1.9622455724       -17.6417466103
        1.8263980000         1.0000000000         0.6563680579         1.9520380625       -17.7082339345
        1.8268959000         1.0000000000         0.6538157310         1.9494861851       -17.7747212588
        1.8274806000         1.0000000000         0.6589203847         1.9443824302       -17.6417466103
        1.8279917000         1.0000000000         0.6563680579         1.9341749203       -17.7082339345
        1.8284731000         1.0000000000         0.6512634042         1.9188636556       -17.8412085830
        1.8290670000         1.0000000000         0.6538157310         1.9112080232       -17.7747212588
        1.8295718000         1.0000000000         0.6589203847         1.9112080232       -17.6417466103
        1.8300748000         1.0000000000         0.6716820190         1.9112080232       -17.3093099892
        1.8306472000         1.0000000000         0.6691296922         1.8984486359       -17.3757973134
        1.8311384000         1.0000000000         0.6742343459         1.8907930035       -17.2428226649
        1.8317828000         1.0000000000         0.6716820190         1.8780336162       -17.3093099892
        1.8322788000         1.0000000000         0.6793389996         1.8780336162       -17.1098480165
        1.8328102000         1.0000000000         0.6818913264         1.8729298613       -17.0433606923
        1.8333523000         1.0000000000         0.6767866727         1.8576185965       -17.1763353407
        1.8337763000         1.0000000000         0.6818913264         1.8601704740       -17.0433606923
        1.8341994000         1.0000000000         0.6818913264         1.8550667191       -17.0433606923
        1.8347129000         1.0000000000         0.6869959802         1.8499629642       -16.9103860438
        1.8352297000         1.0000000000         0.6742343459         1.8346516994       -17.2428226649
        1.8357020000         1.0000000000         0.6793389996         1.8320998220       -17.1098480165
        1.8361541000         1.0000000000         0.6716820190         1.8295479445       -17.3093099892
        1.8366926000         1.0000000000         0.6793389996         1.8218923121       -17.1098480165
        1.8372379000         1.0000000000         0.6818913264         1.8218923121       -17.0433606923
        1.8377207000         1.0000000000         0.6742343459         1.8091329248       -17.2428226649
        1.8382387000         1.0000000000         0.6742343459         1.8040291699       -17.2428226649
        1.8387406000         1.0000000000         0.6793389996         1.7938216601       -17.1098480165
        1.8392700000         1.0000000000         0.6767866727         1.7861660277       -17.1763353407
        1.8397151000         1.0000000000         0.6793389996         1.7810622728       -17.1098480165
        1.8402793000         1.0000000000         0.6793389996         1.7759585179       -17.1098480165
        1.8407283000         1.0000000000         0.6844436533         1.7734066404       -16.9768733680
        1.8413054000         1.0000000000         0.6818913264         1.7683028855       -17.0433606923
        1.8418232000         1.0000000000         0.6691296922         1.7504397433       -17.3757973134
        1.8423764000         1.0000000000         0.6793389996         1.7529916207       -17.1098480165
        1.8428396000         1.0000000000         0.6665773653         1.7376803560       -17.4422846376
        1.8433199000         1.0000000000         0.6742343459         1.7402322334       -17.2428226649
        1.8437556000         1.0000000000         0.6665773653         1.7300247236       -17.4422846376
        1.8443156000         1.0000000000         0.6691296922         1.7300247236       -17.3757973134
        1.8448021000         1.0000000000         0.6691296922         1.7147134588       -17.3757973134
        1.8452433000         1.0000000000         0.6665773653         1.7121615814       -17.4422846376
        1.8458592000         1.0000000000         0.6716820190         1.7045059490       -17.3093099892
        1.8463864000         1.0000000000         0.6640250384         1.6891946843       -17.5087719619
        1.8469154000         1.0000000000         0.6614727116         1.6891946843       -17.5752592861
        1.8474269000         1.0000000000         0.6716820190         1.6840909293       -17.3093099892
        1.8478548000         1.0000000000         0.6767866727         1.6713315420       -17.1763353407
        1.8483448000         1.0000000000         0.6767866727         1.6789871744       -17.1763353407
        1.8488277000         1.0000000000         0.6691296922         1.6636759097       -17.3757973134
        1.8494992000         1.0000000000         0.6742343459         1.6636759097       -17.2428226649
        1.8500034000         1.0000000000         0.6691296922         1.6483646449       -17.3757973134
        1.8504982000         1.0000000000         0.6640250384         1.6458127674       -17.5087719619
        1.8510106000         1.0000000000         0.6665773653         1.6407090125       -17.4422846376
        1.8514762000         1.0000000000         0.6640250384         1.6356052576       -17.5087719619
        1.8519611000         1.0000000000         0.6563680579         1.6228458703       -17.7082339345
        1.8526038000         1.0000000000         0.6512634042         1.6100864830       -17.8412085830
        1.8530369000         1.0000000000         0.6538157310         1.6100864830       -17.7747212588
        1.8535138000         1.0000000000         0.6512634042         1.5973270957       -17.8412085830
        1.8539989000         1.0000000000         0.6563680579         1.5973270957       -17.7082339345
        1.8544965000         1.0000000000         0.6589203847         1.5922233408       -17.6417466103
        1.8549775000         1.0000000000         0.6563680579         1.5769120761       -17.7082339345
        1.8554641000         1.0000000000         0.6691296922         1.5820158310       -17.3757973134
        1.8559560000         1.0000000000         0.6665773653         1.5692564437       -17.4422846376
        1.8564826000         1.0000000000         0.6767866727         1.5667045662       -17.1763353407
        1.8569304000         1.0000000000         0.6665773653         1.5539451789       -17.4422846376
        1.8573700000         1.0000000000         0.6716820190         1.5513933015       -17.3093099892
        1.8578069000         1.0000000000         0.6742343459         1.5437376691       -17.2428226649
        1.8582687000         1.0000000000         0.6767866727         1.5411857916       -17.1763353407
        1.8600054000         1.0000000000         0.6716820190         1.5105632621       -17.3093099892
        1.8650079000         1.0000000000         0.6563680579         1.4467663256       -17.7082339345
        1.8700117000         1.0000000000         0.6818913264         1.3906250215       -17.0433606923
        1.8750144000         1.0000000000         0.6665773653         1.3191724527       -17.4422846376
        1.8800112000         1.0000000000         0.6614727116         1.2528236388       -17.5752592861
        1.8850166000         1.0000000000         0.6716820190         1.1864748248       -17.3093099892
        1.8900372000         1.0000000000         0.6614727116         1.1252297658       -17.5752592861
        1.8950145000         1.0000000000         0.6691296922         1.0486734420       -17.3757973134
        1.9000106000         1.0000000000         0.6793389996         0.9925321379       -17.1098480165
        1.9050113000         1.0000000000         0.6589203847         0.9210795691       -17.6417466103
        1.9100130000         1.0000000000         0.6691296922         0.8419713679       -17.3757973134
        1.9150575000         1.0000000000         0.6538157310         0.7730706765       -17.7747212588
        1.9200386000         1.0000000000         0.6793389996         0.7194812498       -17.1098480165
        1.9250119000         1.0000000000         0.6538157310         0.6429249261       -17.7747212588
        1.9300079000         1.0000000000         0.6869959802         0.5842317445       -16.9103860438
        1.9350078000         1.0000000000         0.6665773653         0.5127791757       -17.4422846376
        1.9400056000         1.0000000000         0.6589203847         0.4413266068       -17.6417466103
        1.9450057000         1.0000000000         0.6665773653         0.3673221605       -17.4422846376
        1.9500118000         1.0000000000         0.6614727116         0.3009733466       -17.5752592861
        1.9550086000         1.0000000000         0.6742343459         0.2397282875       -17.2428226649
        1.9600070000         1.0000000000         0.6742343459         0.1580682088       -17.2428226649
        1.9650093000         1.0000000000         0.6716820190         0.0942712724       -17.3093099892
        1.9700055000         1.0000000000         0.6512634042         0.0253705810       -17.8412085830
        1.9750054000         1.0000000000         0.6767866727         0.0024036839       -17.1763353407
        1.9800132000         1.0000000000         0.6640250384         0.0075074388       -17.5087719619
        1.9850148000         1.0000000000         0.6869959802         5.0015316260       -16.9103860438
        1.9900080000         1.0000000000         0.6614727116         5.0015316260       -17.5752592861
        1.9950134000         1.0000000000         0.6691296922         4.9913241162       -17.3757973134
        2.0000141000         1.0000000000         0.6716820190         4.9173196699       -17.3093099892
        2.0050169000         1.0000000000         0.6742343459         4.8509708560       -17.2428226649
        2.0100095000         1.0000000000         0.6767866727         4.7795182871       -17.1763353407
        2.0150114000         1.0000000000         0.6716820190         4.7182732281       -17.3093099892
        2.0200058000         1.0000000000         0.6844436533         4.6468206592       -16.9768733680
        2.0250128000         1.0000000000         0.6691296922         4.5804718453       -17.3757973134
        2.0300098000         1.0000000000         0.6691296922         4.5039155215       -17.3757973134
        2.0350095000         1.0000000000         0.6742343459         4.4426704625       -17.2428226649
        2.0400149000         1.0000000000         0.6818913264         4.3737697711       -17.0433606923
        2.0450140000         1.0000000000         0.6691296922         4.2997653248       -17.3757973134
        2.0500114000         1.0000000000         0.6818913264         4.2461758982       -17.0433606923
        2.0550094000         1.0000000000         0.6691296922         4.1747233293       -17.3757973134
        2.0600061000         1.0000000000         0.6742343459         4.1058226379       -17.2428226649
        2.0650093000         1.0000000000         0.6716820190         4.0394738240       -17.3093099892
        2.0700055000         1.0000000000         0.6691296922         3.9756768875       -17.3757973134
        2.0750104000         1.0000000000         0.6844436533         3.9118799510       -16.9768733680
        2.0800039000         1.0000000000         0.6793389996         3.8531867695       -17.1098480165
        2.0850119000         1.0000000000         0.6793389996         3.7868379556       -17.1098480165
        2.0900105000         1.0000000000         0.6742343459         3.7204891416       -17.2428226649
        2.0950062000         1.0000000000         0.6793389996         3.6490365728       -17.1098480165
        2.1000066000         1.0000000000         0.6869959802         3.5877915138       -16.9103860438
        2.1050100000         1.0000000000         0.6742343459         3.5086833125       -17.2428226649
        2.1100047000         1.0000000000         0.6665773653         3.4499901310       -17.4422846376
        2.1150078000         1.0000000000         0.6716820190         3.3912969494       -17.3093099892
        2.1200069000         1.0000000000         0.6742343459         3.3121887482       -17.2428226649
        2.1250087000         1.0000000000         0.6716820190         3.2509436892       -17.3093099892
        2.1300064000         1.0000000000         0.6844436533         3.1845948752       -16.9768733680
        2.1350082000         1.0000000000         0.6665773653         3.1182460613       -17.4422846376
        2.1400081000         1.0000000000         0.6665773653         3.0544491248       -17.4422846376
        2.1450073000         1.0000000000         0.6793389996         2.9957559433       -17.1098480165
        2.1500442000         1.0000000000         0.6818913264         2.9243033744       -17.0433606923
        2.1550077000         1.0000000000         0.6640250384         2.8528508056       -17.5087719619
        2.1600069000         1.0000000000         0.6716820190         2.7916057465       -17.3093099892
        2.1650056000         1.0000000000         0.6691296922         2.7201531777       -17.3757973134
        2.1700076000         1.0000000000         0.6614727116         2.6538043638       -17.5752592861
        2.1750123000         1.0000000000         0.6793389996         2.6002149371       -17.1098480165
        2.1800085000         1.0000000000         0.6589203847         2.5262104908       -17.6417466103
        2.1850126000         1.0000000000         0.6844436533         2.4675173092       -16.9768733680
        2.1900112000         1.0000000000         0.6716820190         2.3935128629       -17.3093099892
        2.1950241000         1.0000000000         0.6665773653         2.3220602941       -17.4422846376
        2.2000054000         1.0000000000         0.6640250384         2.2608152351       -17.5087719619
        2.2050088000         1.0000000000         0.6742343459         2.1995701761       -17.2428226649
        2.2100769000         1.0000000000         0.6640250384         2.1230138523       -17.5087719619
        2.2150075000         1.0000000000         0.6640250384         2.0617687933       -17.5087719619
        2.2200097000         1.0000000000         0.6818913264         1.9979718568       -17.0433606923
        2.2250067000         1.0000000000         0.6691296922         1.9392786752       -17.3757973134
        2.2300636000         1.0000000000         0.6614727116         1.8601704740       -17.5752592861
        2.2350134000         1.0000000000         0.6614727116         1.8014772924       -17.5752592861
        2.2400109000         1.0000000000         0.6589203847         1.7274728461       -17.6417466103
        2.2450152000         1.0000000000         0.6665773653         1.6687796646       -17.4422846376
        2.2500168000         1.0000000000         0.6640250384         1.6024308506       -17.5087719619
        2.2550131000         1.0000000000         0.6640250384         1.5309782818       -17.5087719619
        2.2600130000         1.0000000000         0.6563680579         1.4748369777       -17.7082339345
        2.2650069000         1.0000000000         0.6691296922         1.4033844088       -17.3757973134
        2.2700183000         1.0000000000         0.6716820190         1.3446912273       -17.3093099892
        2.2750106000         1.0000000000         0.6716820190         1.2757905359       -17.3093099892
        2.2800153000         1.0000000000         0.6691296922         1.2068898445       -17.3757973134
        2.2851682000         1.0000000000         0.6716820190         1.1430929080       -17.3093099892
        2.2900137000         1.0000000000         0.6640250384         1.0716403392       -17.5087719619
        2.2950180000         1.0000000000         0.6589203847         1.0001877703       -17.6417466103
        2.3000119000         1.0000000000         0.6589203847         0.9312870789       -17.6417466103
        2.3050125000         1.0000000000         0.6640250384         0.8725938974       -17.5087719619
        2.3100137000         1.0000000000         0.6716820190         0.8011413285       -17.3093099892
        2.3150098000         1.0000000000         0.6563680579         0.7296887597       -17.7082339345
        2.3200087000         1.0000000000         0.6461587505         0.6556843134       -17.9741832314
        2.3250061000         1.0000000000         0.6742343459         0.5944392543       -17.2428226649
        2.3300049000         1.0000000000         0.6589203847         0.5229866855       -17.6417466103
        2.3350055000         1.0000000000         0.6716820190         0.4642935039       -17.3093099892
        2.3400058000         1.0000000000         0.6691296922         0.3851853027       -17.3757973134
        2.3450047000         1.0000000000         0.6716820190         0.3239402437       -17.3093099892
        2.3500070000         1.0000000000         0.6589203847         0.2473839199       -17.6417466103
        2.3550074000         1.0000000000         0.6793389996         0.1835869834       -17.1098480165
        2.3600117000         1.0000000000         0.6767866727         0.1146862920       -17.1763353407
        2.3650073000         1.0000000000         0.6538157310         0.0355780908       -17.7747212588
        2.3700079000         1.0000000000         0.6818913264        -0.0052519485       -17.0433606923
        2.3750068000         1.0000000000         0.6589203847         0.0024036839       -17.6417466103
        2.3800086000         1.0000000000         0.6716820190         1.1099185011       -17.3093099892
        2.3850075000         1.0000000000         0.6742343459         5.0066353810       -17.2428226649
        2.3900096000         1.0000000000         0.6563680579         4.9989797486       -17.7082339345
        2.3950057000         1.0000000000         0.6691296922         4.9351828121       -17.3757973134
        2.4000080000         1.0000000000         0.6716820190         4.8739377531       -17.3093099892
        2.4050046000         1.0000000000         0.6614727116         4.7922776744       -17.5752592861
        2.4100075000         1.0000000000         0.6538157310         4.7208251056       -17.7747212588
        2.4150050000         1.0000000000         0.6716820190         4.6493725367       -17.3093099892
        2.4200053000         1.0000000000         0.6614727116         4.5906793551       -17.5752592861
        2.4250080000         1.0000000000         0.6691296922         4.5115711539       -17.3757973134
        2.4300078000         1.0000000000         0.6640250384         4.4579817273       -17.5087719619
        2.4350114000         1.0000000000         0.6742343459         4.3865291584       -17.2428226649
        2.4400035000         1.0000000000         0.6716820190         4.3150765896       -17.3093099892
        2.4450102000         1.0000000000         0.6716820190         4.2461758982       -17.3093099892
        2.4500096000         1.0000000000         0.6793389996         4.1874827166       -17.1098480165
        2.4550104000         1.0000000000         0.6589203847         4.1134782703       -17.6417466103
        2.4600097000         1.0000000000         0.6589203847         4.0496813338       -17.6417466103
        2.4650078000         1.0000000000         0.6716820190         3.9858843974       -17.3093099892
        2.4700078000         1.0000000000         0.6742343459         3.9144318285       -17.2428226649
        2.4750032000         1.0000000000         0.6767866727         3.8506348920       -17.1763353407
        2.4800092000         1.0000000000         0.6716820190         3.7817342006       -17.3093099892
        2.4850352000         1.0000000000         0.6512634042         3.7077297543       -17.8412085830
        2.4900102000         1.0000000000         0.6793389996         3.6541403277       -17.1098480165
        2.4950067000         1.0000000000         0.6767866727         3.5877915138       -17.1763353407
        2.5000070000         1.0000000000         0.6640250384         3.5163389449       -17.5087719619
        2.5050064000         1.0000000000         0.6691296922         3.4474382535       -17.3757973134
        2.5100099000         1.0000000000         0.6716820190         3.3785375621       -17.3093099892
        2.5150064000         1.0000000000         0.6563680579         3.3096368707       -17.7082339345
        2.5200101000         1.0000000000         0.6691296922         3.2483918117       -17.3757973134
        2.5250048000         1.0000000000         0.6869959802         3.1896986301       -16.9103860438
        2.5300097000         1.0000000000         0.6742343459         3.1131423064       -17.2428226649
        2.5350042000         1.0000000000         0.6742343459         3.0570010023       -17.2428226649
        2.5400100000         1.0000000000         0.6640250384         2.9829965560       -17.5087719619
        2.5450098000         1.0000000000         0.6614727116         2.9140958646       -17.5752592861
        2.5500102000         1.0000000000         0.6691296922         2.8579545605       -17.3757973134
        2.5550052000         1.0000000000         0.6767866727         2.7941576240       -17.1763353407
        2.5600100000         1.0000000000         0.6691296922         2.7150494228       -17.3757973134
        2.5650052000         1.0000000000         0.6614727116         2.6538043638       -17.5752592861
        2.5700093000         1.0000000000         0.6691296922         2.5900074273       -17.3757973134
        2.5750064000         1.0000000000         0.6589203847         2.5160029810       -17.6417466103
        2.5800096000         1.0000000000         0.6742343459         2.4649654318       -17.2428226649
        2.5850040000         1.0000000000         0.6614727116         2.3884091080       -17.5752592861
        2.5900049000         1.0000000000         0.6767866727         2.3220602941       -17.1763353407
        2.5950793000         1.0000000000         0.6665773653         2.2557114802       -17.4422846376
        2.6000089000         1.0000000000         0.6793389996         2.1944664211       -17.1098480165
        2.6051251000         1.0000000000         0.6640250384         2.1230138523       -17.5087719619
        2.6100111000         1.0000000000         0.6614727116         2.0566650383       -17.5752592861
        2.6150634000         1.0000000000         0.6716820190         1.9801087146       -17.3093099892
        2.6200069000         1.0000000000         0.6614727116         1.9214155330       -17.5752592861
        2.6250099000         1.0000000000         0.6716820190         1.8576185965       -17.3093099892
        2.6300056000         1.0000000000         0.6665773653         1.7912697826       -17.4422846376
        2.6350094000         1.0000000000         0.6640250384         1.7274728461       -17.5087719619
        2.6400100000         1.0000000000         0.6691296922         1.6611240322       -17.3757973134
        2.6450086000         1.0000000000         0.6538157310         1.5896714634       -17.7747212588
        2.6500063000         1.0000000000         0.6793389996         1.5309782818       -17.1098480165
        2.6550105000         1.0000000000         0.6614727116         1.4671813453       -17.5752592861
        2.6600070000         1.0000000000         0.6614727116         1.3957287765       -17.5752592861
        2.6650100000         1.0000000000         0.6665773653         1.3268280851       -17.4422846376
        2.6700068000         1.0000000000         0.6716820190         1.2706867810       -17.3093099892
        2.6750100000         1.0000000000         0.6640250384         1.1992342121       -17.5087719619
        2.6800054000         1.0000000000         0.6665773653         1.1277816433       -17.4422846376
        2.6850099000         1.0000000000         0.6742343459         1.0690884617       -17.2428226649
        2.6900056000         1.0000000000         0.6589203847         1.0027396478       -17.6417466103
        2.6950094000         1.0000000000         0.6563680579         0.9312870789       -17.7082339345
        2.7000063000         1.0000000000         0.6691296922         0.8700420199       -17.3757973134
        2.7050094000         1.0000000000         0.6793389996         0.7934856961       -17.1098480165
        2.7100053000         1.0000000000         0.6563680579         0.7271368822       -17.7082339345
        2.7150093000         1.0000000000         0.6589203847         0.6582361908       -17.6417466103
        2.7200116000         1.0000000000         0.6742343459         0.5867836220       -17.2428226649
        2.7250158000         1.0000000000         0.6742343459         0.5255385629       -17.2428226649
        2.7301254000         1.0000000000         0.6793389996         0.4540859941       -17.1098480165
        2.7350100000         1.0000000000         0.6665773653         0.3851853027       -17.4422846376
        2.7400094000         1.0000000000         0.6716820190         0.3188364888       -17.3093099892
        2.7450170000         1.0000000000         0.6589203847         0.2422801650       -17.6417466103
        2.7500090000         1.0000000000         0.6640250384         0.1733794736       -17.5087719619
        2.7550096000         1.0000000000         0.6742343459         0.1146862920       -17.2428226649
        2.7600117000         1.0000000000         0.6640250384         0.0330262134       -17.5087719619
        2.7650073000         1.0000000000         0.6793389996         0.0024036839       -17.1098480165
        2.7700056000         1.0000000000         0.6512634042        -0.0001481936       -17.8412085830
        2.7750131000         1.0000000000         0.6793389996         1.1073666236       -17.1098480165
        2.7800123000         1.0000000000         0.6691296922         4.9989797486       -17.3757973134
        2.7850109000         1.0000000000         0.6640250384         5.0117391359       -17.5087719619
        2.7900084000         1.0000000000         0.6869959802         4.9479421994       -16.9103860438
        2.7950421000         1.0000000000         0.6614727116         4.8637302433       -17.5752592861
        2.8000174000         1.0000000000         0.6793389996         4.8024851842       -17.1098480165
        2.8050108000         1.0000000000         0.6691296922         4.7335844928       -17.3757973134
        2.8100113000         1.0000000000         0.6614727116         4.6493725367       -17.5752592861
        2.8150096000         1.0000000000         0.6691296922         4.5906793551       -17.3757973134
        2.8200110000         1.0000000000         0.6818913264         4.5192267863       -17.0433606923
        2.8250097000         1.0000000000         0.6665773653         4.4554298498       -17.4422846376
        2.8300070000         1.0000000000         0.6716820190         4.3839772810       -17.3093099892
        2.8350095000         1.0000000000         0.6716820190         4.3227322219       -17.3093099892
        2.8400098000         1.0000000000         0.6691296922         4.2512796531       -17.3757973134
        2.8450082000         1.0000000000         0.6844436533         4.1823789617       -16.9768733680
        2.8500048000         1.0000000000         0.6614727116         4.1083745154       -17.5752592861
        2.8550103000         1.0000000000         0.6742343459         4.0471294564       -17.2428226649
        2.8600060000         1.0000000000         0.6614727116         3.9858843974       -17.5752592861
        2.8650093000         1.0000000000         0.6793389996         3.9220874609       -17.1098480165
        2.8700062000         1.0000000000         0.6665773653         3.8506348920       -17.4422846376
        2.8750093000         1.0000000000         0.6767866727         3.7842860781       -17.1763353407
        2.8800258000         1.0000000000         0.6614727116         3.7179372642       -17.5752592861
        2.8850091000         1.0000000000         0.6716820190         3.6490365728       -17.3093099892
        2.8900104000         1.0000000000         0.6716820190         3.5877915138       -17.3093099892
        2.8950096000         1.0000000000         0.6665773653         3.5163389449       -17.4422846376
        2.9000065000         1.0000000000         0.6716820190         3.4525420084       -17.3093099892
        2.9050096000         1.0000000000         0.6818913264         3.3912969494       -17.0433606923
        2.9100541000         1.0000000000         0.6589203847         3.3147406256       -17.6417466103
        2.9150059000         1.0000000000         0.6767866727         3.2585993215       -17.1763353407
        2.9200092000         1.0000000000         0.6691296922         3.1845948752       -17.3757973134
        2.9250093000         1.0000000000         0.6563680579         3.1233498162       -17.7082339345
        2.9300093000         1.0000000000         0.6691296922         3.0518972474       -17.3757973134
        2.9350065000         1.0000000000         0.6742343459         2.9906521883       -17.2428226649
        2.9400092000         1.0000000000         0.6665773653         2.9140958646       -17.4422846376
        2.9450068000         1.0000000000         0.6640250384         2.8528508056       -17.5087719619
        2.9500100000         1.0000000000         0.6665773653         2.7865019916       -17.4422846376
        2.9550106000         1.0000000000         0.6742343459         2.7303606875       -17.2428226649
        2.9600099000         1.0000000000         0.6716820190         2.6640118736       -17.3093099892
        2.9650056000         1.0000000000         0.6716820190         2.5900074273       -17.3093099892
        2.9700095000         1.0000000000         0.6691296922         2.5287623683       -17.3757973134
        2.9750067000         1.0000000000         0.6844436533         2.4649654318       -16.9768733680
        2.9800093000         1.0000000000         0.6640250384         2.3909609855       -17.5087719619
        2.9850074000         1.0000000000         0.6563680579         2.3169565392       -17.7082339345
        2.9900094000         1.0000000000         0.6818913264         2.2633671125       -17.0433606923
        2.9950078000         1.0000000000         0.6665773653         2.1868107888       -17.4422846376
        3.0000092000         1.0000000000         0.6691296922         2.1255657297       -17.3757973134
        3.0050107000         1.0000000000         0.6614727116         2.0617687933       -17.5752592861
        3.0100093000         1.0000000000         0.6665773653         1.9903162244       -17.4422846376
        3.0150063000         1.0000000000         0.6614727116         1.9214155330       -17.5752592861
        3.0200095000         1.0000000000         0.6716820190         1.8678261064       -17.3093099892
        3.0250071000         1.0000000000         0.6793389996         1.7963735375       -17.1098480165
        3.0300093000         1.0000000000         0.6538157310         1.7249209687       -17.7747212588
        3.0350058000         1.0000000000         0.6716820190         1.6636759097       -17.3093099892
        3.0400093000         1.0000000000         0.6487110773         1.5922233408       -17.9076959072
        3.0450084000         1.0000000000         0.6665773653         1.5258745269       -17.4422846376
        3.0500095000         1.0000000000         0.6614727116         1.4646294679       -17.5752592861
        3.0550055000         1.0000000000         0.6665773653         1.3982806539       -17.4422846376
        3.0600048000         1.0000000000         0.6589203847         1.3319318400       -17.6417466103
        3.0650092000         1.0000000000         0.6640250384         1.2706867810       -17.5087719619
        3.0702422000         1.0000000000         0.6767866727         1.2017860896       -17.1763353407
        3.0750080000         1.0000000000         0.6716820190         1.1328853982       -17.3093099892
        3.0800337000         1.0000000000         0.6716820190         1.0665365843       -17.3093099892
        3.0850636000         1.0000000000         0.6716820190         1.0027396478       -17.3093099892
        3.0900072000         1.0000000000         0.6512634042         0.9287352015       -17.8412085830
        3.0950098000         1.0000000000         0.6716820190         0.8623863875       -17.3093099892
        3.1000199000         1.0000000000         0.6742343459         0.7934856961       -17.2428226649
        3.1050103000         1.0000000000         0.6614727116         0.7245850047       -17.5752592861
        3.1100099000         1.0000000000         0.6614727116         0.6505805584       -17.5752592861
        3.1150077000         1.0000000000         0.6716820190         0.5867836220       -17.3093099892
        3.1200094000         1.0000000000         0.6563680579         0.5255385629       -17.7082339345
        3.1250062000         1.0000000000         0.6742343459         0.4515341166       -17.2428226649
        3.1300092000         1.0000000000         0.6640250384         0.3775296703       -17.5087719619
        3.1350052000         1.0000000000         0.6538157310         0.3060771015       -17.7747212588
        3.1400094000         1.0000000000         0.6716820190         0.2397282875       -17.3093099892
        3.1450087000         1.0000000000         0.6487110773         0.1682757187       -17.9076959072
        3.1500098000         1.0000000000         0.6844436533         0.1095825371       -16.9768733680
        3.1550075000         1.0000000000         0.6665773653         0.0432337232       -17.4422846376
        3.1600101000         1.0000000000         0.6640250384        -0.0052519485       -17.5087719619
        3.1650071000         1.0000000000         0.6589203847        -0.0001481936       -17.6417466103
        3.1700093000         1.0000000000         0.6844436533         1.1175741334       -16.9768733680
        3.1750064000         1.0000000000         0.6691296922         5.0066353810       -17.3757973134
        3.1800095000         1.0000000000         0.6742343459         5.0066353810       -17.2428226649
        3.1850077000         1.0000000000         0.6614727116         4.9326309346       -17.5752592861
        3.1900094000         1.0000000000         0.6742343459         4.8688339982       -17.2428226649
        3.1950104000         1.0000000000         0.6818913264         4.8024851842       -17.0433606923
        3.2000102000         1.0000000000         0.6640250384         4.7259288605       -17.5087719619
        3.2050068000         1.0000000000         0.6818913264         4.6646838015       -17.0433606923
        3.2100094000         1.0000000000         0.6640250384         4.5881274777       -17.5087719619
        3.2150055000         1.0000000000         0.6614727116         4.5166749088       -17.5752592861
        3.2200099000         1.0000000000         0.6716820190         4.4452223400       -17.3093099892
        3.2250049000         1.0000000000         0.6767866727         4.3839772810       -17.1763353407
        3.2300092000         1.0000000000         0.6614727116         4.3048690797       -17.5752592861
        3.2350083000         1.0000000000         0.6691296922         4.2487277756       -17.3757973134
        3.2400094000         1.0000000000         0.6640250384         4.1696195744       -17.5087719619
        3.2450079000         1.0000000000         0.6589203847         4.1058226379       -17.6417466103
        3.2500095000         1.0000000000         0.6716820190         4.0394738240       -17.3093099892
        3.2550058000         1.0000000000         0.6512634042         3.9756768875       -17.8412085830
        3.2600032000         1.0000000000         0.6716820190         3.9067761961       -17.3093099892
        3.2650030000         1.0000000000         0.6538157310         3.8378755047       -17.7747212588
        3.2700041000         1.0000000000         0.6640250384         3.7664229359       -17.5087719619
        3.2750079000         1.0000000000         0.6563680579         3.7000741219       -17.7082339345
        3.2800033000         1.0000000000         0.6716820190         3.6439328179       -17.3093099892
        3.2850027000         1.0000000000         0.6614727116         3.5775840039       -17.5752592861
        3.2900022000         1.0000000000         0.6665773653         3.5061314351       -17.4422846376
        3.2950026000         1.0000000000         0.6716820190         3.4474382535       -17.3093099892
        3.3000030000         1.0000000000         0.6716820190         3.3810894396       -17.3093099892
        3.3050090000         1.0000000000         0.6589203847         3.3019812383       -17.6417466103
        3.3100066000         1.0000000000         0.6538157310         3.2330805470       -17.7747212588
        3.3150096000         1.0000000000         0.6742343459         3.1718354879       -17.2428226649
        3.3200032000         1.0000000000         0.6538157310         3.1003829191       -17.7747212588
        3.3250583000         1.0000000000         0.6665773653         3.0365859826       -17.4422846376
        3.3300107000         1.0000000000         0.6640250384         2.9753409236       -17.5087719619
        3.3350060000         1.0000000000         0.6640250384         2.9064402322       -17.5087719619
        3.3400098000         1.0000000000         0.6691296922         2.8400914183       -17.3757973134
        3.3450083000         1.0000000000         0.6716820190         2.7762944818       -17.3093099892
        3.3500100000         1.0000000000         0.6716820190         2.7048419129       -17.3093099892
        3.3550066000         1.0000000000         0.6487110773         2.6410449765       -17.9076959072
        3.3600029000         1.0000000000         0.6716820190         2.5823517949       -17.3093099892
        3.3650026000         1.0000000000         0.6538157310         2.5006917162       -17.7747212588
        3.3700092000         1.0000000000         0.6640250384         2.4445504121       -17.5087719619
        3.3750079000         1.0000000000         0.6640250384         2.3730978433       -17.5087719619
        3.3800113000         1.0000000000         0.6512634042         2.2990933970       -17.8412085830
        3.3850111000         1.0000000000         0.6665773653         2.2429520929       -17.4422846376
        3.3900152000         1.0000000000         0.6767866727         2.1791551564       -17.1763353407
        3.3950355000         1.0000000000         0.6716820190         2.1128063424       -17.3093099892
        3.4000104000         1.0000000000         0.6589203847         2.0413537736       -17.6417466103
        3.4050814000         1.0000000000         0.6614727116         1.9699012047       -17.5752592861
        3.4100081000         1.0000000000         0.6512634042         1.8984486359       -17.8412085830
        3.4150109000         1.0000000000         0.6665773653         1.8423073318       -17.4422846376
        3.4200049000         1.0000000000         0.6844436533         1.7759585179       -16.9768733680
        3.4250103000         1.0000000000         0.6614727116         1.7147134588       -17.5752592861
        3.4300039000         1.0000000000         0.6512634042         1.6407090125       -17.8412085830
        3.4350084000         1.0000000000         0.6614727116         1.5871195859       -17.5752592861
        3.4400065000         1.0000000000         0.6793389996         1.5080113847       -17.1098480165
        3.4450089000         1.0000000000         0.6742343459         1.4493182031       -17.2428226649
        3.4500129000         1.0000000000         0.6487110773         1.3702100019       -17.9076959072
        3.4550069000         1.0000000000         0.6640250384         1.3038611879       -17.5087719619
        3.4600142000         1.0000000000         0.6436064236         1.2426161289       -18.0406705557
        3.4650108000         1.0000000000         0.6716820190         1.1788191925       -17.3093099892
        3.4700138000         1.0000000000         0.6742343459         1.1175741334       -17.2428226649
        3.4750120000         1.0000000000         0.6716820190         1.0435696871       -17.3093099892
        3.4800097000         1.0000000000         0.6614727116         0.9746689957       -17.5752592861
        3.4850082000         1.0000000000         0.6385017699         0.8981126720       -18.1736452041
        3.4900097000         1.0000000000         0.6665773653         0.8343157355       -17.4422846376
        3.4950111000         1.0000000000         0.6563680579         0.7654150441       -17.7082339345
        3.5000090000         1.0000000000         0.6818913264         0.7067218625       -17.0433606923
        3.5050128000         1.0000000000         0.6563680579         0.6276136613       -17.7082339345
        3.5100068000         1.0000000000         0.6742343459         0.5689204797       -17.2428226649
        3.5150089000         1.0000000000         0.6512634042         0.4923641560       -17.8412085830
        3.5200055000         1.0000000000         0.6691296922         0.4234634646       -17.3757973134
        3.5250034000         1.0000000000         0.6716820190         0.3545627732       -17.3093099892
        3.5300088000         1.0000000000         0.6563680579         0.2856620818       -17.7082339345
        3.5350088000         1.0000000000         0.6844436533         0.2244170228       -16.9768733680
        3.5400024000         1.0000000000         0.6691296922         0.1478606990       -17.3757973134
        3.5450076000         1.0000000000         0.6767866727         0.0764081302       -17.1763353407
        3.5500045000         1.0000000000         0.6716820190         0.0177149486       -17.3093099892
        3.5550042000         1.0000000000         0.6691296922        -0.0052519485       -17.3757973134
        3.5600052000         1.0000000000         0.6640250384         1.1150222560       -17.5087719619
        3.5650085000         1.0000000000         0.6767866727         5.0015316260       -17.1763353407
        3.5700069000         1.0000000000         0.6691296922         5.0142910133       -17.3757973134
        3.5750073000         1.0000000000         0.6563680579         4.9709090965       -17.7082339345
        3.5800037000         1.0000000000         0.6716820190         4.9071121601       -17.3093099892
        3.5850028000         1.0000000000         0.6767866727         4.8382114687       -17.1763353407
        3.5900046000         1.0000000000         0.6793389996         4.7718626547       -17.1098480165
        3.5950073000         1.0000000000         0.6818913264         4.7004100859       -17.0433606923
        3.6000031000         1.0000000000         0.6563680579         4.6213018847       -17.7082339345
        3.6050074000         1.0000000000         0.6793389996         4.5600568256       -17.1098480165
        3.6101086000         1.0000000000         0.6665773653         4.4835005019       -17.4422846376
        3.6150054000         1.0000000000         0.6640250384         4.4171516879       -17.5087719619
        3.6200073000         1.0000000000         0.6869959802         4.3610103838       -16.9103860438
        3.6250071000         1.0000000000         0.6691296922         4.2870059375       -17.3757973134
        3.6300050000         1.0000000000         0.6742343459         4.2155533687       -17.2428226649
        3.6350041000         1.0000000000         0.6793389996         4.1594120646       -17.1098480165
        3.6400014000         1.0000000000         0.6742343459         4.0879594957       -17.2428226649
        3.6450074000         1.0000000000         0.6691296922         4.0165069269       -17.3757973134
        3.6500074000         1.0000000000         0.6742343459         3.9552618679       -17.2428226649
        3.6550072000         1.0000000000         0.6895483070         3.8914649314       -16.8438987196
        3.6600090000         1.0000000000         0.6742343459         3.8276679949       -17.2428226649
        3.6650072000         1.0000000000         0.6742343459         3.7587673035       -17.2428226649
        3.6700075000         1.0000000000         0.6589203847         3.6873147347       -17.6417466103
        3.6750075000         1.0000000000         0.6767866727         3.6184140433       -17.1763353407
        3.6800078000         1.0000000000         0.6742343459         3.5622727392       -17.2428226649
        3.6850055000         1.0000000000         0.6742343459         3.4959239252       -17.2428226649
        3.6900086000         1.0000000000         0.6742343459         3.4346788662       -17.2428226649
        3.6950104000         1.0000000000         0.6742343459         3.3632262974       -17.2428226649
        3.7000070000         1.0000000000         0.6793389996         3.3045331158       -17.1098480165
        3.7050111000         1.0000000000         0.6742343459         3.2330805470       -17.2428226649
        3.7100077000         1.0000000000         0.6869959802         3.1743873654       -16.9103860438
        3.7150056000         1.0000000000         0.6487110773         3.1003829191       -17.9076959072
        3.7200034000         1.0000000000         0.6793389996         3.0391378601       -17.1098480165
        3.7250055000         1.0000000000         0.6793389996         2.9676852912       -17.1098480165
        3.7300113000         1.0000000000         0.6716820190         2.9038883547       -17.3093099892
        3.7350049000         1.0000000000         0.6716820190         2.8349876633       -17.3093099892
        3.7400090000         1.0000000000         0.6844436533         2.7711907269       -16.9768733680
        3.7450079000         1.0000000000         0.6691296922         2.6997381580       -17.3757973134
        3.7500066000         1.0000000000         0.6512634042         2.6384930990       -17.8412085830
        3.7550133000         1.0000000000         0.6793389996         2.5721442851       -17.1098480165
        3.7600107000         1.0000000000         0.6614727116         2.5057954711       -17.5752592861
        3.7650057000         1.0000000000         0.6691296922         2.4368947797       -17.3757973134
        3.7700082000         1.0000000000         0.6716820190         2.3756497207       -17.3093099892
        3.7750074000         1.0000000000         0.6563680579         2.3067490293       -17.7082339345
        3.7800073000         1.0000000000         0.6716820190         2.2404002154       -17.3093099892
        3.7850093000         1.0000000000         0.6716820190         2.1766032789       -17.3093099892
        3.7900076000         1.0000000000         0.6614727116         2.1051507101       -17.5752592861
        3.7950077000         1.0000000000         0.6691296922         2.0362500187       -17.3757973134
        3.8000095000         1.0000000000         0.6767866727         1.9826605920       -17.1763353407
        3.8050073000         1.0000000000         0.6538157310         1.9035523908       -17.7747212588
        3.8100172000         1.0000000000         0.6793389996         1.8499629642       -17.1098480165
        3.8150076000         1.0000000000         0.6767866727         1.7836141502       -17.1763353407
        3.8200091000         1.0000000000         0.6742343459         1.7223690912       -17.2428226649
        3.8250133000         1.0000000000         0.6640250384         1.6458127674       -17.5087719619
        3.8300586000         1.0000000000         0.6614727116         1.5769120761       -17.5752592861
        3.8350196000         1.0000000000         0.6691296922         1.5233226494       -17.3757973134
        3.8400115000         1.0000000000         0.6614727116         1.4518700806       -17.5752592861
        3.8450107000         1.0000000000         0.6691296922         1.3931768990       -17.3757973134
        3.8500110000         1.0000000000         0.6793389996         1.3217243302       -17.1098480165
        3.8550083000         1.0000000000         0.6512634042         1.2477198838       -17.8412085830
        3.8600138000         1.0000000000         0.6742343459         1.1890267023       -17.2428226649
        3.8650057000         1.0000000000         0.6487110773         1.1175741334       -17.9076959072
        3.8700054000         1.0000000000         0.6818913264         1.0614328293       -17.0433606923
        3.8750046000         1.0000000000         0.6716820190         0.9848765056       -17.3093099892
        3.8800107000         1.0000000000         0.6589203847         0.9185276916       -17.6417466103
        3.8850094000         1.0000000000         0.6742343459         0.8521788777       -17.2428226649
        3.8900106000         1.0000000000         0.6512634042         0.7756225539       -17.8412085830
        3.8950120000         1.0000000000         0.6793389996         0.7220331273       -17.1098480165
        3.9000103000         1.0000000000         0.6665773653         0.6480286810       -17.4422846376
        3.9050116000         1.0000000000         0.6793389996         0.5765761121       -17.1098480165
        3.9100074000         1.0000000000         0.6589203847         0.5051235433       -17.6417466103
        3.9150057000         1.0000000000         0.6767866727         0.4489822392       -17.1763353407
        3.9200101000         1.0000000000         0.6742343459         0.3724259154       -17.2428226649
        3.9250067000         1.0000000000         0.6614727116         0.3060771015       -17.5752592861
        3.9300620000         1.0000000000         0.6844436533         0.2422801650       -16.9768733680
        3.9350125000         1.0000000000         0.6691296922         0.1631719638       -17.3757973134
        3.9400138000         1.0000000000         0.6742343459         0.0993750273       -17.2428226649
        3.9450109000         1.0000000000         0.6716820190         0.0304743359       -17.3093099892
        3.9500165000         1.0000000000         0.6640250384         0.0024036839       -17.5087719619
        3.9550052000         1.0000000000         0.6614727116         0.0024036839       -17.5752592861
        3.9600837000         1.0000000000         0.6742343459         1.1048147461       -17.2428226649
        3.9650065000         1.0000000000         0.6614727116         5.0015316260       -17.5752592861
        3.9700131000         1.0000000000         0.6716820190         4.9938759937       -17.3093099892
        3.9750093000         1.0000000000         0.6716820190         4.9300790572       -17.3093099892
        3.9800066000         1.0000000000         0.6665773653         4.8637302433       -17.4422846376
        3.9850048000         1.0000000000         0.6793389996         4.7897257969       -17.1098480165
        3.9900109000         1.0000000000         0.6767866727         4.7233769830       -17.1763353407
        3.9950054000         1.0000000000         0.6665773653         4.6442687818       -17.4422846376
