% Motor Sweep Step 72/180
% Vcmd       = 2.1400 [V]
% Direction  = CCW
% Zone       = DEADZONE
% Vg_offset  = 1.336525 [V]
% K_gimbal   = 26.049690 [(rad/s)/V]

Time[s]              Vcmd[V]              Vg_raw[V]            Pot[V]               Omega[rad/s]
        0.0000295000         2.1400000000         1.3352870017         4.7361363703        -0.0322463522
        0.0050115000         2.1400000000         1.3301823480         4.7284807379        -0.1652210007
        0.0100079000         2.1400000000         1.3301823480         4.7310326154        -0.1652210007
        0.0150042000         2.1400000000         1.3352870017         4.7361363703        -0.0322463522
        0.0200069000         2.1400000000         1.3352870017         4.7335844928        -0.0322463522
        0.0250077000         2.1400000000         1.3301823480         4.7310326154        -0.1652210007
        0.0300209000         2.1400000000         1.3148683868         4.7284807379        -0.5641449461
        0.0350025000         2.1400000000         1.2204322931         4.7182732281        -3.0241759425
        0.0400027000         2.1400000000         1.2765834840         4.7182732281        -1.5614548095
        0.0450036000         2.1400000000         1.2638218497         4.7029619633        -1.8938914306
        0.0500052000         2.1400000000         1.2459555617         4.6927544535        -2.3593027002
        0.0550068000         2.1400000000         1.2663741766         4.7004100859        -1.8274041064
        0.0600053000         2.1400000000         1.2561648691         4.6850988211        -2.0933534033
        0.0650062000         2.1400000000         1.2434032349         4.6748913113        -2.4257900244
        0.0700055000         2.1400000000         1.2561648691         4.6646838015        -2.0933534033
        0.0750051000         2.1400000000         1.2612695229         4.6672356789        -1.9603787548
        0.0800059000         2.1400000000         1.2408509080         4.6468206592        -2.4922773486
        0.0850038000         2.1400000000         1.2612695229         4.6519244142        -1.9603787548
        0.0900017000         2.1400000000         1.2510602154         4.6340612719        -2.2263280517
        0.0950026000         2.1400000000         1.2382985811         4.6289575170        -2.5587646729
        0.1000016000         2.1400000000         1.2459555617         4.6213018847        -2.3593027002
        0.1050937000         2.1400000000         1.2459555617         4.6059906199        -2.3593027002
        0.1100054000         2.1400000000         1.2382985811         4.5957831101        -2.5587646729
        0.1150037000         2.1400000000         1.2382985811         4.5906793551        -2.5587646729
        0.1200068000         2.1400000000         1.2382985811         4.5728162129        -2.5587646729
        0.1250071000         2.1400000000         1.2357462543         4.5728162129        -2.6252519971
        0.1300049000         2.1400000000         1.2434032349         4.5626087031        -2.4257900244
        0.1350060000         2.1400000000         1.2382985811         4.5472974383        -2.5587646729
        0.1400056000         2.1400000000         1.2306416006         4.5319861736        -2.7582266455
        0.1450054000         2.1400000000         1.2357462543         4.5268824187        -2.6252519971
        0.1500065000         2.1400000000         1.2382985811         4.5192267863        -2.5587646729
        0.1550062000         2.1400000000         1.2382985811         4.5141230314        -2.5587646729
        0.1600067000         2.1400000000         1.2434032349         4.5039155215        -2.4257900244
        0.1650036000         2.1400000000         1.2255369469         4.4886042568        -2.8912012940
        0.1700055000         2.1400000000         1.2408509080         4.4783967469        -2.4922773486
        0.1750057000         2.1400000000         1.2306416006         4.4681892371        -2.7582266455
        0.1800048000         2.1400000000         1.2255369469         4.4503260949        -2.8912012940
        0.1850036000         2.1400000000         1.2280892737         4.4452223400        -2.8247139698
        0.1900046000         2.1400000000         1.2331939274         4.4375667076        -2.6917393213
        0.1950059000         2.1400000000         1.2331939274         4.4248073203        -2.6917393213
        0.2000060000         2.1400000000         1.2357462543         4.4248073203        -2.6252519971
        0.2050049000         2.1400000000         1.2357462543         4.4094960556        -2.6252519971
        0.2100065000         2.1400000000         1.2331939274         4.3916329133        -2.6917393213
        0.2150050000         2.1400000000         1.2306416006         4.3814254035        -2.7582266455
        0.2200059000         2.1400000000         1.2280892737         4.3814254035        -2.8247139698
        0.2250049000         2.1400000000         1.2408509080         4.3712178937        -2.4922773486
        0.2300057000         2.1400000000         1.2357462543         4.3533547515        -2.6252519971
        0.2350038000         2.1400000000         1.2229846200         4.3431472416        -2.9576886182
        0.2400054000         2.1400000000         1.2382985811         4.3405953642        -2.5587646729
        0.2450057000         2.1400000000         1.2357462543         4.3303878543        -2.6252519971
        0.2500058000         2.1400000000         1.2331939274         4.3099728347        -2.6917393213
        0.2550045000         2.1400000000         1.2255369469         4.2972134474        -2.8912012940
        0.2600054000         2.1400000000         1.2178799663         4.2819021826        -3.0906632667
        0.2650035000         2.1400000000         1.2331939274         4.2844540601        -2.6917393213
        0.2700046000         2.1400000000         1.2331939274         4.2742465502        -2.6917393213
        0.2750052000         2.1400000000         1.2229846200         4.2563834080        -2.9576886182
        0.2800049000         2.1400000000         1.2255369469         4.2461758982        -2.8912012940
        0.2850038000         2.1400000000         1.2280892737         4.2359683883        -2.8247139698
        0.2900048000         2.1400000000         1.2229846200         4.2155533687        -2.9576886182
        0.2950049000         2.1400000000         1.2229846200         4.2130014912        -2.9576886182
        0.3000053000         2.1400000000         1.2255369469         4.2002421039        -2.8912012940
        0.3050039000         2.1400000000         1.2255369469         4.1849308392        -2.8912012940
        0.3100062000         2.1400000000         1.2204322931         4.1798270842        -3.0241759425
        0.3150044000         2.1400000000         1.2280892737         4.1696195744        -2.8247139698
        0.3200059000         2.1400000000         1.2255369469         4.1594120646        -2.8912012940
        0.3250059000         2.1400000000         1.2204322931         4.1415489224        -3.0241759425
        0.3300056000         2.1400000000         1.2280892737         4.1441007998        -2.8247139698
        0.3350046000         2.1400000000         1.2255369469         4.1236857801        -2.8912012940
        0.3400058000         2.1400000000         1.2229846200         4.1134782703        -2.9576886182
        0.3450044000         2.1400000000         1.2255369469         4.0981670056        -2.8912012940
        0.3500056000         2.1400000000         1.2076706589         4.0930632506        -3.3566125636
        0.3550036000         2.1400000000         1.2255369469         4.0803038633        -2.8912012940
        0.3600051000         2.1400000000         1.2153276394         4.0649925986        -3.1571505909
        0.3650042000         2.1400000000         1.2178799663         4.0522332113        -3.0906632667
        0.3700055000         2.1400000000         1.2204322931         4.0420257015        -3.0241759425
        0.3750072000         2.1400000000         1.2331939274         4.0420257015        -2.6917393213
        0.3800064000         2.1400000000         1.2153276394         4.0216106818        -3.1571505909
        0.3850044000         2.1400000000         1.2229846200         4.0165069269        -2.9576886182
        0.3900069000         2.1400000000         1.2204322931         4.0037475396        -3.0241759425
        0.3950054000         2.1400000000         1.2255369469         3.9986437847        -2.8912012940
        0.4000059000         2.1400000000         1.2178799663         3.9756768875        -3.0906632667
        0.4050060000         2.1400000000         1.2204322931         3.9680212551        -3.0241759425
        0.4100056000         2.1400000000         1.2255369469         3.9654693777        -2.8912012940
        0.4150049000         2.1400000000         1.2331939274         3.9527099904        -2.6917393213
        0.4200057000         2.1400000000         1.2102229857         3.9297430933        -3.2901252394
        0.4250059000         2.1400000000         1.2229846200         3.9246393383        -2.9576886182
        0.4300055000         2.1400000000         1.2204322931         3.9144318285        -3.0241759425
        0.4350049000         2.1400000000         1.2255369469         3.9016724412        -2.8912012940
        0.4400059000         2.1400000000         1.2178799663         3.8914649314        -3.0906632667
        0.4450047000         2.1400000000         1.2229846200         3.8761536666        -2.9576886182
        0.4500055000         2.1400000000         1.2229846200         3.8684980342        -2.9576886182
        0.4550037000         2.1400000000         1.2255369469         3.8633942793        -2.8912012940
        0.4600051000         2.1400000000         1.2331939274         3.8455311371        -2.6917393213
        0.4650040000         2.1400000000         1.2076706589         3.8276679949        -3.3566125636
        0.4700059000         2.1400000000         1.2127753126         3.8251161174        -3.2236379151
        0.4750039000         2.1400000000         1.2229846200         3.8174604851        -2.9576886182
        0.4800049000         2.1400000000         1.2255369469         3.8072529752        -2.8912012940
        0.4850028000         2.1400000000         1.2255369469         3.7868379556        -2.8912012940
        0.4900045000         2.1400000000         1.2229846200         3.7791823232        -2.9576886182
        0.4950046000         2.1400000000         1.2178799663         3.7638710584        -3.0906632667
        0.5000049000         2.1400000000         1.2229846200         3.7587673035        -2.9576886182
        0.5050035000         2.1400000000         1.2204322931         3.7383522838        -3.0241759425
        0.5100053000         2.1400000000         1.2025660052         3.7204891416        -3.4895872120
        0.5150042000         2.1400000000         1.2229846200         3.7179372642        -2.9576886182
        0.5200053000         2.1400000000         1.2229846200         3.7051778769        -2.9576886182
        0.5250037000         2.1400000000         1.2127753126         3.6949703670        -3.2236379151
        0.5300056000         2.1400000000         1.2229846200         3.6847628572        -2.9576886182
        0.5350066000         2.1400000000         1.2229846200         3.6720034699        -2.9576886182
        0.5400124000         2.1400000000         1.2204322931         3.6566922051        -3.0241759425
        0.5450079000         2.1400000000         1.2127753126         3.6464846953        -3.2236379151
        0.5500051000         2.1400000000         1.2153276394         3.6362771855        -3.1571505909
        0.5550046000         2.1400000000         1.2255369469         3.6235177982        -2.8912012940
        0.5600041000         2.1400000000         1.2229846200         3.6184140433        -2.9576886182
        0.5650047000         2.1400000000         1.2178799663         3.5979990236        -3.0906632667
        0.5700036000         2.1400000000         1.2229846200         3.5903433912        -2.9576886182
        0.5750044000         2.1400000000         1.2255369469         3.5954471461        -2.8912012940
        0.5800036000         2.1400000000         1.2229846200         3.5673764941        -2.9576886182
        0.5850049000         2.1400000000         1.2255369469         3.5648246166        -2.8912012940
        0.5900046000         2.1400000000         1.2280892737         3.5495133519        -2.8247139698
        0.5950046000         2.1400000000         1.2153276394         3.5342020871        -3.1571505909
        0.6000030000         2.1400000000         1.2153276394         3.5163389449        -3.1571505909
        0.6050047000         2.1400000000         1.2153276394         3.5086833125        -3.1571505909
        0.6100054000         2.1400000000         1.2255369469         3.5010276801        -2.8912012940
        0.6150049000         2.1400000000         1.2178799663         3.4806126605        -3.0906632667
        0.6200032000         2.1400000000         1.2229846200         3.4780607830        -2.9576886182
        0.6250044000         2.1400000000         1.2153276394         3.4627495183        -3.1571505909
        0.6300062000         2.1400000000         1.2051183320         3.4474382535        -3.4230998878
        0.6350047000         2.1400000000         1.2204322931         3.4423344986        -3.0241759425
        0.6400034000         2.1400000000         1.2204322931         3.4295751113        -3.0241759425
        0.6450047000         2.1400000000         1.2076706589         3.4168157240        -3.3566125636
        0.6500046000         2.1400000000         1.2178799663         3.4040563367        -3.0906632667
        0.6550049000         2.1400000000         1.2102229857         3.3912969494        -3.2901252394
        0.6600053000         2.1400000000         1.2204322931         3.3836413170        -3.0241759425
        0.6650053000         2.1400000000         1.2204322931         3.3785375621        -3.0241759425
        0.6700042000         2.1400000000         1.2255369469         3.3657781748        -2.8912012940
        0.6750062000         2.1400000000         1.2229846200         3.3479150326        -2.9576886182
        0.6800033000         2.1400000000         1.2178799663         3.3377075228        -3.0906632667
        0.6850060000         2.1400000000         1.2051183320         3.3147406256        -3.4230998878
        0.6900058000         2.1400000000         1.2102229857         3.3070849933        -3.2901252394
        0.6950506000         2.1400000000         1.2280892737         3.3070849933        -2.8247139698
        0.7000033000         2.1400000000         1.2229846200         3.2943256060        -2.9576886182
        0.7050049000         2.1400000000         1.2178799663         3.2790143412        -3.0906632667
        0.7100046000         2.1400000000         1.2178799663         3.2662549539        -3.0906632667
        0.7150051000         2.1400000000         1.2127753126         3.2611511990        -3.2236379151
        0.7200054000         2.1400000000         1.2229846200         3.2432880568        -2.9576886182
        0.7250565000         2.1400000000         1.2229846200         3.2356324244        -2.9576886182
        0.7300105000         2.1400000000         1.2229846200         3.2177692822        -2.9576886182
        0.7350064000         2.1400000000         1.2102229857         3.2050098949        -3.2901252394
        0.7400055000         2.1400000000         1.2204322931         3.1973542625        -3.0241759425
        0.7450045000         2.1400000000         1.2102229857         3.1794911203        -3.2901252394
        0.7500036000         2.1400000000         1.2076706589         3.1667317330        -3.3566125636
        0.7550064000         2.1400000000         1.2204322931         3.1616279781        -3.0241759425
        0.7600063000         2.1400000000         1.2229846200         3.1463167133        -2.9576886182
        0.7650064000         2.1400000000         1.2153276394         3.1361092035        -3.1571505909
        0.7700060000         2.1400000000         1.2127753126         3.1182460613        -3.2236379151
        0.7750063000         2.1400000000         1.2127753126         3.1029347965        -3.2236379151
        0.7800056000         2.1400000000         1.2051183320         3.0927272867        -3.4230998878
        0.7850058000         2.1400000000         1.2051183320         3.0901754092        -3.4230998878
        0.7900043000         2.1400000000         1.2127753126         3.0774160220        -3.2236379151
        0.7950056000         2.1400000000         1.2000136783         3.0493453699        -3.5560745363
        0.8000029000         2.1400000000         1.2051183320         3.0442416150        -3.4230998878
        0.8050046000         2.1400000000         1.2102229857         3.0340341051        -3.2901252394
        0.8100047000         2.1400000000         1.2178799663         3.0238265953        -3.0906632667
        0.8150029000         2.1400000000         1.1872520440         3.0008596982        -3.8885111574
        0.8200021000         2.1400000000         1.2076706589         2.9932040658        -3.3566125636
        0.8250060000         2.1400000000         1.2076706589         2.9804446785        -3.3566125636
        0.8300037000         2.1400000000         1.2000136783         2.9727890461        -3.5560745363
        0.8350054000         2.1400000000         1.2178799663         2.9625815363        -3.0906632667
        0.8400038000         2.1400000000         1.2153276394         2.9498221490        -3.1571505909
        0.8450049000         2.1400000000         1.2153276394         2.9370627617        -3.1571505909
        0.8500033000         2.1400000000         1.2102229857         2.9217514970        -3.2901252394
        0.8550059000         2.1400000000         1.2025660052         2.9064402322        -3.4895872120
        0.8600037000         2.1400000000         1.2051183320         2.8936808449        -3.4230998878
        0.8650054000         2.1400000000         1.2127753126         2.8809214576        -3.2236379151
        0.8700037000         2.1400000000         1.2229846200         2.8707139478        -2.9576886182
        0.8750044000         2.1400000000         1.2025660052         2.8528508056        -3.4895872120
        0.8800057000         2.1400000000         1.2127753126         2.8528508056        -3.2236379151
        0.8850048000         2.1400000000         1.2127753126         2.8324357859        -3.2236379151
        0.8900042000         2.1400000000         1.2178799663         2.8273320310        -3.0906632667
        0.8950044000         2.1400000000         1.2076706589         2.8069170113        -3.3566125636
        0.9000034000         2.1400000000         1.2204322931         2.7916057465        -3.0241759425
        0.9050046000         2.1400000000         1.2051183320         2.7813982367        -3.4230998878
        0.9100031000         2.1400000000         1.2178799663         2.7762944818        -3.0906632667
        0.9150048000         2.1400000000         1.2102229857         2.7584313396        -3.2901252394
        0.9200038000         2.1400000000         1.2127753126         2.7456719523        -3.2236379151
        0.9250044000         2.1400000000         1.2229846200         2.7303606875        -2.9576886182
        0.9300611000         2.1400000000         1.2127753126         2.7201531777        -3.2236379151
        0.9350446000         2.1400000000         1.2051183320         2.7073937904        -3.4230998878
        0.9400053000         2.1400000000         1.2153276394         2.6946344031        -3.1571505909
        0.9450038000         2.1400000000         1.2102229857         2.6895306482        -3.2901252394
        0.9500031000         2.1400000000         1.2153276394         2.6742193834        -3.1571505909
        0.9550057000         2.1400000000         1.2255369469         2.6640118736        -2.8912012940
        0.9600038000         2.1400000000         1.2127753126         2.6461487314        -3.2236379151
        0.9650057000         2.1400000000         1.2127753126         2.6308374666        -3.2236379151
        0.9700055000         2.1400000000         1.2153276394         2.6282855892        -3.1571505909
        0.9750057000         2.1400000000         1.2025660052         2.6078705695        -3.4895872120
        0.9800049000         2.1400000000         1.2076706589         2.5976630597        -3.3566125636
        0.9850059000         2.1400000000         1.2178799663         2.5874555498        -3.0906632667
        0.9900041000         2.1400000000         1.2076706589         2.5695924076        -3.3566125636
        0.9950048000         2.1400000000         1.2178799663         2.5568330203        -3.0906632667
        1.0000027000         2.1400000000         1.2127753126         2.5466255105        -3.2236379151
        1.0050065000         2.1400000000         1.2025660052         2.5262104908        -3.4895872120
        1.0100760000         2.1400000000         1.2102229857         2.5185548584        -3.2901252394
        1.0150060000         2.1400000000         1.2127753126         2.5057954711        -3.2236379151
        1.0200061000         2.1400000000         1.2025660052         2.4955879613        -3.4895872120
        1.0250058000         2.1400000000         1.2178799663         2.4879323289        -3.0906632667
        1.0300057000         2.1400000000         1.2127753126         2.4751729416        -3.2236379151
        1.0350043000         2.1400000000         1.2025660052         2.4522060445        -3.4895872120
        1.0400056000         2.1400000000         1.2025660052         2.4419985347        -3.4895872120
        1.0450044000         2.1400000000         1.2127753126         2.4368947797        -3.2236379151
        1.0500061000         2.1400000000         1.2025660052         2.4139278826        -3.4895872120
        1.0550035000         2.1400000000         1.2102229857         2.4037203728        -3.2901252394
        1.0600036000         2.1400000000         1.2204322931         2.3935128629        -3.0241759425
        1.0650051000         2.1400000000         1.1770427366         2.3756497207        -4.1544604543
        1.0700047000         2.1400000000         1.2153276394         2.3858572306        -3.1571505909
        1.0750039000         2.1400000000         1.2076706589         2.3577865785        -3.3566125636
        1.0800046000         2.1400000000         1.2102229857         2.3424753138        -3.2901252394
        1.0850036000         2.1400000000         1.2000136783         2.3220602941        -3.5560745363
        1.0900048000         2.1400000000         1.2127753126         2.3220602941        -3.2236379151
        1.0950050000         2.1400000000         1.2127753126         2.3067490293        -3.2236379151
        1.1000048000         2.1400000000         1.2051183320         2.2914377646        -3.4230998878
        1.1050045000         2.1400000000         1.2229846200         2.2863340097        -2.9576886182
        1.1100056000         2.1400000000         1.2178799663         2.2710227449        -3.0906632667
        1.1150033000         2.1400000000         1.2127753126         2.2582633576        -3.2236379151
        1.1200055000         2.1400000000         1.2102229857         2.2429520929        -3.2901252394
        1.1250062000         2.1400000000         1.2051183320         2.2301927056        -3.4230998878
        1.1300058000         2.1400000000         1.2127753126         2.2199851957        -3.2236379151
        1.1350079000         2.1400000000         1.2102229857         2.2046739310        -3.2901252394
        1.1400057000         2.1400000000         1.2229846200         2.1995701761        -2.9576886182
        1.1450034000         2.1400000000         1.2178799663         2.1868107888        -3.0906632667
        1.1500056000         2.1400000000         1.2051183320         2.1663957691        -3.4230998878
        1.1550063000         2.1400000000         1.2127753126         2.1536363818        -3.2236379151
        1.1600055000         2.1400000000         1.2076706589         2.1383251170        -3.3566125636
        1.1650037000         2.1400000000         1.2000136783         2.1255657297        -3.5560745363
        1.1700053000         2.1400000000         1.2127753126         2.1179100974        -3.2236379151
        1.1750050000         2.1400000000         1.2025660052         2.1000469552        -3.4895872120
        1.1800046000         2.1400000000         1.2025660052         2.0872875679        -3.4895872120
        1.1850035000         2.1400000000         1.2178799663         2.0796319355        -3.0906632667
        1.1900115000         2.1400000000         1.2127753126         2.0694244256        -3.2236379151
        1.1950097000         2.1400000000         1.2051183320         2.0566650383        -3.4230998878
        1.2000112000         2.1400000000         1.2102229857         2.0388018961        -3.2901252394
        1.2050035000         2.1400000000         1.2127753126         2.0388018961        -3.2236379151
        1.2100088000         2.1400000000         1.2051183320         2.0158349990        -3.4230998878
        1.2150075000         2.1400000000         1.2076706589         2.0030756117        -3.3566125636
        1.2200059000         2.1400000000         1.2051183320         1.9877643470        -3.4230998878
        1.2250057000         2.1400000000         1.2102229857         1.9826605920        -3.2901252394
        1.2300141000         2.1400000000         1.2178799663         1.9647974498        -3.0906632667
        1.2350055000         2.1400000000         1.2127753126         1.9494861851        -3.2236379151
        1.2400081000         2.1400000000         1.2051183320         1.9392786752        -3.4230998878
        1.2450032000         2.1400000000         1.1898043709         1.9316230429        -3.8220238332
        1.2500095000         2.1400000000         1.2127753126         1.9137599006        -3.2236379151
        1.2550125000         2.1400000000         1.2000136783         1.9035523908        -3.5560745363
        1.2600054000         2.1400000000         1.2178799663         1.9010005134        -3.0906632667
        1.2650077000         2.1400000000         1.2076706589         1.8831373711        -3.3566125636
        1.2700048000         2.1400000000         1.2025660052         1.8627223515        -3.4895872120
        1.2750230000         2.1400000000         1.2000136783         1.8525148416        -3.5560745363
        1.2800082000         2.1400000000         1.2102229857         1.8423073318        -3.2901252394
        1.2850039000         2.1400000000         1.2229846200         1.8372035769        -2.9576886182
        1.2900027000         2.1400000000         1.1949090246         1.8116848023        -3.6890491847
        1.2950030000         2.1400000000         1.2102229857         1.8065810474        -3.2901252394
        1.3000052000         2.1400000000         1.2051183320         1.7912697826        -3.4230998878
        1.3050049000         2.1400000000         1.2051183320         1.7836141502        -3.4230998878
        1.3100050000         2.1400000000         1.2076706589         1.7708547629        -3.3566125636
        1.3150047000         2.1400000000         1.2076706589         1.7555434982        -3.3566125636
        1.3200029000         2.1400000000         1.2000136783         1.7376803560        -3.5560745363
        1.3250054000         2.1400000000         1.2076706589         1.7274728461        -3.3566125636
        1.3300038000         2.1400000000         1.2102229857         1.7147134588        -3.2901252394
        1.3350059000         2.1400000000         1.2000136783         1.7045059490        -3.5560745363
        1.3400035000         2.1400000000         1.2102229857         1.6891946843        -3.2901252394
        1.3450054000         2.1400000000         1.2025660052         1.6687796646        -3.4895872120
        1.3500034000         2.1400000000         1.1872520440         1.6585721547        -3.8885111574
        1.3550059000         2.1400000000         1.1949090246         1.6458127674        -3.6890491847
        1.3600046000         2.1400000000         1.2127753126         1.6432608900        -3.2236379151
        1.3650060000         2.1400000000         1.2051183320         1.6330533802        -3.4230998878
        1.3700059000         2.1400000000         1.2076706589         1.6228458703        -3.3566125636
        1.3750056000         2.1400000000         1.2076706589         1.5998789732        -3.3566125636
        1.3800044000         2.1400000000         1.1872520440         1.5845677084        -3.8885111574
        1.3850053000         2.1400000000         1.2076706589         1.5743601986        -3.3566125636
        1.3900064000         2.1400000000         1.2076706589         1.5539451789        -3.3566125636
        1.3952227000         2.1400000000         1.2000136783         1.5513933015        -3.5560745363
        1.4000063000         2.1400000000         1.2127753126         1.5411857916        -3.2236379151
        1.4050067000         2.1400000000         1.2127753126         1.5258745269        -3.2236379151
        1.4100058000         2.1400000000         1.1974613514         1.5080113847        -3.6225618605
        1.4150059000         2.1400000000         1.2025660052         1.4850444875        -3.4895872120
        1.4200502000         2.1400000000         1.2051183320         1.4773888552        -3.4230998878
        1.4250056000         2.1400000000         1.2025660052         1.4697332228        -3.4895872120
        1.4300058000         2.1400000000         1.2178799663         1.4544219580        -3.0906632667
        1.4350055000         2.1400000000         1.2102229857         1.4442144482        -3.2901252394
        1.4400072000         2.1400000000         1.2000136783         1.4340069384        -3.5560745363
        1.4450084000         2.1400000000         1.2076706589         1.4186956736        -3.3566125636
        1.4500121000         2.1400000000         1.2178799663         1.4110400412        -3.0906632667
        1.4550112000         2.1400000000         1.2025660052         1.3906250215        -3.4895872120
        1.4600052000         2.1400000000         1.2025660052         1.3727618793        -3.4895872120
        1.4650073000         2.1400000000         1.2153276394         1.3753137568        -3.1571505909
        1.4700063000         2.1400000000         1.2025660052         1.3625543695        -3.4895872120
        1.4750063000         2.1400000000         1.1974613514         1.3370355949        -3.6225618605
        1.4800051000         2.1400000000         1.2051183320         1.3268280851        -3.4230998878
        1.4850062000         2.1400000000         1.1974613514         1.3115168203        -3.6225618605
        1.4900037000         2.1400000000         1.2025660052         1.3013093105        -3.4895872120
        1.4950038000         2.1400000000         1.2000136783         1.2885499232        -3.5560745363
        1.5000046000         2.1400000000         1.2127753126         1.2808942908        -3.2236379151
        1.5050062000         2.1400000000         1.2025660052         1.2630311486        -3.4895872120
        1.5100045000         2.1400000000         1.2025660052         1.2426161289        -3.4895872120
        1.5150057000         2.1400000000         1.2127753126         1.2400642515        -3.2236379151
        1.5200046000         2.1400000000         1.2025660052         1.2324086191        -3.4895872120
        1.5250120000         2.1400000000         1.2051183320         1.2119935994        -3.4230998878
        1.5300044000         2.1400000000         1.2025660052         1.1992342121        -3.4895872120
        1.5350057000         2.1400000000         1.1974613514         1.1813710699        -3.6225618605
        1.5400063000         2.1400000000         1.2025660052         1.1635079277        -3.4895872120
        1.5450096000         2.1400000000         1.2000136783         1.1533004179        -3.5560745363
        1.5500051000         2.1400000000         1.2000136783         1.1456447855        -3.5560745363
        1.5550130000         2.1400000000         1.2127753126         1.1379891531        -3.2236379151
        1.5600052000         2.1400000000         1.2000136783         1.1150222560        -3.5560745363
        1.5650088000         2.1400000000         1.1923566977         1.1022628687        -3.7555365089
        1.5700043000         2.1400000000         1.2102229857         1.0920553588        -3.2901252394
        1.5750104000         2.1400000000         1.1898043709         1.0741922166        -3.8220238332
        1.5800040000         2.1400000000         1.1974613514         1.0665365843        -3.6225618605
        1.5850048000         2.1400000000         1.2127753126         1.0588809519        -3.2236379151
        1.5900035000         2.1400000000         1.2051183320         1.0461215646        -3.4230998878
        1.5950028000         2.1400000000         1.2051183320         1.0282584224        -3.4230998878
        1.6000026000         2.1400000000         1.2076706589         1.0154990351        -3.3566125636
        1.6050046000         2.1400000000         1.2051183320         1.0052915252        -3.4230998878
        1.6100056000         2.1400000000         1.1974613514         0.9874283830        -3.6225618605
        1.6150048000         2.1400000000         1.2102229857         0.9746689957        -3.2901252394
        1.6200035000         2.1400000000         1.1923566977         0.9593577310        -3.7555365089
        1.6250044000         2.1400000000         1.2153276394         0.9542539761        -3.1571505909
        1.6300149000         2.1400000000         1.2025660052         0.9312870789        -3.4895872120
        1.6350044000         2.1400000000         1.2000136783         0.9185276916        -3.5560745363
        1.6400051000         2.1400000000         1.2076706589         0.9057683043        -3.3566125636
        1.6450038000         2.1400000000         1.2204322931         0.9006645494        -3.0241759425
        1.6500026000         2.1400000000         1.2076706589         0.8751457748        -3.3566125636
        1.6550014000         2.1400000000         1.2178799663         0.8751457748        -3.0906632667
        1.6600055000         2.1400000000         1.2204322931         0.8572826326        -3.0241759425
        1.6650038000         2.1400000000         1.1974613514         0.8368676129        -3.6225618605
        1.6700055000         2.1400000000         1.2051183320         0.8241082257        -3.4230998878
        1.6750041000         2.1400000000         1.2204322931         0.8241082257        -3.0241759425
        1.6804824000         2.1400000000         1.2102229857         0.8062450834        -3.2901252394
        1.6850028000         2.1400000000         1.2127753126         0.7909338187        -3.2236379151
        1.6900024000         2.1400000000         1.2102229857         0.7807263088        -3.2901252394
        1.6950033000         2.1400000000         1.2204322931         0.7730706765        -3.0241759425
        1.7000024000         2.1400000000         1.2153276394         0.7552075343        -3.1571505909
        1.7050014000         2.1400000000         1.2025660052         0.7398962695        -3.4895872120
        1.7100030000         2.1400000000         1.2255369469         0.7296887597        -2.8912012940
        1.7150022000         2.1400000000         1.2102229857         0.7169293724        -3.2901252394
        1.7200035000         2.1400000000         1.1974613514         0.6965143527        -3.6225618605
        1.7250029000         2.1400000000         1.2025660052         0.6863068429        -3.4895872120
        1.7300030000         2.1400000000         1.2204322931         0.6863068429        -3.0241759425
        1.7350014000         2.1400000000         1.2102229857         0.6684437007        -3.2901252394
        1.7400058000         2.1400000000         1.2102229857         0.6480286810        -3.2901252394
        1.7450035000         2.1400000000         1.2153276394         0.6429249261        -3.1571505909
        1.7500027000         2.1400000000         1.2051183320         0.6250617838        -3.4230998878
        1.7550022000         2.1400000000         1.2178799663         0.6225099064        -3.0906632667
        1.7600034000         2.1400000000         1.2178799663         0.6046467642        -3.0906632667
        1.7650025000         2.1400000000         1.1974613514         0.5867836220        -3.6225618605
        1.7700045000         2.1400000000         1.2102229857         0.5791279896        -3.2901252394
        1.7750040000         2.1400000000         1.2051183320         0.5638167248        -3.4230998878
        1.7801154000         2.1400000000         1.2051183320         0.5536092150        -3.4230998878
        1.7850024000         2.1400000000         1.2153276394         0.5485054601        -3.1571505909
        1.7900013000         2.1400000000         1.2102229857         0.5229866855        -3.2901252394
        1.7950050000         2.1400000000         1.2178799663         0.5178829306        -3.0906632667
        1.8000030000         2.1400000000         1.2153276394         0.5102272982        -3.1571505909
        1.8050027000         2.1400000000         1.2127753126         0.4923641560        -3.2236379151
        1.8100032000         2.1400000000         1.2025660052         0.4796047687        -3.4895872120
        1.8150031000         2.1400000000         1.2127753126         0.4693972588        -3.2236379151
        1.8200022000         2.1400000000         1.2127753126         0.4540859941        -3.2236379151
        1.8250036000         2.1400000000         1.2153276394         0.4413266068        -3.1571505909
        1.8300025000         2.1400000000         1.2102229857         0.4234634646        -3.2901252394
        1.8350041000         2.1400000000         1.2102229857         0.4132559548        -3.2901252394
        1.8400032000         2.1400000000         1.2076706589         0.3979446900        -3.3566125636
        1.8450043000         2.1400000000         1.2153276394         0.3902890576        -3.1571505909
        1.8500018000         2.1400000000         1.2153276394         0.3775296703        -3.1571505909
        1.8550045000         2.1400000000         1.2127753126         0.3622184056        -3.2236379151
        1.8600041000         2.1400000000         1.2051183320         0.3443552634        -3.4230998878
        1.8650041000         2.1400000000         1.2153276394         0.3469071408        -3.1571505909
        1.8700018000         2.1400000000         1.2076706589         0.3213883662        -3.3566125636
        1.8750057000         2.1400000000         1.2255369469         0.3188364888        -2.8912012940
        1.8800041000         2.1400000000         1.2076706589         0.2958695916        -3.3566125636
        1.8850027000         2.1400000000         1.2178799663         0.2856620818        -3.0906632667
        1.8900017000         2.1400000000         1.2127753126         0.2677989396        -3.2236379151
        1.8950054000         2.1400000000         1.2025660052         0.2575914298        -3.4895872120
        1.9000018000         2.1400000000         1.2153276394         0.2575914298        -3.1571505909
        1.9050026000         2.1400000000         1.2153276394         0.2371764101        -3.1571505909
        1.9100030000         2.1400000000         1.2051183320         0.2193132679        -3.4230998878
        1.9150028000         2.1400000000         1.2204322931         0.2193132679        -3.0241759425
        1.9200016000         2.1400000000         1.2178799663         0.1963463707        -3.0906632667
        1.9250043000         2.1400000000         1.2127753126         0.1810351060        -3.2236379151
        1.9300018000         2.1400000000         1.2306416006         0.1835869834        -2.7582266455
        1.9350031000         2.1400000000         1.2204322931         0.1631719638        -3.0241759425
        1.9400022000         2.1400000000         1.2127753126         0.1504125765        -3.2236379151
        1.9450047000         2.1400000000         1.2178799663         0.1427569441        -3.0906632667
        1.9500027000         2.1400000000         1.2153276394         0.1197900470        -3.1571505909
        1.9550049000         2.1400000000         1.2102229857         0.1070306597        -3.2901252394
        1.9600040000         2.1400000000         1.2102229857         0.0993750273        -3.2901252394
        1.9650335000         2.1400000000         1.2153276394         0.0866156400        -3.1571505909
        1.9700059000         2.1400000000         1.2025660052         0.0713043752        -3.4895872120
        1.9750051000         2.1400000000         1.2178799663         0.0610968654        -3.0906632667
        1.9800046000         2.1400000000         1.2127753126         0.0483374781        -3.2236379151
        1.9850048000         2.1400000000         1.2255369469         0.0381299683        -2.8912012940
        1.9900108000         2.1400000000         1.2280892737         0.0330262134        -2.8247139698
        1.9950125000         2.1400000000         1.2153276394         0.0151630711        -3.1571505909
        2.0000063000         2.1400000000         1.2306416006         0.0100593162        -2.7582266455
        2.0050042000         2.1400000000         1.2127753126         0.0024036839        -3.2236379151
        2.0100032000         2.1400000000         1.2255369469        -0.0001481936        -2.8912012940
        2.0150039000         2.1400000000         1.2178799663        -0.0001481936        -3.0906632667
        2.0200019000         2.1400000000         1.2178799663         0.0049555613        -3.0906632667
        2.0250055000         2.1400000000         1.2229846200         0.0024036839        -2.9576886182
        2.0300059000         2.1400000000         1.2255369469         0.0075074388        -2.8912012940
        2.0350037000         2.1400000000         1.2204322931        -0.0027000711        -3.0241759425
        2.0400060000         2.1400000000         1.2204322931         0.0024036839        -3.0241759425
        2.0450044000         2.1400000000         1.2229846200         0.0100593162        -2.9576886182
        2.0500019000         2.1400000000         1.2204322931         0.0100593162        -3.0241759425
        2.0550047000         2.1400000000         1.2204322931         1.0997109912        -3.0241759425
        2.0600041000         2.1400000000         1.2204322931         1.1048147461        -3.0241759425
        2.0650556000         2.1400000000         1.2178799663         1.1175741334        -3.0906632667
        2.0700046000         2.1400000000         1.2178799663         1.1175741334        -3.0906632667
        2.0750035000         2.1400000000         1.2229846200         1.1150222560        -2.9576886182
        2.0800062000         2.1400000000         1.2204322931         5.0091872584        -3.0241759425
        2.0850048000         2.1400000000         1.2178799663         5.0066353810        -3.0906632667
        2.0900044000         2.1400000000         1.2153276394         5.0015316260        -3.1571505909
        2.0950049000         2.1400000000         1.2255369469         5.0117391359        -2.8912012940
        2.1000059000         2.1400000000         1.2255369469         5.0117391359        -2.8912012940
        2.1050057000         2.1400000000         1.2306416006         5.0066353810        -2.7582266455
        2.1100048000         2.1400000000         1.2229846200         5.0066353810        -2.9576886182
        2.1150057000         2.1400000000         1.2178799663         5.0066353810        -3.0906632667
        2.1200055000         2.1400000000         1.2255369469         5.0091872584        -2.8912012940
        2.1250044000         2.1400000000         1.2204322931         5.0040835035        -3.0241759425
        2.1300036000         2.1400000000         1.2280892737         5.0091872584        -2.8247139698
        2.1350047000         2.1400000000         1.2229846200         4.9938759937        -2.9576886182
        2.1400053000         2.1400000000         1.2229846200         4.9785647289        -2.9576886182
        2.1450047000         2.1400000000         1.2357462543         4.9785647289        -2.6252519971
        2.1500050000         2.1400000000         1.2357462543         4.9607015867        -2.6252519971
        2.1550032000         2.1400000000         1.2229846200         4.9453903219        -2.9576886182
        2.1600045000         2.1400000000         1.2306416006         4.9377346896        -2.7582266455
        2.1650046000         2.1400000000         1.2204322931         4.9198715474        -3.0241759425
        2.1700027000         2.1400000000         1.2306416006         4.9224234248        -2.7582266455
        2.1750047000         2.1400000000         1.2382985811         4.9071121601        -2.5587646729
        2.1800052000         2.1400000000         1.2357462543         4.8969046502        -2.6252519971
        2.1850048000         2.1400000000         1.2204322931         4.8739377531        -3.0241759425
        2.1900044000         2.1400000000         1.2306416006         4.8713858756        -2.7582266455
        2.1950038000         2.1400000000         1.2204322931         4.8509708560        -3.0241759425
        2.2000027000         2.1400000000         1.2280892737         4.8484189785        -2.8247139698
        2.2050021000         2.1400000000         1.2331939274         4.8433152236        -2.6917393213
        2.2100025000         2.1400000000         1.2331939274         4.8331077137        -2.6917393213
        2.2150025000         2.1400000000         1.2408509080         4.8203483265        -2.4922773486
        2.2200024000         2.1400000000         1.2357462543         4.7999333068        -2.6252519971
        2.2250026000         2.1400000000         1.2331939274         4.7922776744        -2.6917393213
        2.2300051000         2.1400000000         1.2331939274         4.7871739195        -2.6917393213
        2.2350034000         2.1400000000         1.2306416006         4.7718626547        -2.7582266455
        2.2400021000         2.1400000000         1.2280892737         4.7565513900        -2.8247139698
        2.2450028000         2.1400000000         1.2280892737         4.7539995125        -2.8247139698
        2.2500023000         2.1400000000         1.2280892737         4.7386882478        -2.8247139698
        2.2550015000         2.1400000000         1.2280892737         4.7284807379        -2.8247139698
        2.2600054000         2.1400000000         1.2382985811         4.7208251056        -2.5587646729
        2.2650040000         2.1400000000         1.2331939274         4.7080657183        -2.6917393213
        2.2700041000         2.1400000000         1.2255369469         4.6927544535        -2.8912012940
        2.2750033000         2.1400000000         1.2255369469         4.6850988211        -2.8912012940
        2.2800046000         2.1400000000         1.2255369469         4.6697875564        -2.8912012940
        2.2850032000         2.1400000000         1.2178799663         4.6519244142        -3.0906632667
        2.2900038000         2.1400000000         1.2255369469         4.6391650269        -2.8912012940
        2.2950032000         2.1400000000         1.2331939274         4.6417169043        -2.6917393213
        2.3000026000         2.1400000000         1.2255369469         4.6289575170        -2.8912012940
        2.3050013000         2.1400000000         1.2255369469         4.6136462523        -2.8912012940
        2.3100090000         2.1400000000         1.2255369469         4.6034387424        -2.8912012940
        2.3150031000         2.1400000000         1.2331939274         4.5957831101        -2.6917393213
        2.3200177000         2.1400000000         1.2127753126         4.5779199678        -3.2236379151
        2.3250053000         2.1400000000         1.2229846200         4.5626087031        -2.9576886182
        2.3300049000         2.1400000000         1.2408509080         4.5626087031        -2.4922773486
        2.3350026000         2.1400000000         1.2076706589         4.5370899285        -3.3566125636
        2.3400052000         2.1400000000         1.2229846200         4.5294342961        -2.9576886182
        2.3450053000         2.1400000000         1.2178799663         4.5141230314        -3.0906632667
        2.3500052000         2.1400000000         1.2306416006         4.5141230314        -2.7582266455
        2.3550056000         2.1400000000         1.2178799663         4.4911561342        -3.0906632667
        2.3600039000         2.1400000000         1.2382985811         4.4911561342        -2.5587646729
        2.3650029000         2.1400000000         1.2255369469         4.4681892371        -2.8912012940
        2.3700025000         2.1400000000         1.2178799663         4.4656373597        -3.0906632667
        2.3750064000         2.1400000000         1.2255369469         4.4528779724        -2.8912012940
        2.3800056000         2.1400000000         1.2204322931         4.4375667076        -3.0241759425
        2.3850054000         2.1400000000         1.2153276394         4.4197035654        -3.1571505909
        2.3900032000         2.1400000000         1.2102229857         4.4120479330        -3.2901252394
        2.3950060000         2.1400000000         1.2076706589         4.3992885457        -3.3566125636
        2.4000057000         2.1400000000         1.2229846200         4.3967366683        -2.9576886182
        2.4050076000         2.1400000000         1.2280892737         4.3865291584        -2.8247139698
        2.4100070000         2.1400000000         1.2153276394         4.3686660162        -3.1571505909
        2.4150060000         2.1400000000         1.2229846200         4.3584585064        -2.9576886182
        2.4200060000         2.1400000000         1.2306416006         4.3456991191        -2.7582266455
        2.4250054000         2.1400000000         1.2153276394         4.3354916092        -3.1571505909
        2.4300059000         2.1400000000         1.2229846200         4.3227322219        -2.9576886182
        2.4350047000         2.1400000000         1.2357462543         4.3099728347        -2.6252519971
        2.4400055000         2.1400000000         1.2178799663         4.2997653248        -3.0906632667
        2.4450042000         2.1400000000         1.2229846200         4.2946615699        -2.9576886182
        2.4500092000         2.1400000000         1.2229846200         4.2793503051        -2.9576886182
        2.4550042000         2.1400000000         1.2280892737         4.2716946728        -2.8247139698
        2.4600076000         2.1400000000         1.2153276394         4.2512796531        -3.1571505909
        2.4650065000         2.1400000000         1.2204322931         4.2410721433        -3.0241759425
        2.4700059000         2.1400000000         1.2229846200         4.2232090010        -2.9576886182
        2.4750053000         2.1400000000         1.2153276394         4.2155533687        -3.1571505909
        2.4800097000         2.1400000000         1.2178799663         4.2002421039        -3.0906632667
        2.4850044000         2.1400000000         1.2229846200         4.1951383490        -2.9576886182
        2.4900119000         2.1400000000         1.2178799663         4.1772752068        -3.0906632667
        2.4950080000         2.1400000000         1.2102229857         4.1645158195        -3.2901252394
        2.5000121000         2.1400000000         1.2255369469         4.1543083097        -2.8912012940
        2.5050039000         2.1400000000         1.2280892737         4.1517564322        -2.8247139698
        2.5100044000         2.1400000000         1.2178799663         4.1338932900        -3.0906632667
        2.5150055000         2.1400000000         1.2280892737         4.1287895351        -2.8247139698
        2.5200048000         2.1400000000         1.2204322931         4.1083745154        -3.0241759425
        2.5250047000         2.1400000000         1.2255369469         4.1032707605        -2.8912012940
        2.5300045000         2.1400000000         1.2178799663         4.0879594957        -3.0906632667
        2.5350027000         2.1400000000         1.2229846200         4.0828557408        -2.9576886182
        2.5400052000         2.1400000000         1.2255369469         4.0726482310        -2.8912012940
        2.5450042000         2.1400000000         1.2229846200         4.0624407211        -2.9576886182
        2.5500048000         2.1400000000         1.2102229857         4.0445775789        -3.2901252394
        2.5550038000         2.1400000000         1.2306416006         4.0445775789        -2.7582266455
        2.5600104000         2.1400000000         1.2331939274         4.0343700691        -2.6917393213
        2.5650039000         2.1400000000         1.2153276394         4.0114031719        -3.1571505909
        2.5700048000         2.1400000000         1.2382985811         4.0139550494        -2.5587646729
        2.5750403000         2.1400000000         1.2357462543         3.9960919072        -2.6252519971
        2.5800062000         2.1400000000         1.2306416006         3.9858843974        -2.7582266455
        2.5850052000         2.1400000000         1.2280892737         3.9756768875        -2.8247139698
        2.5900058000         2.1400000000         1.2229846200         3.9603656228        -2.9576886182
        2.5950044000         2.1400000000         1.2331939274         3.9552618679        -2.6917393213
        2.6000060000         2.1400000000         1.2178799663         3.9373987256        -3.0906632667
        2.6050159000         2.1400000000         1.2229846200         3.9297430933        -2.9576886182
        2.6100047000         2.1400000000         1.2536125423         3.9271912158        -2.1598407275
        2.6150046000         2.1400000000         1.2306416006         3.9144318285        -2.7582266455
        2.6200045000         2.1400000000         1.2229846200         3.8991205638        -2.9576886182
        2.6250047000         2.1400000000         1.2280892737         3.8889130539        -2.8247139698
        2.6300041000         2.1400000000         1.2127753126         3.8684980342        -3.2236379151
        2.6350056000         2.1400000000         1.2280892737         3.8659461568        -2.8247139698
        2.6400086000         2.1400000000         1.2178799663         3.8531867695        -3.0906632667
        2.6450122000         2.1400000000         1.2153276394         3.8327717498        -3.1571505909
        2.6500066000         2.1400000000         1.2229846200         3.8251161174        -2.9576886182
        2.6550091000         2.1400000000         1.2178799663         3.8200123625        -3.0906632667
        2.6600052000         2.1400000000         1.2229846200         3.8098048527        -2.9576886182
        2.6650038000         2.1400000000         1.2178799663         3.7893898330        -3.0906632667
        2.6700094000         2.1400000000         1.2229846200         3.7791823232        -2.9576886182
        2.6750507000         2.1400000000         1.2280892737         3.7817342006        -2.8247139698
        2.6800122000         2.1400000000         1.2255369469         3.7689748133        -2.8912012940
        2.6850068000         2.1400000000         1.2255369469         3.7536635486        -2.8912012940
        2.6900055000         2.1400000000         1.2306416006         3.7511116711        -2.7582266455
        2.6950051000         2.1400000000         1.2076706589         3.7230410191        -3.3566125636
        2.7000060000         2.1400000000         1.2255369469         3.7204891416        -2.8912012940
        2.7050049000         2.1400000000         1.2204322931         3.7026259994        -3.0241759425
        2.7100031000         2.1400000000         1.2127753126         3.6898666121        -3.2236379151
        2.7150050000         2.1400000000         1.2051183320         3.6822109797        -3.4230998878
        2.7200044000         2.1400000000         1.2229846200         3.6745553474        -2.9576886182
        2.7250056000         2.1400000000         1.2229846200         3.6668997150        -2.9576886182
        2.7300058000         2.1400000000         1.2280892737         3.6566922051        -2.8247139698
        2.7350056000         2.1400000000         1.2255369469         3.6439328179        -2.8912012940
        2.7400635000         2.1400000000         1.2229846200         3.6311734306        -2.9576886182
        2.7450058000         2.1400000000         1.2229846200         3.6158621658        -2.9576886182
        2.7500041000         2.1400000000         1.2204322931         3.6031027785        -3.0241759425
        2.7550059000         2.1400000000         1.2280892737         3.5979990236        -2.8247139698
        2.7600034000         2.1400000000         1.2331939274         3.5877915138        -2.6917393213
        2.7650062000         2.1400000000         1.2102229857         3.5775840039        -3.2901252394
        2.7700060000         2.1400000000         1.2229846200         3.5622727392        -2.9576886182
        2.7750059000         2.1400000000         1.2229846200         3.5469614744        -2.9576886182
        2.7800054000         2.1400000000         1.2178799663         3.5367539646        -3.0906632667
        2.7850059000         2.1400000000         1.2178799663         3.5188908224        -3.0906632667
        2.7900043000         2.1400000000         1.2127753126         3.5061314351        -3.2236379151
        2.7950053000         2.1400000000         1.2204322931         3.5035795576        -3.0241759425
        2.8000052000         2.1400000000         1.2102229857         3.4806126605        -3.2901252394
        2.8050054000         2.1400000000         1.2204322931         3.4755089056        -3.0241759425
        2.8100029000         2.1400000000         1.2331939274         3.4755089056        -2.6917393213
        2.8150090000         2.1400000000         1.2204322931         3.4627495183        -3.0241759425
        2.8200054000         2.1400000000         1.2204322931         3.4397826211        -3.0241759425
        2.8250052000         2.1400000000         1.2229846200         3.4346788662        -2.9576886182
        2.8300052000         2.1400000000         1.2331939274         3.4295751113        -2.6917393213
        2.8350057000         2.1400000000         1.2204322931         3.4142638465        -3.0241759425
        2.8400057000         2.1400000000         1.2229846200         3.3989525818        -2.9576886182
        2.8450145000         2.1400000000         1.2306416006         3.3938488269        -2.7582266455
        2.8500053000         2.1400000000         1.2153276394         3.3708819297        -3.1571505909
        2.8550047000         2.1400000000         1.2229846200         3.3657781748        -2.9576886182
        2.8600115000         2.1400000000         1.2229846200         3.3530187875        -2.9576886182
        2.8650097000         2.1400000000         1.2229846200         3.3351556453        -2.9576886182
        2.8700037000         2.1400000000         1.2178799663         3.3300518904        -3.0906632667
        2.8750107000         2.1400000000         1.2153276394         3.3121887482        -3.1571505909
        2.8800057000         2.1400000000         1.2153276394         3.3045331158        -3.1571505909
        2.8850156000         2.1400000000         1.2102229857         3.2917737285        -3.2901252394
        2.8902656000         2.1400000000         1.2255369469         3.2841180961        -2.8912012940
        2.8950055000         2.1400000000         1.2204322931         3.2739105863        -3.0241759425
        2.9000048000         2.1400000000         1.2204322931         3.2585993215        -3.0241759425
        2.9050030000         2.1400000000         1.2127753126         3.2458399342        -3.2236379151
        2.9100056000         2.1400000000         1.2178799663         3.2407361793        -3.0906632667
        2.9150048000         2.1400000000         1.2280892737         3.2330805470        -2.8247139698
        2.9200033000         2.1400000000         1.2127753126         3.2126655273        -3.2236379151
        2.9250046000         2.1400000000         1.2255369469         3.2050098949        -2.8912012940
        2.9300043000         2.1400000000         1.2153276394         3.1896986301        -3.1571505909
        2.9350047000         2.1400000000         1.2306416006         3.1896986301        -2.7582266455
        2.9400045000         2.1400000000         1.2229846200         3.1794911203        -2.9576886182
        2.9450030000         2.1400000000         1.2204322931         3.1539723457        -3.0241759425
        2.9500060000         2.1400000000         1.2153276394         3.1488685908        -3.1571505909
        2.9550032000         2.1400000000         1.2306416006         3.1437648359        -2.7582266455
        2.9600070000         2.1400000000         1.2255369469         3.1361092035        -2.8912012940
        2.9650050000         2.1400000000         1.2204322931         3.1105904289        -3.0241759425
        2.9700047000         2.1400000000         1.2510602154         3.1105904289        -2.2263280517
        2.9750048000         2.1400000000         1.2229846200         3.0952791642        -2.9576886182
        2.9800348000         2.1400000000         1.2229846200         3.0876235318        -2.9576886182
        2.9850019000         2.1400000000         1.2204322931         3.0697603896        -3.0241759425
        2.9900051000         2.1400000000         1.2204322931         3.0570010023        -3.0241759425
        2.9950056000         2.1400000000         1.2178799663         3.0467934924        -3.0906632667
        3.0000054000         2.1400000000         1.2076706589         3.0263784728        -3.3566125636
        3.0050056000         2.1400000000         1.2280892737         3.0238265953        -2.8247139698
        3.0100824000         2.1400000000         1.2280892737         3.0136190855        -2.8247139698
        3.0150056000         2.1400000000         1.2153276394         3.0008596982        -3.1571505909
        3.0200058000         2.1400000000         1.2204322931         2.9855484334        -3.0241759425
        3.0250049000         2.1400000000         1.2102229857         2.9753409236        -3.2901252394
        3.0300059000         2.1400000000         1.2204322931         2.9651334138        -3.0241759425
        3.0350033000         2.1400000000         1.2229846200         2.9625815363        -2.9576886182
        3.0400059000         2.1400000000         1.2204322931         2.9345108842        -3.0241759425
        3.0450039000         2.1400000000         1.2229846200         2.9345108842        -2.9576886182
        3.0500058000         2.1400000000         1.2178799663         2.9140958646        -3.0906632667
        3.0550057000         2.1400000000         1.2076706589         2.9013364773        -3.3566125636
        3.0600102000         2.1400000000         1.2127753126         2.8962327224        -3.2236379151
        3.0650043000         2.1400000000         1.2255369469         2.8885770900        -2.8912012940
        3.0700056000         2.1400000000         1.2331939274         2.8707139478        -2.6917393213
        3.0750066000         2.1400000000         1.2204322931         2.8707139478        -3.0241759425
        3.0800127000         2.1400000000         1.2229846200         2.8579545605        -2.9576886182
        3.0850052000         2.1400000000         1.2127753126         2.8375395408        -3.2236379151
        3.0900144000         2.1400000000         1.2229846200         2.8324357859        -2.9576886182
        3.0950110000         2.1400000000         1.2204322931         2.8222282761        -3.0241759425
        3.1000070000         2.1400000000         1.2229846200         2.8018132564        -2.9576886182
        3.1050047000         2.1400000000         1.2229846200         2.7916057465        -2.9576886182
        3.1100039000         2.1400000000         1.2255369469         2.7865019916        -2.8912012940
        3.1150046000         2.1400000000         1.2306416006         2.7737426043        -2.7582266455
        3.1200060000         2.1400000000         1.2280892737         2.7635350945        -2.8247139698
        3.1250035000         2.1400000000         1.2229846200         2.7456719523        -2.9576886182
        3.1300061000         2.1400000000         1.2178799663         2.7329125650        -3.0906632667
        3.1350045000         2.1400000000         1.2204322931         2.7252569326        -3.0241759425
        3.1400057000         2.1400000000         1.2127753126         2.7073937904        -3.2236379151
        3.1450028000         2.1400000000         1.2229846200         2.6997381580        -2.9576886182
        3.1500047000         2.1400000000         1.2153276394         2.6869787707        -3.1571505909
        3.1550047000         2.1400000000         1.2357462543         2.6818750158        -2.6252519971
        3.1600040000         2.1400000000         1.2255369469         2.6716675060        -2.8912012940
        3.1650064000         2.1400000000         1.2229846200         2.6538043638        -2.9576886182
        3.1700017000         2.1400000000         1.2229846200         2.6512524863        -2.9576886182
        3.1750065000         2.1400000000         1.2229846200         2.6333893441        -2.9576886182
        3.1800043000         2.1400000000         1.2178799663         2.6231818342        -3.0906632667
        3.1850070000         2.1400000000         1.2127753126         2.6078705695        -3.2236379151
        3.1900046000         2.1400000000         1.2127753126         2.5874555498        -3.2236379151
        3.1950038000         2.1400000000         1.2204322931         2.5849036724        -3.0241759425
        3.2000018000         2.1400000000         1.2127753126         2.5670405302        -3.2236379151
        3.2050016000         2.1400000000         1.2127753126         2.5568330203        -3.2236379151
        3.2100028000         2.1400000000         1.2255369469         2.5568330203        -2.8912012940
        3.2150027000         2.1400000000         1.2178799663         2.5466255105        -3.0906632667
        3.2200017000         2.1400000000         1.2204322931         2.5313142457        -3.0241759425
        3.2250040000         2.1400000000         1.2127753126         2.5083473486        -3.2236379151
        3.2300035000         2.1400000000         1.2051183320         2.4955879613        -3.4230998878
        3.2350057000         2.1400000000         1.2178799663         2.4955879613        -3.0906632667
        3.2400038000         2.1400000000         1.2076706589         2.4726210642        -3.3566125636
        3.2450031000         2.1400000000         1.2127753126         2.4598616769        -3.2236379151
        3.2500017000         2.1400000000         1.2051183320         2.4471022896        -3.4230998878
        3.2550032000         2.1400000000         1.2178799663         2.4394466572        -3.0906632667
        3.2600032000         2.1400000000         1.2229846200         2.4368947797        -2.9576886182
        3.2650032000         2.1400000000         1.2127753126         2.4139278826        -3.2236379151
        3.2700015000         2.1400000000         1.2102229857         2.4062722502        -3.2901252394
        3.2750032000         2.1400000000         1.2127753126         2.3858572306        -3.2236379151
        3.2800022000         2.1400000000         1.2204322931         2.3833053531        -3.0241759425
        3.2850038000         2.1400000000         1.2076706589         2.3628903334        -3.3566125636
        3.2900032000         2.1400000000         1.2153276394         2.3577865785        -3.1571505909
        3.2950028000         2.1400000000         1.2178799663         2.3501309461        -3.0906632667
        3.3000015000         2.1400000000         1.2127753126         2.3322678039        -3.2236379151
        3.3050045000         2.1400000000         1.2025660052         2.3118527843        -3.4895872120
        3.3100038000         2.1400000000         1.2127753126         2.3067490293        -3.2236379151
        3.3150055000         2.1400000000         1.2025660052         2.2939896420        -3.4895872120
        3.3200045000         2.1400000000         1.2127753126         2.2837821322        -3.2236379151
        3.3250061000         2.1400000000         1.2153276394         2.2710227449        -3.1571505909
        3.3300055000         2.1400000000         1.2025660052         2.2506077252        -3.4895872120
        3.3350052000         2.1400000000         1.2127753126         2.2429520929        -3.2236379151
        3.3400060000         2.1400000000         1.2025660052         2.2301927056        -3.4895872120
        3.3450062000         2.1400000000         1.2076706589         2.2097776859        -3.3566125636
        3.3500056000         2.1400000000         1.2076706589         2.2021220535        -3.3566125636
        3.3550058000         2.1400000000         1.2051183320         2.1868107888        -3.4230998878
        3.3600060000         2.1400000000         1.2051183320         2.1791551564        -3.4230998878
        3.3650064000         2.1400000000         1.2000136783         2.1638438916        -3.5560745363
        3.3700055000         2.1400000000         1.2076706589         2.1536363818        -3.3566125636
        3.3750057000         2.1400000000         1.2178799663         2.1485326269        -3.0906632667
        3.3800056000         2.1400000000         1.2127753126         2.1357732396        -3.2236379151
        3.3850036000         2.1400000000         1.2102229857         2.1153582199        -3.2901252394
        3.3900058000         2.1400000000         1.2153276394         2.1051507101        -3.1571505909
        3.3950042000         2.1400000000         1.1949090246         2.0847356904        -3.6890491847
        3.4000052000         2.1400000000         1.2127753126         2.0796319355        -3.2236379151
        3.4050075000         2.1400000000         1.2204322931         2.0745281806        -3.0241759425
        3.4100055000         2.1400000000         1.2000136783         2.0490094060        -3.5560745363
        3.4150063000         2.1400000000         1.2102229857         2.0336981412        -3.2901252394
        3.4200056000         2.1400000000         1.2153276394         2.0311462638        -3.1571505909
        3.4250048000         2.1400000000         1.2000136783         2.0158349990        -3.5560745363
        3.4300057000         2.1400000000         1.2178799663         2.0030756117        -3.0906632667
        3.4350051000         2.1400000000         1.2229846200         2.0005237343        -2.9576886182
        3.4400060000         2.1400000000         1.2153276394         1.9852124695        -3.1571505909
        3.4450048000         2.1400000000         1.2178799663         1.9750049597        -3.0906632667
        3.4500056000         2.1400000000         1.2127753126         1.9545899400        -3.2236379151
        3.4550038000         2.1400000000         1.2102229857         1.9418305527        -3.2901252394
        3.4600089000         2.1400000000         1.2127753126         1.9367267978        -3.2236379151
        3.4650101000         2.1400000000         1.2127753126         1.9112080232        -3.2236379151
        3.4700134000         2.1400000000         1.2051183320         1.9061042683        -3.4230998878
        3.4750047000         2.1400000000         1.2127753126         1.8933448810        -3.2236379151
        3.4800058000         2.1400000000         1.2102229857         1.8805854937        -3.2901252394
        3.4850053000         2.1400000000         1.2178799663         1.8729298613        -3.0906632667
        3.4900056000         2.1400000000         1.2178799663         1.8627223515        -3.0906632667
        3.4950036000         2.1400000000         1.2229846200         1.8525148416        -2.9576886182
        3.5000056000         2.1400000000         1.2051183320         1.8269960670        -3.4230998878
        3.5050056000         2.1400000000         1.2127753126         1.8218923121        -3.2236379151
        3.5100046000         2.1400000000         1.2127753126         1.8116848023        -3.2236379151
        3.5150087000         2.1400000000         1.2280892737         1.8065810474        -2.8247139698
        3.5200039000         2.1400000000         1.2076706589         1.7887179052        -3.3566125636
        3.5250042000         2.1400000000         1.2076706589         1.7708547629        -3.3566125636
        3.5300143000         2.1400000000         1.2000136783         1.7606472531        -3.5560745363
        3.5350041000         2.1400000000         1.2153276394         1.7504397433        -3.1571505909
        3.5400112000         2.1400000000         1.2153276394         1.7427841109        -3.1571505909
        3.5450049000         2.1400000000         1.2102229857         1.7249209687        -3.2901252394
        3.5500109000         2.1400000000         1.2127753126         1.7096097039        -3.2236379151
        3.5550054000         2.1400000000         1.2051183320         1.6994021941        -3.4230998878
        3.5600108000         2.1400000000         1.2127753126         1.6891946843        -3.2236379151
        3.5650092000         2.1400000000         1.2025660052         1.6662277871        -3.4895872120
        3.5700124000         2.1400000000         1.1974613514         1.6585721547        -3.6225618605
        3.5750054000         2.1400000000         1.2102229857         1.6585721547        -3.2901252394
        3.5800093000         2.1400000000         1.2153276394         1.6458127674        -3.1571505909
        3.5850052000         2.1400000000         1.2127753126         1.6279496252        -3.2236379151
        3.5900043000         2.1400000000         1.2076706589         1.6100864830        -3.3566125636
        3.5950035000         2.1400000000         1.2102229857         1.5947752183        -3.2901252394
        3.6000047000         2.1400000000         1.2051183320         1.5845677084        -3.4230998878
        3.6050037000         2.1400000000         1.2178799663         1.5871195859        -3.0906632667
        3.6100042000         2.1400000000         1.2229846200         1.5743601986        -2.9576886182
        3.6150036000         2.1400000000         1.2153276394         1.5462895465        -3.1571505909
        3.6200050000         2.1400000000         1.2051183320         1.5386339142        -3.4230998878
        3.6250043000         2.1400000000         1.2153276394         1.5309782818        -3.1571505909
        3.6300057000         2.1400000000         1.2153276394         1.5156670170        -3.1571505909
        3.6350042000         2.1400000000         1.2076706589         1.5003557523        -3.3566125636
        3.6400036000         2.1400000000         1.2229846200         1.5029076297        -2.9576886182
        3.6450024000         2.1400000000         1.2127753126         1.4748369777        -3.2236379151
        3.6500019000         2.1400000000         1.2025660052         1.4671813453        -3.4895872120
        3.6550011000         2.1400000000         1.2204322931         1.4620775904        -3.0241759425
        3.6600050000         2.1400000000         1.2204322931         1.4518700806        -3.0241759425
        3.6650057000         2.1400000000         1.2051183320         1.4340069384        -3.4230998878
        3.6700026000         2.1400000000         1.2102229857         1.4186956736        -3.2901252394
        3.6750038000         2.1400000000         1.2153276394         1.4110400412        -3.1571505909
        3.6800033000         2.1400000000         1.2153276394         1.3982806539        -3.1571505909
        3.6850020000         2.1400000000         1.2178799663         1.3829693892        -3.0906632667
        3.6900028000         2.1400000000         1.2204322931         1.3804175117        -3.0241759425
        3.6950036000         2.1400000000         1.2076706589         1.3600024920        -3.3566125636
        3.7000017000         2.1400000000         1.2127753126         1.3574506146        -3.2236379151
        3.7050023000         2.1400000000         1.2306416006         1.3497949822        -2.7582266455
        3.7100031000         2.1400000000         1.2229846200         1.3370355949        -2.9576886182
        3.7150029000         2.1400000000         1.2178799663         1.3191724527        -3.0906632667
        3.7200013000         2.1400000000         1.2127753126         1.2987574330        -3.2236379151
        3.7250026000         2.1400000000         1.2153276394         1.2962055556        -3.1571505909
        3.7300037000         2.1400000000         1.2229846200         1.2885499232        -2.9576886182
        3.7350017000         2.1400000000         1.2153276394         1.2655830261        -3.1571505909
        3.7400028000         2.1400000000         1.2229846200         1.2655830261        -2.9576886182
        3.7450015000         2.1400000000         1.2229846200         1.2477198838        -2.9576886182
        3.7500059000         2.1400000000         1.2229846200         1.2349604965        -2.9576886182
        3.7550021000         2.1400000000         1.2102229857         1.2170973543        -3.2901252394
        3.7600034000         2.1400000000         1.2102229857         1.2068898445        -3.2901252394
        3.7650035000         2.1400000000         1.2127753126         1.2017860896        -3.2236379151
        3.7700022000         2.1400000000         1.2178799663         1.1966823347        -3.0906632667
        3.7750029000         2.1400000000         1.2255369469         1.1839229474        -2.8912012940
        3.7800041000         2.1400000000         1.2178799663         1.1660598052        -3.0906632667
        3.7850031000         2.1400000000         1.2255369469         1.1609560502        -2.8912012940
        3.7900035000         2.1400000000         1.2127753126         1.1507485404        -3.2236379151
        3.7950025000         2.1400000000         1.2178799663         1.1303335207        -3.0906632667
        3.8000060000         2.1400000000         1.2229846200         1.1252297658        -2.9576886182
        3.8050043000         2.1400000000         1.2025660052         1.1073666236        -3.4895872120
        3.8100054000         2.1400000000         1.2153276394         1.0895034814        -3.1571505909
        3.8150031000         2.1400000000         1.2076706589         1.0818478490        -3.3566125636
        3.8200021000         2.1400000000         1.2229846200         1.0690884617        -2.9576886182
        3.8250030000         2.1400000000         1.2127753126         1.0614328293        -3.2236379151
        3.8300037000         2.1400000000         1.2051183320         1.0435696871        -3.4230998878
        3.8350038000         2.1400000000         1.2153276394         1.0359140547        -3.1571505909
        3.8400033000         2.1400000000         1.2204322931         1.0206027900        -3.0241759425
        3.8450016000         2.1400000000         1.2127753126         1.0103952802        -3.2236379151
        3.8500022000         2.1400000000         1.2153276394         0.9976358929        -3.1571505909
        3.8550019000         2.1400000000         1.2102229857         0.9848765056        -3.2901252394
        3.8600027000         2.1400000000         1.2255369469         0.9772208732        -2.8912012940
        3.8650023000         2.1400000000         1.2076706589         0.9593577310        -3.3566125636
        3.8700038000         2.1400000000         1.2229846200         0.9542539761        -2.9576886182
        3.8750040000         2.1400000000         1.2178799663         0.9414945888        -3.0906632667
        3.8800030000         2.1400000000         1.2204322931         0.9312870789        -3.0241759425
        3.8850023000         2.1400000000         1.2229846200         0.9159758142        -2.9576886182
        3.8900032000         2.1400000000         1.2229846200         0.9032164269        -2.9576886182
        3.8950023000         2.1400000000         1.2127753126         0.8879051621        -3.2236379151
        3.9000023000         2.1400000000         1.2153276394         0.8751457748        -3.1571505909
        3.9050020000         2.1400000000         1.2051183320         0.8649382650        -3.4230998878
        3.9100047000         2.1400000000         1.2204322931         0.8547307552        -3.0241759425
        3.9150038000         2.1400000000         1.2025660052         0.8368676129        -3.4895872120
        3.9200042000         2.1400000000         1.2102229857         0.8241082257        -3.2901252394
        3.9250035000         2.1400000000         1.1974613514         0.8036932060        -3.6225618605
        3.9300043000         2.1400000000         1.2204322931         0.7909338187        -3.0241759425
        3.9350029000         2.1400000000         1.2102229857         0.7858300638        -3.2901252394
        3.9400051000         2.1400000000         1.2127753126         0.7705187990        -3.2236379151
        3.9450051000         2.1400000000         1.2127753126         0.7603112892        -3.2236379151
        3.9500055000         2.1400000000         1.2051183320         0.7450000244        -3.4230998878
        3.9550058000         2.1400000000         1.2153276394         0.7322406371        -3.1571505909
        3.9600041000         2.1400000000         1.2229846200         0.7296887597        -2.9576886182
        3.9650057000         2.1400000000         1.2076706589         0.7143774949        -3.3566125636
        3.9700040000         2.1400000000         1.2153276394         0.6990662302        -3.1571505909
        3.9750036000         2.1400000000         1.2127753126         0.6888587203        -3.2236379151
        3.9800051000         2.1400000000         1.2102229857         0.6658918232        -3.2901252394
        3.9850056000         2.1400000000         1.2153276394         0.6633399457        -3.1571505909
        3.9900041000         2.1400000000         1.2204322931         0.6480286810        -3.0241759425
        3.9950054000         2.1400000000         1.2102229857         0.6301655388        -3.2901252394
