% Motor Sweep Step 64/180
% Vcmd       = 2.1800 [V]
% Direction  = CCW
% Zone       = DEADZONE
% Vg_offset  = 1.336525 [V]
% K_gimbal   = 26.049690 [(rad/s)/V]

Time[s]              Vcmd[V]              Vg_raw[V]            Pot[V]               Omega[rad/s]
        0.0000449000         2.1800000000         1.3352870017         4.3125247121        -0.0322463522
        0.0050094000         2.1800000000         1.3480486360         4.3176284670         0.3001902689
        0.0100066000         2.1800000000         1.3352870017         4.3074209572        -0.0322463522
        0.0150069000         2.1800000000         1.3378393285         4.3125247121         0.0342409720
        0.0200078000         2.1800000000         1.3403916554         4.3176284670         0.1007282962
        0.0250057000         2.1800000000         1.3352870017         4.3099728347        -0.0322463522
        0.0300117000         2.1800000000         1.3429439823         4.3176284670         0.1672156204
        0.0350063000         2.1800000000         1.2638218497         4.2997653248        -1.8938914306
        0.0400053000         2.1800000000         1.2612695229         4.2921096924        -1.9603787548
        0.0452034000         2.1800000000         1.2791358108         4.2819021826        -1.4949674852
        0.0500254000         2.1800000000         1.2765834840         4.2921096924        -1.5614548095
        0.0550034000         2.1800000000         1.2689265034         4.2870059375        -1.7609167821
        0.0600103000         2.1800000000         1.2689265034         4.2665909178        -1.7609167821
        0.0650073000         2.1800000000         1.2663741766         4.2665909178        -1.8274041064
        0.0700057000         2.1800000000         1.2765834840         4.2614871629        -1.5614548095
        0.0750017000         2.1800000000         1.2638218497         4.2512796531        -1.8938914306
        0.0800046000         2.1800000000         1.2561648691         4.2385202658        -2.0933534033
        0.0850087000         2.1800000000         1.2638218497         4.2436240207        -1.8938914306
        0.0900033000         2.1800000000         1.2663741766         4.2283127560        -1.8274041064
        0.0950046000         2.1800000000         1.2536125423         4.2206571236        -2.1598407275
        0.1000027000         2.1800000000         1.2587171960         4.2155533687        -2.0268660791
        0.1050050000         2.1800000000         1.2587171960         4.2104496138        -2.0268660791
        0.1100043000         2.1800000000         1.2587171960         4.1976902265        -2.0268660791
        0.1150049000         2.1800000000         1.2587171960         4.1900345941        -2.0268660791
        0.1200043000         2.1800000000         1.2536125423         4.1823789617        -2.1598407275
        0.1250052000         2.1800000000         1.2459555617         4.1696195744        -2.3593027002
        0.1300066000         2.1800000000         1.2485078886         4.1594120646        -2.2928153760
        0.1350048000         2.1800000000         1.2536125423         4.1568601871        -2.1598407275
        0.1400028000         2.1800000000         1.2510602154         4.1415489224        -2.2263280517
        0.1450069000         2.1800000000         1.2459555617         4.1389970449        -2.3593027002
        0.1500034000         2.1800000000         1.2459555617         4.1287895351        -2.3593027002
        0.1550049000         2.1800000000         1.2485078886         4.1211339027        -2.2928153760
        0.1600045000         2.1800000000         1.2434032349         4.1083745154        -2.4257900244
        0.1650074000         2.1800000000         1.2459555617         4.1032707605        -2.3593027002
        0.1700044000         2.1800000000         1.2255369469         4.0905113732        -2.8912012940
        0.1750036000         2.1800000000         1.2434032349         4.0854076183        -2.4257900244
        0.1800046000         2.1800000000         1.2459555617         4.0777519859        -2.3593027002
        0.1850031000         2.1800000000         1.2459555617         4.0675444760        -2.3593027002
        0.1900062000         2.1800000000         1.2408509080         4.0598888437        -2.4922773486
        0.1950051000         2.1800000000         1.2434032349         4.0522332113        -2.4257900244
        0.2000030000         2.1800000000         1.2485078886         4.0420257015        -2.2928153760
        0.2050029000         2.1800000000         1.2357462543         4.0267144367        -2.6252519971
        0.2100048000         2.1800000000         1.2459555617         4.0241625592        -2.3593027002
        0.2150050000         2.1800000000         1.2357462543         4.0062994170        -2.6252519971
        0.2200035000         2.1800000000         1.2408509080         4.0062994170        -2.4922773486
        0.2250015000         2.1800000000         1.2536125423         4.0011956621        -2.1598407275
        0.2300029000         2.1800000000         1.2714788303         3.9935400297        -1.6944294579
        0.2350014000         2.1800000000         1.2459555617         3.9858843974        -2.3593027002
        0.2400027000         2.1800000000         1.2459555617         3.9756768875        -2.3593027002
        0.2450036000         2.1800000000         1.2485078886         3.9680212551        -2.2928153760
        0.2500025000         2.1800000000         1.2459555617         3.9527099904        -2.3593027002
        0.2550020000         2.1800000000         1.2382985811         3.9348468482        -2.5587646729
        0.2600032000         2.1800000000         1.2331939274         3.9246393383        -2.6917393213
        0.2650031000         2.1800000000         1.2331939274         3.9169837060        -2.6917393213
        0.2700034000         2.1800000000         1.2382985811         3.9093280736        -2.5587646729
        0.2750023000         2.1800000000         1.2408509080         3.9016724412        -2.4922773486
        0.2800024000         2.1800000000         1.2357462543         3.8914649314        -2.6252519971
        0.2850028000         2.1800000000         1.2485078886         3.8914649314        -2.2928153760
        0.2900015000         2.1800000000         1.2382985811         3.8761536666        -2.5587646729
        0.2950040000         2.1800000000         1.2510602154         3.8736017892        -2.2263280517
        0.3000027000         2.1800000000         1.2357462543         3.8531867695        -2.6252519971
        0.3050036000         2.1800000000         1.2331939274         3.8404273822        -2.6917393213
        0.3100301000         2.1800000000         1.2382985811         3.8327717498        -2.5587646729
        0.3150038000         2.1800000000         1.2434032349         3.8302198724        -2.4257900244
        0.3200052000         2.1800000000         1.2229846200         3.8149086076        -2.9576886182
        0.3250052000         2.1800000000         1.2459555617         3.8123567301        -2.3593027002
        0.3300032000         2.1800000000         1.2382985811         3.7970454654        -2.5587646729
        0.3350015000         2.1800000000         1.2459555617         3.7995973429        -2.3593027002
        0.3400045000         2.1800000000         1.2382985811         3.7740785683        -2.5587646729
        0.3450036000         2.1800000000         1.2331939274         3.7664229359        -2.6917393213
        0.3500025000         2.1800000000         1.2382985811         3.7587673035        -2.5587646729
        0.3550021000         2.1800000000         1.2331939274         3.7434560388        -2.6917393213
        0.3600024000         2.1800000000         1.2306416006         3.7332485289        -2.7582266455
        0.3650029000         2.1800000000         1.2306416006         3.7306966515        -2.7582266455
        0.3700022000         2.1800000000         1.2536125423         3.7230410191        -2.1598407275
        0.3750024000         2.1800000000         1.2408509080         3.7102816318        -2.4922773486
        0.3800026000         2.1800000000         1.2357462543         3.7000741219        -2.6252519971
        0.3850025000         2.1800000000         1.2331939274         3.6847628572        -2.6917393213
        0.3900014000         2.1800000000         1.2408509080         3.6847628572        -2.4922773486
        0.3950028000         2.1800000000         1.2459555617         3.6771072248        -2.3593027002
        0.4000015000         2.1800000000         1.2331939274         3.6541403277        -2.6917393213
        0.4050028000         2.1800000000         1.2434032349         3.6541403277        -2.4257900244
        0.4100015000         2.1800000000         1.2382985811         3.6439328179        -2.5587646729
        0.4150031000         2.1800000000         1.2382985811         3.6260696756        -2.5587646729
        0.4200020000         2.1800000000         1.2408509080         3.6158621658        -2.4922773486
        0.4250051000         2.1800000000         1.2434032349         3.6184140433        -2.4257900244
        0.4300041000         2.1800000000         1.2536125423         3.6107584109        -2.1598407275
        0.4350029000         2.1800000000         1.2434032349         3.5979990236        -2.4257900244
        0.4400015000         2.1800000000         1.2459555617         3.5877915138        -2.3593027002
        0.4450044000         2.1800000000         1.2331939274         3.5724802490        -2.6917393213
        0.4500032000         2.1800000000         1.2459555617         3.5673764941        -2.3593027002
        0.4550022000         2.1800000000         1.2382985811         3.5571689842        -2.5587646729
        0.4600013000         2.1800000000         1.2459555617         3.5571689842        -2.3593027002
        0.4650052000         2.1800000000         1.2408509080         3.5393058420        -2.4922773486
        0.4700035000         2.1800000000         1.2408509080         3.5316502097        -2.4922773486
        0.4750023000         2.1800000000         1.2280892737         3.5239945773        -2.8247139698
        0.4800033000         2.1800000000         1.2510602154         3.5188908224        -2.2263280517
        0.4850031000         2.1800000000         1.2434032349         3.5035795576        -2.4257900244
        0.4900023000         2.1800000000         1.2357462543         3.4908201703        -2.6252519971
        0.4950039000         2.1800000000         1.2510602154         3.4908201703        -2.2263280517
        0.5000017000         2.1800000000         1.2382985811         3.4729570281        -2.5587646729
        0.5050025000         2.1800000000         1.2459555617         3.4653013957        -2.3593027002
        0.5100015000         2.1800000000         1.2408509080         3.4550938859        -2.4922773486
        0.5150039000         2.1800000000         1.2459555617         3.4499901310        -2.3593027002
        0.5200029000         2.1800000000         1.2357462543         3.4423344986        -2.6252519971
        0.5250020000         2.1800000000         1.2331939274         3.4219194789        -2.6917393213
        0.5300032000         2.1800000000         1.2382985811         3.4142638465        -2.5587646729
        0.5350032000         2.1800000000         1.2434032349         3.4117119691        -2.4257900244
        0.5400019000         2.1800000000         1.2306416006         3.3912969494        -2.7582266455
        0.5450031000         2.1800000000         1.2382985811         3.3861931945        -2.5587646729
        0.5500016000         2.1800000000         1.2357462543         3.3759856847        -2.6252519971
        0.5550019000         2.1800000000         1.2408509080         3.3734338072        -2.4922773486
        0.5600011000         2.1800000000         1.2357462543         3.3530187875        -2.6252519971
        0.5650051000         2.1800000000         1.2382985811         3.3402594002        -2.5587646729
        0.5700031000         2.1800000000         1.2382985811         3.3453631551        -2.5587646729
        0.5750038000         2.1800000000         1.2408509080         3.3326037679        -2.4922773486
        0.5800038000         2.1800000000         1.2255369469         3.3096368707        -2.8912012940
        0.5850034000         2.1800000000         1.2536125423         3.3147406256        -2.1598407275
        0.5900024000         2.1800000000         1.2331939274         3.2994293609        -2.6917393213
        0.5950030000         2.1800000000         1.2306416006         3.2815662187        -2.7582266455
        0.6000022000         2.1800000000         1.2382985811         3.2815662187        -2.5587646729
        0.6050026000         2.1800000000         1.2408509080         3.2637030765        -2.4922773486
        0.6100020000         2.1800000000         1.2255369469         3.2560474441        -2.8912012940
        0.6150034000         2.1800000000         1.2280892737         3.2432880568        -2.8247139698
        0.6200037000         2.1800000000         1.2434032349         3.2407361793        -2.4257900244
        0.6250035000         2.1800000000         1.2434032349         3.2356324244        -2.4257900244
        0.6300031000         2.1800000000         1.2280892737         3.2177692822        -2.8247139698
        0.6350077000         2.1800000000         1.2255369469         3.1999061400        -2.8912012940
        0.6400054000         2.1800000000         1.2382985811         3.1999061400        -2.5587646729
        0.6450948000         2.1800000000         1.2331939274         3.1871467527        -2.6917393213
        0.6500065000         2.1800000000         1.2331939274         3.1794911203        -2.6917393213
        0.6550068000         2.1800000000         1.2331939274         3.1616279781        -2.6917393213
        0.6600017000         2.1800000000         1.2357462543         3.1590761006        -2.6252519971
        0.6650051000         2.1800000000         1.2408509080         3.1514204683        -2.4922773486
        0.6700035000         2.1800000000         1.2306416006         3.1335573261        -2.7582266455
        0.6750057000         2.1800000000         1.2280892737         3.1182460613        -2.8247139698
        0.6800031000         2.1800000000         1.2434032349         3.1207979388        -2.4257900244
        0.6850053000         2.1800000000         1.2408509080         3.1029347965        -2.4922773486
        0.6900020000         2.1800000000         1.2229846200         3.0901754092        -2.9576886182
        0.6950024000         2.1800000000         1.2280892737         3.0774160220        -2.8247139698
        0.7000016000         2.1800000000         1.2331939274         3.0799678994        -2.6917393213
        0.7050057000         2.1800000000         1.2306416006         3.0646566347        -2.7582266455
        0.7100015000         2.1800000000         1.2178799663         3.0467934924        -3.0906632667
        0.7150028000         2.1800000000         1.2229846200         3.0365859826        -2.9576886182
        0.7200019000         2.1800000000         1.2255369469         3.0314822277        -2.8912012940
        0.7250026000         2.1800000000         1.2382985811         3.0263784728        -2.5587646729
        0.7300053000         2.1800000000         1.2255369469         3.0085153306        -2.8912012940
        0.7350031000         2.1800000000         1.2357462543         3.0059634531        -2.6252519971
        0.7400036000         2.1800000000         1.2229846200         2.9778928011        -2.9576886182
        0.7450038000         2.1800000000         1.2229846200         2.9753409236        -2.9576886182
        0.7500012000         2.1800000000         1.2357462543         2.9727890461        -2.6252519971
        0.7550032000         2.1800000000         1.2357462543         2.9625815363        -2.6252519971
        0.7600015000         2.1800000000         1.2229846200         2.9421665166        -2.9576886182
        0.7650028000         2.1800000000         1.2306416006         2.9370627617        -2.7582266455
        0.7700026000         2.1800000000         1.2306416006         2.9243033744        -2.7582266455
        0.7750024000         2.1800000000         1.2255369469         2.9115439871        -2.8912012940
        0.7800028000         2.1800000000         1.2280892737         2.9064402322        -2.8247139698
        0.7850028000         2.1800000000         1.2280892737         2.8936808449        -2.8247139698
        0.7900021000         2.1800000000         1.2280892737         2.8783695801        -2.8247139698
        0.7950029000         2.1800000000         1.2434032349         2.8809214576        -2.4257900244
        0.8000015000         2.1800000000         1.2306416006         2.8605064379        -2.7582266455
        0.8050014000         2.1800000000         1.2229846200         2.8502989281        -2.9576886182
        0.8100012000         2.1800000000         1.2306416006         2.8426432957        -2.7582266455
        0.8150042000         2.1800000000         1.2331939274         2.8273320310        -2.6917393213
        0.8200040000         2.1800000000         1.2382985811         2.8273320310        -2.5587646729
        0.8250052000         2.1800000000         1.2382985811         2.8145726437        -2.5587646729
        0.8300033000         2.1800000000         1.2331939274         2.8018132564        -2.6917393213
        0.8350017000         2.1800000000         1.2331939274         2.7916057465        -2.6917393213
        0.8400015000         2.1800000000         1.2331939274         2.7788463592        -2.6917393213
        0.8450042000         2.1800000000         1.2408509080         2.7762944818        -2.4922773486
        0.8500019000         2.1800000000         1.2357462543         2.7660869720        -2.6252519971
        0.8550021000         2.1800000000         1.2331939274         2.7507757072        -2.6917393213
        0.8600017000         2.1800000000         1.2306416006         2.7405681974        -2.7582266455
        0.8650028000         2.1800000000         1.2331939274         2.7303606875        -2.6917393213
        0.8700026000         2.1800000000         1.2280892737         2.7201531777        -2.8247139698
        0.8750025000         2.1800000000         1.2434032349         2.7150494228        -2.4257900244
        0.8800026000         2.1800000000         1.2408509080         2.7073937904        -2.4922773486
        0.8850028000         2.1800000000         1.2255369469         2.6869787707        -2.8912012940
        0.8900021000         2.1800000000         1.2331939274         2.6767712609        -2.6917393213
        0.8950027000         2.1800000000         1.2306416006         2.6589081187        -2.7582266455
        0.9000015000         2.1800000000         1.2306416006         2.6563562412        -2.7582266455
        0.9050026000         2.1800000000         1.2331939274         2.6487006088        -2.6917393213
        0.9100019000         2.1800000000         1.2306416006         2.6333893441        -2.7582266455
        0.9150023000         2.1800000000         1.2178799663         2.6206299568        -3.0906632667
        0.9200018000         2.1800000000         1.2306416006         2.6206299568        -2.7582266455
        0.9250024000         2.1800000000         1.2357462543         2.6129743244        -2.6252519971
        0.9300024000         2.1800000000         1.2306416006         2.5976630597        -2.7582266455
        0.9350028000         2.1800000000         1.2331939274         2.5849036724        -2.6917393213
        0.9400014000         2.1800000000         1.2408509080         2.5823517949        -2.4922773486
        0.9450030000         2.1800000000         1.2204322931         2.5619367752        -3.0241759425
        0.9500021000         2.1800000000         1.2280892737         2.5491773879        -2.8247139698
        0.9550031000         2.1800000000         1.2331939274         2.5440736330        -2.6917393213
        0.9600015000         2.1800000000         1.2357462543         2.5389698781        -2.6252519971
        0.9650071000         2.1800000000         1.2306416006         2.5160029810        -2.7582266455
        0.9700047000         2.1800000000         1.2357462543         2.5134511035        -2.6252519971
        0.9750032000         2.1800000000         1.2178799663         2.4955879613        -3.0906632667
        0.9800050000         2.1800000000         1.2280892737         2.4930360838        -2.8247139698
        0.9850035000         2.1800000000         1.2280892737         2.4802766965        -2.8247139698
        0.9900024000         2.1800000000         1.2255369469         2.4675173092        -2.8912012940
        0.9950054000         2.1800000000         1.2306416006         2.4624135543        -2.7582266455
        1.0000026000         2.1800000000         1.2306416006         2.4496541670        -2.7582266455
        1.0050029000         2.1800000000         1.2255369469         2.4343429023        -2.8912012940
        1.0100015000         2.1800000000         1.2306416006         2.4292391474        -2.7582266455
        1.0150036000         2.1800000000         1.2331939274         2.4241353924        -2.6917393213
        1.0200027000         2.1800000000         1.2280892737         2.4139278826        -2.8247139698
        1.0250051000         2.1800000000         1.2255369469         2.3960647404        -2.8912012940
        1.0300036000         2.1800000000         1.2255369469         2.3858572306        -2.8912012940
        1.0350031000         2.1800000000         1.2204322931         2.3705459658        -3.0241759425
        1.0400055000         2.1800000000         1.2306416006         2.3654422109        -2.7582266455
        1.0450032000         2.1800000000         1.2280892737         2.3526828236        -2.8247139698
        1.0500025000         2.1800000000         1.2280892737         2.3348196814        -2.8247139698
        1.0550022000         2.1800000000         1.2331939274         2.3322678039        -2.6917393213
        1.0600049000         2.1800000000         1.2408509080         2.3322678039        -2.4922773486
        1.0650049000         2.1800000000         1.2408509080         2.3195084166        -2.4922773486
        1.0700042000         2.1800000000         1.2229846200         2.2965415195        -2.9576886182
        1.0750071000         2.1800000000         1.2229846200         2.2863340097        -2.9576886182
        1.0800061000         2.1800000000         1.2280892737         2.2761264998        -2.8247139698
        1.0850064000         2.1800000000         1.2280892737         2.2659189900        -2.8247139698
        1.0900028000         2.1800000000         1.2255369469         2.2608152351        -2.8912012940
        1.0950057000         2.1800000000         1.2382985811         2.2506077252        -2.5587646729
        1.1000048000         2.1800000000         1.2229846200         2.2378483379        -2.9576886182
        1.1050029000         2.1800000000         1.2255369469         2.2225370732        -2.8912012940
        1.1100016000         2.1800000000         1.2331939274         2.2174333183        -2.6917393213
        1.1150048000         2.1800000000         1.2357462543         2.2148814408        -2.6252519971
        1.1200041000         2.1800000000         1.2306416006         2.1970182986        -2.7582266455
        1.1250026000         2.1800000000         1.2459555617         2.1944664211        -2.3593027002
        1.1300052000         2.1800000000         1.2434032349         2.1842589113        -2.4257900244
        1.1350044000         2.1800000000         1.2357462543         2.1740514015        -2.6252519971
        1.1400058000         2.1800000000         1.2357462543         2.1612920142        -2.6252519971
        1.1450062000         2.1800000000         1.2331939274         2.1459807494        -2.6917393213
        1.1500054000         2.1800000000         1.2255369469         2.1383251170        -2.8912012940
        1.1550034000         2.1800000000         1.2280892737         2.1230138523        -2.8247139698
        1.1600054000         2.1800000000         1.2280892737         2.1102544650        -2.8247139698
        1.1650038000         2.1800000000         1.2229846200         2.1000469552        -2.9576886182
        1.1700057000         2.1800000000         1.2331939274         2.0923913228        -2.6917393213
        1.1750058000         2.1800000000         1.2280892737         2.0847356904        -2.8247139698
        1.1800056000         2.1800000000         1.2280892737         2.0668725482        -2.8247139698
        1.1850032000         2.1800000000         1.2382985811         2.0668725482        -2.5587646729
        1.1900055000         2.1800000000         1.2255369469         2.0541131609        -2.8912012940
        1.1950061000         2.1800000000         1.2408509080         2.0439056511        -2.4922773486
        1.2000057000         2.1800000000         1.2408509080         2.0362500187        -2.4922773486
        1.2050032000         2.1800000000         1.2331939274         2.0260425088        -2.6917393213
        1.2100045000         2.1800000000         1.2331939274         2.0107312441        -2.6917393213
        1.2150036000         2.1800000000         1.2408509080         2.0081793666        -2.4922773486
        1.2200046000         2.1800000000         1.2255369469         1.9877643470        -2.8912012940
        1.2250038000         2.1800000000         1.2331939274         1.9826605920        -2.6917393213
        1.2300043000         2.1800000000         1.2382985811         1.9750049597        -2.5587646729
        1.2350043000         2.1800000000         1.2331939274         1.9596936949        -2.6917393213
        1.2400047000         2.1800000000         1.2382985811         1.9545899400        -2.5587646729
        1.2450037000         2.1800000000         1.2306416006         1.9443824302        -2.7582266455
        1.2500044000         2.1800000000         1.2255369469         1.9290711654        -2.8912012940
        1.2550025000         2.1800000000         1.2382985811         1.9188636556        -2.5587646729
        1.2600017000         2.1800000000         1.2280892737         1.9112080232        -2.8247139698
        1.2650064000         2.1800000000         1.2306416006         1.9010005134        -2.7582266455
        1.2700033000         2.1800000000         1.2331939274         1.8907930035        -2.6917393213
        1.2750030000         2.1800000000         1.2255369469         1.8780336162        -2.8912012940
        1.2800029000         2.1800000000         1.2204322931         1.8601704740        -3.0241759425
        1.2850051000         2.1800000000         1.2280892737         1.8601704740        -2.8247139698
        1.2900038000         2.1800000000         1.2280892737         1.8448592093        -2.8247139698
        1.2950026000         2.1800000000         1.2331939274         1.8397554543        -2.6917393213
        1.3000022000         2.1800000000         1.2459555617         1.8346516994        -2.3593027002
        1.3050022000         2.1800000000         1.2434032349         1.8244441896        -2.4257900244
        1.3100015000         2.1800000000         1.2306416006         1.7989254150        -2.7582266455
        1.3150029000         2.1800000000         1.2229846200         1.7912697826        -2.9576886182
        1.3200035000         2.1800000000         1.2229846200         1.7861660277        -2.9576886182
        1.3250052000         2.1800000000         1.2229846200         1.7708547629        -2.9576886182
        1.3300037000         2.1800000000         1.2280892737         1.7657510080        -2.8247139698
        1.3350036000         2.1800000000         1.2331939274         1.7606472531        -2.6917393213
        1.3400115000         2.1800000000         1.2382985811         1.7504397433        -2.5587646729
        1.3450041000         2.1800000000         1.2331939274         1.7351284785        -2.6917393213
        1.3500036000         2.1800000000         1.2280892737         1.7223690912        -2.8247139698
        1.3550027000         2.1800000000         1.2229846200         1.7070578265        -2.9576886182
        1.3600013000         2.1800000000         1.2255369469         1.7096097039        -2.8912012940
        1.3650024000         2.1800000000         1.2331939274         1.6942984392        -2.6917393213
        1.3700018000         2.1800000000         1.2331939274         1.6815390519        -2.6917393213
        1.3750026000         2.1800000000         1.2229846200         1.6738834195        -2.9576886182
        1.3800026000         2.1800000000         1.2485078886         1.6687796646        -2.2928153760
        1.3850052000         2.1800000000         1.2229846200         1.6483646449        -2.9576886182
        1.3900032000         2.1800000000         1.2229846200         1.6330533802        -2.9576886182
        1.3950030000         2.1800000000         1.2229846200         1.6253977478        -2.9576886182
        1.4000015000         2.1800000000         1.2229846200         1.6100864830        -2.9576886182
        1.4050022000         2.1800000000         1.2280892737         1.6024308506        -2.8247139698
        1.4100019000         2.1800000000         1.2280892737         1.5973270957        -2.8247139698
        1.4150030000         2.1800000000         1.2204322931         1.5871195859        -3.0241759425
        1.4200017000         2.1800000000         1.2306416006         1.5667045662        -2.7582266455
        1.4250029000         2.1800000000         1.2229846200         1.5564970564        -2.9576886182
        1.4300026000         2.1800000000         1.2255369469         1.5564970564        -2.8912012940
        1.4350030000         2.1800000000         1.2229846200         1.5386339142        -2.9576886182
        1.4400022000         2.1800000000         1.2331939274         1.5335301593        -2.6917393213
        1.4450026000         2.1800000000         1.2331939274         1.5233226494        -2.6917393213
        1.4500013000         2.1800000000         1.2357462543         1.5156670170        -2.6252519971
        1.4550012000         2.1800000000         1.2408509080         1.5054595072        -2.4922773486
        1.4600019000         2.1800000000         1.2357462543         1.5003557523        -2.6252519971
        1.4650025000         2.1800000000         1.2434032349         1.4875963650        -2.4257900244
        1.4700051000         2.1800000000         1.2331939274         1.4773888552        -2.6917393213
        1.4750017000         2.1800000000         1.2331939274         1.4646294679        -2.6917393213
        1.4800036000         2.1800000000         1.2331939274         1.4544219580        -2.6917393213
        1.4850016000         2.1800000000         1.2331939274         1.4416625707        -2.6917393213
        1.4900022000         2.1800000000         1.2306416006         1.4391106933        -2.7582266455
        1.4950028000         2.1800000000         1.2306416006         1.4212475511        -2.7582266455
        1.5000042000         2.1800000000         1.2331939274         1.4084881638        -2.6917393213
        1.5050017000         2.1800000000         1.2357462543         1.4033844088        -2.6252519971
        1.5100027000         2.1800000000         1.2331939274         1.3906250215        -2.6917393213
        1.5150027000         2.1800000000         1.2357462543         1.3778656343        -2.6252519971
        1.5200033000         2.1800000000         1.2331939274         1.3702100019        -2.6917393213
        1.5250015000         2.1800000000         1.2331939274         1.3574506146        -2.6917393213
        1.5300082000         2.1800000000         1.2178799663         1.3421393498        -3.0906632667
        1.5350056000         2.1800000000         1.2306416006         1.3370355949        -2.7582266455
        1.5400048000         2.1800000000         1.2229846200         1.3217243302        -2.9576886182
        1.5450040000         2.1800000000         1.2229846200         1.3115168203        -2.9576886182
        1.5500044000         2.1800000000         1.2357462543         1.3115168203        -2.6252519971
        1.5550035000         2.1800000000         1.2229846200         1.2936536781        -2.9576886182
        1.5600026000         2.1800000000         1.2434032349         1.2911018006        -2.4257900244
        1.5650028000         2.1800000000         1.2255369469         1.2732386584        -2.8912012940
        1.5700031000         2.1800000000         1.2280892737         1.2604792711        -2.8247139698
        1.5750068000         2.1800000000         1.2255369469         1.2528236388        -2.8912012940
        1.5800038000         2.1800000000         1.2306416006         1.2349604965        -2.7582266455
        1.5850029000         2.1800000000         1.2204322931         1.2298567416        -3.0241759425
        1.5900053000         2.1800000000         1.2331939274         1.2196492318        -2.6917393213
        1.5950806000         2.1800000000         1.2357462543         1.2145454769        -2.6252519971
        1.6000027000         2.1800000000         1.2204322931         1.1941304572        -3.0241759425
        1.6050013000         2.1800000000         1.2255369469         1.1890267023        -2.8912012940
        1.6100040000         2.1800000000         1.2306416006         1.1788191925        -2.7582266455
        1.6150053000         2.1800000000         1.2331939274         1.1711635601        -2.6917393213
        1.6200040000         2.1800000000         1.2382985811         1.1584041728        -2.5587646729
        1.6250016000         2.1800000000         1.2204322931         1.1430929080        -3.0241759425
        1.6300031000         2.1800000000         1.2306416006         1.1303335207        -2.7582266455
        1.6350024000         2.1800000000         1.2408509080         1.1277816433        -2.4922773486
        1.6400034000         2.1800000000         1.2306416006         1.1226778884        -2.7582266455
        1.6450039000         2.1800000000         1.2306416006         1.1073666236        -2.7582266455
        1.6500027000         2.1800000000         1.2382985811         1.0971591138        -2.5587646729
        1.6550024000         2.1800000000         1.2229846200         1.0869516039        -2.9576886182
        1.6600019000         2.1800000000         1.2331939274         1.0843997265        -2.6917393213
        1.6650026000         2.1800000000         1.2229846200         1.0563290744        -2.9576886182
        1.6700026000         2.1800000000         1.2255369469         1.0563290744        -2.8912012940
        1.6750015000         2.1800000000         1.2255369469         1.0435696871        -2.8912012940
        1.6800042000         2.1800000000         1.2408509080         1.0384659322        -2.4922773486
        1.6850028000         2.1800000000         1.2306416006         1.0231546675        -2.7582266455
        1.6900023000         2.1800000000         1.2331939274         1.0103952802        -2.6917393213
        1.6950023000         2.1800000000         1.2280892737         0.9976358929        -2.8247139698
        1.7000026000         2.1800000000         1.2229846200         0.9823246281        -2.9576886182
        1.7050020000         2.1800000000         1.2408509080         0.9848765056        -2.4922773486
        1.7100015000         2.1800000000         1.2357462543         0.9746689957        -2.6252519971
        1.7150026000         2.1800000000         1.2280892737         0.9568058535        -2.8247139698
        1.7200044000         2.1800000000         1.2280892737         0.9414945888        -2.8247139698
        1.7250017000         2.1800000000         1.2357462543         0.9440464662        -2.6252519971
        1.7300032000         2.1800000000         1.2408509080         0.9312870789        -2.4922773486
        1.7350025000         2.1800000000         1.2510602154         0.9210795691        -2.2263280517
        1.7400025000         2.1800000000         1.2255369469         0.9083201818        -2.8912012940
        1.7450029000         2.1800000000         1.2382985811         0.8930089170        -2.5587646729
        1.7500023000         2.1800000000         1.2306416006         0.8776976523        -2.7582266455
        1.7550013000         2.1800000000         1.2255369469         0.8700420199        -2.8912012940
        1.7600024000         2.1800000000         1.2306416006         0.8598345101        -2.7582266455
        1.7650025000         2.1800000000         1.2357462543         0.8547307552        -2.6252519971
        1.7700037000         2.1800000000         1.2255369469         0.8394194904        -2.8912012940
        1.7750031000         2.1800000000         1.2434032349         0.8343157355        -2.4257900244
        1.7800035000         2.1800000000         1.2459555617         0.8266601031        -2.3593027002
        1.7850016000         2.1800000000         1.2306416006         0.8139007158        -2.7582266455
        1.7900015000         2.1800000000         1.2331939274         0.7960375736        -2.6917393213
        1.7950027000         2.1800000000         1.2434032349         0.7985894511        -2.4257900244
        1.8000020000         2.1800000000         1.2434032349         0.7909338187        -2.4257900244
        1.8050013000         2.1800000000         1.2255369469         0.7730706765        -2.8912012940
        1.8100038000         2.1800000000         1.2434032349         0.7679669216        -2.4257900244
        1.8150031000         2.1800000000         1.2280892737         0.7552075343        -2.8247139698
        1.8200058000         2.1800000000         1.2331939274         0.7398962695        -2.6917393213
        1.8250045000         2.1800000000         1.2408509080         0.7347925146        -2.4922773486
        1.8300057000         2.1800000000         1.2331939274         0.7169293724        -2.6917393213
        1.8350060000         2.1800000000         1.2331939274         0.7169293724        -2.6917393213
        1.8400029000         2.1800000000         1.2434032349         0.7118256175        -2.4257900244
        1.8450030000         2.1800000000         1.2382985811         0.7016181076        -2.5587646729
        1.8500032000         2.1800000000         1.2434032349         0.6888587203        -2.4257900244
        1.8550021000         2.1800000000         1.2382985811         0.6709955781        -2.5587646729
        1.8600042000         2.1800000000         1.2459555617         0.6684437007        -2.3593027002
        1.8650033000         2.1800000000         1.2408509080         0.6556843134        -2.4922773486
        1.8700031000         2.1800000000         1.2382985811         0.6454768035        -2.5587646729
        1.8750015000         2.1800000000         1.2382985811         0.6250617838        -2.5587646729
        1.8800047000         2.1800000000         1.2357462543         0.6250617838        -2.6252519971
        1.8850048000         2.1800000000         1.2357462543         0.6097505191        -2.6252519971
        1.8900030000         2.1800000000         1.2306416006         0.5995430093        -2.7582266455
        1.8950029000         2.1800000000         1.2255369469         0.5893354994        -2.8912012940
        1.9000032000         2.1800000000         1.2382985811         0.5842317445        -2.5587646729
        1.9050058000         2.1800000000         1.2331939274         0.5689204797        -2.6917393213
        1.9100030000         2.1800000000         1.2434032349         0.5689204797        -2.4257900244
        1.9150059000         2.1800000000         1.2229846200         0.5459535826        -2.9576886182
        1.9200036000         2.1800000000         1.2357462543         0.5408498277        -2.6252519971
        1.9250055000         2.1800000000         1.2382985811         0.5280904404        -2.5587646729
        1.9300058000         2.1800000000         1.2485078886         0.5229866855        -2.2928153760
        1.9350055000         2.1800000000         1.2357462543         0.5153310531        -2.6252519971
        1.9400049000         2.1800000000         1.2331939274         0.4974679109        -2.6917393213
        1.9450042000         2.1800000000         1.2382985811         0.4898122785        -2.5587646729
        1.9500026000         2.1800000000         1.2331939274         0.4847085236        -2.6917393213
        1.9550045000         2.1800000000         1.2229846200         0.4617416265        -2.9576886182
        1.9600032000         2.1800000000         1.2306416006         0.4566378716        -2.7582266455
        1.9650041000         2.1800000000         1.2382985811         0.4540859941        -2.5587646729
        1.9700051000         2.1800000000         1.2408509080         0.4336709744        -2.4922773486
        1.9750020000         2.1800000000         1.2408509080         0.4311190970        -2.4922773486
        1.9800038000         2.1800000000         1.2434032349         0.4209115871        -2.4257900244
        1.9850034000         2.1800000000         1.2357462543         0.4004965675        -2.6252519971
        1.9900047000         2.1800000000         1.2382985811         0.3979446900        -2.5587646729
        1.9950030000         2.1800000000         1.2280892737         0.3851853027        -2.8247139698
        2.0000026000         2.1800000000         1.2408509080         0.3749777929        -2.4922773486
        2.0050021000         2.1800000000         1.2357462543         0.3647702830        -2.6252519971
        2.0100033000         2.1800000000         1.2382985811         0.3520108957        -2.5587646729
        2.0150032000         2.1800000000         1.2382985811         0.3443552634        -2.5587646729
        2.0200032000         2.1800000000         1.2331939274         0.3366996310        -2.6917393213
        2.0250016000         2.1800000000         1.2382985811         0.3239402437        -2.5587646729
        2.0300030000         2.1800000000         1.2434032349         0.3162846113        -2.4257900244
        2.0350022000         2.1800000000         1.2357462543         0.3009733466        -2.6252519971
        2.0400030000         2.1800000000         1.2459555617         0.2984214691        -2.3593027002
        2.0450029000         2.1800000000         1.2459555617         0.2856620818        -2.3593027002
        2.0500050000         2.1800000000         1.2408509080         0.2754545720        -2.4922773486
        2.0550033000         2.1800000000         1.2434032349         0.2703508170        -2.4257900244
        2.0600026000         2.1800000000         1.2382985811         0.2550395523        -2.5587646729
        2.0650030000         2.1800000000         1.2434032349         0.2499357974        -2.4257900244
        2.0700041000         2.1800000000         1.2408509080         0.2371764101        -2.4922773486
        2.0750027000         2.1800000000         1.2382985811         0.2269689002        -2.5587646729
        2.0800056000         2.1800000000         1.2434032349         0.2142095129        -2.4257900244
        2.0850052000         2.1800000000         1.2459555617         0.2014501257        -2.3593027002
        2.0900062000         2.1800000000         1.2408509080         0.1963463707        -2.4922773486
        2.0950054000         2.1800000000         1.2459555617         0.1886907384        -2.3593027002
        2.1000036000         2.1800000000         1.2459555617         0.1708275961        -2.3593027002
        2.1050023000         2.1800000000         1.2459555617         0.1708275961        -2.3593027002
        2.1100049000         2.1800000000         1.2459555617         0.1631719638        -2.3593027002
        2.1150047000         2.1800000000         1.2280892737         0.1376531892        -2.8247139698
        2.1200054000         2.1800000000         1.2434032349         0.1325494343        -2.4257900244
        2.1250043000         2.1800000000         1.2357462543         0.1248938019        -2.6252519971
        2.1300027000         2.1800000000         1.2382985811         0.1070306597        -2.5587646729
        2.1350013000         2.1800000000         1.2434032349         0.1121344146        -2.4257900244
        2.1400031000         2.1800000000         1.2459555617         0.0993750273        -2.3593027002
        2.1450023000         2.1800000000         1.2331939274         0.0789600076        -2.6917393213
        2.1500017000         2.1800000000         1.2408509080         0.0789600076        -2.4922773486
        2.1550012000         2.1800000000         1.2408509080         0.0662006203        -2.4922773486
        2.1600029000         2.1800000000         1.2382985811         0.0534412330        -2.5587646729
        2.1650053000         2.1800000000         1.2357462543         0.0432337232        -2.6252519971
        2.1700030000         2.1800000000         1.2510602154         0.0432337232        -2.2263280517
        2.1750014000         2.1800000000         1.2357462543         0.0202668261        -2.6252519971
        2.1800016000         2.1800000000         1.2382985811         0.0177149486        -2.5587646729
        2.1850051000         2.1800000000         1.2510602154         0.0177149486        -2.2263280517
        2.1900027000         2.1800000000         1.2331939274        -0.0001481936        -2.6917393213
        2.1950031000         2.1800000000         1.2408509080         0.0024036839        -2.4922773486
        2.2000026000         2.1800000000         1.2561648691        -0.0001481936        -2.0933534033
        2.2050013000         2.1800000000         1.2331939274        -0.0052519485        -2.6917393213
        2.2100016000         2.1800000000         1.2306416006        -0.0027000711        -2.7582266455
        2.2150028000         2.1800000000         1.2536125423         0.0075074388        -2.1598407275
        2.2200044000         2.1800000000         1.2459555617         0.0075074388        -2.3593027002
        2.2250032000         2.1800000000         1.2331939274        -0.0027000711        -2.6917393213
        2.2300029000         2.1800000000         1.2485078886         0.0049555613        -2.2928153760
        2.2350024000         2.1800000000         1.2485078886        -0.0001481936        -2.2928153760
        2.2400015000         2.1800000000         1.2459555617        -0.0001481936        -2.3593027002
        2.2450034000         2.1800000000         1.2408509080         0.0100593162        -2.4922773486
        2.2500028000         2.1800000000         1.2382985811         0.0049555613        -2.5587646729
        2.2550024000         2.1800000000         1.2408509080         1.1099185011        -2.4922773486
        2.2600015000         2.1800000000         1.2510602154         1.1150222560        -2.2263280517
        2.2650048000         2.1800000000         1.2408509080         1.1099185011        -2.4922773486
        2.2700021000         2.1800000000         1.2408509080         1.0971591138        -2.4922773486
        2.2750439000         2.1800000000         1.2408509080         1.0997109912        -2.4922773486
        2.2800031000         2.1800000000         1.2459555617         1.1150222560        -2.3593027002
        2.2850124000         2.1800000000         1.2408509080         5.0066353810        -2.4922773486
        2.2900122000         2.1800000000         1.2510602154         5.0040835035        -2.2263280517
        2.2950056000         2.1800000000         1.2561648691         5.0040835035        -2.0933534033
        2.3000018000         2.1800000000         1.2357462543         4.9989797486        -2.6252519971
        2.3050031000         2.1800000000         1.2408509080         5.0091872584        -2.4922773486
        2.3100019000         2.1800000000         1.2459555617         5.0066353810        -2.3593027002
        2.3150031000         2.1800000000         1.2485078886         5.0066353810        -2.2928153760
        2.3200018000         2.1800000000         1.2408509080         5.0066353810        -2.4922773486
        2.3250050000         2.1800000000         1.2306416006         5.0015316260        -2.7582266455
        2.3300047000         2.1800000000         1.2434032349         5.0168428908        -2.4257900244
        2.3350042000         2.1800000000         1.2459555617         5.0015316260        -2.3593027002
        2.3400031000         2.1800000000         1.2434032349         5.0040835035        -2.4257900244
        2.3450077000         2.1800000000         1.2485078886         5.0040835035        -2.2928153760
        2.3500046000         2.1800000000         1.2408509080         4.9964278711        -2.4922773486
        2.3550034000         2.1800000000         1.2510602154         4.9964278711        -2.2263280517
        2.3600033000         2.1800000000         1.2561648691         4.9938759937        -2.0933534033
        2.3650062000         2.1800000000         1.2510602154         4.9785647289        -2.2263280517
        2.3700046000         2.1800000000         1.2382985811         4.9658053416        -2.5587646729
        2.3750260000         2.1800000000         1.2434032349         4.9555978318        -2.4257900244
        2.3800028000         2.1800000000         1.2510602154         4.9555978318        -2.2263280517
        2.3850036000         2.1800000000         1.2714788303         4.9479421994        -1.6944294579
        2.3900024000         2.1800000000         1.2536125423         4.9402865670        -2.1598407275
        2.3950032000         2.1800000000         1.2536125423         4.9300790572        -2.1598407275
        2.4000190000         2.1800000000         1.2561648691         4.9224234248        -2.0933534033
        2.4050014000         2.1800000000         1.2434032349         4.8994565277        -2.4257900244
        2.4100016000         2.1800000000         1.2434032349         4.8892490178        -2.4257900244
        2.4150029000         2.1800000000         1.2536125423         4.8815933855        -2.1598407275
        2.4200026000         2.1800000000         1.2536125423         4.8764896306        -2.1598407275
        2.4250026000         2.1800000000         1.2510602154         4.8713858756        -2.2263280517
        2.4300028000         2.1800000000         1.2536125423         4.8662821207        -2.1598407275
        2.4350032000         2.1800000000         1.2485078886         4.8509708560        -2.2928153760
        2.4400014000         2.1800000000         1.2485078886         4.8382114687        -2.2928153760
        2.4450090000         2.1800000000         1.2587171960         4.8407633461        -2.0268660791
        2.4500040000         2.1800000000         1.2408509080         4.8177964490        -2.4922773486
        2.4550019000         2.1800000000         1.2434032349         4.8203483265        -2.4257900244
        2.4600012000         2.1800000000         1.2510602154         4.8075889392        -2.2263280517
        2.4650025000         2.1800000000         1.2536125423         4.7999333068        -2.1598407275
        2.4700015000         2.1800000000         1.2561648691         4.7973814293        -2.0933534033
        2.4750057000         2.1800000000         1.2536125423         4.7846220420        -2.1598407275
        2.4800036000         2.1800000000         1.2510602154         4.7769664097        -2.2263280517
        2.4850037000         2.1800000000         1.2587171960         4.7693107773        -2.0268660791
        2.4900016000         2.1800000000         1.2459555617         4.7565513900        -2.3593027002
        2.4950054000         2.1800000000         1.2485078886         4.7488957576        -2.2928153760
        2.5000030000         2.1800000000         1.2434032349         4.7361363703        -2.4257900244
        2.5050027000         2.1800000000         1.2587171960         4.7310326154        -2.0268660791
        2.5100057000         2.1800000000         1.2561648691         4.7208251056        -2.0933534033
        2.5150048000         2.1800000000         1.2485078886         4.7106175957        -2.2928153760
        2.5200056000         2.1800000000         1.2434032349         4.7004100859        -2.4257900244
        2.5250034000         2.1800000000         1.2459555617         4.6902025760        -2.3593027002
        2.5300036000         2.1800000000         1.2561648691         4.6825469437        -2.0933534033
        2.5350051000         2.1800000000         1.2485078886         4.6748913113        -2.2928153760
        2.5400042000         2.1800000000         1.2408509080         4.6595800465        -2.4922773486
        2.5450050000         2.1800000000         1.2408509080         4.6468206592        -2.4922773486
        2.5500056000         2.1800000000         1.2536125423         4.6519244142        -2.1598407275
        2.5550051000         2.1800000000         1.2459555617         4.6366131494        -2.3593027002
        2.5600058000         2.1800000000         1.2357462543         4.6161981297        -2.6252519971
        2.5650045000         2.1800000000         1.2459555617         4.6187500072        -2.3593027002
        2.5700041000         2.1800000000         1.2510602154         4.6059906199        -2.2263280517
        2.5750059000         2.1800000000         1.2331939274         4.5957831101        -2.6917393213
        2.5800065000         2.1800000000         1.2459555617         4.5881274777        -2.3593027002
        2.5850035000         2.1800000000         1.2408509080         4.5753680904        -2.4922773486
        2.5900065000         2.1800000000         1.2331939274         4.5626087031        -2.6917393213
        2.5950047000         2.1800000000         1.2485078886         4.5626087031        -2.2928153760
        2.6000049000         2.1800000000         1.2459555617         4.5575049482        -2.3593027002
        2.6050040000         2.1800000000         1.2331939274         4.5345380510        -2.6917393213
        2.6100519000         2.1800000000         1.2459555617         4.5319861736        -2.3593027002
        2.6150043000         2.1800000000         1.2434032349         4.5217786637        -2.4257900244
        2.6200031000         2.1800000000         1.2331939274         4.5039155215        -2.6917393213
        2.6250045000         2.1800000000         1.2510602154         4.5090192765        -2.2263280517
        2.6300078000         2.1800000000         1.2459555617         4.4937080117        -2.3593027002
        2.6350041000         2.1800000000         1.2357462543         4.4783967469        -2.6252519971
        2.6400024000         2.1800000000         1.2561648691         4.4835005019        -2.0933534033
        2.6450036000         2.1800000000         1.2357462543         4.4656373597        -2.6252519971
        2.6500017000         2.1800000000         1.2459555617         4.4554298498        -2.3593027002
        2.6550041000         2.1800000000         1.2510602154         4.4528779724        -2.2263280517
        2.6600016000         2.1800000000         1.2331939274         4.4299110752        -2.6917393213
        2.6650032000         2.1800000000         1.2331939274         4.4222554428        -2.6917393213
        2.6700032000         2.1800000000         1.2485078886         4.4248073203        -2.2928153760
        2.6750031000         2.1800000000         1.2434032349         4.4120479330        -2.4257900244
        2.6800034000         2.1800000000         1.2382985811         4.3992885457        -2.5587646729
        2.6850039000         2.1800000000         1.2434032349         4.3865291584        -2.4257900244
        2.6900015000         2.1800000000         1.2357462543         4.3788735260        -2.6252519971
        2.6950028000         2.1800000000         1.2434032349         4.3712178937        -2.4257900244
        2.7000014000         2.1800000000         1.2434032349         4.3584585064        -2.4257900244
        2.7050041000         2.1800000000         1.2485078886         4.3508028740        -2.2928153760
        2.7100022000         2.1800000000         1.2306416006         4.3354916092        -2.7582266455
        2.7150027000         2.1800000000         1.2408509080         4.3329397318        -2.4922773486
        2.7200018000         2.1800000000         1.2331939274         4.3150765896        -2.6917393213
        2.7250023000         2.1800000000         1.2459555617         4.3099728347        -2.3593027002
        2.7300028000         2.1800000000         1.2357462543         4.3048690797        -2.6252519971
        2.7350034000         2.1800000000         1.2331939274         4.2844540601        -2.6917393213
        2.7400017000         2.1800000000         1.2485078886         4.2895578150        -2.2928153760
        2.7450034000         2.1800000000         1.2357462543         4.2742465502        -2.6252519971
        2.7500024000         2.1800000000         1.2408509080         4.2614871629        -2.4922773486
        2.7550021000         2.1800000000         1.2434032349         4.2589352855        -2.4257900244
        2.7600019000         2.1800000000         1.2357462543         4.2436240207        -2.6252519971
        2.7650028000         2.1800000000         1.2434032349         4.2385202658        -2.4257900244
        2.7700022000         2.1800000000         1.2434032349         4.2257608785        -2.4257900244
        2.7750024000         2.1800000000         1.2331939274         4.2155533687        -2.6917393213
        2.7800029000         2.1800000000         1.2459555617         4.2078977363        -2.3593027002
        2.7850028000         2.1800000000         1.2408509080         4.1900345941        -2.4922773486
        2.7900015000         2.1800000000         1.2459555617         4.1951383490        -2.3593027002
        2.7950029000         2.1800000000         1.2357462543         4.1772752068        -2.6252519971
        2.8000025000         2.1800000000         1.2510602154         4.1747233293        -2.2263280517
        2.8050019000         2.1800000000         1.2382985811         4.1568601871        -2.5587646729
        2.8100013000         2.1800000000         1.2459555617         4.1441007998        -2.3593027002
        2.8150037000         2.1800000000         1.2382985811         4.1364451674        -2.5587646729
        2.8200024000         2.1800000000         1.2510602154         4.1389970449        -2.2263280517
        2.8250059000         2.1800000000         1.2485078886         4.1287895351        -2.2928153760
        2.8300036000         2.1800000000         1.2382985811         4.1083745154        -2.5587646729
        2.8350048000         2.1800000000         1.2459555617         4.1058226379        -2.3593027002
        2.8400035000         2.1800000000         1.2485078886         4.1007188830        -2.2928153760
        2.8450054000         2.1800000000         1.2459555617         4.0854076183        -2.3593027002
        2.8500041000         2.1800000000         1.2459555617         4.0803038633        -2.3593027002
        2.8550031000         2.1800000000         1.2510602154         4.0777519859        -2.2263280517
        2.8600016000         2.1800000000         1.2331939274         4.0547850888        -2.6917393213
        2.8650052000         2.1800000000         1.2408509080         4.0522332113        -2.4922773486
        2.8700023000         2.1800000000         1.2382985811         4.0343700691        -2.5587646729
        2.8750025000         2.1800000000         1.2382985811         4.0267144367        -2.5587646729
        2.8800028000         2.1800000000         1.2485078886         4.0216106818        -2.2928153760
        2.8850028000         2.1800000000         1.2331939274         4.0165069269        -2.6917393213
        2.8900014000         2.1800000000         1.2536125423         4.0165069269        -2.1598407275
        2.8950035000         2.1800000000         1.2510602154         4.0011956621        -2.2263280517
        2.9000023000         2.1800000000         1.2485078886         3.9884362748        -2.2928153760
        2.9050016000         2.1800000000         1.2459555617         3.9782287650        -2.3593027002
        2.9100013000         2.1800000000         1.2331939274         3.9654693777        -2.6917393213
        2.9150030000         2.1800000000         1.2408509080         3.9552618679        -2.4922773486
        2.9200016000         2.1800000000         1.2485078886         3.9527099904        -2.2928153760
        2.9250055000         2.1800000000         1.2357462543         3.9373987256        -2.6252519971
        2.9300040000         2.1800000000         1.2536125423         3.9348468482        -2.1598407275
        2.9350035000         2.1800000000         1.2510602154         3.9297430933        -2.2263280517
        2.9400016000         2.1800000000         1.2510602154         3.9220874609        -2.2263280517
        2.9450050000         2.1800000000         1.2434032349         3.9093280736        -2.4257900244
        2.9500032000         2.1800000000         1.2434032349         3.8991205638        -2.4257900244
        2.9550024000         2.1800000000         1.2434032349         3.8889130539        -2.4257900244
        2.9600020000         2.1800000000         1.2408509080         3.8812574215        -2.4922773486
        2.9650024000         2.1800000000         1.2485078886         3.8736017892        -2.2928153760
        2.9700028000         2.1800000000         1.2357462543         3.8608424019        -2.6252519971
        2.9750024000         2.1800000000         1.2459555617         3.8582905244        -2.3593027002
        2.9800027000         2.1800000000         1.2459555617         3.8480830146        -2.3593027002
        2.9850022000         2.1800000000         1.2536125423         3.8429792597        -2.1598407275
        2.9900013000         2.1800000000         1.2357462543         3.8225642400        -2.6252519971
        2.9950027000         2.1800000000         1.2357462543         3.8098048527        -2.6252519971
        3.0000014000         2.1800000000         1.2408509080         3.8047010978        -2.4922773486
        3.0050023000         2.1800000000         1.2408509080         3.7970454654        -2.4922773486
        3.0100015000         2.1800000000         1.2459555617         3.7868379556        -2.3593027002
        3.0150337000         2.1800000000         1.2280892737         3.7766304457        -2.8247139698
        3.0200031000         2.1800000000         1.2382985811         3.7715266908        -2.5587646729
        3.0250036000         2.1800000000         1.2408509080         3.7587673035        -2.4922773486
        3.0300030000         2.1800000000         1.2510602154         3.7511116711        -2.2263280517
        3.0350034000         2.1800000000         1.2255369469         3.7383522838        -2.8912012940
        3.0400014000         2.1800000000         1.2382985811         3.7306966515        -2.5587646729
        3.0450052000         2.1800000000         1.2434032349         3.7281447740        -2.4257900244
        3.0500032000         2.1800000000         1.2408509080         3.7102816318        -2.4922773486
        3.0550043000         2.1800000000         1.2408509080         3.7051778769        -2.4922773486
        3.0600025000         2.1800000000         1.2280892737         3.6847628572        -2.8247139698
        3.0650157000         2.1800000000         1.2306416006         3.6822109797        -2.7582266455
        3.0700024000         2.1800000000         1.2382985811         3.6668997150        -2.5587646729
        3.0750027000         2.1800000000         1.2382985811         3.6643478375        -2.5587646729
        3.0800027000         2.1800000000         1.2459555617         3.6490365728        -2.3593027002
        3.0850031000         2.1800000000         1.2434032349         3.6464846953        -2.4257900244
        3.0900023000         2.1800000000         1.2357462543         3.6286215531        -2.6252519971
        3.0951023000         2.1800000000         1.2434032349         3.6286215531        -2.4257900244
        3.1000422000         2.1800000000         1.2434032349         3.6184140433        -2.4257900244
        3.1050040000         2.1800000000         1.2306416006         3.5979990236        -2.7582266455
        3.1100019000         2.1800000000         1.2382985811         3.5928952687        -2.5587646729
        3.1150024000         2.1800000000         1.2434032349         3.5877915138        -2.4257900244
        3.1200020000         2.1800000000         1.2382985811         3.5801358814        -2.5587646729
        3.1250058000         2.1800000000         1.2382985811         3.5622727392        -2.5587646729
        3.1300051000         2.1800000000         1.2434032349         3.5597208617        -2.4257900244
        3.1350035000         2.1800000000         1.2408509080         3.5495133519        -2.4922773486
        3.1400048000         2.1800000000         1.2408509080         3.5342020871        -2.4922773486
        3.1450035000         2.1800000000         1.2357462543         3.5239945773        -2.6252519971
        3.1500015000         2.1800000000         1.2434032349         3.5214426998        -2.4257900244
        3.1550030000         2.1800000000         1.2459555617         3.5112351900        -2.3593027002
        3.1600021000         2.1800000000         1.2357462543         3.4933720478        -2.6252519971
        3.1650026000         2.1800000000         1.2408509080         3.4857164154        -2.4922773486
        3.1700023000         2.1800000000         1.2485078886         3.4806126605        -2.2928153760
        3.1750023000         2.1800000000         1.2357462543         3.4601976408        -2.6252519971
        3.1800318000         2.1800000000         1.2382985811         3.4525420084        -2.5587646729
        3.1850487000         2.1800000000         1.2408509080         3.4397826211        -2.4922773486
        3.1900029000         2.1800000000         1.2331939274         3.4295751113        -2.6917393213
        3.1950039000         2.1800000000         1.2434032349         3.4244713564        -2.4257900244
        3.2000030000         2.1800000000         1.2306416006         3.4117119691        -2.7582266455
        3.2050021000         2.1800000000         1.2382985811         3.4091600916        -2.5587646729
        3.2100016000         2.1800000000         1.2459555617         3.4040563367        -2.3593027002
        3.2150020000         2.1800000000         1.2485078886         3.3938488269        -2.2928153760
        3.2200056000         2.1800000000         1.2408509080         3.3810894396        -2.4922773486
        3.2250030000         2.1800000000         1.2434032349         3.3734338072        -2.4257900244
        3.2300033000         2.1800000000         1.2382985811         3.3555706650        -2.5587646729
        3.2350023000         2.1800000000         1.2382985811         3.3453631551        -2.5587646729
        3.2400035000         2.1800000000         1.2306416006         3.3377075228        -2.7582266455
        3.2450032000         2.1800000000         1.2357462543         3.3326037679        -2.6252519971
        3.2500034000         2.1800000000         1.2434032349         3.3300518904        -2.4257900244
        3.2550025000         2.1800000000         1.2357462543         3.3070849933        -2.6252519971
        3.2600145000         2.1800000000         1.2434032349         3.3121887482        -2.4257900244
        3.2650026000         2.1800000000         1.2280892737         3.2892218510        -2.8247139698
        3.2700026000         2.1800000000         1.2434032349         3.2841180961        -2.4257900244
        3.2750015000         2.1800000000         1.2434032349         3.2764624638        -2.4257900244
        3.2800041000         2.1800000000         1.2280892737         3.2688068314        -2.8247139698
        3.2850018000         2.1800000000         1.2382985811         3.2611511990        -2.5587646729
        3.2900024000         2.1800000000         1.2357462543         3.2458399342        -2.6252519971
        3.2950027000         2.1800000000         1.2357462543         3.2330805470        -2.6252519971
        3.3000025000         2.1800000000         1.2510602154         3.2356324244        -2.2263280517
        3.3050018000         2.1800000000         1.2408509080         3.2254249146        -2.4922773486
        3.3100028000         2.1800000000         1.2459555617         3.2126655273        -2.3593027002
        3.3150026000         2.1800000000         1.2408509080         3.1999061400        -2.4922773486
        3.3200057000         2.1800000000         1.2459555617         3.1973542625        -2.3593027002
        3.3250037000         2.1800000000         1.2434032349         3.1769392429        -2.4257900244
        3.3300028000         2.1800000000         1.2306416006         3.1590761006        -2.7582266455
        3.3350014000         2.1800000000         1.2459555617         3.1692836105        -2.3593027002
        3.3400031000         2.1800000000         1.2382985811         3.1514204683        -2.5587646729
        3.3450690000         2.1800000000         1.2434032349         3.1488685908        -2.4257900244
        3.3500048000         2.1800000000         1.2434032349         3.1412129584        -2.4257900244
        3.3550964000         2.1800000000         1.2382985811         3.1156941838        -2.5587646729
        3.3603440000         2.1800000000         1.2510602154         3.1182460613        -2.2263280517
        3.3650054000         2.1800000000         1.2485078886         3.1003829191        -2.2928153760
        3.3700037000         2.1800000000         1.2434032349         3.1029347965        -2.4257900244
        3.3750015000         2.1800000000         1.2408509080         3.0850716543        -2.4922773486
        3.3800033000         2.1800000000         1.2357462543         3.0774160220        -2.6252519971
        3.3850017000         2.1800000000         1.2331939274         3.0621047572        -2.6917393213
        3.3900023000         2.1800000000         1.2280892737         3.0518972474        -2.8247139698
        3.3950031000         2.1800000000         1.2357462543         3.0391378601        -2.6252519971
        3.4000025000         2.1800000000         1.2382985811         3.0340341051        -2.5587646729
        3.4050013000         2.1800000000         1.2382985811         3.0263784728        -2.5587646729
        3.4100036000         2.1800000000         1.2357462543         3.0187228404        -2.6252519971
        3.4150025000         2.1800000000         1.2434032349         3.0136190855        -2.4257900244
        3.4200040000         2.1800000000         1.2357462543         2.9957559433        -2.6252519971
        3.4250030000         2.1800000000         1.2459555617         2.9932040658        -2.3593027002
        3.4300031000         2.1800000000         1.2382985811         2.9855484334        -2.5587646729
        3.4350016000         2.1800000000         1.2382985811         2.9727890461        -2.5587646729
        3.4400052000         2.1800000000         1.2229846200         2.9549259039        -2.9576886182
        3.4450032000         2.1800000000         1.2382985811         2.9498221490        -2.5587646729
        3.4500038000         2.1800000000         1.2382985811         2.9345108842        -2.5587646729
        3.4550016000         2.1800000000         1.2382985811         2.9217514970        -2.5587646729
        3.4600031000         2.1800000000         1.2357462543         2.9217514970        -2.6252519971
        3.4650024000         2.1800000000         1.2408509080         2.9166477420        -2.4922773486
        3.4700037000         2.1800000000         1.2382985811         2.9038883547        -2.5587646729
        3.4750017000         2.1800000000         1.2434032349         2.8860252125        -2.4257900244
        3.4800046000         2.1800000000         1.2331939274         2.8758177027        -2.6917393213
        3.4850017000         2.1800000000         1.2485078886         2.8732658252        -2.2928153760
        3.4900022000         2.1800000000         1.2382985811         2.8630583154        -2.5587646729
        3.4950025000         2.1800000000         1.2306416006         2.8554026830        -2.7582266455
        3.5000026000         2.1800000000         1.2357462543         2.8451951732        -2.6252519971
        3.5050014000         2.1800000000         1.2306416006         2.8298839084        -2.7582266455
        3.5100037000         2.1800000000         1.2408509080         2.8324357859        -2.4922773486
        3.5150019000         2.1800000000         1.2306416006         2.8094688888        -2.7582266455
        3.5200025000         2.1800000000         1.2382985811         2.7992613789        -2.5587646729
        3.5250015000         2.1800000000         1.2510602154         2.7967095015        -2.2263280517
        3.5300050000         2.1800000000         1.2382985811         2.7890538691        -2.5587646729
        3.5350033000         2.1800000000         1.2408509080         2.7711907269        -2.4922773486
        3.5400034000         2.1800000000         1.2357462543         2.7609832170        -2.6252519971
        3.5450028000         2.1800000000         1.2408509080         2.7558794621        -2.4922773486
        3.5500027000         2.1800000000         1.2459555617         2.7431200748        -2.3593027002
        3.5550015000         2.1800000000         1.2331939274         2.7329125650        -2.6917393213
        3.5600038000         2.1800000000         1.2434032349         2.7303606875        -2.4257900244
        3.5650026000         2.1800000000         1.2434032349         2.7278088101        -2.4257900244
        3.5700050000         2.1800000000         1.2382985811         2.7048419129        -2.5587646729
        3.5750029000         2.1800000000         1.2434032349         2.7022900355        -2.4257900244
        3.5800037000         2.1800000000         1.2382985811         2.6946344031        -2.5587646729
        3.5850037000         2.1800000000         1.2510602154         2.6920825256        -2.2263280517
        3.5900026000         2.1800000000         1.2485078886         2.6793231383        -2.2928153760
        3.5950030000         2.1800000000         1.2510602154         2.6716675060        -2.2263280517
        3.6000049000         2.1800000000         1.2510602154         2.6614599961        -2.2263280517
        3.6050027000         2.1800000000         1.2408509080         2.6487006088        -2.4922773486
        3.6100039000         2.1800000000         1.2434032349         2.6384930990        -2.4257900244
        3.6150028000         2.1800000000         1.2357462543         2.6180780793        -2.6252519971
        3.6200028000         2.1800000000         1.2255369469         2.6129743244        -2.8912012940
        3.6250014000         2.1800000000         1.2408509080         2.6104224470        -2.4922773486
        3.6300028000         2.1800000000         1.2382985811         2.6002149371        -2.5587646729
        3.6350015000         2.1800000000         1.2434032349         2.5951111822        -2.4257900244
        3.6400025000         2.1800000000         1.2408509080         2.5823517949        -2.4922773486
        3.6450026000         2.1800000000         1.2306416006         2.5644886527        -2.7582266455
        3.6500074000         2.1800000000         1.2408509080         2.5568330203        -2.4922773486
        3.6550037000         2.1800000000         1.2357462543         2.5517292654        -2.6252519971
        3.6600043000         2.1800000000         1.2306416006         2.5364180006        -2.7582266455
        3.6650025000         2.1800000000         1.2434032349         2.5364180006        -2.4257900244
        3.6700024000         2.1800000000         1.2434032349         2.5287623683        -2.4257900244
        3.6750055000         2.1800000000         1.2382985811         2.5134511035        -2.5587646729
        3.6800055000         2.1800000000         1.2408509080         2.5057954711        -2.4922773486
        3.6850056000         2.1800000000         1.2485078886         2.4981398388        -2.2928153760
        3.6900461000         2.1800000000         1.2280892737         2.4726210642        -2.8247139698
        3.6950068000         2.1800000000         1.2382985811         2.4751729416        -2.5587646729
        3.7000056000         2.1800000000         1.2331939274         2.4624135543        -2.6917393213
        3.7050022000         2.1800000000         1.2459555617         2.4598616769        -2.3593027002
        3.7100059000         2.1800000000         1.2357462543         2.4368947797        -2.6252519971
        3.7150056000         2.1800000000         1.2229846200         2.4317910248        -2.9576886182
        3.7200047000         2.1800000000         1.2382985811         2.4215835150        -2.5587646729
        3.7250056000         2.1800000000         1.2382985811         2.4215835150        -2.5587646729
        3.7300040000         2.1800000000         1.2382985811         2.4011684953        -2.5587646729
        3.7350055000         2.1800000000         1.2382985811         2.3909609855        -2.5587646729
        3.7400057000         2.1800000000         1.2255369469         2.3756497207        -2.8912012940
        3.7451298000         2.1800000000         1.2434032349         2.3782015982        -2.4257900244
        3.7500041000         2.1800000000         1.2306416006         2.3577865785        -2.7582266455
        3.7550060000         2.1800000000         1.2459555617         2.3603384560        -2.3593027002
        3.7601396000         2.1800000000         1.2485078886         2.3475790687        -2.2928153760
        3.7650057000         2.1800000000         1.2280892737         2.3322678039        -2.8247139698
        3.7700038000         2.1800000000         1.2229846200         2.3169565392        -2.9576886182
        3.7750059000         2.1800000000         1.2306416006         2.3041971519        -2.7582266455
        3.7800184000         2.1800000000         1.2306416006         2.2965415195        -2.7582266455
        3.7850046000         2.1800000000         1.2331939274         2.2990933970        -2.6917393213
        3.7900942000         2.1800000000         1.2280892737         2.2735746224        -2.8247139698
        3.7950052000         2.1800000000         1.2280892737         2.2684708674        -2.8247139698
        3.8000048000         2.1800000000         1.2280892737         2.2608152351        -2.8247139698
        3.8050044000         2.1800000000         1.2408509080         2.2531596027        -2.4922773486
        3.8100040000         2.1800000000         1.2255369469         2.2429520929        -2.8912012940
        3.8150033000         2.1800000000         1.2408509080         2.2378483379        -2.4922773486
        3.8200048000         2.1800000000         1.2510602154         2.2276408281        -2.2263280517
        3.8250026000         2.1800000000         1.2331939274         2.2123295633        -2.6917393213
        3.8300040000         2.1800000000         1.2306416006         2.1970182986        -2.7582266455
        3.8350030000         2.1800000000         1.2408509080         2.1868107888        -2.4922773486
        3.8400046000         2.1800000000         1.2229846200         2.1766032789        -2.9576886182
        3.8450041000         2.1800000000         1.2280892737         2.1638438916        -2.8247139698
        3.8500043000         2.1800000000         1.2280892737         2.1536363818        -2.8247139698
        3.8550040000         2.1800000000         1.2331939274         2.1434288720        -2.6917393213
        3.8600096000         2.1800000000         1.2306416006         2.1408769945        -2.7582266455
        3.8650045000         2.1800000000         1.2357462543         2.1306694847        -2.6252519971
        3.8700070000         2.1800000000         1.2306416006         2.1281176072        -2.7582266455
        3.8750045000         2.1800000000         1.2382985811         2.1153582199        -2.5587646729
        3.8800640000         2.1800000000         1.2229846200         2.0949432002        -2.9576886182
        3.8850049000         2.1800000000         1.2331939274         2.0872875679        -2.6917393213
        3.8900046000         2.1800000000         1.2382985811         2.0796319355        -2.5587646729
        3.8950060000         2.1800000000         1.2408509080         2.0719763031        -2.4922773486
        3.9000040000         2.1800000000         1.2306416006         2.0592169158        -2.7582266455
        3.9050033000         2.1800000000         1.2408509080         2.0541131609        -2.4922773486
        3.9100034000         2.1800000000         1.2434032349         2.0464575285        -2.4257900244
        3.9150025000         2.1800000000         1.2408509080         2.0311462638        -2.4922773486
        3.9200023000         2.1800000000         1.2382985811         2.0260425088        -2.5587646729
        3.9250022000         2.1800000000         1.2536125423         2.0158349990        -2.1598407275
        3.9300029000         2.1800000000         1.2434032349         2.0056274892        -2.4257900244
        3.9350030000         2.1800000000         1.2408509080         2.0005237343        -2.4922773486
        3.9400016000         2.1800000000         1.2357462543         1.9801087146        -2.6252519971
        3.9450028000         2.1800000000         1.2357462543         1.9699012047        -2.6252519971
        3.9500015000         2.1800000000         1.2331939274         1.9545899400        -2.6917393213
        3.9550028000         2.1800000000         1.2204322931         1.9469343076        -3.0241759425
        3.9600032000         2.1800000000         1.2357462543         1.9418305527        -2.6252519971
        3.9650028000         2.1800000000         1.2331939274         1.9316230429        -2.6917393213
        3.9700020000         2.1800000000         1.2459555617         1.9265192879        -2.3593027002
        3.9750063000         2.1800000000         1.2331939274         1.9061042683        -2.6917393213
        3.9800043000         2.1800000000         1.2229846200         1.8907930035        -2.9576886182
        3.9850026000         2.1800000000         1.2331939274         1.8882411261        -2.6917393213
        3.9900024000         2.1800000000         1.2331939274         1.8831373711        -2.6917393213
        3.9950030000         2.1800000000         1.2408509080         1.8754817388        -2.4922773486
