% Motor Sweep Step 105/180
% Vcmd       = 3.1500 [V]
% Direction  = CW
% Zone       = OUTER
% Vg_offset  = 1.336155 [V]
% K_gimbal   = 26.049690 [(rad/s)/V]

Time[s]              Vcmd[V]              Vg_raw[V]            Pot[V]               Omega[rad/s]
        0.0000135000         3.1500000000         1.3429439823         5.0117391359         0.1768562824
        0.0050089000         3.1500000000         1.3378393285         5.0040835035         0.0438816340
        0.0100104000         3.1500000000         1.3378393285         5.0091872584         0.0438816340
        0.0150087000         3.1500000000         1.3429439823         5.0091872584         0.1768562824
        0.0200955000         3.1500000000         1.3403916554         5.0040835035         0.1103689582
        0.0250058000         3.1500000000         1.4526940371         4.9913241162         3.0358112242
        0.0301999000         3.1500000000         1.4629033445         1.1124703785         3.3017605211
        0.0350744000         3.1500000000         1.4297230954         1.1150222560         2.4374253062
        0.0402136000         3.1500000000         1.4552463639         1.1124703785         3.1022985484
        0.0450045000         3.1500000000         1.5011882474         1.1022628687         4.2990703845
        0.0500042000         3.1500000000         1.4577986908         1.1048147461         3.1687858726
        0.0550061000         3.1500000000         1.4960835936         0.0100593162         4.1660957360
        0.0600335000         3.1500000000         1.4909789399         0.0024036839         4.0331210876
        0.0652927000         3.1500000000         1.4705603251        -0.0052519485         3.5012224938
        0.0700044000         3.1500000000         1.4986359205         0.0024036839         4.2325830603
        0.0750054000         3.1500000000         1.5165022085        -0.0052519485         4.6979943299
        0.0802023000         3.1500000000         1.5062929011        -0.0027000711         4.4320450330
        0.0850053000         3.1500000000         1.5088452279         0.0075074388         4.4985323572
        0.0900068000         3.1500000000         1.5113975548         0.0100593162         4.5650196814
        0.0950092000         3.1500000000         1.5037405742         0.0279224584         4.3655577087
        0.1000959000         3.1500000000         1.5165022085         0.0457856007         4.6979943299
        0.1050057000         3.1500000000         1.5267115159         0.0687524978         4.9639436268
        0.1100107000         3.1500000000         1.5241591891         0.0840637625         4.8974563025
        0.1150543000         3.1500000000         1.5292638428         0.1019269048         5.0304309510
        0.1200065000         3.1500000000         1.5190545354         0.1223419244         4.7644816541
        0.1250082000         3.1500000000         1.5343684965         0.1427569441         5.1634055994
        0.1300076000         3.1500000000         1.5190545354         0.1580682088         4.7644816541
        0.1350094000         3.1500000000         1.5369208233         0.1759313511         5.2298929237
        0.1400085000         3.1500000000         1.5343684965         0.2040020031         5.1634055994
        0.1450075000         3.1500000000         1.5471301308         0.2244170228         5.4958422206
        0.1500250000         3.1500000000         1.5292638428         0.2397282875         5.0304309510
        0.1550072000         3.1500000000         1.5394731502         0.2677989396         5.2963802479
        0.1600140000         3.1500000000         1.5445778039         0.2907658367         5.4293548964
        0.1650059000         3.1500000000         1.5420254771         0.3060771015         5.3628675721
        0.1700190000         3.1500000000         1.5394731502         0.3290439986         5.2963802479
        0.1750089000         3.1500000000         1.5547871113         0.3545627732         5.6953041933
        0.1800075000         3.1500000000         1.5496824576         0.3826334252         5.5623295448
        0.1850070000         3.1500000000         1.5547871113         0.4004965675         5.6953041933
        0.1902510000         3.1500000000         1.5547871113         0.4209115871         5.6953041933
        0.1950360000         3.1500000000         1.5726533993         0.4515341166         6.1607154628
        0.2000058000         3.1500000000         1.5496824576         0.4719491363         5.5623295448
        0.2050088000         3.1500000000         1.5573394382         0.4898122785         5.7617915175
        0.2100093000         3.1500000000         1.5547871113         0.5076754207         5.6953041933
        0.2150071000         3.1500000000         1.5547871113         0.5280904404         5.6953041933
        0.2200733000         3.1500000000         1.5777580530         0.5663686023         6.2936901113
        0.2250057000         3.1500000000         1.5649964188         0.5842317445         5.9612534902
        0.2300167000         3.1500000000         1.5675487456         0.6123023966         6.0277408144
        0.2350098000         3.1500000000         1.5726533993         0.6276136613         6.1607154628
        0.2400078000         3.1500000000         1.5803103799         0.6582361908         6.3601774355
        0.2450255000         3.1500000000         1.5726533993         0.6812030879         6.1607154628
        0.2502141000         3.1500000000         1.5573394382         0.6939624752         5.7617915175
        0.2550123000         3.1500000000         1.5803103799         0.7245850047         6.3601774355
        0.2600106000         3.1500000000         1.5649964188         0.7424481470         5.9612534902
        0.2650154000         3.1500000000         1.5675487456         0.7756225539         6.0277408144
        0.2700099000         3.1500000000         1.5905196873         0.8011413285         6.6261267324
        0.2750105000         3.1500000000         1.5701010725         0.8215563482         6.0942281386
        0.2801030000         3.1500000000         1.5956243410         0.8521788777         6.7591013809
        0.2850067000         3.1500000000         1.5828627068         0.8700420199         6.4266647598
        0.2900070000         3.1500000000         1.5803103799         0.8904570396         6.3601774355
        0.2950072000         3.1500000000         1.5930720142         0.9287352015         6.6926140567
        0.3000832000         3.1500000000         1.5803103799         0.9440464662         6.3601774355
        0.3050077000         3.1500000000         1.5803103799         0.9695652408         6.3601774355
        0.3100096000         3.1500000000         1.5752057262         0.9899802605         6.2272027871
        0.3150060000         3.1500000000         1.5879673605         1.0129471576         6.5596394082
        0.3200063000         3.1500000000         1.5879673605         1.0461215646         6.5596394082
        0.3250094000         3.1500000000         1.5726533993         1.0690884617         6.1607154628
        0.3300076000         3.1500000000         1.5981766679         1.1048147461         6.8255887051
        0.3350031000         3.1500000000         1.5854150336         1.1201260109         6.4931520840
        0.3400104000         3.1500000000         1.5803103799         1.1430929080         6.3601774355
        0.3450060000         3.1500000000         1.5879673605         1.1635079277         6.5596394082
        0.3500095000         3.1500000000         1.5803103799         1.1941304572         6.3601774355
        0.3550072000         3.1500000000         1.5803103799         1.2170973543         6.3601774355
        0.3600097000         3.1500000000         1.5956243410         1.2477198838         6.7591013809
        0.3650101000         3.1500000000         1.5752057262         1.2655830261         6.2272027871
        0.3700103000         3.1500000000         1.5777580530         1.2911018006         6.2936901113
        0.3750054000         3.1500000000         1.5879673605         1.3115168203         6.5596394082
        0.3800058000         3.1500000000         1.5854150336         1.3446912273         6.4931520840
        0.3850071000         3.1500000000         1.5828627068         1.3651062470         6.4266647598
        0.3900093000         3.1500000000         1.5726533993         1.3829693892         6.1607154628
        0.3950061000         3.1500000000         1.5752057262         1.4059362863         6.2272027871
        0.4000300000         3.1500000000         1.5879673605         1.4365588158         6.5596394082
        0.4050091000         3.1500000000         1.5930720142         1.4671813453         6.6926140567
        0.4100043000         3.1500000000         1.5879673605         1.4927001199         6.5596394082
        0.4150072000         3.1500000000         1.5803103799         1.5054595072         6.3601774355
        0.4200357000         3.1500000000         1.5726533993         1.5284264043         6.1607154628
        0.4250109000         3.1500000000         1.5752057262         1.5539451789         6.2272027871
        0.4300054000         3.1500000000         1.5803103799         1.5820158310         6.3601774355
        0.4350064000         3.1500000000         1.5879673605         1.6100864830         6.5596394082
        0.4400779000         3.1500000000         1.5777580530         1.6279496252         6.2936901113
        0.4450059000         3.1500000000         1.5879673605         1.6611240322         6.5596394082
        0.4500095000         3.1500000000         1.5854150336         1.6789871744         6.4931520840
        0.4550105000         3.1500000000         1.5879673605         1.7045059490         6.5596394082
        0.4600054000         3.1500000000         1.5752057262         1.7223690912         6.2272027871
        0.4650062000         3.1500000000         1.5726533993         1.7453359884         6.1607154628
        0.4700060000         3.1500000000         1.5905196873         1.7759585179         6.6261267324
        0.4750077000         3.1500000000         1.6007289948         1.8040291699         6.8920760293
        0.4800071000         3.1500000000         1.5777580530         1.8193404347         6.2936901113
        0.4850057000         3.1500000000         1.5675487456         1.8448592093         6.0277408144
        0.4900057000         3.1500000000         1.5803103799         1.8678261064         6.3601774355
        0.4950049000         3.1500000000         1.5828627068         1.8958967584         6.4266647598
        0.5000683000         3.1500000000         1.5905196873         1.9265192879         6.6261267324
        0.5050078000         3.1500000000         1.5752057262         1.9418305527         6.2272027871
        0.5100063000         3.1500000000         1.5752057262         1.9622455724         6.2272027871
        0.5153095000         3.1500000000         1.5777580530         1.9903162244         6.2936901113
        0.5200056000         3.1500000000         1.5828627068         2.0107312441         6.4266647598
        0.5252113000         3.1500000000         1.5828627068         2.0439056511         6.4266647598
        0.5300069000         3.1500000000         1.5879673605         2.0694244256         6.5596394082
        0.5352449000         3.1500000000         1.5879673605         2.0923913228         6.5596394082
        0.5400127000         3.1500000000         1.6007289948         2.1230138523         6.8920760293
        0.5451669000         3.1500000000         1.5803103799         2.1459807494         6.3601774355
        0.5500099000         3.1500000000         1.5879673605         2.1663957691         6.5596394082
        0.5550066000         3.1500000000         1.5854150336         2.1868107888         6.4931520840
        0.5600111000         3.1500000000         1.5879673605         2.2174333183         6.5596394082
        0.5650798000         3.1500000000         1.5828627068         2.2429520929         6.4266647598
        0.5700067000         3.1500000000         1.5854150336         2.2684708674         6.4931520840
        0.5750348000         3.1500000000         1.5828627068         2.2939896420         6.4266647598
        0.5800101000         3.1500000000         1.5930720142         2.3246121715         6.6926140567
        0.5850094000         3.1500000000         1.6007289948         2.3501309461         6.8920760293
        0.5900076000         3.1500000000         1.5828627068         2.3782015982         6.4266647598
        0.5950109000         3.1500000000         1.5956243410         2.3909609855         6.7591013809
        0.6000062000         3.1500000000         1.5854150336         2.4164797601         6.4931520840
        0.6050092000         3.1500000000         1.5777580530         2.4471022896         6.2936901113
        0.6100097000         3.1500000000         1.5930720142         2.4649654318         6.6926140567
        0.6150071000         3.1500000000         1.5777580530         2.4879323289         6.2936901113
        0.6200065000         3.1500000000         1.5905196873         2.5262104908         6.6261267324
        0.6251400000         3.1500000000         1.5930720142         2.5491773879         6.6926140567
        0.6300062000         3.1500000000         1.5905196873         2.5695924076         6.6261267324
        0.6350095000         3.1500000000         1.5905196873         2.6027668146         6.6261267324
        0.6402153000         3.1500000000         1.5675487456         2.6206299568         6.0277408144
        0.6451214000         3.1500000000         1.5854150336         2.6487006088         6.4931520840
        0.6500113000         3.1500000000         1.6032813216         2.6742193834         6.9585633536
        0.6550107000         3.1500000000         1.5879673605         2.6971862806         6.5596394082
        0.6600824000         3.1500000000         1.5879673605         2.7176013002         6.5596394082
        0.6650092000         3.1500000000         1.5828627068         2.7431200748         6.4266647598
        0.6700358000         3.1500000000         1.5956243410         2.7737426043         6.7591013809
        0.6750055000         3.1500000000         1.5905196873         2.7992613789         6.6261267324
        0.6800089000         3.1500000000         1.5905196873         2.8273320310         6.6261267324
        0.6850097000         3.1500000000         1.6032813216         2.8579545605         6.9585633536
        0.6900092000         3.1500000000         1.6007289948         2.8809214576         6.8920760293
        0.6950065000         3.1500000000         1.5905196873         2.8962327224         6.6261267324
        0.7000097000         3.1500000000         1.5905196873         2.9217514970         6.6261267324
        0.7050061000         3.1500000000         1.5905196873         2.9523740265         6.6261267324
        0.7100096000         3.1500000000         1.5930720142         2.9778928011         6.6926140567
        0.7150065000         3.1500000000         1.6083859753         3.0059634531         7.0915380020
        0.7200098000         3.1500000000         1.6058336485         3.0365859826         7.0250506778
        0.7250054000         3.1500000000         1.6007289948         3.0621047572         6.8920760293
        0.7300095000         3.1500000000         1.6083859753         3.0876235318         7.0915380020
        0.7350055000         3.1500000000         1.5956243410         3.1080385515         6.7591013809
        0.7400100000         3.1500000000         1.5956243410         3.1361092035         6.7591013809
        0.7450065000         3.1500000000         1.5981766679         3.1565242232         6.8255887051
        0.7500099000         3.1500000000         1.6007289948         3.1871467527         6.8920760293
        0.7550063000         3.1500000000         1.5981766679         3.2126655273         6.8255887051
        0.7619695000         3.1500000000         1.6032813216         3.2483918117         6.9585633536
        0.7655682000         3.1500000000         1.6032813216         3.2688068314         6.9585633536
        0.7700363000         3.1500000000         1.5956243410         3.2968774834         6.7591013809
        0.7750097000         3.1500000000         1.6083859753         3.3223962580         7.0915380020
        0.7800555000         3.1500000000         1.6007289948         3.3428112777         6.8920760293
        0.7850465000         3.1500000000         1.6058336485         3.3759856847         7.0250506778
        0.7900318000         3.1500000000         1.6032813216         3.4066082142         6.9585633536
        0.7950334000         3.1500000000         1.5981766679         3.4168157240         6.8255887051
        0.8000330000         3.1500000000         1.5905196873         3.4474382535         6.6261267324
        0.8050054000         3.1500000000         1.5956243410         3.4729570281         6.7591013809
        0.8101115000         3.1500000000         1.5956243410         3.5010276801         6.7591013809
        0.8150069000         3.1500000000         1.6083859753         3.5393058420         7.0915380020
        0.8200061000         3.1500000000         1.6083859753         3.5648246166         7.0915380020
        0.8250113000         3.1500000000         1.6032813216         3.5852396363         6.9585633536
        0.8300104000         3.1500000000         1.5930720142         3.6082065334         6.6926140567
        0.8350171000         3.1500000000         1.5905196873         3.6311734306         6.6261267324
        0.8400105000         3.1500000000         1.6083859753         3.6643478375         7.0915380020
        0.8450123000         3.1500000000         1.6109383022         3.6975222445         7.1580253262
        0.8500071000         3.1500000000         1.6007289948         3.7255928965         6.8920760293
        0.8550241000         3.1500000000         1.5956243410         3.7434560388         6.7591013809
        0.8601164000         3.1500000000         1.5956243410         3.7638710584         6.7591013809
        0.8650418000         3.1500000000         1.5905196873         3.7944935879         6.6261267324
        0.8700070000         3.1500000000         1.5879673605         3.8174604851         6.5596394082
        0.8751014000         3.1500000000         1.5956243410         3.8429792597         6.7591013809
        0.8801060000         3.1500000000         1.5981766679         3.8787055441         6.8255887051
        0.8850054000         3.1500000000         1.5905196873         3.8914649314         6.6261267324
        0.8900269000         3.1500000000         1.5930720142         3.9195355834         6.6926140567
        0.8950073000         3.1500000000         1.5981766679         3.9527099904         6.8255887051
        0.9000092000         3.1500000000         1.6007289948         3.9782287650         6.8920760293
        0.9050075000         3.1500000000         1.5879673605         3.9986437847         6.5596394082
        0.9100076000         3.1500000000         1.5905196873         4.0267144367         6.6261267324
        0.9150094000         3.1500000000         1.5930720142         4.0522332113         6.6926140567
        0.9200065000         3.1500000000         1.6032813216         4.0828557408         6.9585633536
        0.9250096000         3.1500000000         1.5956243410         4.1083745154         6.7591013809
        0.9300102000         3.1500000000         1.6058336485         4.1364451674         7.0250506778
        0.9350098000         3.1500000000         1.6185952828         4.1696195744         7.3574872989
        0.9400101000         3.1500000000         1.6032813216         4.1925864715         6.9585633536
        0.9450101000         3.1500000000         1.5956243410         4.2104496138         6.7591013809
        0.9500047000         3.1500000000         1.5905196873         4.2359683883         6.6261267324
        0.9550103000         3.1500000000         1.6007289948         4.2614871629         6.8920760293
        0.9600072000         3.1500000000         1.6007289948         4.2946615699         6.8920760293
        0.9650115000         3.1500000000         1.5930720142         4.3227322219         6.6926140567
        0.9700065000         3.1500000000         1.6058336485         4.3482509965         7.0250506778
        0.9750087000         3.1500000000         1.6083859753         4.3814254035         7.0915380020
        0.9800098000         3.1500000000         1.6211476096         4.4094960556         7.4239746232
        0.9850076000         3.1500000000         1.6083859753         4.4350148301         7.0915380020
        0.9900092000         3.1500000000         1.6083859753         4.4605336047         7.0915380020
        0.9950058000         3.1500000000         1.6109383022         4.4860523793         7.1580253262
        1.0000038000         3.1500000000         1.6032813216         4.5141230314         6.9585633536
        1.0050061000         3.1500000000         1.5956243410         4.5370899285         6.7591013809
        1.0100096000         3.1500000000         1.6058336485         4.5651605806         7.0250506778
        1.0150041000         3.1500000000         1.6032813216         4.5932312326         6.9585633536
        1.0200034000         3.1500000000         1.6058336485         4.6264056396         7.0250506778
        1.0250057000         3.1500000000         1.6058336485         4.6544762916         7.0250506778
        1.0300109000         3.1500000000         1.6134906290         4.6902025760         7.2245126505
        1.0350098000         3.1500000000         1.6134906290         4.7157213506         7.2245126505
        1.0400062000         3.1500000000         1.6032813216         4.7386882478         6.9585633536
        1.0450049000         3.1500000000         1.6058336485         4.7616551449         7.0250506778
        1.0500048000         3.1500000000         1.6007289948         4.7948295519         6.8920760293
        1.0550084000         3.1500000000         1.6109383022         4.8305558363         7.1580253262
        1.0600064000         3.1500000000         1.6185952828         4.8560746109         7.3574872989
        1.0650044000         3.1500000000         1.6058336485         4.8790415080         7.0250506778
        1.0700088000         3.1500000000         1.5956243410         4.9045602826         6.7591013809
        1.0750087000         3.1500000000         1.5930720142         4.9351828121         6.6926140567
        1.0800060000         3.1500000000         1.6134906290         4.9683572191         7.2245126505
        1.0850042000         3.1500000000         1.5854150336         4.9862203613         6.4931520840
        1.0900068000         3.1500000000         1.6109383022         5.0117391359         7.1580253262
        1.0950033000         3.1500000000         1.5981766679         5.0015316260         6.8255887051
        1.1000067000         3.1500000000         1.6058336485         5.0117391359         7.0250506778
        1.1050079000         3.1500000000         1.6058336485         5.0040835035         7.0250506778
        1.1100074000         3.1500000000         1.6134906290         4.9938759937         7.2245126505
        1.1150084000         3.1500000000         1.6007289948         1.0997109912         6.8920760293
        1.1200056000         3.1500000000         1.5930720142         1.0997109912         6.6926140567
        1.1250140000         3.1500000000         1.6211476096         0.0075074388         7.4239746232
        1.1300037000         3.1500000000         1.5930720142        -0.0001481936         6.6926140567
        1.1350080000         3.1500000000         1.6058336485         0.0024036839         7.0250506778
        1.1400077000         3.1500000000         1.6083859753         0.0049555613         7.0915380020
        1.1450056000         3.1500000000         1.6109383022         0.0202668261         7.1580253262
        1.1500065000         3.1500000000         1.6262522633         0.0432337232         7.5569492716
        1.1550063000         3.1500000000         1.6134906290         0.0713043752         7.2245126505
        1.1600066000         3.1500000000         1.5981766679         0.0917193949         6.8255887051
        1.1650066000         3.1500000000         1.6032813216         0.1197900470         6.9585633536
        1.1700050000         3.1500000000         1.6032813216         0.1478606990         6.9585633536
        1.1750076000         3.1500000000         1.6007289948         0.1759313511         6.8920760293
        1.1800085000         3.1500000000         1.6058336485         0.2014501257         7.0250506778
        1.1850398000         3.1500000000         1.5905196873         0.2269689002         6.6261267324
        1.1900181000         3.1500000000         1.5930720142         0.2550395523         6.6926140567
        1.1950049000         3.1500000000         1.6007289948         0.2805583269         6.8920760293
        1.2000418000         3.1500000000         1.6058336485         0.3162846113         7.0250506778
        1.2050184000         3.1500000000         1.6058336485         0.3418033859         7.0250506778
        1.2100052000         3.1500000000         1.6109383022         0.3698740379         7.1580253262
        1.2150102000         3.1500000000         1.6083859753         0.4030484449         7.0915380020
        1.2200082000         3.1500000000         1.6160429559         0.4311190970         7.2909999747
        1.2250083000         3.1500000000         1.6109383022         0.4591897490         7.1580253262
        1.2300064000         3.1500000000         1.5981766679         0.4847085236         6.8255887051
        1.2350737000         3.1500000000         1.6134906290         0.5076754207         7.2245126505
        1.2400031000         3.1500000000         1.5956243410         0.5306423179         6.7591013809
        1.2450107000         3.1500000000         1.6058336485         0.5612648474         7.0250506778
        1.2500095000         3.1500000000         1.6007289948         0.5842317445         6.8920760293
        1.2550058000         3.1500000000         1.6007289948         0.6174061515         6.8920760293
        1.2600568000         3.1500000000         1.5930720142         0.6378211711         6.6926140567
        1.2650046000         3.1500000000         1.6185952828         0.6760993330         7.3574872989
        1.2700047000         3.1500000000         1.6007289948         0.6990662302         6.8920760293
        1.2750057000         3.1500000000         1.6160429559         0.7296887597         7.2909999747
        1.2800074000         3.1500000000         1.5930720142         0.7501037793         6.6926140567
        1.2850100000         3.1500000000         1.6007289948         0.7807263088         6.8920760293
        1.2900351000         3.1500000000         1.6032813216         0.8036932060         6.9585633536
        1.2950082000         3.1500000000         1.6007289948         0.8343157355         6.8920760293
        1.3000502000         3.1500000000         1.6032813216         0.8598345101         6.9585633536
        1.3050381000         3.1500000000         1.6134906290         0.8955607945         7.2245126505
        1.3100071000         3.1500000000         1.5981766679         0.9185276916         6.8255887051
        1.3150047000         3.1500000000         1.6007289948         0.9517020986         6.8920760293
        1.3200203000         3.1500000000         1.6160429559         0.9746689957         7.2909999747
        1.3250075000         3.1500000000         1.5777580530         0.9950840154         6.2936901113
        1.3300062000         3.1500000000         1.5956243410         1.0231546675         6.7591013809
        1.3350068000         3.1500000000         1.6032813216         1.0461215646         6.9585633536
        1.3400063000         3.1500000000         1.5905196873         1.0716403392         6.6261267324
        1.3450064000         3.1500000000         1.6109383022         1.1022628687         7.1580253262
        1.3500090000         3.1500000000         1.6007289948         1.1354372756         6.8920760293
        1.3550078000         3.1500000000         1.5981766679         1.1533004179         6.8255887051
        1.3600617000         3.1500000000         1.6058336485         1.1813710699         7.0250506778
        1.3650071000         3.1500000000         1.5981766679         1.2094417220         6.8255887051
        1.3700243000         3.1500000000         1.6109383022         1.2400642515         7.1580253262
        1.3750064000         3.1500000000         1.5930720142         1.2604792711         6.6926140567
        1.3800079000         3.1500000000         1.5930720142         1.2885499232         6.6926140567
        1.3850040000         3.1500000000         1.6185952828         1.3191724527         7.3574872989
        1.3900209000         3.1500000000         1.5981766679         1.3370355949         6.8255887051
        1.3950042000         3.1500000000         1.6058336485         1.3702100019         7.0250506778
        1.4000445000         3.1500000000         1.6058336485         1.3982806539         7.0250506778
        1.4050065000         3.1500000000         1.6032813216         1.4161437961         6.9585633536
        1.4100095000         3.1500000000         1.6007289948         1.4340069384         6.8920760293
        1.4150053000         3.1500000000         1.5981766679         1.4646294679         6.8255887051
        1.4200193000         3.1500000000         1.5905196873         1.4875963650         6.6261267324
        1.4250054000         3.1500000000         1.6007289948         1.5207707720         6.8920760293
        1.4300071000         3.1500000000         1.6032813216         1.5539451789         6.9585633536
        1.4350047000         3.1500000000         1.5981766679         1.5718083211         6.8255887051
        1.4400048000         3.1500000000         1.6058336485         1.5973270957         7.0250506778
        1.4450054000         3.1500000000         1.5981766679         1.6305015027         6.8255887051
        1.4500078000         3.1500000000         1.5956243410         1.6483646449         6.7591013809
        1.4550051000         3.1500000000         1.6083859753         1.6764352970         7.0915380020
        1.4600070000         3.1500000000         1.6007289948         1.7070578265         6.8920760293
        1.4650045000         3.1500000000         1.5981766679         1.7274728461         6.8255887051
        1.4700109000         3.1500000000         1.6007289948         1.7529916207         6.8920760293
        1.4750098000         3.1500000000         1.5981766679         1.7785103953         6.8255887051
        1.4800600000         3.1500000000         1.6007289948         1.8040291699         6.8920760293
        1.4850060000         3.1500000000         1.5905196873         1.8218923121         6.6261267324
        1.4900056000         3.1500000000         1.5879673605         1.8550667191         6.5596394082
        1.4950098000         3.1500000000         1.6007289948         1.8729298613         6.8920760293
        1.5000419000         3.1500000000         1.5879673605         1.8984486359         6.5596394082
        1.5050100000         3.1500000000         1.5905196873         1.9239674105         6.6261267324
        1.5100225000         3.1500000000         1.5905196873         1.9545899400         6.6261267324
        1.5150098000         3.1500000000         1.5905196873         1.9750049597         6.6261267324
        1.5200100000         3.1500000000         1.5879673605         2.0030756117         6.5596394082
        1.5250099000         3.1500000000         1.5905196873         2.0336981412         6.6261267324
        1.5300099000         3.1500000000         1.5879673605         2.0541131609         6.5596394082
        1.5350055000         3.1500000000         1.5726533993         2.0796319355         6.1607154628
        1.5400102000         3.1500000000         1.5981766679         2.1128063424         6.8255887051
        1.5450102000         3.1500000000         1.5956243410         2.1408769945         6.7591013809
        1.5500112000         3.1500000000         1.5905196873         2.1561882593         6.6261267324
        1.5550078000         3.1500000000         1.5930720142         2.1868107888         6.6926140567
        1.5600055000         3.1500000000         1.5930720142         2.2123295633         6.6926140567
        1.5650075000         3.1500000000         1.5956243410         2.2404002154         6.7591013809
        1.5700085000         3.1500000000         1.6083859753         2.2735746224         7.0915380020
        1.5750054000         3.1500000000         1.5930720142         2.2939896420         6.6926140567
        1.5800028000         3.1500000000         1.5879673605         2.3067490293         6.5596394082
        1.5850061000         3.1500000000         1.5930720142         2.3399234363         6.6926140567
        1.5900056000         3.1500000000         1.5930720142         2.3654422109         6.6926140567
        1.5950097000         3.1500000000         1.5905196873         2.3909609855         6.6261267324
        1.6000071000         3.1500000000         1.5930720142         2.4164797601         6.6926140567
        1.6050086000         3.1500000000         1.5854150336         2.4445504121         6.4931520840
        1.6100101000         3.1500000000         1.6109383022         2.4726210642         7.1580253262
        1.6150086000         3.1500000000         1.6058336485         2.5032435937         7.0250506778
        1.6200067000         3.1500000000         1.5905196873         2.5262104908         6.6261267324
        1.6250063000         3.1500000000         1.5956243410         2.5415217556         6.7591013809
        1.6300037000         3.1500000000         1.5956243410         2.5721442851         6.7591013809
        1.6350104000         3.1500000000         1.6058336485         2.6053186920         7.0250506778
        1.6400063000         3.1500000000         1.6032813216         2.6282855892         6.9585633536
        1.6450039000         3.1500000000         1.5930720142         2.6435968539         6.6926140567
        1.6500057000         3.1500000000         1.5905196873         2.6767712609         6.6261267324
        1.6550113000         3.1500000000         1.6185952828         2.7022900355         7.3574872989
        1.6600097000         3.1500000000         1.5956243410         2.7252569326         6.7591013809
        1.6650066000         3.1500000000         1.6109383022         2.7609832170         7.1580253262
        1.6700101000         3.1500000000         1.6134906290         2.7890538691         7.2245126505
        1.6750052000         3.1500000000         1.5879673605         2.8069170113         6.5596394082
        1.6800098000         3.1500000000         1.5981766679         2.8324357859         6.8255887051
        1.6850070000         3.1500000000         1.6134906290         2.8605064379         7.2245126505
        1.6900096000         3.1500000000         1.6007289948         2.8885770900         6.8920760293
        1.6950070000         3.1500000000         1.5930720142         2.9089921097         6.6926140567
        1.7000094000         3.1500000000         1.6007289948         2.9370627617         6.8920760293
        1.7050065000         3.1500000000         1.5981766679         2.9676852912         6.8255887051
        1.7100098000         3.1500000000         1.6160429559         2.9983078207         7.2909999747
        1.7150054000         3.1500000000         1.6058336485         3.0212747179         7.0250506778
        1.7200099000         3.1500000000         1.6032813216         3.0518972474         6.9585633536
        1.7250062000         3.1500000000         1.6160429559         3.0799678994         7.2909999747
        1.7300100000         3.1500000000         1.6211476096         3.1105904289         7.4239746232
        1.7350056000         3.1500000000         1.5956243410         3.1233498162         6.7591013809
        1.7400097000         3.1500000000         1.6160429559         3.1514204683         7.2909999747
        1.7450070000         3.1500000000         1.6007289948         3.1794911203         6.8920760293
        1.7500101000         3.1500000000         1.5930720142         3.1999061400         6.6926140567
        1.7550097000         3.1500000000         1.5956243410         3.2279767920         6.7591013809
        1.7600104000         3.1500000000         1.5930720142         3.2611511990         6.6926140567
        1.7650051000         3.1500000000         1.6007289948         3.2815662187         6.8920760293
        1.7700100000         3.1500000000         1.5981766679         3.3121887482         6.8255887051
        1.7750072000         3.1500000000         1.6083859753         3.3453631551         7.0915380020
        1.7800100000         3.1500000000         1.6032813216         3.3708819297         6.9585633536
        1.7850058000         3.1500000000         1.6007289948         3.3912969494         6.8920760293
        1.7900106000         3.1500000000         1.6007289948         3.4142638465         6.8920760293
        1.7950070000         3.1500000000         1.5981766679         3.4397826211         6.8255887051
        1.8000154000         3.1500000000         1.6032813216         3.4729570281         6.9585633536
        1.8050135000         3.1500000000         1.5956243410         3.4933720478         6.7591013809
        1.8100187000         3.1500000000         1.6007289948         3.5290983322         6.8920760293
        1.8150074000         3.1500000000         1.6083859753         3.5495133519         7.0915380020
        1.8200177000         3.1500000000         1.5828627068         3.5775840039         6.4266647598
        1.8250059000         3.1500000000         1.5879673605         3.5954471461         6.5596394082
        1.8300101000         3.1500000000         1.5930720142         3.6260696756         6.6926140567
        1.8350118000         3.1500000000         1.6083859753         3.6566922051         7.0915380020
        1.8400118000         3.1500000000         1.6109383022         3.6898666121         7.1580253262
        1.8450705000         3.1500000000         1.6007289948         3.7077297543         6.8920760293
        1.8500065000         3.1500000000         1.5981766679         3.7358004064         6.8255887051
        1.8550103000         3.1500000000         1.5905196873         3.7536635486         6.6261267324
        1.8600078000         3.1500000000         1.6058336485         3.7893898330         7.0250506778
        1.8650163000         3.1500000000         1.6007289948         3.8123567301         6.8920760293
        1.8700077000         3.1500000000         1.6134906290         3.8429792597         7.2245126505
        1.8750049000         3.1500000000         1.6032813216         3.8736017892         6.9585633536
        1.8800064000         3.1500000000         1.6058336485         3.8914649314         7.0250506778
        1.8850143000         3.1500000000         1.6083859753         3.9195355834         7.0915380020
        1.8900110000         3.1500000000         1.6134906290         3.9552618679         7.2245126505
        1.8950101000         3.1500000000         1.6032813216         3.9731250101         6.9585633536
        1.9000100000         3.1500000000         1.5981766679         3.9960919072         6.8255887051
        1.9050110000         3.1500000000         1.6058336485         4.0267144367         7.0250506778
        1.9100099000         3.1500000000         1.6007289948         4.0471294564         6.8920760293
        1.9150854000         3.1500000000         1.6134906290         4.0828557408         7.2245126505
        1.9200074000         3.1500000000         1.6007289948         4.1007188830         6.8920760293
        1.9250088000         3.1500000000         1.6083859753         4.1364451674         7.0915380020
        1.9300097000         3.1500000000         1.6134906290         4.1619639420         7.2245126505
        1.9350099000         3.1500000000         1.5981766679         4.1849308392         6.8255887051
        1.9400053000         3.1500000000         1.6134906290         4.2181052461         7.2245126505
        1.9450096000         3.1500000000         1.6032813216         4.2461758982         6.9585633536
        1.9500065000         3.1500000000         1.6134906290         4.2742465502         7.2245126505
        1.9550097000         3.1500000000         1.6032813216         4.3048690797         6.9585633536
        1.9600053000         3.1500000000         1.6109383022         4.3354916092         7.1580253262
        1.9650100000         3.1500000000         1.5956243410         4.3584585064         6.7591013809
        1.9700063000         3.1500000000         1.6058336485         4.3890810359         7.0250506778
        1.9750126000         3.1500000000         1.6083859753         4.4069441781         7.0915380020
        1.9800105000         3.1500000000         1.5956243410         4.4375667076         6.7591013809
        1.9850099000         3.1500000000         1.6058336485         4.4630854822         7.0250506778
        1.9900099000         3.1500000000         1.5879673605         4.4835005019         6.5596394082
        1.9950096000         3.1500000000         1.6032813216         4.5090192765         6.9585633536
        2.0000069000         3.1500000000         1.5930720142         4.5370899285         6.6926140567
        2.0050098000         3.1500000000         1.5930720142         4.5702643355         6.6926140567
        2.0100105000         3.1500000000         1.6007289948         4.6008868650         6.8920760293
        2.0150169000         3.1500000000         1.5956243410         4.6264056396         6.7591013809
        2.0200127000         3.1500000000         1.6083859753         4.6595800465         7.0915380020
        2.0250111000         3.1500000000         1.6032813216         4.6902025760         6.9585633536
        2.0300062000         3.1500000000         1.6058336485         4.7106175957         7.0250506778
        2.0350183000         3.1500000000         1.5803103799         4.7386882478         6.3601774355
        2.0400086000         3.1500000000         1.6109383022         4.7642070224         7.1580253262
        2.0450193000         3.1500000000         1.5905196873         4.7871739195         6.6261267324
        2.0500076000         3.1500000000         1.5905196873         4.8152445715         6.6261267324
        2.0550162000         3.1500000000         1.5981766679         4.8407633461         6.8255887051
        2.0600078000         3.1500000000         1.6007289948         4.8713858756         6.8920760293
        2.0650194000         3.1500000000         1.6007289948         4.8969046502         6.8920760293
        2.0700104000         3.1500000000         1.5981766679         4.9351828121         6.8255887051
        2.0750114000         3.1500000000         1.6058336485         4.9607015867         7.0250506778
        2.0800104000         3.1500000000         1.6058336485         4.9913241162         7.0250506778
        2.0850173000         3.1500000000         1.6007289948         5.0040835035         6.8920760293
        2.0900099000         3.1500000000         1.6058336485         5.0066353810         7.0250506778
        2.0950105000         3.1500000000         1.5905196873         5.0015316260         6.6261267324
        2.1000028000         3.1500000000         1.6058336485         5.0091872584         7.0250506778
        2.1050094000         3.1500000000         1.6007289948         4.9964278711         6.8920760293
        2.1100084000         3.1500000000         1.5905196873         1.1124703785         6.6261267324
        2.1150100000         3.1500000000         1.5930720142         1.1022628687         6.6926140567
        2.1200064000         3.1500000000         1.6083859753         0.0075074388         7.0915380020
        2.1250098000         3.1500000000         1.5956243410         0.0049555613         6.7591013809
        2.1300102000         3.1500000000         1.6083859753         0.0024036839         7.0915380020
        2.1350100000         3.1500000000         1.6007289948         0.0075074388         6.8920760293
        2.1400096000         3.1500000000         1.6007289948        -0.0001481936         6.8920760293
        2.1450100000         3.1500000000         1.6058336485         0.0253705810         7.0250506778
        2.1500067000         3.1500000000         1.5981766679         0.0483374781         6.8255887051
        2.1550108000         3.1500000000         1.6032813216         0.0815118851         6.9585633536
        2.1600086000         3.1500000000         1.5930720142         0.1044787822         6.6926140567
        2.1650127000         3.1500000000         1.6058336485         0.1376531892         7.0250506778
        2.1700060000         3.1500000000         1.6007289948         0.1682757187         6.8920760293
        2.1750101000         3.1500000000         1.5930720142         0.1861388609         6.6926140567
        2.1800096000         3.1500000000         1.6109383022         0.2269689002         7.1580253262
        2.1850106000         3.1500000000         1.6058336485         0.2473839199         7.0250506778
        2.1900100000         3.1500000000         1.6058336485         0.2805583269         7.0250506778
        2.1950096000         3.1500000000         1.6058336485         0.3086289789         7.0250506778
        2.2000062000         3.1500000000         1.5956243410         0.3264921211         6.7591013809
        2.2050103000         3.1500000000         1.6007289948         0.3571146507         6.8920760293
        2.2100087000         3.1500000000         1.5930720142         0.3826334252         6.6926140567
        2.2150103000         3.1500000000         1.5930720142         0.4030484449         6.6926140567
        2.2200292000         3.1500000000         1.6007289948         0.4311190970         6.8920760293
        2.2250051000         3.1500000000         1.5905196873         0.4642935039         6.6261267324
        2.2300091000         3.1500000000         1.5930720142         0.4898122785         6.6926140567
        2.2350054000         3.1500000000         1.6083859753         0.5153310531         7.0915380020
        2.2400100000         3.1500000000         1.5879673605         0.5459535826         6.5596394082
        2.2450053000         3.1500000000         1.5956243410         0.5689204797         6.7591013809
        2.2500096000         3.1500000000         1.6083859753         0.5893354994         7.0915380020
        2.2550056000         3.1500000000         1.5854150336         0.6174061515         6.4931520840
        2.2600133000         3.1500000000         1.5956243410         0.6505805584         6.7591013809
        2.2650087000         3.1500000000         1.6083859753         0.6760993330         7.0915380020
        2.2700096000         3.1500000000         1.6007289948         0.7067218625         6.8920760293
        2.2750058000         3.1500000000         1.6134906290         0.7347925146         7.2245126505
        2.2800099000         3.1500000000         1.6083859753         0.7628631666         7.0915380020
        2.2850068000         3.1500000000         1.5981766679         0.7832781863         6.8255887051
        2.2900104000         3.1500000000         1.6109383022         0.8113488384         7.1580253262
        2.2950069000         3.1500000000         1.6032813216         0.8368676129         6.9585633536
        2.3000183000         3.1500000000         1.6058336485         0.8674901425         7.0250506778
        2.3050100000         3.1500000000         1.6109383022         0.8955607945         7.1580253262
        2.3100187000         3.1500000000         1.5981766679         0.9287352015         6.8255887051
        2.3150166000         3.1500000000         1.5956243410         0.9414945888         6.7591013809
        2.3200156000         3.1500000000         1.6083859753         0.9797727506         7.0915380020
        2.3250093000         3.1500000000         1.6083859753         1.0052915252         7.0915380020
        2.3300126000         3.1500000000         1.6007289948         1.0206027900         6.8920760293
        2.3350085000         3.1500000000         1.6007289948         1.0537771970         6.8920760293
        2.3400104000         3.1500000000         1.6109383022         1.0869516039         7.1580253262
        2.3450083000         3.1500000000         1.6109383022         1.0997109912         7.1580253262
        2.3500147000         3.1500000000         1.5930720142         1.1328853982         6.6926140567
        2.3550081000         3.1500000000         1.6160429559         1.1686116826         7.2909999747
        2.3600033000         3.1500000000         1.6058336485         1.1864748248         7.0250506778
        2.3650044000         3.1500000000         1.5981766679         1.2068898445         6.8255887051
        2.3700098000         3.1500000000         1.6083859753         1.2375123740         7.0915380020
        2.3750073000         3.1500000000         1.6007289948         1.2655830261         6.8920760293
        2.3800116000         3.1500000000         1.6058336485         1.2911018006         7.0250506778
        2.3850105000         3.1500000000         1.6134906290         1.3242762076         7.2245126505
        2.3900097000         3.1500000000         1.6083859753         1.3523468597         7.0915380020
        2.3950107000         3.1500000000         1.6083859753         1.3778656343         7.0915380020
        2.4000139000         3.1500000000         1.6007289948         1.3906250215         6.8920760293
        2.4050113000         3.1500000000         1.5879673605         1.4212475511         6.5596394082
        2.4100100000         3.1500000000         1.6083859753         1.4467663256         7.0915380020
        2.4150085000         3.1500000000         1.6032813216         1.4850444875         6.9585633536
        2.4200107000         3.1500000000         1.5981766679         1.5054595072         6.8255887051
        2.4250061000         3.1500000000         1.6007289948         1.5258745269         6.8920760293
        2.4300108000         3.1500000000         1.6007289948         1.5590489338         6.8920760293
        2.4350059000         3.1500000000         1.5981766679         1.5743601986         6.8255887051
        2.4400103000         3.1500000000         1.5956243410         1.6075346056         6.7591013809
        2.4450074000         3.1500000000         1.5905196873         1.6305015027         6.6261267324
        2.4500097000         3.1500000000         1.6032813216         1.6611240322         6.9585633536
        2.4550112000         3.1500000000         1.5930720142         1.6866428068         6.6926140567
        2.4600096000         3.1500000000         1.6083859753         1.7198172138         7.0915380020
        2.4650104000         3.1500000000         1.5905196873         1.7402322334         6.6261267324
        2.4700109000         3.1500000000         1.6007289948         1.7734066404         6.8920760293
        2.4750091000         3.1500000000         1.6032813216         1.7938216601         6.9585633536
        2.4800104000         3.1500000000         1.6058336485         1.8193404347         7.0250506778
        2.4850067000         3.1500000000         1.5956243410         1.8372035769         6.7591013809
        2.4900094000         3.1500000000         1.5981766679         1.8652742289         6.8255887051
        2.4950086000         3.1500000000         1.5930720142         1.8907930035         6.6926140567
        2.5000101000         3.1500000000         1.5879673605         1.9112080232         6.5596394082
        2.5050070000         3.1500000000         1.5930720142         1.9316230429         6.6926140567
        2.5100101000         3.1500000000         1.5956243410         1.9673493273         6.7591013809
        2.5151358000         3.1500000000         1.5981766679         1.9928681019         6.8255887051
        2.5200075000         3.1500000000         1.5981766679         2.0234906314         6.8255887051
        2.5250098000         3.1500000000         1.5981766679         2.0464575285         6.8255887051
        2.5300102000         3.1500000000         1.5879673605         2.0668725482         6.5596394082
        2.5350114000         3.1500000000         1.5905196873         2.0898394453         6.6261267324
        2.5400132000         3.1500000000         1.6007289948         2.1230138523         6.8920760293
        2.5450104000         3.1500000000         1.5930720142         2.1459807494         6.6926140567
        2.5500066000         3.1500000000         1.6083859753         2.1791551564         7.0915380020
        2.5550102000         3.1500000000         1.5981766679         2.1995701761         6.8255887051
        2.5600085000         3.1500000000         1.5981766679         2.2276408281         6.8255887051
        2.5650135000         3.1500000000         1.6032813216         2.2531596027         6.9585633536
        2.5700081000         3.1500000000         1.5930720142         2.2761264998         6.6926140567
        2.5750061000         3.1500000000         1.6007289948         2.3067490293         6.8920760293
        2.5800081000         3.1500000000         1.6032813216         2.3348196814         6.9585633536
        2.5850097000         3.1500000000         1.5956243410         2.3603384560         6.7591013809
        2.5900052000         3.1500000000         1.6032813216         2.3833053531         6.9585633536
        2.5950097000         3.1500000000         1.6083859753         2.4139278826         7.0915380020
        2.6000064000         3.1500000000         1.5854150336         2.4317910248         6.4931520840
        2.6050097000         3.1500000000         1.6083859753         2.4598616769         7.0915380020
        2.6100056000         3.1500000000         1.6007289948         2.4904842064         6.8920760293
        2.6150101000         3.1500000000         1.6058336485         2.5236586133         7.0250506778
        2.6200054000         3.1500000000         1.6032813216         2.5440736330         6.9585633536
        2.6250094000         3.1500000000         1.5981766679         2.5695924076         6.8255887051
        2.6300107000         3.1500000000         1.5930720142         2.6002149371         6.6926140567
        2.6350102000         3.1500000000         1.6083859753         2.6308374666         7.0915380020
        2.6400103000         3.1500000000         1.5930720142         2.6461487314         6.6926140567
        2.6450099000         3.1500000000         1.5879673605         2.6691156285         6.5596394082
        2.6500082000         3.1500000000         1.6058336485         2.6971862806         7.0250506778
        2.6550104000         3.1500000000         1.6032813216         2.7354644424         6.9585633536
        2.6600071000         3.1500000000         1.5981766679         2.7533275847         6.8255887051
        2.6650115000         3.1500000000         1.6032813216         2.7813982367         6.9585633536
        2.6700058000         3.1500000000         1.5828627068         2.7992613789         6.4266647598
        2.6750106000         3.1500000000         1.5905196873         2.8273320310         6.6261267324
        2.6800055000         3.1500000000         1.6058336485         2.8605064379         7.0250506778
        2.6850107000         3.1500000000         1.6032813216         2.8860252125         6.9585633536
        2.6900055000         3.1500000000         1.5930720142         2.9115439871         6.6926140567
        2.6950168000         3.1500000000         1.6058336485         2.9447183941         7.0250506778
        2.7000066000         3.1500000000         1.5956243410         2.9702371687         6.7591013809
        2.7050110000         3.1500000000         1.6109383022         2.9932040658         7.1580253262
        2.7100111000         3.1500000000         1.5956243410         3.0085153306         6.7591013809
        2.7150051000         3.1500000000         1.6007289948         3.0467934924         6.8920760293
        2.7200070000         3.1500000000         1.6007289948         3.0595528797         6.8920760293
        2.7250079000         3.1500000000         1.6032813216         3.0952791642         6.9585633536
        2.7300083000         3.1500000000         1.5879673605         3.1207979388         6.5596394082
        2.7350090000         3.1500000000         1.6109383022         3.1463167133         7.1580253262
        2.7400084000         3.1500000000         1.6109383022         3.1794911203         7.1580253262
        2.7450096000         3.1500000000         1.6109383022         3.2075617724         7.1580253262
        2.7500106000         3.1500000000         1.6160429559         3.2330805470         7.2909999747
        2.7550094000         3.1500000000         1.6007289948         3.2560474441         6.8920760293
        2.7600070000         3.1500000000         1.6058336485         3.2815662187         7.0250506778
        2.7650103000         3.1500000000         1.5956243410         3.2994293609         6.7591013809
        2.7700246000         3.1500000000         1.6058336485         3.3326037679         7.0250506778
        2.7750107000         3.1500000000         1.6007289948         3.3606744199         6.8920760293
        2.7800098000         3.1500000000         1.6134906290         3.3861931945         7.2245126505
        2.7850110000         3.1500000000         1.6032813216         3.4142638465         6.9585633536
        2.7900093000         3.1500000000         1.6109383022         3.4397826211         7.1580253262
        2.7950104000         3.1500000000         1.5981766679         3.4653013957         6.8255887051
        2.8000106000         3.1500000000         1.6007289948         3.4933720478         6.8920760293
        2.8050076000         3.1500000000         1.6134906290         3.5290983322         7.2245126505
        2.8100133000         3.1500000000         1.6211476096         3.5571689842         7.4239746232
        2.8150058000         3.1500000000         1.6058336485         3.5750321265         7.0250506778
        2.8200106000         3.1500000000         1.5930720142         3.5954471461         6.6926140567
        2.8250065000         3.1500000000         1.6007289948         3.6209659207         6.8920760293
        2.8300138000         3.1500000000         1.6134906290         3.6592440826         7.2245126505
        2.8350074000         3.1500000000         1.6134906290         3.6898666121         7.2245126505
        2.8400105000         3.1500000000         1.6134906290         3.7128335092         7.2245126505
        2.8450072000         3.1500000000         1.6007289948         3.7409041613         6.8920760293
        2.8500100000         3.1500000000         1.6058336485         3.7587673035         7.0250506778
        2.8550075000         3.1500000000         1.6083859753         3.7944935879         7.0915380020
        2.8600107000         3.1500000000         1.6134906290         3.8251161174         7.2245126505
        2.8650067000         3.1500000000         1.6134906290         3.8455311371         7.2245126505
        2.8700108000         3.1500000000         1.6160429559         3.8812574215         7.2909999747
        2.8750071000         3.1500000000         1.6083859753         3.9016724412         7.0915380020
        2.8800115000         3.1500000000         1.6083859753         3.9297430933         7.0915380020
        2.8850122000         3.1500000000         1.6083859753         3.9629175002         7.0915380020
        2.8900111000         3.1500000000         1.6083859753         3.9858843974         7.0915380020
        2.8950065000         3.1500000000         1.5956243410         4.0088512945         6.7591013809
        2.9000082000         3.1500000000         1.6007289948         4.0318181916         6.8920760293
        2.9050075000         3.1500000000         1.6109383022         4.0598888437         7.1580253262
        2.9100082000         3.1500000000         1.6058336485         4.0905113732         7.0250506778
        2.9150066000         3.1500000000         1.6007289948         4.1185820252         6.8920760293
        2.9200110000         3.1500000000         1.6007289948         4.1364451674         6.8920760293
        2.9250102000         3.1500000000         1.5956243410         4.1645158195         6.7591013809
        2.9300097000         3.1500000000         1.5956243410         4.1900345941         6.7591013809
        2.9350054000         3.1500000000         1.6058336485         4.2232090010         7.0250506778
        2.9400104000         3.1500000000         1.6007289948         4.2512796531         6.8920760293
        2.9450075000         3.1500000000         1.6058336485         4.2793503051         7.0250506778
        2.9500095000         3.1500000000         1.6007289948         4.3125247121         6.8920760293
        2.9550070000         3.1500000000         1.6109383022         4.3405953642         7.1580253262
        2.9600096000         3.1500000000         1.5981766679         4.3584585064         6.8255887051
        2.9650067000         3.1500000000         1.6058336485         4.3865291584         7.0250506778
        2.9700098000         3.1500000000         1.6007289948         4.4145998105         6.8920760293
        2.9750062000         3.1500000000         1.6058336485         4.4426704625         7.0250506778
        2.9800097000         3.1500000000         1.6007289948         4.4656373597         6.8920760293
        2.9850069000         3.1500000000         1.6007289948         4.4962598892         6.8920760293
        2.9900105000         3.1500000000         1.6134906290         4.5268824187         7.2245126505
        2.9950066000         3.1500000000         1.6109383022         4.5575049482         7.1580253262
        3.0000101000         3.1500000000         1.6109383022         4.5855756002         7.1580253262
        3.0050071000         3.1500000000         1.6007289948         4.6059906199         6.8920760293
        3.0100124000         3.1500000000         1.6058336485         4.6340612719         7.0250506778
        3.0150049000         3.1500000000         1.6083859753         4.6621319240         7.0915380020
        3.0200103000         3.1500000000         1.5956243410         4.6825469437         6.7591013809
        3.0250075000         3.1500000000         1.6032813216         4.7157213506         6.9585633536
        3.0300104000         3.1500000000         1.5930720142         4.7412401252         6.6926140567
        3.0350108000         3.1500000000         1.6058336485         4.7718626547         7.0250506778
        3.0400089000         3.1500000000         1.6083859753         4.7999333068         7.0915380020
        3.0450068000         3.1500000000         1.6032813216         4.8331077137         6.9585633536
        3.0500098000         3.1500000000         1.6160429559         4.8662821207         7.2909999747
        3.0550098000         3.1500000000         1.6134906290         4.8943527728         7.2245126505
        3.0600106000         3.1500000000         1.6134906290         4.9224234248         7.2245126505
        3.0650073000         3.1500000000         1.6007289948         4.9453903219         6.8920760293
        3.0700099000         3.1500000000         1.6083859753         4.9734609740         7.0915380020
        3.0750097000         3.1500000000         1.6058336485         4.9964278711         7.0250506778
        3.0800108000         3.1500000000         1.6032813216         5.0015316260         6.9585633536
        3.0850059000         3.1500000000         1.5956243410         4.9989797486         6.7591013809
        3.0900084000         3.1500000000         1.6007289948         5.0066353810         6.8920760293
        3.0950053000         3.1500000000         1.6032813216         5.0066353810         6.9585633536
        3.1000101000         3.1500000000         1.6083859753         1.1099185011         7.0915380020
        3.1050075000         3.1500000000         1.6007289948         1.1201260109         6.8920760293
        3.1100070000         3.1500000000         1.6083859753         0.0151630711         7.0915380020
        3.1151178000         3.1500000000         1.6109383022         0.0049555613         7.1580253262
        3.1200102000         3.1500000000         1.5981766679         0.0075074388         6.8255887051
        3.1250033000         3.1500000000         1.5956243410         0.0024036839         6.7591013809
        3.1300087000         3.1500000000         1.6007289948        -0.0001481936         6.8920760293
        3.1354530000         3.1500000000         1.5956243410         0.0228187035         6.7591013809
        3.1400094000         3.1500000000         1.5828627068         0.0432337232         6.4266647598
        3.1451484000         3.1500000000         1.6083859753         0.0738562527         7.0915380020
        3.1500100000         3.1500000000         1.5930720142         0.0968231498         6.6926140567
        3.1550098000         3.1500000000         1.6109383022         0.1299975568         7.1580253262
        3.1600104000         3.1500000000         1.6058336485         0.1580682088         7.0250506778
        3.1650056000         3.1500000000         1.5956243410         0.1784832285         6.7591013809
        3.1700101000         3.1500000000         1.5981766679         0.2065538806         6.8255887051
        3.1750059000         3.1500000000         1.5981766679         0.2346245326         6.8255887051
        3.1800102000         3.1500000000         1.5981766679         0.2575914298         6.8255887051
        3.1851783000         3.1500000000         1.6083859753         0.2958695916         7.0915380020
        3.1900102000         3.1500000000         1.6007289948         0.3213883662         6.8920760293
        3.1950043000         3.1500000000         1.6058336485         0.3494590183         7.0250506778
        3.2000099000         3.1500000000         1.6134906290         0.3775296703         7.2245126505
        3.2050709000         3.1500000000         1.5956243410         0.4030484449         6.7591013809
        3.2100053000         3.1500000000         1.6083859753         0.4234634646         7.0915380020
        3.2150041000         3.1500000000         1.6058336485         0.4515341166         7.0250506778
        3.2200096000         3.1500000000         1.5879673605         0.4719491363         6.5596394082
        3.2250044000         3.1500000000         1.6083859753         0.5051235433         7.0915380020
        3.2300103000         3.1500000000         1.5905196873         0.5280904404         6.6261267324
        3.2350096000         3.1500000000         1.6109383022         0.5612648474         7.1580253262
        3.2400077000         3.1500000000         1.6109383022         0.5893354994         7.1580253262
        3.2450103000         3.1500000000         1.6032813216         0.6174061515         6.9585633536
        3.2500051000         3.1500000000         1.6109383022         0.6480286810         7.1580253262
        3.2550095000         3.1500000000         1.6185952828         0.6735474556         7.3574872989
        3.2600070000         3.1500000000         1.6007289948         0.6990662302         6.8920760293
        3.2650101000         3.1500000000         1.6211476096         0.7322406371         7.4239746232
        3.2700055000         3.1500000000         1.6058336485         0.7475519019         7.0250506778
        3.2750117000         3.1500000000         1.5956243410         0.7807263088         6.7591013809
        3.2800112000         3.1500000000         1.6109383022         0.8011413285         7.1580253262
        3.2850156000         3.1500000000         1.6032813216         0.8292119806         6.9585633536
        3.2900065000         3.1500000000         1.6083859753         0.8623863875         7.0915380020
        3.2950161000         3.1500000000         1.6134906290         0.8930089170         7.2245126505
        3.3000119000         3.1500000000         1.5956243410         0.9134239367         6.7591013809
        3.3050116000         3.1500000000         1.6032813216         0.9414945888         6.9585633536
        3.3100096000         3.1500000000         1.6083859753         0.9670133634         7.0915380020
        3.3150171000         3.1500000000         1.6032813216         0.9950840154         6.9585633536
        3.3200093000         3.1500000000         1.6058336485         1.0231546675         7.0250506778
        3.3250101000         3.1500000000         1.6109383022         1.0588809519         7.1580253262
        3.3300080000         3.1500000000         1.6236999365         1.0946072363         7.4904619474
        3.3350101000         3.1500000000         1.6058336485         1.1073666236         7.0250506778
        3.3400070000         3.1500000000         1.5930720142         1.1328853982         6.6926140567
        3.3450100000         3.1500000000         1.6109383022         1.1660598052         7.1580253262
        3.3500144000         3.1500000000         1.6058336485         1.1915785797         7.0250506778
        3.3550128000         3.1500000000         1.6083859753         1.2196492318         7.0915380020
        3.3600152000         3.1500000000         1.6058336485         1.2451680064         7.0250506778
        3.3650128000         3.1500000000         1.5981766679         1.2655830261         6.8255887051
        3.3700809000         3.1500000000         1.6083859753         1.3013093105         7.0915380020
        3.3750081000         3.1500000000         1.6109383022         1.3268280851         7.1580253262
        3.3800049000         3.1500000000         1.6083859753         1.3574506146         7.0915380020
        3.3850103000         3.1500000000         1.6083859753         1.3829693892         7.0915380020
        3.3900051000         3.1500000000         1.6109383022         1.4033844088         7.1580253262
        3.3950092000         3.1500000000         1.6007289948         1.4237994285         6.8920760293
        3.4000097000         3.1500000000         1.6109383022         1.4595257129         7.1580253262
        3.4050082000         3.1500000000         1.6058336485         1.4850444875         7.0250506778
        3.4100096000         3.1500000000         1.6007289948         1.5105632621         6.8920760293
        3.4152098000         3.1500000000         1.6109383022         1.5386339142         7.1580253262
        3.4200060000         3.1500000000         1.6007289948         1.5616008113         6.8920760293
        3.4250100000         3.1500000000         1.5879673605         1.5871195859         6.5596394082
        3.4300094000         3.1500000000         1.6160429559         1.6228458703         7.2909999747
        3.4350095000         3.1500000000         1.6109383022         1.6509165224         7.1580253262
        3.4400093000         3.1500000000         1.6058336485         1.6713315420         7.0250506778
        3.4450090000         3.1500000000         1.6109383022         1.6994021941         7.1580253262
        3.4500052000         3.1500000000         1.6058336485         1.7274728461         7.0250506778
        3.4550096000         3.1500000000         1.6160429559         1.7504397433         7.2909999747
        3.4600087000         3.1500000000         1.6007289948         1.7785103953         6.8920760293
        3.4650120000         3.1500000000         1.6058336485         1.7989254150         7.0250506778
        3.4700274000         3.1500000000         1.6007289948         1.8244441896         6.8920760293
        3.4750106000         3.1500000000         1.5879673605         1.8499629642         6.5596394082
        3.4800095000         3.1500000000         1.6083859753         1.8831373711         7.0915380020
        3.4850188000         3.1500000000         1.6083859753         1.9137599006         7.0915380020
        3.4900090000         3.1500000000         1.6134906290         1.9418305527         7.2245126505
        3.4950188000         3.1500000000         1.5777580530         1.9622455724         6.2936901113
        3.5000091000         3.1500000000         1.6007289948         1.9877643470         6.8920760293
        3.5050149000         3.1500000000         1.5981766679         2.0081793666         6.8255887051
        3.5100099000         3.1500000000         1.6058336485         2.0439056511         7.0250506778
        3.5150191000         3.1500000000         1.5956243410         2.0694244256         6.7591013809
        3.5200140000         3.1500000000         1.6083859753         2.1000469552         7.0915380020
        3.5250091000         3.1500000000         1.6058336485         2.1204619748         7.0250506778
        3.5300112000         3.1500000000         1.5956243410         2.1485326269         6.7591013809
        3.5350190000         3.1500000000         1.6058336485         2.1740514015         7.0250506778
        3.5400088000         3.1500000000         1.5956243410         2.1995701761         6.7591013809
        3.5450190000         3.1500000000         1.6032813216         2.2301927056         6.9585633536
        3.5500110000         3.1500000000         1.6083859753         2.2557114802         7.0915380020
        3.5550159000         3.1500000000         1.6032813216         2.2837821322         6.9585633536
        3.5600070000         3.1500000000         1.5956243410         2.3041971519         6.7591013809
        3.5650197000         3.1500000000         1.5981766679         2.3297159265         6.8255887051
        3.5700119000         3.1500000000         1.5981766679         2.3552347011         6.8255887051
        3.5750163000         3.1500000000         1.5905196873         2.3807534756         6.6261267324
        3.5800119000         3.1500000000         1.6058336485         2.4088241277         7.0250506778
        3.5850110000         3.1500000000         1.5930720142         2.4419985347         6.6926140567
        3.5900087000         3.1500000000         1.6007289948         2.4649654318         6.8920760293
        3.5950265000         3.1500000000         1.6109383022         2.4930360838         7.1580253262
        3.6000105000         3.1500000000         1.5879673605         2.5108992261         6.5596394082
        3.6050170000         3.1500000000         1.5930720142         2.5338661232         6.6926140567
        3.6100134000         3.1500000000         1.5905196873         2.5568330203         6.6261267324
        3.6150179000         3.1500000000         1.5956243410         2.5900074273         6.7591013809
        3.6208886000         3.1500000000         1.6058336485         2.6206299568         7.0250506778
        3.6250111000         3.1500000000         1.6032813216         2.6384930990         6.9585633536
        3.6300096000         3.1500000000         1.5879673605         2.6640118736         6.5596394082
        3.6350097000         3.1500000000         1.5905196873         2.6869787707         6.6261267324
        3.6400109000         3.1500000000         1.6083859753         2.7227050552         7.0915380020
        3.6477368000         3.1500000000         1.6032813216         2.7686388494         6.9585633536
        3.6536658000         3.1500000000         1.5981766679         2.7865019916         6.8255887051
        3.6550062000         3.1500000000         1.5930720142         2.7967095015         6.6926140567
        3.6600107000         3.1500000000         1.6032813216         2.8324357859         6.9585633536
        3.6650159000         3.1500000000         1.6083859753         2.8528508056         7.0915380020
        3.6700358000         3.1500000000         1.5981766679         2.8732658252         6.8255887051
        3.6750111000         3.1500000000         1.5930720142         2.8987845998         6.6926140567
        3.6800083000         3.1500000000         1.6134906290         2.9345108842         7.2245126505
        3.6850054000         3.1500000000         1.5930720142         2.9523740265         6.6926140567
        3.6900082000         3.1500000000         1.6083859753         2.9829965560         7.0915380020
        3.6950065000         3.1500000000         1.6109383022         3.0136190855         7.1580253262
        3.7000090000         3.1500000000         1.5930720142         3.0340341051         6.6926140567
        3.7050096000         3.1500000000         1.6109383022         3.0595528797         7.1580253262
        3.7100094000         3.1500000000         1.6109383022         3.0978310416         7.1580253262
        3.7150094000         3.1500000000         1.6007289948         3.1233498162         6.8920760293
        3.7200920000         3.1500000000         1.6211476096         3.1514204683         7.4239746232
        3.7250100000         3.1500000000         1.6185952828         3.1845948752         7.3574872989
        3.7300080000         3.1500000000         1.6134906290         3.2050098949         7.2245126505
        3.7350072000         3.1500000000         1.6109383022         3.2356324244         7.1580253262
        3.7400064000         3.1500000000         1.6032813216         3.2534955666         6.9585633536
        3.7450071000         3.1500000000         1.6109383022         3.2866699736         7.1580253262
        3.7500073000         3.1500000000         1.6185952828         3.3198443806         7.3574872989
        3.7550106000         3.1500000000         1.6211476096         3.3479150326         7.4239746232
        3.7600114000         3.1500000000         1.6007289948         3.3708819297         6.8920760293
        3.7650108000         3.1500000000         1.6083859753         3.3964007043         7.0915380020
        3.7700073000         3.1500000000         1.6083859753         3.4244713564         7.0915380020
        3.7750101000         3.1500000000         1.6134906290         3.4601976408         7.2245126505
        3.7800078000         3.1500000000         1.6058336485         3.4729570281         7.0250506778
        3.7850108000         3.1500000000         1.6032813216         3.4984758027         6.9585633536
        3.7900134000         3.1500000000         1.5981766679         3.5393058420         6.8255887051
        3.7950117000         3.1500000000         1.6262522633         3.5699283715         7.5569492716
        3.8000248000         3.1500000000         1.6007289948         3.5826877588         6.8920760293
        3.8050115000         3.1500000000         1.6007289948         3.6082065334         6.8920760293
        3.8100119000         3.1500000000         1.6083859753         3.6413809404         7.0915380020
        3.8150106000         3.1500000000         1.6083859753         3.6668997150         7.0915380020
        3.8200096000         3.1500000000         1.6134906290         3.7000741219         7.2245126505
        3.8250127000         3.1500000000         1.6032813216         3.7255928965         6.9585633536
        3.8300093000         3.1500000000         1.6032813216         3.7511116711         6.9585633536
        3.8350113000         3.1500000000         1.6083859753         3.7766304457         7.0915380020
        3.8400093000         3.1500000000         1.6007289948         3.7995973429         6.8920760293
        3.8450101000         3.1500000000         1.6032813216         3.8225642400         6.9585633536
        3.8500096000         3.1500000000         1.6007289948         3.8506348920         6.8920760293
        3.8550090000         3.1500000000         1.6007289948         3.8838092990         6.8920760293
        3.8600120000         3.1500000000         1.6058336485         3.9042243187         7.0250506778
        3.8650135000         3.1500000000         1.6160429559         3.9373987256         7.2909999747
        3.8700082000         3.1500000000         1.6007289948         3.9654693777         6.8920760293
        3.8750100000         3.1500000000         1.6083859753         3.9909881523         7.0915380020
        3.8800110000         3.1500000000         1.5956243410         4.0139550494         6.7591013809
        3.8850094000         3.1500000000         1.6032813216         4.0394738240         6.9585633536
        3.8900075000         3.1500000000         1.6007289948         4.0649925986         6.8920760293
        3.8950067000         3.1500000000         1.6058336485         4.0956151281         7.0250506778
        3.9000067000         3.1500000000         1.6083859753         4.1236857801         7.0915380020
        3.9050056000         3.1500000000         1.6083859753         4.1517564322         7.0915380020
        3.9100073000         3.1500000000         1.6058336485         4.1798270842         7.0250506778
        3.9150061000         3.1500000000         1.6109383022         4.2053458588         7.1580253262
        3.9200115000         3.1500000000         1.6058336485         4.2385202658         7.0250506778
        3.9250059000         3.1500000000         1.6083859753         4.2640390404         7.0915380020
        3.9300115000         3.1500000000         1.6109383022         4.2870059375         7.1580253262
        3.9350065000         3.1500000000         1.6007289948         4.3201803445         6.8920760293
        3.9400079000         3.1500000000         1.6211476096         4.3533547515         7.4239746232
        3.9450137000         3.1500000000         1.6160429559         4.3814254035         7.2909999747
        3.9500068000         3.1500000000         1.6262522633         4.4145998105         7.5569492716
        3.9550117000         3.1500000000         1.6058336485         4.4299110752         7.0250506778
        3.9600062000         3.1500000000         1.6007289948         4.4605336047         6.8920760293
        3.9650103000         3.1500000000         1.6109383022         4.4886042568         7.1580253262
        3.9700064000         3.1500000000         1.6058336485         4.5064673990         7.0250506778
        3.9750058000         3.1500000000         1.6185952828         4.5498493158         7.3574872989
        3.9800078000         3.1500000000         1.6058336485         4.5753680904         7.0250506778
        3.9850107000         3.1500000000         1.6109383022         4.6008868650         7.1580253262
        3.9900087000         3.1500000000         1.6058336485         4.6289575170         7.0250506778
        3.9950063000         3.1500000000         1.6007289948         4.6493725367         6.8920760293
