% Motor Sweep Step 30/180
% Vcmd       = 2.3500 [V]
% Direction  = CCW
% Zone       = DEADZONE
% Vg_offset  = 1.336155 [V]
% K_gimbal   = 26.049690 [(rad/s)/V]

Time[s]              Vcmd[V]              Vg_raw[V]            Pot[V]               Omega[rad/s]
        0.0000132000         2.3500000000         1.3378393285         1.7325766011         0.0438816340
        0.0050133000         2.3500000000         1.3403916554         1.7402322334         0.1103689582
        0.0100064000         2.3500000000         1.3352870017         1.7351284785        -0.0226056902
        0.0150260000         2.3500000000         1.3327346748         1.7351284785        -0.0890930145
        0.0200084000         2.3500000000         1.3352870017         1.7351284785        -0.0226056902
        0.0250065000         2.3500000000         1.3378393285         1.7351284785         0.0438816340
        0.0300129000         2.3500000000         1.3352870017         1.7351284785        -0.0226056902
        0.0350090000         2.3500000000         1.3378393285         1.7325766011         0.0438816340
        0.0400380000         2.3500000000         1.3352870017         1.7351284785        -0.0226056902
        0.0450052000         2.3500000000         1.3378393285         1.7351284785         0.0438816340
        0.0500080000         2.3500000000         1.3352870017         1.7325766011        -0.0226056902
        0.0550069000         2.3500000000         1.3352870017         1.7351284785        -0.0226056902
        0.0600613000         2.3500000000         1.3352870017         1.7325766011        -0.0226056902
        0.0650039000         2.3500000000         1.3276300211         1.7300247236        -0.2220676629
        0.0700556000         2.3500000000         1.3301823480         1.7300247236        -0.1555803387
        0.0750060000         2.3500000000         1.3429439823         1.7402322334         0.1768562824
        0.0800794000         2.3500000000         1.3301823480         1.7300247236        -0.1555803387
        0.0850052000         2.3500000000         1.3276300211         1.7325766011        -0.2220676629
        0.0900050000         2.3500000000         1.3378393285         1.7376803560         0.0438816340
        0.0950070000         2.3500000000         1.3276300211         1.7274728461        -0.2220676629
        0.1000067000         2.3500000000         1.3276300211         1.7325766011        -0.2220676629
        0.1050614000         2.3500000000         1.3301823480         1.7325766011        -0.1555803387
        0.1100076000         2.3500000000         1.3327346748         1.7274728461        -0.0890930145
        0.1150047000         2.3500000000         1.3403916554         1.7376803560         0.1103689582
        0.1200064000         2.3500000000         1.3378393285         1.7300247236         0.0438816340
        0.1250043000         2.3500000000         1.3378393285         1.7351284785         0.0438816340
        0.1300082000         2.3500000000         1.3429439823         1.7402322334         0.1768562824
        0.1350033000         2.3500000000         1.3352870017         1.7325766011        -0.0226056902
        0.1400048000         2.3500000000         1.3352870017         1.7325766011        -0.0226056902
        0.1450093000         2.3500000000         1.3480486360         1.7376803560         0.3098309309
        0.1501219000         2.3500000000         1.3352870017         1.7300247236        -0.0226056902
        0.1550075000         2.3500000000         1.3352870017         1.7325766011        -0.0226056902
        0.1600303000         2.3500000000         1.3454963091         1.7402322334         0.2433436067
        0.1650288000         2.3500000000         1.3327346748         1.7325766011        -0.0890930145
        0.1700072000         2.3500000000         1.3352870017         1.7300247236        -0.0226056902
        0.1750324000         2.3500000000         1.3301823480         1.7274728461        -0.1555803387
        0.1800270000         2.3500000000         1.3378393285         1.7300247236         0.0438816340
        0.1850061000         2.3500000000         1.3301823480         1.7249209687        -0.1555803387
        0.1903159000         2.3500000000         1.3352870017         1.7351284785        -0.0226056902
        0.1950072000         2.3500000000         1.3301823480         1.7274728461        -0.1555803387
        0.2000065000         2.3500000000         1.3301823480         1.7249209687        -0.1555803387
        0.2050071000         2.3500000000         1.3352870017         1.7300247236        -0.0226056902
        0.2100077000         2.3500000000         1.3327346748         1.7325766011        -0.0890930145
        0.2150059000         2.3500000000         1.3403916554         1.7427841109         0.1103689582
        0.2200053000         2.3500000000         1.3352870017         1.7325766011        -0.0226056902
        0.2250035000         2.3500000000         1.3403916554         1.7376803560         0.1103689582
        0.2300057000         2.3500000000         1.3454963091         1.7376803560         0.2433436067
        0.2350058000         2.3500000000         1.3352870017         1.7325766011        -0.0226056902
        0.2400052000         2.3500000000         1.3327346748         1.7300247236        -0.0890930145
        0.2450036000         2.3500000000         1.3352870017         1.7300247236        -0.0226056902
        0.2500074000         2.3500000000         1.3429439823         1.7300247236         0.1768562824
        0.2550068000         2.3500000000         1.3352870017         1.7300247236        -0.0226056902
        0.2600070000         2.3500000000         1.3276300211         1.7274728461        -0.2220676629
        0.2650046000         2.3500000000         1.3352870017         1.7325766011        -0.0226056902
        0.2700065000         2.3500000000         1.3454963091         1.7402322334         0.2433436067
        0.2750039000         2.3500000000         1.3301823480         1.7274728461        -0.1555803387
        0.2800051000         2.3500000000         1.3352870017         1.7325766011        -0.0226056902
        0.2850051000         2.3500000000         1.3403916554         1.7402322334         0.1103689582
        0.2900058000         2.3500000000         1.3403916554         1.7376803560         0.1103689582
        0.2950059000         2.3500000000         1.3352870017         1.7325766011        -0.0226056902
        0.3000786000         2.3500000000         1.3352870017         1.7325766011        -0.0226056902
        0.3050054000         2.3500000000         1.3301823480         1.7274728461        -0.1555803387
        0.3100078000         2.3500000000         1.3250776943         1.7325766011        -0.2885549871
        0.3150082000         2.3500000000         1.3352870017         1.7325766011        -0.0226056902
        0.3200077000         2.3500000000         1.3429439823         1.7376803560         0.1768562824
        0.3252848000         2.3500000000         1.3276300211         1.7274728461        -0.2220676629
        0.3300086000         2.3500000000         1.3301823480         1.7274728461        -0.1555803387
        0.3350085000         2.3500000000         1.3352870017         1.7325766011        -0.0226056902
        0.3400069000         2.3500000000         1.3378393285         1.7325766011         0.0438816340
        0.3450055000         2.3500000000         1.3352870017         1.7325766011        -0.0226056902
        0.3500092000         2.3500000000         1.3378393285         1.7325766011         0.0438816340
        0.3550508000         2.3500000000         1.3301823480         1.7300247236        -0.1555803387
        0.3600070000         2.3500000000         1.3506009628         1.7376803560         0.3763182551
        0.3650425000         2.3500000000         1.3301823480         1.7274728461        -0.1555803387
        0.3700055000         2.3500000000         1.3429439823         1.7402322334         0.1768562824
        0.3750084000         2.3500000000         1.3352870017         1.7325766011        -0.0226056902
        0.3800305000         2.3500000000         1.3301823480         1.7274728461        -0.1555803387
        0.3850246000         2.3500000000         1.3301823480         1.7274728461        -0.1555803387
        0.3900079000         2.3500000000         1.3454963091         1.7300247236         0.2433436067
        0.3950055000         2.3500000000         1.3403916554         1.7376803560         0.1103689582
        0.4000357000         2.3500000000         1.3352870017         1.7300247236        -0.0226056902
        0.4050314000         2.3500000000         1.3352870017         1.7325766011        -0.0226056902
        0.4100070000         2.3500000000         1.3301823480         1.7249209687        -0.1555803387
        0.4150936000         2.3500000000         1.3429439823         1.7376803560         0.1768562824
        0.4200063000         2.3500000000         1.3429439823         1.7376803560         0.1768562824
        0.4250058000         2.3500000000         1.3403916554         1.7376803560         0.1103689582
        0.4300037000         2.3500000000         1.3352870017         1.7300247236        -0.0226056902
        0.4350059000         2.3500000000         1.3429439823         1.7402322334         0.1768562824
        0.4400045000         2.3500000000         1.3403916554         1.7376803560         0.1103689582
        0.4450058000         2.3500000000         1.3352870017         1.7325766011        -0.0226056902
        0.4500249000         2.3500000000         1.3276300211         1.7274728461        -0.2220676629
        0.4550173000         2.3500000000         1.3378393285         1.7249209687         0.0438816340
        0.4600056000         2.3500000000         1.3378393285         1.7325766011         0.0438816340
        0.4650068000         2.3500000000         1.3276300211         1.7249209687        -0.2220676629
        0.4700442000         2.3500000000         1.3352870017         1.7325766011        -0.0226056902
        0.4750061000         2.3500000000         1.3276300211         1.7274728461        -0.2220676629
        0.4800050000         2.3500000000         1.3301823480         1.7274728461        -0.1555803387
        0.4850067000         2.3500000000         1.3429439823         1.7325766011         0.1768562824
        0.4900067000         2.3500000000         1.3352870017         1.7325766011        -0.0226056902
        0.4950048000         2.3500000000         1.3429439823         1.7376803560         0.1768562824
        0.5000039000         2.3500000000         1.3403916554         1.7376803560         0.1103689582
        0.5050047000         2.3500000000         1.3429439823         1.7376803560         0.1768562824
        0.5100030000         2.3500000000         1.3352870017         1.7325766011        -0.0226056902
        0.5150048000         2.3500000000         1.3403916554         1.7402322334         0.1103689582
        0.5200048000         2.3500000000         1.3378393285         1.7325766011         0.0438816340
        0.5250047000         2.3500000000         1.3352870017         1.7325766011        -0.0226056902
        0.5300056000         2.3500000000         1.3352870017         1.7300247236        -0.0226056902
        0.5351098000         2.3500000000         1.3352870017         1.7325766011        -0.0226056902
        0.5400079000         2.3500000000         1.3454963091         1.7402322334         0.2433436067
        0.5450070000         2.3500000000         1.3403916554         1.7376803560         0.1103689582
        0.5500053000         2.3500000000         1.3429439823         1.7376803560         0.1768562824
        0.5550097000         2.3500000000         1.3429439823         1.7376803560         0.1768562824
        0.5600037000         2.3500000000         1.3454963091         1.7300247236         0.2433436067
        0.5650049000         2.3500000000         1.3301823480         1.7274728461        -0.1555803387
        0.5700038000         2.3500000000         1.3301823480         1.7274728461        -0.1555803387
        0.5750049000         2.3500000000         1.3301823480         1.7249209687        -0.1555803387
        0.5800051000         2.3500000000         1.3378393285         1.7300247236         0.0438816340
        0.5850046000         2.3500000000         1.3352870017         1.7325766011        -0.0226056902
        0.5900029000         2.3500000000         1.3352870017         1.7325766011        -0.0226056902
        0.5950062000         2.3500000000         1.3403916554         1.7376803560         0.1103689582
        0.6000055000         2.3500000000         1.3327346748         1.7274728461        -0.0890930145
        0.6050063000         2.3500000000         1.3301823480         1.7300247236        -0.1555803387
        0.6100034000         2.3500000000         1.3301823480         1.7274728461        -0.1555803387
        0.6150043000         2.3500000000         1.3352870017         1.7325766011        -0.0226056902
        0.6200079000         2.3500000000         1.3403916554         1.7249209687         0.1103689582
        0.6250045000         2.3500000000         1.3378393285         1.7351284785         0.0438816340
        0.6300046000         2.3500000000         1.3378393285         1.7325766011         0.0438816340
        0.6350049000         2.3500000000         1.3429439823         1.7351284785         0.1768562824
        0.6400053000         2.3500000000         1.3352870017         1.7300247236        -0.0226056902
        0.6450104000         2.3500000000         1.3352870017         1.7325766011        -0.0226056902
        0.6500913000         2.3500000000         1.3352870017         1.7325766011        -0.0226056902
        0.6550111000         2.3500000000         1.3429439823         1.7376803560         0.1768562824
        0.6600266000         2.3500000000         1.3352870017         1.7325766011        -0.0226056902
        0.6650044000         2.3500000000         1.3403916554         1.7402322334         0.1103689582
        0.6700039000         2.3500000000         1.3352870017         1.7325766011        -0.0226056902
        0.6750166000         2.3500000000         1.3352870017         1.7325766011        -0.0226056902
        0.6800097000         2.3500000000         1.3199730405         1.7325766011        -0.4215296356
        0.6850046000         2.3500000000         1.3352870017         1.7300247236        -0.0226056902
        0.6900220000         2.3500000000         1.3327346748         1.7274728461        -0.0890930145
        0.6950046000         2.3500000000         1.3301823480         1.7351284785        -0.1555803387
        0.7000031000         2.3500000000         1.3403916554         1.7376803560         0.1103689582
        0.7050048000         2.3500000000         1.3378393285         1.7325766011         0.0438816340
        0.7100364000         2.3500000000         1.3301823480         1.7249209687        -0.1555803387
        0.7150118000         2.3500000000         1.3429439823         1.7402322334         0.1768562824
        0.7200213000         2.3500000000         1.3352870017         1.7274728461        -0.0226056902
        0.7250238000         2.3500000000         1.3276300211         1.7274728461        -0.2220676629
        0.7306864000         2.3500000000         1.3352870017         1.7325766011        -0.0226056902
        0.7350072000         2.3500000000         1.3429439823         1.7376803560         0.1768562824
        0.7400037000         2.3500000000         1.3403916554         1.7376803560         0.1103689582
        0.7450023000         2.3500000000         1.3301823480         1.7274728461        -0.1555803387
        0.7500388000         2.3500000000         1.3403916554         1.7376803560         0.1103689582
        0.7550038000         2.3500000000         1.3352870017         1.7325766011        -0.0226056902
        0.7600037000         2.3500000000         1.3352870017         1.7325766011        -0.0226056902
        0.7650026000         2.3500000000         1.3429439823         1.7402322334         0.1768562824
        0.7700036000         2.3500000000         1.3429439823         1.7376803560         0.1768562824
        0.7750022000         2.3500000000         1.3352870017         1.7325766011        -0.0226056902
        0.7800037000         2.3500000000         1.3352870017         1.7300247236        -0.0226056902
        0.7850024000         2.3500000000         1.3352870017         1.7325766011        -0.0226056902
        0.7900012000         2.3500000000         1.3352870017         1.7325766011        -0.0226056902
        0.7950037000         2.3500000000         1.3429439823         1.7376803560         0.1768562824
        0.8000028000         2.3500000000         1.3250776943         1.7325766011        -0.2885549871
        0.8050035000         2.3500000000         1.3454963091         1.7376803560         0.2433436067
        0.8100022000         2.3500000000         1.3352870017         1.7325766011        -0.0226056902
        0.8150022000         2.3500000000         1.3352870017         1.7325766011        -0.0226056902
        0.8200018000         2.3500000000         1.3352870017         1.7325766011        -0.0226056902
        0.8250031000         2.3500000000         1.3352870017         1.7300247236        -0.0226056902
        0.8300023000         2.3500000000         1.3403916554         1.7376803560         0.1103689582
        0.8350030000         2.3500000000         1.3352870017         1.7300247236        -0.0226056902
        0.8400013000         2.3500000000         1.3403916554         1.7376803560         0.1103689582
        0.8450020000         2.3500000000         1.3352870017         1.7325766011        -0.0226056902
        0.8500024000         2.3500000000         1.3352870017         1.7325766011        -0.0226056902
        0.8550047000         2.3500000000         1.3327346748         1.7249209687        -0.0890930145
        0.8600032000         2.3500000000         1.3403916554         1.7376803560         0.1103689582
        0.8650030000         2.3500000000         1.3276300211         1.7249209687        -0.2220676629
        0.8700026000         2.3500000000         1.3403916554         1.7376803560         0.1103689582
        0.8750023000         2.3500000000         1.3250776943         1.7325766011        -0.2885549871
        0.8800027000         2.3500000000         1.3352870017         1.7300247236        -0.0226056902
        0.8850019000         2.3500000000         1.3301823480         1.7274728461        -0.1555803387
        0.8900016000         2.3500000000         1.3276300211         1.7274728461        -0.2220676629
        0.8950028000         2.3500000000         1.3429439823         1.7351284785         0.1768562824
        0.9000544000         2.3500000000         1.3429439823         1.7376803560         0.1768562824
        0.9050040000         2.3500000000         1.3276300211         1.7274728461        -0.2220676629
        0.9100037000         2.3500000000         1.3352870017         1.7325766011        -0.0226056902
        0.9150025000         2.3500000000         1.3352870017         1.7325766011        -0.0226056902
        0.9200039000         2.3500000000         1.3301823480         1.7249209687        -0.1555803387
        0.9250040000         2.3500000000         1.3250776943         1.7325766011        -0.2885549871
        0.9300036000         2.3500000000         1.3352870017         1.7376803560        -0.0226056902
        0.9350025000         2.3500000000         1.3403916554         1.7376803560         0.1103689582
        0.9400039000         2.3500000000         1.3378393285         1.7325766011         0.0438816340
        0.9450046000         2.3500000000         1.3327346748         1.7325766011        -0.0890930145
        0.9500039000         2.3500000000         1.3429439823         1.7376803560         0.1768562824
        0.9550022000         2.3500000000         1.3378393285         1.7300247236         0.0438816340
        0.9600038000         2.3500000000         1.3352870017         1.7325766011        -0.0226056902
        0.9650034000         2.3500000000         1.3352870017         1.7325766011        -0.0226056902
        0.9700037000         2.3500000000         1.3276300211         1.7274728461        -0.2220676629
        0.9750063000         2.3500000000         1.3301823480         1.7249209687        -0.1555803387
        0.9800072000         2.3500000000         1.3429439823         1.7402322334         0.1768562824
        0.9850043000         2.3500000000         1.3429439823         1.7376803560         0.1768562824
        0.9900029000         2.3500000000         1.3403916554         1.7376803560         0.1103689582
        0.9950032000         2.3500000000         1.3352870017         1.7325766011        -0.0226056902
        1.0000273000         2.3500000000         1.3225253674         1.7325766011        -0.3550423114
        1.0050034000         2.3500000000         1.3352870017         1.7300247236        -0.0226056902
        1.0100023000         2.3500000000         1.3301823480         1.7249209687        -0.1555803387
        1.0150030000         2.3500000000         1.3378393285         1.7376803560         0.0438816340
        1.0200015000         2.3500000000         1.3352870017         1.7376803560        -0.0226056902
        1.0250029000         2.3500000000         1.3352870017         1.7325766011        -0.0226056902
        1.0300027000         2.3500000000         1.3352870017         1.7274728461        -0.0226056902
        1.0350043000         2.3500000000         1.3403916554         1.7376803560         0.1103689582
        1.0400020000         2.3500000000         1.3429439823         1.7402322334         0.1768562824
        1.0450029000         2.3500000000         1.3403916554         1.7325766011         0.1103689582
        1.0500023000         2.3500000000         1.3429439823         1.7300247236         0.1768562824
        1.0550025000         2.3500000000         1.3301823480         1.7274728461        -0.1555803387
        1.0600038000         2.3500000000         1.3276300211         1.7274728461        -0.2220676629
        1.0650027000         2.3500000000         1.3301823480         1.7300247236        -0.1555803387
        1.0700037000         2.3500000000         1.3403916554         1.7376803560         0.1103689582
        1.0750022000         2.3500000000         1.3378393285         1.7300247236         0.0438816340
        1.0800033000         2.3500000000         1.3403916554         1.7376803560         0.1103689582
        1.0850025000         2.3500000000         1.3403916554         1.7402322334         0.1103689582
        1.0900037000         2.3500000000         1.3403916554         1.7325766011         0.1103689582
        1.0950036000         2.3500000000         1.3301823480         1.7300247236        -0.1555803387
        1.1000037000         2.3500000000         1.3327346748         1.7249209687        -0.0890930145
        1.1050087000         2.3500000000         1.3301823480         1.7274728461        -0.1555803387
        1.1100021000         2.3500000000         1.3276300211         1.7325766011        -0.2220676629
        1.1150037000         2.3500000000         1.3378393285         1.7300247236         0.0438816340
        1.1200021000         2.3500000000         1.3429439823         1.7325766011         0.1768562824
        1.1250774000         2.3500000000         1.3352870017         1.7325766011        -0.0226056902
        1.1300022000         2.3500000000         1.3301823480         1.7249209687        -0.1555803387
        1.1350013000         2.3500000000         1.3352870017         1.7325766011        -0.0226056902
        1.1400024000         2.3500000000         1.3301823480         1.7274728461        -0.1555803387
        1.1450024000         2.3500000000         1.3301823480         1.7249209687        -0.1555803387
        1.1500027000         2.3500000000         1.3352870017         1.7300247236        -0.0226056902
        1.1550041000         2.3500000000         1.3429439823         1.7402322334         0.1768562824
        1.1600014000         2.3500000000         1.3429439823         1.7376803560         0.1768562824
        1.1650032000         2.3500000000         1.3327346748         1.7274728461        -0.0890930145
        1.1700021000         2.3500000000         1.3276300211         1.7249209687        -0.2220676629
        1.1750024000         2.3500000000         1.3352870017         1.7300247236        -0.0226056902
        1.1800016000         2.3500000000         1.3378393285         1.7325766011         0.0438816340
        1.1850030000         2.3500000000         1.3301823480         1.7274728461        -0.1555803387
        1.1900024000         2.3500000000         1.3276300211         1.7274728461        -0.2220676629
        1.1950021000         2.3500000000         1.3352870017         1.7300247236        -0.0226056902
        1.2000018000         2.3500000000         1.3352870017         1.7325766011        -0.0226056902
        1.2050019000         2.3500000000         1.3429439823         1.7376803560         0.1768562824
        1.2100037000         2.3500000000         1.3352870017         1.7300247236        -0.0226056902
        1.2150027000         2.3500000000         1.3276300211         1.7274728461        -0.2220676629
        1.2200038000         2.3500000000         1.3276300211         1.7274728461        -0.2220676629
        1.2251621000         2.3500000000         1.3403916554         1.7376803560         0.1103689582
        1.2300035000         2.3500000000         1.3301823480         1.7274728461        -0.1555803387
        1.2350037000         2.3500000000         1.3352870017         1.7325766011        -0.0226056902
        1.2400028000         2.3500000000         1.3352870017         1.7325766011        -0.0226056902
        1.2450038000         2.3500000000         1.3327346748         1.7300247236        -0.0890930145
        1.2500364000         2.3500000000         1.3352870017         1.7300247236        -0.0226056902
        1.2550230000         2.3500000000         1.3352870017         1.7325766011        -0.0226056902
        1.2600036000         2.3500000000         1.3327346748         1.7274728461        -0.0890930145
        1.2650027000         2.3500000000         1.3327346748         1.7274728461        -0.0890930145
        1.2700021000         2.3500000000         1.3301823480         1.7325766011        -0.1555803387
        1.2750009000         2.3500000000         1.3352870017         1.7325766011        -0.0226056902
        1.2800044000         2.3500000000         1.3327346748         1.7300247236        -0.0890930145
        1.2850031000         2.3500000000         1.3403916554         1.7376803560         0.1103689582
        1.2900022000         2.3500000000         1.3352870017         1.7351284785        -0.0226056902
        1.2950017000         2.3500000000         1.3429439823         1.7402322334         0.1768562824
        1.3000055000         2.3500000000         1.3301823480         1.7249209687        -0.1555803387
        1.3050067000         2.3500000000         1.3454963091         1.7376803560         0.2433436067
        1.3100023000         2.3500000000         1.3378393285         1.7325766011         0.0438816340
        1.3150041000         2.3500000000         1.3352870017         1.7325766011        -0.0226056902
        1.3200133000         2.3500000000         1.3301823480         1.7274728461        -0.1555803387
        1.3250166000         2.3500000000         1.3352870017         1.7325766011        -0.0226056902
        1.3300077000         2.3500000000         1.3327346748         1.7274728461        -0.0890930145
        1.3350051000         2.3500000000         1.3301823480         1.7249209687        -0.1555803387
        1.3400062000         2.3500000000         1.3352870017         1.7300247236        -0.0226056902
        1.3450072000         2.3500000000         1.3352870017         1.7300247236        -0.0226056902
        1.3500039000         2.3500000000         1.3352870017         1.7325766011        -0.0226056902
        1.3550038000         2.3500000000         1.3301823480         1.7274728461        -0.1555803387
        1.3600046000         2.3500000000         1.3403916554         1.7402322334         0.1103689582
        1.3650087000         2.3500000000         1.3352870017         1.7325766011        -0.0226056902
        1.3700041000         2.3500000000         1.3429439823         1.7376803560         0.1768562824
        1.3750077000         2.3500000000         1.3301823480         1.7274728461        -0.1555803387
        1.3800065000         2.3500000000         1.3403916554         1.7376803560         0.1103689582
        1.3850071000         2.3500000000         1.3378393285         1.7300247236         0.0438816340
        1.3900059000         2.3500000000         1.3301823480         1.7274728461        -0.1555803387
        1.3950047000         2.3500000000         1.3352870017         1.7325766011        -0.0226056902
        1.4001026000         2.3500000000         1.3276300211         1.7274728461        -0.2220676629
        1.4050044000         2.3500000000         1.3378393285         1.7300247236         0.0438816340
        1.4100078000         2.3500000000         1.3352870017         1.7300247236        -0.0226056902
        1.4150066000         2.3500000000         1.3352870017         1.7351284785        -0.0226056902
        1.4200071000         2.3500000000         1.3429439823         1.7376803560         0.1768562824
        1.4250113000         2.3500000000         1.3352870017         1.7325766011        -0.0226056902
        1.4300049000         2.3500000000         1.3352870017         1.7300247236        -0.0226056902
        1.4350114000         2.3500000000         1.3403916554         1.7376803560         0.1103689582
        1.4400065000         2.3500000000         1.3352870017         1.7325766011        -0.0226056902
        1.4450135000         2.3500000000         1.3327346748         1.7274728461        -0.0890930145
        1.4500031000         2.3500000000         1.3378393285         1.7300247236         0.0438816340
        1.4550092000         2.3500000000         1.3352870017         1.7325766011        -0.0226056902
        1.4600021000         2.3500000000         1.3352870017         1.7325766011        -0.0226056902
        1.4650036000         2.3500000000         1.3352870017         1.7325766011        -0.0226056902
        1.4700056000         2.3500000000         1.3429439823         1.7351284785         0.1768562824
        1.4750041000         2.3500000000         1.3378393285         1.7325766011         0.0438816340
        1.4800061000         2.3500000000         1.3352870017         1.7325766011        -0.0226056902
        1.4850045000         2.3500000000         1.3276300211         1.7249209687        -0.2220676629
        1.4900051000         2.3500000000         1.3301823480         1.7249209687        -0.1555803387
        1.4950041000         2.3500000000         1.3352870017         1.7300247236        -0.0226056902
        1.5000025000         2.3500000000         1.3352870017         1.7325766011        -0.0226056902
        1.5050120000         2.3500000000         1.3352870017         1.7325766011        -0.0226056902
        1.5100053000         2.3500000000         1.3403916554         1.7376803560         0.1103689582
        1.5150171000         2.3500000000         1.3327346748         1.7300247236        -0.0890930145
        1.5200062000         2.3500000000         1.3301823480         1.7249209687        -0.1555803387
        1.5250047000         2.3500000000         1.3429439823         1.7376803560         0.1768562824
        1.5300039000         2.3500000000         1.3352870017         1.7351284785        -0.0226056902
        1.5350036000         2.3500000000         1.3352870017         1.7300247236        -0.0226056902
        1.5400027000         2.3500000000         1.3352870017         1.7325766011        -0.0226056902
        1.5450599000         2.3500000000         1.3429439823         1.7325766011         0.1768562824
        1.5500038000         2.3500000000         1.3301823480         1.7274728461        -0.1555803387
        1.5550038000         2.3500000000         1.3378393285         1.7300247236         0.0438816340
        1.5600046000         2.3500000000         1.3480486360         1.7376803560         0.3098309309
        1.5651078000         2.3500000000         1.3454963091         1.7325766011         0.2433436067
        1.5700042000         2.3500000000         1.3276300211         1.7274728461        -0.2220676629
        1.5750040000         2.3500000000         1.3301823480         1.7249209687        -0.1555803387
        1.5800052000         2.3500000000         1.3352870017         1.7325766011        -0.0226056902
        1.5850076000         2.3500000000         1.3352870017         1.7300247236        -0.0226056902
        1.5900035000         2.3500000000         1.3352870017         1.7325766011        -0.0226056902
        1.5950040000         2.3500000000         1.3352870017         1.7300247236        -0.0226056902
        1.6000024000         2.3500000000         1.3301823480         1.7300247236        -0.1555803387
        1.6050037000         2.3500000000         1.3301823480         1.7249209687        -0.1555803387
        1.6100026000         2.3500000000         1.3352870017         1.7325766011        -0.0226056902
        1.6150036000         2.3500000000         1.3352870017         1.7300247236        -0.0226056902
        1.6200033000         2.3500000000         1.3327346748         1.7325766011        -0.0890930145
        1.6250039000         2.3500000000         1.3454963091         1.7402322334         0.2433436067
        1.6300028000         2.3500000000         1.3429439823         1.7351284785         0.1768562824
        1.6350038000         2.3500000000         1.3352870017         1.7325766011        -0.0226056902
        1.6400034000         2.3500000000         1.3301823480         1.7274728461        -0.1555803387
        1.6450035000         2.3500000000         1.3301823480         1.7274728461        -0.1555803387
        1.6501880000         2.3500000000         1.3403916554         1.7376803560         0.1103689582
        1.6550039000         2.3500000000         1.3352870017         1.7325766011        -0.0226056902
        1.6600047000         2.3500000000         1.3301823480         1.7274728461        -0.1555803387
        1.6650038000         2.3500000000         1.3301823480         1.7249209687        -0.1555803387
        1.6700037000         2.3500000000         1.3352870017         1.7300247236        -0.0226056902
        1.6750037000         2.3500000000         1.3378393285         1.7300247236         0.0438816340
        1.6800023000         2.3500000000         1.3403916554         1.7402322334         0.1103689582
        1.6850037000         2.3500000000         1.3352870017         1.7325766011        -0.0226056902
        1.6900040000         2.3500000000         1.3403916554         1.7376803560         0.1103689582
        1.6950036000         2.3500000000         1.3276300211         1.7376803560        -0.2220676629
        1.7000042000         2.3500000000         1.3327346748         1.7249209687        -0.0890930145
        1.7050040000         2.3500000000         1.3352870017         1.7300247236        -0.0226056902
        1.7100031000         2.3500000000         1.3276300211         1.7172653363        -0.2220676629
        1.7150028000         2.3500000000         1.3378393285         1.7351284785         0.0438816340
        1.7200047000         2.3500000000         1.3429439823         1.7376803560         0.1768562824
        1.7250025000         2.3500000000         1.3454963091         1.7351284785         0.2433436067
        1.7300045000         2.3500000000         1.3301823480         1.7274728461        -0.1555803387
        1.7397019000         2.3500000000         1.3378393285         1.7325766011         0.0438816340
        1.7402292000         2.3500000000         1.3352870017         1.7325766011        -0.0226056902
        1.7450024000         2.3500000000         1.3429439823         1.7376803560         0.1768562824
        1.7500030000         2.3500000000         1.3352870017         1.7300247236        -0.0226056902
        1.7550023000         2.3500000000         1.3403916554         1.7402322334         0.1103689582
        1.7600135000         2.3500000000         1.3301823480         1.7274728461        -0.1555803387
        1.7650019000         2.3500000000         1.3429439823         1.7376803560         0.1768562824
        1.7700018000         2.3500000000         1.3429439823         1.7402322334         0.1768562824
        1.7750077000         2.3500000000         1.3352870017         1.7325766011        -0.0226056902
        1.7800046000         2.3500000000         1.3327346748         1.7325766011        -0.0890930145
        1.7850060000         2.3500000000         1.3301823480         1.7274728461        -0.1555803387
        1.7900031000         2.3500000000         1.3301823480         1.7274728461        -0.1555803387
        1.7950035000         2.3500000000         1.3429439823         1.7376803560         0.1768562824
        1.8000012000         2.3500000000         1.3327346748         1.7274728461        -0.0890930145
        1.8050015000         2.3500000000         1.3301823480         1.7274728461        -0.1555803387
        1.8100019000         2.3500000000         1.3352870017         1.7300247236        -0.0226056902
        1.8150047000         2.3500000000         1.3352870017         1.7325766011        -0.0226056902
        1.8200028000         2.3500000000         1.3352870017         1.7325766011        -0.0226056902
        1.8250038000         2.3500000000         1.3301823480         1.7274728461        -0.1555803387
        1.8300031000         2.3500000000         1.3454963091         1.7376803560         0.2433436067
        1.8350043000         2.3500000000         1.3301823480         1.7274728461        -0.1555803387
        1.8400027000         2.3500000000         1.3327346748         1.7300247236        -0.0890930145
        1.8450027000         2.3500000000         1.3301823480         1.7249209687        -0.1555803387
        1.8500013000         2.3500000000         1.3276300211         1.7274728461        -0.2220676629
        1.8550035000         2.3500000000         1.3429439823         1.7376803560         0.1768562824
        1.8600022000         2.3500000000         1.3403916554         1.7376803560         0.1103689582
        1.8650023000         2.3500000000         1.3352870017         1.7300247236        -0.0226056902
        1.8700013000         2.3500000000         1.3352870017         1.7300247236        -0.0226056902
        1.8750011000         2.3500000000         1.3352870017         1.7300247236        -0.0226056902
        1.8800022000         2.3500000000         1.3301823480         1.7274728461        -0.1555803387
        1.8850039000         2.3500000000         1.3429439823         1.7376803560         0.1768562824
        1.8900020000         2.3500000000         1.3301823480         1.7274728461        -0.1555803387
        1.8950031000         2.3500000000         1.3378393285         1.7325766011         0.0438816340
        1.9000020000         2.3500000000         1.3276300211         1.7274728461        -0.2220676629
        1.9050023000         2.3500000000         1.3352870017         1.7325766011        -0.0226056902
        1.9100012000         2.3500000000         1.3352870017         1.7351284785        -0.0226056902
        1.9150049000         2.3500000000         1.3378393285         1.7325766011         0.0438816340
        1.9200026000         2.3500000000         1.3352870017         1.7325766011        -0.0226056902
        1.9250049000         2.3500000000         1.3403916554         1.7376803560         0.1103689582
        1.9300034000         2.3500000000         1.3429439823         1.7402322334         0.1768562824
        1.9350038000         2.3500000000         1.3352870017         1.7249209687        -0.0226056902
        1.9400021000         2.3500000000         1.3454963091         1.7376803560         0.2433436067
        1.9450052000         2.3500000000         1.3352870017         1.7300247236        -0.0226056902
        1.9500033000         2.3500000000         1.3454963091         1.7325766011         0.2433436067
        1.9550041000         2.3500000000         1.3454963091         1.7376803560         0.2433436067
        1.9600022000         2.3500000000         1.3352870017         1.7325766011        -0.0226056902
        1.9650019000         2.3500000000         1.3352870017         1.7300247236        -0.0226056902
        1.9700038000         2.3500000000         1.3378393285         1.7325766011         0.0438816340
        1.9750023000         2.3500000000         1.3403916554         1.7376803560         0.1103689582
        1.9800035000         2.3500000000         1.3352870017         1.7325766011        -0.0226056902
        1.9850029000         2.3500000000         1.3352870017         1.7300247236        -0.0226056902
        1.9900037000         2.3500000000         1.3301823480         1.7274728461        -0.1555803387
        1.9950024000         2.3500000000         1.3352870017         1.7325766011        -0.0226056902
        2.0000038000         2.3500000000         1.3352870017         1.7325766011        -0.0226056902
        2.0050042000         2.3500000000         1.3352870017         1.7300247236        -0.0226056902
        2.0100038000         2.3500000000         1.3378393285         1.7325766011         0.0438816340
        2.0150029000         2.3500000000         1.3276300211         1.7274728461        -0.2220676629
        2.0200014000         2.3500000000         1.3301823480         1.7274728461        -0.1555803387
        2.0250038000         2.3500000000         1.3454963091         1.7376803560         0.2433436067
        2.0300043000         2.3500000000         1.3250776943         1.7325766011        -0.2885549871
        2.0350041000         2.3500000000         1.3403916554         1.7402322334         0.1103689582
        2.0400026000         2.3500000000         1.3352870017         1.7351284785        -0.0226056902
        2.0450025000         2.3500000000         1.3352870017         1.7325766011        -0.0226056902
        2.0500013000         2.3500000000         1.3429439823         1.7376803560         0.1768562824
        2.0550041000         2.3500000000         1.3352870017         1.7325766011        -0.0226056902
        2.0600091000         2.3500000000         1.3352870017         1.7300247236        -0.0226056902
        2.0650094000         2.3500000000         1.3276300211         1.7249209687        -0.2220676629
        2.0700035000         2.3500000000         1.3301823480         1.7274728461        -0.1555803387
        2.0750020000         2.3500000000         1.3276300211         1.7274728461        -0.2220676629
        2.0800022000         2.3500000000         1.3327346748         1.7249209687        -0.0890930145
        2.0850042000         2.3500000000         1.3352870017         1.7325766011        -0.0226056902
        2.0900020000         2.3500000000         1.3403916554         1.7325766011         0.1103689582
        2.0950024000         2.3500000000         1.3276300211         1.7223690912        -0.2220676629
        2.1000012000         2.3500000000         1.3352870017         1.7325766011        -0.0226056902
        2.1050020000         2.3500000000         1.3301823480         1.7249209687        -0.1555803387
        2.1100015000         2.3500000000         1.3352870017         1.7325766011        -0.0226056902
        2.1150024000         2.3500000000         1.3352870017         1.7325766011        -0.0226056902
        2.1200020000         2.3500000000         1.3148683868         1.7274728461        -0.5545042841
        2.1250021000         2.3500000000         1.3352870017         1.7300247236        -0.0226056902
        2.1300027000         2.3500000000         1.3403916554         1.7402322334         0.1103689582
        2.1350193000         2.3500000000         1.3327346748         1.7274728461        -0.0890930145
        2.1400021000         2.3500000000         1.3429439823         1.7376803560         0.1768562824
        2.1450028000         2.3500000000         1.3352870017         1.7300247236        -0.0226056902
        2.1500021000         2.3500000000         1.3378393285         1.7325766011         0.0438816340
        2.1551854000         2.3500000000         1.3301823480         1.7274728461        -0.1555803387
        2.1600022000         2.3500000000         1.3378393285         1.7325766011         0.0438816340
        2.1650012000         2.3500000000         1.3352870017         1.7300247236        -0.0226056902
        2.1700032000         2.3500000000         1.3429439823         1.7325766011         0.1768562824
        2.1750140000         2.3500000000         1.3327346748         1.7300247236        -0.0890930145
        2.1800024000         2.3500000000         1.3429439823         1.7376803560         0.1768562824
        2.1850040000         2.3500000000         1.3429439823         1.7402322334         0.1768562824
        2.1900022000         2.3500000000         1.3403916554         1.7376803560         0.1103689582
        2.1950024000         2.3500000000         1.3506009628         1.7402322334         0.3763182551
        2.2000018000         2.3500000000         1.3429439823         1.7376803560         0.1768562824
        2.2050015000         2.3500000000         1.3352870017         1.7325766011        -0.0226056902
        2.2100010000         2.3500000000         1.3352870017         1.7325766011        -0.0226056902
        2.2150102000         2.3500000000         1.3352870017         1.7325766011        -0.0226056902
        2.2200018000         2.3500000000         1.3301823480         1.7274728461        -0.1555803387
        2.2253337000         2.3500000000         1.3429439823         1.7376803560         0.1768562824
        2.2300048000         2.3500000000         1.3429439823         1.7376803560         0.1768562824
        2.2350028000         2.3500000000         1.3454963091         1.7376803560         0.2433436067
        2.2400036000         2.3500000000         1.3352870017         1.7300247236        -0.0226056902
        2.2450023000         2.3500000000         1.3429439823         1.7325766011         0.1768562824
        2.2500038000         2.3500000000         1.3352870017         1.7300247236        -0.0226056902
        2.2550037000         2.3500000000         1.3403916554         1.7351284785         0.1103689582
        2.2600023000         2.3500000000         1.3301823480         1.7274728461        -0.1555803387
        2.2650023000         2.3500000000         1.3378393285         1.7325766011         0.0438816340
        2.2700037000         2.3500000000         1.3301823480         1.7274728461        -0.1555803387
        2.2750052000         2.3500000000         1.3378393285         1.7325766011         0.0438816340
        2.2800032000         2.3500000000         1.3403916554         1.7402322334         0.1103689582
        2.2850033000         2.3500000000         1.3429439823         1.7402322334         0.1768562824
        2.2900030000         2.3500000000         1.3352870017         1.7325766011        -0.0226056902
        2.2950030000         2.3500000000         1.3403916554         1.7325766011         0.1103689582
        2.3000036000         2.3500000000         1.3378393285         1.7300247236         0.0438816340
        2.3050035000         2.3500000000         1.3403916554         1.7300247236         0.1103689582
        2.3100038000         2.3500000000         1.3378393285         1.7325766011         0.0438816340
        2.3150035000         2.3500000000         1.3352870017         1.7249209687        -0.0226056902
        2.3200044000         2.3500000000         1.3301823480         1.7274728461        -0.1555803387
        2.3250021000         2.3500000000         1.3301823480         1.7274728461        -0.1555803387
        2.3300036000         2.3500000000         1.3352870017         1.7300247236        -0.0226056902
        2.3350019000         2.3500000000         1.3250776943         1.7325766011        -0.2885549871
        2.3400052000         2.3500000000         1.3378393285         1.7300247236         0.0438816340
        2.3450026000         2.3500000000         1.3352870017         1.7325766011        -0.0226056902
        2.3500034000         2.3500000000         1.3276300211         1.7274728461        -0.2220676629
        2.3550020000         2.3500000000         1.3301823480         1.7274728461        -0.1555803387
        2.3600018000         2.3500000000         1.3301823480         1.7274728461        -0.1555803387
        2.3650014000         2.3500000000         1.3429439823         1.7376803560         0.1768562824
        2.3700018000         2.3500000000         1.3327346748         1.7300247236        -0.0890930145
        2.3750017000         2.3500000000         1.3352870017         1.7351284785        -0.0226056902
        2.3800066000         2.3500000000         1.3301823480         1.7274728461        -0.1555803387
        2.3850037000         2.3500000000         1.3352870017         1.7300247236        -0.0226056902
        2.3900029000         2.3500000000         1.3352870017         1.7300247236        -0.0226056902
        2.3950062000         2.3500000000         1.3352870017         1.7325766011        -0.0226056902
        2.4000813000         2.3500000000         1.3352870017         1.7325766011        -0.0226056902
        2.4050037000         2.3500000000         1.3301823480         1.7274728461        -0.1555803387
        2.4100025000         2.3500000000         1.3429439823         1.7376803560         0.1768562824
        2.4150037000         2.3500000000         1.3352870017         1.7325766011        -0.0226056902
        2.4200039000         2.3500000000         1.3352870017         1.7300247236        -0.0226056902
        2.4250037000         2.3500000000         1.3429439823         1.7376803560         0.1768562824
        2.4300051000         2.3500000000         1.3301823480         1.7274728461        -0.1555803387
        2.4350036000         2.3500000000         1.3352870017         1.7325766011        -0.0226056902
        2.4400026000         2.3500000000         1.3352870017         1.7325766011        -0.0226056902
        2.4450036000         2.3500000000         1.3352870017         1.7300247236        -0.0226056902
        2.4500024000         2.3500000000         1.3225253674         1.7325766011        -0.3550423114
        2.4550038000         2.3500000000         1.3352870017         1.7351284785        -0.0226056902
        2.4600034000         2.3500000000         1.3403916554         1.7376803560         0.1103689582
        2.4650035000         2.3500000000         1.3429439823         1.7376803560         0.1768562824
        2.4700037000         2.3500000000         1.3352870017         1.7300247236        -0.0226056902
        2.4750040000         2.3500000000         1.3276300211         1.7274728461        -0.2220676629
        2.4800027000         2.3500000000         1.3327346748         1.7274728461        -0.0890930145
        2.4850041000         2.3500000000         1.3276300211         1.7325766011        -0.2220676629
        2.4900023000         2.3500000000         1.3429439823         1.7376803560         0.1768562824
        2.4950036000         2.3500000000         1.3429439823         1.7402322334         0.1768562824
        2.5000031000         2.3500000000         1.3352870017         1.7351284785        -0.0226056902
        2.5050037000         2.3500000000         1.3301823480         1.7274728461        -0.1555803387
        2.5100036000         2.3500000000         1.3378393285         1.7300247236         0.0438816340
        2.5150030000         2.3500000000         1.3352870017         1.7325766011        -0.0226056902
        2.5200037000         2.3500000000         1.3352870017         1.7325766011        -0.0226056902
        2.5250021000         2.3500000000         1.3429439823         1.7402322334         0.1768562824
        2.5300034000         2.3500000000         1.3301823480         1.7249209687        -0.1555803387
        2.5350051000         2.3500000000         1.3352870017         1.7300247236        -0.0226056902
        2.5400033000         2.3500000000         1.3403916554         1.7402322334         0.1103689582
        2.5450041000         2.3500000000         1.3352870017         1.7325766011        -0.0226056902
        2.5500029000         2.3500000000         1.3327346748         1.7274728461        -0.0890930145
        2.5550032000         2.3500000000         1.3454963091         1.7402322334         0.2433436067
        2.5600021000         2.3500000000         1.3403916554         1.7376803560         0.1103689582
        2.5650024000         2.3500000000         1.3301823480         1.7249209687        -0.1555803387
        2.5700017000         2.3500000000         1.3327346748         1.7274728461        -0.0890930145
        2.5750065000         2.3500000000         1.3276300211         1.7274728461        -0.2220676629
        2.5800034000         2.3500000000         1.3352870017         1.7325766011        -0.0226056902
        2.5850060000         2.3500000000         1.3352870017         1.7325766011        -0.0226056902
        2.5900144000         2.3500000000         1.3506009628         1.7376803560         0.3763182551
        2.5951382000         2.3500000000         1.3352870017         1.7300247236        -0.0226056902
        2.6030971000         2.3500000000         1.3378393285         1.7325766011         0.0438816340
        2.6050047000         2.3500000000         1.3454963091         1.7325766011         0.2433436067
        2.6100031000         2.3500000000         1.3352870017         1.7300247236        -0.0226056902
        2.6150090000         2.3500000000         1.3352870017         1.7351284785        -0.0226056902
        2.6200121000         2.3500000000         1.3429439823         1.7376803560         0.1768562824
        2.6250039000         2.3500000000         1.3352870017         1.7325766011        -0.0226056902
        2.6300031000         2.3500000000         1.3352870017         1.7325766011        -0.0226056902
        2.6350015000         2.3500000000         1.3403916554         1.7376803560         0.1103689582
        2.6400016000         2.3500000000         1.3378393285         1.7325766011         0.0438816340
        2.6450033000         2.3500000000         1.3403916554         1.7325766011         0.1103689582
        2.6500012000         2.3500000000         1.3429439823         1.7376803560         0.1768562824
        2.6550212000         2.3500000000         1.3352870017         1.7325766011        -0.0226056902
        2.6600064000         2.3500000000         1.3429439823         1.7376803560         0.1768562824
        2.6650038000         2.3500000000         1.3429439823         1.7453359884         0.1768562824
        2.6700024000         2.3500000000         1.3301823480         1.7249209687        -0.1555803387
        2.6750028000         2.3500000000         1.3301823480         1.7274728461        -0.1555803387
        2.6800027000         2.3500000000         1.3403916554         1.7376803560         0.1103689582
        2.6850044000         2.3500000000         1.3403916554         1.7402322334         0.1103689582
        2.6900038000         2.3500000000         1.3378393285         1.7300247236         0.0438816340
        2.6950046000         2.3500000000         1.3403916554         1.7376803560         0.1103689582
        2.7000038000         2.3500000000         1.3403916554         1.7300247236         0.1103689582
        2.7050023000         2.3500000000         1.3301823480         1.7198172138        -0.1555803387
        2.7100037000         2.3500000000         1.3403916554         1.7402322334         0.1103689582
        2.7150037000         2.3500000000         1.3327346748         1.7300247236        -0.0890930145
        2.7200037000         2.3500000000         1.3378393285         1.7325766011         0.0438816340
        2.7250059000         2.3500000000         1.3352870017         1.7300247236        -0.0226056902
        2.7300089000         2.3500000000         1.3301823480         1.7249209687        -0.1555803387
        2.7350030000         2.3500000000         1.3301823480         1.7274728461        -0.1555803387
        2.7400042000         2.3500000000         1.3301823480         1.7274728461        -0.1555803387
        2.7450041000         2.3500000000         1.3429439823         1.7402322334         0.1768562824
        2.7504259000         2.3500000000         1.3276300211         1.7274728461        -0.2220676629
        2.7550020000         2.3500000000         1.3352870017         1.7325766011        -0.0226056902
        2.7600044000         2.3500000000         1.3352870017         1.7325766011        -0.0226056902
        2.7650044000         2.3500000000         1.3276300211         1.7274728461        -0.2220676629
        2.7700038000         2.3500000000         1.3352870017         1.7274728461        -0.0226056902
        2.7750026000         2.3500000000         1.3301823480         1.7249209687        -0.1555803387
        2.7800038000         2.3500000000         1.3352870017         1.7274728461        -0.0226056902
        2.7850025000         2.3500000000         1.3429439823         1.7402322334         0.1768562824
        2.7900038000         2.3500000000         1.3403916554         1.7376803560         0.1103689582
        2.7950024000         2.3500000000         1.3352870017         1.7325766011        -0.0226056902
        2.8000036000         2.3500000000         1.3352870017         1.7300247236        -0.0226056902
        2.8050182000         2.3500000000         1.3225253674         1.7325766011        -0.3550423114
        2.8100037000         2.3500000000         1.3301823480         1.7274728461        -0.1555803387
        2.8150038000         2.3500000000         1.3378393285         1.7300247236         0.0438816340
        2.8200037000         2.3500000000         1.3352870017         1.7300247236        -0.0226056902
        2.8250037000         2.3500000000         1.3403916554         1.7402322334         0.1103689582
        2.8300041000         2.3500000000         1.3352870017         1.7325766011        -0.0226056902
        2.8350039000         2.3500000000         1.3403916554         1.7300247236         0.1103689582
        2.8400030000         2.3500000000         1.3352870017         1.7325766011        -0.0226056902
        2.8450036000         2.3500000000         1.3352870017         1.7300247236        -0.0226056902
        2.8500020000         2.3500000000         1.3352870017         1.7300247236        -0.0226056902
        2.8550037000         2.3500000000         1.3301823480         1.7249209687        -0.1555803387
        2.8600025000         2.3500000000         1.3276300211         1.7274728461        -0.2220676629
        2.8650033000         2.3500000000         1.3352870017         1.7300247236        -0.0226056902
        2.8700020000         2.3500000000         1.3429439823         1.7376803560         0.1768562824
        2.8750037000         2.3500000000         1.3403916554         1.7376803560         0.1103689582
        2.8800028000         2.3500000000         1.3352870017         1.7325766011        -0.0226056902
        2.8850038000         2.3500000000         1.3352870017         1.7325766011        -0.0226056902
        2.8900024000         2.3500000000         1.3352870017         1.7300247236        -0.0226056902
        2.8950034000         2.3500000000         1.3378393285         1.7325766011         0.0438816340
        2.9000019000         2.3500000000         1.3429439823         1.7376803560         0.1768562824
        2.9050037000         2.3500000000         1.3429439823         1.7376803560         0.1768562824
        2.9100024000         2.3500000000         1.3225253674         1.7249209687        -0.3550423114
        2.9150033000         2.3500000000         1.3276300211         1.7351284785        -0.2220676629
        2.9200053000         2.3500000000         1.3403916554         1.7402322334         0.1103689582
        2.9250037000         2.3500000000         1.3429439823         1.7376803560         0.1768562824
        2.9300061000         2.3500000000         1.3352870017         1.7300247236        -0.0226056902
        2.9350024000         2.3500000000         1.3429439823         1.7402322334         0.1768562824
        2.9400048000         2.3500000000         1.3301823480         1.7249209687        -0.1555803387
        2.9450027000         2.3500000000         1.3301823480         1.7274728461        -0.1555803387
        2.9500032000         2.3500000000         1.3403916554         1.7249209687         0.1103689582
        2.9550013000         2.3500000000         1.3301823480         1.7249209687        -0.1555803387
        2.9600020000         2.3500000000         1.3378393285         1.7325766011         0.0438816340
        2.9650021000         2.3500000000         1.3352870017         1.7325766011        -0.0226056902
        2.9700028000         2.3500000000         1.3378393285         1.7325766011         0.0438816340
        2.9750016000         2.3500000000         1.3352870017         1.7325766011        -0.0226056902
        2.9800022000         2.3500000000         1.3403916554         1.7376803560         0.1103689582
        2.9850020000         2.3500000000         1.3403916554         1.7376803560         0.1103689582
        2.9900032000         2.3500000000         1.3352870017         1.7351284785        -0.0226056902
        2.9950038000         2.3500000000         1.3301823480         1.7325766011        -0.1555803387
        3.0000045000         2.3500000000         1.3352870017         1.7325766011        -0.0226056902
        3.0050037000         2.3500000000         1.3352870017         1.7300247236        -0.0226056902
        3.0100024000         2.3500000000         1.3403916554         1.7376803560         0.1103689582
        3.0150039000         2.3500000000         1.3454963091         1.7376803560         0.2433436067
        3.0200027000         2.3500000000         1.3378393285         1.7300247236         0.0438816340
        3.0250037000         2.3500000000         1.3378393285         1.7249209687         0.0438816340
        3.0300032000         2.3500000000         1.3301823480         1.7274728461        -0.1555803387
        3.0350038000         2.3500000000         1.3352870017         1.7325766011        -0.0226056902
        3.0400022000         2.3500000000         1.3429439823         1.7402322334         0.1768562824
        3.0450035000         2.3500000000         1.3429439823         1.7376803560         0.1768562824
        3.0500024000         2.3500000000         1.3429439823         1.7376803560         0.1768562824
        3.0550038000         2.3500000000         1.3352870017         1.7300247236        -0.0226056902
        3.0600047000         2.3500000000         1.3276300211         1.7274728461        -0.2220676629
        3.0650034000         2.3500000000         1.3301823480         1.7274728461        -0.1555803387
        3.0700024000         2.3500000000         1.3352870017         1.7300247236        -0.0226056902
        3.0750041000         2.3500000000         1.3378393285         1.7325766011         0.0438816340
        3.0800026000         2.3500000000         1.3429439823         1.7376803560         0.1768562824
        3.0850096000         2.3500000000         1.3352870017         1.7325766011        -0.0226056902
        3.0900022000         2.3500000000         1.3403916554         1.7300247236         0.1103689582
        3.0950036000         2.3500000000         1.3378393285         1.7274728461         0.0438816340
        3.1000021000         2.3500000000         1.3301823480         1.7300247236        -0.1555803387
        3.1050038000         2.3500000000         1.3352870017         1.7325766011        -0.0226056902
        3.1100046000         2.3500000000         1.3429439823         1.7376803560         0.1768562824
        3.1150035000         2.3500000000         1.3352870017         1.7325766011        -0.0226056902
        3.1200594000         2.3500000000         1.3454963091         1.7376803560         0.2433436067
        3.1250101000         2.3500000000         1.3301823480         1.7351284785        -0.1555803387
        3.1300139000         2.3500000000         1.3301823480         1.7274728461        -0.1555803387
        3.1350088000         2.3500000000         1.3429439823         1.7376803560         0.1768562824
        3.1400026000         2.3500000000         1.3403916554         1.7402322334         0.1103689582
        3.1450037000         2.3500000000         1.3454963091         1.7325766011         0.2433436067
        3.1500022000         2.3500000000         1.3352870017         1.7300247236        -0.0226056902
        3.1550025000         2.3500000000         1.3352870017         1.7300247236        -0.0226056902
        3.1600021000         2.3500000000         1.3378393285         1.7274728461         0.0438816340
        3.1650033000         2.3500000000         1.3352870017         1.7325766011        -0.0226056902
        3.1700020000         2.3500000000         1.3352870017         1.7300247236        -0.0226056902
        3.1750021000         2.3500000000         1.3352870017         1.7325766011        -0.0226056902
        3.1800017000         2.3500000000         1.3429439823         1.7402322334         0.1768562824
        3.1850023000         2.3500000000         1.3352870017         1.7300247236        -0.0226056902
        3.1900037000         2.3500000000         1.3301823480         1.7249209687        -0.1555803387
        3.1950043000         2.3500000000         1.3403916554         1.7402322334         0.1103689582
        3.2000468000         2.3500000000         1.3378393285         1.7325766011         0.0438816340
        3.2050022000         2.3500000000         1.3276300211         1.7274728461        -0.2220676629
        3.2100012000         2.3500000000         1.3378393285         1.7325766011         0.0438816340
        3.2150028000         2.3500000000         1.3301823480         1.7249209687        -0.1555803387
        3.2200020000         2.3500000000         1.3352870017         1.7300247236        -0.0226056902
        3.2250029000         2.3500000000         1.3403916554         1.7376803560         0.1103689582
        3.2300022000         2.3500000000         1.3327346748         1.7325766011        -0.0890930145
        3.2350021000         2.3500000000         1.3378393285         1.7300247236         0.0438816340
        3.2400017000         2.3500000000         1.3327346748         1.7274728461        -0.0890930145
        3.2450028000         2.3500000000         1.3378393285         1.7325766011         0.0438816340
        3.2500037000         2.3500000000         1.3276300211         1.7274728461        -0.2220676629
        3.2550052000         2.3500000000         1.3352870017         1.7325766011        -0.0226056902
        3.2600036000         2.3500000000         1.3352870017         1.7325766011        -0.0226056902
        3.2650028000         2.3500000000         1.3429439823         1.7402322334         0.1768562824
        3.2700038000         2.3500000000         1.3429439823         1.7376803560         0.1768562824
        3.2750025000         2.3500000000         1.3301823480         1.7249209687        -0.1555803387
        3.2800034000         2.3500000000         1.3403916554         1.7376803560         0.1103689582
        3.2850026000         2.3500000000         1.3352870017         1.7325766011        -0.0226056902
        3.2900037000         2.3500000000         1.3352870017         1.7300247236        -0.0226056902
        3.2950033000         2.3500000000         1.3352870017         1.7325766011        -0.0226056902
        3.3000037000         2.3500000000         1.3378393285         1.7325766011         0.0438816340
        3.3050023000         2.3500000000         1.3327346748         1.7274728461        -0.0890930145
        3.3100036000         2.3500000000         1.3378393285         1.7325766011         0.0438816340
        3.3150026000         2.3500000000         1.3250776943         1.7402322334        -0.2885549871
        3.3200037000         2.3500000000         1.3429439823         1.7376803560         0.1768562824
        3.3250043000         2.3500000000         1.3352870017         1.7300247236        -0.0226056902
        3.3300037000         2.3500000000         1.3352870017         1.7325766011        -0.0226056902
        3.3350025000         2.3500000000         1.3378393285         1.7300247236         0.0438816340
        3.3400037000         2.3500000000         1.3429439823         1.7376803560         0.1768562824
        3.3450026000         2.3500000000         1.3301823480         1.7249209687        -0.1555803387
        3.3500060000         2.3500000000         1.3429439823         1.7402322334         0.1768562824
        3.3550036000         2.3500000000         1.3276300211         1.7249209687        -0.2220676629
        3.3600055000         2.3500000000         1.3301823480         1.7249209687        -0.1555803387
        3.3650032000         2.3500000000         1.3403916554         1.7376803560         0.1103689582
        3.3700036000         2.3500000000         1.3454963091         1.7402322334         0.2433436067
        3.3750026000         2.3500000000         1.3352870017         1.7300247236        -0.0226056902
        3.3800037000         2.3500000000         1.3352870017         1.7300247236        -0.0226056902
        3.3850021000         2.3500000000         1.3301823480         1.7249209687        -0.1555803387
        3.3900055000         2.3500000000         1.3352870017         1.7249209687        -0.0226056902
        3.3950028000         2.3500000000         1.3429439823         1.7402322334         0.1768562824
        3.4000037000         2.3500000000         1.3429439823         1.7376803560         0.1768562824
        3.4051501000         2.3500000000         1.3403916554         1.7376803560         0.1103689582
        3.4100037000         2.3500000000         1.3429439823         1.7402322334         0.1768562824
        3.4150847000         2.3500000000         1.3352870017         1.7325766011        -0.0226056902
        3.4200038000         2.3500000000         1.3352870017         1.7325766011        -0.0226056902
        3.4251311000         2.3500000000         1.3352870017         1.7300247236        -0.0226056902
        3.4300059000         2.3500000000         1.3352870017         1.7325766011        -0.0226056902
        3.4350115000         2.3500000000         1.3352870017         1.7325766011        -0.0226056902
        3.4400033000         2.3500000000         1.3352870017         1.7300247236        -0.0226056902
        3.4450076000         2.3500000000         1.3352870017         1.7300247236        -0.0226056902
        3.4500122000         2.3500000000         1.3276300211         1.7300247236        -0.2220676629
        3.4550041000         2.3500000000         1.3378393285         1.7325766011         0.0438816340
        3.4600114000         2.3500000000         1.3352870017         1.7274728461        -0.0226056902
        3.4650042000         2.3500000000         1.3301823480         1.7249209687        -0.1555803387
        3.4700114000         2.3500000000         1.3429439823         1.7376803560         0.1768562824
        3.4750042000         2.3500000000         1.3403916554         1.7376803560         0.1103689582
        3.4800086000         2.3500000000         1.3352870017         1.7325766011        -0.0226056902
        3.4850052000         2.3500000000         1.3352870017         1.7325766011        -0.0226056902
        3.4900037000         2.3500000000         1.3352870017         1.7325766011        -0.0226056902
        3.4950857000         2.3500000000         1.3301823480         1.7249209687        -0.1555803387
        3.5000038000         2.3500000000         1.3352870017         1.7300247236        -0.0226056902
        3.5050036000         2.3500000000         1.3301823480         1.7249209687        -0.1555803387
        3.5100023000         2.3500000000         1.3352870017         1.7325766011        -0.0226056902
        3.5150022000         2.3500000000         1.3403916554         1.7325766011         0.1103689582
        3.5200038000         2.3500000000         1.3327346748         1.7274728461        -0.0890930145
        3.5250047000         2.3500000000         1.3327346748         1.7325766011        -0.0890930145
        3.5300038000         2.3500000000         1.3531532897         1.7376803560         0.4428055793
        3.5350053000         2.3500000000         1.3378393285         1.7376803560         0.0438816340
        3.5400027000         2.3500000000         1.3429439823         1.7376803560         0.1768562824
        3.5450036000         2.3500000000         1.3352870017         1.7325766011        -0.0226056902
        3.5500028000         2.3500000000         1.3352870017         1.7325766011        -0.0226056902
        3.5550040000         2.3500000000         1.3301823480         1.7274728461        -0.1555803387
        3.5600019000         2.3500000000         1.3352870017         1.7300247236        -0.0226056902
        3.5650064000         2.3500000000         1.3429439823         1.7376803560         0.1768562824
        3.5700038000         2.3500000000         1.3429439823         1.7376803560         0.1768562824
        3.5750089000         2.3500000000         1.3301823480         1.7300247236        -0.1555803387
        3.5800028000         2.3500000000         1.3352870017         1.7300247236        -0.0226056902
        3.5850116000         2.3500000000         1.3429439823         1.7376803560         0.1768562824
        3.5900071000         2.3500000000         1.3454963091         1.7376803560         0.2433436067
        3.5950060000         2.3500000000         1.3454963091         1.7376803560         0.2433436067
        3.6000045000         2.3500000000         1.3301823480         1.7249209687        -0.1555803387
        3.6050115000         2.3500000000         1.3454963091         1.7325766011         0.2433436067
        3.6100062000         2.3500000000         1.3429439823         1.7376803560         0.1768562824
        3.6150080000         2.3500000000         1.3276300211         1.7249209687        -0.2220676629
        3.6200049000         2.3500000000         1.3403916554         1.7376803560         0.1103689582
        3.6250085000         2.3500000000         1.3378393285         1.7300247236         0.0438816340
        3.6300047000         2.3500000000         1.3301823480         1.7249209687        -0.1555803387
        3.6350110000         2.3500000000         1.3352870017         1.7325766011        -0.0226056902
        3.6400058000         2.3500000000         1.3352870017         1.7325766011        -0.0226056902
        3.6450081000         2.3500000000         1.3429439823         1.7427841109         0.1768562824
        3.6500258000         2.3500000000         1.3327346748         1.7274728461        -0.0890930145
        3.6550121000         2.3500000000         1.3301823480         1.7249209687        -0.1555803387
        3.6600088000         2.3500000000         1.3352870017         1.7300247236        -0.0226056902
        3.6650037000         2.3500000000         1.3352870017         1.7300247236        -0.0226056902
        3.6700037000         2.3500000000         1.3327346748         1.7300247236        -0.0890930145
        3.6750037000         2.3500000000         1.3429439823         1.7376803560         0.1768562824
        3.6800046000         2.3500000000         1.3378393285         1.7325766011         0.0438816340
        3.6850075000         2.3500000000         1.3403916554         1.7376803560         0.1103689582
        3.6900050000         2.3500000000         1.3429439823         1.7402322334         0.1768562824
        3.6950045000         2.3500000000         1.3327346748         1.7274728461        -0.0890930145
        3.7000215000         2.3500000000         1.3352870017         1.7325766011        -0.0226056902
        3.7050031000         2.3500000000         1.3301823480         1.7300247236        -0.1555803387
        3.7100033000         2.3500000000         1.3352870017         1.7300247236        -0.0226056902
        3.7150030000         2.3500000000         1.3378393285         1.7300247236         0.0438816340
        3.7200047000         2.3500000000         1.3352870017         1.7325766011        -0.0226056902
        3.7250029000         2.3500000000         1.3403916554         1.7376803560         0.1103689582
        3.7300026000         2.3500000000         1.3352870017         1.7300247236        -0.0226056902
        3.7350030000         2.3500000000         1.3403916554         1.7376803560         0.1103689582
        3.7400152000         2.3500000000         1.3378393285         1.7325766011         0.0438816340
        3.7450024000         2.3500000000         1.3429439823         1.7402322334         0.1768562824
        3.7500034000         2.3500000000         1.3429439823         1.7376803560         0.1768562824
        3.7550029000         2.3500000000         1.3378393285         1.7325766011         0.0438816340
        3.7600036000         2.3500000000         1.3352870017         1.7300247236        -0.0226056902
        3.7650030000         2.3500000000         1.3378393285         1.7300247236         0.0438816340
        3.7700022000         2.3500000000         1.3301823480         1.7274728461        -0.1555803387
        3.7750043000         2.3500000000         1.3276300211         1.7249209687        -0.2220676629
        3.7800025000         2.3500000000         1.3403916554         1.7274728461         0.1103689582
        3.7850040000         2.3500000000         1.3352870017         1.7325766011        -0.0226056902
        3.7900024000         2.3500000000         1.3352870017         1.7300247236        -0.0226056902
        3.7950037000         2.3500000000         1.3429439823         1.7402322334         0.1768562824
        3.8000026000         2.3500000000         1.3403916554         1.7376803560         0.1103689582
        3.8050028000         2.3500000000         1.3403916554         1.7402322334         0.1103689582
        3.8100025000         2.3500000000         1.3352870017         1.7325766011        -0.0226056902
        3.8150039000         2.3500000000         1.3352870017         1.7300247236        -0.0226056902
        3.8200026000         2.3500000000         1.3352870017         1.7325766011        -0.0226056902
        3.8250026000         2.3500000000         1.3403916554         1.7376803560         0.1103689582
        3.8300046000         2.3500000000         1.3352870017         1.7300247236        -0.0226056902
        3.8350037000         2.3500000000         1.3301823480         1.7274728461        -0.1555803387
        3.8400153000         2.3500000000         1.3352870017         1.7325766011        -0.0226056902
        3.8450023000         2.3500000000         1.3352870017         1.7325766011        -0.0226056902
        3.8500050000         2.3500000000         1.3378393285         1.7300247236         0.0438816340
        3.8550027000         2.3500000000         1.3403916554         1.7376803560         0.1103689582
        3.8600038000         2.3500000000         1.3352870017         1.7249209687        -0.0226056902
        3.8650027000         2.3500000000         1.3301823480         1.7223690912        -0.1555803387
        3.8700023000         2.3500000000         1.3301823480         1.7249209687        -0.1555803387
        3.8750020000         2.3500000000         1.3378393285         1.7325766011         0.0438816340
        3.8800047000         2.3500000000         1.3378393285         1.7376803560         0.0438816340
        3.8850035000         2.3500000000         1.3352870017         1.7300247236        -0.0226056902
        3.8900081000         2.3500000000         1.3429439823         1.7402322334         0.1768562824
        3.8950053000         2.3500000000         1.3429439823         1.7376803560         0.1768562824
        3.9000052000         2.3500000000         1.3352870017         1.7325766011        -0.0226056902
        3.9050026000         2.3500000000         1.3403916554         1.7402322334         0.1103689582
        3.9100044000         2.3500000000         1.3378393285         1.7300247236         0.0438816340
        3.9150040000         2.3500000000         1.3429439823         1.7376803560         0.1768562824
        3.9200027000         2.3500000000         1.3174207137         1.7325766011        -0.4880169598
        3.9250042000         2.3500000000         1.3352870017         1.7376803560        -0.0226056902
        3.9300044000         2.3500000000         1.3378393285         1.7325766011         0.0438816340
        3.9350055000         2.3500000000         1.3352870017         1.7325766011        -0.0226056902
        3.9401054000         2.3500000000         1.3352870017         1.7325766011        -0.0226056902
        3.9450035000         2.3500000000         1.3301823480         1.7274728461        -0.1555803387
        3.9500053000         2.3500000000         1.3378393285         1.7325766011         0.0438816340
        3.9550074000         2.3500000000         1.3454963091         1.7402322334         0.2433436067
        3.9600033000         2.3500000000         1.3429439823         1.7325766011         0.1768562824
        3.9650035000         2.3500000000         1.3403916554         1.7402322334         0.1103689582
        3.9700024000         2.3500000000         1.3403916554         1.7402322334         0.1103689582
        3.9750037000         2.3500000000         1.3403916554         1.7402322334         0.1103689582
        3.9800047000         2.3500000000         1.3301823480         1.7249209687        -0.1555803387
        3.9850036000         2.3500000000         1.3327346748         1.7274728461        -0.0890930145
        3.9900054000         2.3500000000         1.3378393285         1.7300247236         0.0438816340
        3.9950055000         2.3500000000         1.3378393285         1.7325766011         0.0438816340
