% Motor Sweep Step 2/180
% Vcmd       = 2.4900 [V]
% Direction  = CCW
% Zone       = DEADZONE
% Vg_offset  = 1.336155 [V]
% K_gimbal   = 26.049690 [(rad/s)/V]

Time[s]              Vcmd[V]              Vg_raw[V]            Pot[V]               Omega[rad/s]
        0.0000103000         2.4900000000         1.3352870017         1.7300247236        -0.0226056902
        0.0050072000         2.4900000000         1.3352870017         1.7300247236        -0.0226056902
        0.0100032000         2.4900000000         1.3429439823         1.7351284785         0.1768562824
        0.0150067000         2.4900000000         1.3429439823         1.7376803560         0.1768562824
        0.0200067000         2.4900000000         1.3352870017         1.7325766011        -0.0226056902
        0.0250059000         2.4900000000         1.3301823480         1.7249209687        -0.1555803387
        0.0300036000         2.4900000000         1.3352870017         1.7300247236        -0.0226056902
        0.0350066000         2.4900000000         1.3301823480         1.7274728461        -0.1555803387
        0.0400056000         2.4900000000         1.3506009628         1.7376803560         0.3763182551
        0.0450072000         2.4900000000         1.3301823480         1.7274728461        -0.1555803387
        0.0500036000         2.4900000000         1.3352870017         1.7325766011        -0.0226056902
        0.0550059000         2.4900000000         1.3454963091         1.7325766011         0.2433436067
        0.0600057000         2.4900000000         1.3506009628         1.7376803560         0.3763182551
        0.0650067000         2.4900000000         1.3301823480         1.7249209687        -0.1555803387
        0.0700045000         2.4900000000         1.3352870017         1.7325766011        -0.0226056902
        0.0750063000         2.4900000000         1.3352870017         1.7300247236        -0.0226056902
        0.0800161000         2.4900000000         1.3301823480         1.7249209687        -0.1555803387
        0.0850052000         2.4900000000         1.3301823480         1.7249209687        -0.1555803387
        0.0900050000         2.4900000000         1.3352870017         1.7325766011        -0.0226056902
        0.0950457000         2.4900000000         1.3301823480         1.7274728461        -0.1555803387
        0.1000056000         2.4900000000         1.3403916554         1.7351284785         0.1103689582
        0.1050050000         2.4900000000         1.3352870017         1.7300247236        -0.0226056902
        0.1100198000         2.4900000000         1.3301823480         1.7274728461        -0.1555803387
        0.1150053000         2.4900000000         1.3429439823         1.7376803560         0.1768562824
        0.1200259000         2.4900000000         1.3352870017         1.7325766011        -0.0226056902
        0.1250040000         2.4900000000         1.3403916554         1.7376803560         0.1103689582
        0.1300053000         2.4900000000         1.3301823480         1.7249209687        -0.1555803387
        0.1350097000         2.4900000000         1.3352870017         1.7325766011        -0.0226056902
        0.1400080000         2.4900000000         1.3327346748         1.7300247236        -0.0890930145
        0.1450101000         2.4900000000         1.3403916554         1.7249209687         0.1103689582
        0.1500108000         2.4900000000         1.3429439823         1.7351284785         0.1768562824
        0.1550114000         2.4900000000         1.3301823480         1.7249209687        -0.1555803387
        0.1600590000         2.4900000000         1.3352870017         1.7325766011        -0.0226056902
        0.1650064000         2.4900000000         1.3301823480         1.7249209687        -0.1555803387
        0.1700170000         2.4900000000         1.3378393285         1.7351284785         0.0438816340
        0.1750050000         2.4900000000         1.3301823480         1.7249209687        -0.1555803387
        0.1800071000         2.4900000000         1.3352870017         1.7300247236        -0.0226056902
        0.1850242000         2.4900000000         1.3403916554         1.7376803560         0.1103689582
        0.1900060000         2.4900000000         1.3403916554         1.7376803560         0.1103689582
        0.1950063000         2.4900000000         1.3301823480         1.7249209687        -0.1555803387
        0.2000047000         2.4900000000         1.3276300211         1.7274728461        -0.2220676629
        0.2050031000         2.4900000000         1.3327346748         1.7274728461        -0.0890930145
        0.2100058000         2.4900000000         1.3301823480         1.7249209687        -0.1555803387
        0.2150051000         2.4900000000         1.3378393285         1.7300247236         0.0438816340
        0.2200049000         2.4900000000         1.3352870017         1.7300247236        -0.0226056902
        0.2250062000         2.4900000000         1.3301823480         1.7274728461        -0.1555803387
        0.2300106000         2.4900000000         1.3429439823         1.7351284785         0.1768562824
        0.2350053000         2.4900000000         1.3403916554         1.7376803560         0.1103689582
        0.2400046000         2.4900000000         1.3352870017         1.7300247236        -0.0226056902
        0.2450031000         2.4900000000         1.3352870017         1.7300247236        -0.0226056902
        0.2500015000         2.4900000000         1.3327346748         1.7274728461        -0.0890930145
        0.2550078000         2.4900000000         1.3352870017         1.7300247236        -0.0226056902
        0.2600099000         2.4900000000         1.3327346748         1.7325766011        -0.0890930145
        0.2650063000         2.4900000000         1.3276300211         1.7249209687        -0.2220676629
        0.2700092000         2.4900000000         1.3352870017         1.7300247236        -0.0226056902
        0.2750067000         2.4900000000         1.3429439823         1.7376803560         0.1768562824
        0.2800094000         2.4900000000         1.3327346748         1.7274728461        -0.0890930145
        0.2850040000         2.4900000000         1.3276300211         1.7325766011        -0.2220676629
        0.2900021000         2.4900000000         1.3352870017         1.7300247236        -0.0226056902
        0.2950044000         2.4900000000         1.3352870017         1.7325766011        -0.0226056902
        0.3000033000         2.4900000000         1.3403916554         1.7274728461         0.1103689582
        0.3050045000         2.4900000000         1.3403916554         1.7376803560         0.1103689582
        0.3100023000         2.4900000000         1.3352870017         1.7300247236        -0.0226056902
        0.3150049000         2.4900000000         1.3352870017         1.7325766011        -0.0226056902
        0.3200028000         2.4900000000         1.3301823480         1.7249209687        -0.1555803387
        0.3250037000         2.4900000000         1.3403916554         1.7376803560         0.1103689582
        0.3300026000         2.4900000000         1.3352870017         1.7300247236        -0.0226056902
        0.3350031000         2.4900000000         1.3352870017         1.7300247236        -0.0226056902
        0.3400057000         2.4900000000         1.3352870017         1.7300247236        -0.0226056902
        0.3450048000         2.4900000000         1.3276300211         1.7300247236        -0.2220676629
        0.3500031000         2.4900000000         1.3403916554         1.7376803560         0.1103689582
        0.3550038000         2.4900000000         1.3301823480         1.7249209687        -0.1555803387
        0.3600020000         2.4900000000         1.3327346748         1.7249209687        -0.0890930145
        0.3650031000         2.4900000000         1.3454963091         1.7376803560         0.2433436067
        0.3700012000         2.4900000000         1.3429439823         1.7376803560         0.1768562824
        0.3750031000         2.4900000000         1.3480486360         1.7300247236         0.3098309309
        0.3800024000         2.4900000000         1.3276300211         1.7274728461        -0.2220676629
        0.3850028000         2.4900000000         1.3378393285         1.7300247236         0.0438816340
        0.3900069000         2.4900000000         1.3276300211         1.7274728461        -0.2220676629
        0.3950057000         2.4900000000         1.3301823480         1.7274728461        -0.1555803387
        0.4000055000         2.4900000000         1.3352870017         1.7325766011        -0.0226056902
        0.4050058000         2.4900000000         1.3352870017         1.7325766011        -0.0226056902
        0.4100143000         2.4900000000         1.3378393285         1.7325766011         0.0438816340
        0.4156714000         2.4900000000         1.3301823480         1.7274728461        -0.1555803387
        0.4200056000         2.4900000000         1.3352870017         1.7325766011        -0.0226056902
        0.4250058000         2.4900000000         1.3301823480         1.7274728461        -0.1555803387
        0.4300103000         2.4900000000         1.3429439823         1.7376803560         0.1768562824
        0.4350059000         2.4900000000         1.3378393285         1.7300247236         0.0438816340
        0.4400060000         2.4900000000         1.3429439823         1.7376803560         0.1768562824
        0.4450074000         2.4900000000         1.3352870017         1.7300247236        -0.0226056902
        0.4500066000         2.4900000000         1.3301823480         1.7249209687        -0.1555803387
        0.4550047000         2.4900000000         1.3352870017         1.7325766011        -0.0226056902
        0.4600067000         2.4900000000         1.3429439823         1.7376803560         0.1768562824
        0.4650035000         2.4900000000         1.3301823480         1.7274728461        -0.1555803387
        0.4700062000         2.4900000000         1.3352870017         1.7300247236        -0.0226056902
        0.4750051000         2.4900000000         1.3276300211         1.7325766011        -0.2220676629
        0.4800049000         2.4900000000         1.3352870017         1.7300247236        -0.0226056902
        0.4851553000         2.4900000000         1.3301823480         1.7249209687        -0.1555803387
        0.4900047000         2.4900000000         1.3352870017         1.7300247236        -0.0226056902
        0.4950047000         2.4900000000         1.3352870017         1.7325766011        -0.0226056902
        0.5000029000         2.4900000000         1.3429439823         1.7376803560         0.1768562824
        0.5050043000         2.4900000000         1.3378393285         1.7300247236         0.0438816340
        0.5100051000         2.4900000000         1.3403916554         1.7376803560         0.1103689582
        0.5150122000         2.4900000000         1.3429439823         1.7376803560         0.1768562824
        0.5200039000         2.4900000000         1.3301823480         1.7249209687        -0.1555803387
        0.5250254000         2.4900000000         1.3352870017         1.7300247236        -0.0226056902
        0.5300042000         2.4900000000         1.3352870017         1.7325766011        -0.0226056902
        0.5350048000         2.4900000000         1.3352870017         1.7300247236        -0.0226056902
        0.5400047000         2.4900000000         1.3352870017         1.7300247236        -0.0226056902
        0.5450035000         2.4900000000         1.3352870017         1.7325766011        -0.0226056902
        0.5500030000         2.4900000000         1.3429439823         1.7376803560         0.1768562824
        0.5550048000         2.4900000000         1.3352870017         1.7300247236        -0.0226056902
        0.5600032000         2.4900000000         1.3352870017         1.7300247236        -0.0226056902
        0.5650046000         2.4900000000         1.3352870017         1.7325766011        -0.0226056902
        0.5700051000         2.4900000000         1.3352870017         1.7300247236        -0.0226056902
        0.5750034000         2.4900000000         1.3352870017         1.7300247236        -0.0226056902
        0.5800045000         2.4900000000         1.3352870017         1.7325766011        -0.0226056902
        0.5850029000         2.4900000000         1.3378393285         1.7325766011         0.0438816340
        0.5900081000         2.4900000000         1.3301823480         1.7300247236        -0.1555803387
        0.5950063000         2.4900000000         1.3403916554         1.7300247236         0.1103689582
        0.6000070000         2.4900000000         1.3378393285         1.7249209687         0.0438816340
        0.6050047000         2.4900000000         1.3352870017         1.7351284785        -0.0226056902
        0.6100035000         2.4900000000         1.3352870017         1.7300247236        -0.0226056902
        0.6150031000         2.4900000000         1.3352870017         1.7300247236        -0.0226056902
        0.6200015000         2.4900000000         1.3454963091         1.7300247236         0.2433436067
        0.6250014000         2.4900000000         1.3352870017         1.7351284785        -0.0226056902
        0.6300057000         2.4900000000         1.3352870017         1.7325766011        -0.0226056902
        0.6350081000         2.4900000000         1.3403916554         1.7402322334         0.1103689582
        0.6400047000         2.4900000000         1.3429439823         1.7351284785         0.1768562824
        0.6450057000         2.4900000000         1.3429439823         1.7376803560         0.1768562824
        0.6500040000         2.4900000000         1.3352870017         1.7300247236        -0.0226056902
        0.6550055000         2.4900000000         1.3352870017         1.7325766011        -0.0226056902
        0.6600061000         2.4900000000         1.3352870017         1.7325766011        -0.0226056902
        0.6650055000         2.4900000000         1.3429439823         1.7376803560         0.1768562824
        0.6700054000         2.4900000000         1.3352870017         1.7300247236        -0.0226056902
        0.6750059000         2.4900000000         1.3352870017         1.7300247236        -0.0226056902
        0.6800097000         2.4900000000         1.3403916554         1.7376803560         0.1103689582
        0.6850050000         2.4900000000         1.3378393285         1.7300247236         0.0438816340
        0.6900064000         2.4900000000         1.3352870017         1.7300247236        -0.0226056902
        0.6950056000         2.4900000000         1.3301823480         1.7274728461        -0.1555803387
        0.7000039000         2.4900000000         1.3327346748         1.7274728461        -0.0890930145
        0.7050062000         2.4900000000         1.3454963091         1.7325766011         0.2433436067
        0.7100060000         2.4900000000         1.3429439823         1.7376803560         0.1768562824
        0.7150060000         2.4900000000         1.3429439823         1.7402322334         0.1768562824
        0.7200041000         2.4900000000         1.3352870017         1.7300247236        -0.0226056902
        0.7250058000         2.4900000000         1.3352870017         1.7300247236        -0.0226056902
        0.7300038000         2.4900000000         1.3301823480         1.7274728461        -0.1555803387
        0.7350054000         2.4900000000         1.3352870017         1.7325766011        -0.0226056902
        0.7400039000         2.4900000000         1.3327346748         1.7300247236        -0.0890930145
        0.7450046000         2.4900000000         1.3429439823         1.7376803560         0.1768562824
        0.7500037000         2.4900000000         1.3352870017         1.7300247236        -0.0226056902
        0.7550049000         2.4900000000         1.3352870017         1.7300247236        -0.0226056902
        0.7600033000         2.4900000000         1.3301823480         1.7274728461        -0.1555803387
        0.7650046000         2.4900000000         1.3352870017         1.7300247236        -0.0226056902
        0.7700051000         2.4900000000         1.3301823480         1.7249209687        -0.1555803387
        0.7750049000         2.4900000000         1.3378393285         1.7325766011         0.0438816340
        0.7800034000         2.4900000000         1.3352870017         1.7325766011        -0.0226056902
        0.7850053000         2.4900000000         1.3403916554         1.7325766011         0.1103689582
        0.7900043000         2.4900000000         1.3352870017         1.7325766011        -0.0226056902
        0.7950056000         2.4900000000         1.3301823480         1.7274728461        -0.1555803387
        0.8000037000         2.4900000000         1.3301823480         1.7249209687        -0.1555803387
        0.8050110000         2.4900000000         1.3403916554         1.7376803560         0.1103689582
        0.8100056000         2.4900000000         1.3352870017         1.7300247236        -0.0226056902
        0.8150161000         2.4900000000         1.3301823480         1.7249209687        -0.1555803387
        0.8200255000         2.4900000000         1.3352870017         1.7300247236        -0.0226056902
        0.8250066000         2.4900000000         1.3352870017         1.7300247236        -0.0226056902
        0.8300046000         2.4900000000         1.3352870017         1.7325766011        -0.0226056902
        0.8350051000         2.4900000000         1.3352870017         1.7300247236        -0.0226056902
        0.8400352000         2.4900000000         1.3327346748         1.7249209687        -0.0890930145
        0.8450059000         2.4900000000         1.3454963091         1.7351284785         0.2433436067
        0.8500056000         2.4900000000         1.3429439823         1.7325766011         0.1768562824
        0.8550041000         2.4900000000         1.3352870017         1.7300247236        -0.0226056902
        0.8600059000         2.4900000000         1.3301823480         1.7249209687        -0.1555803387
        0.8650033000         2.4900000000         1.3352870017         1.7300247236        -0.0226056902
        0.8700037000         2.4900000000         1.3352870017         1.7325766011        -0.0226056902
        0.8750041000         2.4900000000         1.3429439823         1.7376803560         0.1768562824
        0.8800055000         2.4900000000         1.3301823480         1.7300247236        -0.1555803387
        0.8850040000         2.4900000000         1.3378393285         1.7325766011         0.0438816340
        0.8900064000         2.4900000000         1.3429439823         1.7351284785         0.1768562824
        0.8950093000         2.4900000000         1.3301823480         1.7249209687        -0.1555803387
        0.9000070000         2.4900000000         1.3352870017         1.7300247236        -0.0226056902
        0.9050042000         2.4900000000         1.3352870017         1.7300247236        -0.0226056902
        0.9100062000         2.4900000000         1.3403916554         1.7376803560         0.1103689582
        0.9150049000         2.4900000000         1.3327346748         1.7325766011        -0.0890930145
        0.9200053000         2.4900000000         1.3352870017         1.7325766011        -0.0226056902
        0.9250038000         2.4900000000         1.3352870017         1.7325766011        -0.0226056902
        0.9300053000         2.4900000000         1.3429439823         1.7376803560         0.1768562824
        0.9350030000         2.4900000000         1.3352870017         1.7325766011        -0.0226056902
        0.9400108000         2.4900000000         1.3327346748         1.7249209687        -0.0890930145
        0.9450054000         2.4900000000         1.3276300211         1.7249209687        -0.2220676629
        0.9500057000         2.4900000000         1.3352870017         1.7325766011        -0.0226056902
        0.9550033000         2.4900000000         1.3352870017         1.7300247236        -0.0226056902
        0.9600049000         2.4900000000         1.3352870017         1.7325766011        -0.0226056902
        0.9650045000         2.4900000000         1.3301823480         1.7249209687        -0.1555803387
        0.9700046000         2.4900000000         1.3352870017         1.7325766011        -0.0226056902
        0.9750029000         2.4900000000         1.3276300211         1.7249209687        -0.2220676629
        0.9800047000         2.4900000000         1.3301823480         1.7249209687        -0.1555803387
        0.9850031000         2.4900000000         1.3301823480         1.7249209687        -0.1555803387
        0.9900080000         2.4900000000         1.3301823480         1.7249209687        -0.1555803387
        0.9950037000         2.4900000000         1.3352870017         1.7300247236        -0.0226056902
        1.0000059000         2.4900000000         1.3352870017         1.7300247236        -0.0226056902
        1.0050036000         2.4900000000         1.3352870017         1.7325766011        -0.0226056902
        1.0100058000         2.4900000000         1.3403916554         1.7376803560         0.1103689582
        1.0150036000         2.4900000000         1.3352870017         1.7300247236        -0.0226056902
        1.0200048000         2.4900000000         1.3352870017         1.7300247236        -0.0226056902
        1.0250033000         2.4900000000         1.3301823480         1.7249209687        -0.1555803387
        1.0300057000         2.4900000000         1.3429439823         1.7325766011         0.1768562824
        1.0350042000         2.4900000000         1.3403916554         1.7376803560         0.1103689582
        1.0400045000         2.4900000000         1.3403916554         1.7402322334         0.1103689582
        1.0450035000         2.4900000000         1.3378393285         1.7300247236         0.0438816340
        1.0500051000         2.4900000000         1.3352870017         1.7300247236        -0.0226056902
        1.0550048000         2.4900000000         1.3352870017         1.7325766011        -0.0226056902
        1.0600063000         2.4900000000         1.3352870017         1.7325766011        -0.0226056902
        1.0650057000         2.4900000000         1.3429439823         1.7376803560         0.1768562824
        1.0700067000         2.4900000000         1.3352870017         1.7300247236        -0.0226056902
        1.0750061000         2.4900000000         1.3327346748         1.7300247236        -0.0890930145
        1.0800054000         2.4900000000         1.3352870017         1.7300247236        -0.0226056902
        1.0850032000         2.4900000000         1.3327346748         1.7274728461        -0.0890930145
        1.0900046000         2.4900000000         1.3276300211         1.7274728461        -0.2220676629
        1.0950044000         2.4900000000         1.3378393285         1.7300247236         0.0438816340
        1.1000049000         2.4900000000         1.3454963091         1.7376803560         0.2433436067
        1.1050032000         2.4900000000         1.3403916554         1.7300247236         0.1103689582
        1.1100063000         2.4900000000         1.3276300211         1.7249209687        -0.2220676629
        1.1150050000         2.4900000000         1.3327346748         1.7249209687        -0.0890930145
        1.1200049000         2.4900000000         1.3301823480         1.7249209687        -0.1555803387
        1.1250259000         2.4900000000         1.3403916554         1.7351284785         0.1103689582
        1.1300056000         2.4900000000         1.3301823480         1.7274728461        -0.1555803387
        1.1350043000         2.4900000000         1.3301823480         1.7249209687        -0.1555803387
        1.1400046000         2.4900000000         1.3301823480         1.7274728461        -0.1555803387
        1.1450048000         2.4900000000         1.3352870017         1.7300247236        -0.0226056902
        1.1500040000         2.4900000000         1.3352870017         1.7300247236        -0.0226056902
        1.1550051000         2.4900000000         1.3276300211         1.7274728461        -0.2220676629
        1.1600032000         2.4900000000         1.3352870017         1.7300247236        -0.0226056902
        1.1650047000         2.4900000000         1.3301823480         1.7249209687        -0.1555803387
        1.1700084000         2.4900000000         1.3403916554         1.7376803560         0.1103689582
        1.1750055000         2.4900000000         1.3352870017         1.7300247236        -0.0226056902
        1.1800048000         2.4900000000         1.3301823480         1.7249209687        -0.1555803387
        1.1850049000         2.4900000000         1.3403916554         1.7300247236         0.1103689582
        1.1900078000         2.4900000000         1.3301823480         1.7300247236        -0.1555803387
        1.1950047000         2.4900000000         1.3301823480         1.7249209687        -0.1555803387
        1.2000054000         2.4900000000         1.3378393285         1.7300247236         0.0438816340
        1.2050046000         2.4900000000         1.3301823480         1.7274728461        -0.1555803387
        1.2100036000         2.4900000000         1.3352870017         1.7300247236        -0.0226056902
        1.2150045000         2.4900000000         1.3403916554         1.7376803560         0.1103689582
        1.2200048000         2.4900000000         1.3403916554         1.7376803560         0.1103689582
        1.2250049000         2.4900000000         1.3352870017         1.7300247236        -0.0226056902
        1.2300062000         2.4900000000         1.3301823480         1.7249209687        -0.1555803387
        1.2350086000         2.4900000000         1.3352870017         1.7325766011        -0.0226056902
        1.2400044000         2.4900000000         1.3352870017         1.7300247236        -0.0226056902
        1.2450047000         2.4900000000         1.3429439823         1.7376803560         0.1768562824
        1.2500029000         2.4900000000         1.3429439823         1.7376803560         0.1768562824
        1.2550047000         2.4900000000         1.3352870017         1.7300247236        -0.0226056902
        1.2600055000         2.4900000000         1.3276300211         1.7249209687        -0.2220676629
        1.2650086000         2.4900000000         1.3352870017         1.7300247236        -0.0226056902
        1.2700025000         2.4900000000         1.3352870017         1.7325766011        -0.0226056902
        1.2750047000         2.4900000000         1.3378393285         1.7325766011         0.0438816340
        1.2800038000         2.4900000000         1.3454963091         1.7325766011         0.2433436067
        1.2850094000         2.4900000000         1.3429439823         1.7376803560         0.1768562824
        1.2900630000         2.4900000000         1.3429439823         1.7376803560         0.1768562824
        1.2950050000         2.4900000000         1.3429439823         1.7376803560         0.1768562824
        1.3000047000         2.4900000000         1.3403916554         1.7376803560         0.1103689582
        1.3050079000         2.4900000000         1.3429439823         1.7376803560         0.1768562824
        1.3100061000         2.4900000000         1.3352870017         1.7300247236        -0.0226056902
        1.3150088000         2.4900000000         1.3429439823         1.7351284785         0.1768562824
        1.3200046000         2.4900000000         1.3352870017         1.7325766011        -0.0226056902
        1.3250061000         2.4900000000         1.3378393285         1.7300247236         0.0438816340
        1.3300039000         2.4900000000         1.3352870017         1.7300247236        -0.0226056902
        1.3350029000         2.4900000000         1.3301823480         1.7274728461        -0.1555803387
        1.3400050000         2.4900000000         1.3352870017         1.7325766011        -0.0226056902
        1.3450027000         2.4900000000         1.3480486360         1.7376803560         0.3098309309
        1.3500041000         2.4900000000         1.3301823480         1.7249209687        -0.1555803387
        1.3550117000         2.4900000000         1.3301823480         1.7249209687        -0.1555803387
        1.3600099000         2.4900000000         1.3352870017         1.7325766011        -0.0226056902
        1.3650073000         2.4900000000         1.3352870017         1.7325766011        -0.0226056902
        1.3700046000         2.4900000000         1.3352870017         1.7300247236        -0.0226056902
        1.3750034000         2.4900000000         1.3352870017         1.7300247236        -0.0226056902
        1.3800326000         2.4900000000         1.3352870017         1.7300247236        -0.0226056902
        1.3850118000         2.4900000000         1.3301823480         1.7274728461        -0.1555803387
        1.3902732000         2.4900000000         1.3301823480         1.7274728461        -0.1555803387
        1.3950046000         2.4900000000         1.3352870017         1.7300247236        -0.0226056902
        1.4000058000         2.4900000000         1.3352870017         1.7325766011        -0.0226056902
        1.4050040000         2.4900000000         1.3429439823         1.7376803560         0.1768562824
        1.4100055000         2.4900000000         1.3429439823         1.7376803560         0.1768562824
        1.4150053000         2.4900000000         1.3352870017         1.7325766011        -0.0226056902
        1.4200036000         2.4900000000         1.3454963091         1.7376803560         0.2433436067
        1.4250035000         2.4900000000         1.3454963091         1.7300247236         0.2433436067
        1.4300052000         2.4900000000         1.3352870017         1.7351284785        -0.0226056902
        1.4350048000         2.4900000000         1.3276300211         1.7249209687        -0.2220676629
        1.4400046000         2.4900000000         1.3352870017         1.7325766011        -0.0226056902
        1.4450057000         2.4900000000         1.3429439823         1.7376803560         0.1768562824
        1.4500075000         2.4900000000         1.3429439823         1.7351284785         0.1768562824
        1.4550043000         2.4900000000         1.3352870017         1.7300247236        -0.0226056902
        1.4600051000         2.4900000000         1.3403916554         1.7376803560         0.1103689582
        1.4650033000         2.4900000000         1.3352870017         1.7300247236        -0.0226056902
        1.4700038000         2.4900000000         1.3352870017         1.7300247236        -0.0226056902
        1.4750054000         2.4900000000         1.3276300211         1.7223690912        -0.2220676629
        1.4802096000         2.4900000000         1.3352870017         1.7325766011        -0.0226056902
        1.4850079000         2.4900000000         1.3327346748         1.7274728461        -0.0890930145
        1.4901280000         2.4900000000         1.3378393285         1.7325766011         0.0438816340
        1.4950062000         2.4900000000         1.3403916554         1.7300247236         0.1103689582
        1.5000064000         2.4900000000         1.3378393285         1.7325766011         0.0438816340
        1.5050046000         2.4900000000         1.3429439823         1.7376803560         0.1768562824
        1.5100048000         2.4900000000         1.3301823480         1.7249209687        -0.1555803387
        1.5150066000         2.4900000000         1.3403916554         1.7376803560         0.1103689582
        1.5200054000         2.4900000000         1.3352870017         1.7325766011        -0.0226056902
        1.5250041000         2.4900000000         1.3352870017         1.7325766011        -0.0226056902
        1.5300013000         2.4900000000         1.3352870017         1.7325766011        -0.0226056902
        1.5350026000         2.4900000000         1.3301823480         1.7249209687        -0.1555803387
        1.5400056000         2.4900000000         1.3429439823         1.7376803560         0.1768562824
        1.5450026000         2.4900000000         1.3352870017         1.7300247236        -0.0226056902
        1.5500014000         2.4900000000         1.3301823480         1.7274728461        -0.1555803387
        1.5550040000         2.4900000000         1.3429439823         1.7376803560         0.1768562824
        1.5600024000         2.4900000000         1.3352870017         1.7300247236        -0.0226056902
        1.5650031000         2.4900000000         1.3352870017         1.7325766011        -0.0226056902
        1.5700017000         2.4900000000         1.3403916554         1.7376803560         0.1103689582
        1.5750040000         2.4900000000         1.3352870017         1.7300247236        -0.0226056902
        1.5800026000         2.4900000000         1.3429439823         1.7376803560         0.1768562824
        1.5850026000         2.4900000000         1.3454963091         1.7300247236         0.2433436067
        1.5900056000         2.4900000000         1.3429439823         1.7376803560         0.1768562824
        1.5950026000         2.4900000000         1.3276300211         1.7274728461        -0.2220676629
        1.6000057000         2.4900000000         1.3352870017         1.7325766011        -0.0226056902
        1.6050038000         2.4900000000         1.3352870017         1.7300247236        -0.0226056902
        1.6100019000         2.4900000000         1.3352870017         1.7325766011        -0.0226056902
        1.6150014000         2.4900000000         1.3429439823         1.7376803560         0.1768562824
        1.6200054000         2.4900000000         1.3352870017         1.7325766011        -0.0226056902
        1.6250047000         2.4900000000         1.3352870017         1.7325766011        -0.0226056902
        1.6300026000         2.4900000000         1.3429439823         1.7376803560         0.1768562824
        1.6350057000         2.4900000000         1.3327346748         1.7249209687        -0.0890930145
        1.6400039000         2.4900000000         1.3301823480         1.7249209687        -0.1555803387
        1.6451178000         2.4900000000         1.3429439823         1.7300247236         0.1768562824
        1.6500038000         2.4900000000         1.3301823480         1.7223690912        -0.1555803387
        1.6551877000         2.4900000000         1.3301823480         1.7249209687        -0.1555803387
        1.6600067000         2.4900000000         1.3327346748         1.7249209687        -0.0890930145
        1.6655820000         2.4900000000         1.3276300211         1.7274728461        -0.2220676629
        1.6700037000         2.4900000000         1.3327346748         1.7300247236        -0.0890930145
        1.6759655000         2.4900000000         1.3378393285         1.7300247236         0.0438816340
        1.6800065000         2.4900000000         1.3301823480         1.7249209687        -0.1555803387
        1.6850045000         2.4900000000         1.3327346748         1.7249209687        -0.0890930145
        1.6900026000         2.4900000000         1.3378393285         1.7325766011         0.0438816340
        1.6950021000         2.4900000000         1.3276300211         1.7274728461        -0.2220676629
        1.7000014000         2.4900000000         1.3403916554         1.7351284785         0.1103689582
        1.7050012000         2.4900000000         1.3301823480         1.7274728461        -0.1555803387
        1.7100043000         2.4900000000         1.3352870017         1.7325766011        -0.0226056902
        1.7150017000         2.4900000000         1.3429439823         1.7376803560         0.1768562824
        1.7200037000         2.4900000000         1.3352870017         1.7325766011        -0.0226056902
        1.7250047000         2.4900000000         1.3429439823         1.7376803560         0.1768562824
        1.7300033000         2.4900000000         1.3301823480         1.7274728461        -0.1555803387
        1.7350129000         2.4900000000         1.3378393285         1.7300247236         0.0438816340
        1.7400033000         2.4900000000         1.3225253674         1.7300247236        -0.3550423114
        1.7450013000         2.4900000000         1.3276300211         1.7249209687        -0.2220676629
        1.7500019000         2.4900000000         1.3352870017         1.7300247236        -0.0226056902
        1.7550013000         2.4900000000         1.3301823480         1.7249209687        -0.1555803387
        1.7600043000         2.4900000000         1.3352870017         1.7300247236        -0.0226056902
        1.7650023000         2.4900000000         1.3352870017         1.7325766011        -0.0226056902
        1.7700042000         2.4900000000         1.3352870017         1.7300247236        -0.0226056902
        1.7750084000         2.4900000000         1.3429439823         1.7376803560         0.1768562824
        1.7800047000         2.4900000000         1.3352870017         1.7300247236        -0.0226056902
        1.7850136000         2.4900000000         1.3403916554         1.7376803560         0.1103689582
        1.7900038000         2.4900000000         1.3301823480         1.7274728461        -0.1555803387
        1.7950064000         2.4900000000         1.3352870017         1.7325766011        -0.0226056902
        1.8000033000         2.4900000000         1.3301823480         1.7249209687        -0.1555803387
        1.8050061000         2.4900000000         1.3352870017         1.7300247236        -0.0226056902
        1.8100062000         2.4900000000         1.3429439823         1.7376803560         0.1768562824
        1.8150173000         2.4900000000         1.3327346748         1.7249209687        -0.0890930145
        1.8200070000         2.4900000000         1.3352870017         1.7300247236        -0.0226056902
        1.8250054000         2.4900000000         1.3352870017         1.7300247236        -0.0226056902
        1.8300035000         2.4900000000         1.3301823480         1.7249209687        -0.1555803387
        1.8350059000         2.4900000000         1.3352870017         1.7300247236        -0.0226056902
        1.8400052000         2.4900000000         1.3352870017         1.7325766011        -0.0226056902
        1.8450065000         2.4900000000         1.3352870017         1.7300247236        -0.0226056902
        1.8500058000         2.4900000000         1.3301823480         1.7249209687        -0.1555803387
        1.8550062000         2.4900000000         1.3352870017         1.7300247236        -0.0226056902
        1.8600086000         2.4900000000         1.3403916554         1.7376803560         0.1103689582
        1.8650049000         2.4900000000         1.3352870017         1.7300247236        -0.0226056902
        1.8700049000         2.4900000000         1.3276300211         1.7249209687        -0.2220676629
        1.8750050000         2.4900000000         1.3429439823         1.7376803560         0.1768562824
        1.8800027000         2.4900000000         1.3301823480         1.7274728461        -0.1555803387
        1.8850054000         2.4900000000         1.3454963091         1.7376803560         0.2433436067
        1.8900038000         2.4900000000         1.3378393285         1.7274728461         0.0438816340
        1.8950116000         2.4900000000         1.3352870017         1.7300247236        -0.0226056902
        1.9000695000         2.4900000000         1.3352870017         1.7325766011        -0.0226056902
        1.9050112000         2.4900000000         1.3352870017         1.7300247236        -0.0226056902
        1.9100126000         2.4900000000         1.3352870017         1.7325766011        -0.0226056902
        1.9150037000         2.4900000000         1.3352870017         1.7325766011        -0.0226056902
        1.9200033000         2.4900000000         1.3352870017         1.7300247236        -0.0226056902
        1.9250048000         2.4900000000         1.3429439823         1.7376803560         0.1768562824
        1.9300110000         2.4900000000         1.3352870017         1.7300247236        -0.0226056902
        1.9350062000         2.4900000000         1.3352870017         1.7300247236        -0.0226056902
        1.9400049000         2.4900000000         1.3429439823         1.7351284785         0.1768562824
        1.9450072000         2.4900000000         1.3352870017         1.7300247236        -0.0226056902
        1.9521697000         2.4900000000         1.3352870017         1.7300247236        -0.0226056902
        1.9550586000         2.4900000000         1.3352870017         1.7325766011        -0.0226056902
        1.9600632000         2.4900000000         1.3352870017         1.7300247236        -0.0226056902
        1.9650093000         2.4900000000         1.3327346748         1.7325766011        -0.0890930145
        1.9700090000         2.4900000000         1.3301823480         1.7249209687        -0.1555803387
        1.9750069000         2.4900000000         1.3352870017         1.7300247236        -0.0226056902
        1.9800058000         2.4900000000         1.3352870017         1.7325766011        -0.0226056902
        1.9850063000         2.4900000000         1.3378393285         1.7300247236         0.0438816340
        1.9900365000         2.4900000000         1.3429439823         1.7351284785         0.1768562824
        1.9950064000         2.4900000000         1.3378393285         1.7300247236         0.0438816340
        2.0000075000         2.4900000000         1.3403916554         1.7376803560         0.1103689582
        2.0050080000         2.4900000000         1.3403916554         1.7376803560         0.1103689582
        2.0100078000         2.4900000000         1.3429439823         1.7376803560         0.1768562824
        2.0150091000         2.4900000000         1.3378393285         1.7325766011         0.0438816340
        2.0200139000         2.4900000000         1.3429439823         1.7376803560         0.1768562824
        2.0250119000         2.4900000000         1.3454963091         1.7325766011         0.2433436067
        2.0300091000         2.4900000000         1.3352870017         1.7300247236        -0.0226056902
        2.0350073000         2.4900000000         1.3429439823         1.7300247236         0.1768562824
        2.0400087000         2.4900000000         1.3225253674         1.7274728461        -0.3550423114
        2.0450116000         2.4900000000         1.3403916554         1.7376803560         0.1103689582
        2.0500299000         2.4900000000         1.3403916554         1.7376803560         0.1103689582
        2.0550278000         2.4900000000         1.3352870017         1.7300247236        -0.0226056902
        2.0600081000         2.4900000000         1.3301823480         1.7274728461        -0.1555803387
        2.0650049000         2.4900000000         1.3352870017         1.7325766011        -0.0226056902
        2.0700024000         2.4900000000         1.3276300211         1.7274728461        -0.2220676629
        2.0750042000         2.4900000000         1.3403916554         1.7376803560         0.1103689582
        2.0800059000         2.4900000000         1.3429439823         1.7402322334         0.1768562824
        2.0850146000         2.4900000000         1.3352870017         1.7300247236        -0.0226056902
        2.0900092000         2.4900000000         1.3352870017         1.7351284785        -0.0226056902
        2.0950075000         2.4900000000         1.3352870017         1.7300247236        -0.0226056902
        2.1000044000         2.4900000000         1.3301823480         1.7274728461        -0.1555803387
        2.1050049000         2.4900000000         1.3352870017         1.7300247236        -0.0226056902
        2.1100069000         2.4900000000         1.3327346748         1.7249209687        -0.0890930145
        2.1150047000         2.4900000000         1.3276300211         1.7249209687        -0.2220676629
        2.1200040000         2.4900000000         1.3276300211         1.7249209687        -0.2220676629
        2.1250052000         2.4900000000         1.3352870017         1.7325766011        -0.0226056902
        2.1300072000         2.4900000000         1.3378393285         1.7325766011         0.0438816340
        2.1351784000         2.4900000000         1.3352870017         1.7300247236        -0.0226056902
        2.1400057000         2.4900000000         1.3480486360         1.7376803560         0.3098309309
        2.1450049000         2.4900000000         1.3352870017         1.7300247236        -0.0226056902
        2.1500050000         2.4900000000         1.3352870017         1.7300247236        -0.0226056902
        2.1550028000         2.4900000000         1.3301823480         1.7249209687        -0.1555803387
        2.1600138000         2.4900000000         1.3429439823         1.7351284785         0.1768562824
        2.1650046000         2.4900000000         1.3352870017         1.7300247236        -0.0226056902
        2.1700067000         2.4900000000         1.3352870017         1.7300247236        -0.0226056902
        2.1750040000         2.4900000000         1.3276300211         1.7249209687        -0.2220676629
        2.1800117000         2.4900000000         1.3301823480         1.7249209687        -0.1555803387
        2.1850039000         2.4900000000         1.3327346748         1.7300247236        -0.0890930145
        2.1900087000         2.4900000000         1.3352870017         1.7325766011        -0.0226056902
        2.1950056000         2.4900000000         1.3327346748         1.7274728461        -0.0890930145
        2.2000061000         2.4900000000         1.3378393285         1.7325766011         0.0438816340
        2.2052158000         2.4900000000         1.3352870017         1.7300247236        -0.0226056902
        2.2100062000         2.4900000000         1.3403916554         1.7325766011         0.1103689582
        2.2150810000         2.4900000000         1.3301823480         1.7274728461        -0.1555803387
        2.2200038000         2.4900000000         1.3352870017         1.7300247236        -0.0226056902
        2.2250059000         2.4900000000         1.3276300211         1.7249209687        -0.2220676629
        2.2300061000         2.4900000000         1.3352870017         1.7325766011        -0.0226056902
        2.2350064000         2.4900000000         1.3378393285         1.7300247236         0.0438816340
        2.2400061000         2.4900000000         1.3276300211         1.7274728461        -0.2220676629
        2.2450075000         2.4900000000         1.3327346748         1.7300247236        -0.0890930145
        2.2500060000         2.4900000000         1.3352870017         1.7325766011        -0.0226056902
        2.2550034000         2.4900000000         1.3352870017         1.7300247236        -0.0226056902
        2.2600059000         2.4900000000         1.3403916554         1.7351284785         0.1103689582
        2.2650039000         2.4900000000         1.3352870017         1.7325766011        -0.0226056902
        2.2700061000         2.4900000000         1.3403916554         1.7376803560         0.1103689582
        2.2750032000         2.4900000000         1.3352870017         1.7300247236        -0.0226056902
        2.2800061000         2.4900000000         1.3250776943         1.7300247236        -0.2885549871
        2.2850049000         2.4900000000         1.3327346748         1.7249209687        -0.0890930145
        2.2900064000         2.4900000000         1.3301823480         1.7274728461        -0.1555803387
        2.2950728000         2.4900000000         1.3301823480         1.7274728461        -0.1555803387
        2.3000033000         2.4900000000         1.3352870017         1.7300247236        -0.0226056902
        2.3054149000         2.4900000000         1.3301823480         1.7274728461        -0.1555803387
        2.3100109000         2.4900000000         1.3352870017         1.7300247236        -0.0226056902
        2.3151831000         2.4900000000         1.3352870017         1.7325766011        -0.0226056902
        2.3200060000         2.4900000000         1.3352870017         1.7325766011        -0.0226056902
        2.3250126000         2.4900000000         1.3276300211         1.7249209687        -0.2220676629
        2.3300088000         2.4900000000         1.3378393285         1.7325766011         0.0438816340
        2.3350113000         2.4900000000         1.3352870017         1.7325766011        -0.0226056902
        2.3400113000         2.4900000000         1.3199730405         1.7325766011        -0.4215296356
        2.3450078000         2.4900000000         1.3352870017         1.7325766011        -0.0226056902
        2.3500121000         2.4900000000         1.3301823480         1.7223690912        -0.1555803387
        2.3550131000         2.4900000000         1.3429439823         1.7376803560         0.1768562824
        2.3600053000         2.4900000000         1.3403916554         1.7376803560         0.1103689582
        2.3650076000         2.4900000000         1.3429439823         1.7376803560         0.1768562824
        2.3700053000         2.4900000000         1.3276300211         1.7249209687        -0.2220676629
        2.3750079000         2.4900000000         1.3276300211         1.7274728461        -0.2220676629
        2.3800057000         2.4900000000         1.3429439823         1.7402322334         0.1768562824
        2.3850067000         2.4900000000         1.3276300211         1.7249209687        -0.2220676629
        2.3900063000         2.4900000000         1.3352870017         1.7325766011        -0.0226056902
        2.3950067000         2.4900000000         1.3327346748         1.7325766011        -0.0890930145
        2.4000053000         2.4900000000         1.3403916554         1.7376803560         0.1103689582
        2.4050062000         2.4900000000         1.3403916554         1.7376803560         0.1103689582
        2.4100307000         2.4900000000         1.3378393285         1.7325766011         0.0438816340
        2.4150062000         2.4900000000         1.3301823480         1.7274728461        -0.1555803387
        2.4200039000         2.4900000000         1.3352870017         1.7325766011        -0.0226056902
        2.4250052000         2.4900000000         1.3378393285         1.7325766011         0.0438816340
        2.4300037000         2.4900000000         1.3352870017         1.7300247236        -0.0226056902
        2.4350047000         2.4900000000         1.3403916554         1.7376803560         0.1103689582
        2.4400042000         2.4900000000         1.3352870017         1.7300247236        -0.0226056902
        2.4450030000         2.4900000000         1.3301823480         1.7249209687        -0.1555803387
        2.4500046000         2.4900000000         1.3301823480         1.7274728461        -0.1555803387
        2.4550054000         2.4900000000         1.3327346748         1.7325766011        -0.0890930145
        2.4600056000         2.4900000000         1.3352870017         1.7300247236        -0.0226056902
        2.4650123000         2.4900000000         1.3301823480         1.7274728461        -0.1555803387
        2.4700070000         2.4900000000         1.3301823480         1.7249209687        -0.1555803387
        2.4750135000         2.4900000000         1.3429439823         1.7376803560         0.1768562824
        2.4800048000         2.4900000000         1.3403916554         1.7376803560         0.1103689582
        2.4850136000         2.4900000000         1.3378393285         1.7300247236         0.0438816340
        2.4900052000         2.4900000000         1.3327346748         1.7249209687        -0.0890930145
        2.4950062000         2.4900000000         1.3301823480         1.7249209687        -0.1555803387
        2.5000060000         2.4900000000         1.3352870017         1.7300247236        -0.0226056902
        2.5050065000         2.4900000000         1.3429439823         1.7376803560         0.1768562824
        2.5100044000         2.4900000000         1.3352870017         1.7274728461        -0.0226056902
        2.5150072000         2.4900000000         1.3301823480         1.7274728461        -0.1555803387
        2.5200067000         2.4900000000         1.3352870017         1.7300247236        -0.0226056902
        2.5250078000         2.4900000000         1.3352870017         1.7325766011        -0.0226056902
        2.5300065000         2.4900000000         1.3352870017         1.7325766011        -0.0226056902
        2.5350066000         2.4900000000         1.3378393285         1.7300247236         0.0438816340
        2.5400042000         2.4900000000         1.3403916554         1.7376803560         0.1103689582
        2.5450060000         2.4900000000         1.3403916554         1.7351284785         0.1103689582
        2.5500051000         2.4900000000         1.3378393285         1.7300247236         0.0438816340
        2.5550033000         2.4900000000         1.3352870017         1.7300247236        -0.0226056902
        2.5600041000         2.4900000000         1.3352870017         1.7300247236        -0.0226056902
        2.5650060000         2.4900000000         1.3352870017         1.7300247236        -0.0226056902
        2.5700052000         2.4900000000         1.3301823480         1.7249209687        -0.1555803387
        2.5750052000         2.4900000000         1.3301823480         1.7249209687        -0.1555803387
        2.5800043000         2.4900000000         1.3301823480         1.7249209687        -0.1555803387
        2.5850047000         2.4900000000         1.3378393285         1.7300247236         0.0438816340
        2.5900797000         2.4900000000         1.3352870017         1.7300247236        -0.0226056902
        2.5950038000         2.4900000000         1.3429439823         1.7376803560         0.1768562824
        2.6000533000         2.4900000000         1.3403916554         1.7376803560         0.1103689582
        2.6050049000         2.4900000000         1.3276300211         1.7249209687        -0.2220676629
        2.6100046000         2.4900000000         1.3352870017         1.7325766011        -0.0226056902
        2.6150027000         2.4900000000         1.3352870017         1.7325766011        -0.0226056902
        2.6200078000         2.4900000000         1.3352870017         1.7325766011        -0.0226056902
        2.6250041000         2.4900000000         1.3352870017         1.7300247236        -0.0226056902
        2.6300104000         2.4900000000         1.3352870017         1.7300247236        -0.0226056902
        2.6350050000         2.4900000000         1.3301823480         1.7274728461        -0.1555803387
        2.6400057000         2.4900000000         1.3352870017         1.7300247236        -0.0226056902
        2.6450061000         2.4900000000         1.3403916554         1.7351284785         0.1103689582
        2.6500056000         2.4900000000         1.3429439823         1.7402322334         0.1768562824
        2.6550044000         2.4900000000         1.3352870017         1.7300247236        -0.0226056902
        2.6600118000         2.4900000000         1.3301823480         1.7274728461        -0.1555803387
        2.6650069000         2.4900000000         1.3327346748         1.7300247236        -0.0890930145
        2.6700099000         2.4900000000         1.3378393285         1.7325766011         0.0438816340
        2.6750059000         2.4900000000         1.3352870017         1.7300247236        -0.0226056902
        2.6800081000         2.4900000000         1.3301823480         1.7274728461        -0.1555803387
        2.6850032000         2.4900000000         1.3378393285         1.7300247236         0.0438816340
        2.6900060000         2.4900000000         1.3352870017         1.7300247236        -0.0226056902
        2.6950043000         2.4900000000         1.3352870017         1.7325766011        -0.0226056902
        2.7000055000         2.4900000000         1.3429439823         1.7402322334         0.1768562824
        2.7050038000         2.4900000000         1.3352870017         1.7325766011        -0.0226056902
        2.7100088000         2.4900000000         1.3301823480         1.7249209687        -0.1555803387
        2.7150065000         2.4900000000         1.3352870017         1.7325766011        -0.0226056902
        2.7200044000         2.4900000000         1.3352870017         1.7300247236        -0.0226056902
        2.7250047000         2.4900000000         1.3327346748         1.7300247236        -0.0890930145
        2.7300064000         2.4900000000         1.3276300211         1.7274728461        -0.2220676629
        2.7350051000         2.4900000000         1.3352870017         1.7300247236        -0.0226056902
        2.7400050000         2.4900000000         1.3378393285         1.7300247236         0.0438816340
        2.7450042000         2.4900000000         1.3352870017         1.7300247236        -0.0226056902
        2.7500048000         2.4900000000         1.3301823480         1.7249209687        -0.1555803387
        2.7550034000         2.4900000000         1.3301823480         1.7249209687        -0.1555803387
        2.7600086000         2.4900000000         1.3429439823         1.7376803560         0.1768562824
        2.7650044000         2.4900000000         1.3429439823         1.7376803560         0.1768562824
        2.7700049000         2.4900000000         1.3429439823         1.7376803560         0.1768562824
        2.7750046000         2.4900000000         1.3352870017         1.7325766011        -0.0226056902
        2.7800046000         2.4900000000         1.3327346748         1.7325766011        -0.0890930145
        2.7850029000         2.4900000000         1.3378393285         1.7325766011         0.0438816340
        2.7900041000         2.4900000000         1.3454963091         1.7300247236         0.2433436067
        2.7950038000         2.4900000000         1.3301823480         1.7274728461        -0.1555803387
        2.8000116000         2.4900000000         1.3301823480         1.7249209687        -0.1555803387
        2.8050040000         2.4900000000         1.3352870017         1.7300247236        -0.0226056902
        2.8100133000         2.4900000000         1.3327346748         1.7325766011        -0.0890930145
        2.8150054000         2.4900000000         1.3301823480         1.7274728461        -0.1555803387
        2.8200108000         2.4900000000         1.3378393285         1.7325766011         0.0438816340
        2.8250055000         2.4900000000         1.3352870017         1.7325766011        -0.0226056902
        2.8300128000         2.4900000000         1.3352870017         1.7300247236        -0.0226056902
        2.8350050000         2.4900000000         1.3301823480         1.7249209687        -0.1555803387
        2.8400049000         2.4900000000         1.3276300211         1.7249209687        -0.2220676629
        2.8450049000         2.4900000000         1.3352870017         1.7300247236        -0.0226056902
        2.8500048000         2.4900000000         1.3454963091         1.7376803560         0.2433436067
        2.8550043000         2.4900000000         1.3378393285         1.7325766011         0.0438816340
        2.8600032000         2.4900000000         1.3480486360         1.7402322334         0.3098309309
        2.8650050000         2.4900000000         1.3352870017         1.7300247236        -0.0226056902
        2.8700040000         2.4900000000         1.3352870017         1.7300247236        -0.0226056902
        2.8750046000         2.4900000000         1.3276300211         1.7249209687        -0.2220676629
        2.8800029000         2.4900000000         1.3429439823         1.7376803560         0.1768562824
        2.8850050000         2.4900000000         1.3352870017         1.7300247236        -0.0226056902
        2.8900039000         2.4900000000         1.3327346748         1.7274728461        -0.0890930145
        2.8950050000         2.4900000000         1.3301823480         1.7249209687        -0.1555803387
        2.9000034000         2.4900000000         1.3327346748         1.7300247236        -0.0890930145
        2.9050045000         2.4900000000         1.3403916554         1.7351284785         0.1103689582
        2.9100041000         2.4900000000         1.3429439823         1.7376803560         0.1768562824
        2.9150048000         2.4900000000         1.3352870017         1.7300247236        -0.0226056902
        2.9200030000         2.4900000000         1.3276300211         1.7274728461        -0.2220676629
        2.9250049000         2.4900000000         1.3327346748         1.7274728461        -0.0890930145
        2.9300035000         2.4900000000         1.3429439823         1.7300247236         0.1768562824
        2.9350025000         2.4900000000         1.3352870017         1.7300247236        -0.0226056902
        2.9400027000         2.4900000000         1.3352870017         1.7325766011        -0.0226056902
        2.9450057000         2.4900000000         1.3429439823         1.7376803560         0.1768562824
        2.9500024000         2.4900000000         1.3403916554         1.7249209687         0.1103689582
        2.9550022000         2.4900000000         1.3301823480         1.7274728461        -0.1555803387
        2.9600031000         2.4900000000         1.3301823480         1.7249209687        -0.1555803387
        2.9650056000         2.4900000000         1.3301823480         1.7274728461        -0.1555803387
        2.9700056000         2.4900000000         1.3352870017         1.7300247236        -0.0226056902
        2.9750070000         2.4900000000         1.3429439823         1.7351284785         0.1768562824
        2.9800037000         2.4900000000         1.3429439823         1.7402322334         0.1768562824
        2.9850064000         2.4900000000         1.3429439823         1.7376803560         0.1768562824
        2.9900046000         2.4900000000         1.3352870017         1.7325766011        -0.0226056902
        2.9950138000         2.4900000000         1.3327346748         1.7249209687        -0.0890930145
        3.0000059000         2.4900000000         1.3378393285         1.7325766011         0.0438816340
        3.0050273000         2.4900000000         1.3301823480         1.7249209687        -0.1555803387
        3.0100050000         2.4900000000         1.3352870017         1.7300247236        -0.0226056902
        3.0150060000         2.4900000000         1.3352870017         1.7325766011        -0.0226056902
        3.0200044000         2.4900000000         1.3378393285         1.7376803560         0.0438816340
        3.0250055000         2.4900000000         1.3429439823         1.7376803560         0.1768562824
        3.0300041000         2.4900000000         1.3352870017         1.7300247236        -0.0226056902
        3.0350060000         2.4900000000         1.3352870017         1.7300247236        -0.0226056902
        3.0400044000         2.4900000000         1.3352870017         1.7300247236        -0.0226056902
        3.0450056000         2.4900000000         1.3327346748         1.7300247236        -0.0890930145
        3.0500037000         2.4900000000         1.3301823480         1.7274728461        -0.1555803387
        3.0550073000         2.4900000000         1.3352870017         1.7325766011        -0.0226056902
        3.0600040000         2.4900000000         1.3378393285         1.7300247236         0.0438816340
        3.0650103000         2.4900000000         1.3352870017         1.7325766011        -0.0226056902
        3.0700058000         2.4900000000         1.3429439823         1.7376803560         0.1768562824
        3.0750063000         2.4900000000         1.3352870017         1.7249209687        -0.0226056902
        3.0800039000         2.4900000000         1.3531532897         1.7376803560         0.4428055793
        3.0850067000         2.4900000000         1.3352870017         1.7325766011        -0.0226056902
        3.0900029000         2.4900000000         1.3352870017         1.7325766011        -0.0226056902
        3.0950049000         2.4900000000         1.3403916554         1.7376803560         0.1103689582
        3.1000034000         2.4900000000         1.3301823480         1.7249209687        -0.1555803387
        3.1050048000         2.4900000000         1.3378393285         1.7325766011         0.0438816340
        3.1100041000         2.4900000000         1.3352870017         1.7325766011        -0.0226056902
        3.1150048000         2.4900000000         1.3429439823         1.7376803560         0.1768562824
        3.1200027000         2.4900000000         1.3352870017         1.7325766011        -0.0226056902
        3.1250048000         2.4900000000         1.3352870017         1.7325766011        -0.0226056902
        3.1300040000         2.4900000000         1.3403916554         1.7402322334         0.1103689582
        3.1350063000         2.4900000000         1.3352870017         1.7300247236        -0.0226056902
        3.1400041000         2.4900000000         1.3301823480         1.7402322334        -0.1555803387
        3.1450175000         2.4900000000         1.3352870017         1.7300247236        -0.0226056902
        3.1500049000         2.4900000000         1.3454963091         1.7325766011         0.2433436067
        3.1550096000         2.4900000000         1.3403916554         1.7376803560         0.1103689582
        3.1600059000         2.4900000000         1.3327346748         1.7325766011        -0.0890930145
        3.1650120000         2.4900000000         1.3327346748         1.7249209687        -0.0890930145
        3.1700047000         2.4900000000         1.3403916554         1.7376803560         0.1103689582
        3.1750122000         2.4900000000         1.3327346748         1.7249209687        -0.0890930145
        3.1803091000         2.4900000000         1.3352870017         1.7325766011        -0.0226056902
        3.1850059000         2.4900000000         1.3276300211         1.7274728461        -0.2220676629
        3.1900085000         2.4900000000         1.3352870017         1.7300247236        -0.0226056902
        3.1950030000         2.4900000000         1.3352870017         1.7300247236        -0.0226056902
        3.2000128000         2.4900000000         1.3327346748         1.7300247236        -0.0890930145
        3.2050055000         2.4900000000         1.3403916554         1.7402322334         0.1103689582
        3.2100047000         2.4900000000         1.3429439823         1.7402322334         0.1768562824
        3.2150035000         2.4900000000         1.3378393285         1.7325766011         0.0438816340
        3.2200060000         2.4900000000         1.3276300211         1.7274728461        -0.2220676629
        3.2250041000         2.4900000000         1.3429439823         1.7376803560         0.1768562824
        3.2300059000         2.4900000000         1.3301823480         1.7274728461        -0.1555803387
        3.2350069000         2.4900000000         1.3403916554         1.7376803560         0.1103689582
        3.2400068000         2.4900000000         1.3352870017         1.7300247236        -0.0226056902
        3.2450045000         2.4900000000         1.3301823480         1.7249209687        -0.1555803387
        3.2500055000         2.4900000000         1.3301823480         1.7249209687        -0.1555803387
        3.2550043000         2.4900000000         1.3403916554         1.7376803560         0.1103689582
        3.2600062000         2.4900000000         1.3429439823         1.7402322334         0.1768562824
        3.2650070000         2.4900000000         1.3352870017         1.7325766011        -0.0226056902
        3.2700062000         2.4900000000         1.3276300211         1.7249209687        -0.2220676629
        3.2750035000         2.4900000000         1.3429439823         1.7376803560         0.1768562824
        3.2800062000         2.4900000000         1.3480486360         1.7376803560         0.3098309309
        3.2850086000         2.4900000000         1.3352870017         1.7325766011        -0.0226056902
        3.2900063000         2.4900000000         1.3276300211         1.7274728461        -0.2220676629
        3.2950044000         2.4900000000         1.3327346748         1.7300247236        -0.0890930145
        3.3000060000         2.4900000000         1.3301823480         1.7249209687        -0.1555803387
        3.3050039000         2.4900000000         1.3352870017         1.7300247236        -0.0226056902
        3.3100058000         2.4900000000         1.3352870017         1.7300247236        -0.0226056902
        3.3150035000         2.4900000000         1.3429439823         1.7376803560         0.1768562824
        3.3200063000         2.4900000000         1.3352870017         1.7325766011        -0.0226056902
        3.3250038000         2.4900000000         1.3301823480         1.7274728461        -0.1555803387
        3.3300057000         2.4900000000         1.3429439823         1.7376803560         0.1768562824
        3.3350058000         2.4900000000         1.3276300211         1.7249209687        -0.2220676629
        3.3400147000         2.4900000000         1.3352870017         1.7325766011        -0.0226056902
        3.3450056000         2.4900000000         1.3378393285         1.7325766011         0.0438816340
        3.3500070000         2.4900000000         1.3301823480         1.7249209687        -0.1555803387
        3.3550042000         2.4900000000         1.3301823480         1.7274728461        -0.1555803387
        3.3600072000         2.4900000000         1.3352870017         1.7351284785        -0.0226056902
        3.3650050000         2.4900000000         1.3429439823         1.7376803560         0.1768562824
        3.3700097000         2.4900000000         1.3352870017         1.7249209687        -0.0226056902
        3.3750065000         2.4900000000         1.3352870017         1.7325766011        -0.0226056902
        3.3800094000         2.4900000000         1.3429439823         1.7351284785         0.1768562824
        3.3850098000         2.4900000000         1.3378393285         1.7325766011         0.0438816340
        3.3900093000         2.4900000000         1.3301823480         1.7249209687        -0.1555803387
        3.3950057000         2.4900000000         1.3403916554         1.7351284785         0.1103689582
        3.4000110000         2.4900000000         1.3352870017         1.7325766011        -0.0226056902
        3.4050050000         2.4900000000         1.3352870017         1.7300247236        -0.0226056902
        3.4100080000         2.4900000000         1.3301823480         1.7249209687        -0.1555803387
        3.4150059000         2.4900000000         1.3352870017         1.7300247236        -0.0226056902
        3.4200068000         2.4900000000         1.3301823480         1.7249209687        -0.1555803387
        3.4250039000         2.4900000000         1.3378393285         1.7325766011         0.0438816340
        3.4300064000         2.4900000000         1.3429439823         1.7300247236         0.1768562824
        3.4350040000         2.4900000000         1.3352870017         1.7325766011        -0.0226056902
        3.4400056000         2.4900000000         1.3429439823         1.7376803560         0.1768562824
        3.4450033000         2.4900000000         1.3352870017         1.7300247236        -0.0226056902
        3.4500015000         2.4900000000         1.3378393285         1.7274728461         0.0438816340
        3.4550024000         2.4900000000         1.3352870017         1.7300247236        -0.0226056902
        3.4600012000         2.4900000000         1.3301823480         1.7274728461        -0.1555803387
        3.4652115000         2.4900000000         1.3429439823         1.7376803560         0.1768562824
        3.4700060000         2.4900000000         1.3403916554         1.7376803560         0.1103689582
        3.4750031000         2.4900000000         1.3429439823         1.7402322334         0.1768562824
        3.4800048000         2.4900000000         1.3301823480         1.7249209687        -0.1555803387
        3.4851882000         2.4900000000         1.3352870017         1.7300247236        -0.0226056902
        3.4900042000         2.4900000000         1.3352870017         1.7300247236        -0.0226056902
        3.4950137000         2.4900000000         1.3403916554         1.7376803560         0.1103689582
        3.5000027000         2.4900000000         1.3403916554         1.7376803560         0.1103689582
        3.5050095000         2.4900000000         1.3403916554         1.7402322334         0.1103689582
        3.5100028000         2.4900000000         1.3352870017         1.7325766011        -0.0226056902
        3.5150053000         2.4900000000         1.3301823480         1.7300247236        -0.1555803387
        3.5200041000         2.4900000000         1.3327346748         1.7249209687        -0.0890930145
        3.5250052000         2.4900000000         1.3378393285         1.7300247236         0.0438816340
        3.5300049000         2.4900000000         1.3327346748         1.7300247236        -0.0890930145
        3.5350053000         2.4900000000         1.3403916554         1.7376803560         0.1103689582
        3.5400031000         2.4900000000         1.3429439823         1.7402322334         0.1768562824
        3.5450032000         2.4900000000         1.3276300211         1.7249209687        -0.2220676629
        3.5500023000         2.4900000000         1.3352870017         1.7300247236        -0.0226056902
        3.5550063000         2.4900000000         1.3301823480         1.7249209687        -0.1555803387
        3.5600011000         2.4900000000         1.3301823480         1.7249209687        -0.1555803387
        3.5651155000         2.4900000000         1.3403916554         1.7376803560         0.1103689582
        3.5700089000         2.4900000000         1.3301823480         1.7274728461        -0.1555803387
        3.5751163000         2.4900000000         1.3352870017         1.7300247236        -0.0226056902
        3.5800055000         2.4900000000         1.3276300211         1.7249209687        -0.2220676629
        3.5850091000         2.4900000000         1.3352870017         1.7300247236        -0.0226056902
        3.5900103000         2.4900000000         1.3276300211         1.7249209687        -0.2220676629
        3.5950255000         2.4900000000         1.3352870017         1.7300247236        -0.0226056902
        3.6000135000         2.4900000000         1.3301823480         1.7249209687        -0.1555803387
        3.6050192000         2.4900000000         1.3352870017         1.7325766011        -0.0226056902
        3.6100037000         2.4900000000         1.3352870017         1.7300247236        -0.0226056902
        3.6150071000         2.4900000000         1.3429439823         1.7376803560         0.1768562824
        3.6200098000         2.4900000000         1.3352870017         1.7300247236        -0.0226056902
        3.6250125000         2.4900000000         1.3429439823         1.7376803560         0.1768562824
        3.6300026000         2.4900000000         1.3301823480         1.7249209687        -0.1555803387
        3.6350168000         2.4900000000         1.3327346748         1.7325766011        -0.0890930145
        3.6400029000         2.4900000000         1.3301823480         1.7274728461        -0.1555803387
        3.6450120000         2.4900000000         1.3352870017         1.7300247236        -0.0226056902
        3.6500079000         2.4900000000         1.3429439823         1.7376803560         0.1768562824
        3.6550101000         2.4900000000         1.3327346748         1.7274728461        -0.0890930145
        3.6600053000         2.4900000000         1.3352870017         1.7325766011        -0.0226056902
        3.6650055000         2.4900000000         1.3454963091         1.7376803560         0.2433436067
        3.6700069000         2.4900000000         1.3352870017         1.7325766011        -0.0226056902
        3.6750092000         2.4900000000         1.3301823480         1.7249209687        -0.1555803387
        3.6800074000         2.4900000000         1.3352870017         1.7300247236        -0.0226056902
        3.6850060000         2.4900000000         1.3352870017         1.7300247236        -0.0226056902
        3.6900045000         2.4900000000         1.3352870017         1.7300247236        -0.0226056902
        3.6950057000         2.4900000000         1.3301823480         1.7274728461        -0.1555803387
        3.7000082000         2.4900000000         1.3403916554         1.7376803560         0.1103689582
        3.7050057000         2.4900000000         1.3352870017         1.7300247236        -0.0226056902
        3.7100033000         2.4900000000         1.3378393285         1.7300247236         0.0438816340
        3.7150057000         2.4900000000         1.3429439823         1.7402322334         0.1768562824
        3.7200035000         2.4900000000         1.3301823480         1.7249209687        -0.1555803387
        3.7250056000         2.4900000000         1.3429439823         1.7376803560         0.1768562824
        3.7300038000         2.4900000000         1.3352870017         1.7300247236        -0.0226056902
        3.7350040000         2.4900000000         1.3352870017         1.7300247236        -0.0226056902
        3.7400041000         2.4900000000         1.3352870017         1.7300247236        -0.0226056902
        3.7450057000         2.4900000000         1.3378393285         1.7300247236         0.0438816340
        3.7500051000         2.4900000000         1.3429439823         1.7376803560         0.1768562824
        3.7550067000         2.4900000000         1.3429439823         1.7376803560         0.1768562824
        3.7600071000         2.4900000000         1.3352870017         1.7300247236        -0.0226056902
        3.7650130000         2.4900000000         1.3276300211         1.7249209687        -0.2220676629
        3.7700206000         2.4900000000         1.3454963091         1.7376803560         0.2433436067
        3.7750141000         2.4900000000         1.3352870017         1.7325766011        -0.0226056902
        3.7800101000         2.4900000000         1.3301823480         1.7274728461        -0.1555803387
        3.7854983000         2.4900000000         1.3301823480         1.7274728461        -0.1555803387
        3.7900067000         2.4900000000         1.3352870017         1.7325766011        -0.0226056902
        3.7950066000         2.4900000000         1.3352870017         1.7300247236        -0.0226056902
        3.8000073000         2.4900000000         1.3454963091         1.7376803560         0.2433436067
        3.8050106000         2.4900000000         1.3352870017         1.7249209687        -0.0226056902
        3.8100047000         2.4900000000         1.3352870017         1.7325766011        -0.0226056902
        3.8150122000         2.4900000000         1.3327346748         1.7249209687        -0.0890930145
        3.8200056000         2.4900000000         1.3352870017         1.7300247236        -0.0226056902
        3.8250054000         2.4900000000         1.3352870017         1.7300247236        -0.0226056902
        3.8300036000         2.4900000000         1.3327346748         1.7300247236        -0.0890930145
        3.8350097000         2.4900000000         1.3378393285         1.7300247236         0.0438816340
        3.8400062000         2.4900000000         1.3301823480         1.7249209687        -0.1555803387
        3.8450058000         2.4900000000         1.3301823480         1.7249209687        -0.1555803387
        3.8500036000         2.4900000000         1.3352870017         1.7325766011        -0.0226056902
        3.8550056000         2.4900000000         1.3403916554         1.7376803560         0.1103689582
        3.8600045000         2.4900000000         1.3403916554         1.7376803560         0.1103689582
        3.8650056000         2.4900000000         1.3352870017         1.7300247236        -0.0226056902
        3.8700040000         2.4900000000         1.3301823480         1.7249209687        -0.1555803387
        3.8750046000         2.4900000000         1.3301823480         1.7274728461        -0.1555803387
        3.8800033000         2.4900000000         1.3352870017         1.7325766011        -0.0226056902
        3.8850179000         2.4900000000         1.3301823480         1.7274728461        -0.1555803387
        3.8900065000         2.4900000000         1.3301823480         1.7249209687        -0.1555803387
        3.8950049000         2.4900000000         1.3403916554         1.7325766011         0.1103689582
        3.9000807000         2.4900000000         1.3276300211         1.7274728461        -0.2220676629
        3.9050050000         2.4900000000         1.3352870017         1.7325766011        -0.0226056902
        3.9100145000         2.4900000000         1.3301823480         1.7249209687        -0.1555803387
        3.9150059000         2.4900000000         1.3301823480         1.7249209687        -0.1555803387
        3.9200048000         2.4900000000         1.3352870017         1.7300247236        -0.0226056902
        3.9250057000         2.4900000000         1.3429439823         1.7376803560         0.1768562824
        3.9300050000         2.4900000000         1.3276300211         1.7249209687        -0.2220676629
        3.9350057000         2.4900000000         1.3327346748         1.7274728461        -0.0890930145
        3.9400110000         2.4900000000         1.3352870017         1.7300247236        -0.0226056902
        3.9450056000         2.4900000000         1.3352870017         1.7300247236        -0.0226056902
        3.9500034000         2.4900000000         1.3352870017         1.7325766011        -0.0226056902
        3.9550032000         2.4900000000         1.3429439823         1.7376803560         0.1768562824
        3.9600097000         2.4900000000         1.3352870017         1.7351284785        -0.0226056902
        3.9650116000         2.4900000000         1.3352870017         1.7325766011        -0.0226056902
        3.9700093000         2.4900000000         1.3352870017         1.7300247236        -0.0226056902
        3.9750052000         2.4900000000         1.3429439823         1.7376803560         0.1768562824
        3.9800118000         2.4900000000         1.3301823480         1.7249209687        -0.1555803387
        3.9850059000         2.4900000000         1.3276300211         1.7249209687        -0.2220676629
        3.9900066000         2.4900000000         1.3301823480         1.7249209687        -0.1555803387
        3.9950053000         2.4900000000         1.3378393285         1.7300247236         0.0438816340
