% Motor Sweep Step 17/180
% Vcmd       = 2.5900 [V]
% Direction  = CW
% Zone       = DEADZONE
% Vg_offset  = 1.336155 [V]
% K_gimbal   = 26.049690 [(rad/s)/V]

Time[s]              Vcmd[V]              Vg_raw[V]            Pot[V]               Omega[rad/s]
        0.0000124000         2.5900000000         1.3301823480         1.7274728461        -0.1555803387
        0.0050103000         2.5900000000         1.3327346748         1.7274728461        -0.0890930145
        0.0100330000         2.5900000000         1.3378393285         1.7300247236         0.0438816340
        0.0150048000         2.5900000000         1.3352870017         1.7325766011        -0.0226056902
        0.0203387000         2.5900000000         1.3352870017         1.7325766011        -0.0226056902
        0.0250040000         2.5900000000         1.3301823480         1.7249209687        -0.1555803387
        0.0300062000         2.5900000000         1.3429439823         1.7351284785         0.1768562824
        0.0350067000         2.5900000000         1.3301823480         1.7274728461        -0.1555803387
        0.0400054000         2.5900000000         1.3378393285         1.7300247236         0.0438816340
        0.0451599000         2.5900000000         1.3352870017         1.7325766011        -0.0226056902
        0.0500286000         2.5900000000         1.3352870017         1.7300247236        -0.0226056902
        0.0550045000         2.5900000000         1.3327346748         1.7300247236        -0.0890930145
        0.0600111000         2.5900000000         1.3352870017         1.7300247236        -0.0226056902
        0.0650055000         2.5900000000         1.3352870017         1.7300247236        -0.0226056902
        0.0700038000         2.5900000000         1.3352870017         1.7325766011        -0.0226056902
        0.0750064000         2.5900000000         1.3327346748         1.7376803560        -0.0890930145
        0.0801245000         2.5900000000         1.3403916554         1.7351284785         0.1103689582
        0.0851452000         2.5900000000         1.3352870017         1.7300247236        -0.0226056902
        0.0900081000         2.5900000000         1.3352870017         1.7300247236        -0.0226056902
        0.0950093000         2.5900000000         1.3378393285         1.7300247236         0.0438816340
        0.1000054000         2.5900000000         1.3403916554         1.7376803560         0.1103689582
        0.1051719000         2.5900000000         1.3301823480         1.7274728461        -0.1555803387
        0.1101972000         2.5900000000         1.3301823480         1.7249209687        -0.1555803387
        0.1150072000         2.5900000000         1.3352870017         1.7300247236        -0.0226056902
        0.1200033000         2.5900000000         1.3429439823         1.7376803560         0.1768562824
        0.1251387000         2.5900000000         1.3352870017         1.7325766011        -0.0226056902
        0.1300078000         2.5900000000         1.3301823480         1.7300247236        -0.1555803387
        0.1350067000         2.5900000000         1.3352870017         1.7300247236        -0.0226056902
        0.1400365000         2.5900000000         1.3531532897         1.7325766011         0.4428055793
        0.1450071000         2.5900000000         1.3403916554         1.7376803560         0.1103689582
        0.1500301000         2.5900000000         1.3301823480         1.7249209687        -0.1555803387
        0.1550054000         2.5900000000         1.3557056165         1.7300247236         0.5092929036
        0.1600910000         2.5900000000         1.3301823480         1.7249209687        -0.1555803387
        0.1650888000         2.5900000000         1.3327346748         1.7249209687        -0.0890930145
        0.1700050000         2.5900000000         1.3378393285         1.7300247236         0.0438816340
        0.1750070000         2.5900000000         1.3378393285         1.7300247236         0.0438816340
        0.1800043000         2.5900000000         1.3378393285         1.7300247236         0.0438816340
        0.1850037000         2.5900000000         1.3301823480         1.7249209687        -0.1555803387
        0.1900031000         2.5900000000         1.3276300211         1.7249209687        -0.2220676629
        0.1950073000         2.5900000000         1.3352870017         1.7325766011        -0.0226056902
        0.2000041000         2.5900000000         1.3301823480         1.7249209687        -0.1555803387
        0.2050253000         2.5900000000         1.3301823480         1.7249209687        -0.1555803387
        0.2100041000         2.5900000000         1.3352870017         1.7376803560        -0.0226056902
        0.2150077000         2.5900000000         1.3327346748         1.7300247236        -0.0890930145
        0.2200491000         2.5900000000         1.3403916554         1.7376803560         0.1103689582
        0.2250041000         2.5900000000         1.3301823480         1.7300247236        -0.1555803387
        0.2300058000         2.5900000000         1.3352870017         1.7274728461        -0.0226056902
        0.2350041000         2.5900000000         1.3327346748         1.7249209687        -0.0890930145
        0.2400189000         2.5900000000         1.3378393285         1.7325766011         0.0438816340
        0.2450033000         2.5900000000         1.3429439823         1.7300247236         0.1768562824
        0.2500043000         2.5900000000         1.3454963091         1.7274728461         0.2433436067
        0.2550029000         2.5900000000         1.3378393285         1.7325766011         0.0438816340
        0.2600303000         2.5900000000         1.3352870017         1.7300247236        -0.0226056902
        0.2650028000         2.5900000000         1.3403916554         1.7376803560         0.1103689582
        0.2700049000         2.5900000000         1.3276300211         1.7249209687        -0.2220676629
        0.2750036000         2.5900000000         1.3378393285         1.7300247236         0.0438816340
        0.2800031000         2.5900000000         1.3429439823         1.7402322334         0.1768562824
        0.2850055000         2.5900000000         1.3301823480         1.7300247236        -0.1555803387
        0.2900062000         2.5900000000         1.3352870017         1.7300247236        -0.0226056902
        0.2950049000         2.5900000000         1.3301823480         1.7274728461        -0.1555803387
        0.3000053000         2.5900000000         1.3301823480         1.7300247236        -0.1555803387
        0.3050024000         2.5900000000         1.3301823480         1.7249209687        -0.1555803387
        0.3100032000         2.5900000000         1.3352870017         1.7325766011        -0.0226056902
        0.3150053000         2.5900000000         1.3429439823         1.7376803560         0.1768562824
        0.3200286000         2.5900000000         1.3301823480         1.7274728461        -0.1555803387
        0.3250026000         2.5900000000         1.3352870017         1.7325766011        -0.0226056902
        0.3300048000         2.5900000000         1.3352870017         1.7300247236        -0.0226056902
        0.3350049000         2.5900000000         1.3276300211         1.7274728461        -0.2220676629
        0.3400031000         2.5900000000         1.3276300211         1.7249209687        -0.2220676629
        0.3450036000         2.5900000000         1.3403916554         1.7376803560         0.1103689582
        0.3500030000         2.5900000000         1.3429439823         1.7351284785         0.1768562824
        0.3550037000         2.5900000000         1.3327346748         1.7300247236        -0.0890930145
        0.3600061000         2.5900000000         1.3301823480         1.7274728461        -0.1555803387
        0.3650031000         2.5900000000         1.3352870017         1.7325766011        -0.0226056902
        0.3700047000         2.5900000000         1.3352870017         1.7325766011        -0.0226056902
        0.3750053000         2.5900000000         1.3352870017         1.7325766011        -0.0226056902
        0.3800054000         2.5900000000         1.3403916554         1.7402322334         0.1103689582
        0.3850040000         2.5900000000         1.3352870017         1.7300247236        -0.0226056902
        0.3900057000         2.5900000000         1.3327346748         1.7300247236        -0.0890930145
        0.3950060000         2.5900000000         1.3403916554         1.7376803560         0.1103689582
        0.4000056000         2.5900000000         1.3352870017         1.7300247236        -0.0226056902
        0.4050043000         2.5900000000         1.3327346748         1.7274728461        -0.0890930145
        0.4100037000         2.5900000000         1.3327346748         1.7249209687        -0.0890930145
        0.4150029000         2.5900000000         1.3301823480         1.7274728461        -0.1555803387
        0.4200050000         2.5900000000         1.3301823480         1.7274728461        -0.1555803387
        0.4250034000         2.5900000000         1.3378393285         1.7325766011         0.0438816340
        0.4300055000         2.5900000000         1.3378393285         1.7402322334         0.0438816340
        0.4350039000         2.5900000000         1.3429439823         1.7351284785         0.1768562824
        0.4400100000         2.5900000000         1.3454963091         1.7249209687         0.2433436067
        0.4450047000         2.5900000000         1.3301823480         1.7249209687        -0.1555803387
        0.4500096000         2.5900000000         1.3352870017         1.7249209687        -0.0226056902
        0.4550055000         2.5900000000         1.3301823480         1.7249209687        -0.1555803387
        0.4600142000         2.5900000000         1.3378393285         1.7300247236         0.0438816340
        0.4650071000         2.5900000000         1.3352870017         1.7325766011        -0.0226056902
        0.4700019000         2.5900000000         1.3454963091         1.7376803560         0.2433436067
        0.4750030000         2.5900000000         1.3301823480         1.7249209687        -0.1555803387
        0.4800061000         2.5900000000         1.3352870017         1.7300247236        -0.0226056902
        0.4850058000         2.5900000000         1.3429439823         1.7376803560         0.1768562824
        0.4900131000         2.5900000000         1.3301823480         1.7249209687        -0.1555803387
        0.4950031000         2.5900000000         1.3276300211         1.7300247236        -0.2220676629
        0.5000103000         2.5900000000         1.3352870017         1.7300247236        -0.0226056902
        0.5050056000         2.5900000000         1.3301823480         1.7274728461        -0.1555803387
        0.5100135000         2.5900000000         1.3429439823         1.7376803560         0.1768562824
        0.5150058000         2.5900000000         1.3378393285         1.7300247236         0.0438816340
        0.5200124000         2.5900000000         1.3352870017         1.7325766011        -0.0226056902
        0.5250046000         2.5900000000         1.3301823480         1.7300247236        -0.1555803387
        0.5300099000         2.5900000000         1.3352870017         1.7300247236        -0.0226056902
        0.5350054000         2.5900000000         1.3301823480         1.7249209687        -0.1555803387
        0.5401163000         2.5900000000         1.3429439823         1.7376803560         0.1768562824
        0.5450051000         2.5900000000         1.3352870017         1.7274728461        -0.0226056902
        0.5500036000         2.5900000000         1.3352870017         1.7325766011        -0.0226056902
        0.5550054000         2.5900000000         1.3301823480         1.7249209687        -0.1555803387
        0.5600291000         2.5900000000         1.3352870017         1.7300247236        -0.0226056902
        0.5650034000         2.5900000000         1.3352870017         1.7300247236        -0.0226056902
        0.5701100000         2.5900000000         1.3352870017         1.7325766011        -0.0226056902
        0.5750039000         2.5900000000         1.3276300211         1.7249209687        -0.2220676629
        0.5800466000         2.5900000000         1.3352870017         1.7274728461        -0.0226056902
        0.5850036000         2.5900000000         1.3403916554         1.7376803560         0.1103689582
        0.5901187000         2.5900000000         1.3352870017         1.7325766011        -0.0226056902
        0.5950032000         2.5900000000         1.3352870017         1.7300247236        -0.0226056902
        0.6000031000         2.5900000000         1.3352870017         1.7300247236        -0.0226056902
        0.6050037000         2.5900000000         1.3276300211         1.7274728461        -0.2220676629
        0.6101241000         2.5900000000         1.3429439823         1.7376803560         0.1768562824
        0.6150749000         2.5900000000         1.3301823480         1.7249209687        -0.1555803387
        0.6200030000         2.5900000000         1.3352870017         1.7325766011        -0.0226056902
        0.6250041000         2.5900000000         1.3301823480         1.7249209687        -0.1555803387
        0.6300159000         2.5900000000         1.3301823480         1.7274728461        -0.1555803387
        0.6350040000         2.5900000000         1.3301823480         1.7249209687        -0.1555803387
        0.6400041000         2.5900000000         1.3352870017         1.7300247236        -0.0226056902
        0.6452127000         2.5900000000         1.3352870017         1.7325766011        -0.0226056902
        0.6500371000         2.5900000000         1.3301823480         1.7249209687        -0.1555803387
        0.6550059000         2.5900000000         1.3301823480         1.7249209687        -0.1555803387
        0.6601047000         2.5900000000         1.3429439823         1.7376803560         0.1768562824
        0.6650035000         2.5900000000         1.3429439823         1.7376803560         0.1768562824
        0.6700032000         2.5900000000         1.3352870017         1.7300247236        -0.0226056902
        0.6751533000         2.5900000000         1.3352870017         1.7325766011        -0.0226056902
        0.6800042000         2.5900000000         1.3276300211         1.7274728461        -0.2220676629
        0.6850025000         2.5900000000         1.3352870017         1.7402322334        -0.0226056902
        0.6900048000         2.5900000000         1.3352870017         1.7325766011        -0.0226056902
        0.6951623000         2.5900000000         1.3378393285         1.7325766011         0.0438816340
        0.7000042000         2.5900000000         1.3301823480         1.7249209687        -0.1555803387
        0.7050048000         2.5900000000         1.3378393285         1.7325766011         0.0438816340
        0.7100049000         2.5900000000         1.3352870017         1.7300247236        -0.0226056902
        0.7151267000         2.5900000000         1.3301823480         1.7249209687        -0.1555803387
        0.7200051000         2.5900000000         1.3403916554         1.7402322334         0.1103689582
        0.7250035000         2.5900000000         1.3454963091         1.7376803560         0.2433436067
        0.7300055000         2.5900000000         1.3352870017         1.7249209687        -0.0226056902
        0.7350950000         2.5900000000         1.3429439823         1.7376803560         0.1768562824
        0.7401823000         2.5900000000         1.3403916554         1.7376803560         0.1103689582
        0.7450041000         2.5900000000         1.3429439823         1.7376803560         0.1768562824
        0.7500038000         2.5900000000         1.3352870017         1.7300247236        -0.0226056902
        0.7551195000         2.5900000000         1.3403916554         1.7351284785         0.1103689582
        0.7600048000         2.5900000000         1.3352870017         1.7325766011        -0.0226056902
        0.7650027000         2.5900000000         1.3352870017         1.7300247236        -0.0226056902
        0.7700026000         2.5900000000         1.3352870017         1.7325766011        -0.0226056902
        0.7750029000         2.5900000000         1.3301823480         1.7274728461        -0.1555803387
        0.7800032000         2.5900000000         1.3352870017         1.7325766011        -0.0226056902
        0.7850031000         2.5900000000         1.3352870017         1.7300247236        -0.0226056902
        0.7900354000         2.5900000000         1.3352870017         1.7300247236        -0.0226056902
        0.7950035000         2.5900000000         1.3352870017         1.7351284785        -0.0226056902
        0.8000025000         2.5900000000         1.3352870017         1.7300247236        -0.0226056902
        0.8050028000         2.5900000000         1.3352870017         1.7300247236        -0.0226056902
        0.8101072000         2.5900000000         1.3327346748         1.7249209687        -0.0890930145
        0.8150047000         2.5900000000         1.3429439823         1.7376803560         0.1768562824
        0.8200034000         2.5900000000         1.3557056165         1.7300247236         0.5092929036
        0.8250219000         2.5900000000         1.3301823480         1.7249209687        -0.1555803387
        0.8300032000         2.5900000000         1.3403916554         1.7402322334         0.1103689582
        0.8351350000         2.5900000000         1.3352870017         1.7325766011        -0.0226056902
        0.8400033000         2.5900000000         1.3352870017         1.7325766011        -0.0226056902
        0.8450022000         2.5900000000         1.3352870017         1.7325766011        -0.0226056902
        0.8500393000         2.5900000000         1.3403916554         1.7300247236         0.1103689582
        0.8550024000         2.5900000000         1.3429439823         1.7376803560         0.1768562824
        0.8600022000         2.5900000000         1.3429439823         1.7402322334         0.1768562824
        0.8650066000         2.5900000000         1.3378393285         1.7325766011         0.0438816340
        0.8700122000         2.5900000000         1.3454963091         1.7376803560         0.2433436067
        0.8750041000         2.5900000000         1.3403916554         1.7300247236         0.1103689582
        0.8800027000         2.5900000000         1.3429439823         1.7376803560         0.1768562824
        0.8850033000         2.5900000000         1.3429439823         1.7351284785         0.1768562824
        0.8900040000         2.5900000000         1.3352870017         1.7325766011        -0.0226056902
        0.8950026000         2.5900000000         1.3352870017         1.7300247236        -0.0226056902
        0.9000035000         2.5900000000         1.3352870017         1.7325766011        -0.0226056902
        0.9050029000         2.5900000000         1.3352870017         1.7325766011        -0.0226056902
        0.9100034000         2.5900000000         1.3352870017         1.7300247236        -0.0226056902
        0.9150026000         2.5900000000         1.3429439823         1.7351284785         0.1768562824
        0.9200022000         2.5900000000         1.3429439823         1.7376803560         0.1768562824
        0.9250036000         2.5900000000         1.3352870017         1.7325766011        -0.0226056902
        0.9300034000         2.5900000000         1.3378393285         1.7300247236         0.0438816340
        0.9350034000         2.5900000000         1.3276300211         1.7274728461        -0.2220676629
        0.9400028000         2.5900000000         1.3352870017         1.7376803560        -0.0226056902
        0.9450034000         2.5900000000         1.3276300211         1.7223690912        -0.2220676629
        0.9500050000         2.5900000000         1.3352870017         1.7300247236        -0.0226056902
        0.9550033000         2.5900000000         1.3403916554         1.7376803560         0.1103689582
        0.9600033000         2.5900000000         1.3429439823         1.7376803560         0.1768562824
        0.9650025000         2.5900000000         1.3403916554         1.7351284785         0.1103689582
        0.9700678000         2.5900000000         1.3429439823         1.7376803560         0.1768562824
        0.9750050000         2.5900000000         1.3327346748         1.7376803560        -0.0890930145
        0.9800029000         2.5900000000         1.3429439823         1.7376803560         0.1768562824
        0.9850032000         2.5900000000         1.3327346748         1.7249209687        -0.0890930145
        0.9900013000         2.5900000000         1.3352870017         1.7325766011        -0.0226056902
        0.9950022000         2.5900000000         1.3352870017         1.7300247236        -0.0226056902
        1.0000028000         2.5900000000         1.3352870017         1.7325766011        -0.0226056902
        1.0050027000         2.5900000000         1.3429439823         1.7376803560         0.1768562824
        1.0100099000         2.5900000000         1.3276300211         1.7274728461        -0.2220676629
        1.0150022000         2.5900000000         1.3429439823         1.7402322334         0.1768562824
        1.0200056000         2.5900000000         1.3352870017         1.7325766011        -0.0226056902
        1.0250034000         2.5900000000         1.3301823480         1.7249209687        -0.1555803387
        1.0300042000         2.5900000000         1.3352870017         1.7300247236        -0.0226056902
        1.0350033000         2.5900000000         1.3301823480         1.7249209687        -0.1555803387
        1.0400025000         2.5900000000         1.3327346748         1.7249209687        -0.0890930145
        1.0450072000         2.5900000000         1.3429439823         1.7376803560         0.1768562824
        1.0500295000         2.5900000000         1.3352870017         1.7300247236        -0.0226056902
        1.0550024000         2.5900000000         1.3327346748         1.7325766011        -0.0890930145
        1.0600027000         2.5900000000         1.3378393285         1.7325766011         0.0438816340
        1.0650053000         2.5900000000         1.3276300211         1.7249209687        -0.2220676629
        1.0700368000         2.5900000000         1.3403916554         1.7376803560         0.1103689582
        1.0750045000         2.5900000000         1.3301823480         1.7249209687        -0.1555803387
        1.0800029000         2.5900000000         1.3301823480         1.7274728461        -0.1555803387
        1.0850034000         2.5900000000         1.3352870017         1.7325766011        -0.0226056902
        1.0900202000         2.5900000000         1.3352870017         1.7300247236        -0.0226056902
        1.0950041000         2.5900000000         1.3378393285         1.7325766011         0.0438816340
        1.1000029000         2.5900000000         1.3301823480         1.7249209687        -0.1555803387
        1.1050066000         2.5900000000         1.3352870017         1.7274728461        -0.0226056902
        1.1100043000         2.5900000000         1.3429439823         1.7376803560         0.1768562824
        1.1150036000         2.5900000000         1.3327346748         1.7249209687        -0.0890930145
        1.1200033000         2.5900000000         1.3301823480         1.7249209687        -0.1555803387
        1.1250025000         2.5900000000         1.3327346748         1.7300247236        -0.0890930145
        1.1300023000         2.5900000000         1.3352870017         1.7325766011        -0.0226056902
        1.1350026000         2.5900000000         1.3429439823         1.7376803560         0.1768562824
        1.1400014000         2.5900000000         1.3454963091         1.7376803560         0.2433436067
        1.1450037000         2.5900000000         1.3352870017         1.7325766011        -0.0226056902
        1.1500039000         2.5900000000         1.3352870017         1.7325766011        -0.0226056902
        1.1550032000         2.5900000000         1.3352870017         1.7300247236        -0.0226056902
        1.1600017000         2.5900000000         1.3352870017         1.7300247236        -0.0226056902
        1.1650035000         2.5900000000         1.3352870017         1.7300247236        -0.0226056902
        1.1700030000         2.5900000000         1.3352870017         1.7325766011        -0.0226056902
        1.1750030000         2.5900000000         1.3429439823         1.7376803560         0.1768562824
        1.1800051000         2.5900000000         1.3352870017         1.7325766011        -0.0226056902
        1.1850041000         2.5900000000         1.3327346748         1.7249209687        -0.0890930145
        1.1900270000         2.5900000000         1.3403916554         1.7402322334         0.1103689582
        1.1950176000         2.5900000000         1.3454963091         1.7402322334         0.2433436067
        1.2000066000         2.5900000000         1.3403916554         1.7325766011         0.1103689582
        1.2050028000         2.5900000000         1.3276300211         1.7274728461        -0.2220676629
        1.2100029000         2.5900000000         1.3454963091         1.7376803560         0.2433436067
        1.2150057000         2.5900000000         1.3352870017         1.7300247236        -0.0226056902
        1.2200031000         2.5900000000         1.3352870017         1.7300247236        -0.0226056902
        1.2250037000         2.5900000000         1.3352870017         1.7325766011        -0.0226056902
        1.2300037000         2.5900000000         1.3429439823         1.7351284785         0.1768562824
        1.2350060000         2.5900000000         1.3378393285         1.7300247236         0.0438816340
        1.2400043000         2.5900000000         1.3403916554         1.7376803560         0.1103689582
        1.2450039000         2.5900000000         1.3301823480         1.7249209687        -0.1555803387
        1.2500065000         2.5900000000         1.3378393285         1.7300247236         0.0438816340
        1.2550035000         2.5900000000         1.3403916554         1.7376803560         0.1103689582
        1.2600058000         2.5900000000         1.3276300211         1.7249209687        -0.2220676629
        1.2650050000         2.5900000000         1.3429439823         1.7376803560         0.1768562824
        1.2700067000         2.5900000000         1.3250776943         1.7274728461        -0.2885549871
        1.2750047000         2.5900000000         1.3301823480         1.7274728461        -0.1555803387
        1.2800027000         2.5900000000         1.3276300211         1.7249209687        -0.2220676629
        1.2850067000         2.5900000000         1.3250776943         1.7300247236        -0.2885549871
        1.2900088000         2.5900000000         1.3352870017         1.7325766011        -0.0226056902
        1.2950030000         2.5900000000         1.3352870017         1.7274728461        -0.0226056902
        1.3000027000         2.5900000000         1.3301823480         1.7198172138        -0.1555803387
        1.3050019000         2.5900000000         1.3301823480         1.7274728461        -0.1555803387
        1.3100030000         2.5900000000         1.3429439823         1.7376803560         0.1768562824
        1.3150021000         2.5900000000         1.3429439823         1.7376803560         0.1768562824
        1.3200023000         2.5900000000         1.3352870017         1.7325766011        -0.0226056902
        1.3250054000         2.5900000000         1.3276300211         1.7274728461        -0.2220676629
        1.3300878000         2.5900000000         1.3403916554         1.7376803560         0.1103689582
        1.3350033000         2.5900000000         1.3429439823         1.7351284785         0.1768562824
        1.3400029000         2.5900000000         1.3352870017         1.7325766011        -0.0226056902
        1.3450057000         2.5900000000         1.3429439823         1.7376803560         0.1768562824
        1.3500058000         2.5900000000         1.3301823480         1.7249209687        -0.1555803387
        1.3550038000         2.5900000000         1.3301823480         1.7249209687        -0.1555803387
        1.3600020000         2.5900000000         1.3429439823         1.7376803560         0.1768562824
        1.3651463000         2.5900000000         1.3403916554         1.7351284785         0.1103689582
        1.3700030000         2.5900000000         1.3403916554         1.7325766011         0.1103689582
        1.3750734000         2.5900000000         1.3352870017         1.7325766011        -0.0226056902
        1.3800029000         2.5900000000         1.3301823480         1.7249209687        -0.1555803387
        1.3850048000         2.5900000000         1.3429439823         1.7402322334         0.1768562824
        1.3900049000         2.5900000000         1.3429439823         1.7376803560         0.1768562824
        1.3950031000         2.5900000000         1.3352870017         1.7300247236        -0.0226056902
        1.4000028000         2.5900000000         1.3352870017         1.7300247236        -0.0226056902
        1.4050015000         2.5900000000         1.3352870017         1.7300247236        -0.0226056902
        1.4100029000         2.5900000000         1.3301823480         1.7274728461        -0.1555803387
        1.4150026000         2.5900000000         1.3352870017         1.7325766011        -0.0226056902
        1.4200062000         2.5900000000         1.3403916554         1.7376803560         0.1103689582
        1.4250053000         2.5900000000         1.3352870017         1.7300247236        -0.0226056902
        1.4300054000         2.5900000000         1.3301823480         1.7249209687        -0.1555803387
        1.4350049000         2.5900000000         1.3301823480         1.7249209687        -0.1555803387
        1.4400053000         2.5900000000         1.3403916554         1.7376803560         0.1103689582
        1.4450063000         2.5900000000         1.3378393285         1.7300247236         0.0438816340
        1.4500027000         2.5900000000         1.3301823480         1.7274728461        -0.1555803387
        1.4550105000         2.5900000000         1.3403916554         1.7376803560         0.1103689582
        1.4600027000         2.5900000000         1.3429439823         1.7376803560         0.1768562824
        1.4650051000         2.5900000000         1.3429439823         1.7351284785         0.1768562824
        1.4700029000         2.5900000000         1.3429439823         1.7376803560         0.1768562824
        1.4750037000         2.5900000000         1.3352870017         1.7325766011        -0.0226056902
        1.4800042000         2.5900000000         1.3454963091         1.7376803560         0.2433436067
        1.4850180000         2.5900000000         1.3506009628         1.7249209687         0.3763182551
        1.4900049000         2.5900000000         1.3352870017         1.7325766011        -0.0226056902
        1.4950031000         2.5900000000         1.3352870017         1.7325766011        -0.0226056902
        1.5000019000         2.5900000000         1.3480486360         1.7300247236         0.3098309309
        1.5050155000         2.5900000000         1.3352870017         1.7325766011        -0.0226056902
        1.5100023000         2.5900000000         1.3429439823         1.7351284785         0.1768562824
        1.5150113000         2.5900000000         1.3429439823         1.7376803560         0.1768562824
        1.5203355000         2.5900000000         1.3403916554         1.7376803560         0.1103689582
        1.5250026000         2.5900000000         1.3301823480         1.7249209687        -0.1555803387
        1.5300057000         2.5900000000         1.3403916554         1.7376803560         0.1103689582
        1.5350031000         2.5900000000         1.3429439823         1.7376803560         0.1768562824
        1.5400033000         2.5900000000         1.3403916554         1.7376803560         0.1103689582
        1.5450015000         2.5900000000         1.3429439823         1.7376803560         0.1768562824
        1.5500017000         2.5900000000         1.3352870017         1.7351284785        -0.0226056902
        1.5550013000         2.5900000000         1.3352870017         1.7300247236        -0.0226056902
        1.5600039000         2.5900000000         1.3352870017         1.7300247236        -0.0226056902
        1.5650029000         2.5900000000         1.3352870017         1.7300247236        -0.0226056902
        1.5700036000         2.5900000000         1.3352870017         1.7325766011        -0.0226056902
        1.5750051000         2.5900000000         1.3429439823         1.7376803560         0.1768562824
        1.5800042000         2.5900000000         1.3403916554         1.7376803560         0.1103689582
        1.5850241000         2.5900000000         1.3301823480         1.7249209687        -0.1555803387
        1.5901421000         2.5900000000         1.3276300211         1.7274728461        -0.2220676629
        1.5951122000         2.5900000000         1.3403916554         1.7351284785         0.1103689582
        1.6000817000         2.5900000000         1.3429439823         1.7402322334         0.1768562824
        1.6050027000         2.5900000000         1.3429439823         1.7376803560         0.1768562824
        1.6100032000         2.5900000000         1.3301823480         1.7274728461        -0.1555803387
        1.6150048000         2.5900000000         1.3429439823         1.7376803560         0.1768562824
        1.6200045000         2.5900000000         1.3301823480         1.7274728461        -0.1555803387
        1.6250045000         2.5900000000         1.3429439823         1.7325766011         0.1768562824
        1.6300042000         2.5900000000         1.3352870017         1.7300247236        -0.0226056902
        1.6350035000         2.5900000000         1.3301823480         1.7249209687        -0.1555803387
        1.6400031000         2.5900000000         1.3352870017         1.7300247236        -0.0226056902
        1.6450029000         2.5900000000         1.3352870017         1.7300247236        -0.0226056902
        1.6500053000         2.5900000000         1.3403916554         1.7376803560         0.1103689582
        1.6550056000         2.5900000000         1.3352870017         1.7300247236        -0.0226056902
        1.6600039000         2.5900000000         1.3301823480         1.7249209687        -0.1555803387
        1.6650580000         2.5900000000         1.3429439823         1.7351284785         0.1768562824
        1.6700044000         2.5900000000         1.3301823480         1.7249209687        -0.1555803387
        1.6750148000         2.5900000000         1.3327346748         1.7376803560        -0.0890930145
        1.6800206000         2.5900000000         1.3378393285         1.7325766011         0.0438816340
        1.6850185000         2.5900000000         1.3352870017         1.7325766011        -0.0226056902
        1.6900064000         2.5900000000         1.3301823480         1.7249209687        -0.1555803387
        1.6950703000         2.5900000000         1.3352870017         1.7300247236        -0.0226056902
        1.7000087000         2.5900000000         1.3429439823         1.7376803560         0.1768562824
        1.7050047000         2.5900000000         1.3454963091         1.7376803560         0.2433436067
        1.7100066000         2.5900000000         1.3403916554         1.7325766011         0.1103689582
        1.7150183000         2.5900000000         1.3276300211         1.7274728461        -0.2220676629
        1.7200130000         2.5900000000         1.3327346748         1.7274728461        -0.0890930145
        1.7250039000         2.5900000000         1.3301823480         1.7274728461        -0.1555803387
        1.7300034000         2.5900000000         1.3301823480         1.7274728461        -0.1555803387
        1.7350037000         2.5900000000         1.3352870017         1.7300247236        -0.0226056902
        1.7400134000         2.5900000000         1.3276300211         1.7274728461        -0.2220676629
        1.7450032000         2.5900000000         1.3352870017         1.7300247236        -0.0226056902
        1.7500047000         2.5900000000         1.3301823480         1.7249209687        -0.1555803387
        1.7550026000         2.5900000000         1.3352870017         1.7300247236        -0.0226056902
        1.7600033000         2.5900000000         1.3276300211         1.7274728461        -0.2220676629
        1.7650023000         2.5900000000         1.3301823480         1.7249209687        -0.1555803387
        1.7700035000         2.5900000000         1.3352870017         1.7325766011        -0.0226056902
        1.7750056000         2.5900000000         1.3403916554         1.7376803560         0.1103689582
        1.7800063000         2.5900000000         1.3352870017         1.7300247236        -0.0226056902
        1.7850055000         2.5900000000         1.3454963091         1.7351284785         0.2433436067
        1.7902009000         2.5900000000         1.3429439823         1.7376803560         0.1768562824
        1.7950032000         2.5900000000         1.3378393285         1.7300247236         0.0438816340
        1.8000049000         2.5900000000         1.3352870017         1.7300247236        -0.0226056902
        1.8050231000         2.5900000000         1.3352870017         1.7300247236        -0.0226056902
        1.8100047000         2.5900000000         1.3276300211         1.7223690912        -0.2220676629
        1.8150078000         2.5900000000         1.3352870017         1.7351284785        -0.0226056902
        1.8200042000         2.5900000000         1.3429439823         1.7376803560         0.1768562824
        1.8250061000         2.5900000000         1.3429439823         1.7376803560         0.1768562824
        1.8300072000         2.5900000000         1.3352870017         1.7325766011        -0.0226056902
        1.8350061000         2.5900000000         1.3429439823         1.7376803560         0.1768562824
        1.8400062000         2.5900000000         1.3301823480         1.7249209687        -0.1555803387
        1.8450069000         2.5900000000         1.3352870017         1.7300247236        -0.0226056902
        1.8500464000         2.5900000000         1.3352870017         1.7300247236        -0.0226056902
        1.8550032000         2.5900000000         1.3301823480         1.7249209687        -0.1555803387
        1.8600031000         2.5900000000         1.3403916554         1.7376803560         0.1103689582
        1.8650047000         2.5900000000         1.3352870017         1.7300247236        -0.0226056902
        1.8700085000         2.5900000000         1.3352870017         1.7300247236        -0.0226056902
        1.8750056000         2.5900000000         1.3480486360         1.7376803560         0.3098309309
        1.8800056000         2.5900000000         1.3301823480         1.7249209687        -0.1555803387
        1.8850042000         2.5900000000         1.3301823480         1.7249209687        -0.1555803387
        1.8900052000         2.5900000000         1.3352870017         1.7300247236        -0.0226056902
        1.8950066000         2.5900000000         1.3403916554         1.7376803560         0.1103689582
        1.9001660000         2.5900000000         1.3352870017         1.7300247236        -0.0226056902
        1.9050051000         2.5900000000         1.3429439823         1.7402322334         0.1768562824
        1.9100036000         2.5900000000         1.3378393285         1.7300247236         0.0438816340
        1.9150053000         2.5900000000         1.3327346748         1.7249209687        -0.0890930145
        1.9200034000         2.5900000000         1.3327346748         1.7300247236        -0.0890930145
        1.9250048000         2.5900000000         1.3429439823         1.7376803560         0.1768562824
        1.9300057000         2.5900000000         1.3429439823         1.7376803560         0.1768562824
        1.9350043000         2.5900000000         1.3352870017         1.7325766011        -0.0226056902
        1.9400033000         2.5900000000         1.3327346748         1.7249209687        -0.0890930145
        1.9450048000         2.5900000000         1.3352870017         1.7249209687        -0.0226056902
        1.9500051000         2.5900000000         1.3301823480         1.7274728461        -0.1555803387
        1.9550153000         2.5900000000         1.3301823480         1.7274728461        -0.1555803387
        1.9600077000         2.5900000000         1.3250776943         1.7300247236        -0.2885549871
        1.9650041000         2.5900000000         1.3352870017         1.7300247236        -0.0226056902
        1.9700253000         2.5900000000         1.3352870017         1.7300247236        -0.0226056902
        1.9750028000         2.5900000000         1.3250776943         1.7300247236        -0.2885549871
        1.9800036000         2.5900000000         1.3352870017         1.7300247236        -0.0226056902
        1.9850035000         2.5900000000         1.3352870017         1.7300247236        -0.0226056902
        1.9900956000         2.5900000000         1.3378393285         1.7300247236         0.0438816340
        1.9950033000         2.5900000000         1.3327346748         1.7274728461        -0.0890930145
        2.0000038000         2.5900000000         1.3352870017         1.7300247236        -0.0226056902
        2.0050035000         2.5900000000         1.3327346748         1.7300247236        -0.0890930145
        2.0100049000         2.5900000000         1.3429439823         1.7376803560         0.1768562824
        2.0150034000         2.5900000000         1.3429439823         1.7376803560         0.1768562824
        2.0200026000         2.5900000000         1.3454963091         1.7376803560         0.2433436067
        2.0250030000         2.5900000000         1.3352870017         1.7300247236        -0.0226056902
        2.0300026000         2.5900000000         1.3327346748         1.7249209687        -0.0890930145
        2.0350047000         2.5900000000         1.3378393285         1.7300247236         0.0438816340
        2.0400028000         2.5900000000         1.3327346748         1.7325766011        -0.0890930145
        2.0450034000         2.5900000000         1.3429439823         1.7351284785         0.1768562824
        2.0500160000         2.5900000000         1.3352870017         1.7300247236        -0.0226056902
        2.0550043000         2.5900000000         1.3378393285         1.7300247236         0.0438816340
        2.0600026000         2.5900000000         1.3301823480         1.7249209687        -0.1555803387
        2.0650041000         2.5900000000         1.3378393285         1.7325766011         0.0438816340
        2.0700228000         2.5900000000         1.3352870017         1.7300247236        -0.0226056902
        2.0750028000         2.5900000000         1.3352870017         1.7300247236        -0.0226056902
        2.0800043000         2.5900000000         1.3301823480         1.7249209687        -0.1555803387
        2.0850027000         2.5900000000         1.3378393285         1.7300247236         0.0438816340
        2.0900670000         2.5900000000         1.3352870017         1.7300247236        -0.0226056902
        2.0950030000         2.5900000000         1.3352870017         1.7325766011        -0.0226056902
        2.1001225000         2.5900000000         1.3352870017         1.7325766011        -0.0226056902
        2.1050031000         2.5900000000         1.3301823480         1.7249209687        -0.1555803387
        2.1100330000         2.5900000000         1.3352870017         1.7325766011        -0.0226056902
        2.1150085000         2.5900000000         1.3403916554         1.7402322334         0.1103689582
        2.1200025000         2.5900000000         1.3301823480         1.7249209687        -0.1555803387
        2.1250023000         2.5900000000         1.3301823480         1.7249209687        -0.1555803387
        2.1300101000         2.5900000000         1.3301823480         1.7249209687        -0.1555803387
        2.1350029000         2.5900000000         1.3352870017         1.7325766011        -0.0226056902
        2.1400032000         2.5900000000         1.3429439823         1.7376803560         0.1768562824
        2.1450031000         2.5900000000         1.3352870017         1.7300247236        -0.0226056902
        2.1500038000         2.5900000000         1.3327346748         1.7325766011        -0.0890930145
        2.1550027000         2.5900000000         1.3429439823         1.7376803560         0.1768562824
        2.1600041000         2.5900000000         1.3174207137         1.7249209687        -0.4880169598
        2.1650033000         2.5900000000         1.3429439823         1.7376803560         0.1768562824
        2.1700039000         2.5900000000         1.3378393285         1.7274728461         0.0438816340
        2.1750040000         2.5900000000         1.3403916554         1.7376803560         0.1103689582
        2.1800036000         2.5900000000         1.3352870017         1.7325766011        -0.0226056902
        2.1850040000         2.5900000000         1.3352870017         1.7325766011        -0.0226056902
        2.1900044000         2.5900000000         1.3378393285         1.7325766011         0.0438816340
        2.1950028000         2.5900000000         1.3352870017         1.7300247236        -0.0226056902
        2.2000064000         2.5900000000         1.3403916554         1.7376803560         0.1103689582
        2.2050062000         2.5900000000         1.3378393285         1.7325766011         0.0438816340
        2.2100198000         2.5900000000         1.3276300211         1.7274728461        -0.2220676629
        2.2150031000         2.5900000000         1.3276300211         1.7249209687        -0.2220676629
        2.2200039000         2.5900000000         1.3327346748         1.7325766011        -0.0890930145
        2.2250050000         2.5900000000         1.3301823480         1.7249209687        -0.1555803387
        2.2301140000         2.5900000000         1.3352870017         1.7300247236        -0.0226056902
        2.2350029000         2.5900000000         1.3352870017         1.7300247236        -0.0226056902
        2.2400038000         2.5900000000         1.3352870017         1.7351284785        -0.0226056902
        2.2450028000         2.5900000000         1.3352870017         1.7300247236        -0.0226056902
        2.2500205000         2.5900000000         1.3352870017         1.7300247236        -0.0226056902
        2.2550030000         2.5900000000         1.3276300211         1.7249209687        -0.2220676629
        2.2600037000         2.5900000000         1.3327346748         1.7274728461        -0.0890930145
        2.2650046000         2.5900000000         1.3378393285         1.7325766011         0.0438816340
        2.2701249000         2.5900000000         1.3352870017         1.7300247236        -0.0226056902
        2.2750027000         2.5900000000         1.3403916554         1.7351284785         0.1103689582
        2.2800083000         2.5900000000         1.3301823480         1.7274728461        -0.1555803387
        2.2850039000         2.5900000000         1.3429439823         1.7376803560         0.1768562824
        2.2900551000         2.5900000000         1.3378393285         1.7325766011         0.0438816340
        2.2950039000         2.5900000000         1.3301823480         1.7274728461        -0.1555803387
        2.3000044000         2.5900000000         1.3352870017         1.7300247236        -0.0226056902
        2.3050041000         2.5900000000         1.3352870017         1.7376803560        -0.0226056902
        2.3100069000         2.5900000000         1.3454963091         1.7376803560         0.2433436067
        2.3150222000         2.5900000000         1.3454963091         1.7300247236         0.2433436067
        2.3200029000         2.5900000000         1.3403916554         1.7376803560         0.1103689582
        2.3250043000         2.5900000000         1.3352870017         1.7325766011        -0.0226056902
        2.3300053000         2.5900000000         1.3429439823         1.7402322334         0.1768562824
        2.3350109000         2.5900000000         1.3378393285         1.7325766011         0.0438816340
        2.3400559000         2.5900000000         1.3352870017         1.7325766011        -0.0226056902
        2.3450041000         2.5900000000         1.3352870017         1.7325766011        -0.0226056902
        2.3500088000         2.5900000000         1.3403916554         1.7376803560         0.1103689582
        2.3550043000         2.5900000000         1.3352870017         1.7300247236        -0.0226056902
        2.3600127000         2.5900000000         1.3301823480         1.7274728461        -0.1555803387
        2.3650046000         2.5900000000         1.3301823480         1.7249209687        -0.1555803387
        2.3700080000         2.5900000000         1.3301823480         1.7249209687        -0.1555803387
        2.3750055000         2.5900000000         1.3301823480         1.7249209687        -0.1555803387
        2.3800049000         2.5900000000         1.3352870017         1.7300247236        -0.0226056902
        2.3850045000         2.5900000000         1.3301823480         1.7300247236        -0.1555803387
        2.3900058000         2.5900000000         1.3352870017         1.7300247236        -0.0226056902
        2.3950021000         2.5900000000         1.3250776943         1.7249209687        -0.2885549871
        2.4000024000         2.5900000000         1.3403916554         1.7300247236         0.1103689582
        2.4050052000         2.5900000000         1.3531532897         1.7402322334         0.4428055793
        2.4100050000         2.5900000000         1.3352870017         1.7351284785        -0.0226056902
        2.4150026000         2.5900000000         1.3301823480         1.7274728461        -0.1555803387
        2.4200048000         2.5900000000         1.3352870017         1.7300247236        -0.0226056902
        2.4250031000         2.5900000000         1.3352870017         1.7300247236        -0.0226056902
        2.4300047000         2.5900000000         1.3403916554         1.7376803560         0.1103689582
        2.4350032000         2.5900000000         1.3429439823         1.7402322334         0.1768562824
        2.4400048000         2.5900000000         1.3429439823         1.7376803560         0.1768562824
        2.4450545000         2.5900000000         1.3352870017         1.7325766011        -0.0226056902
        2.4500031000         2.5900000000         1.3301823480         1.7274728461        -0.1555803387
        2.4552161000         2.5900000000         1.3301823480         1.7249209687        -0.1555803387
        2.4600027000         2.5900000000         1.3301823480         1.7249209687        -0.1555803387
        2.4650030000         2.5900000000         1.3403916554         1.7376803560         0.1103689582
        2.4700053000         2.5900000000         1.3352870017         1.7300247236        -0.0226056902
        2.4750025000         2.5900000000         1.3378393285         1.7300247236         0.0438816340
        2.4800065000         2.5900000000         1.3403916554         1.7376803560         0.1103689582
        2.4850021000         2.5900000000         1.3352870017         1.7325766011        -0.0226056902
        2.4900029000         2.5900000000         1.3378393285         1.7274728461         0.0438816340
        2.4950017000         2.5900000000         1.3301823480         1.7274728461        -0.1555803387
        2.5000052000         2.5900000000         1.3301823480         1.7249209687        -0.1555803387
        2.5050036000         2.5900000000         1.3378393285         1.7325766011         0.0438816340
        2.5100030000         2.5900000000         1.3429439823         1.7376803560         0.1768562824
        2.5150026000         2.5900000000         1.3403916554         1.7376803560         0.1103689582
        2.5200033000         2.5900000000         1.3352870017         1.7325766011        -0.0226056902
        2.5250054000         2.5900000000         1.3276300211         1.7274728461        -0.2220676629
        2.5301374000         2.5900000000         1.3403916554         1.7376803560         0.1103689582
        2.5350030000         2.5900000000         1.3429439823         1.7376803560         0.1768562824
        2.5400034000         2.5900000000         1.3352870017         1.7300247236        -0.0226056902
        2.5450034000         2.5900000000         1.3378393285         1.7300247236         0.0438816340
        2.5500176000         2.5900000000         1.3429439823         1.7376803560         0.1768562824
        2.5550038000         2.5900000000         1.3454963091         1.7325766011         0.2433436067
        2.5600034000         2.5900000000         1.3352870017         1.7300247236        -0.0226056902
        2.5650040000         2.5900000000         1.3352870017         1.7300247236        -0.0226056902
        2.5700033000         2.5900000000         1.3301823480         1.7274728461        -0.1555803387
        2.5750023000         2.5900000000         1.3301823480         1.7249209687        -0.1555803387
        2.5800063000         2.5900000000         1.3378393285         1.7300247236         0.0438816340
        2.5850037000         2.5900000000         1.3403916554         1.7351284785         0.1103689582
        2.5900043000         2.5900000000         1.3327346748         1.7325766011        -0.0890930145
        2.5950034000         2.5900000000         1.3301823480         1.7249209687        -0.1555803387
        2.6000045000         2.5900000000         1.3378393285         1.7300247236         0.0438816340
        2.6050054000         2.5900000000         1.3352870017         1.7351284785        -0.0226056902
        2.6100064000         2.5900000000         1.3352870017         1.7300247236        -0.0226056902
        2.6150037000         2.5900000000         1.3301823480         1.7274728461        -0.1555803387
        2.6200053000         2.5900000000         1.3352870017         1.7300247236        -0.0226056902
        2.6250229000         2.5900000000         1.3327346748         1.7325766011        -0.0890930145
        2.6300034000         2.5900000000         1.3378393285         1.7376803560         0.0438816340
        2.6350035000         2.5900000000         1.3301823480         1.7274728461        -0.1555803387
        2.6400039000         2.5900000000         1.3403916554         1.7300247236         0.1103689582
        2.6450058000         2.5900000000         1.3352870017         1.7325766011        -0.0226056902
        2.6501578000         2.5900000000         1.3378393285         1.7300247236         0.0438816340
        2.6550308000         2.5900000000         1.3352870017         1.7300247236        -0.0226056902
        2.6600074000         2.5900000000         1.3352870017         1.7300247236        -0.0226056902
        2.6650050000         2.5900000000         1.3403916554         1.7351284785         0.1103689582
        2.6700070000         2.5900000000         1.3352870017         1.7300247236        -0.0226056902
        2.6750563000         2.5900000000         1.3352870017         1.7300247236        -0.0226056902
        2.6801363000         2.5900000000         1.3276300211         1.7249209687        -0.2220676629
        2.6850127000         2.5900000000         1.3429439823         1.7376803560         0.1768562824
        2.6900053000         2.5900000000         1.3327346748         1.7249209687        -0.0890930145
        2.6950063000         2.5900000000         1.3403916554         1.7376803560         0.1103689582
        2.7001236000         2.5900000000         1.3301823480         1.7249209687        -0.1555803387
        2.7050277000         2.5900000000         1.3378393285         1.7351284785         0.0438816340
        2.7100053000         2.5900000000         1.3352870017         1.7300247236        -0.0226056902
        2.7150056000         2.5900000000         1.3429439823         1.7376803560         0.1768562824
        2.7200082000         2.5900000000         1.3378393285         1.7300247236         0.0438816340
        2.7250040000         2.5900000000         1.3352870017         1.7300247236        -0.0226056902
        2.7300048000         2.5900000000         1.3352870017         1.7300247236        -0.0226056902
        2.7350041000         2.5900000000         1.3352870017         1.7300247236        -0.0226056902
        2.7400061000         2.5900000000         1.3352870017         1.7300247236        -0.0226056902
        2.7450036000         2.5900000000         1.3429439823         1.7376803560         0.1768562824
        2.7500708000         2.5900000000         1.3352870017         1.7300247236        -0.0226056902
        2.7550069000         2.5900000000         1.3352870017         1.7376803560        -0.0226056902
        2.7600036000         2.5900000000         1.3301823480         1.7249209687        -0.1555803387
        2.7650040000         2.5900000000         1.3352870017         1.7325766011        -0.0226056902
        2.7700040000         2.5900000000         1.3403916554         1.7300247236         0.1103689582
        2.7750206000         2.5900000000         1.3429439823         1.7376803560         0.1768562824
        2.7800076000         2.5900000000         1.3352870017         1.7325766011        -0.0226056902
        2.7850085000         2.5900000000         1.3429439823         1.7376803560         0.1768562824
        2.7900046000         2.5900000000         1.3429439823         1.7376803560         0.1768562824
        2.7950028000         2.5900000000         1.3327346748         1.7274728461        -0.0890930145
        2.8000087000         2.5900000000         1.3352870017         1.7325766011        -0.0226056902
        2.8050063000         2.5900000000         1.3429439823         1.7376803560         0.1768562824
        2.8100050000         2.5900000000         1.3429439823         1.7376803560         0.1768562824
        2.8150038000         2.5900000000         1.3352870017         1.7300247236        -0.0226056902
        2.8200052000         2.5900000000         1.3352870017         1.7325766011        -0.0226056902
        2.8250040000         2.5900000000         1.3301823480         1.7274728461        -0.1555803387
        2.8300070000         2.5900000000         1.3403916554         1.7351284785         0.1103689582
        2.8350040000         2.5900000000         1.3327346748         1.7249209687        -0.0890930145
        2.8400028000         2.5900000000         1.3301823480         1.7300247236        -0.1555803387
        2.8450049000         2.5900000000         1.3378393285         1.7300247236         0.0438816340
        2.8500074000         2.5900000000         1.3301823480         1.7325766011        -0.1555803387
        2.8550049000         2.5900000000         1.3352870017         1.7300247236        -0.0226056902
        2.8600050000         2.5900000000         1.3352870017         1.7300247236        -0.0226056902
        2.8650050000         2.5900000000         1.3378393285         1.7300247236         0.0438816340
        2.8700047000         2.5900000000         1.3301823480         1.7249209687        -0.1555803387
        2.8750032000         2.5900000000         1.3352870017         1.7325766011        -0.0226056902
        2.8800045000         2.5900000000         1.3403916554         1.7351284785         0.1103689582
        2.8850027000         2.5900000000         1.3403916554         1.7376803560         0.1103689582
        2.8900048000         2.5900000000         1.3352870017         1.7300247236        -0.0226056902
        2.8950025000         2.5900000000         1.3352870017         1.7300247236        -0.0226056902
        2.9000049000         2.5900000000         1.3301823480         1.7274728461        -0.1555803387
        2.9050036000         2.5900000000         1.3276300211         1.7300247236        -0.2220676629
        2.9100016000         2.5900000000         1.3301823480         1.7300247236        -0.1555803387
        2.9150027000         2.5900000000         1.3352870017         1.7274728461        -0.0226056902
        2.9200022000         2.5900000000         1.3276300211         1.7249209687        -0.2220676629
        2.9250050000         2.5900000000         1.3352870017         1.7325766011        -0.0226056902
        2.9300031000         2.5900000000         1.3352870017         1.7325766011        -0.0226056902
        2.9350028000         2.5900000000         1.3352870017         1.7325766011        -0.0226056902
        2.9400021000         2.5900000000         1.3301823480         1.7249209687        -0.1555803387
        2.9450044000         2.5900000000         1.3352870017         1.7325766011        -0.0226056902
        2.9500049000         2.5900000000         1.3301823480         1.7249209687        -0.1555803387
        2.9550024000         2.5900000000         1.3378393285         1.7300247236         0.0438816340
        2.9600054000         2.5900000000         1.3352870017         1.7300247236        -0.0226056902
        2.9650059000         2.5900000000         1.3301823480         1.7249209687        -0.1555803387
        2.9700221000         2.5900000000         1.3276300211         1.7249209687        -0.2220676629
        2.9750037000         2.5900000000         1.3403916554         1.7376803560         0.1103689582
        2.9800076000         2.5900000000         1.3301823480         1.7249209687        -0.1555803387
        2.9850548000         2.5900000000         1.3378393285         1.7300247236         0.0438816340
        2.9900124000         2.5900000000         1.3429439823         1.7427841109         0.1768562824
        2.9950033000         2.5900000000         1.3378393285         1.7325766011         0.0438816340
        3.0000032000         2.5900000000         1.3403916554         1.7376803560         0.1103689582
        3.0050084000         2.5900000000         1.3429439823         1.7402322334         0.1768562824
        3.0100038000         2.5900000000         1.3429439823         1.7351284785         0.1768562824
        3.0150044000         2.5900000000         1.3403916554         1.7376803560         0.1103689582
        3.0200029000         2.5900000000         1.3352870017         1.7300247236        -0.0226056902
        3.0250026000         2.5900000000         1.3301823480         1.7274728461        -0.1555803387
        3.0300152000         2.5900000000         1.3352870017         1.7300247236        -0.0226056902
        3.0350025000         2.5900000000         1.3352870017         1.7300247236        -0.0226056902
        3.0400024000         2.5900000000         1.3403916554         1.7376803560         0.1103689582
        3.0450024000         2.5900000000         1.3352870017         1.7325766011        -0.0226056902
        3.0500024000         2.5900000000         1.3301823480         1.7249209687        -0.1555803387
        3.0550018000         2.5900000000         1.3403916554         1.7376803560         0.1103689582
        3.0600012000         2.5900000000         1.3429439823         1.7376803560         0.1768562824
        3.0650011000         2.5900000000         1.3352870017         1.7325766011        -0.0226056902
        3.0700031000         2.5900000000         1.3301823480         1.7300247236        -0.1555803387
        3.0750023000         2.5900000000         1.3429439823         1.7376803560         0.1768562824
        3.0800039000         2.5900000000         1.3276300211         1.7274728461        -0.2220676629
        3.0850034000         2.5900000000         1.3327346748         1.7249209687        -0.0890930145
        3.0900025000         2.5900000000         1.3352870017         1.7325766011        -0.0226056902
        3.0950019000         2.5900000000         1.3352870017         1.7300247236        -0.0226056902
        3.1000033000         2.5900000000         1.3429439823         1.7351284785         0.1768562824
        3.1050055000         2.5900000000         1.3403916554         1.7351284785         0.1103689582
        3.1100018000         2.5900000000         1.3378393285         1.7300247236         0.0438816340
        3.1150059000         2.5900000000         1.3301823480         1.7249209687        -0.1555803387
        3.1200068000         2.5900000000         1.3378393285         1.7300247236         0.0438816340
        3.1250051000         2.5900000000         1.3352870017         1.7325766011        -0.0226056902
        3.1300208000         2.5900000000         1.3352870017         1.7300247236        -0.0226056902
        3.1350026000         2.5900000000         1.3378393285         1.7351284785         0.0438816340
        3.1400023000         2.5900000000         1.3276300211         1.7274728461        -0.2220676629
        3.1450106000         2.5900000000         1.3403916554         1.7402322334         0.1103689582
        3.1500136000         2.5900000000         1.3352870017         1.7274728461        -0.0226056902
        3.1550301000         2.5900000000         1.3352870017         1.7325766011        -0.0226056902
        3.1600028000         2.5900000000         1.3403916554         1.7325766011         0.1103689582
        3.1650043000         2.5900000000         1.3480486360         1.7300247236         0.3098309309
        3.1700055000         2.5900000000         1.3301823480         1.7325766011        -0.1555803387
        3.1750025000         2.5900000000         1.3429439823         1.7376803560         0.1768562824
        3.1800042000         2.5900000000         1.3301823480         1.7249209687        -0.1555803387
        3.1850024000         2.5900000000         1.3378393285         1.7300247236         0.0438816340
        3.1900065000         2.5900000000         1.3276300211         1.7249209687        -0.2220676629
        3.1950027000         2.5900000000         1.3301823480         1.7274728461        -0.1555803387
        3.2000029000         2.5900000000         1.3250776943         1.7325766011        -0.2885549871
        3.2050035000         2.5900000000         1.3352870017         1.7325766011        -0.0226056902
        3.2100170000         2.5900000000         1.3403916554         1.7402322334         0.1103689582
        3.2150026000         2.5900000000         1.3301823480         1.7249209687        -0.1555803387
        3.2200025000         2.5900000000         1.3352870017         1.7300247236        -0.0226056902
        3.2250034000         2.5900000000         1.3352870017         1.7325766011        -0.0226056902
        3.2300242000         2.5900000000         1.3301823480         1.7274728461        -0.1555803387
        3.2350030000         2.5900000000         1.3378393285         1.7300247236         0.0438816340
        3.2400025000         2.5900000000         1.3429439823         1.7402322334         0.1768562824
        3.2450025000         2.5900000000         1.3378393285         1.7325766011         0.0438816340
        3.2500300000         2.5900000000         1.3506009628         1.7274728461         0.3763182551
        3.2550026000         2.5900000000         1.3352870017         1.7325766011        -0.0226056902
        3.2600028000         2.5900000000         1.3429439823         1.7376803560         0.1768562824
        3.2650050000         2.5900000000         1.3454963091         1.7376803560         0.2433436067
        3.2700742000         2.5900000000         1.3352870017         1.7325766011        -0.0226056902
        3.2750024000         2.5900000000         1.3301823480         1.7300247236        -0.1555803387
        3.2800051000         2.5900000000         1.3378393285         1.7300247236         0.0438816340
        3.2850034000         2.5900000000         1.3378393285         1.7325766011         0.0438816340
        3.2900032000         2.5900000000         1.3378393285         1.7300247236         0.0438816340
        3.2950026000         2.5900000000         1.3301823480         1.7249209687        -0.1555803387
        3.3000018000         2.5900000000         1.3301823480         1.7249209687        -0.1555803387
        3.3050026000         2.5900000000         1.3403916554         1.7376803560         0.1103689582
        3.3100017000         2.5900000000         1.3403916554         1.7376803560         0.1103689582
        3.3150032000         2.5900000000         1.3301823480         1.7274728461        -0.1555803387
        3.3200024000         2.5900000000         1.3352870017         1.7325766011        -0.0226056902
        3.3250014000         2.5900000000         1.3301823480         1.7274728461        -0.1555803387
        3.3300032000         2.5900000000         1.3378393285         1.7325766011         0.0438816340
        3.3350023000         2.5900000000         1.3454963091         1.7376803560         0.2433436067
        3.3400024000         2.5900000000         1.3403916554         1.7351284785         0.1103689582
        3.3450020000         2.5900000000         1.3276300211         1.7274728461        -0.2220676629
        3.3500058000         2.5900000000         1.3352870017         1.7300247236        -0.0226056902
        3.3550040000         2.5900000000         1.3429439823         1.7376803560         0.1768562824
        3.3600056000         2.5900000000         1.3276300211         1.7274728461        -0.2220676629
        3.3650043000         2.5900000000         1.3301823480         1.7249209687        -0.1555803387
        3.3700049000         2.5900000000         1.3429439823         1.7376803560         0.1768562824
        3.3750033000         2.5900000000         1.3352870017         1.7325766011        -0.0226056902
        3.3800036000         2.5900000000         1.3352870017         1.7325766011        -0.0226056902
        3.3850032000         2.5900000000         1.3403916554         1.7376803560         0.1103689582
        3.3900024000         2.5900000000         1.3352870017         1.7300247236        -0.0226056902
        3.3950012000         2.5900000000         1.3352870017         1.7300247236        -0.0226056902
        3.4000045000         2.5900000000         1.3403916554         1.7376803560         0.1103689582
        3.4050050000         2.5900000000         1.3454963091         1.7376803560         0.2433436067
        3.4100036000         2.5900000000         1.3352870017         1.7300247236        -0.0226056902
        3.4150026000         2.5900000000         1.3352870017         1.7325766011        -0.0226056902
        3.4200027000         2.5900000000         1.3352870017         1.7300247236        -0.0226056902
        3.4250020000         2.5900000000         1.3352870017         1.7300247236        -0.0226056902
        3.4300025000         2.5900000000         1.3429439823         1.7376803560         0.1768562824
        3.4350022000         2.5900000000         1.3429439823         1.7351284785         0.1768562824
        3.4400022000         2.5900000000         1.3301823480         1.7274728461        -0.1555803387
        3.4450018000         2.5900000000         1.3429439823         1.7351284785         0.1768562824
        3.4500025000         2.5900000000         1.3352870017         1.7325766011        -0.0226056902
        3.4550015000         2.5900000000         1.3403916554         1.7376803560         0.1103689582
        3.4600026000         2.5900000000         1.3276300211         1.7274728461        -0.2220676629
        3.4650024000         2.5900000000         1.3429439823         1.7376803560         0.1768562824
        3.4702843000         2.5900000000         1.3352870017         1.7300247236        -0.0226056902
        3.4750026000         2.5900000000         1.3327346748         1.7249209687        -0.0890930145
        3.4800066000         2.5900000000         1.3352870017         1.7300247236        -0.0226056902
        3.4850025000         2.5900000000         1.3454963091         1.7300247236         0.2433436067
        3.4900087000         2.5900000000         1.3352870017         1.7325766011        -0.0226056902
        3.4950049000         2.5900000000         1.3429439823         1.7376803560         0.1768562824
        3.5000035000         2.5900000000         1.3276300211         1.7274728461        -0.2220676629
        3.5050028000         2.5900000000         1.3352870017         1.7325766011        -0.0226056902
        3.5100025000         2.5900000000         1.3429439823         1.7402322334         0.1768562824
        3.5150036000         2.5900000000         1.3352870017         1.7300247236        -0.0226056902
        3.5200053000         2.5900000000         1.3301823480         1.7274728461        -0.1555803387
        3.5250025000         2.5900000000         1.3352870017         1.7300247236        -0.0226056902
        3.5300031000         2.5900000000         1.3378393285         1.7325766011         0.0438816340
        3.5350027000         2.5900000000         1.3378393285         1.7300247236         0.0438816340
        3.5400013000         2.5900000000         1.3352870017         1.7300247236        -0.0226056902
        3.5450032000         2.5900000000         1.3429439823         1.7376803560         0.1768562824
        3.5500021000         2.5900000000         1.3429439823         1.7376803560         0.1768562824
        3.5550050000         2.5900000000         1.3403916554         1.7300247236         0.1103689582
        3.5600025000         2.5900000000         1.3352870017         1.7300247236        -0.0226056902
        3.5650044000         2.5900000000         1.3403916554         1.7325766011         0.1103689582
        3.5700031000         2.5900000000         1.3429439823         1.7376803560         0.1768562824
        3.5750054000         2.5900000000         1.3352870017         1.7325766011        -0.0226056902
        3.5800027000         2.5900000000         1.3403916554         1.7249209687         0.1103689582
        3.5850034000         2.5900000000         1.3352870017         1.7325766011        -0.0226056902
        3.5900050000         2.5900000000         1.3352870017         1.7325766011        -0.0226056902
        3.5950033000         2.5900000000         1.3352870017         1.7325766011        -0.0226056902
        3.6000031000         2.5900000000         1.3327346748         1.7325766011        -0.0890930145
        3.6050058000         2.5900000000         1.3352870017         1.7300247236        -0.0226056902
        3.6100034000         2.5900000000         1.3403916554         1.7376803560         0.1103689582
        3.6150041000         2.5900000000         1.3352870017         1.7300247236        -0.0226056902
        3.6200016000         2.5900000000         1.3352870017         1.7300247236        -0.0226056902
        3.6250029000         2.5900000000         1.3276300211         1.7300247236        -0.2220676629
        3.6300029000         2.5900000000         1.3378393285         1.7351284785         0.0438816340
        3.6350031000         2.5900000000         1.3429439823         1.7376803560         0.1768562824
        3.6400060000         2.5900000000         1.3454963091         1.7249209687         0.2433436067
        3.6450037000         2.5900000000         1.3301823480         1.7300247236        -0.1555803387
        3.6500587000         2.5900000000         1.3352870017         1.7325766011        -0.0226056902
        3.6550059000         2.5900000000         1.3276300211         1.7274728461        -0.2220676629
        3.6601115000         2.5900000000         1.3352870017         1.7274728461        -0.0226056902
        3.6650049000         2.5900000000         1.3352870017         1.7325766011        -0.0226056902
        3.6700023000         2.5900000000         1.3352870017         1.7300247236        -0.0226056902
        3.6750054000         2.5900000000         1.3352870017         1.7300247236        -0.0226056902
        3.6800216000         2.5900000000         1.3454963091         1.7402322334         0.2433436067
        3.6850036000         2.5900000000         1.3429439823         1.7376803560         0.1768562824
        3.6900016000         2.5900000000         1.3429439823         1.7376803560         0.1768562824
        3.6950037000         2.5900000000         1.3352870017         1.7300247236        -0.0226056902
        3.7000069000         2.5900000000         1.3352870017         1.7325766011        -0.0226056902
        3.7050034000         2.5900000000         1.3352870017         1.7325766011        -0.0226056902
        3.7100031000         2.5900000000         1.3352870017         1.7300247236        -0.0226056902
        3.7150042000         2.5900000000         1.3608102703         1.7351284785         0.6422675520
        3.7200055000         2.5900000000         1.3352870017         1.7300247236        -0.0226056902
        3.7250064000         2.5900000000         1.3429439823         1.7376803560         0.1768562824
        3.7300030000         2.5900000000         1.3608102703         1.7376803560         0.6422675520
        3.7350544000         2.5900000000         1.3352870017         1.7300247236        -0.0226056902
        3.7400951000         2.5900000000         1.3352870017         1.7325766011        -0.0226056902
        3.7450020000         2.5900000000         1.3276300211         1.7249209687        -0.2220676629
        3.7500050000         2.5900000000         1.3301823480         1.7249209687        -0.1555803387
        3.7550337000         2.5900000000         1.3352870017         1.7325766011        -0.0226056902
        3.7600014000         2.5900000000         1.3301823480         1.7249209687        -0.1555803387
        3.7650361000         2.5900000000         1.3403916554         1.7300247236         0.1103689582
        3.7700027000         2.5900000000         1.3403916554         1.7402322334         0.1103689582
        3.7750028000         2.5900000000         1.3378393285         1.7325766011         0.0438816340
        3.7800054000         2.5900000000         1.3429439823         1.7376803560         0.1768562824
        3.7853545000         2.5900000000         1.3352870017         1.7274728461        -0.0226056902
        3.7900025000         2.5900000000         1.3250776943         1.7300247236        -0.2885549871
        3.7950482000         2.5900000000         1.3429439823         1.7376803560         0.1768562824
        3.8000033000         2.5900000000         1.3429439823         1.7376803560         0.1768562824
        3.8050057000         2.5900000000         1.3352870017         1.7300247236        -0.0226056902
        3.8100032000         2.5900000000         1.3352870017         1.7300247236        -0.0226056902
        3.8150032000         2.5900000000         1.3352870017         1.7300247236        -0.0226056902
        3.8200065000         2.5900000000         1.3276300211         1.7274728461        -0.2220676629
        3.8250285000         2.5900000000         1.3429439823         1.7376803560         0.1768562824
        3.8300156000         2.5900000000         1.3352870017         1.7351284785        -0.0226056902
        3.8350044000         2.5900000000         1.3327346748         1.7300247236        -0.0890930145
        3.8400038000         2.5900000000         1.3378393285         1.7325766011         0.0438816340
        3.8450836000         2.5900000000         1.3276300211         1.7274728461        -0.2220676629
        3.8500048000         2.5900000000         1.3352870017         1.7249209687        -0.0226056902
        3.8550063000         2.5900000000         1.3301823480         1.7249209687        -0.1555803387
        3.8600182000         2.5900000000         1.3403916554         1.7376803560         0.1103689582
        3.8650065000         2.5900000000         1.3352870017         1.7300247236        -0.0226056902
        3.8700042000         2.5900000000         1.3352870017         1.7325766011        -0.0226056902
        3.8750038000         2.5900000000         1.3301823480         1.7376803560        -0.1555803387
        3.8800046000         2.5900000000         1.3352870017         1.7325766011        -0.0226056902
        3.8850040000         2.5900000000         1.3352870017         1.7300247236        -0.0226056902
        3.8901086000         2.5900000000         1.3378393285         1.7300247236         0.0438816340
        3.8950048000         2.5900000000         1.3352870017         1.7300247236        -0.0226056902
        3.9000052000         2.5900000000         1.3429439823         1.7376803560         0.1768562824
        3.9050032000         2.5900000000         1.3352870017         1.7325766011        -0.0226056902
        3.9100144000         2.5900000000         1.3429439823         1.7376803560         0.1768562824
        3.9150091000         2.5900000000         1.3301823480         1.7274728461        -0.1555803387
        3.9200040000         2.5900000000         1.3352870017         1.7325766011        -0.0226056902
        3.9250308000         2.5900000000         1.3403916554         1.7351284785         0.1103689582
        3.9300035000         2.5900000000         1.3352870017         1.7300247236        -0.0226056902
        3.9350029000         2.5900000000         1.3352870017         1.7325766011        -0.0226056902
        3.9400016000         2.5900000000         1.3352870017         1.7300247236        -0.0226056902
        3.9450045000         2.5900000000         1.3352870017         1.7300247236        -0.0226056902
        3.9500063000         2.5900000000         1.3352870017         1.7325766011        -0.0226056902
        3.9550040000         2.5900000000         1.3378393285         1.7325766011         0.0438816340
        3.9600046000         2.5900000000         1.3557056165         1.7376803560         0.5092929036
        3.9650353000         2.5900000000         1.3352870017         1.7325766011        -0.0226056902
        3.9700034000         2.5900000000         1.3327346748         1.7249209687        -0.0890930145
        3.9750051000         2.5900000000         1.3301823480         1.7274728461        -0.1555803387
        3.9800121000         2.5900000000         1.3403916554         1.7376803560         0.1103689582
        3.9850054000         2.5900000000         1.3352870017         1.7325766011        -0.0226056902
        3.9900042000         2.5900000000         1.3301823480         1.7249209687        -0.1555803387
        3.9950035000         2.5900000000         1.3276300211         1.7274728461        -0.2220676629
