% Motor Sweep Step 79/180
% Vcmd       = 2.9000 [V]
% Direction  = CW
% Zone       = DEADZONE
% Vg_offset  = 1.336525 [V]
% K_gimbal   = 26.049690 [(rad/s)/V]

Time[s]              Vcmd[V]              Vg_raw[V]            Pot[V]               Omega[rad/s]
        0.0000144000         2.9000000000         1.3454963091         4.7004100859         0.2337029447
        0.0050742000         2.9000000000         1.3403916554         4.7157213506         0.1007282962
        0.0100074000         2.9000000000         1.3403916554         4.7131694732         0.1007282962
        0.0150064000         2.9000000000         1.3378393285         4.7080657183         0.0342409720
        0.0200260000         2.9000000000         1.3352870017         4.7055138408        -0.0322463522
        0.0250056000         2.9000000000         1.3429439823         4.7157213506         0.1672156204
        0.0300053000         2.9000000000         1.3990951731         4.7106175957         1.6299367534
        0.0350449000         2.9000000000         1.4373800759         4.7284807379         2.6272466168
        0.0400250000         2.9000000000         1.3965428462         4.7284807379         1.5634494292
        0.0450100000         2.9000000000         1.4144091342         4.7310326154         2.0288606988
        0.0500052000         2.9000000000         1.4297230954         4.7488957576         2.4277846441
        0.0550059000         2.9000000000         1.4195137880         4.7539995125         2.1618353472
        0.0600038000         2.9000000000         1.4246184417         4.7718626547         2.2948099957
        0.0650048000         2.9000000000         1.4271707685         4.7718626547         2.3612973199
        0.0700048000         2.9000000000         1.4348277491         4.7922776744         2.5607592926
        0.0750036000         2.9000000000         1.4297230954         4.7922776744         2.4277846441
        0.0800018000         2.9000000000         1.4297230954         4.7973814293         2.4277846441
        0.0850024000         2.9000000000         1.4271707685         4.8075889392         2.3612973199
        0.0900034000         2.9000000000         1.4399324028         4.8254520814         2.6937339410
        0.0950023000         2.9000000000         1.4424847297         4.8382114687         2.7602212653
        0.1001912000         2.9000000000         1.4424847297         4.8484189785         2.7602212653
        0.1050054000         2.9000000000         1.4526940371         4.8662821207         3.0261705622
        0.1101029000         2.9000000000         1.4475893834         4.8713858756         2.8931959137
        0.1150069000         2.9000000000         1.4475893834         4.8815933855         2.8931959137
        0.1200701000         2.9000000000         1.4475893834         4.8943527728         2.8931959137
        0.1250062000         2.9000000000         1.4475893834         4.9096640375         2.8931959137
        0.1300916000         2.9000000000         1.4577986908         4.9275271797         3.1591452106
        0.1350060000         2.9000000000         1.4424847297         4.9249753023         2.7602212653
        0.1400062000         2.9000000000         1.4577986908         4.9504940769         3.1591452106
        0.1450054000         2.9000000000         1.4629033445         4.9607015867         3.2921198591
        0.1500056000         2.9000000000         1.4603510177         4.9658053416         3.2256325349
        0.1550057000         2.9000000000         1.4577986908         4.9760128515         3.1591452106
        0.1600070000         2.9000000000         1.4654556714         4.9989797486         3.3586071833
        0.1650044000         2.9000000000         1.4552463639         4.9989797486         3.0926578864
        0.1700071000         2.9000000000         1.4501417102         5.0015316260         2.9596832380
        0.1750067000         2.9000000000         1.4680079982         5.0142910133         3.4250945075
        0.1800039000         2.9000000000         1.4629033445         5.0015316260         3.2921198591
        0.1850080000         2.9000000000         1.4577986908         5.0066353810         3.1591452106
        0.1900029000         2.9000000000         1.4654556714         4.9989797486         3.3586071833
        0.1950057000         2.9000000000         1.4577986908         4.9989797486         3.1591452106
        0.2000526000         2.9000000000         1.4629033445         4.9964278711         3.2921198591
        0.2050060000         2.9000000000         1.4680079982         5.0066353810         3.4250945075
        0.2100060000         2.9000000000         1.4705603251         5.0015316260         3.4915818318
        0.2150035000         2.9000000000         1.4705603251         1.1201260109         3.4915818318
        0.2200072000         2.9000000000         1.4680079982         1.1099185011         3.4250945075
        0.2250058000         2.9000000000         1.4629033445         1.1022628687         3.2921198591
        0.2300059000         2.9000000000         1.4680079982         1.0971591138         3.4250945075
        0.2350058000         2.9000000000         1.4782173056         1.1022628687         3.6910438044
        0.2401315000         2.9000000000         1.4782173056         0.0024036839         3.6910438044
        0.2450053000         2.9000000000         1.4705603251         0.0024036839         3.4915818318
        0.2500105000         2.9000000000         1.4756649788         0.0024036839         3.6245564802
        0.2550288000         2.9000000000         1.4833219594         0.0049555613         3.8240184529
        0.2600060000         2.9000000000         1.4705603251         0.0024036839         3.4915818318
        0.2650044000         2.9000000000         1.4884266131         0.0100593162         3.9569931014
        0.2700058000         2.9000000000         1.4705603251        -0.0027000711         3.4915818318
        0.2750035000         2.9000000000         1.4731126519         0.0049555613         3.5580691560
        0.2800045000         2.9000000000         1.4833219594         0.0126111937         3.8240184529
        0.2850034000         2.9000000000         1.4705603251         0.0177149486         3.4915818318
        0.2900047000         2.9000000000         1.4935312668         0.0406818457         4.0899677498
        0.2950035000         2.9000000000         1.4858742862         0.0559931105         3.8905057771
        0.3000044000         2.9000000000         1.4756649788         0.0662006203         3.6245564802
        0.3050034000         2.9000000000         1.4756649788         0.0764081302         3.6245564802
        0.3100119000         2.9000000000         1.4756649788         0.0866156400         3.6245564802
        0.3150057000         2.9000000000         1.4731126519         0.1095825371         3.5580691560
        0.3200046000         2.9000000000         1.4884266131         0.1299975568         3.9569931014
        0.3250032000         2.9000000000         1.4782173056         0.1376531892         3.6910438044
        0.3300046000         2.9000000000         1.4731126519         0.1529644539         3.5580691560
        0.3350037000         2.9000000000         1.4884266131         0.1708275961         3.9569931014
        0.3400047000         2.9000000000         1.4756649788         0.1810351060         3.6245564802
        0.3450031000         2.9000000000         1.4782173056         0.1963463707         3.6910438044
        0.3500042000         2.9000000000         1.4858742862         0.2193132679         3.8905057771
        0.3550051000         2.9000000000         1.4705603251         0.2269689002         3.4915818318
        0.3600047000         2.9000000000         1.4782173056         0.2422801650         3.6910438044
        0.3650033000         2.9000000000         1.4909789399         0.2601433072         4.0234804256
        0.3700049000         2.9000000000         1.4731126519         0.2677989396         3.5580691560
        0.3750045000         2.9000000000         1.4782173056         0.2907658367         3.6910438044
        0.3800049000         2.9000000000         1.4731126519         0.3009733466         3.5580691560
        0.3850061000         2.9000000000         1.4807696325         0.3213883662         3.7575311287
        0.3900054000         2.9000000000         1.4705603251         0.3239402437         3.4915818318
        0.3950057000         2.9000000000         1.4782173056         0.3341477535         3.6910438044
        0.4000072000         2.9000000000         1.4782173056         0.3596665281         3.6910438044
        0.4050046000         2.9000000000         1.4680079982         0.3647702830         3.4250945075
        0.4100051000         2.9000000000         1.4756649788         0.3851853027         3.6245564802
        0.4150046000         2.9000000000         1.4680079982         0.3928409351         3.4250945075
        0.4200061000         2.9000000000         1.4629033445         0.4056003224         3.2921198591
        0.4250047000         2.9000000000         1.4782173056         0.4260153420         3.6910438044
        0.4300049000         2.9000000000         1.4756649788         0.4413266068         3.6245564802
        0.4350061000         2.9000000000         1.4731126519         0.4540859941         3.5580691560
        0.4400051000         2.9000000000         1.4782173056         0.4668453814         3.6910438044
        0.4450019000         2.9000000000         1.4705603251         0.4821566461         3.4915818318
        0.4500056000         2.9000000000         1.4807696325         0.4974679109         3.7575311287
        0.4550049000         2.9000000000         1.4833219594         0.5178829306         3.8240184529
        0.4600029000         2.9000000000         1.4782173056         0.5255385629         3.6910438044
        0.4650065000         2.9000000000         1.4807696325         0.5408498277         3.7575311287
        0.4700046000         2.9000000000         1.4858742862         0.5612648474         3.8905057771
        0.4750057000         2.9000000000         1.4680079982         0.5638167248         3.4250945075
        0.4800038000         2.9000000000         1.4858742862         0.5842317445         3.8905057771
        0.4850056000         2.9000000000         1.4680079982         0.5944392543         3.4250945075
        0.4900050000         2.9000000000         1.4705603251         0.6097505191         3.4915818318
        0.4950054000         2.9000000000         1.4756649788         0.6225099064         3.6245564802
        0.5000059000         2.9000000000         1.4782173056         0.6480286810         3.6910438044
        0.5050042000         2.9000000000         1.4731126519         0.6531324359         3.5580691560
        0.5100043000         2.9000000000         1.4807696325         0.6633399457         3.7575311287
        0.5150058000         2.9000000000         1.4782173056         0.6760993330         3.6910438044
        0.5200739000         2.9000000000         1.4680079982         0.6914105978         3.4250945075
        0.5250043000         2.9000000000         1.4807696325         0.7118256175         3.7575311287
        0.5300051000         2.9000000000         1.4705603251         0.7194812498         3.4915818318
        0.5350039000         2.9000000000         1.4807696325         0.7475519019         3.7575311287
        0.5400038000         2.9000000000         1.4756649788         0.7577594117         3.6245564802
        0.5450047000         2.9000000000         1.4680079982         0.7679669216         3.4250945075
        0.5500044000         2.9000000000         1.4756649788         0.7832781863         3.6245564802
        0.5550063000         2.9000000000         1.4833219594         0.8011413285         3.8240184529
        0.5600035000         2.9000000000         1.4629033445         0.8036932060         3.2921198591
        0.5650060000         2.9000000000         1.4731126519         0.8164525933         3.5580691560
        0.5700054000         2.9000000000         1.4756649788         0.8368676129         3.6245564802
        0.5750046000         2.9000000000         1.4756649788         0.8521788777         3.6245564802
        0.5800042000         2.9000000000         1.4782173056         0.8623863875         3.6910438044
        0.5850054000         2.9000000000         1.4756649788         0.8802495297         3.6245564802
        0.5900036000         2.9000000000         1.4756649788         0.8955607945         3.6245564802
        0.5950059000         2.9000000000         1.4833219594         0.9083201818         3.8240184529
        0.6000033000         2.9000000000         1.4629033445         0.9159758142         3.2921198591
        0.6050046000         2.9000000000         1.4833219594         0.9440464662         3.8240184529
        0.6100037000         2.9000000000         1.4833219594         0.9517020986         3.8240184529
        0.6150047000         2.9000000000         1.4756649788         0.9593577310         3.6245564802
        0.6200053000         2.9000000000         1.4884266131         0.9848765056         3.9569931014
        0.6250050000         2.9000000000         1.4756649788         0.9950840154         3.6245564802
        0.6300055000         2.9000000000         1.4756649788         1.0103952802         3.6245564802
        0.6350053000         2.9000000000         1.4782173056         1.0206027900         3.6910438044
        0.6400057000         2.9000000000         1.4833219594         1.0410178097         3.8240184529
        0.6450038000         2.9000000000         1.4680079982         1.0563290744         3.4250945075
        0.6500051000         2.9000000000         1.4884266131         1.0665365843         3.9569931014
        0.6550038000         2.9000000000         1.4782173056         1.0869516039         3.6910438044
        0.6600052000         2.9000000000         1.4756649788         1.0920553588         3.6245564802
        0.6650054000         2.9000000000         1.4807696325         1.1099185011         3.7575311287
        0.6700045000         2.9000000000         1.4884266131         1.1328853982         3.9569931014
        0.6750046000         2.9000000000         1.4680079982         1.1328853982         3.4250945075
        0.6800033000         2.9000000000         1.4858742862         1.1533004179         3.8905057771
        0.6850043000         2.9000000000         1.4782173056         1.1686116826         3.6910438044
        0.6900047000         2.9000000000         1.4858742862         1.1839229474         3.8905057771
        0.6950049000         2.9000000000         1.4807696325         1.1966823347         3.7575311287
        0.7000043000         2.9000000000         1.4756649788         1.2043379670         3.6245564802
        0.7050034000         2.9000000000         1.4756649788         1.2196492318         3.6245564802
        0.7100047000         2.9000000000         1.4884266131         1.2375123740         3.9569931014
        0.7150044000         2.9000000000         1.4756649788         1.2528236388         3.6245564802
        0.7200047000         2.9000000000         1.4858742862         1.2681349035         3.8905057771
        0.7250031000         2.9000000000         1.4833219594         1.2859980457         3.8240184529
        0.7300047000         2.9000000000         1.4731126519         1.2911018006         3.5580691560
        0.7350046000         2.9000000000         1.4833219594         1.3115168203         3.8240184529
        0.7400046000         2.9000000000         1.4807696325         1.3268280851         3.7575311287
        0.7450033000         2.9000000000         1.4680079982         1.3344837175         3.4250945075
        0.7500043000         2.9000000000         1.4782173056         1.3523468597         3.6910438044
        0.7550032000         2.9000000000         1.4782173056         1.3727618793         3.6910438044
        0.7600047000         2.9000000000         1.4807696325         1.3727618793         3.7575311287
        0.7650030000         2.9000000000         1.4731126519         1.3880731441         3.5580691560
        0.7700046000         2.9000000000         1.4654556714         1.4059362863         3.3586071833
        0.7750035000         2.9000000000         1.4807696325         1.4237994285         3.7575311287
        0.7800047000         2.9000000000         1.4603510177         1.4314550609         3.2256325349
        0.7850052000         2.9000000000         1.4731126519         1.4493182031         3.5580691560
        0.7900072000         2.9000000000         1.4705603251         1.4646294679         3.4915818318
        0.7950044000         2.9000000000         1.4705603251         1.4722851002         3.4915818318
        0.8000037000         2.9000000000         1.4731126519         1.4952519974         3.5580691560
        0.8050031000         2.9000000000         1.4858742862         1.5105632621         3.8905057771
        0.8100021000         2.9000000000         1.4654556714         1.5131151396         3.3586071833
        0.8150059000         2.9000000000         1.4833219594         1.5360820367         3.8240184529
        0.8200037000         2.9000000000         1.4680079982         1.5360820367         3.4250945075
        0.8250025000         2.9000000000         1.4705603251         1.5616008113         3.4915818318
        0.8300019000         2.9000000000         1.4680079982         1.5641526888         3.4250945075
        0.8350030000         2.9000000000         1.4654556714         1.5820158310         3.3586071833
        0.8400022000         2.9000000000         1.4654556714         1.5973270957         3.3586071833
        0.8450029000         2.9000000000         1.4705603251         1.6126383605         3.4915818318
        0.8500040000         2.9000000000         1.4705603251         1.6202939929         3.4915818318
        0.8550047000         2.9000000000         1.4577986908         1.6279496252         3.1591452106
        0.8600027000         2.9000000000         1.4782173056         1.6509165224         3.6910438044
        0.8650049000         2.9000000000         1.4705603251         1.6585721547         3.4915818318
        0.8700038000         2.9000000000         1.4654556714         1.6738834195         3.3586071833
        0.8750029000         2.9000000000         1.4756649788         1.6917465617         3.6245564802
        0.8800014000         2.9000000000         1.4577986908         1.6942984392         3.1591452106
        0.8850046000         2.9000000000         1.4577986908         1.7045059490         3.1591452106
        0.8900028000         2.9000000000         1.4603510177         1.7198172138         3.2256325349
        0.8950028000         2.9000000000         1.4680079982         1.7351284785         3.4250945075
        0.9000039000         2.9000000000         1.4705603251         1.7529916207         3.4915818318
        0.9050047000         2.9000000000         1.4756649788         1.7606472531         3.6245564802
        0.9100020000         2.9000000000         1.4680079982         1.7708547629         3.4250945075
        0.9150023000         2.9000000000         1.4705603251         1.7912697826         3.4915818318
        0.9200041000         2.9000000000         1.4629033445         1.8014772924         3.2921198591
        0.9250063000         2.9000000000         1.4603510177         1.8040291699         3.2256325349
        0.9300068000         2.9000000000         1.4629033445         1.8218923121         3.2921198591
        0.9350029000         2.9000000000         1.4603510177         1.8320998220         3.2256325349
        0.9400053000         2.9000000000         1.4526940371         1.8397554543         3.0261705622
        0.9450040000         2.9000000000         1.4680079982         1.8627223515         3.4250945075
        0.9500035000         2.9000000000         1.4629033445         1.8729298613         3.2921198591
        0.9550052000         2.9000000000         1.4680079982         1.8805854937         3.4250945075
        0.9600055000         2.9000000000         1.4654556714         1.9010005134         3.3586071833
        0.9650710000         2.9000000000         1.4705603251         1.9163117781         3.4915818318
        0.9700058000         2.9000000000         1.4756649788         1.9239674105         3.6245564802
        0.9750035000         2.9000000000         1.4654556714         1.9341749203         3.3586071833
        0.9800047000         2.9000000000         1.4756649788         1.9494861851         3.6245564802
        0.9850057000         2.9000000000         1.4833219594         1.9571418174         3.8240184529
        0.9900053000         2.9000000000         1.4782173056         1.9826605920         3.6910438044
        0.9950354000         2.9000000000         1.4526940371         1.9877643470         3.0261705622
        1.0000048000         2.9000000000         1.4680079982         1.9954199793         3.4250945075
        1.0050057000         2.9000000000         1.4705603251         2.0209387539         3.4915818318
        1.0100046000         2.9000000000         1.4731126519         2.0362500187         3.5580691560
        1.0150062000         2.9000000000         1.4807696325         2.0439056511         3.7575311287
        1.0200118000         2.9000000000         1.4654556714         2.0566650383         3.3586071833
        1.0250061000         2.9000000000         1.4731126519         2.0770800580         3.5580691560
        1.0300038000         2.9000000000         1.4680079982         2.0847356904         3.4250945075
        1.0350044000         2.9000000000         1.4629033445         2.0898394453         3.2921198591
        1.0400053000         2.9000000000         1.4680079982         2.1128063424         3.4250945075
        1.0450057000         2.9000000000         1.4807696325         2.1306694847         3.7575311287
        1.0500042000         2.9000000000         1.4731126519         2.1357732396         3.5580691560
        1.0550039000         2.9000000000         1.4884266131         2.1510845043         3.9569931014
        1.0600033000         2.9000000000         1.4705603251         2.1663957691         3.4915818318
        1.0650048000         2.9000000000         1.4680079982         2.1689476465         3.4250945075
        1.0700028000         2.9000000000         1.4731126519         2.1919145437         3.5580691560
        1.0750046000         2.9000000000         1.4782173056         2.2097776859         3.6910438044
        1.0800050000         2.9000000000         1.4705603251         2.2199851957         3.4915818318
        1.0850042000         2.9000000000         1.4654556714         2.2378483379         3.3586071833
        1.0900036000         2.9000000000         1.4884266131         2.2506077252         3.9569931014
        1.0950046000         2.9000000000         1.4680079982         2.2557114802         3.4250945075
        1.1000039000         2.9000000000         1.4680079982         2.2710227449         3.4250945075
        1.1050046000         2.9000000000         1.4782173056         2.2939896420         3.6910438044
        1.1100036000         2.9000000000         1.4807696325         2.3093009068         3.7575311287
        1.1150047000         2.9000000000         1.4680079982         2.3144046617         3.4250945075
        1.1200032000         2.9000000000         1.4858742862         2.3246121715         3.8905057771
        1.1250048000         2.9000000000         1.4833219594         2.3475790687         3.8240184529
        1.1300033000         2.9000000000         1.4858742862         2.3628903334         3.8905057771
        1.1350041000         2.9000000000         1.4756649788         2.3730978433         3.6245564802
        1.1400050000         2.9000000000         1.4680079982         2.3858572306         3.4250945075
        1.1450036000         2.9000000000         1.4782173056         2.3986166179         3.6910438044
        1.1500037000         2.9000000000         1.4884266131         2.4215835150         3.9569931014
        1.1550037000         2.9000000000         1.4654556714         2.4266872699         3.3586071833
        1.1600042000         2.9000000000         1.4782173056         2.4368947797         3.6910438044
        1.1650038000         2.9000000000         1.4756649788         2.4573097994         3.6245564802
        1.1700042000         2.9000000000         1.4731126519         2.4700691867         3.5580691560
        1.1750033000         2.9000000000         1.4807696325         2.4777248191         3.7575311287
        1.1800047000         2.9000000000         1.4705603251         2.4904842064         3.4915818318
        1.1850041000         2.9000000000         1.4833219594         2.5108992261         3.8240184529
        1.1900025000         2.9000000000         1.4731126519         2.5211067359         3.5580691560
        1.1950019000         2.9000000000         1.4731126519         2.5364180006         3.5580691560
        1.2000037000         2.9000000000         1.4782173056         2.5568330203         3.6910438044
        1.2050042000         2.9000000000         1.4884266131         2.5695924076         3.9569931014
        1.2100052000         2.9000000000         1.4756649788         2.5823517949         3.6245564802
        1.2150045000         2.9000000000         1.4782173056         2.5976630597         3.6910438044
        1.2200028000         2.9000000000         1.4782173056         2.6078705695         3.6910438044
        1.2250014000         2.9000000000         1.4833219594         2.6257337117         3.8240184529
        1.2300038000         2.9000000000         1.4782173056         2.6384930990         3.6910438044
        1.2350041000         2.9000000000         1.4782173056         2.6538043638         3.6910438044
        1.2400051000         2.9000000000         1.4731126519         2.6665637511         3.5580691560
        1.2450032000         2.9000000000         1.4552463639         2.6742193834         3.0926578864
        1.2500035000         2.9000000000         1.4884266131         2.6946344031         3.9569931014
        1.2550026000         2.9000000000         1.4705603251         2.7124975453         3.4915818318
        1.2600028000         2.9000000000         1.4807696325         2.7252569326         3.7575311287
        1.2650026000         2.9000000000         1.4756649788         2.7405681974         3.6245564802
        1.2700027000         2.9000000000         1.4731126519         2.7558794621         3.5580691560
        1.2750024000         2.9000000000         1.4807696325         2.7737426043         3.7575311287
        1.2800027000         2.9000000000         1.4884266131         2.7839501142         3.9569931014
        1.2850025000         2.9000000000         1.4782173056         2.7992613789         3.6910438044
        1.2900024000         2.9000000000         1.4935312668         2.8120207662         4.0899677498
        1.2950015000         2.9000000000         1.4654556714         2.8222282761         3.3586071833
        1.3000037000         2.9000000000         1.4782173056         2.8400914183         3.6910438044
        1.3050019000         2.9000000000         1.4807696325         2.8477470506         3.7575311287
        1.3100026000         2.9000000000         1.4782173056         2.8605064379         3.6910438044
        1.3150031000         2.9000000000         1.4680079982         2.8681620703         3.4250945075
        1.3200054000         2.9000000000         1.4756649788         2.8911289674         3.6245564802
        1.3250041000         2.9000000000         1.4629033445         2.8987845998         3.2921198591
        1.3300026000         2.9000000000         1.4807696325         2.9217514970         3.7575311287
        1.3350030000         2.9000000000         1.4858742862         2.9345108842         3.8905057771
        1.3400033000         2.9000000000         1.4705603251         2.9421665166         3.4915818318
        1.3450032000         2.9000000000         1.4705603251         2.9523740265         3.4915818318
        1.3500031000         2.9000000000         1.4680079982         2.9702371687         3.4250945075
        1.3550015000         2.9000000000         1.4782173056         2.9855484334         3.6910438044
        1.3600026000         2.9000000000         1.4858742862         3.0059634531         3.8905057771
        1.3650026000         2.9000000000         1.4833219594         3.0136190855         3.8240184529
        1.3700064000         2.9000000000         1.4756649788         3.0263784728         3.6245564802
        1.3750108000         2.9000000000         1.4654556714         3.0365859826         3.3586071833
        1.3800037000         2.9000000000         1.4960835936         3.0595528797         4.1564550740
        1.3850145000         2.9000000000         1.4833219594         3.0672085121         3.8240184529
        1.3900027000         2.9000000000         1.4833219594         3.0825197769         3.8240184529
        1.3950034000         2.9000000000         1.4782173056         3.0978310416         3.6910438044
        1.4000044000         2.9000000000         1.4629033445         3.1080385515         3.2921198591
        1.4050031000         2.9000000000         1.4782173056         3.1259016937         3.6910438044
        1.4100025000         2.9000000000         1.4756649788         3.1361092035         3.6245564802
        1.4150072000         2.9000000000         1.4731126519         3.1488685908         3.5580691560
        1.4200035000         2.9000000000         1.4858742862         3.1769392429         3.8905057771
        1.4250027000         2.9000000000         1.4858742862         3.1896986301         3.8905057771
        1.4300046000         2.9000000000         1.4782173056         3.1999061400         3.6910438044
        1.4350038000         2.9000000000         1.4833219594         3.2152174047         3.8240184529
        1.4400036000         2.9000000000         1.4833219594         3.2254249146         3.8240184529
        1.4450026000         2.9000000000         1.4782173056         3.2381843019         3.6910438044
        1.4500034000         2.9000000000         1.4833219594         3.2585993215         3.8240184529
        1.4550016000         2.9000000000         1.4731126519         3.2611511990         3.5580691560
        1.4600033000         2.9000000000         1.4756649788         3.2815662187         3.6245564802
        1.4650036000         2.9000000000         1.4858742862         3.2994293609         3.8905057771
        1.4700048000         2.9000000000         1.4782173056         3.3096368707         3.6910438044
        1.4750045000         2.9000000000         1.4782173056         3.3172925031         3.6910438044
        1.4800036000         2.9000000000         1.4909789399         3.3428112777         4.0234804256
        1.4850058000         2.9000000000         1.4756649788         3.3581225424         3.6245564802
        1.4900095000         2.9000000000         1.4833219594         3.3632262974         3.8240184529
        1.4950019000         2.9000000000         1.4807696325         3.3810894396         3.7575311287
        1.5000515000         2.9000000000         1.4731126519         3.3938488269         3.5580691560
        1.5050030000         2.9000000000         1.4833219594         3.4091600916         3.8240184529
        1.5100167000         2.9000000000         1.4884266131         3.4295751113         3.9569931014
        1.5150033000         2.9000000000         1.4705603251         3.4346788662         3.4915818318
        1.5200024000         2.9000000000         1.4833219594         3.4550938859         3.8240184529
        1.5250036000         2.9000000000         1.4807696325         3.4704051506         3.7575311287
        1.5300022000         2.9000000000         1.4782173056         3.4755089056         3.6910438044
        1.5350038000         2.9000000000         1.4807696325         3.4984758027         3.7575311287
        1.5400016000         2.9000000000         1.4807696325         3.5112351900         3.7575311287
        1.5450057000         2.9000000000         1.4884266131         3.5265464547         3.9569931014
        1.5500060000         2.9000000000         1.4731126519         3.5418577195         3.5580691560
        1.5550039000         2.9000000000         1.4807696325         3.5546171068         3.7575311287
        1.5600051000         2.9000000000         1.4909789399         3.5775840039         4.0234804256
        1.5650038000         2.9000000000         1.4782173056         3.5852396363         3.6910438044
        1.5700024000         2.9000000000         1.4858742862         3.5903433912         3.8905057771
        1.5750051000         2.9000000000         1.4833219594         3.6107584109         3.8240184529
        1.5800035000         2.9000000000         1.4705603251         3.6209659207         3.4915818318
        1.5850042000         2.9000000000         1.4782173056         3.6362771855         3.6910438044
        1.5900031000         2.9000000000         1.4833219594         3.6566922051         3.8240184529
        1.5950023000         2.9000000000         1.4858742862         3.6796591023         3.8905057771
        1.6000031000         2.9000000000         1.4884266131         3.6924184896         3.9569931014
        1.6050024000         2.9000000000         1.4833219594         3.7026259994         3.8240184529
        1.6100021000         2.9000000000         1.4858742862         3.7128335092         3.8905057771
        1.6150034000         2.9000000000         1.4807696325         3.7281447740         3.7575311287
        1.6200046000         2.9000000000         1.4782173056         3.7460079162         3.6910438044
        1.6250025000         2.9000000000         1.4807696325         3.7638710584         3.7575311287
        1.6300012000         2.9000000000         1.4782173056         3.7715266908         3.6910438044
        1.6350040000         2.9000000000         1.4756649788         3.7893898330         3.6245564802
        1.6400039000         2.9000000000         1.4731126519         3.7919417105         3.5580691560
        1.6450049000         2.9000000000         1.4756649788         3.8123567301         3.6245564802
        1.6500040000         2.9000000000         1.4629033445         3.8225642400         3.2921198591
        1.6550037000         2.9000000000         1.4731126519         3.8378755047         3.5580691560
        1.6600014000         2.9000000000         1.4782173056         3.8608424019         3.6910438044
        1.6650056000         2.9000000000         1.4654556714         3.8608424019         3.3586071833
        1.6700036000         2.9000000000         1.4731126519         3.8812574215         3.5580691560
        1.6750045000         2.9000000000         1.4705603251         3.8863611765         3.4915818318
        1.6800034000         2.9000000000         1.4680079982         3.9093280736         3.4250945075
        1.6850057000         2.9000000000         1.4756649788         3.9195355834         3.6245564802
        1.6900018000         2.9000000000         1.4680079982         3.9322949707         3.4250945075
        1.6950048000         2.9000000000         1.4654556714         3.9450543580         3.3586071833
        1.7000049000         2.9000000000         1.4782173056         3.9680212551         3.6910438044
        1.7050034000         2.9000000000         1.4680079982         3.9756768875         3.4250945075
        1.7100328000         2.9000000000         1.4552463639         3.9807806424         3.0926578864
        1.7150044000         2.9000000000         1.4705603251         3.9986437847         3.4915818318
        1.7200036000         2.9000000000         1.4629033445         4.0062994170         3.2921198591
        1.7250036000         2.9000000000         1.4756649788         4.0318181916         3.6245564802
        1.7300027000         2.9000000000         1.4731126519         4.0445775789         3.5580691560
        1.7350031000         2.9000000000         1.4756649788         4.0573369662         3.6245564802
        1.7400052000         2.9000000000         1.4680079982         4.0700963535         3.4250945075
        1.7450050000         2.9000000000         1.4731126519         4.0828557408         3.5580691560
        1.7500055000         2.9000000000         1.4807696325         4.0956151281         3.7575311287
        1.7550043000         2.9000000000         1.4731126519         4.1109263928         3.5580691560
        1.7600057000         2.9000000000         1.4654556714         4.1083745154         3.3586071833
        1.7650038000         2.9000000000         1.4731126519         4.1185820252         3.5580691560
        1.7700019000         2.9000000000         1.4654556714         4.1415489224         3.3586071833
        1.7751405000         2.9000000000         1.4782173056         4.1619639420         3.6910438044
        1.7800033000         2.9000000000         1.4731126519         4.1696195744         3.5580691560
        1.7850055000         2.9000000000         1.4654556714         4.1823789617         3.3586071833
        1.7900058000         2.9000000000         1.4654556714         4.1976902265         3.3586071833
        1.7950053000         2.9000000000         1.4807696325         4.2181052461         3.7575311287
        1.8000108000         2.9000000000         1.4552463639         4.2181052461         3.0926578864
        1.8050106000         2.9000000000         1.4705603251         4.2385202658         3.4915818318
        1.8100044000         2.9000000000         1.4782173056         4.2436240207         3.6910438044
        1.8150059000         2.9000000000         1.4680079982         4.2665909178         3.4250945075
        1.8200067000         2.9000000000         1.4756649788         4.2793503051         3.6245564802
        1.8250066000         2.9000000000         1.4756649788         4.2921096924         3.6245564802
        1.8300040000         2.9000000000         1.4705603251         4.3048690797         3.4915818318
        1.8350054000         2.9000000000         1.4782173056         4.3227322219         3.6910438044
        1.8400039000         2.9000000000         1.4960835936         4.3405953642         4.1564550740
        1.8450056000         2.9000000000         1.4629033445         4.3405953642         3.2921198591
        1.8500040000         2.9000000000         1.4756649788         4.3610103838         3.6245564802
        1.8550046000         2.9000000000         1.4807696325         4.3763216486         3.7575311287
        1.8600032000         2.9000000000         1.4680079982         4.3839772810         3.4250945075
        1.8650044000         2.9000000000         1.4756649788         4.3992885457         3.6245564802
        1.8700051000         2.9000000000         1.4577986908         4.4222554428         3.1591452106
        1.8750055000         2.9000000000         1.4680079982         4.4324629527         3.4250945075
        1.8800048000         2.9000000000         1.4705603251         4.4426704625         3.4915818318
        1.8850058000         2.9000000000         1.4782173056         4.4605336047         3.6910438044
        1.8900037000         2.9000000000         1.4731126519         4.4758448695         3.5580691560
        1.8950057000         2.9000000000         1.4731126519         4.4835005019         3.5580691560
        1.9000057000         2.9000000000         1.4782173056         4.5064673990         3.6910438044
        1.9050059000         2.9000000000         1.4756649788         4.5192267863         3.6245564802
        1.9100049000         2.9000000000         1.4858742862         4.5319861736         3.8905057771
        1.9150059000         2.9000000000         1.4960835936         4.5498493158         4.1564550740
        1.9200060000         2.9000000000         1.4782173056         4.5651605806         3.6910438044
        1.9250051000         2.9000000000         1.4884266131         4.5881274777         3.9569931014
        1.9300039000         2.9000000000         1.4756649788         4.5932312326         3.6245564802
        1.9350042000         2.9000000000         1.4833219594         4.6059906199         3.8240184529
        1.9400046000         2.9000000000         1.4858742862         4.6238537621         3.8905057771
        1.9450055000         2.9000000000         1.4833219594         4.6391650269         3.8240184529
        1.9500032000         2.9000000000         1.4858742862         4.6595800465         3.8905057771
        1.9550049000         2.9000000000         1.4807696325         4.6697875564         3.7575311287
        1.9600054000         2.9000000000         1.4782173056         4.6825469437         3.6910438044
        1.9650054000         2.9000000000         1.4858742862         4.7004100859         3.8905057771
        1.9700031000         2.9000000000         1.4909789399         4.7233769830         4.0234804256
        1.9750047000         2.9000000000         1.4833219594         4.7310326154         3.8240184529
        1.9800033000         2.9000000000         1.4935312668         4.7539995125         4.0899677498
        1.9850044000         2.9000000000         1.4884266131         4.7616551449         3.9569931014
        1.9900047000         2.9000000000         1.4782173056         4.7795182871         3.6910438044
        1.9950046000         2.9000000000         1.4807696325         4.7846220420         3.7575311287
        2.0000034000         2.9000000000         1.4807696325         4.8075889392         3.7575311287
        2.0050021000         2.9000000000         1.4909789399         4.8254520814         4.0234804256
        2.0100033000         2.9000000000         1.4884266131         4.8433152236         3.9569931014
        2.0150032000         2.9000000000         1.4935312668         4.8509708560         4.0899677498
        2.0200025000         2.9000000000         1.4884266131         4.8739377531         3.9569931014
        2.0250014000         2.9000000000         1.4833219594         4.8892490178         3.8240184529
        2.0300056000         2.9000000000         1.4756649788         4.8943527728         3.6245564802
        2.0350029000         2.9000000000         1.4807696325         4.9147677924         3.7575311287
        2.0400043000         2.9000000000         1.4782173056         4.9351828121         3.6910438044
        2.0450025000         2.9000000000         1.4807696325         4.9453903219         3.7575311287
        2.0500048000         2.9000000000         1.4782173056         4.9581497092         3.6910438044
        2.0550026000         2.9000000000         1.4603510177         4.9658053416         3.2256325349
        2.0600025000         2.9000000000         1.4756649788         4.9811166064         3.6245564802
        2.0650028000         2.9000000000         1.4731126519         4.9964278711         3.5580691560
        2.0700035000         2.9000000000         1.4680079982         5.0066353810         3.4250945075
        2.0750023000         2.9000000000         1.4731126519         5.0066353810         3.5580691560
        2.0800042000         2.9000000000         1.4629033445         5.0015316260         3.2921198591
        2.0850036000         2.9000000000         1.4731126519         5.0066353810         3.5580691560
        2.0900037000         2.9000000000         1.5011882474         5.0117391359         4.2894297225
        2.0950026000         2.9000000000         1.4629033445         5.0015316260         3.2921198591
        2.1000037000         2.9000000000         1.4629033445         4.9989797486         3.2921198591
        2.1050039000         2.9000000000         1.4705603251         5.0066353810         3.4915818318
        2.1100034000         2.9000000000         1.4654556714         4.9964278711         3.3586071833
        2.1150040000         2.9000000000         1.4680079982         1.1124703785         3.4250945075
        2.1200515000         2.9000000000         1.4680079982         1.0895034814         3.4250945075
        2.1250024000         2.9000000000         1.4756649788         1.0971591138         3.6245564802
        2.1300046000         2.9000000000         1.4654556714         1.0895034814         3.3586071833
        2.1350034000         2.9000000000         1.4654556714         1.1048147461         3.3586071833
        2.1400037000         2.9000000000         1.4603510177        -0.0027000711         3.2256325349
        2.1450026000         2.9000000000         1.4680079982         0.0024036839         3.4250945075
        2.1500031000         2.9000000000         1.4731126519        -0.0001481936         3.5580691560
        2.1550029000         2.9000000000         1.4884266131        -0.0001481936         3.9569931014
        2.1600015000         2.9000000000         1.4705603251         0.0100593162         3.4915818318
        2.1650045000         2.9000000000         1.4756649788        -0.0001481936         3.6245564802
        2.1700029000         2.9000000000         1.4731126519        -0.0052519485         3.5580691560
        2.1750025000         2.9000000000         1.4654556714        -0.0001481936         3.3586071833
        2.1800021000         2.9000000000         1.4807696325         0.0049555613         3.7575311287
        2.1850076000         2.9000000000         1.4680079982         0.0202668261         3.4250945075
        2.1900282000         2.9000000000         1.4705603251         0.0381299683         3.4915818318
        2.1950044000         2.9000000000         1.4731126519         0.0406818457         3.5580691560
        2.2000057000         2.9000000000         1.4858742862         0.0662006203         3.8905057771
        2.2050036000         2.9000000000         1.4654556714         0.0662006203         3.3586071833
        2.2100047000         2.9000000000         1.4833219594         0.0968231498         3.8240184529
        2.2150043000         2.9000000000         1.4705603251         0.1044787822         3.4915818318
        2.2200029000         2.9000000000         1.4807696325         0.1121344146         3.7575311287
        2.2250049000         2.9000000000         1.4756649788         0.1274456793         3.6245564802
        2.2300037000         2.9000000000         1.4858742862         0.1529644539         3.8905057771
        2.2350056000         2.9000000000         1.4756649788         0.1682757187         3.6245564802
        2.2400246000         2.9000000000         1.4807696325         0.1657238412         3.7575311287
        2.2450057000         2.9000000000         1.4833219594         0.1963463707         3.8240184529
        2.2500821000         2.9000000000         1.4807696325         0.2091057580         3.7575311287
        2.2550033000         2.9000000000         1.4858742862         0.2116576355         3.8905057771
        2.2600058000         2.9000000000         1.4731126519         0.2320726552         3.5580691560
        2.2650063000         2.9000000000         1.4731126519         0.2550395523         3.5580691560
        2.2700057000         2.9000000000         1.4756649788         0.2652470621         3.6245564802
        2.2750042000         2.9000000000         1.4782173056         0.2780064494         3.6910438044
        2.2800057000         2.9000000000         1.4782173056         0.2907658367         3.6910438044
        2.2850058000         2.9000000000         1.4756649788         0.3035252240         3.6245564802
        2.2900054000         2.9000000000         1.4807696325         0.3239402437         3.7575311287
        2.2950066000         2.9000000000         1.4807696325         0.3418033859         3.7575311287
        2.3000062000         2.9000000000         1.4731126519         0.3418033859         3.5580691560
        2.3050039000         2.9000000000         1.4782173056         0.3622184056         3.6910438044
        2.3100058000         2.9000000000         1.4884266131         0.3775296703         3.9569931014
        2.3150046000         2.9000000000         1.4782173056         0.3928409351         3.6910438044
        2.3200056000         2.9000000000         1.4756649788         0.4056003224         3.6245564802
        2.3250058000         2.9000000000         1.4807696325         0.4234634646         3.7575311287
        2.3300060000         2.9000000000         1.4705603251         0.4285672195         3.4915818318
        2.3350032000         2.9000000000         1.4705603251         0.4438784843         3.4915818318
        2.3400046000         2.9000000000         1.4833219594         0.4617416265         3.8240184529
        2.3450030000         2.9000000000         1.4782173056         0.4770528912         3.6910438044
        2.3500043000         2.9000000000         1.4884266131         0.4974679109         3.9569931014
        2.3550029000         2.9000000000         1.4833219594         0.5076754207         3.8240184529
        2.3600046000         2.9000000000         1.4731126519         0.5204348080         3.5580691560
        2.3650035000         2.9000000000         1.4884266131         0.5434017052         3.9569931014
        2.3700047000         2.9000000000         1.4884266131         0.5536092150         3.9569931014
        2.3750027000         2.9000000000         1.4756649788         0.5663686023         3.6245564802
        2.3800047000         2.9000000000         1.4884266131         0.5791279896         3.9569931014
        2.3850031000         2.9000000000         1.4833219594         0.6020948867         3.8240184529
        2.3900047000         2.9000000000         1.4756649788         0.6097505191         3.6245564802
        2.3950048000         2.9000000000         1.4807696325         0.6199580289         3.7575311287
        2.4000043000         2.9000000000         1.4858742862         0.6480286810         3.8905057771
        2.4050028000         2.9000000000         1.4909789399         0.6607880683         4.0234804256
        2.4100046000         2.9000000000         1.4858742862         0.6709955781         3.8905057771
        2.4150026000         2.9000000000         1.4756649788         0.6863068429         3.6245564802
        2.4200016000         2.9000000000         1.4756649788         0.6939624752         3.6245564802
        2.4250035000         2.9000000000         1.4807696325         0.7092737400         3.7575311287
        2.4300021000         2.9000000000         1.4782173056         0.7296887597         3.6910438044
        2.4350029000         2.9000000000         1.4807696325         0.7450000244         3.7575311287
        2.4400020000         2.9000000000         1.4833219594         0.7603112892         3.8240184529
        2.4450053000         2.9000000000         1.4756649788         0.7705187990         3.6245564802
        2.4500041000         2.9000000000         1.4909789399         0.7909338187         4.0234804256
        2.4550048000         2.9000000000         1.4807696325         0.7960375736         3.7575311287
        2.4600037000         2.9000000000         1.4807696325         0.8215563482         3.7575311287
        2.4650046000         2.9000000000         1.4756649788         0.8241082257         3.6245564802
        2.4700042000         2.9000000000         1.4756649788         0.8470751228         3.6245564802
        2.4750067000         2.9000000000         1.4756649788         0.8598345101         3.6245564802
        2.4800033000         2.9000000000         1.4858742862         0.8674901425         3.8905057771
        2.4850027000         2.9000000000         1.4858742862         0.8828014072         3.8905057771
        2.4900013000         2.9000000000         1.4756649788         0.9032164269         3.6245564802
        2.4950027000         2.9000000000         1.4731126519         0.9134239367         3.5580691560
        2.5000034000         2.9000000000         1.4705603251         0.9312870789         3.4915818318
        2.5050028000         2.9000000000         1.4782173056         0.9414945888         3.6910438044
        2.5100020000         2.9000000000         1.4705603251         0.9593577310         3.4915818318
        2.5150043000         2.9000000000         1.4475893834         0.9670133634         2.8931959137
        2.5200035000         2.9000000000         1.4756649788         0.9848765056         3.6245564802
        2.5250026000         2.9000000000         1.4731126519         1.0027396478         3.5580691560
        2.5300022000         2.9000000000         1.4654556714         1.0103952802         3.3586071833
        2.5350059000         2.9000000000         1.4807696325         1.0308102998         3.7575311287
        2.5400039000         2.9000000000         1.4654556714         1.0461215646         3.3586071833
        2.5450038000         2.9000000000         1.4756649788         1.0639847068         3.6245564802
        2.5500048000         2.9000000000         1.4807696325         1.0716403392         3.7575311287
        2.5550052000         2.9000000000         1.4807696325         1.0843997265         3.7575311287
        2.5600053000         2.9000000000         1.4731126519         1.0971591138         3.5580691560
        2.5650285000         2.9000000000         1.4552463639         1.1175741334         3.0926578864
        2.5700026000         2.9000000000         1.4680079982         1.1252297658         3.4250945075
        2.5750036000         2.9000000000         1.4705603251         1.1379891531         3.4915818318
        2.5800025000         2.9000000000         1.4756649788         1.1507485404         3.6245564802
        2.5850032000         2.9000000000         1.4705603251         1.1686116826         3.4915818318
        2.5900031000         2.9000000000         1.4782173056         1.1813710699         3.6910438044
        2.5950022000         2.9000000000         1.4705603251         1.1890267023         3.4915818318
        2.6000036000         2.9000000000         1.4680079982         1.2043379670         3.4250945075
        2.6050017000         2.9000000000         1.4782173056         1.2222011093         3.6910438044
        2.6100026000         2.9000000000         1.4782173056         1.2375123740         3.6910438044
        2.6150024000         2.9000000000         1.4705603251         1.2426161289         3.4915818318
        2.6200031000         2.9000000000         1.4782173056         1.2655830261         3.6910438044
        2.6250035000         2.9000000000         1.4884266131         1.2655830261         3.9569931014
        2.6300029000         2.9000000000         1.4731126519         1.2911018006         3.5580691560
        2.6350031000         2.9000000000         1.4782173056         1.2987574330         3.6910438044
        2.6400028000         2.9000000000         1.4705603251         1.3064130654         3.4915818318
        2.6450023000         2.9000000000         1.4705603251         1.3242762076         3.4915818318
        2.6500056000         2.9000000000         1.4756649788         1.3344837175         3.6245564802
        2.6550039000         2.9000000000         1.4782173056         1.3523468597         3.6910438044
        2.6600039000         2.9000000000         1.4782173056         1.3727618793         3.6910438044
        2.6650034000         2.9000000000         1.4782173056         1.3804175117         3.6910438044
        2.6700064000         2.9000000000         1.4833219594         1.3982806539         3.8240184529
        2.6750063000         2.9000000000         1.4577986908         1.4033844088         3.1591452106
        2.6800048000         2.9000000000         1.4833219594         1.4212475511         3.8240184529
        2.6850027000         2.9000000000         1.4705603251         1.4442144482         3.4915818318
        2.6900063000         2.9000000000         1.4807696325         1.4569738355         3.7575311287
        2.6950057000         2.9000000000         1.4782173056         1.4646294679         3.6910438044
        2.7000453000         2.9000000000         1.4756649788         1.4850444875         3.6245564802
        2.7050047000         2.9000000000         1.4654556714         1.4875963650         3.3586071833
        2.7100016000         2.9000000000         1.4807696325         1.5080113847         3.7575311287
        2.7150046000         2.9000000000         1.4654556714         1.5131151396         3.3586071833
        2.7200036000         2.9000000000         1.4705603251         1.5309782818         3.4915818318
        2.7250049000         2.9000000000         1.4654556714         1.5360820367         3.3586071833
        2.7300032000         2.9000000000         1.4603510177         1.5564970564         3.2256325349
        2.7350060000         2.9000000000         1.4782173056         1.5743601986         3.6910438044
        2.7400059000         2.9000000000         1.4654556714         1.5769120761         3.3586071833
        2.7450056000         2.9000000000         1.4654556714         1.5947752183         3.3586071833
        2.7500049000         2.9000000000         1.4705603251         1.6075346056         3.4915818318
        2.7550056000         2.9000000000         1.4654556714         1.6151902379         3.3586071833
        2.7600060000         2.9000000000         1.4629033445         1.6279496252         3.2921198591
        2.7650059000         2.9000000000         1.4756649788         1.6509165224         3.6245564802
        2.7700037000         2.9000000000         1.4782173056         1.6585721547         3.6910438044
        2.7750059000         2.9000000000         1.4577986908         1.6687796646         3.1591452106
        2.7800058000         2.9000000000         1.4807696325         1.6917465617         3.7575311287
        2.7850054000         2.9000000000         1.4680079982         1.6994021941         3.4250945075
        2.7900030000         2.9000000000         1.4680079982         1.7096097039         3.4250945075
        2.7950057000         2.9000000000         1.4680079982         1.7300247236         3.4250945075
        2.8000058000         2.9000000000         1.4756649788         1.7376803560         3.6245564802
        2.8050056000         2.9000000000         1.4731126519         1.7504397433         3.5580691560
        2.8100107000         2.9000000000         1.4731126519         1.7657510080         3.5580691560
        2.8150089000         2.9000000000         1.4475893834         1.7708547629         2.8931959137
        2.8200063000         2.9000000000         1.4680079982         1.7989254150         3.4250945075
        2.8250068000         2.9000000000         1.4629033445         1.7938216601         3.2921198591
        2.8300063000         2.9000000000         1.4654556714         1.8091329248         3.3586071833
        2.8350065000         2.9000000000         1.4705603251         1.8269960670         3.4915818318
        2.8400049000         2.9000000000         1.4756649788         1.8474110867         3.6245564802
        2.8450059000         2.9000000000         1.4833219594         1.8601704740         3.8240184529
        2.8500137000         2.9000000000         1.4756649788         1.8729298613         3.6245564802
        2.8550054000         2.9000000000         1.4731126519         1.8780336162         3.5580691560
        2.8600040000         2.9000000000         1.4807696325         1.8984486359         3.7575311287
        2.8650055000         2.9000000000         1.4603510177         1.9010005134         3.2256325349
        2.8700057000         2.9000000000         1.4731126519         1.9188636556         3.5580691560
        2.8750057000         2.9000000000         1.4756649788         1.9341749203         3.6245564802
        2.8800044000         2.9000000000         1.4680079982         1.9469343076         3.4250945075
        2.8850120000         2.9000000000         1.4756649788         1.9622455724         3.6245564802
        2.8900090000         2.9000000000         1.4782173056         1.9750049597         3.6910438044
        2.8950064000         2.9000000000         1.4552463639         1.9826605920         3.0926578864
        2.9000038000         2.9000000000         1.4756649788         1.9954199793         3.6245564802
        2.9050060000         2.9000000000         1.4654556714         2.0158349990         3.3586071833
        2.9101859000         2.9000000000         1.4654556714         2.0260425088         3.3586071833
        2.9150060000         2.9000000000         1.4705603251         2.0362500187         3.4915818318
        2.9200039000         2.9000000000         1.4731126519         2.0566650383         3.5580691560
        2.9250040000         2.9000000000         1.4705603251         2.0719763031         3.4915818318
        2.9300058000         2.9000000000         1.4756649788         2.0923913228         3.6245564802
        2.9350059000         2.9000000000         1.4756649788         2.0974950777         3.6245564802
        2.9400061000         2.9000000000         1.4680079982         2.1153582199         3.4250945075
        2.9450054000         2.9000000000         1.4807696325         2.1255657297         3.7575311287
        2.9500444000         2.9000000000         1.4577986908         2.1332213621         3.1591452106
        2.9550061000         2.9000000000         1.4705603251         2.1510845043         3.4915818318
        2.9600101000         2.9000000000         1.4731126519         2.1638438916         3.5580691560
        2.9650056000         2.9000000000         1.4705603251         2.1791551564         3.4915818318
        2.9701457000         2.9000000000         1.4807696325         2.1995701761         3.7575311287
        2.9750146000         2.9000000000         1.4756649788         2.2046739310         3.6245564802
        2.9800033000         2.9000000000         1.4475893834         2.2174333183         2.8931959137
        2.9850067000         2.9000000000         1.4654556714         2.2301927056         3.3586071833
        2.9900050000         2.9000000000         1.4756649788         2.2455039703         3.6245564802
        2.9950057000         2.9000000000         1.4680079982         2.2608152351         3.4250945075
        3.0000057000         2.9000000000         1.4629033445         2.2659189900         3.2921198591
        3.0050056000         2.9000000000         1.4807696325         2.2914377646         3.7575311287
        3.0100120000         2.9000000000         1.4680079982         2.3016452744         3.4250945075
        3.0150047000         2.9000000000         1.4603510177         2.3041971519         3.2256325349
        3.0200124000         2.9000000000         1.4782173056         2.3246121715         3.6910438044
        3.0250042000         2.9000000000         1.4705603251         2.3322678039         3.4915818318
        3.0300057000         2.9000000000         1.4629033445         2.3475790687         3.2921198591
        3.0350052000         2.9000000000         1.4833219594         2.3679940883         3.8240184529
        3.0400132000         2.9000000000         1.4680079982         2.3782015982         3.4250945075
        3.0450033000         2.9000000000         1.4858742862         2.3960647404         3.8905057771
        3.0500108000         2.9000000000         1.4731126519         2.4037203728         3.5580691560
        3.0550067000         2.9000000000         1.4705603251         2.4190316375         3.4915818318
        3.0600047000         2.9000000000         1.4731126519         2.4394466572         3.5580691560
        3.0650071000         2.9000000000         1.4858742862         2.4496541670         3.8905057771
        3.0700160000         2.9000000000         1.4756649788         2.4700691867         3.6245564802
        3.0750070000         2.9000000000         1.4807696325         2.4802766965         3.7575311287
        3.0800201000         2.9000000000         1.4756649788         2.4955879613         3.6245564802
        3.0850082000         2.9000000000         1.4680079982         2.5032435937         3.4250945075
        3.0900054000         2.9000000000         1.4680079982         2.5160029810         3.4250945075
        3.0950071000         2.9000000000         1.4731126519         2.5338661232         3.5580691560
        3.1000142000         2.9000000000         1.4807696325         2.5568330203         3.7575311287
        3.1050082000         2.9000000000         1.4782173056         2.5593848978         3.6910438044
        3.1100180000         2.9000000000         1.4858742862         2.5823517949         3.8905057771
        3.1150117000         2.9000000000         1.4705603251         2.5874555498         3.4915818318
        3.1200190000         2.9000000000         1.4756649788         2.6078705695         3.6245564802
        3.1250071000         2.9000000000         1.4731126519         2.6180780793         3.5580691560
        3.1300046000         2.9000000000         1.4782173056         2.6333893441         3.6910438044
        3.1350036000         2.9000000000         1.4807696325         2.6487006088         3.7575311287
        3.1400047000         2.9000000000         1.4782173056         2.6538043638         3.6910438044
        3.1450062000         2.9000000000         1.4680079982         2.6716675060         3.4250945075
        3.1500057000         2.9000000000         1.4782173056         2.6869787707         3.6910438044
        3.1550034000         2.9000000000         1.4833219594         2.7022900355         3.8240184529
        3.1600046000         2.9000000000         1.4986359205         2.7176013002         4.2229423983
        3.1650054000         2.9000000000         1.4782173056         2.7252569326         3.6910438044
        3.1700367000         2.9000000000         1.4680079982         2.7533275847         3.4250945075
        3.1750061000         2.9000000000         1.4782173056         2.7635350945         3.6910438044
        3.1800037000         2.9000000000         1.4833219594         2.7737426043         3.8240184529
        3.1850047000         2.9000000000         1.4807696325         2.7890538691         3.7575311287
        3.1900071000         2.9000000000         1.4833219594         2.8094688888         3.8240184529
        3.1950036000         2.9000000000         1.4833219594         2.8171245211         3.8240184529
        3.2000036000         2.9000000000         1.4654556714         2.8273320310         3.3586071833
        3.2050057000         2.9000000000         1.4884266131         2.8451951732         3.9569931014
        3.2100019000         2.9000000000         1.4909789399         2.8656101929         4.0234804256
        3.2150045000         2.9000000000         1.4782173056         2.8732658252         3.6910438044
        3.2200056000         2.9000000000         1.4884266131         2.8936808449         3.9569931014
        3.2250039000         2.9000000000         1.4705603251         2.9038883547         3.4915818318
        3.2300047000         2.9000000000         1.4858742862         2.9191996195         3.8905057771
        3.2350042000         2.9000000000         1.5011882474         2.9370627617         4.2894297225
        3.2400082000         2.9000000000         1.4833219594         2.9498221490         3.8240184529
        3.2450061000         2.9000000000         1.4909789399         2.9549259039         4.0234804256
        3.2500051000         2.9000000000         1.4884266131         2.9829965560         3.9569931014
        3.2550059000         2.9000000000         1.4833219594         2.9932040658         3.8240184529
        3.2600058000         2.9000000000         1.4884266131         3.0034115756         3.9569931014
        3.2650051000         2.9000000000         1.4807696325         3.0187228404         3.7575311287
        3.2700059000         2.9000000000         1.4680079982         3.0314822277         3.4250945075
        3.2750049000         2.9000000000         1.4731126519         3.0391378601         3.5580691560
        3.2800063000         2.9000000000         1.4782173056         3.0621047572         3.6910438044
        3.2850045000         2.9000000000         1.4884266131         3.0774160220         3.9569931014
        3.2900059000         2.9000000000         1.4909789399         3.0978310416         4.0234804256
        3.2950049000         2.9000000000         1.4833219594         3.1131423064         3.8240184529
        3.3000056000         2.9000000000         1.4731126519         3.1207979388         3.5580691560
        3.3050236000         2.9000000000         1.4782173056         3.1310054486         3.6910438044
        3.3100048000         2.9000000000         1.4858742862         3.1488685908         3.8905057771
        3.3150044000         2.9000000000         1.4858742862         3.1590761006         3.8905057771
        3.3200035000         2.9000000000         1.4782173056         3.1769392429         3.6910438044
        3.3250051000         2.9000000000         1.4756649788         3.1896986301         3.6245564802
        3.3300076000         2.9000000000         1.4705603251         3.1973542625         3.4915818318
        3.3350056000         2.9000000000         1.4833219594         3.2203211597         3.8240184529
        3.3400083000         2.9000000000         1.4858742862         3.2356324244         3.8905057771
        3.3450077000         2.9000000000         1.4884266131         3.2534955666         3.9569931014
        3.3500079000         2.9000000000         1.4756649788         3.2611511990         3.6245564802
        3.3550060000         2.9000000000         1.4731126519         3.2764624638         3.5580691560
        3.3600040000         2.9000000000         1.4756649788         3.2892218510         3.6245564802
        3.3650048000         2.9000000000         1.4680079982         3.2994293609         3.4250945075
        3.3700066000         2.9000000000         1.4782173056         3.3172925031         3.6910438044
        3.3750045000         2.9000000000         1.4782173056         3.3326037679         3.6910438044
        3.3800051000         2.9000000000         1.4782173056         3.3402594002         3.6910438044
        3.3850061000         2.9000000000         1.4960835936         3.3606744199         4.1564550740
        3.3900062000         2.9000000000         1.4756649788         3.3734338072         3.6245564802
        3.3950061000         2.9000000000         1.4629033445         3.3810894396         3.2921198591
        3.4000116000         2.9000000000         1.4858742862         3.4040563367         3.8905057771
        3.4050126000         2.9000000000         1.4629033445         3.4040563367         3.2921198591
        3.4100095000         2.9000000000         1.4680079982         3.4244713564         3.4250945075
        3.4150067000         2.9000000000         1.4756649788         3.4397826211         3.6245564802
        3.4200101000         2.9000000000         1.4756649788         3.4627495183         3.6245564802
        3.4250097000         2.9000000000         1.4577986908         3.4653013957         3.1591452106
        3.4300049000         2.9000000000         1.4680079982         3.4806126605         3.4250945075
        3.4350054000         2.9000000000         1.4629033445         3.4882682929         3.2921198591
        3.4400068000         2.9000000000         1.4654556714         3.5061314351         3.3586071833
        3.4450079000         2.9000000000         1.4731126519         3.5214426998         3.5580691560
        3.4500058000         2.9000000000         1.4680079982         3.5342020871         3.4250945075
        3.4550071000         2.9000000000         1.4833219594         3.5520652293         3.8240184529
        3.4600077000         2.9000000000         1.4782173056         3.5673764941         3.6910438044
        3.4650073000         2.9000000000         1.4705603251         3.5775840039         3.4915818318
        3.4700093000         2.9000000000         1.4807696325         3.5954471461         3.7575311287
        3.4750082000         2.9000000000         1.4756649788         3.6082065334         3.6245564802
        3.4800071000         2.9000000000         1.4782173056         3.6209659207         3.6910438044
        3.4850045000         2.9000000000         1.4680079982         3.6260696756         3.4250945075
        3.4900051000         2.9000000000         1.4731126519         3.6413809404         3.5580691560
        3.4950095000         2.9000000000         1.4782173056         3.6617959601         3.6910438044
        3.5000133000         2.9000000000         1.4629033445         3.6643478375         3.2921198591
        3.5050112000         2.9000000000         1.4680079982         3.6771072248         3.4250945075
        3.5100076000         2.9000000000         1.4680079982         3.6949703670         3.4250945075
        3.5150090000         2.9000000000         1.4680079982         3.7026259994         3.4250945075
        3.5200088000         2.9000000000         1.4680079982         3.7230410191         3.4250945075
        3.5250072000         2.9000000000         1.4705603251         3.7358004064         3.4915818318
        3.5300070000         2.9000000000         1.4756649788         3.7562154260         3.6245564802
        3.5350065000         2.9000000000         1.4782173056         3.7613191810         3.6910438044
        3.5400044000         2.9000000000         1.4705603251         3.7715266908         3.4915818318
        3.5450062000         2.9000000000         1.4756649788         3.7893898330         3.6245564802
        3.5500042000         2.9000000000         1.4833219594         3.8098048527         3.8240184529
        3.5550062000         2.9000000000         1.4858742862         3.8149086076         3.8905057771
        3.5600039000         2.9000000000         1.4756649788         3.8302198724         3.6245564802
        3.5650059000         2.9000000000         1.4756649788         3.8455311371         3.6245564802
        3.5700059000         2.9000000000         1.4731126519         3.8608424019         3.5580691560
        3.5750060000         2.9000000000         1.4629033445         3.8659461568         3.2921198591
        3.5800055000         2.9000000000         1.4705603251         3.8812574215         3.4915818318
        3.5850057000         2.9000000000         1.4756649788         3.8991205638         3.6245564802
        3.5900059000         2.9000000000         1.4680079982         3.9093280736         3.4250945075
        3.5950060000         2.9000000000         1.4756649788         3.9271912158         3.6245564802
        3.6000055000         2.9000000000         1.4705603251         3.9399506031         3.4915818318
        3.6050047000         2.9000000000         1.4629033445         3.9450543580         3.2921198591
        3.6100055000         2.9000000000         1.4833219594         3.9705731326         3.8240184529
        3.6150040000         2.9000000000         1.4756649788         3.9858843974         3.6245564802
        3.6200062000         2.9000000000         1.4654556714         3.9909881523         3.3586071833
        3.6250038000         2.9000000000         1.4807696325         4.0062994170         3.7575311287
        3.6300061000         2.9000000000         1.4884266131         4.0216106818         3.9569931014
        3.6350065000         2.9000000000         1.4782173056         4.0394738240         3.6910438044
        3.6400120000         2.9000000000         1.4833219594         4.0547850888         3.8240184529
        3.6450057000         2.9000000000         1.4833219594         4.0675444760         3.8240184529
        3.6500105000         2.9000000000         1.4705603251         4.0752001084         3.4915818318
        3.6550047000         2.9000000000         1.4782173056         4.0905113732         3.6910438044
        3.6600148000         2.9000000000         1.4654556714         4.0956151281         3.3586071833
        3.6650042000         2.9000000000         1.4756649788         4.1160301478         3.6245564802
        3.6700176000         2.9000000000         1.4807696325         4.1338932900         3.7575311287
        3.6750042000         2.9000000000         1.4680079982         4.1364451674         3.4250945075
        3.6800141000         2.9000000000         1.4782173056         4.1594120646         3.6910438044
        3.6850029000         2.9000000000         1.4833219594         4.1798270842         3.8240184529
        3.6900047000         2.9000000000         1.4731126519         4.1849308392         3.5580691560
        3.6950041000         2.9000000000         1.4756649788         4.2053458588         3.6245564802
        3.7000044000         2.9000000000         1.4680079982         4.2130014912         3.4250945075
        3.7050054000         2.9000000000         1.4680079982         4.2283127560         3.4250945075
        3.7100042000         2.9000000000         1.4731126519         4.2359683883         3.5580691560
        3.7150056000         2.9000000000         1.4705603251         4.2487277756         3.4915818318
        3.7200047000         2.9000000000         1.4577986908         4.2665909178         3.1591452106
        3.7250047000         2.9000000000         1.4833219594         4.2895578150         3.8240184529
        3.7300050000         2.9000000000         1.4782173056         4.2972134474         3.6910438044
        3.7350040000         2.9000000000         1.4782173056         4.3099728347         3.6910438044
        3.7400047000         2.9000000000         1.4833219594         4.3252840994         3.8240184529
        3.7450051000         2.9000000000         1.4884266131         4.3456991191         3.9569931014
        3.7500051000         2.9000000000         1.4705603251         4.3508028740         3.4915818318
        3.7550028000         2.9000000000         1.4807696325         4.3712178937         3.7575311287
        3.7600048000         2.9000000000         1.4807696325         4.3839772810         3.7575311287
        3.7650035000         2.9000000000         1.4807696325         4.3916329133         3.7575311287
        3.7700047000         2.9000000000         1.4909789399         4.4043923006         4.0234804256
        3.7750035000         2.9000000000         1.4756649788         4.4222554428         3.6245564802
        3.7800046000         2.9000000000         1.4705603251         4.4452223400         3.4915818318
        3.7850065000         2.9000000000         1.4833219594         4.4554298498         3.8240184529
        3.7900032000         2.9000000000         1.4807696325         4.4681892371         3.7575311287
        3.7950028000         2.9000000000         1.4782173056         4.4860523793         3.6910438044
        3.8000034000         2.9000000000         1.4807696325         4.4937080117         3.7575311287
        3.8050026000         2.9000000000         1.4680079982         4.5064673990         3.4250945075
        3.8100014000         2.9000000000         1.4731126519         4.5319861736         3.5580691560
        3.8150035000         2.9000000000         1.4833219594         4.5370899285         3.8240184529
        3.8200039000         2.9000000000         1.4680079982         4.5549530707         3.4250945075
        3.8250036000         2.9000000000         1.4833219594         4.5779199678         3.8240184529
        3.8300057000         2.9000000000         1.4756649788         4.5881274777         3.6245564802
        3.8350053000         2.9000000000         1.4654556714         4.5983349875         3.3586071833
        3.8400038000         2.9000000000         1.5037405742         4.6238537621         4.3559170467
        3.8450096000         2.9000000000         1.4807696325         4.6366131494         3.7575311287
        3.8500039000         2.9000000000         1.4756649788         4.6468206592         3.6245564802
        3.8550026000         2.9000000000         1.4731126519         4.6595800465         3.5580691560
        3.8600048000         2.9000000000         1.4705603251         4.6672356789         3.4915818318
        3.8650037000         2.9000000000         1.4782173056         4.6953063310         3.6910438044
        3.8700025000         2.9000000000         1.4705603251         4.6953063310         3.4915818318
        3.8750015000         2.9000000000         1.4731126519         4.7233769830         3.5580691560
        3.8800051000         2.9000000000         1.4756649788         4.7335844928         3.6245564802
        3.8850049000         2.9000000000         1.4731126519         4.7488957576         3.5580691560
        3.8900053000         2.9000000000         1.4782173056         4.7591032674         3.6910438044
        3.8950042000         2.9000000000         1.4629033445         4.7693107773         3.2921198591
        3.9000039000         2.9000000000         1.4756649788         4.7871739195         3.6245564802
        3.9050018000         2.9000000000         1.4603510177         4.7948295519         3.2256325349
        3.9100042000         2.9000000000         1.4731126519         4.8152445715         3.5580691560
        3.9150061000         2.9000000000         1.4884266131         4.8356595912         3.9569931014
        3.9200033000         2.9000000000         1.4731126519         4.8433152236         3.5580691560
        3.9250021000         2.9000000000         1.4807696325         4.8662821207         3.7575311287
        3.9300043000         2.9000000000         1.4705603251         4.8662821207         3.4915818318
        3.9350028000         2.9000000000         1.4680079982         4.8892490178         3.4250945075
        3.9400061000         2.9000000000         1.4705603251         4.9020084051         3.4915818318
        3.9450039000         2.9000000000         1.4782173056         4.9147677924         3.6910438044
        3.9500064000         2.9000000000         1.4603510177         4.9249753023         3.2256325349
        3.9550048000         2.9000000000         1.4807696325         4.9453903219         3.7575311287
        3.9600036000         2.9000000000         1.4731126519         4.9683572191         3.5580691560
        3.9650046000         2.9000000000         1.4629033445         4.9683572191         3.2921198591
        3.9700052000         2.9000000000         1.4705603251         4.9862203613         3.4915818318
        3.9750682000         2.9000000000         1.4705603251         4.9938759937         3.4915818318
        3.9800025000         2.9000000000         1.4629033445         5.0015316260         3.2921198591
        3.9850030000         2.9000000000         1.4705603251         5.0066353810         3.4915818318
        3.9900024000         2.9000000000         1.4731126519         5.0066353810         3.5580691560
        3.9950045000         2.9000000000         1.4654556714         5.0066353810         3.3586071833
