% Motor Sweep Step 170/180
% Vcmd       = 0.2500 [V]
% Direction  = CCW
% Zone       = OUTER
% Vg_offset  = 1.336155 [V]
% K_gimbal   = 26.049690 [(rad/s)/V]

Time[s]              Vcmd[V]              Vg_raw[V]            Pot[V]               Omega[rad/s]
        0.0000139000         0.2500000000         1.3352870017         1.1124703785        -0.0226056902
        0.0050083000         0.2500000000         1.3301823480         1.1073666236        -0.1555803387
        0.0100051000         0.2500000000         1.3403916554         1.1150222560         0.1103689582
        0.0150034000         0.2500000000         1.1693857560         1.0971591138        -4.3442817650
        0.0200070000         0.2500000000         1.0315601058         1.0792959716        -7.9345972732
        0.0250011000         0.2500000000         1.0698450086         1.0588809519        -6.9372874098
        0.0300046000         0.2500000000         0.9830658955         1.0180509125        -9.1978564335
        0.0350021000         0.2500000000         0.9396763389         0.9797727506       -10.3281409454
        0.0400052000         0.2500000000         0.8707635138         0.9389427113       -12.1232986995
        0.0450080000         0.2500000000         0.8605542064         0.8904570396       -12.3892479964
        0.0500094000         0.2500000000         0.7686704396         0.8419713679       -14.7827916686
        0.0550080000         0.2500000000         0.7635657858         0.7781744314       -14.9157663170
        0.0600056000         0.2500000000         0.7405948441         0.7118256175       -15.5141522351
        0.0650083000         0.2500000000         0.6946529607         0.6556843134       -16.7109240711
        0.0700047000         0.2500000000         0.7023099413         0.5816798670       -16.5114620985
        0.0750083000         0.2500000000         0.6410540967         0.5076754207       -18.1071578799
        0.0800059000         0.2500000000         0.6716820190         0.4438784843       -17.3093099892
        0.0850085000         0.2500000000         0.6078738476         0.3622184056       -18.9714930948
        0.0900091000         0.2500000000         0.6385017699         0.2907658367       -18.1736452041
        0.0950082000         0.2500000000         0.6027691939         0.2218651453       -19.1044677433
        0.1000065000         0.2500000000         0.5976645402         0.1478606990       -19.2374423917
        0.1050045000         0.2500000000         0.5976645402         0.0636487429       -19.2374423917
        0.1100052000         0.2500000000         0.5849029059        -0.0052519485       -19.5698790129
        0.1150086000         0.2500000000         0.5772459253         0.0024036839       -19.7693409856
        0.1200059000         0.2500000000         0.5797982522         1.1277816433       -19.7028536613
        0.1250084000         0.2500000000         0.5619319642         5.0066353810       -20.1682649309
        0.1300069000         0.2500000000         0.5542749836         4.9785647289       -20.3677269036
        0.1350063000         0.2500000000         0.5644842910         4.8994565277       -20.1017776067
        0.1400422000         0.2500000000         0.5415133493         4.8177964490       -20.7001635247
        0.1450073000         0.2500000000         0.5440656762         4.7335844928       -20.6336762005
        0.1500042000         0.2500000000         0.5440656762         4.6493725367       -20.6336762005
        0.1550154000         0.2500000000         0.5466180030         4.5651605806       -20.5671888763
        0.1600030000         0.2500000000         0.5338563688         4.4886042568       -20.8996254974
        0.1650034000         0.2500000000         0.5338563688         4.4043923006       -20.8996254974
        0.1701656000         0.2500000000         0.5364086956         4.3227322219       -20.8331381732
        0.1750085000         0.2500000000         0.5261993882         4.2359683883       -21.0990874701
        0.1800086000         0.2500000000         0.5415133493         4.1568601871       -20.7001635247
        0.1850081000         0.2500000000         0.5389610225         4.0879594957       -20.7666508490
        0.1900083000         0.2500000000         0.5313040419         4.0011956621       -20.9661128216
        0.1950047000         0.2500000000         0.5287517151         3.9195355834       -21.0326001459
        0.2000083000         0.2500000000         0.5364086956         3.8455311371       -20.8331381732
        0.2050060000         0.2500000000         0.5287517151         3.7536635486       -21.0326001459
        0.2100085000         0.2500000000         0.5287517151         3.6847628572       -21.0326001459
        0.2150087000         0.2500000000         0.5313040419         3.5928952687       -20.9661128216
        0.2200080000         0.2500000000         0.5134377539         3.5188908224       -21.4315240912
        0.2250045000         0.2500000000         0.5287517151         3.4372307437       -21.0326001459
        0.2300082000         0.2500000000         0.5389610225         3.3581225424       -20.7666508490
        0.2350082000         0.2500000000         0.5313040419         3.2815662187       -20.9661128216
        0.2400089000         0.2500000000         0.5134377539         3.1896986301       -21.4315240912
        0.2450084000         0.2500000000         0.5287517151         3.1156941838       -21.0326001459
        0.2500083000         0.2500000000         0.5287517151         3.0365859826       -21.0326001459
        0.2550097000         0.2500000000         0.5210947345         2.9523740265       -21.2320621186
        0.2600086000         0.2500000000         0.5083331002         2.8630583154       -21.5644987397
        0.2650056000         0.2500000000         0.5083331002         2.7865019916       -21.5644987397
        0.2700081000         0.2500000000         0.5159900808         2.7124975453       -21.3650367670
        0.2750069000         0.2500000000         0.5083331002         2.6257337117       -21.5644987397
        0.2800094000         0.2500000000         0.5083331002         2.5364180006       -21.5644987397
        0.2850061000         0.2500000000         0.5083331002         2.4547579220       -21.5644987397
        0.2900096000         0.2500000000         0.5083331002         2.3782015982       -21.5644987397
        0.2950104000         0.2500000000         0.5057807733         2.2965415195       -21.6309860639
        0.3000130000         0.2500000000         0.5185424076         2.2148814408       -21.2985494428
        0.3050041000         0.2500000000         0.5159900808         2.1357732396       -21.3650367670
        0.3100123000         0.2500000000         0.4955714659         2.0413537736       -21.8969353608
        0.3150052000         0.2500000000         0.5134377539         1.9647974498       -21.4315240912
        0.3200150000         0.2500000000         0.5083331002         1.8856892486       -21.5644987397
        0.3250116000         0.2500000000         0.5134377539         1.8014772924       -21.4315240912
        0.3300139000         0.2500000000         0.5159900808         1.7274728461       -21.3650367670
        0.3350093000         0.2500000000         0.5108854271         1.6432608900       -21.4980114155
        0.3400091000         0.2500000000         0.4981237928         1.5513933015       -21.8304480366
        0.3450163000         0.2500000000         0.5134377539         1.4722851002       -21.4315240912
        0.3500158000         0.2500000000         0.5083331002         1.3931768990       -21.5644987397
        0.3550068000         0.2500000000         0.5006761196         1.3115168203       -21.7639607124
        0.3600084000         0.2500000000         0.5057807733         1.2298567416       -21.6309860639
        0.3650094000         0.2500000000         0.5210947345         1.1481966629       -21.2320621186
        0.3700083000         0.2500000000         0.4981237928         1.0614328293       -21.8304480366
        0.3750059000         0.2500000000         0.5032284465         0.9823246281       -21.6974733881
        0.3800085000         0.2500000000         0.4955714659         0.8955607945       -21.8969353608
        0.3850082000         0.2500000000         0.5134377539         0.8062450834       -21.4315240912
        0.3900082000         0.2500000000         0.5159900808         0.7271368822       -21.3650367670
        0.3950043000         0.2500000000         0.5083331002         0.6480286810       -21.5644987397
        0.4000192000         0.2500000000         0.5185424076         0.5663686023       -21.2985494428
        0.4050126000         0.2500000000         0.5083331002         0.4693972588       -21.5644987397
        0.4100159000         0.2500000000         0.5006761196         0.3800815478       -21.7639607124
        0.4150117000         0.2500000000         0.5057807733         0.2933177142       -21.6309860639
        0.4200083000         0.2500000000         0.5185424076         0.2167613904       -21.2985494428
        0.4250042000         0.2500000000         0.5006761196         0.1299975568       -21.7639607124
        0.4300201000         0.2500000000         0.5134377539         0.0355780908       -21.4315240912
        0.4350129000         0.2500000000         0.5210947345         0.0024036839       -21.2320621186
        0.4400104000         0.2500000000         0.5185424076         1.1124703785       -21.2985494428
        0.4450082000         0.2500000000         0.5159900808         5.0142910133       -21.3650367670
        0.4500096000         0.2500000000         0.5032284465         5.0066353810       -21.6974733881
        0.4550161000         0.2500000000         0.5083331002         4.9224234248       -21.5644987397
        0.4600102000         0.2500000000         0.5083331002         4.8305558363       -21.5644987397
        0.4650095000         0.2500000000         0.5083331002         4.7565513900       -21.5644987397
        0.4700033000         0.2500000000         0.5083331002         4.6646838015       -21.5644987397
        0.4750043000         0.2500000000         0.5134377539         4.5804718453       -21.4315240912
        0.4800084000         0.2500000000         0.5134377539         4.4911561342       -21.4315240912
        0.4850059000         0.2500000000         0.5159900808         4.4094960556       -21.3650367670
        0.4900215000         0.2500000000         0.5108854271         4.3252840994       -21.4980114155
        0.4950049000         0.2500000000         0.5083331002         4.2410721433       -21.5644987397
        0.5000122000         0.2500000000         0.5159900808         4.1568601871       -21.3650367670
        0.5050051000         0.2500000000         0.5236470613         4.0803038633       -21.1655747943
        0.5100083000         0.2500000000         0.5006761196         3.9858843974       -21.7639607124
        0.5150060000         0.2500000000         0.5057807733         3.9067761961       -21.6309860639
        0.5200080000         0.2500000000         0.5236470613         3.8327717498       -21.1655747943
        0.5250059000         0.2500000000         0.5159900808         3.7511116711       -21.3650367670
        0.5300081000         0.2500000000         0.5210947345         3.6643478375       -21.2320621186
        0.5350035000         0.2500000000         0.5134377539         3.5877915138       -21.4315240912
        0.5400063000         0.2500000000         0.5083331002         3.5010276801       -21.5644987397
        0.5450056000         0.2500000000         0.5057807733         3.4117119691       -21.6309860639
        0.5500082000         0.2500000000         0.5083331002         3.3275000129       -21.5644987397
        0.5550091000         0.2500000000         0.5057807733         3.2509436892       -21.6309860639
        0.5600084000         0.2500000000         0.4981237928         3.1590761006       -21.8304480366
        0.5650049000         0.2500000000         0.5032284465         3.0825197769       -21.6974733881
        0.5700087000         0.2500000000         0.5032284465         2.9983078207       -21.6974733881
        0.5750062000         0.2500000000         0.5108854271         2.9191996195       -21.4980114155
        0.5800084000         0.2500000000         0.4930191391         2.8298839084       -21.9634226850
        0.5850044000         0.2500000000         0.4955714659         2.7507757072       -21.8969353608
        0.5900087000         0.2500000000         0.5083331002         2.6742193834       -21.5644987397
        0.5950029000         0.2500000000         0.5006761196         2.5874555498       -21.7639607124
        0.6000139000         0.2500000000         0.4955714659         2.5032435937       -21.8969353608
        0.6050047000         0.2500000000         0.5006761196         2.4190316375       -21.7639607124
        0.6100099000         0.2500000000         0.5057807733         2.3373715588       -21.6309860639
        0.6150779000         0.2500000000         0.5006761196         2.2531596027       -21.7639607124
        0.6200083000         0.2500000000         0.5006761196         2.1714995240       -21.7639607124
        0.6254049000         0.2500000000         0.5032284465         2.0796319355       -21.6974733881
        0.6300085000         0.2500000000         0.5032284465         2.0056274892       -21.6974733881
        0.6350081000         0.2500000000         0.4981237928         1.9188636556       -21.8304480366
        0.6400082000         0.2500000000         0.5006761196         1.8320998220       -21.7639607124
        0.6450081000         0.2500000000         0.5134377539         1.7580953756       -21.4315240912
        0.6500043000         0.2500000000         0.4981237928         1.6738834195       -21.8304480366
        0.6550088000         0.2500000000         0.4879144854         1.5922233408       -22.0963973335
        0.6600056000         0.2500000000         0.5057807733         1.5080113847       -21.6309860639
        0.6650085000         0.2500000000         0.5057807733         1.4212475511       -21.6309860639
        0.6700060000         0.2500000000         0.4853621585         1.3395874724       -22.1628846577
        0.6750083000         0.2500000000         0.5108854271         1.2630311486       -21.4980114155
        0.6800080000         0.2500000000         0.4955714659         1.1788191925       -21.8969353608
        0.6850084000         0.2500000000         0.5032284465         1.0971591138       -21.6974733881
        0.6900055000         0.2500000000         0.5057807733         1.0103952802       -21.6309860639
        0.6950084000         0.2500000000         0.5032284465         0.9261833240       -21.6974733881
        0.7000089000         0.2500000000         0.5006761196         0.8470751228       -21.7639607124
        0.7050086000         0.2500000000         0.4879144854         0.7475519019       -22.0963973335
        0.7100318000         0.2500000000         0.5108854271         0.6735474556       -21.4980114155
        0.7150030000         0.2500000000         0.5057807733         0.5816798670       -21.6309860639
        0.7200045000         0.2500000000         0.5032284465         0.4974679109       -21.6974733881
        0.7250092000         0.2500000000         0.5006761196         0.4158078322       -21.7639607124
        0.7300064000         0.2500000000         0.4955714659         0.3213883662       -21.8969353608
        0.7350082000         0.2500000000         0.5185424076         0.2473839199       -21.2985494428
        0.7400046000         0.2500000000         0.5057807733         0.1580682088       -21.6309860639
        0.7450041000         0.2500000000         0.5083331002         0.0636487429       -21.5644987397
        0.7500048000         0.2500000000         0.5006761196        -0.0001481936       -21.7639607124
        0.7550038000         0.2500000000         0.5006761196         0.0049555613       -21.7639607124
        0.7600028000         0.2500000000         0.5083331002         5.0066353810       -21.5644987397
        0.7650081000         0.2500000000         0.5057807733         5.0168428908       -21.6309860639
        0.7700046000         0.2500000000         0.4955714659         4.9402865670       -21.8969353608
        0.7750083000         0.2500000000         0.5083331002         4.8586264883       -21.5644987397
        0.7800057000         0.2500000000         0.4930191391         4.7693107773       -21.9634226850
        0.7850082000         0.2500000000         0.5261993882         4.6927544535       -21.0990874701
        0.7901493000         0.2500000000         0.4955714659         4.5957831101       -21.8969353608
        0.7950083000         0.2500000000         0.5057807733         4.5064673990       -21.6309860639
        0.8000101000         0.2500000000         0.4981237928         4.4273591978       -21.8304480366
        0.8050082000         0.2500000000         0.5057807733         4.3380434867       -21.6309860639
        0.8100048000         0.2500000000         0.5057807733         4.2563834080       -21.6309860639
        0.8150084000         0.2500000000         0.5032284465         4.1721714519       -21.6974733881
        0.8200086000         0.2500000000         0.5134377539         4.0905113732       -21.4315240912
        0.8250146000         0.2500000000         0.4981237928         4.0037475396       -21.8304480366
        0.8300071000         0.2500000000         0.5159900808         3.9297430933       -21.3650367670
        0.8350081000         0.2500000000         0.5083331002         3.8429792597       -21.5644987397
        0.8400056000         0.2500000000         0.5083331002         3.7587673035       -21.5644987397
        0.8450082000         0.2500000000         0.5006761196         3.6694515924       -21.7639607124
        0.8500088000         0.2500000000         0.5083331002         3.5928952687       -21.5644987397
        0.8550083000         0.2500000000         0.5032284465         3.5061314351       -21.6974733881
        0.8600056000         0.2500000000         0.5083331002         3.4321269888       -21.5644987397
        0.8656356000         0.2500000000         0.5185424076         3.3402594002       -21.2985494428
        0.8700056000         0.2500000000         0.5108854271         3.2611511990       -21.4980114155
        0.8750094000         0.2500000000         0.5083331002         3.1845948752       -21.5644987397
        0.8800141000         0.2500000000         0.4904668122         3.0952791642       -22.0299100093
        0.8850080000         0.2500000000         0.5108854271         3.0187228404       -21.4980114155
        0.8900271000         0.2500000000         0.5108854271         2.9294071293       -21.4980114155
        0.8950058000         0.2500000000         0.5032284465         2.8477470506       -21.6974733881
        0.9000082000         0.2500000000         0.4853621585         2.7584313396       -22.1628846577
        0.9050057000         0.2500000000         0.5057807733         2.6844268933       -21.6309860639
        0.9100085000         0.2500000000         0.5006761196         2.6027668146       -21.7639607124
        0.9150052000         0.2500000000         0.4904668122         2.5057954711       -22.0299100093
        0.9200080000         0.2500000000         0.5083331002         2.4317910248       -21.5644987397
        0.9250049000         0.2500000000         0.5134377539         2.3526828236       -21.4315240912
        0.9300084000         0.2500000000         0.4879144854         2.2633671125       -22.0963973335
        0.9350061000         0.2500000000         0.5006761196         2.1791551564       -21.7639607124
        0.9400103000         0.2500000000         0.5083331002         2.0974950777       -21.5644987397
        0.9450056000         0.2500000000         0.4981237928         2.0056274892       -21.8304480366
        0.9500085000         0.2500000000         0.4879144854         1.9214155330       -22.0963973335
        0.9550045000         0.2500000000         0.5006761196         1.8499629642       -21.7639607124
        0.9600086000         0.2500000000         0.5032284465         1.7580953756       -21.6974733881
        0.9650070000         0.2500000000         0.5134377539         1.6840909293       -21.4315240912
        0.9700085000         0.2500000000         0.4777051779         1.5973270957       -22.3623466304
        0.9750046000         0.2500000000         0.4981237928         1.5156670170       -21.8304480366
        0.9800084000         0.2500000000         0.4955714659         1.4340069384       -21.8969353608
        0.9850070000         0.2500000000         0.4879144854         1.3497949822       -22.0963973335
        0.9900081000         0.2500000000         0.5159900808         1.2706867810       -21.3650367670
        0.9950093000         0.2500000000         0.5032284465         1.1839229474       -21.6974733881
        1.0000097000         0.2500000000         0.4879144854         1.1099185011       -22.0963973335
        1.0050082000         0.2500000000         0.5006761196         1.0154990351       -21.7639607124
        1.0100082000         0.2500000000         0.5159900808         0.9363908338       -21.3650367670
        1.0150047000         0.2500000000         0.4904668122         0.8470751228       -22.0299100093
        1.0200090000         0.2500000000         0.4981237928         0.7654150441       -21.8304480366
        1.0250050000         0.2500000000         0.5083331002         0.6760993330       -21.5644987397
        1.0300087000         0.2500000000         0.5083331002         0.5893354994       -21.5644987397
        1.0350048000         0.2500000000         0.4930191391         0.5000197884       -21.9634226850
        1.0400085000         0.2500000000         0.5159900808         0.4183597097       -21.3650367670
        1.0450056000         0.2500000000         0.4981237928         0.3315958761       -21.8304480366
        1.0500082000         0.2500000000         0.5083331002         0.2473839199       -21.5644987397
        1.0550083000         0.2500000000         0.5108854271         0.1606200863       -21.4980114155
        1.0600094000         0.2500000000         0.5083331002         0.0713043752       -21.5644987397
        1.0650050000         0.2500000000         0.5006761196         0.0100593162       -21.7639607124
        1.0700086000         0.2500000000         0.5006761196        -0.0027000711       -21.7639607124
        1.0750086000         0.2500000000         0.5134377539         4.9938759937       -21.4315240912
        1.0800086000         0.2500000000         0.4930191391         5.0066353810       -21.9634226850
        1.0850043000         0.2500000000         0.5108854271         4.9581497092       -21.4980114155
        1.0900091000         0.2500000000         0.5057807733         4.8611783658       -21.6309860639
        1.0950047000         0.2500000000         0.4981237928         4.7744145322       -21.8304480366
        1.1000082000         0.2500000000         0.5083331002         4.6825469437       -21.5644987397
        1.1050091000         0.2500000000         0.4981237928         4.6034387424       -21.8304480366
        1.1100085000         0.2500000000         0.5159900808         4.5217786637       -21.3650367670
        1.1150049000         0.2500000000         0.4955714659         4.4273591978       -21.8969353608
        1.1200084000         0.2500000000         0.5210947345         4.3482509965       -21.2320621186
        1.1250051000         0.2500000000         0.5083331002         4.2665909178       -21.5644987397
        1.1300086000         0.2500000000         0.5185424076         4.1798270842       -21.2985494428
        1.1350091000         0.2500000000         0.5032284465         4.0981670056       -21.6974733881
        1.1400085000         0.2500000000         0.5083331002         4.0088512945       -21.5644987397
        1.1450054000         0.2500000000         0.5083331002         3.9246393383       -21.5644987397
        1.1500088000         0.2500000000         0.5185424076         3.8480830146       -21.2985494428
        1.1550039000         0.2500000000         0.5083331002         3.7715266908       -21.5644987397
        1.1600087000         0.2500000000         0.4981237928         3.6847628572       -21.8304480366
        1.1650827000         0.2500000000         0.5261993882         3.6082065334       -21.0990874701
        1.1700084000         0.2500000000         0.5134377539         3.5265464547       -21.4315240912
        1.1750092000         0.2500000000         0.5032284465         3.4372307437       -21.6974733881
        1.1800049000         0.2500000000         0.5032284465         3.3530187875       -21.6974733881
        1.1850090000         0.2500000000         0.5134377539         3.2688068314       -21.4315240912
        1.1900043000         0.2500000000         0.5057807733         3.1896986301       -21.6309860639
        1.1950025000         0.2500000000         0.5083331002         3.1131423064       -21.5644987397
        1.2000085000         0.2500000000         0.4955714659         3.0212747179       -21.8969353608
        1.2050029000         0.2500000000         0.5032284465         2.9447183941       -21.6974733881
        1.2100092000         0.2500000000         0.4981237928         2.8605064379       -21.8304480366
        1.2150080000         0.2500000000         0.4879144854         2.7660869720       -22.0963973335
        1.2200044000         0.2500000000         0.5083331002         2.6844268933       -21.5644987397
        1.2250084000         0.2500000000         0.4981237928         2.6104224470       -21.8304480366
        1.2300048000         0.2500000000         0.4879144854         2.5211067359       -22.0963973335
        1.2350085000         0.2500000000         0.4981237928         2.4343429023       -21.8304480366
        1.2400055000         0.2500000000         0.5185424076         2.3577865785       -21.2985494428
        1.2450084000         0.2500000000         0.4853621585         2.2710227449       -22.1628846577
        1.2500046000         0.2500000000         0.5083331002         2.1919145437       -21.5644987397
        1.2550083000         0.2500000000         0.4955714659         2.0923913228       -21.8969353608
        1.2600042000         0.2500000000         0.4955714659         2.0107312441       -21.8969353608
        1.2650084000         0.2500000000         0.5083331002         1.9392786752       -21.5644987397
        1.2700055000         0.2500000000         0.4930191391         1.8525148416       -21.9634226850
        1.2750081000         0.2500000000         0.5057807733         1.7785103953       -21.6309860639
        1.2800074000         0.2500000000         0.4853621585         1.6866428068       -22.1628846577
        1.2850146000         0.2500000000         0.5057807733         1.6126383605       -21.6309860639
        1.2900068000         0.2500000000         0.5134377539         1.5284264043       -21.4315240912
        1.2950085000         0.2500000000         0.4981237928         1.4467663256       -21.8304480366
        1.3000088000         0.2500000000         0.4828098316         1.3523468597       -22.2293719820
        1.3050086000         0.2500000000         0.5159900808         1.2783424134       -21.3650367670
        1.3100181000         0.2500000000         0.5032284465         1.1890267023       -21.6974733881
        1.3150185000         0.2500000000         0.4828098316         1.1073666236       -22.2293719820
        1.3200080000         0.2500000000         0.5134377539         1.0257065449       -21.4315240912
        1.3250195000         0.2500000000         0.5159900808         0.9363908338       -21.3650367670
        1.3300050000         0.2500000000         0.4828098316         0.8445232453       -22.2293719820
        1.3350206000         0.2500000000         0.4904668122         0.7577594117       -22.0299100093
        1.3400107000         0.2500000000         0.5032284465         0.6837549654       -21.6974733881
        1.3450082000         0.2500000000         0.5006761196         0.5944392543       -21.7639607124
        1.3500047000         0.2500000000         0.4981237928         0.5025716658       -21.8304480366
        1.3550083000         0.2500000000         0.5083331002         0.4285672195       -21.5644987397
        1.3600065000         0.2500000000         0.4930191391         0.3443552634       -21.9634226850
        1.3650080000         0.2500000000         0.5032284465         0.2448320425       -21.6974733881
        1.3700059000         0.2500000000         0.5032284465         0.1657238412       -21.6974733881
        1.3750147000         0.2500000000         0.5057807733         0.0738562527       -21.6309860639
        1.3800057000         0.2500000000         0.4879144854         0.0024036839       -22.0963973335
        1.3850767000         0.2500000000         0.4930191391        -0.0052519485       -21.9634226850
        1.3900128000         0.2500000000         0.5108854271         5.0091872584       -21.4980114155
        1.3950085000         0.2500000000         0.5032284465         5.0015316260       -21.6974733881
        1.4000101000         0.2500000000         0.5006761196         4.9530459543       -21.7639607124
        1.4050046000         0.2500000000         0.4981237928         4.8713858756       -21.8304480366
        1.4100166000         0.2500000000         0.5006761196         4.7769664097       -21.7639607124
        1.4150038000         0.2500000000         0.5108854271         4.6953063310       -21.4980114155
        1.4200077000         0.2500000000         0.5057807733         4.5983349875       -21.6309860639
        1.4250086000         0.2500000000         0.5083331002         4.5141230314       -21.5644987397
        1.4300085000         0.2500000000         0.5032284465         4.4273591978       -21.6974733881
        1.4350081000         0.2500000000         0.5134377539         4.3431472416       -21.4315240912
        1.4400053000         0.2500000000         0.5032284465         4.2614871629       -21.6974733881
        1.4450142000         0.2500000000         0.5261993882         4.1798270842       -21.0990874701
        1.4500103000         0.2500000000         0.4879144854         4.0879594957       -22.0963973335
        1.4550085000         0.2500000000         0.5083331002         4.0139550494       -21.5644987397
        1.4600260000         0.2500000000         0.4981237928         3.9271912158       -21.8304480366
        1.4650086000         0.2500000000         0.5185424076         3.8480830146       -21.2985494428
        1.4700086000         0.2500000000         0.5185424076         3.7689748133       -21.2985494428
        1.4750159000         0.2500000000         0.5006761196         3.6745553474       -21.7639607124
        1.4800074000         0.2500000000         0.5006761196         3.5979990236       -21.7639607124
        1.4850026000         0.2500000000         0.5032284465         3.5061314351       -21.6974733881
        1.4900046000         0.2500000000         0.5032284465         3.4219194789       -21.6974733881
        1.4950080000         0.2500000000         0.5134377539         3.3479150326       -21.4315240912
        1.5000747000         0.2500000000         0.4828098316         3.2560474441       -22.2293719820
        1.5050186000         0.2500000000         0.5032284465         3.1871467527       -21.6974733881
        1.5100094000         0.2500000000         0.4981237928         3.0927272867       -21.8304480366
        1.5150220000         0.2500000000         0.5083331002         3.0187228404       -21.5644987397
        1.5200299000         0.2500000000         0.4904668122         2.9319590068       -22.0299100093
        1.5250048000         0.2500000000         0.4930191391         2.8451951732       -21.9634226850
        1.5300530000         0.2500000000         0.4853621585         2.7584313396       -22.1628846577
        1.5350085000         0.2500000000         0.5083331002         2.6844268933       -21.5644987397
        1.5400047000         0.2500000000         0.5210947345         2.5951111822       -21.2320621186
        1.5450099000         0.2500000000         0.4930191391         2.5211067359       -21.9634226850
        1.5502238000         0.2500000000         0.4930191391         2.4215835150       -21.9634226850
        1.5550043000         0.2500000000         0.5083331002         2.3526828236       -21.5644987397
        1.5600217000         0.2500000000         0.5032284465         2.2684708674       -21.6974733881
        1.5650095000         0.2500000000         0.4904668122         2.1766032789       -22.0299100093
        1.5700096000         0.2500000000         0.4828098316         2.0872875679       -22.2293719820
        1.5750082000         0.2500000000         0.4879144854         2.0005237343       -22.0963973335
        1.5800049000         0.2500000000         0.4853621585         1.9188636556       -22.1628846577
        1.5850087000         0.2500000000         0.4955714659         1.8397554543       -21.8969353608
        1.5900083000         0.2500000000         0.4904668122         1.7529916207       -22.0299100093
        1.5950086000         0.2500000000         0.4879144854         1.6764352970       -22.0963973335
        1.6000259000         0.2500000000         0.4879144854         1.5947752183       -22.0963973335
        1.6050086000         0.2500000000         0.5108854271         1.5182188945       -21.4980114155
        1.6100043000         0.2500000000         0.4904668122         1.4289031834       -22.0299100093
        1.6150136000         0.2500000000         0.4904668122         1.3497949822       -22.0299100093
        1.6200049000         0.2500000000         0.4955714659         1.2579273937       -21.8969353608
        1.6250083000         0.2500000000         0.4879144854         1.1686116826       -22.0963973335
        1.6300024000         0.2500000000         0.5057807733         1.1022628687       -21.6309860639
        1.6350083000         0.2500000000         0.5032284465         1.0154990351       -21.6974733881
        1.6401529000         0.2500000000         0.4930191391         0.9287352015       -21.9634226850
        1.6450045000         0.2500000000         0.4904668122         0.8317638580       -22.0299100093
        1.6500823000         0.2500000000         0.4981237928         0.7501037793       -21.8304480366
        1.6550085000         0.2500000000         0.4904668122         0.6607880683       -22.0299100093
        1.6600081000         0.2500000000         0.4955714659         0.5791279896       -21.8969353608
        1.6650082000         0.2500000000         0.4955714659         0.4949160334       -21.8969353608
        1.6700082000         0.2500000000         0.4955714659         0.4081521998       -21.8969353608
        1.6750048000         0.2500000000         0.5006761196         0.3213883662       -21.7639607124
        1.6800083000         0.2500000000         0.5032284465         0.2397282875       -21.6974733881
        1.6850094000         0.2500000000         0.4879144854         0.1453088216       -22.0963973335
        1.6900058000         0.2500000000         0.5057807733         0.0610968654       -21.6309860639
        1.6950043000         0.2500000000         0.5083331002         0.0075074388       -21.5644987397
        1.7000084000         0.2500000000         0.4930191391        -0.0001481936       -21.9634226850
        1.7050048000         0.2500000000         0.4981237928         5.0040835035       -21.8304480366
        1.7100088000         0.2500000000         0.4981237928         5.0091872584       -21.8304480366
        1.7150069000         0.2500000000         0.5032284465         4.9377346896       -21.6974733881
        1.7200081000         0.2500000000         0.4930191391         4.8484189785       -21.9634226850
        1.7250059000         0.2500000000         0.4904668122         4.7591032674       -22.0299100093
        1.7300084000         0.2500000000         0.5134377539         4.6774431887       -21.4315240912
        1.7350042000         0.2500000000         0.4981237928         4.5804718453       -21.8304480366
        1.7400089000         0.2500000000         0.5185424076         4.4962598892       -21.2985494428
        1.7450044000         0.2500000000         0.4930191391         4.4069441781       -21.9634226850
        1.7500082000         0.2500000000         0.5083331002         4.3278359769       -21.5644987397
        1.7550051000         0.2500000000         0.5083331002         4.2436240207       -21.5644987397
        1.7600083000         0.2500000000         0.5159900808         4.1645158195       -21.3650367670
        1.7650062000         0.2500000000         0.5032284465         4.0777519859       -21.6974733881
        1.7700032000         0.2500000000         0.5032284465         3.9960919072       -21.6974733881
        1.7750051000         0.2500000000         0.5032284465         3.9093280736       -21.6974733881
        1.7800029000         0.2500000000         0.5108854271         3.8353236273       -21.4980114155
        1.7850099000         0.2500000000         0.5083331002         3.7434560388       -21.5644987397
        1.7900062000         0.2500000000         0.5159900808         3.6668997150       -21.3650367670
        1.7950041000         0.2500000000         0.5057807733         3.5852396363       -21.6309860639
        1.8000023000         0.2500000000         0.5083331002         3.5035795576       -21.5644987397
        1.8050096000         0.2500000000         0.4955714659         3.4040563367       -21.8969353608
        1.8100084000         0.2500000000         0.5032284465         3.3300518904       -21.6974733881
        1.8150088000         0.2500000000         0.4955714659         3.2407361793       -21.8969353608
        1.8200031000         0.2500000000         0.5032284465         3.1616279781       -21.6974733881
        1.8250060000         0.2500000000         0.4904668122         3.0748641445       -22.0299100093
        1.8300083000         0.2500000000         0.5032284465         2.9983078207       -21.6974733881
        1.8350056000         0.2500000000         0.4981237928         2.9038883547       -21.8304480366
        1.8400087000         0.2500000000         0.4955714659         2.8298839084       -21.8969353608
        1.8450047000         0.2500000000         0.4904668122         2.7456719523       -22.0299100093
        1.8500081000         0.2500000000         0.4853621585         2.6538043638       -22.1628846577
        1.8550064000         0.2500000000         0.4981237928         2.5874555498       -21.8304480366
        1.8600083000         0.2500000000         0.4879144854         2.4904842064       -22.0963973335
        1.8650089000         0.2500000000         0.4879144854         2.4088241277       -22.0963973335
        1.8700084000         0.2500000000         0.4930191391         2.3271640490       -21.9634226850
        1.8750093000         0.2500000000         0.4879144854         2.2378483379       -22.0963973335
        1.8800081000         0.2500000000         0.5006761196         2.1612920142       -21.7639607124
        1.8850054000         0.2500000000         0.4853621585         2.0745281806       -22.1628846577
        1.8900084000         0.2500000000         0.4930191391         1.9826605920       -21.9634226850
        1.8950071000         0.2500000000         0.4981237928         1.9112080232       -21.8304480366
        1.9000085000         0.2500000000         0.4904668122         1.8218923121       -22.0299100093
        1.9050054000         0.2500000000         0.4930191391         1.7376803560       -21.9634226850
        1.9100083000         0.2500000000         0.5032284465         1.6662277871       -21.6974733881
        1.9150156000         0.2500000000         0.4879144854         1.5743601986       -22.0963973335
        1.9200084000         0.2500000000         0.4904668122         1.4875963650       -22.0299100093
        1.9250049000         0.2500000000         0.5057807733         1.4110400412       -21.6309860639
        1.9300045000         0.2500000000         0.4904668122         1.3242762076       -22.0299100093
        1.9350205000         0.2500000000         0.4955714659         1.2400642515       -21.8969353608
        1.9400152000         0.2500000000         0.4955714659         1.1584041728       -21.8969353608
        1.9450166000         0.2500000000         0.4981237928         1.0665365843       -21.8304480366
        1.9500059000         0.2500000000         0.4904668122         0.9848765056       -22.0299100093
        1.9550103000         0.2500000000         0.4802575048         0.9006645494       -22.2958593062
        1.9600044000         0.2500000000         0.4981237928         0.8215563482       -21.8304480366
        1.9650083000         0.2500000000         0.4904668122         0.7322406371       -22.0299100093
        1.9700118000         0.2500000000         0.4981237928         0.6454768035       -21.8304480366
        1.9750208000         0.2500000000         0.5032284465         0.5663686023       -21.6974733881
        1.9800102000         0.2500000000         0.4853621585         0.4719491363       -22.1628846577
        1.9850097000         0.2500000000         0.4981237928         0.3877371802       -21.8304480366
        1.9900071000         0.2500000000         0.5057807733         0.3009733466       -21.6309860639
        1.9950093000         0.2500000000         0.5006761196         0.2142095129       -21.7639607124
        2.0000065000         0.2500000000         0.4955714659         0.1325494343       -21.8969353608
        2.0050058000         0.2500000000         0.4981237928         0.0381299683       -21.8304480366
        2.0100061000         0.2500000000         0.4981237928         0.0024036839       -21.8304480366
        2.0150177000         0.2500000000         0.5108854271         1.1175741334       -21.4980114155
        2.0200047000         0.2500000000         0.4955714659         5.0040835035       -21.8969353608
        2.0250089000         0.2500000000         0.4904668122         4.9989797486       -22.0299100093
        2.0300093000         0.2500000000         0.5083331002         4.9224234248       -21.5644987397
        2.0350083000         0.2500000000         0.5006761196         4.8280039588       -21.7639607124
        2.0400044000         0.2500000000         0.4981237928         4.7412401252       -21.8304480366
        2.0450025000         0.2500000000         0.5032284465         4.6493725367       -21.6974733881
        2.0500040000         0.2500000000         0.5032284465         4.5651605806       -21.6974733881
        2.0550088000         0.2500000000         0.5057807733         4.4783967469       -21.6309860639
        2.0600180000         0.2500000000         0.5108854271         4.3992885457       -21.4980114155
        2.0650041000         0.2500000000         0.5108854271         4.3099728347       -21.4980114155
        2.0700081000         0.2500000000         0.5108854271         4.2308646334       -21.4980114155
        2.0750031000         0.2500000000         0.5108854271         4.1389970449       -21.4980114155
        2.0800051000         0.2500000000         0.5032284465         4.0649925986       -21.6974733881
        2.0850080000         0.2500000000         0.4981237928         3.9705731326       -21.8304480366
        2.0900083000         0.2500000000         0.5134377539         3.8991205638       -21.4315240912
        2.0950052000         0.2500000000         0.5032284465         3.8098048527       -21.6974733881
        2.1000053000         0.2500000000         0.5057807733         3.7230410191       -21.6309860639
        2.1050042000         0.2500000000         0.5083331002         3.6464846953       -21.5644987397
        2.1100036000         0.2500000000         0.5134377539         3.5673764941       -21.4315240912
        2.1150023000         0.2500000000         0.4904668122         3.4780607830       -22.0299100093
        2.1200031000         0.2500000000         0.5083331002         3.3989525818       -21.5644987397
        2.1250025000         0.2500000000         0.5083331002         3.3121887482       -21.5644987397
        2.1300039000         0.2500000000         0.4904668122         3.2228730371       -22.0299100093
        2.1350022000         0.2500000000         0.5057807733         3.1488685908       -21.6309860639
        2.1400027000         0.2500000000         0.4930191391         3.0672085121       -21.9634226850
        2.1450033000         0.2500000000         0.4904668122         2.9727890461       -22.0299100093
        2.1500042000         0.2500000000         0.4955714659         2.8936808449       -21.8969353608
        2.1550024000         0.2500000000         0.5083331002         2.8171245211       -21.5644987397
        2.1600063000         0.2500000000         0.4879144854         2.7252569326       -22.0963973335
        2.1650065000         0.2500000000         0.4879144854         2.6359412215       -22.0963973335
        2.1700034000         0.2500000000         0.5006761196         2.5644886527       -21.7639607124
        2.1750022000         0.2500000000         0.4904668122         2.4700691867       -22.0299100093
        2.1800053000         0.2500000000         0.5006761196         2.3960647404       -21.7639607124
        2.1850042000         0.2500000000         0.4981237928         2.3144046617       -21.8304480366
        2.1900092000         0.2500000000         0.4955714659         2.2225370732       -21.8969353608
        2.1950039000         0.2500000000         0.5032284465         2.1485326269       -21.6974733881
        2.2000044000         0.2500000000         0.4904668122         2.0490094060       -22.0299100093
        2.2050023000         0.2500000000         0.4879144854         1.9647974498       -22.0963973335
        2.2100095000         0.2500000000         0.4751528511         1.8805854937       -22.4288339546
        2.2150048000         0.2500000000         0.4930191391         1.7989254150       -21.9634226850
        2.2200047000         0.2500000000         0.4904668122         1.7249209687       -22.0299100093
        2.2250027000         0.2500000000         0.4904668122         1.6432608900       -22.0299100093
        2.2300039000         0.2500000000         0.4904668122         1.5641526888       -22.0299100093
        2.2350025000         0.2500000000         0.5083331002         1.4722851002       -21.5644987397
        2.2400094000         0.2500000000         0.4930191391         1.3906250215       -21.9634226850
        2.2450040000         0.2500000000         0.4879144854         1.3064130654       -22.0963973335
        2.2500051000         0.2500000000         0.4955714659         1.2222011093       -21.8969353608
        2.2550042000         0.2500000000         0.4930191391         1.1379891531       -21.9634226850
        2.2600041000         0.2500000000         0.4930191391         1.0563290744       -21.9634226850
        2.2650029000         0.2500000000         0.5006761196         0.9670133634       -21.7639607124
        2.2700047000         0.2500000000         0.4879144854         0.8930089170       -22.0963973335
        2.2750026000         0.2500000000         0.4853621585         0.7934856961       -22.1628846577
        2.2800076000         0.2500000000         0.4853621585         0.7118256175       -22.1628846577
        2.2850029000         0.2500000000         0.5032284465         0.6276136613       -21.6974733881
        2.2900046000         0.2500000000         0.5057807733         0.5434017052       -21.6309860639
        2.2950022000         0.2500000000         0.4853621585         0.4540859941       -22.1628846577
        2.3000045000         0.2500000000         0.4955714659         0.3673221605       -21.8969353608
        2.3050036000         0.2500000000         0.4904668122         0.2805583269       -22.0299100093
        2.3100063000         0.2500000000         0.5057807733         0.1886907384       -21.6309860639
        2.3150042000         0.2500000000         0.4904668122         0.1019269048       -22.0299100093
        2.3200080000         0.2500000000         0.4853621585         0.0177149486       -22.1628846577
        2.3250030000         0.2500000000         0.4904668122         0.0024036839       -22.0299100093
        2.3300099000         0.2500000000         0.5006761196         1.1073666236       -21.7639607124
        2.3350167000         0.2500000000         0.5057807733         5.0066353810       -21.6309860639
        2.3400070000         0.2500000000         0.4853621585         4.9811166064       -22.1628846577
        2.3450047000         0.2500000000         0.4981237928         4.8918008953       -21.8304480366
        2.3500040000         0.2500000000         0.4981237928         4.8024851842       -21.8304480366
        2.3550041000         0.2500000000         0.5032284465         4.7208251056       -21.6974733881
        2.3600072000         0.2500000000         0.5032284465         4.6340612719       -21.6974733881
        2.3650083000         0.2500000000         0.4955714659         4.5370899285       -21.8969353608
        2.3700046000         0.2500000000         0.4904668122         4.4554298498       -22.0299100093
        2.3750035000         0.2500000000         0.5108854271         4.3737697711       -21.4980114155
        2.3800053000         0.2500000000         0.4853621585         4.2793503051       -22.1628846577
        2.3850081000         0.2500000000         0.5108854271         4.1976902265       -21.4980114155
        2.3900067000         0.2500000000         0.4930191391         4.1160301478       -21.9634226850
        2.3950082000         0.2500000000         0.5006761196         4.0267144367       -21.7639607124
        2.4000048000         0.2500000000         0.4955714659         3.9501581129       -21.8969353608
        2.4050082000         0.2500000000         0.5083331002         3.8659461568       -21.5644987397
        2.4100142000         0.2500000000         0.4879144854         3.7766304457       -22.0963973335
        2.4150286000         0.2500000000         0.4879144854         3.6975222445       -22.0963973335
        2.4200106000         0.2500000000         0.5083331002         3.6158621658       -21.5644987397
        2.4250099000         0.2500000000         0.5083331002         3.5342020871       -21.5644987397
        2.4300072000         0.2500000000         0.4879144854         3.4499901310       -22.0963973335
        2.4350141000         0.2500000000         0.4981237928         3.3657781748       -21.8304480366
        2.4400056000         0.2500000000         0.5083331002         3.2892218510       -21.5644987397
        2.4450084000         0.2500000000         0.5006761196         3.1999061400       -21.7639607124
        2.4500086000         0.2500000000         0.4981237928         3.1156941838       -21.8304480366
        2.4550024000         0.2500000000         0.4930191391         3.0314822277       -21.9634226850
        2.4600050000         0.2500000000         0.4981237928         2.9549259039       -21.8304480366
        2.4650028000         0.2500000000         0.5032284465         2.8707139478       -21.6974733881
        2.4700019000         0.2500000000         0.4930191391         2.7762944818       -21.9634226850
        2.4750020000         0.2500000000         0.4955714659         2.6997381580       -21.8969353608
        2.4800072000         0.2500000000         0.4828098316         2.6155262019       -22.2293719820
        2.4850039000         0.2500000000         0.4879144854         2.5287623683       -22.0963973335
        2.4900059000         0.2500000000         0.5006761196         2.4445504121       -21.7639607124
        2.4950066000         0.2500000000         0.5032284465         2.3526828236       -21.6974733881
        2.5000020000         0.2500000000         0.4623912168         2.2710227449       -22.7612705758
        2.5050019000         0.2500000000         0.4904668122         2.1919145437       -22.0299100093
        2.5100063000         0.2500000000         0.5032284465         2.1128063424       -21.6974733881
        2.5150063000         0.2500000000         0.5032284465         2.0260425088       -21.6974733881
        2.5200063000         0.2500000000         0.4751528511         1.9341749203       -22.4288339546
        2.5250243000         0.2500000000         0.4879144854         1.8499629642       -22.0963973335
        2.5339765000         0.2500000000         0.5006761196         1.7147134588       -21.7639607124
        2.5350219000         0.2500000000         0.4981237928         1.6942984392       -21.8304480366
        2.5400511000         0.2500000000         0.4904668122         1.6100864830       -22.0299100093
        2.5450095000         0.2500000000         0.4981237928         1.5233226494       -21.8304480366
        2.5500066000         0.2500000000         0.4981237928         1.4442144482       -21.8304480366
        2.5550098000         0.2500000000         0.4853621585         1.3600024920       -22.1628846577
        2.5600087000         0.2500000000         0.5006761196         1.2706867810       -21.7639607124
        2.5650083000         0.2500000000         0.5185424076         1.1966823347       -21.2985494428
        2.5702502000         0.2500000000         0.4751528511         1.0997109912       -22.4288339546
        2.5750412000         0.2500000000         0.4930191391         1.0180509125       -21.9634226850
        2.5800452000         0.2500000000         0.5032284465         0.9363908338       -21.6974733881
        2.5850104000         0.2500000000         0.4981237928         0.8521788777       -21.8304480366
        2.5900092000         0.2500000000         0.4853621585         0.7654150441       -22.1628846577
        2.5950137000         0.2500000000         0.5006761196         0.6786512105       -21.7639607124
        2.6000095000         0.2500000000         0.4930191391         0.5944392543       -21.9634226850
        2.6050097000         0.2500000000         0.4879144854         0.5025716658       -22.0963973335
        2.6100057000         0.2500000000         0.5057807733         0.4260153420       -21.6309860639
        2.6150069000         0.2500000000         0.4802575048         0.3290439986       -22.2958593062
        2.6200084000         0.2500000000         0.5057807733         0.2473839199       -21.6309860639
        2.6250083000         0.2500000000         0.4981237928         0.1682757187       -21.8304480366
        2.6300043000         0.2500000000         0.5159900808         0.0738562527       -21.3650367670
        2.6350057000         0.2500000000         0.4981237928         0.0075074388       -21.8304480366
        2.6400050000         0.2500000000         0.4981237928         0.0024036839       -21.8304480366
        2.6450083000         0.2500000000         0.5032284465         5.0040835035       -21.6974733881
        2.6500078000         0.2500000000         0.4981237928         5.0066353810       -21.8304480366
        2.6550042000         0.2500000000         0.5032284465         4.9581497092       -21.6974733881
        2.6600105000         0.2500000000         0.4955714659         4.8611783658       -21.8969353608
        2.6650069000         0.2500000000         0.4955714659         4.7718626547       -21.8969353608
        2.6700063000         0.2500000000         0.5057807733         4.6927544535       -21.6309860639
        2.6750096000         0.2500000000         0.4981237928         4.5957831101       -21.8304480366
        2.6800046000         0.2500000000         0.4904668122         4.5166749088       -22.0299100093
        2.6850083000         0.2500000000         0.5083331002         4.4324629527       -21.5644987397
        2.6900074000         0.2500000000         0.5083331002         4.3456991191       -21.5644987397
        2.6950101000         0.2500000000         0.5057807733         4.2563834080       -21.6309860639
        2.7000073000         0.2500000000         0.5057807733         4.1696195744       -21.6309860639
        2.7050060000         0.2500000000         0.4955714659         4.0905113732       -21.8969353608
        2.7100022000         0.2500000000         0.4981237928         4.0037475396       -21.8304480366
        2.7150067000         0.2500000000         0.4930191391         3.9144318285       -21.9634226850
        2.7200354000         0.2500000000         0.5134377539         3.8378755047       -21.4315240912
        2.7250082000         0.2500000000         0.4930191391         3.7511116711       -21.9634226850
        2.7300051000         0.2500000000         0.5057807733         3.6694515924       -21.6309860639
        2.7350066000         0.2500000000         0.5057807733         3.5826877588       -21.6309860639
        2.7401330000         0.2500000000         0.5006761196         3.4984758027       -21.7639607124
        2.7450050000         0.2500000000         0.5032284465         3.4295751113       -21.6974733881
        2.7501380000         0.2500000000         0.5006761196         3.3351556453       -21.7639607124
        2.7550056000         0.2500000000         0.4904668122         3.2483918117       -22.0299100093
        2.7600083000         0.2500000000         0.5006761196         3.1718354879       -21.7639607124
        2.7650082000         0.2500000000         0.4981237928         3.0876235318       -21.8304480366
        2.7700084000         0.2500000000         0.5083331002         3.0059634531       -21.5644987397
        2.7750047000         0.2500000000         0.4904668122         2.9268552519       -22.0299100093
        2.7800087000         0.2500000000         0.4777051779         2.8298839084       -22.3623466304
        2.7850053000         0.2500000000         0.5057807733         2.7584313396       -21.6309860639
        2.7900082000         0.2500000000         0.5159900808         2.6793231383       -21.3650367670
        2.7950082000         0.2500000000         0.4904668122         2.5951111822       -22.0299100093
        2.8000080000         0.2500000000         0.4726005242         2.4955879613       -22.4953212789
        2.8050049000         0.2500000000         0.4981237928         2.4190316375       -21.8304480366
        2.8100088000         0.2500000000         0.5006761196         2.3297159265       -21.7639607124
        2.8150092000         0.2500000000         0.4777051779         2.2506077252       -22.3623466304
        2.8200100000         0.2500000000         0.4879144854         2.1587401367       -22.0963973335
        2.8250071000         0.2500000000         0.4981237928         2.0898394453       -21.8304480366
        2.8301417000         0.2500000000         0.4930191391         1.9928681019       -21.9634226850
        2.8350117000         0.2500000000         0.5057807733         1.9214155330       -21.6309860639
        2.8400075000         0.2500000000         0.4853621585         1.8269960670       -22.1628846577
        2.8450096000         0.2500000000         0.4904668122         1.7529916207       -22.0299100093
        2.8501708000         0.2500000000         0.4981237928         1.6687796646       -21.8304480366
        2.8550043000         0.2500000000         0.4955714659         1.5845677084       -21.8969353608
        2.8601651000         0.2500000000         0.4930191391         1.4978038748       -21.9634226850
        2.8650041000         0.2500000000         0.4879144854         1.4186956736       -22.0963973335
        2.8702029000         0.2500000000         0.4930191391         1.3319318400       -21.9634226850
        2.8750101000         0.2500000000         0.4981237928         1.2553755162       -21.8304480366
        2.8800459000         0.2500000000         0.4853621585         1.1686116826       -22.1628846577
        2.8850083000         0.2500000000         0.5083331002         1.0920553588       -21.5644987397
        2.8901098000         0.2500000000         0.4904668122         1.0001877703       -22.0299100093
        2.8950051000         0.2500000000         0.4930191391         0.9134239367       -21.9634226850
        2.9000180000         0.2500000000         0.4955714659         0.8292119806       -21.8969353608
        2.9050064000         0.2500000000         0.4904668122         0.7450000244       -22.0299100093
        2.9100082000         0.2500000000         0.4879144854         0.6556843134       -22.0963973335
        2.9150042000         0.2500000000         0.4981237928         0.5740242347       -21.8304480366
        2.9200171000         0.2500000000         0.5108854271         0.4872604011       -21.4980114155
        2.9250071000         0.2500000000         0.4802575048         0.3928409351       -22.2958593062
        2.9300081000         0.2500000000         0.5006761196         0.3086289789       -21.7639607124
        2.9350047000         0.2500000000         0.5006761196         0.2244170228       -21.7639607124
        2.9400181000         0.2500000000         0.4879144854         0.1299975568       -22.0963973335
        2.9450046000         0.2500000000         0.5159900808         0.0534412330       -21.3650367670
        2.9500188000         0.2500000000         0.4981237928        -0.0001481936       -21.8304480366
        2.9550062000         0.2500000000         0.4930191391         1.1022628687       -21.9634226850
        2.9600175000         0.2500000000         0.5032284465         5.0066353810       -21.6974733881
        2.9650078000         0.2500000000         0.4904668122         5.0015316260       -22.0299100093
        2.9700082000         0.2500000000         0.5006761196         4.9326309346       -21.7639607124
        2.9750041000         0.2500000000         0.4879144854         4.8331077137       -22.0963973335
        2.9800084000         0.2500000000         0.4828098316         4.7412401252       -22.2293719820
        2.9850055000         0.2500000000         0.5185424076         4.6646838015       -21.2985494428
        2.9900087000         0.2500000000         0.5083331002         4.5753680904       -21.5644987397
        2.9950064000         0.2500000000         0.4904668122         4.4809486244       -22.0299100093
        3.0000084000         0.2500000000         0.5057807733         4.4094960556       -21.6309860639
        3.0050048000         0.2500000000         0.5057807733         4.3176284670       -21.6309860639
        3.0100085000         0.2500000000         0.5057807733         4.2359683883       -21.6309860639
        3.0150084000         0.2500000000         0.5032284465         4.1466526773       -21.6974733881
        3.0200081000         0.2500000000         0.5083331002         4.0726482310       -21.5644987397
        3.0250061000         0.2500000000         0.4879144854         3.9807806424       -22.0963973335
        3.0300105000         0.2500000000         0.5236470613         3.9042243187       -21.1655747943
        3.0350050000         0.2500000000         0.5134377539         3.8225642400       -21.4315240912
        3.0400081000         0.2500000000         0.5134377539         3.7383522838       -21.4315240912
        3.0450046000         0.2500000000         0.5032284465         3.6490365728       -21.6974733881
        3.0500082000         0.2500000000         0.4981237928         3.5597208617       -21.8304480366
        3.0550067000         0.2500000000         0.4981237928         3.4780607830       -21.8304480366
        3.0600085000         0.2500000000         0.5083331002         3.4040563367       -21.5644987397
        3.0650043000         0.2500000000         0.5185424076         3.3223962580       -21.2985494428
        3.0700082000         0.2500000000         0.4853621585         3.2330805470       -22.1628846577
        3.0750061000         0.2500000000         0.4981237928         3.1514204683       -21.8304480366
        3.0800082000         0.2500000000         0.4904668122         3.0672085121       -22.0299100093
        3.0850082000         0.2500000000         0.5006761196         2.9778928011       -21.7639607124
        3.0900085000         0.2500000000         0.5006761196         2.8987845998       -21.7639607124
        3.0950063000         0.2500000000         0.4879144854         2.8120207662       -22.0963973335
        3.1000086000         0.2500000000         0.4981237928         2.7303606875       -21.8304480366
        3.1050058000         0.2500000000         0.5057807733         2.6512524863       -21.6309860639
        3.1100082000         0.2500000000         0.4930191391         2.5619367752       -21.9634226850
        3.1150049000         0.2500000000         0.4981237928         2.4879323289       -21.8304480366
        3.1200084000         0.2500000000         0.4904668122         2.3909609855       -22.0299100093
        3.1250043000         0.2500000000         0.4981237928         2.3118527843       -21.8304480366
        3.1300080000         0.2500000000         0.5032284465         2.2276408281       -21.6974733881
        3.1350049000         0.2500000000         0.4879144854         2.1357732396       -22.0963973335
        3.1400085000         0.2500000000         0.4777051779         2.0515612834       -22.3623466304
        3.1450048000         0.2500000000         0.4981237928         1.9750049597       -21.8304480366
        3.1500086000         0.2500000000         0.4955714659         1.8907930035       -21.8969353608
        3.1550046000         0.2500000000         0.4955714659         1.8065810474       -21.8969353608
        3.1600087000         0.2500000000         0.5006761196         1.7351284785       -21.7639607124
        3.1650062000         0.2500000000         0.4904668122         1.6458127674       -22.0299100093
        3.1700081000         0.2500000000         0.4904668122         1.5616008113       -22.0299100093
        3.1750052000         0.2500000000         0.5083331002         1.4850444875       -21.5644987397
        3.1800043000         0.2500000000         0.4955714659         1.4008325314       -21.8969353608
        3.1850027000         0.2500000000         0.5032284465         1.3064130654       -21.6974733881
        3.1900022000         0.2500000000         0.4904668122         1.2273048642       -22.0299100093
        3.1950046000         0.2500000000         0.5032284465         1.1507485404       -21.6974733881
        3.2000024000         0.2500000000         0.5006761196         1.0665365843       -21.7639607124
        3.2050045000         0.2500000000         0.5006761196         0.9797727506       -21.7639607124
        3.2100039000         0.2500000000         0.4904668122         0.8930089170       -22.0299100093
        3.2150013000         0.2500000000         0.4879144854         0.7960375736       -22.0963973335
        3.2200035000         0.2500000000         0.4930191391         0.7194812498       -21.9634226850
        3.2250020000         0.2500000000         0.4879144854         0.6250617838       -22.0963973335
        3.2300037000         0.2500000000         0.4955714659         0.5459535826       -21.8969353608
        3.2350022000         0.2500000000         0.4879144854         0.4540859941       -22.0963973335
        3.2400025000         0.2500000000         0.4955714659         0.3724259154       -21.8969353608
        3.2450021000         0.2500000000         0.4981237928         0.2856620818       -21.8304480366
        3.2500038000         0.2500000000         0.4955714659         0.2014501257       -21.8969353608
        3.2550031000         0.2500000000         0.4930191391         0.1070306597       -21.9634226850
        3.2600043000         0.2500000000         0.4955714659         0.0228187035       -21.8969353608
        3.2650024000         0.2500000000         0.5134377539         0.0075074388       -21.4315240912
        3.2700042000         0.2500000000         0.4828098316         1.0997109912       -22.2293719820
        3.2750024000         0.2500000000         0.4904668122         5.0066353810       -22.0299100093
        3.2800043000         0.2500000000         0.4879144854         4.9811166064       -22.0963973335
        3.2850021000         0.2500000000         0.5032284465         4.8943527728       -21.6974733881
        3.2900030000         0.2500000000         0.4930191391         4.8101408166       -21.9634226850
        3.2950019000         0.2500000000         0.4879144854         4.7182732281       -22.0963973335
        3.3000075000         0.2500000000         0.5006761196         4.6391650269       -21.7639607124
        3.3050043000         0.2500000000         0.5057807733         4.5472974383       -21.6309860639
        3.3100093000         0.2500000000         0.4981237928         4.4579817273       -21.8304480366
        3.3150038000         0.2500000000         0.4904668122         4.3686660162       -22.0299100093
        3.3200071000         0.2500000000         0.5006761196         4.2870059375       -21.7639607124
        3.3250060000         0.2500000000         0.4981237928         4.2027939814       -21.8304480366
        3.3300048000         0.2500000000         0.5057807733         4.1185820252       -21.6309860639
        3.3350025000         0.2500000000         0.5032284465         4.0292663142       -21.6974733881
        3.3400102000         0.2500000000         0.4853621585         3.9450543580       -22.1628846577
        3.3450077000         0.2500000000         0.5006761196         3.8659461568       -21.7639607124
        3.3500093000         0.2500000000         0.4981237928         3.7817342006       -21.8304480366
        3.3550080000         0.2500000000         0.5032284465         3.7026259994       -21.6974733881
        3.3600065000         0.2500000000         0.5134377539         3.6184140433       -21.4315240912
        3.3650082000         0.2500000000         0.4930191391         3.5290983322       -21.9634226850
        3.3700041000         0.2500000000         0.4930191391         3.4550938859       -21.9634226850
        3.3750036000         0.2500000000         0.4981237928         3.3683300523       -21.8304480366
        3.3800092000         0.2500000000         0.5032284465         3.2815662187       -21.6974733881
        3.3850081000         0.2500000000         0.4955714659         3.1973542625       -21.8969353608
        3.3900083000         0.2500000000         0.4981237928         3.1182460613       -21.8304480366
        3.3950081000         0.2500000000         0.5032284465         3.0365859826       -21.6974733881
        3.4000041000         0.2500000000         0.4930191391         2.9447183941       -21.9634226850
        3.4050081000         0.2500000000         0.4981237928         2.8707139478       -21.8304480366
        3.4100095000         0.2500000000         0.4955714659         2.7890538691       -21.8969353608
        3.4150084000         0.2500000000         0.4853621585         2.6920825256       -22.1628846577
        3.4200054000         0.2500000000         0.4930191391         2.6206299568       -21.9634226850
        3.4250083000         0.2500000000         0.4981237928         2.5389698781       -21.8304480366
        3.4300063000         0.2500000000         0.5006761196         2.4471022896       -21.7639607124
        3.4350140000         0.2500000000         0.4879144854         2.3552347011       -22.0963973335
        3.4400064000         0.2500000000         0.4853621585         2.2761264998       -22.1628846577
        3.4450156000         0.2500000000         0.5006761196         2.1995701761       -21.7639607124
        3.4500105000         0.2500000000         0.4904668122         2.1025988326       -22.0299100093
        3.4550127000         0.2500000000         0.4904668122         2.0234906314       -22.0299100093
        3.4600123000         0.2500000000         0.4879144854         1.9392786752       -22.0963973335
        3.4650085000         0.2500000000         0.4904668122         1.8576185965       -22.0299100093
        3.4700108000         0.2500000000         0.5083331002         1.7810622728       -21.5644987397
        3.4750116000         0.2500000000         0.4751528511         1.6891946843       -22.4288339546
        3.4800095000         0.2500000000         0.4777051779         1.6100864830       -22.3623466304
        3.4850081000         0.2500000000         0.4955714659         1.5233226494       -21.8969353608
        3.4900047000         0.2500000000         0.5057807733         1.4416625707       -21.6309860639
        3.4950084000         0.2500000000         0.4828098316         1.3651062470       -22.2293719820
        3.5000049000         0.2500000000         0.4879144854         1.2681349035       -22.0963973335
        3.5050080000         0.2500000000         0.4904668122         1.1915785797       -22.0299100093
        3.5100083000         0.2500000000         0.4955714659         1.1073666236       -21.8969353608
        3.5150082000         0.2500000000         0.4879144854         1.0257065449       -22.0963973335
        3.5200057000         0.2500000000         0.5108854271         0.9440464662       -21.4980114155
        3.5250088000         0.2500000000         0.4853621585         0.8521788777       -22.1628846577
        3.5300051000         0.2500000000         0.4879144854         0.7705187990       -22.0963973335
        3.5350082000         0.2500000000         0.5083331002         0.6863068429       -21.5644987397
        3.5400089000         0.2500000000         0.4981237928         0.5893354994       -21.8304480366
        3.5450086000         0.2500000000         0.4904668122         0.5153310531       -22.0299100093
        3.5500632000         0.2500000000         0.4879144854         0.4132559548       -22.0963973335
        3.5550049000         0.2500000000         0.4828098316         0.3290439986       -22.2293719820
        3.5600223000         0.2500000000         0.4981237928         0.2397282875       -21.8304480366
        3.5650074000         0.2500000000         0.4981237928         0.1631719638       -21.8304480366
        3.5700086000         0.2500000000         0.4981237928         0.0687524978       -21.8304480366
        3.5750083000         0.2500000000         0.4777051779        -0.0052519485       -22.3623466304
        3.5800084000         0.2500000000         0.5032284465         0.0100593162       -21.6974733881
        3.5850051000         0.2500000000         0.4981237928         4.9989797486       -21.8304480366
        3.5900058000         0.2500000000         0.4879144854         5.0040835035       -22.0963973335
        3.5950082000         0.2500000000         0.5006761196         4.9555978318       -21.7639607124
        3.6000075000         0.2500000000         0.4904668122         4.8535227334       -22.0299100093
        3.6050085000         0.2500000000         0.4981237928         4.7693107773       -21.8304480366
        3.6100097000         0.2500000000         0.4904668122         4.6774431887       -22.0299100093
        3.6150083000         0.2500000000         0.4955714659         4.6034387424       -21.8969353608
        3.6200053000         0.2500000000         0.5006761196         4.5064673990       -21.7639607124
        3.6250084000         0.2500000000         0.5006761196         4.4222554428       -21.7639607124
        3.6300061000         0.2500000000         0.5134377539         4.3354916092       -21.4315240912
        3.6350055000         0.2500000000         0.4930191391         4.2538315306       -21.9634226850
        3.6401661000         0.2500000000         0.4981237928         4.1568601871       -21.8304480366
        3.6450068000         0.2500000000         0.4981237928         4.0777519859       -21.8304480366
        3.6500111000         0.2500000000         0.5083331002         4.0062994170       -21.5644987397
        3.6550123000         0.2500000000         0.4904668122         3.9093280736       -22.0299100093
        3.6600151000         0.2500000000         0.5057807733         3.8429792597       -21.6309860639
        3.6650086000         0.2500000000         0.4981237928         3.7511116711       -21.8304480366
        3.6700153000         0.2500000000         0.5006761196         3.6668997150       -21.7639607124
        3.6750051000         0.2500000000         0.5032284465         3.5877915138       -21.6974733881
        3.6800097000         0.2500000000         0.5057807733         3.5061314351       -21.6309860639
        3.6850071000         0.2500000000         0.4853621585         3.4066082142       -22.1628846577
        3.6900147000         0.2500000000         0.5006761196         3.3326037679       -21.7639607124
        3.6950241000         0.2500000000         0.4955714659         3.2483918117       -21.8969353608
        3.7000121000         0.2500000000         0.4955714659         3.1565242232       -21.8969353608
        3.7050091000         0.2500000000         0.4853621585         3.0774160220       -22.1628846577
        3.7100070000         0.2500000000         0.4879144854         2.9957559433       -22.0963973335
        3.7150105000         0.2500000000         0.4879144854         2.9038883547       -22.0963973335
        3.7200095000         0.2500000000         0.4930191391         2.8247801535       -21.9634226850
        3.7250116000         0.2500000000         0.4904668122         2.7456719523       -22.0299100093
        3.7300141000         0.2500000000         0.5006761196         2.6665637511       -21.7639607124
        3.7350076000         0.2500000000         0.4904668122         2.5849036724       -22.0299100093
        3.7400146000         0.2500000000         0.4930191391         2.4930360838       -21.9634226850
        3.7450077000         0.2500000000         0.5032284465         2.4088241277       -21.6974733881
        3.7500085000         0.2500000000         0.4981237928         2.3246121715       -21.8304480366
        3.7550085000         0.2500000000         0.4802575048         2.2378483379       -22.2958593062
        3.7600112000         0.2500000000         0.4879144854         2.1485326269       -22.0963973335
        3.7650112000         0.2500000000         0.5057807733         2.0796319355       -21.6309860639
        3.7700076000         0.2500000000         0.4828098316         1.9801087146       -22.2293719820
        3.7750088000         0.2500000000         0.4700481974         1.9010005134       -22.5618086031
        3.7800105000         0.2500000000         0.5006761196         1.8244441896       -21.7639607124
        3.7850078000         0.2500000000         0.5006761196         1.7325766011       -21.7639607124
        3.7900082000         0.2500000000         0.4879144854         1.6483646449       -22.0963973335
        3.7950067000         0.2500000000         0.4751528511         1.5794639535       -22.4288339546
        3.8000084000         0.2500000000         0.4981237928         1.4850444875       -21.8304480366
        3.8050069000         0.2500000000         0.5006761196         1.4033844088       -21.7639607124
        3.8100082000         0.2500000000         0.4751528511         1.3166205752       -22.4288339546
        3.8150076000         0.2500000000         0.4904668122         1.2349604965       -22.0299100093
        3.8200097000         0.2500000000         0.5006761196         1.1507485404       -21.7639607124
        3.8250078000         0.2500000000         0.4853621585         1.0665365843       -22.1628846577
        3.8300127000         0.2500000000         0.5057807733         0.9899802605       -21.6309860639
        3.8350076000         0.2500000000         0.4904668122         0.8904570396       -22.0299100093
        3.8400142000         0.2500000000         0.4853621585         0.8113488384       -22.1628846577
        3.8450107000         0.2500000000         0.4828098316         0.7271368822       -22.2293719820
        3.8500083000         0.2500000000         0.4930191391         0.6378211711       -21.9634226850
        3.8550063000         0.2500000000         0.5057807733         0.5536092150       -21.6309860639
        3.8600088000         0.2500000000         0.4930191391         0.4668453814       -21.9634226850
        3.8650068000         0.2500000000         0.4955714659         0.3851853027       -21.8969353608
        3.8700140000         0.2500000000         0.4930191391         0.2933177142       -21.9634226850
        3.8750075000         0.2500000000         0.4904668122         0.2040020031       -22.0299100093
        3.8800148000         0.2500000000         0.5006761196         0.1095825371       -21.7639607124
        3.8850082000         0.2500000000         0.4726005242         0.0202668261       -22.4953212789
        3.8900169000         0.2500000000         0.5006761196         0.0024036839       -21.7639607124
        3.8950090000         0.2500000000         0.4955714659         1.1073666236       -21.8969353608
        3.9000150000         0.2500000000         0.4955714659         5.0015316260       -21.8969353608
        3.9050068000         0.2500000000         0.4802575048         4.9862203613       -22.2958593062
        3.9100157000         0.2500000000         0.5057807733         4.9096640375       -21.6309860639
        3.9150113000         0.2500000000         0.4930191391         4.8152445715       -21.9634226850
        3.9200098000         0.2500000000         0.4955714659         4.7259288605       -21.8969353608
        3.9250076000         0.2500000000         0.5057807733         4.6366131494       -21.6309860639
        3.9300114000         0.2500000000         0.5032284465         4.5524011933       -21.6974733881
        3.9350083000         0.2500000000         0.4904668122         4.4656373597       -22.0299100093
        3.9400162000         0.2500000000         0.5057807733         4.3788735260       -21.6309860639
        3.9450069000         0.2500000000         0.4955714659         4.2895578150       -21.8969353608
        3.9500093000         0.2500000000         0.5083331002         4.2206571236       -21.5644987397
        3.9555368000         0.2500000000         0.4981237928         4.1160301478       -21.8304480366
        3.9600057000         0.2500000000         0.5083331002         4.0369219465       -21.5644987397
        3.9650066000         0.2500000000         0.4930191391         3.9680212551       -21.9634226850
        3.9700085000         0.2500000000         0.5108854271         3.8684980342       -21.4980114155
        3.9750984000         0.2500000000         0.4853621585         3.7817342006       -22.1628846577
        3.9800051000         0.2500000000         0.5032284465         3.7102816318       -21.6974733881
        3.9850042000         0.2500000000         0.4981237928         3.6235177982       -21.8304480366
        3.9900056000         0.2500000000         0.5057807733         3.5444095970       -21.6309860639
        3.9950086000         0.2500000000         0.4955714659         3.4601976408       -21.8969353608
