% Sweep Step 144/200  Vcmd=0.9000V  CCW
% Vg_offset=1.338056V  K_gimbal=26.049690

Time[s]              Vcmd[V]              Vg_raw[V]            Pot[V]               Omega[rad/s]
        0.0004169000         0.9000000000         1.3327346748         0.3366996310        -0.1386260710
        0.0054270000         0.9000000000         1.3429439823         0.3494590183         0.1273232259
        0.0104130000         0.9000000000         1.3429439823         0.3443552634         0.1273232259
        0.0154386000         0.9000000000         1.2357462543         0.3315958761        -2.6651443916
        0.0204662000         0.9000000000         1.0290077789         0.3188364888        -8.0506176540
        0.0254106000         0.9000000000         1.1157868920         0.2933177142        -5.7900486303
        0.0304679000         0.9000000000         1.0060368372         0.2575914298        -8.6490035720
        0.0354154000         0.9000000000         1.0111414909         0.2218651453        -8.5160289236
        0.0404558000         0.9000000000         0.9703042612         0.1912426158        -9.5798261112
        0.0454089000         0.9000000000         0.9754089149         0.1427569441        -9.4468514627
        0.0504206000         0.9000000000         0.9116007435         0.1044787822       -11.1090345684
        0.0554373000         0.9000000000         0.9269147047         0.0662006203       -10.7101106231
        0.0604738000         0.9000000000         0.9116007435         0.0202668261       -11.1090345684
        0.0654064000         0.9000000000         0.8886298018        -0.0001481936       -11.7074204865
        0.0704463000         0.9000000000         0.8758681675         0.0024036839       -12.0398571076
        0.0754332000         0.9000000000         0.8758681675         0.0177149486       -12.0398571076
        0.0804490000         0.9000000000         0.8631065332         1.0997109912       -12.3722937287
        0.0854421000         0.9000000000         0.8605542064         5.0066353810       -12.4387810529
        0.0904826000         0.9000000000         0.8503448990         5.0091872584       -12.7047303499
        0.0954397000         0.9000000000         0.8452402453         4.9887722387       -12.8377049983
        0.1004814000         0.9000000000         0.8452402453         4.9479421994       -12.8377049983
        0.1054391000         0.9000000000         0.8222693035         4.8841452629       -13.4360909164
        0.1105170000         0.9000000000         0.8197169767         4.8254520814       -13.5025782406
        0.1154735000         0.9000000000         0.8120599961         4.7769664097       -13.7020402133
        0.1204080000         0.9000000000         0.8095076693         4.7182732281       -13.7685275375
        0.1254108000         0.9000000000         0.8146123230         4.6748913113       -13.6355528890
        0.1304020000         0.9000000000         0.7967460350         4.6085424974       -14.1009641586
        0.1353766000         0.9000000000         0.8044030155         4.5575049482       -13.9015021859
        0.1404100000         0.9000000000         0.7916413813         4.5013636441       -14.2339388071
        0.1453763000         0.9000000000         0.8018506887         4.4375667076       -13.9679895102
        0.1504053000         0.9000000000         0.7661181127         4.3839772810       -14.8988120493
        0.1555979000         0.9000000000         0.7992983618         4.3329397318       -14.0344768344
        0.1604137000         0.9000000000         0.7610134590         4.2691427953       -15.0317866978
        0.1654040000         0.9000000000         0.7865367276         4.2155533687       -14.3669134555
        0.1704592000         0.9000000000         0.7661181127         4.1645158195       -14.8988120493
        0.1754654000         0.9000000000         0.7839844007         4.1058226379       -14.4334007798
        0.1804458000         0.9000000000         0.7508041516         4.0394738240       -15.2977359947
        0.1854468000         0.9000000000         0.7814320738         3.9960919072       -14.4998881040
        0.1904475000         0.9000000000         0.7533564784         3.9297430933       -15.2312486705
        0.1954026000         0.9000000000         0.7763274201         3.8761536666       -14.6328627524
        0.2004360000         0.9000000000         0.7431471710         3.8098048527       -15.4971979674
        0.2053764000         0.9000000000         0.7661181127         3.7613191810       -14.8988120493
        0.2104348000         0.9000000000         0.7508041516         3.6975222445       -15.2977359947
        0.2154904000         0.9000000000         0.7533564784         3.6337253080       -15.2312486705
        0.2205387000         0.9000000000         0.7533564784         3.5826877588       -15.2312486705
        0.2255508000         0.9000000000         0.7610134590         3.5290983322       -15.0317866978
        0.2304564000         0.9000000000         0.7482518247         3.4653013957       -15.3642233189
        0.2355968000         0.9000000000         0.7533564784         3.4040563367       -15.2312486705
        0.2406177000         0.9000000000         0.7456994979         3.3428112777       -15.4307106432
        0.2455878000         0.9000000000         0.7533564784         3.2968774834       -15.2312486705
        0.2504444000         0.9000000000         0.7559088053         3.2381843019       -15.1647613462
        0.2554365000         0.9000000000         0.7431471710         3.1641798556       -15.4971979674
        0.2604050000         0.9000000000         0.7533564784         3.1182460613       -15.2312486705
        0.2654028000         0.9000000000         0.7482518247         3.0570010023       -15.3642233189
        0.2704144000         0.9000000000         0.7405948441         2.9932040658       -15.5636852916
        0.2754505000         0.9000000000         0.7252808830         2.9345108842       -15.9626092370
        0.2804779000         0.9000000000         0.7431471710         2.8783695801       -15.4971979674
        0.2854810000         0.9000000000         0.7329378636         2.8145726437       -15.7631472643
        0.2904049000         0.9000000000         0.7380425173         2.7533275847       -15.6301726158
        0.2954808000         0.9000000000         0.7252808830         2.6920825256       -15.9626092370
        0.3004963000         0.9000000000         0.7329378636         2.6333893441       -15.7631472643
        0.3054050000         0.9000000000         0.7074145950         2.5670405302       -16.4280205066
        0.3104074000         0.9000000000         0.7405948441         2.5160029810       -15.5636852916
        0.3154059000         0.9000000000         0.7278332099         2.4496541670       -15.8961219127
        0.3204036000         0.9000000000         0.7150715756         2.3833053531       -16.2285585339
        0.3254332000         0.9000000000         0.7329378636         2.3271640490       -15.7631472643
        0.3304046000         0.9000000000         0.7074145950         2.2684708674       -16.4280205066
        0.3354074000         0.9000000000         0.7252808830         2.2097776859       -15.9626092370
        0.3404777000         0.9000000000         0.7048622681         2.1357732396       -16.4945078308
        0.3454935000         0.9000000000         0.7252808830         2.0821838129       -15.9626092370
        0.3504054000         0.9000000000         0.7074145950         2.0183868765       -16.4280205066
        0.3554529000         0.9000000000         0.7329378636         1.9647974498       -15.7631472643
        0.3604087000         0.9000000000         0.7099669219         1.8933448810       -16.3615331823
        0.3654375000         0.9000000000         0.7099669219         1.8269960670       -16.3615331823
        0.3704086000         0.9000000000         0.7023099413         1.7734066404       -16.5609951550
        0.3755019000         0.9000000000         0.7201762293         1.7121615814       -16.0955838854
        0.3804098000         0.9000000000         0.7125192487         1.6534683998       -16.2950458581
        0.3854026000         0.9000000000         0.7227285561         1.5922233408       -16.0290965612
        0.3904070000         0.9000000000         0.7074145950         1.5309782818       -16.4280205066
        0.3954358000         0.9000000000         0.7125192487         1.4620775904       -16.2950458581
        0.4004070000         0.9000000000         0.7023099413         1.3982806539       -16.5609951550
        0.4054457000         0.9000000000         0.7176239024         1.3472431047       -16.1620712096
        0.4104080000         0.9000000000         0.7023099413         1.2706867810       -16.5609951550
        0.4154132000         0.9000000000         0.7150715756         1.2094417220       -16.2285585339
        0.4204087000         0.9000000000         0.7099669219         1.1533004179       -16.3615331823
        0.4254110000         0.9000000000         0.7099669219         1.0869516039       -16.3615331823
        0.4304062000         0.9000000000         0.7074145950         1.0206027900       -16.4280205066
        0.4354077000         0.9000000000         0.7048622681         0.9568058535       -16.4945078308
        0.4404010000         0.9000000000         0.7048622681         0.8930089170       -16.4945078308
        0.4454069000         0.9000000000         0.6997576144         0.8241082257       -16.6274824792
        0.4504057000         0.9000000000         0.7074145950         0.7654150441       -16.4280205066
        0.4554380000         0.9000000000         0.7023099413         0.6990662302       -16.5609951550
        0.4604011000         0.9000000000         0.7074145950         0.6352692937       -16.4280205066
        0.4654259000         0.9000000000         0.7048622681         0.5765761121       -16.4945078308
        0.4704363000         0.9000000000         0.7048622681         0.5051235433       -16.4945078308
        0.4754029000         0.9000000000         0.7074145950         0.4489822392       -16.4280205066
        0.4804490000         0.9000000000         0.7099669219         0.3749777929       -16.3615331823
        0.4856757000         0.9000000000         0.6972052876         0.3137327338       -16.6939698035
        0.4904533000         0.9000000000         0.7048622681         0.2422801650       -16.4945078308
        0.4954170000         0.9000000000         0.7048622681         0.1733794736       -16.4945078308
        0.5004394000         0.9000000000         0.6946529607         0.1044787822       -16.7604571277
        0.5055114000         0.9000000000         0.6997576144         0.0381299683       -16.6274824792
        0.5104434000         0.9000000000         0.7125192487         0.0024036839       -16.2950458581
        0.5155418000         0.9000000000         0.6895483070         0.0024036839       -16.8934317761
        0.5204401000         0.9000000000         0.7176239024         1.1099185011       -16.1620712096
        0.5254096000         0.9000000000         0.7023099413         5.0091872584       -16.5609951550
        0.5304410000         0.9000000000         0.7252808830         5.0091872584       -15.9626092370
        0.5354569000         0.9000000000         0.6997576144         4.9632534642       -16.6274824792
        0.5404523000         0.9000000000         0.7125192487         4.8943527728       -16.2950458581
        0.5454589000         0.9000000000         0.7074145950         4.8331077137       -16.4280205066
        0.5505754000         0.9000000000         0.7150715756         4.7693107773       -16.2285585339
        0.5556263000         0.9000000000         0.6946529607         4.6902025760       -16.7604571277
        0.5604524000         0.9000000000         0.7150715756         4.6289575170       -16.2285585339
        0.5655409000         0.9000000000         0.7048622681         4.5702643355       -16.4945078308
        0.5704465000         0.9000000000         0.7074145950         4.4962598892       -16.4280205066
        0.5754564000         0.9000000000         0.7074145950         4.4273591978       -16.4280205066
        0.5804114000         0.9000000000         0.7099669219         4.3788735260       -16.3615331823
        0.5854042000         0.9000000000         0.7201762293         4.3099728347       -16.0955838854
        0.5904096000         0.9000000000         0.7125192487         4.2461758982       -16.2950458581
        0.5954412000         0.9000000000         0.7074145950         4.1772752068       -16.4280205066
        0.6005125000         0.9000000000         0.6972052876         4.1083745154       -16.6939698035
        0.6054993000         0.9000000000         0.6997576144         4.0471294564       -16.6274824792
        0.6104043000         0.9000000000         0.6921006339         3.9833325199       -16.8269444519
        0.6154487000         0.9000000000         0.7099669219         3.9271912158       -16.3615331823
        0.6205049000         0.9000000000         0.7125192487         3.8710499117       -16.2950458581
        0.6254553000         0.9000000000         0.6921006339         3.7944935879       -16.8269444519
        0.6304530000         0.9000000000         0.7125192487         3.7383522838       -16.2950458581
        0.6356149000         0.9000000000         0.6793389996         3.6694515924       -17.1593810730
        0.6404060000         0.9000000000         0.7252808830         3.6082065334       -15.9626092370
        0.6454006000         0.9000000000         0.6997576144         3.5469614744       -16.6274824792
        0.6504052000         0.9000000000         0.7176239024         3.4882682929       -16.1620712096
        0.6554005000         0.9000000000         0.6921006339         3.4193676015       -16.8269444519
        0.6605701000         0.9000000000         0.7227285561         3.3581225424       -16.0290965612
        0.6655501000         0.9000000000         0.6869959802         3.2917737285       -16.9599191004
        0.6705117000         0.9000000000         0.7176239024         3.2305286695       -16.1620712096
        0.6755531000         0.9000000000         0.6869959802         3.1616279781       -16.9599191004
        0.6805906000         0.9000000000         0.7099669219         3.0978310416       -16.3615331823
        0.6856414000         0.9000000000         0.7099669219         3.0442416150       -16.3615331823
        0.6904616000         0.9000000000         0.6844436533         2.9702371687       -17.0264064246
        0.6968850000         0.9000000000         0.7150715756         2.9191996195       -16.2285585339
        0.7006198000         0.9000000000         0.6997576144         2.8579545605       -16.6274824792
        0.7055913000         0.9000000000         0.7023099413         2.7890538691       -16.5609951550
        0.7104604000         0.9000000000         0.6946529607         2.7252569326       -16.7604571277
        0.7155015000         0.9000000000         0.7125192487         2.6614599961       -16.2950458581
        0.7205595000         0.9000000000         0.6844436533         2.6002149371       -17.0264064246
        0.7255160000         0.9000000000         0.7150715756         2.5415217556       -16.2285585339
        0.7305614000         0.9000000000         0.6946529607         2.4828285740       -16.7604571277
        0.7355207000         0.9000000000         0.6997576144         2.4139278826       -16.6274824792
        0.7405989000         0.9000000000         0.7099669219         2.3475790687       -16.3615331823
        0.7454012000         0.9000000000         0.7023099413         2.2939896420       -16.5609951550
        0.7504827000         0.9000000000         0.6997576144         2.2250889506       -16.6274824792
        0.7554444000         0.9000000000         0.7023099413         2.1663957691       -16.5609951550
        0.7604642000         0.9000000000         0.7023099413         2.0949432002       -16.5609951550
        0.7654506000         0.9000000000         0.6946529607         2.0388018961       -16.7604571277
        0.7704159000         0.9000000000         0.7176239024         1.9750049597       -16.1620712096
        0.7754516000         0.9000000000         0.7023099413         1.9035523908       -16.5609951550
        0.7804459000         0.9000000000         0.6997576144         1.8448592093       -16.6274824792
        0.7854468000         0.9000000000         0.6997576144         1.7810622728       -16.6274824792
        0.7904459000         0.9000000000         0.7099669219         1.7172653363       -16.3615331823
        0.7954537000         0.9000000000         0.7023099413         1.6636759097       -16.5609951550
        0.8005301000         0.9000000000         0.7150715756         1.5947752183       -16.2285585339
        0.8054642000         0.9000000000         0.7048622681         1.5309782818       -16.4945078308
        0.8104050000         0.9000000000         0.7023099413         1.4671813453       -16.5609951550
        0.8155320000         0.9000000000         0.7023099413         1.3957287765       -16.5609951550
        0.8204046000         0.9000000000         0.6972052876         1.3370355949       -16.6939698035
        0.8254006000         0.9000000000         0.7023099413         1.2783424134       -16.5609951550
        0.8305114000         0.9000000000         0.7099669219         1.2170973543       -16.3615331823
        0.8355214000         0.9000000000         0.7074145950         1.1584041728       -16.4280205066
        0.8405141000         0.9000000000         0.7099669219         1.0895034814       -16.3615331823
        0.8454935000         0.9000000000         0.7074145950         1.0333621773       -16.4280205066
        0.8505136000         0.9000000000         0.7048622681         0.9568058535       -16.4945078308
        0.8554794000         0.9000000000         0.7023099413         0.9006645494       -16.5609951550
        0.8605978000         0.9000000000         0.6921006339         0.8266601031       -16.8269444519
        0.8655053000         0.9000000000         0.7099669219         0.7705187990       -16.3615331823
        0.8706093000         0.9000000000         0.7099669219         0.7067218625       -16.3615331823
        0.8755065000         0.9000000000         0.7099669219         0.6378211711       -16.3615331823
        0.8809088000         0.9000000000         0.6895483070         0.5663686023       -16.8934317761
        0.8855274000         0.9000000000         0.6997576144         0.5025716658       -16.6274824792
        0.8906411000         0.9000000000         0.7074145950         0.4387747293       -16.4280205066
        0.8955026000         0.9000000000         0.7099669219         0.3800815478       -16.3615331823
        0.9004493000         0.9000000000         0.7099669219         0.3162846113       -16.3615331823
        0.9055236000         0.9000000000         0.7150715756         0.2550395523       -16.2285585339
        0.9106777000         0.9000000000         0.7074145950         0.1886907384       -16.4280205066
        0.9155002000         0.9000000000         0.7125192487         0.1223419244       -16.2950458581
        0.9205753000         0.9000000000         0.7048622681         0.0508893556       -16.4945078308
        0.9254756000         0.9000000000         0.7099669219        -0.0001481936       -16.3615331823
        0.9306922000         0.9000000000         0.6972052876         0.0024036839       -16.6939698035
        0.9356059000         0.9000000000         0.7125192487         1.1175741334       -16.2950458581
        0.9408423000         0.9000000000         0.6972052876         5.0040835035       -16.6939698035
        0.9455864000         0.9000000000         0.7252808830         5.0117391359       -15.9626092370
        0.9506536000         0.9000000000         0.6921006339         4.9683572191       -16.8269444519
        0.9556654000         0.9000000000         0.7125192487         4.9045602826       -16.2950458581
        0.9604530000         0.9000000000         0.7150715756         4.8458671010       -16.2285585339
        0.9656721000         0.9000000000         0.6997576144         4.7718626547       -16.6274824792
        0.9705322000         0.9000000000         0.6921006339         4.7029619633       -16.8269444519
        0.9755404000         0.9000000000         0.7048622681         4.6340612719       -16.4945078308
        0.9805912000         0.9000000000         0.7099669219         4.5753680904       -16.3615331823
        0.9854453000         0.9000000000         0.7099669219         4.5166749088       -16.3615331823
        0.9905485000         0.9000000000         0.7099669219         4.4452223400       -16.3615331823
        0.9954072000         0.9000000000         0.6844436533         4.3737697711       -17.0264064246
        1.0004107000         0.9000000000         0.7099669219         4.3125247121       -16.3615331823
        1.0054405000         0.9000000000         0.6921006339         4.2487277756       -16.8269444519
        1.0104057000         0.9000000000         0.7150715756         4.1849308392       -16.2285585339
        1.0155019000         0.9000000000         0.6895483070         4.1134782703       -16.8934317761
        1.0204462000         0.9000000000         0.7176239024         4.0649925986       -16.1620712096
        1.0254596000         0.9000000000         0.6946529607         3.9960919072       -16.7604571277
        1.0304390000         0.9000000000         0.7074145950         3.9220874609       -16.4280205066
        1.0354125000         0.9000000000         0.7023099413         3.8736017892       -16.5609951550
        1.0404461000         0.9000000000         0.6946529607         3.7970454654       -16.7604571277
        1.0454380000         0.9000000000         0.7048622681         3.7332485289       -16.4945078308
        1.0504100000         0.9000000000         0.6844436533         3.6796591023       -17.0264064246
        1.0554832000         0.9000000000         0.7125192487         3.6107584109       -16.2950458581
        1.0604054000         0.9000000000         0.7074145950         3.5546171068       -16.4280205066
        1.0654071000         0.9000000000         0.7074145950         3.4857164154       -16.4280205066
        1.0704072000         0.9000000000         0.6921006339         3.4193676015       -16.8269444519
        1.0755101000         0.9000000000         0.7150715756         3.3555706650       -16.2285585339
        1.0804035000         0.9000000000         0.6844436533         3.2943256060       -17.0264064246
        1.0854436000         0.9000000000         0.6997576144         3.2305286695       -16.6274824792
        1.0904078000         0.9000000000         0.7023099413         3.1718354879       -16.5609951550
        1.0955437000         0.9000000000         0.6972052876         3.1029347965       -16.6939698035
        1.1004100000         0.9000000000         0.6946529607         3.0365859826       -16.7604571277
        1.1054924000         0.9000000000         0.6921006339         2.9676852912       -16.8269444519
        1.1105460000         0.9000000000         0.6972052876         2.9115439871       -16.6939698035
        1.1156033000         0.9000000000         0.6793389996         2.8502989281       -17.1593810730
        1.1205543000         0.9000000000         0.7023099413         2.7813982367       -16.5609951550
        1.1254606000         0.9000000000         0.6716820190         2.7176013002       -17.3588430457
        1.1304469000         0.9000000000         0.7125192487         2.6614599961       -16.2950458581
        1.1354454000         0.9000000000         0.6946529607         2.5951111822       -16.7604571277
        1.1405808000         0.9000000000         0.6946529607         2.5236586133       -16.7604571277
        1.1454973000         0.9000000000         0.6767866727         2.4624135543       -17.2258683973
        1.1505055000         0.9000000000         0.6972052876         2.3986166179       -16.6939698035
        1.1554452000         0.9000000000         0.6972052876         2.3399234363       -16.6939698035
        1.1605747000         0.9000000000         0.6869959802         2.2633671125       -16.9599191004
        1.1655778000         0.9000000000         0.6946529607         2.1995701761       -16.7604571277
        1.1704423000         0.9000000000         0.6921006339         2.1485326269       -16.8269444519
        1.1754990000         0.9000000000         0.6972052876         2.0770800580       -16.6939698035
        1.1804618000         0.9000000000         0.6793389996         2.0056274892       -17.1593810730
        1.1855656000         0.9000000000         0.7099669219         1.9571418174       -16.3615331823
        1.1904542000         0.9000000000         0.6946529607         1.8933448810       -16.7604571277
        1.1954412000         0.9000000000         0.6921006339         1.8193404347       -16.8269444519
        1.2005841000         0.9000000000         0.6869959802         1.7606472531       -16.9599191004
        1.2055673000         0.9000000000         0.6972052876         1.7045059490       -16.6939698035
        1.2104885000         0.9000000000         0.6895483070         1.6279496252       -16.8934317761
        1.2155042000         0.9000000000         0.6895483070         1.5692564437       -16.8934317761
        1.2204416000         0.9000000000         0.6869959802         1.5029076297       -16.9599191004
        1.2255567000         0.9000000000         0.6895483070         1.4416625707       -16.8934317761
        1.2304496000         0.9000000000         0.6716820190         1.3702100019       -17.3588430457
        1.2355405000         0.9000000000         0.6895483070         1.3115168203       -16.8934317761
        1.2404825000         0.9000000000         0.6946529607         1.2451680064       -16.7604571277
        1.2459145000         0.9000000000         0.6869959802         1.1686116826       -16.9599191004
        1.2504960000         0.9000000000         0.6972052876         1.1175741334       -16.6939698035
        1.2555243000         0.9000000000         0.7023099413         1.0588809519       -16.5609951550
        1.2604072000         0.9000000000         0.6946529607         0.9925321379       -16.7604571277
        1.2654025000         0.9000000000         0.6818913264         0.9159758142       -17.0928937488
        1.2704850000         0.9000000000         0.6972052876         0.8572826326       -16.6939698035
        1.2754770000         0.9000000000         0.6793389996         0.7858300638       -17.1593810730
        1.2804233000         0.9000000000         0.7048622681         0.7271368822       -16.4945078308
        1.2855405000         0.9000000000         0.6972052876         0.6684437007       -16.6939698035
        1.2904810000         0.9000000000         0.6921006339         0.5918873769       -16.8269444519
        1.2954464000         0.9000000000         0.6921006339         0.5306423179       -16.8269444519
        1.3004090000         0.9000000000         0.7099669219         0.4693972588       -16.3615331823
        1.3054459000         0.9000000000         0.6921006339         0.4004965675       -16.8269444519
        1.3104054000         0.9000000000         0.7023099413         0.3315958761       -16.5609951550
        1.3154078000         0.9000000000         0.6921006339         0.2729026945       -16.8269444519
        1.3204450000         0.9000000000         0.7048622681         0.2014501257       -16.4945078308
        1.3254485000         0.9000000000         0.6844436533         0.1248938019       -17.0264064246
        1.3305336000         0.9000000000         0.6869959802         0.0636487429       -16.9599191004
        1.3354446000         0.9000000000         0.7150715756         0.0075074388       -16.2285585339
        1.3404806000         0.9000000000         0.6793389996        -0.0052519485       -17.1593810730
        1.3454939000         0.9000000000         0.7074145950         1.0997109912       -16.4280205066
        1.3504838000         0.9000000000         0.6818913264         4.9989797486       -17.0928937488
        1.3554022000         0.9000000000         0.7099669219         5.0040835035       -16.3615331823
        1.3606669000         0.9000000000         0.6921006339         4.9785647289       -16.8269444519
        1.3653764000         0.9000000000         0.7074145950         4.9071121601       -16.4280205066
        1.3704458000         0.9000000000         0.7023099413         4.8407633461       -16.5609951550
        1.3754173000         0.9000000000         0.6946529607         4.7693107773       -16.7604571277
        1.3804066000         0.9000000000         0.6921006339         4.7106175957       -16.8269444519
        1.3854485000         0.9000000000         0.7048622681         4.6468206592       -16.4945078308
        1.3904051000         0.9000000000         0.7074145950         4.5804718453       -16.4280205066
        1.3954487000         0.9000000000         0.6921006339         4.5141230314       -16.8269444519
        1.4004110000         0.9000000000         0.7099669219         4.4401185851       -16.3615331823
        1.4054450000         0.9000000000         0.6972052876         4.3737697711       -16.6939698035
        1.4104206000         0.9000000000         0.6921006339         4.3048690797       -16.8269444519
        1.4154571000         0.9000000000         0.6997576144         4.2436240207       -16.6274824792
        1.4208299000         0.9000000000         0.6895483070         4.1823789617       -16.8934317761
        1.4255748000         0.9000000000         0.7099669219         4.1211339027       -16.3615331823
        1.4305843000         0.9000000000         0.7099669219         4.0573369662       -16.3615331823
        1.4355811000         0.9000000000         0.7099669219         3.9960919072       -16.3615331823
        1.4405756000         0.9000000000         0.6972052876         3.9297430933       -16.6939698035
        1.4455696000         0.9000000000         0.6946529607         3.8582905244       -16.7604571277
        1.4505854000         0.9000000000         0.7023099413         3.7995973429       -16.5609951550
        1.4555787000         0.9000000000         0.6895483070         3.7306966515       -16.8934317761
        1.4606030000         0.9000000000         0.6793389996         3.6617959601       -17.1593810730
        1.4656246000         0.9000000000         0.7099669219         3.5979990236       -16.3615331823
        1.4704061000         0.9000000000         0.6844436533         3.5342020871       -17.0264064246
        1.4754023000         0.9000000000         0.6921006339         3.4755089056       -16.8269444519
        1.4804425000         0.9000000000         0.6793389996         3.4040563367       -17.1593810730
        1.4854971000         0.9000000000         0.6997576144         3.3479150326       -16.6274824792
        1.4904148000         0.9000000000         0.6844436533         3.2841180961       -17.0264064246
        1.4954407000         0.9000000000         0.6895483070         3.2152174047       -16.8934317761
        1.5004652000         0.9000000000         0.6869959802         3.1565242232       -16.9599191004
        1.5054027000         0.9000000000         0.6793389996         3.0850716543       -17.1593810730
        1.5104386000         0.9000000000         0.6921006339         3.0289303502       -16.8269444519
        1.5154431000         0.9000000000         0.6844436533         2.9625815363       -17.0264064246
        1.5204363000         0.9000000000         0.7125192487         2.9064402322       -16.2950458581
        1.5254170000         0.9000000000         0.6614727116         2.8273320310       -17.6247923426
        1.5304037000         0.9000000000         0.7048622681         2.7711907269       -16.4945078308
        1.5354084000         0.9000000000         0.6818913264         2.7099456679       -17.0928937488
        1.5404056000         0.9000000000         0.7023099413         2.6435968539       -16.5609951550
        1.5454689000         0.9000000000         0.6997576144         2.5823517949       -16.6274824792
        1.5504019000         0.9000000000         0.6921006339         2.5134511035       -16.8269444519
        1.5554564000         0.9000000000         0.6946529607         2.4471022896       -16.7604571277
        1.5604357000         0.9000000000         0.6895483070         2.3909609855       -16.8934317761
        1.5654548000         0.9000000000         0.6997576144         2.3246121715       -16.6274824792
        1.5704083000         0.9000000000         0.6818913264         2.2582633576       -17.0928937488
        1.5754180000         0.9000000000         0.7074145950         2.1944664211       -16.4280205066
        1.5805797000         0.9000000000         0.6844436533         2.1332213621       -17.0264064246
        1.5854366000         0.9000000000         0.7099669219         2.0643206707       -16.3615331823
        1.5903759000         0.9000000000         0.6818913264         2.0056274892       -17.0928937488
        1.5955170000         0.9000000000         0.6972052876         1.9341749203       -16.6939698035
        1.6004889000         0.9000000000         0.6793389996         1.8729298613       -17.1593810730
        1.6054113000         0.9000000000         0.7074145950         1.8116848023       -16.4280205066
        1.6104117000         0.9000000000         0.6895483070         1.7427841109       -16.8934317761
        1.6154365000         0.9000000000         0.6869959802         1.6789871744       -16.9599191004
        1.6205554000         0.9000000000         0.6793389996         1.6100864830       -17.1593810730
        1.6255994000         0.9000000000         0.6972052876         1.5539451789       -16.6939698035
        1.6306018000         0.9000000000         0.7023099413         1.4952519974       -16.5609951550
        1.6354789000         0.9000000000         0.6921006339         1.4186956736       -16.8269444519
        1.6404761000         0.9000000000         0.6997576144         1.3600024920       -16.6274824792
        1.6455057000         0.9000000000         0.6844436533         1.2987574330       -17.0264064246
        1.6505700000         0.9000000000         0.6972052876         1.2273048642       -16.6939698035
        1.6555330000         0.9000000000         0.6869959802         1.1635079277       -16.9599191004
        1.6604432000         0.9000000000         0.7023099413         1.1099185011       -16.5609951550
        1.6654374000         0.9000000000         0.6921006339         1.0384659322       -16.8269444519
        1.6704468000         0.9000000000         0.6946529607         0.9746689957       -16.7604571277
        1.6755003000         0.9000000000         0.7099669219         0.9185276916       -16.3615331823
        1.6804492000         0.9000000000         0.6895483070         0.8394194904       -16.8934317761
        1.6855836000         0.9000000000         0.6972052876         0.7756225539       -16.6939698035
        1.6905776000         0.9000000000         0.7023099413         0.7118256175       -16.5609951550
        1.6955179000         0.9000000000         0.6972052876         0.6454768035       -16.6939698035
        1.7004783000         0.9000000000         0.7074145950         0.5842317445       -16.4280205066
        1.7054470000         0.9000000000         0.6997576144         0.5229866855       -16.6274824792
        1.7104374000         0.9000000000         0.6972052876         0.4566378716       -16.6939698035
        1.7154487000         0.9000000000         0.7099669219         0.3979446900       -16.3615331823
        1.7204746000         0.9000000000         0.7099669219         0.3315958761       -16.3615331823
        1.7254513000         0.9000000000         0.6997576144         0.2550395523       -16.6274824792
        1.7304381000         0.9000000000         0.7074145950         0.1886907384       -16.4280205066
        1.7354809000         0.9000000000         0.7023099413         0.1299975568       -16.5609951550
        1.7404401000         0.9000000000         0.6946529607         0.0585449879       -16.7604571277
        1.7454654000         0.9000000000         0.7023099413        -0.0052519485       -16.5609951550
        1.7504470000         0.9000000000         0.6844436533        -0.0052519485       -17.0264064246
        1.7554746000         0.9000000000         0.7201762293         1.1099185011       -16.0955838854
        1.7605497000         0.9000000000         0.7074145950         5.0117391359       -16.4280205066
        1.7654696000         0.9000000000         0.7201762293         5.0117391359       -16.0955838854
        1.7704504000         0.9000000000         0.6921006339         4.9760128515       -16.8269444519
        1.7754071000         0.9000000000         0.7048622681         4.9071121601       -16.4945078308
        1.7804196000         0.9000000000         0.7048622681         4.8535227334       -16.4945078308
        1.7854096000         0.9000000000         0.7099669219         4.7846220420       -16.3615331823
        1.7904110000         0.9000000000         0.7074145950         4.7182732281       -16.4280205066
        1.7955203000         0.9000000000         0.7176239024         4.6519244142       -16.1620712096
        1.8004738000         0.9000000000         0.6946529607         4.5779199678       -16.7604571277
        1.8054077000         0.9000000000         0.6997576144         4.5064673990       -16.6274824792
        1.8104100000         0.9000000000         0.7048622681         4.4477742174       -16.4945078308
        1.8154824000         0.9000000000         0.7023099413         4.3814254035       -16.5609951550
        1.8204454000         0.9000000000         0.7125192487         4.3176284670       -16.2950458581
        1.8254751000         0.9000000000         0.6972052876         4.2563834080       -16.6939698035
        1.8304107000         0.9000000000         0.6972052876         4.1874827166       -16.6939698035
        1.8354509000         0.9000000000         0.6997576144         4.1211339027       -16.6274824792
        1.8404829000         0.9000000000         0.6972052876         4.0573369662       -16.6939698035
        1.8454128000         0.9000000000         0.6997576144         3.9960919072       -16.6274824792
        1.8504084000         0.9000000000         0.7125192487         3.9425024806       -16.2950458581
        1.8555297000         0.9000000000         0.6946529607         3.8710499117       -16.7604571277
        1.8605016000         0.9000000000         0.6997576144         3.8098048527       -16.6274824792
        1.8654402000         0.9000000000         0.6895483070         3.7358004064       -16.8934317761
        1.8704107000         0.9000000000         0.6869959802         3.6796591023       -16.9599191004
        1.8754895000         0.9000000000         0.7023099413         3.6133102883       -16.5609951550
        1.8804436000         0.9000000000         0.6921006339         3.5469614744       -16.8269444519
        1.8854063000         0.9000000000         0.6921006339         3.4857164154       -16.8269444519
        1.8904099000         0.9000000000         0.6844436533         3.4244713564       -17.0264064246
        1.8954432000         0.9000000000         0.7125192487         3.3632262974       -16.2950458581
        1.9004065000         0.9000000000         0.6818913264         3.2968774834       -17.0928937488
        1.9054077000         0.9000000000         0.7099669219         3.2356324244       -16.3615331823
        1.9104077000         0.9000000000         0.6793389996         3.1565242232       -17.1593810730
        1.9154231000         0.9000000000         0.6895483070         3.0978310416       -16.8934317761
        1.9204108000         0.9000000000         0.6921006339         3.0340341051       -16.8269444519
        1.9254388000         0.9000000000         0.6793389996         2.9651334138       -17.1593810730
        1.9304177000         0.9000000000         0.6895483070         2.8987845998       -16.8934317761
        1.9354405000         0.9000000000         0.6742343459         2.8324357859       -17.2923557215
        1.9404741000         0.9000000000         0.6921006339         2.7737426043       -16.8269444519
        1.9454838000         0.9000000000         0.6818913264         2.7073937904       -17.0928937488
        1.9504836000         0.9000000000         0.6997576144         2.6538043638       -16.6274824792
        1.9554193000         0.9000000000         0.6869959802         2.5900074273       -16.9599191004
        1.9604066000         0.9000000000         0.6997576144         2.5262104908       -16.6274824792
        1.9654136000         0.9000000000         0.6946529607         2.4573097994       -16.7604571277
        1.9703821000         0.9000000000         0.6844436533         2.3935128629       -17.0264064246
        1.9754087000         0.9000000000         0.6869959802         2.3220602941       -16.9599191004
        1.9804100000         0.9000000000         0.6767866727         2.2684708674       -17.2258683973
        1.9854084000         0.9000000000         0.6946529607         2.2021220535       -16.7604571277
        1.9904604000         0.9000000000         0.6793389996         2.1306694847       -17.1593810730
        1.9954154000         0.9000000000         0.6844436533         2.0566650383       -17.0264064246
        2.0004065000         0.9000000000         0.6691296922         1.9954199793       -17.4253303700
        2.0054721000         0.9000000000         0.6921006339         1.9367267978       -16.8269444519
        2.0104092000         0.9000000000         0.6691296922         1.8703779838       -17.4253303700
        2.0154471000         0.9000000000         0.6869959802         1.8065810474       -16.9599191004
        2.0204071000         0.9000000000         0.6921006339         1.7402322334       -16.8269444519
        2.0254364000         0.9000000000         0.6767866727         1.6764352970       -17.2258683973
        2.0304134000         0.9000000000         0.6844436533         1.6151902379       -17.0264064246
        2.0354159000         0.9000000000         0.6742343459         1.5513933015       -17.2923557215
        2.0404070000         0.9000000000         0.6844436533         1.4824926101       -17.0264064246
        2.0454194000         0.9000000000         0.6716820190         1.4186956736       -17.3588430457
        2.0504440000         0.9000000000         0.6869959802         1.3523468597       -16.9599191004
        2.0553819000         0.9000000000         0.6767866727         1.2859980457       -17.2258683973
        2.0604058000         0.9000000000         0.6793389996         1.2170973543       -17.1593810730
        2.0654127000         0.9000000000         0.6742343459         1.1533004179       -17.2923557215
        2.0704071000         0.9000000000         0.6818913264         1.0971591138       -17.0928937488
        2.0754109000         0.9000000000         0.6869959802         1.0257065449       -16.9599191004
        2.0804430000         0.9000000000         0.6844436533         0.9644614859       -17.0264064246
        2.0854108000         0.9000000000         0.6895483070         0.8930089170       -16.8934317761
        2.0904082000         0.9000000000         0.6614727116         0.8190044707       -17.6247923426
        2.0954141000         0.9000000000         0.6921006339         0.7654150441       -16.8269444519
        2.1004072000         0.9000000000         0.6767866727         0.6914105978       -17.2258683973
        2.1054099000         0.9000000000         0.6895483070         0.6250617838       -16.8934317761
        2.1104399000         0.9000000000         0.6844436533         0.5561610925       -17.0264064246
        2.1154077000         0.9000000000         0.6921006339         0.4974679109       -16.8269444519
        2.1204079000         0.9000000000         0.6818913264         0.4234634646       -17.0928937488
        2.1254481000         0.9000000000         0.6921006339         0.3622184056       -16.8269444519
        2.1304478000         0.9000000000         0.6844436533         0.2882139593       -17.0264064246
        2.1354677000         0.9000000000         0.6895483070         0.2193132679       -16.8934317761
        2.1404457000         0.9000000000         0.6844436533         0.1504125765       -17.0264064246
        2.1454447000         0.9000000000         0.6946529607         0.0840637625       -16.7604571277
        2.1504104000         0.9000000000         0.6844436533         0.0151630711       -17.0264064246
        2.1554497000         0.9000000000         0.6869959802        -0.0001481936       -16.9599191004
        2.1604130000         0.9000000000         0.6921006339         0.0049555613       -16.8269444519
        2.1654411000         0.9000000000         0.6869959802         4.9964278711       -16.9599191004
        2.1704134000         0.9000000000         0.7048622681         5.0091872584       -16.4945078308
        2.1754163000         0.9000000000         0.6869959802         4.9862203613       -16.9599191004
        2.1804105000         0.9000000000         0.6997576144         4.9249753023       -16.6274824792
        2.1854425000         0.9000000000         0.6844436533         4.8637302433       -17.0264064246
        2.1904494000         0.9000000000         0.7023099413         4.7948295519       -16.5609951550
        2.1954220000         0.9000000000         0.6844436533         4.7233769830       -17.0264064246
        2.2004102000         0.9000000000         0.6946529607         4.6468206592       -16.7604571277
        2.2054179000         0.9000000000         0.6972052876         4.5957831101       -16.6939698035
        2.2104104000         0.9000000000         0.6869959802         4.5192267863       -16.9599191004
        2.2154417000         0.9000000000         0.6997576144         4.4554298498       -16.6274824792
        2.2205184000         0.9000000000         0.6895483070         4.3839772810       -16.8934317761
        2.2254081000         0.9000000000         0.6921006339         4.3227322219       -16.8269444519
        2.2304096000         0.9000000000         0.6921006339         4.2563834080       -16.8269444519
        2.2354075000         0.9000000000         0.6997576144         4.1925864715       -16.6274824792
        2.2404563000         0.9000000000         0.6895483070         4.1236857801       -16.8934317761
        2.2454398000         0.9000000000         0.6946529607         4.0624407211       -16.7604571277
        2.2504191000         0.9000000000         0.6844436533         3.9986437847       -17.0264064246
        2.2554789000         0.9000000000         0.6946529607         3.9348468482       -16.7604571277
        2.2604076000         0.9000000000         0.6972052876         3.8684980342       -16.6939698035
        2.2654134000         0.9000000000         0.6869959802         3.8047010978       -16.9599191004
        2.2704096000         0.9000000000         0.6844436533         3.7383522838       -17.0264064246
        2.2754107000         0.9000000000         0.6767866727         3.6745553474       -17.2258683973
        2.2804129000         0.9000000000         0.7099669219         3.6133102883       -16.3615331823
        2.2854269000         0.9000000000         0.6869959802         3.5393058420       -16.9599191004
        2.2904110000         0.9000000000         0.7023099413         3.4857164154       -16.5609951550
        2.2954402000         0.9000000000         0.6742343459         3.4142638465       -17.2923557215
        2.3003868000         0.9000000000         0.7074145950         3.3581225424       -16.4280205066
        2.3054547000         0.9000000000         0.6767866727         3.2866699736       -17.2258683973
        2.3104098000         0.9000000000         0.6921006339         3.2203211597       -16.8269444519
        2.3154471000         0.9000000000         0.6767866727         3.1514204683       -17.2258683973
        2.3204157000         0.9000000000         0.6818913264         3.0978310416       -17.0928937488
        2.3254101000         0.9000000000         0.7023099413         3.0263784728       -16.5609951550
        2.3304253000         0.9000000000         0.6665773653         2.9574777814       -17.4918176942
        2.3355052000         0.9000000000         0.6946529607         2.8962327224       -16.7604571277
        2.3404083000         0.9000000000         0.6614727116         2.8298839084       -17.6247923426
        2.3454717000         0.9000000000         0.7099669219         2.7762944818       -16.3615331823
        2.3504161000         0.9000000000         0.6742343459         2.7048419129       -17.2923557215
        2.3554866000         0.9000000000         0.6921006339         2.6435968539       -16.8269444519
        2.3604486000         0.9000000000         0.6665773653         2.5695924076       -17.4918176942
        2.3654116000         0.9000000000         0.6818913264         2.5032435937       -17.0928937488
        2.3704223000         0.9000000000         0.6767866727         2.4419985347       -17.2258683973
        2.3754083000         0.9000000000         0.6818913264         2.3730978433       -17.0928937488
        2.3804077000         0.9000000000         0.6869959802         2.3118527843       -16.9599191004
        2.3854383000         0.9000000000         0.6716820190         2.2455039703       -17.3588430457
        2.3904452000         0.9000000000         0.6997576144         2.1868107888       -16.6274824792
        2.3954059000         0.9000000000         0.6716820190         2.1153582199       -17.3588430457
        2.4004059000         0.9000000000         0.6895483070         2.0490094060       -16.8934317761
        2.4054474000         0.9000000000         0.6767866727         1.9775568371       -17.2258683973
        2.4104095000         0.9000000000         0.6767866727         1.9137599006       -17.2258683973
        2.4154810000         0.9000000000         0.6665773653         1.8499629642       -17.4918176942
        2.4204410000         0.9000000000         0.6767866727         1.7938216601       -17.2258683973
        2.4254114000         0.9000000000         0.6844436533         1.7300247236       -17.0264064246
        2.4304118000         0.9000000000         0.6614727116         1.6560202773       -17.6247923426
        2.4354138000         0.9000000000         0.6895483070         1.5947752183       -16.8934317761
        2.4404090000         0.9000000000         0.6665773653         1.5258745269       -17.4918176942
        2.4454120000         0.9000000000         0.6767866727         1.4671813453       -17.2258683973
        2.4504051000         0.9000000000         0.6869959802         1.4008325314       -16.9599191004
        2.4554056000         0.9000000000         0.6742343459         1.3293799625       -17.2923557215
        2.4604118000         0.9000000000         0.6869959802         1.2681349035       -16.9599191004
        2.4654378000         0.9000000000         0.6972052876         1.2043379670       -16.6939698035
        2.4704438000         0.9000000000         0.6742343459         1.1328853982       -17.2923557215
        2.4754819000         0.9000000000         0.6844436533         1.0716403392       -17.0264064246
        2.4803997000         0.9000000000         0.6869959802         1.0103952802       -16.9599191004
        2.4854481000         0.9000000000         0.6869959802         0.9414945888       -16.9599191004
        2.4904709000         0.9000000000         0.7023099413         0.8828014072       -16.5609951550
        2.4954822000         0.9000000000         0.6844436533         0.8139007158       -17.0264064246
        2.5004901000         0.9000000000         0.6972052876         0.7475519019       -16.6939698035
        2.5055040000         0.9000000000         0.6793389996         0.6760993330       -17.1593810730
        2.5105089000         0.9000000000         0.7023099413         0.6123023966       -16.5609951550
        2.5154886000         0.9000000000         0.6895483070         0.5561610925       -16.8934317761
        2.5204920000         0.9000000000         0.6946529607         0.4745010138       -16.7604571277
        2.5255053000         0.9000000000         0.6767866727         0.4107040773       -17.2258683973
        2.5305040000         0.9000000000         0.7074145950         0.3571146507       -16.4280205066
        2.5354840000         0.9000000000         0.6818913264         0.2831102043       -17.0928937488
        2.5404942000         0.9000000000         0.6997576144         0.2091057580       -16.6274824792
        2.5454932000         0.9000000000         0.6946529607         0.1478606990       -16.7604571277
        2.5504889000         0.9000000000         0.6972052876         0.0840637625       -16.6939698035
        2.5554876000         0.9000000000         0.7099669219         0.0202668261       -16.3615331823
        2.5604944000         0.9000000000         0.6716820190        -0.0052519485       -17.3588430457
        2.5654511000         0.9000000000         0.6921006339         1.0971591138       -16.8269444519
        2.5706469000         0.9000000000         0.6895483070         5.0015316260       -16.8934317761
        2.5755046000         0.9000000000         0.6997576144         5.0066353810       -16.6274824792
        2.5805091000         0.9000000000         0.7074145950         4.9964278711       -16.4280205066
        2.5855987000         0.9000000000         0.6946529607         4.9249753023       -16.7604571277
        2.5905154000         0.9000000000         0.6818913264         4.8484189785       -17.0928937488
        2.5955174000         0.9000000000         0.7074145950         4.7948295519       -16.4280205066
        2.6004765000         0.9000000000         0.6869959802         4.7208251056       -16.9599191004
        2.6054500000         0.9000000000         0.7048622681         4.6595800465       -16.4945078308
        2.6104479000         0.9000000000         0.6946529607         4.5906793551       -16.7604571277
        2.6154535000         0.9000000000         0.6972052876         4.5243305412       -16.6939698035
        2.6204181000         0.9000000000         0.6921006339         4.4503260949       -16.8269444519
        2.6255066000         0.9000000000         0.6869959802         4.3890810359       -16.9599191004
        2.6304455000         0.9000000000         0.6793389996         4.3099728347       -17.1593810730
        2.6355891000         0.9000000000         0.6869959802         4.2461758982       -16.9599191004
        2.6404492000         0.9000000000         0.6946529607         4.1849308392       -16.7604571277
        2.6455187000         0.9000000000         0.6767866727         4.1134782703       -17.2258683973
        2.6504354000         0.9000000000         0.6895483070         4.0624407211       -16.8934317761
        2.6556141000         0.9000000000         0.6818913264         3.9960919072       -17.0928937488
        2.6605154000         0.9000000000         0.7023099413         3.9322949707       -16.5609951550
        2.6654531000         0.9000000000         0.6895483070         3.8633942793       -16.8934317761
        2.6704829000         0.9000000000         0.6921006339         3.8021492203       -16.8269444519
        2.6755568000         0.9000000000         0.6869959802         3.7358004064       -16.9599191004
        2.6804441000         0.9000000000         0.6793389996         3.6694515924       -17.1593810730
        2.6854508000         0.9000000000         0.6921006339         3.6056546560       -16.8269444519
        2.6905071000         0.9000000000         0.6665773653         3.5342020871       -17.4918176942
        2.6955407000         0.9000000000         0.6946529607         3.4755089056       -16.7604571277
        2.7005543000         0.9000000000         0.6793389996         3.4015044592       -17.1593810730
        2.7055573000         0.9000000000         0.6767866727         3.3300518904       -17.2258683973
        2.7104485000         0.9000000000         0.6742343459         3.2713587088       -17.2923557215
        2.7155018000         0.9000000000         0.6716820190         3.1999061400       -17.3588430457
        2.7206192000         0.9000000000         0.6767866727         3.1361092035       -17.2258683973
        2.7254169000         0.9000000000         0.6767866727         3.0748641445       -17.2258683973
        2.7304894000         0.9000000000         0.6767866727         3.0034115756       -17.2258683973
        2.7354126000         0.9000000000         0.6716820190         2.9472702715       -17.3588430457
        2.7404460000         0.9000000000         0.6818913264         2.8758177027       -17.0928937488
        2.7454392000         0.9000000000         0.6767866727         2.8222282761       -17.2258683973
        2.7504617000         0.9000000000         0.6793389996         2.7456719523       -17.1593810730
        2.7554442000         0.9000000000         0.6844436533         2.6844268933       -17.0264064246
        2.7604522000         0.9000000000         0.6818913264         2.6180780793       -17.0928937488
        2.7654200000         0.9000000000         0.6818913264         2.5568330203       -17.0928937488
        2.7704577000         0.9000000000         0.6665773653         2.4853804515       -17.4918176942
        2.7754977000         0.9000000000         0.6818913264         2.4241353924       -17.0928937488
        2.7804482000         0.9000000000         0.6742343459         2.3628903334       -17.2923557215
        2.7855480000         0.9000000000         0.6921006339         2.2990933970       -16.8269444519
        2.7904527000         0.9000000000         0.6844436533         2.2327445830       -17.0264064246
        2.7954638000         0.9000000000         0.6665773653         2.1587401367       -17.4918176942
        2.8005479000         0.9000000000         0.6895483070         2.1000469552       -16.8934317761
        2.8055108000         0.9000000000         0.6716820190         2.0336981412       -17.3588430457
        2.8106258000         0.9000000000         0.6946529607         1.9699012047       -16.7604571277
        2.8155515000         0.9000000000         0.6716820190         1.8958967584       -17.3588430457
        2.8205575000         0.9000000000         0.6844436533         1.8320998220       -17.0264064246
        2.8255546000         0.9000000000         0.6691296922         1.7606472531       -17.4253303700
        2.8304511000         0.9000000000         0.6844436533         1.7019540715       -17.0264064246
        2.8354508000         0.9000000000         0.6793389996         1.6330533802       -17.1593810730
        2.8404517000         0.9000000000         0.6767866727         1.5692564437       -17.2258683973
        2.8454325000         0.9000000000         0.6869959802         1.5054595072       -16.9599191004
        2.8504481000         0.9000000000         0.6818913264         1.4416625707       -17.0928937488
        2.8554520000         0.9000000000         0.6895483070         1.3753137568       -16.8934317761
        2.8604236000         0.9000000000         0.6742343459         1.3166205752       -17.2923557215
        2.8654594000         0.9000000000         0.6997576144         1.2502717613       -16.6274824792
        2.8704215000         0.9000000000         0.6818913264         1.1915785797       -17.0928937488
        2.8755562000         0.9000000000         0.6921006339         1.1175741334       -16.8269444519
        2.8804482000         0.9000000000         0.6767866727         1.0486734420       -17.2258683973
        2.8854598000         0.9000000000         0.6742343459         0.9823246281       -17.2923557215
        2.8904483000         0.9000000000         0.6895483070         0.9210795691       -16.8934317761
        2.8954094000         0.9000000000         0.6997576144         0.8649382650       -16.6274824792
        2.9004562000         0.9000000000         0.6972052876         0.7985894511       -16.6939698035
        2.9054066000         0.9000000000         0.6972052876         0.7271368822       -16.6939698035
        2.9104756000         0.9000000000         0.6793389996         0.6582361908       -17.1593810730
        2.9154342000         0.9000000000         0.7099669219         0.6020948867       -16.3615331823
        2.9204272000         0.9000000000         0.6946529607         0.5357460728       -16.7604571277
        2.9254492000         0.9000000000         0.7023099413         0.4566378716       -16.5609951550
        2.9306248000         0.9000000000         0.6895483070         0.3851853027       -16.8934317761
        2.9354466000         0.9000000000         0.7023099413         0.3290439986       -16.5609951550
        2.9407335000         0.9000000000         0.6946529607         0.2601433072       -16.7604571277
        2.9455207000         0.9000000000         0.6946529607         0.1937944933       -16.7604571277
        2.9504165000         0.9000000000         0.7023099413         0.1351013117       -16.5609951550
        2.9554567000         0.9000000000         0.6818913264         0.0559931105       -17.0928937488
        2.9605312000         0.9000000000         0.7099669219         0.0024036839       -16.3615331823
        2.9655692000         0.9000000000         0.6844436533         0.0049555613       -17.0264064246
        2.9704509000         0.9000000000         0.7023099413         1.1124703785       -16.5609951550
        2.9753803000         0.9000000000         0.6972052876         5.0066353810       -16.6939698035
        2.9805768000         0.9000000000         0.7023099413         5.0066353810       -16.5609951550
        2.9855991000         0.9000000000         0.6921006339         4.9760128515       -16.8269444519
        2.9905534000         0.9000000000         0.7048622681         4.9096640375       -16.4945078308
        2.9956462000         0.9000000000         0.7048622681         4.8509708560       -16.4945078308
        3.0005965000         0.9000000000         0.7023099413         4.7820701646       -16.5609951550
        3.0054455000         0.9000000000         0.6997576144         4.7131694732       -16.6274824792
        3.0104596000         0.9000000000         0.6895483070         4.6340612719       -16.8934317761
        3.0155158000         0.9000000000         0.7023099413         4.5702643355       -16.5609951550
        3.0205810000         0.9000000000         0.6946529607         4.5064673990       -16.7604571277
        3.0254772000         0.9000000000         0.7099669219         4.4426704625       -16.3615331823
        3.0303727000         0.9000000000         0.6793389996         4.3686660162       -17.1593810730
        3.0354505000         0.9000000000         0.6895483070         4.3023172023       -16.8934317761
        3.0405732000         0.9000000000         0.6921006339         4.2436240207       -16.8269444519
        3.0454491000         0.9000000000         0.6895483070         4.1798270842       -16.8934317761
        3.0504487000         0.9000000000         0.6946529607         4.1134782703       -16.7604571277
        3.0555685000         0.9000000000         0.7023099413         4.0573369662       -16.5609951550
        3.0605736000         0.9000000000         0.6818913264         3.9782287650       -17.0928937488
        3.0655392000         0.9000000000         0.6946529607         3.9271912158       -16.7604571277
        3.0704636000         0.9000000000         0.6869959802         3.8480830146       -16.9599191004
        3.0754063000         0.9000000000         0.6921006339         3.7970454654       -16.8269444519
        3.0804584000         0.9000000000         0.6997576144         3.7255928965       -16.6274824792
        3.0854421000         0.9000000000         0.6767866727         3.6592440826       -17.2258683973
        3.0904358000         0.9000000000         0.7048622681         3.6005509010       -16.4945078308
        3.0954085000         0.9000000000         0.6665773653         3.5265464547       -17.4918176942
        3.1004651000         0.9000000000         0.6972052876         3.4653013957       -16.6939698035
        3.1054705000         0.9000000000         0.6844436533         3.3989525818       -17.0264064246
        3.1104304000         0.9000000000         0.6793389996         3.3300518904       -17.1593810730
        3.1154831000         0.9000000000         0.6869959802         3.2637030765       -16.9599191004
        3.1204099000         0.9000000000         0.6742343459         3.1999061400       -17.2923557215
        3.1254436000         0.9000000000         0.6844436533         3.1386610810       -17.0264064246
        3.1304067000         0.9000000000         0.6793389996         3.0748641445       -17.1593810730
        3.1354745000         0.9000000000         0.6895483070         3.0110672080       -16.8934317761
        3.1404800000         0.9000000000         0.6742343459         2.9447183941       -17.2923557215
        3.1454277000         0.9000000000         0.6869959802         2.8707139478       -16.9599191004
        3.1504083000         0.9000000000         0.6818913264         2.8273320310       -17.0928937488
        3.1555129000         0.9000000000         0.6921006339         2.7584313396       -16.8269444519
        3.1603760000         0.9000000000         0.6844436533         2.6869787707       -17.0264064246
        3.1654356000         0.9000000000         0.6869959802         2.6231818342       -16.9599191004
        3.1704585000         0.9000000000         0.6767866727         2.5568330203       -17.2258683973
        3.1755350000         0.9000000000         0.6818913264         2.4879323289       -17.0928937488
        3.1804495000         0.9000000000         0.6844436533         2.4317910248       -17.0264064246
        3.1853838000         0.9000000000         0.6742343459         2.3603384560       -17.2923557215
        3.1904374000         0.9000000000         0.6972052876         2.3041971519       -16.6939698035
        3.1955656000         0.9000000000         0.6793389996         2.2301927056       -17.1593810730
        3.2004701000         0.9000000000         0.6818913264         2.1663957691       -17.0928937488
        3.2054563000         0.9000000000         0.6844436533         2.1000469552       -17.0264064246
        3.2104380000         0.9000000000         0.6767866727         2.0336981412       -17.2258683973
        3.2154360000         0.9000000000         0.6742343459         1.9622455724       -17.2923557215
        3.2204818000         0.9000000000         0.6767866727         1.9061042683       -17.2258683973
        3.2254097000         0.9000000000         0.6844436533         1.8397554543       -17.0264064246
        3.2304332000         0.9000000000         0.6716820190         1.7708547629       -17.3588430457
        3.2354113000         0.9000000000         0.6921006339         1.7121615814       -16.8269444519
        3.2404477000         0.9000000000         0.6742343459         1.6534683998       -17.2923557215
        3.2453867000         0.9000000000         0.6844436533         1.5896714634       -17.0264064246
        3.2504790000         0.9000000000         0.6818913264         1.5131151396       -17.0928937488
        3.2554636000         0.9000000000         0.6869959802         1.4518700806       -16.9599191004
        3.2604137000         0.9000000000         0.6869959802         1.3880731441       -16.9599191004
        3.2654135000         0.9000000000         0.6742343459         1.3217243302       -17.2923557215
        3.2704780000         0.9000000000         0.6869959802         1.2604792711       -16.9599191004
        3.2754592000         0.9000000000         0.6869959802         1.1992342121       -16.9599191004
        3.2804802000         0.9000000000         0.6793389996         1.1252297658       -17.1593810730
        3.2854766000         0.9000000000         0.6844436533         1.0537771970       -17.0264064246
        3.2903818000         0.9000000000         0.6818913264         0.9976358929       -17.0928937488
        3.2954498000         0.9000000000         0.6767866727         0.9338389564       -17.2258683973
        3.3004097000         0.9000000000         0.6869959802         0.8623863875       -16.9599191004
        3.3054294000         0.9000000000         0.6742343459         0.7883819412       -17.2923557215
        3.3104367000         0.9000000000         0.6921006339         0.7245850047       -16.8269444519
        3.3154062000         0.9000000000         0.6767866727         0.6582361908       -17.2258683973
        3.3204371000         0.9000000000         0.6946529607         0.5969911318       -16.7604571277
        3.3254564000         0.9000000000         0.6767866727         0.5280904404       -17.2258683973
        3.3304720000         0.9000000000         0.7074145950         0.4668453814       -16.4280205066
        3.3354586000         0.9000000000         0.6793389996         0.3902890576       -17.1593810730
        3.3404735000         0.9000000000         0.6921006339         0.3290439986       -16.8269444519
        3.3455042000         0.9000000000         0.6793389996         0.2601433072       -17.1593810730
        3.3504494000         0.9000000000         0.7048622681         0.1988982482       -16.4945078308
        3.3554061000         0.9000000000         0.6869959802         0.1325494343       -16.9599191004
        3.3604998000         0.9000000000         0.6921006339         0.0559931105       -16.8269444519
        3.3654395000         0.9000000000         0.6972052876         0.0024036839       -16.6939698035
        3.3704800000         0.9000000000         0.6869959802        -0.0001481936       -16.9599191004
        3.3754046000         0.9000000000         0.7125192487         1.1124703785       -16.2950458581
        3.3804129000         0.9000000000         0.6895483070         5.0117391359       -16.8934317761
        3.3854277000         0.9000000000         0.6895483070         5.0040835035       -16.8934317761
        3.3904427000         0.9000000000         0.6895483070         4.9760128515       -16.8934317761
        3.3954689000         0.9000000000         0.6921006339         4.8943527728       -16.8269444519
        3.4004745000         0.9000000000         0.6921006339         4.8331077137       -16.8269444519
        3.4054757000         0.9000000000         0.6844436533         4.7591032674       -17.0264064246
        3.4104712000         0.9000000000         0.6921006339         4.6978582084       -16.8269444519
        3.4154547000         0.9000000000         0.6921006339         4.6289575170       -16.8269444519
        3.4204606000         0.9000000000         0.6869959802         4.5575049482       -16.9599191004
        3.4254366000         0.9000000000         0.6767866727         4.4860523793       -17.2258683973
        3.4305667000         0.9000000000         0.7074145950         4.4299110752       -16.4280205066
        3.4354453000         0.9000000000         0.6844436533         4.3635622613       -17.0264064246
        3.4404480000         0.9000000000         0.7125192487         4.3048690797       -16.2950458581
        3.4453828000         0.9000000000         0.6921006339         4.2410721433       -16.8269444519
        3.4505055000         0.9000000000         0.6869959802         4.1696195744       -16.9599191004
        3.4554121000         0.9000000000         0.6946529607         4.0956151281       -16.7604571277
        3.4604488000         0.9000000000         0.6895483070         4.0420257015       -16.8934317761
        3.4654589000         0.9000000000         0.6972052876         3.9756768875       -16.6939698035
        3.4705844000         0.9000000000         0.6921006339         3.9144318285       -16.8269444519
        3.4754457000         0.9000000000         0.6946529607         3.8480830146       -16.7604571277
        3.4805329000         0.9000000000         0.6895483070         3.7817342006       -16.8934317761
        3.4854703000         0.9000000000         0.6997576144         3.7179372642       -16.6274824792
        3.4904750000         0.9000000000         0.6742343459         3.6464846953       -17.2923557215
        3.4954434000         0.9000000000         0.7099669219         3.5954471461       -16.3615331823
        3.5004664000         0.9000000000         0.6895483070         3.5239945773       -16.8934317761
        3.5054113000         0.9000000000         0.6844436533         3.4601976408       -17.0264064246
        3.5104122000         0.9000000000         0.6869959802         3.3861931945       -16.9599191004
        3.5154126000         0.9000000000         0.6869959802         3.3326037679       -16.9599191004
        3.5204660000         0.9000000000         0.6997576144         3.2637030765       -16.6274824792
        3.5254105000         0.9000000000         0.6767866727         3.1948023851       -17.2258683973
        3.5304329000         0.9000000000         0.6921006339         3.1361092035       -16.8269444519
        3.5354800000         0.9000000000         0.6716820190         3.0723122670       -17.3588430457
        3.5404391000         0.9000000000         0.6895483070         3.0059634531       -16.8934317761
        3.5454093000         0.9000000000         0.6716820190         2.9370627617       -17.3588430457
        3.5504801000         0.9000000000         0.6895483070         2.8809214576       -16.8934317761
        3.5554791000         0.9000000000         0.6818913264         2.8196763986       -17.0928937488
        3.5604074000         0.9000000000         0.6793389996         2.7456719523       -17.1593810730
        3.5654734000         0.9000000000         0.6869959802         2.6844268933       -16.9599191004
        3.5704125000         0.9000000000         0.6921006339         2.6282855892       -16.8269444519
        3.5754890000         0.9000000000         0.6921006339         2.5568330203       -16.8269444519
        3.5804085000         0.9000000000         0.6869959802         2.4904842064       -16.9599191004
        3.5854749000         0.9000000000         0.6793389996         2.4215835150       -17.1593810730
        3.5904595000         0.9000000000         0.6844436533         2.3679940883       -17.0264064246
        3.5954850000         0.9000000000         0.6921006339         2.3016452744       -16.8269444519
        3.6004673000         0.9000000000         0.6742343459         2.2301927056       -17.2923557215
        3.6054862000         0.9000000000         0.6946529607         2.1612920142       -16.7604571277
        3.6104314000         0.9000000000         0.6946529607         2.1051507101       -16.7604571277
        3.6153891000         0.9000000000         0.6640250384         2.0311462638       -17.5583050184
        3.6204474000         0.9000000000         0.6895483070         1.9673493273       -16.8934317761
        3.6254840000         0.9000000000         0.6818913264         1.9035523908       -17.0928937488
        3.6304553000         0.9000000000         0.6818913264         1.8474110867       -17.0928937488
        3.6354825000         0.9000000000         0.6921006339         1.7836141502       -16.8269444519
        3.6404083000         0.9000000000         0.6818913264         1.7121615814       -17.0928937488
        3.6454189000         0.9000000000         0.6793389996         1.6509165224       -17.1593810730
        3.6504874000         0.9000000000         0.6946529607         1.5871195859       -16.7604571277
        3.6554429000         0.9000000000         0.6767866727         1.5156670170       -17.2258683973
        3.6603845000         0.9000000000         0.6844436533         1.4544219580       -17.0264064246
        3.6654114000         0.9000000000         0.6921006339         1.3931768990       -16.8269444519
        3.6704499000         0.9000000000         0.6844436533         1.3166205752       -17.0264064246
        3.6754845000         0.9000000000         0.6869959802         1.2553755162       -16.9599191004
        3.6804662000         0.9000000000         0.6895483070         1.1992342121       -16.8934317761
        3.6854436000         0.9000000000         0.6691296922         1.1226778884       -17.4253303700
        3.6904608000         0.9000000000         0.6972052876         1.0614328293       -16.6939698035
        3.6954215000         0.9000000000         0.6793389996         0.9925321379       -17.1593810730
        3.7004785000         0.9000000000         0.6972052876         0.9363908338       -16.6939698035
        3.7054133000         0.9000000000         0.6895483070         0.8674901425       -16.8934317761
        3.7104093000         0.9000000000         0.6716820190         0.7909338187       -17.3588430457
        3.7154077000         0.9000000000         0.7074145950         0.7398962695       -16.4280205066
        3.7204088000         0.9000000000         0.6793389996         0.6684437007       -17.1593810730
        3.7254330000         0.9000000000         0.6997576144         0.5995430093       -16.6274824792
        3.7304402000         0.9000000000         0.6869959802         0.5357460728       -16.9599191004
        3.7354318000         0.9000000000         0.7023099413         0.4719491363       -16.5609951550
        3.7404125000         0.9000000000         0.6793389996         0.3928409351       -17.1593810730
        3.7454648000         0.9000000000         0.6921006339         0.3315958761       -16.8269444519
        3.7504546000         0.9000000000         0.6793389996         0.2575914298       -17.1593810730
        3.7554152000         0.9000000000         0.6997576144         0.1963463707       -16.6274824792
        3.7604097000         0.9000000000         0.6869959802         0.1376531892       -16.9599191004
        3.7654170000         0.9000000000         0.6946529607         0.0687524978       -16.7604571277
        3.7704073000         0.9000000000         0.6921006339        -0.0001481936       -16.8269444519
        3.7754053000         0.9000000000         0.6895483070         0.0075074388       -16.8934317761
        3.7804106000         0.9000000000         0.7099669219         1.1048147461       -16.3615331823
        3.7854083000         0.9000000000         0.6793389996         4.9989797486       -17.1593810730
        3.7904141000         0.9000000000         0.7048622681         5.0142910133       -16.4945078308
        3.7954463000         0.9000000000         0.6767866727         4.9709090965       -17.2258683973
        3.8004793000         0.9000000000         0.6895483070         4.8994565277       -16.8934317761
        3.8054094000         0.9000000000         0.6895483070         4.8407633461       -16.8934317761
        3.8104131000         0.9000000000         0.6972052876         4.7718626547       -16.6939698035
        3.8154217000         0.9000000000         0.6742343459         4.6927544535       -17.2923557215
        3.8204097000         0.9000000000         0.6921006339         4.6315093945       -16.8269444519
        3.8254092000         0.9000000000         0.6921006339         4.5626087031       -16.8269444519
        3.8304169000         0.9000000000         0.6818913264         4.4860523793       -17.0928937488
        3.8354576000         0.9000000000         0.6972052876         4.4350148301       -16.6939698035
        3.8404556000         0.9000000000         0.6818913264         4.3610103838       -17.0928937488
        3.8454533000         0.9000000000         0.6972052876         4.2997653248       -16.6939698035
        3.8504094000         0.9000000000         0.6946529607         4.2359683883       -16.7604571277
        3.8554084000         0.9000000000         0.6869959802         4.1670676969       -16.9599191004
        3.8604496000         0.9000000000         0.6895483070         4.0956151281       -16.8934317761
        3.8653831000         0.9000000000         0.6691296922         4.0241625592       -17.4253303700
        3.8704067000         0.9000000000         0.6818913264         3.9603656228       -17.0928937488
        3.8754461000         0.9000000000         0.6742343459         3.8940168088       -17.2923557215
        3.8804181000         0.9000000000         0.6972052876         3.8378755047       -16.6939698035
        3.8854776000         0.9000000000         0.6742343459         3.7715266908       -17.2923557215
        3.8904125000         0.9000000000         0.6844436533         3.7051778769       -17.0264064246
        3.8954057000         0.9000000000         0.6844436533         3.6464846953       -17.0264064246
        3.9009604000         0.9000000000         0.6818913264         3.5673764941       -17.0928937488
        3.9053743000         0.9000000000         0.6716820190         3.5035795576       -17.3588430457
        3.9106175000         0.9000000000         0.6691296922         3.4346788662       -17.4253303700
        3.9154906000         0.9000000000         0.6895483070         3.3810894396       -16.8934317761
        3.9205964000         0.9000000000         0.6767866727         3.3172925031       -17.2258683973
        3.9256079000         0.9000000000         0.6946529607         3.2458399342       -16.7604571277
        3.9304205000         0.9000000000         0.6691296922         3.1743873654       -17.4253303700
        3.9354730000         0.9000000000         0.6895483070         3.1156941838       -16.8934317761
        3.9404274000         0.9000000000         0.6844436533         3.0570010023       -17.0264064246
        3.9454865000         0.9000000000         0.6716820190         2.9778928011       -17.3588430457
        3.9505626000         0.9000000000         0.6793389996         2.9140958646       -17.1593810730
        3.9554270000         0.9000000000         0.6767866727         2.8630583154       -17.2258683973
        3.9605771000         0.9000000000         0.6844436533         2.7916057465       -17.0264064246
        3.9655441000         0.9000000000         0.6742343459         2.7227050552       -17.2923557215
        3.9704844000         0.9000000000         0.6921006339         2.6691156285       -16.8269444519
        3.9754827000         0.9000000000         0.6665773653         2.5976630597       -17.4918176942
        3.9804562000         0.9000000000         0.6818913264         2.5262104908       -17.0928937488
        3.9854679000         0.9000000000         0.6844436533         2.4726210642       -17.0264064246
        3.9904187000         0.9000000000         0.6742343459         2.3935128629       -17.2923557215
        3.9953880000         0.9000000000         0.6869959802         2.3373715588       -16.9599191004
        4.0005195000         0.9000000000         0.6640250384         2.2735746224       -17.5583050184
