% Motor Sweep Step 175/180
% Vcmd       = 4.9000 [V]
% Direction  = CW
% Zone       = OUTER
% Vg_offset  = 1.336155 [V]
% K_gimbal   = 26.049690 [(rad/s)/V]

Time[s]              Vcmd[V]              Vg_raw[V]            Pot[V]               Omega[rad/s]
        0.0000150000         4.9000000000         1.3301823480        -0.0052519485        -0.1555803387
        0.0050083000         4.9000000000         1.3557056165         0.0024036839         0.5092929036
        0.0100072000         4.9000000000         1.3633625971         0.0075074388         0.7087548763
        0.0150115000         4.9000000000         1.4169614611         0.0024036839         2.1049886850
        0.0200048000         4.9000000000         1.6441185513        -0.0052519485         8.0223605412
        0.0250078000         4.9000000000         1.5981766679         0.0228187035         6.8255887051
        0.0300029000         4.9000000000         1.6798511273         0.0534412330         8.9531830804
        0.0350073000         4.9000000000         1.7513162793         0.0917193949        10.8148281587
        0.0400019000         4.9000000000         1.7615255867         0.1376531892        11.0807774556
        0.0450038000         4.9000000000         1.8023628164         0.1835869834        12.1445746432
        0.0500102000         4.9000000000         1.8865896027         0.2448320425        14.3386563427
        0.0550040000         4.9000000000         1.9376361398         0.3009733466        15.6684028273
        0.0600058000         4.9000000000         1.9657117352         0.3647702830        16.3997633938
        0.0650075000         4.9000000000         1.9886826769         0.4311190970        16.9981493118
        0.0701073000         4.9000000000         2.0167582724         0.5025716658        17.7295098783
        0.0750054000         4.9000000000         2.0269675798         0.5714723572        17.9954591752
        0.0800083000         4.9000000000         2.0652524826         0.6429249261        18.9927690386
        0.0850051000         4.9000000000         2.0907757512         0.7194812498        19.6576422809
        0.0900116000         4.9000000000         2.1111943660         0.8011413285        20.1895408747
        0.0950042000         4.9000000000         2.1111943660         0.8828014072        20.1895408747
        0.1000047000         4.9000000000         2.1162990198         0.9491502211        20.3225155231
        0.1050066000         4.9000000000         2.1418222883         1.0410178097        20.9873887654
        0.1100039000         4.9000000000         2.1520315957         1.1175741334        21.2533380623
        0.1150088000         4.9000000000         2.1494792689         1.1992342121        21.1868507381
        0.1200051000         4.9000000000         2.1622409032         1.2808942908        21.5192873592
        0.1250177000         4.9000000000         2.1698978837         1.3676581244        21.7187493319
        0.1300208000         4.9000000000         2.1647932300         1.4467663256        21.5857746834
        0.1350060000         4.9000000000         2.1698978837         1.5207707720        21.7187493319
        0.1400050000         4.9000000000         2.1954211523         1.6202939929        22.3836225742
        0.1450161000         4.9000000000         2.1826595180         1.7019540715        22.0511859530
        0.1500051000         4.9000000000         2.1852118449         1.7810622728        22.1176732772
        0.1550022000         4.9000000000         2.1954211523         1.8576185965        22.3836225742
        0.1600082000         4.9000000000         2.1903164986         1.9469343076        22.2506479257
        0.1650103000         4.9000000000         2.1826595180         2.0260425088        22.0511859530
        0.1700083000         4.9000000000         2.2030781329         2.1179100974        22.5830845468
        0.1750075000         4.9000000000         2.2005258060         2.2072258084        22.5165972226
        0.1800083000         4.9000000000         2.2005258060         2.2837821322        22.5165972226
        0.1850045000         4.9000000000         2.2005258060         2.3782015982        22.5165972226
        0.1900025000         4.9000000000         2.1903164986         2.4624135543        22.2506479257
        0.1950019000         4.9000000000         2.1979734792         2.5440736330        22.4501098984
        0.2000020000         4.9000000000         2.2005258060         2.6308374666        22.5165972226
        0.2050041000         4.9000000000         2.2158397672         2.7252569326        22.9155211680
        0.2100038000         4.9000000000         2.2056304597         2.8120207662        22.6495718711
        0.2150037000         4.9000000000         2.2005258060         2.8987845998        22.5165972226
        0.2200026000         4.9000000000         2.2183920940         2.9855484334        22.9820084922
        0.2250063000         4.9000000000         2.2286014014         3.0774160220        23.2479577891
        0.2300051000         4.9000000000         2.2132874403         3.1641798556        22.8490338437
        0.2350057000         4.9000000000         2.2183920940         3.2611511990        22.9820084922
        0.2400050000         4.9000000000         2.2107351134         3.3402594002        22.7825465195
        0.2450088000         4.9000000000         2.2260490746         3.4346788662        23.1814704649
        0.2500083000         4.9000000000         2.2260490746         3.5188908224        23.1814704649
        0.2550048000         4.9000000000         2.2132874403         3.6082065334        22.8490338437
        0.2600080000         4.9000000000         2.2081827866         3.6898666121        22.7160591953
        0.2650048000         4.9000000000         2.2260490746         3.7868379556        23.1814704649
        0.2700085000         4.9000000000         2.2260490746         3.8761536666        23.1814704649
        0.2750088000         4.9000000000         2.2158397672         3.9629175002        22.9155211680
        0.2800083000         4.9000000000         2.2107351134         4.0496813338        22.7825465195
        0.2850089000         4.9000000000         2.2158397672         4.1389970449        22.9155211680
        0.2900082000         4.9000000000         2.2311537283         4.2359683883        23.3144451133
        0.2950068000         4.9000000000         2.2056304597         4.3150765896        22.6495718711
        0.3000083000         4.9000000000         2.2107351134         4.4094960556        22.7825465195
        0.3050049000         4.9000000000         2.2183920940         4.4988117666        22.9820084922
        0.3100083000         4.9000000000         2.2234967477         4.5957831101        23.1149831407
        0.3150043000         4.9000000000         2.2209444209         4.6953063310        23.0484958164
        0.3200085000         4.9000000000         2.2107351134         4.7718626547        22.7825465195
        0.3250048000         4.9000000000         2.2132874403         4.8688339982        22.8490338437
        0.3300022000         4.9000000000         2.2234967477         4.9632534642        23.1149831407
        0.3350022000         4.9000000000         2.2158397672         5.0066353810        22.9155211680
        0.3400018000         4.9000000000         2.2056304597         1.1022628687        22.6495718711
        0.3450352000         4.9000000000         2.2132874403        -0.0001481936        22.8490338437
        0.3500031000         4.9000000000         2.2209444209         0.0100593162        23.0484958164
        0.3550026000         4.9000000000         2.2260490746         0.1095825371        23.1814704649
        0.3600020000         4.9000000000         2.2107351134         0.1988982482        22.7825465195
        0.3652520000         4.9000000000         2.2056304597         0.2933177142        22.6495718711
        0.3700075000         4.9000000000         2.2107351134         0.3749777929        22.7825465195
        0.3750082000         4.9000000000         2.2209444209         0.4745010138        23.0484958164
        0.3800035000         4.9000000000         2.2107351134         0.5663686023        22.7825465195
        0.3850049000         4.9000000000         2.2209444209         0.6531324359        23.0484958164
        0.3900025000         4.9000000000         2.2132874403         0.7450000244        22.8490338437
        0.3950048000         4.9000000000         2.2209444209         0.8317638580        23.0484958164
        0.4000026000         4.9000000000         2.2132874403         0.9210795691        22.8490338437
        0.4050044000         4.9000000000         2.2107351134         1.0103952802        22.7825465195
        0.4100027000         4.9000000000         2.2030781329         1.0869516039        22.5830845468
        0.4150041000         4.9000000000         2.2107351134         1.1762673150        22.7825465195
        0.4200040000         4.9000000000         2.2183920940         1.2706867810        22.9820084922
        0.4250076000         4.9000000000         2.2030781329         1.3497949822        22.5830845468
        0.4300048000         4.9000000000         2.2030781329         1.4391106933        22.5830845468
        0.4350045000         4.9000000000         2.2081827866         1.5258745269        22.7160591953
        0.4400023000         4.9000000000         2.2107351134         1.6075346056        22.7825465195
        0.4451894000         4.9000000000         2.2107351134         1.6994021941        22.7825465195
        0.4500042000         4.9000000000         2.2209444209         1.7912697826        23.0484958164
        0.4550023000         4.9000000000         2.2132874403         1.8703779838        22.8490338437
        0.4600084000         4.9000000000         2.2030781329         1.9494861851        22.5830845468
        0.4650048000         4.9000000000         2.2260490746         2.0515612834        23.1814704649
        0.4700044000         4.9000000000         2.2158397672         2.1281176072        22.9155211680
        0.4750023000         4.9000000000         2.1979734792         2.2123295633        22.4501098984
        0.4800048000         4.9000000000         2.2030781329         2.3041971519        22.5830845468
        0.4850027000         4.9000000000         2.2260490746         2.3986166179        23.1814704649
        0.4900039000         4.9000000000         2.2158397672         2.4828285740        22.9155211680
        0.4950031000         4.9000000000         2.2209444209         2.5746961625        23.0484958164
        0.5000056000         4.9000000000         2.2081827866         2.6538043638        22.7160591953
        0.5050029000         4.9000000000         2.2234967477         2.7533275847        23.1149831407
        0.5100047000         4.9000000000         2.2234967477         2.8400914183        23.1149831407
        0.5150054000         4.9000000000         2.2081827866         2.9191996195        22.7160591953
        0.5200067000         4.9000000000         2.2260490746         3.0161709629        23.1814704649
        0.5250052000         4.9000000000         2.2260490746         3.1029347965        23.1814704649
        0.5300067000         4.9000000000         2.2286014014         3.1999061400        23.2479577891
        0.5350054000         4.9000000000         2.2209444209         3.2815662187        23.0484958164
        0.5400035000         4.9000000000         2.2081827866         3.3683300523        22.7160591953
        0.5450022000         4.9000000000         2.2260490746         3.4550938859        23.1814704649
        0.5500042000         4.9000000000         2.2183920940         3.5495133519        22.9820084922
        0.5550034000         4.9000000000         2.2158397672         3.6337253080        22.9155211680
        0.5600040000         4.9000000000         2.2209444209         3.7306966515        23.0484958164
        0.5650022000         4.9000000000         2.2158397672         3.8123567301        22.9155211680
        0.5700048000         4.9000000000         2.2234967477         3.9093280736        23.1149831407
        0.5750026000         4.9000000000         2.2209444209         3.9909881523        23.0484958164
        0.5800043000         4.9000000000         2.2081827866         4.0803038633        22.7160591953
        0.5850026000         4.9000000000         2.2183920940         4.1670676969        22.9820084922
        0.5900063000         4.9000000000         2.2286014014         4.2640390404        23.2479577891
        0.5950024000         4.9000000000         2.2234967477         4.3533547515        23.1149831407
        0.6000042000         4.9000000000         2.2158397672         4.4452223400        22.9155211680
        0.6050030000         4.9000000000         2.2183920940         4.5370899285        22.9820084922
        0.6100036000         4.9000000000         2.2183920940         4.6289575170        22.9820084922
        0.6150021000         4.9000000000         2.2286014014         4.7310326154        23.2479577891
        0.6200053000         4.9000000000         2.2081827866         4.8177964490        22.7160591953
        0.6250080000         4.9000000000         2.2056304597         4.8994565277        22.6495718711
        0.6300083000         4.9000000000         2.2311537283         5.0040835035        23.3144451133
        0.6350087000         4.9000000000         2.2132874403         5.0015316260        22.8490338437
        0.6400043000         4.9000000000         2.2132874403         1.1022628687        22.8490338437
        0.6450028000         4.9000000000         2.2107351134         0.0024036839        22.7825465195
        0.6500039000         4.9000000000         2.2209444209         0.0457856007        23.0484958164
        0.6550084000         4.9000000000         2.2234967477         0.1504125765        23.1149831407
        0.6600054000         4.9000000000         2.2056304597         0.2295207777        22.6495718711
        0.6650081000         4.9000000000         2.2107351134         0.3239402437        22.7825465195
        0.6700061000         4.9000000000         2.2107351134         0.4158078322        22.7825465195
        0.6750050000         4.9000000000         2.2005258060         0.5000197884        22.5165972226
        0.6800065000         4.9000000000         2.2234967477         0.6020948867        23.1149831407
        0.6850085000         4.9000000000         2.2030781329         0.6786512105        22.5830845468
        0.6900052000         4.9000000000         2.2132874403         0.7807263088        22.8490338437
        0.6950045000         4.9000000000         2.2158397672         0.8674901425        22.9155211680
        0.7000056000         4.9000000000         2.2260490746         0.9517020986        23.1814704649
        0.7050045000         4.9000000000         2.1979734792         1.0359140547        22.4501098984
        0.7100045000         4.9000000000         2.2107351134         1.1277816433        22.7825465195
        0.7150026000         4.9000000000         2.2107351134         1.2145454769        22.7825465195
        0.7200024000         4.9000000000         2.2081827866         1.2987574330        22.7160591953
        0.7250021000         4.9000000000         2.2183920940         1.3931768990        22.9820084922
        0.7300044000         4.9000000000         2.2081827866         1.4748369777        22.7160591953
        0.7350023000         4.9000000000         2.2234967477         1.5667045662        23.1149831407
        0.7400090000         4.9000000000         2.2234967477         1.6560202773        23.1149831407
        0.7450084000         4.9000000000         2.2234967477         1.7376803560        23.1149831407
        0.7500057000         4.9000000000         2.2158397672         1.8218923121        22.9155211680
        0.7550047000         4.9000000000         2.2056304597         1.9061042683        22.6495718711
        0.7600095000         4.9000000000         2.2056304597         1.9954199793        22.6495718711
        0.7650083000         4.9000000000         2.2260490746         2.0821838129        23.1814704649
        0.7700047000         4.9000000000         2.2183920940         2.1740514015        22.9820084922
        0.7750034000         4.9000000000         2.2158397672         2.2633671125        22.9155211680
        0.7800040000         4.9000000000         2.2107351134         2.3475790687        22.7825465195
        0.7850089000         4.9000000000         2.2286014014         2.4445504121        23.2479577891
        0.7900089000         4.9000000000         2.2286014014         2.5262104908        23.2479577891
        0.7950081000         4.9000000000         2.2234967477         2.6104224470        23.1149831407
        0.8000066000         4.9000000000         2.2132874403         2.7099456679        22.8490338437
        0.8050028000         4.9000000000         2.2311537283         2.7941576240        23.3144451133
        0.8100041000         4.9000000000         2.2234967477         2.8834733351        23.1149831407
        0.8150024000         4.9000000000         2.2030781329         2.9702371687        22.5830845468
        0.8200053000         4.9000000000         2.2158397672         3.0518972474        22.9155211680
        0.8250042000         4.9000000000         2.2234967477         3.1412129584        23.1149831407
        0.8300053000         4.9000000000         2.2311537283         3.2381843019        23.3144451133
        0.8350080000         4.9000000000         2.2158397672         3.3223962580        22.9155211680
        0.8400056000         4.9000000000         2.2260490746         3.4219194789        23.1814704649
        0.8450081000         4.9000000000         2.2209444209         3.5010276801        23.0484958164
        0.8500042000         4.9000000000         2.2311537283         3.6031027785        23.3144451133
        0.8550083000         4.9000000000         2.2183920940         3.6847628572        22.9820084922
        0.8600080000         4.9000000000         2.2183920940         3.7715266908        22.9820084922
        0.8650080000         4.9000000000         2.2337060552         3.8633942793        23.3809324376
        0.8700054000         4.9000000000         2.2209444209         3.9476062355        23.0484958164
        0.8750081000         4.9000000000         2.2260490746         4.0471294564        23.1814704649
        0.8800095000         4.9000000000         2.2260490746         4.1338932900        23.1814704649
        0.8850084000         4.9000000000         2.2260490746         4.2155533687        23.1814704649
        0.8900092000         4.9000000000         2.2234967477         4.3099728347        23.1149831407
        0.8950081000         4.9000000000         2.2056304597         4.3916329133        22.6495718711
        0.9000044000         4.9000000000         2.2209444209         4.4937080117        23.0484958164
        0.9050083000         4.9000000000         2.2158397672         4.5804718453        22.9155211680
        0.9100067000         4.9000000000         2.2183920940         4.6672356789        22.9820084922
        0.9150083000         4.9000000000         2.2234967477         4.7667588998        23.1149831407
        0.9200070000         4.9000000000         2.2209444209         4.8662821207        23.0484958164
        0.9250082000         4.9000000000         2.2132874403         4.9504940769        22.8490338437
        0.9300041000         4.9000000000         2.2183920940         5.0066353810        22.9820084922
        0.9350081000         4.9000000000         2.2234967477         1.1124703785        23.1149831407
        0.9400085000         4.9000000000         2.2209444209        -0.0052519485        23.0484958164
        0.9450079000         4.9000000000         2.2183920940         0.0100593162        22.9820084922
        0.9500053000         4.9000000000         2.2132874403         0.0993750273        22.8490338437
        0.9550082000         4.9000000000         2.2005258060         0.1835869834        22.5165972226
        0.9600045000         4.9000000000         2.2234967477         0.2882139593        23.1149831407
        0.9650082000         4.9000000000         2.2183920940         0.3724259154        22.9820084922
        0.9700062000         4.9000000000         2.2030781329         0.4642935039        22.5830845468
        0.9750081000         4.9000000000         2.2183920940         0.5587129699        22.9820084922
        0.9800047000         4.9000000000         2.2132874403         0.6352692937        22.8490338437
        0.9850081000         4.9000000000         2.2081827866         0.7296887597        22.7160591953
        0.9900043000         4.9000000000         2.2107351134         0.8164525933        22.7825465195
        0.9950084000         4.9000000000         2.2107351134         0.9083201818        22.7825465195
        1.0000052000         4.9000000000         2.2107351134         1.0027396478        22.7825465195
        1.0050082000         4.9000000000         2.2132874403         1.0869516039        22.8490338437
        1.0100096000         4.9000000000         2.2056304597         1.1737154375        22.6495718711
        1.0150084000         4.9000000000         2.2107351134         1.2579273937        22.7825465195
        1.0200091000         4.9000000000         2.2132874403         1.3497949822        22.8490338437
        1.0250082000         4.9000000000         2.2183920940         1.4340069384        22.9820084922
        1.0300049000         4.9000000000         2.2030781329         1.5105632621        22.5830845468
        1.0350084000         4.9000000000         2.2183920940         1.6100864830        22.9820084922
        1.0400093000         4.9000000000         2.2107351134         1.6917465617        22.7825465195
        1.0450085000         4.9000000000         2.2132874403         1.7708547629        22.8490338437
        1.0500059000         4.9000000000         2.2209444209         1.8678261064        23.0484958164
        1.0550085000         4.9000000000         2.2132874403         1.9494861851        22.8490338437
        1.0600050000         4.9000000000         2.2081827866         2.0336981412        22.7160591953
        1.0650084000         4.9000000000         2.2158397672         2.1281176072        22.9155211680
        1.0700044000         4.9000000000         2.2209444209         2.2199851957        23.0484958164
        1.0750085000         4.9000000000         2.2209444209         2.3041971519        23.0484958164
        1.0800674000         4.9000000000         2.2183920940         2.3935128629        22.9820084922
        1.0850076000         4.9000000000         2.2260490746         2.4904842064        23.1814704649
        1.0900083000         4.9000000000         2.2311537283         2.5746961625        23.3144451133
        1.0950061000         4.9000000000         2.2107351134         2.6538043638        22.7825465195
        1.1000087000         4.9000000000         2.2158397672         2.7482238297        22.9155211680
        1.1050087000         4.9000000000         2.2311537283         2.8349876633        23.3144451133
        1.1100083000         4.9000000000         2.2234967477         2.9166477420        23.1149831407
        1.1150087000         4.9000000000         2.2234967477         3.0136190855        23.1149831407
        1.1200082000         4.9000000000         2.2158397672         3.1029347965        22.9155211680
        1.1250083000         4.9000000000         2.2260490746         3.1948023851        23.1814704649
        1.1300083000         4.9000000000         2.2439153626         3.2892218510        23.6468817345
        1.1350061000         4.9000000000         2.2132874403         3.3683300523        22.8490338437
        1.1400080000         4.9000000000         2.2107351134         3.4576457633        22.7825465195
        1.1450084000         4.9000000000         2.2234967477         3.5495133519        23.1149831407
        1.1500065000         4.9000000000         2.2260490746         3.6337253080        23.1814704649
        1.1550083000         4.9000000000         2.2209444209         3.7281447740        23.0484958164
        1.1600056000         4.9000000000         2.2081827866         3.8123567301        22.7160591953
        1.1650113000         4.9000000000         2.2183920940         3.9042243187        22.9820084922
        1.1700824000         4.9000000000         2.2260490746         3.9960919072        23.1814704649
        1.1750111000         4.9000000000         2.2158397672         4.0828557408        22.9155211680
        1.1800209000         4.9000000000         2.2234967477         4.1696195744        23.1149831407
        1.1850111000         4.9000000000         2.2260490746         4.2614871629        23.1814704649
        1.1900743000         4.9000000000         2.2107351134         4.3559066289        22.7825465195
        1.1950082000         4.9000000000         2.2209444209         4.4401185851        23.0484958164
        1.2000084000         4.9000000000         2.2209444209         4.5370899285        23.0484958164
        1.2050083000         4.9000000000         2.2183920940         4.6213018847        22.9820084922
        1.2100083000         4.9000000000         2.2337060552         4.7284807379        23.3809324376
        1.2150059000         4.9000000000         2.2158397672         4.8101408166        22.9155211680
        1.2200085000         4.9000000000         2.2132874403         4.8994565277        22.8490338437
        1.2250082000         4.9000000000         2.2311537283         5.0040835035        23.3144451133
        1.2300082000         4.9000000000         2.2183920940         5.0066353810        22.9820084922
        1.2350083000         4.9000000000         2.2209444209         1.1048147461        23.0484958164
        1.2400084000         4.9000000000         2.2234967477         0.0024036839        23.1149831407
        1.2450096000         4.9000000000         2.2158397672         0.0585449879        22.9155211680
        1.2500082000         4.9000000000         2.2132874403         0.1504125765        22.8490338437
        1.2550066000         4.9000000000         2.2132874403         0.2295207777        22.8490338437
        1.2600085000         4.9000000000         2.2337060552         0.3315958761        23.3809324376
        1.2650045000         4.9000000000         2.2107351134         0.4132559548        22.7825465195
        1.2700090000         4.9000000000         2.2081827866         0.5153310531        22.7160591953
        1.2750092000         4.9000000000         2.2081827866         0.5944392543        22.7160591953
        1.2800083000         4.9000000000         2.2209444209         0.6888587203        23.0484958164
        1.2850044000         4.9000000000         2.2132874403         0.7679669216        22.8490338437
        1.2900085000         4.9000000000         2.2107351134         0.8623863875        22.7825465195
        1.2950062000         4.9000000000         2.2056304597         0.9517020986        22.6495718711
        1.3000082000         4.9000000000         2.2081827866         1.0410178097        22.7160591953
        1.3050072000         4.9000000000         2.2158397672         1.1277816433        22.9155211680
        1.3100083000         4.9000000000         2.2056304597         1.2145454769        22.6495718711
        1.3150055000         4.9000000000         2.2081827866         1.3013093105        22.7160591953
        1.3200083000         4.9000000000         2.2081827866         1.3829693892        22.7160591953
        1.3250055000         4.9000000000         2.2081827866         1.4748369777        22.7160591953
        1.3300083000         4.9000000000         2.2209444209         1.5616008113        23.0484958164
        1.3350047000         4.9000000000         2.2209444209         1.6483646449        23.0484958164
        1.3400081000         4.9000000000         2.2158397672         1.7325766011        22.9155211680
        1.3450064000         4.9000000000         2.2209444209         1.8269960670        23.0484958164
        1.3500082000         4.9000000000         2.2183920940         1.9035523908        22.9820084922
        1.3550094000         4.9000000000         2.2030781329         1.9877643470        22.5830845468
        1.3600084000         4.9000000000         2.2286014014         2.0872875679        23.2479577891
        1.3650039000         4.9000000000         2.2107351134         2.1663957691        22.7825465195
        1.3700082000         4.9000000000         2.2183920940         2.2582633576        22.9820084922
        1.3750054000         4.9000000000         2.2183920940         2.3475790687        22.9820084922
        1.3800082000         4.9000000000         2.2107351134         2.4292391474        22.7825465195
        1.3850082000         4.9000000000         2.2209444209         2.5236586133        23.0484958164
        1.3900085000         4.9000000000         2.2234967477         2.6129743244        23.1149831407
        1.3950084000         4.9000000000         2.2234967477         2.7022900355        23.1149831407
        1.4000082000         4.9000000000         2.2362583820         2.7890538691        23.4474197618
        1.4050041000         4.9000000000         2.2183920940         2.8783695801        22.9820084922
        1.4100045000         4.9000000000         2.2260490746         2.9727890461        23.1814704649
        1.4150050000         4.9000000000         2.2337060552         3.0570010023        23.3809324376
        1.4200085000         4.9000000000         2.2209444209         3.1514204683        23.0484958164
        1.4250062000         4.9000000000         2.2107351134         3.2305286695        22.7825465195
        1.4300084000         4.9000000000         2.2209444209         3.3172925031        23.0484958164
        1.4350080000         4.9000000000         2.2311537283         3.4193676015        23.3144451133
        1.4400081000         4.9000000000         2.2132874403         3.5061314351        22.8490338437
        1.4450047000         4.9000000000         2.2234967477         3.5928952687        23.1149831407
        1.4500086000         4.9000000000         2.2286014014         3.6822109797        23.2479577891
        1.4550048000         4.9000000000         2.2234967477         3.7740785683        23.1149831407
        1.4600084000         4.9000000000         2.2107351134         3.8557386469        22.7825465195
        1.4650056000         4.9000000000         2.2260490746         3.9552618679        23.1814704649
        1.4700081000         4.9000000000         2.2081827866         4.0369219465        22.7160591953
        1.4750088000         4.9000000000         2.2209444209         4.1185820252        23.0484958164
        1.4800082000         4.9000000000         2.2388107089         4.2232090010        23.5139070860
        1.4850082000         4.9000000000         2.2209444209         4.3125247121        23.0484958164
        1.4900082000         4.9000000000         2.2132874403         4.3916329133        22.8490338437
        1.4950052000         4.9000000000         2.2234967477         4.4886042568        23.1149831407
        1.5000084000         4.9000000000         2.2209444209         4.5830237228        23.0484958164
        1.5050053000         4.9000000000         2.2234967477         4.6646838015        23.1149831407
        1.5100081000         4.9000000000         2.2132874403         4.7616551449        22.8490338437
        1.5150046000         4.9000000000         2.2107351134         4.8560746109        22.7825465195
        1.5200083000         4.9000000000         2.2132874403         4.9453903219        22.8490338437
        1.5250510000         4.9000000000         2.2158397672         5.0066353810        22.9155211680
        1.5300082000         4.9000000000         2.2183920940         1.1099185011        22.9820084922
        1.5350081000         4.9000000000         2.2311537283         0.0075074388        23.3144451133
        1.5400081000         4.9000000000         2.2209444209         0.0151630711        23.0484958164
        1.5450467000         4.9000000000         2.2234967477         0.1019269048        23.1149831407
        1.5500081000         4.9000000000         2.2107351134         0.1861388609        22.7825465195
        1.5552016000         4.9000000000         2.2030781329         0.2754545720        22.5830845468
        1.5600082000         4.9000000000         2.2209444209         0.3698740379        23.0484958164
        1.5653932000         4.9000000000         2.2107351134         0.4719491363        22.7825465195
        1.5700079000         4.9000000000         2.1954211523         0.5485054601        22.3836225742
        1.5750089000         4.9000000000         2.2107351134         0.6378211711        22.7825465195
        1.5800052000         4.9000000000         2.2132874403         0.7245850047        22.8490338437
        1.5850082000         4.9000000000         2.2132874403         0.8139007158        22.8490338437
        1.5900042000         4.9000000000         2.2107351134         0.9032164269        22.7825465195
        1.5950082000         4.9000000000         2.2107351134         0.9899802605        22.7825465195
        1.6000049000         4.9000000000         2.2005258060         1.0767440941        22.5165972226
        1.6050032000         4.9000000000         2.2056304597         1.1609560502        22.6495718711
        1.6100051000         4.9000000000         2.2030781329         1.2477198838        22.5830845468
        1.6150080000         4.9000000000         2.2158397672         1.3395874724        22.9155211680
        1.6200083000         4.9000000000         2.2056304597         1.4263513060        22.6495718711
        1.6250081000         4.9000000000         2.2158397672         1.5080113847        22.9155211680
        1.6300045000         4.9000000000         2.2132874403         1.5998789732        22.8490338437
        1.6350082000         4.9000000000         2.2005258060         1.6815390519        22.5165972226
        1.6400078000         4.9000000000         2.2158397672         1.7708547629        22.9155211680
        1.6450139000         4.9000000000         2.2234967477         1.8576185965        23.1149831407
        1.6500102000         4.9000000000         2.2183920940         1.9469343076        22.9820084922
        1.6550079000         4.9000000000         2.2209444209         2.0388018961        23.0484958164
        1.6600090000         4.9000000000         2.2234967477         2.1255657297        23.1149831407
        1.6650080000         4.9000000000         2.2132874403         2.2097776859        22.8490338437
        1.6700084000         4.9000000000         2.2337060552         2.3016452744        23.3809324376
        1.6750082000         4.9000000000         2.2132874403         2.3858572306        22.8490338437
        1.6800044000         4.9000000000         2.2337060552         2.4853804515        23.3809324376
        1.6850068000         4.9000000000         2.2311537283         2.5644886527        23.3144451133
        1.6900052000         4.9000000000         2.2286014014         2.6614599961        23.2479577891
        1.6950085000         4.9000000000         2.2234967477         2.7405681974        23.1149831407
        1.7000051000         4.9000000000         2.2158397672         2.8298839084        22.9155211680
        1.7050082000         4.9000000000         2.2158397672         2.9191996195        22.9155211680
        1.7100083000         4.9000000000         2.2260490746         3.0136190855        23.1814704649
        1.7150082000         4.9000000000         2.2183920940         3.0952791642        22.9820084922
        1.7200092000         4.9000000000         2.2107351134         3.1820429978        22.7825465195
        1.7250083000         4.9000000000         2.2311537283         3.2815662187        23.3144451133
        1.7300048000         4.9000000000         2.2158397672         3.3632262974        22.9155211680
        1.7350083000         4.9000000000         2.2413630357         3.4627495183        23.5803944102
        1.7400050000         4.9000000000         2.2209444209         3.5444095970        23.0484958164
        1.7450083000         4.9000000000         2.2183920940         3.6362771855        22.9820084922
        1.7500057000         4.9000000000         2.2311537283         3.7255928965        23.3144451133
        1.7550081000         4.9000000000         2.2132874403         3.8072529752        22.8490338437
        1.7600045000         4.9000000000         2.2286014014         3.8991205638        23.2479577891
        1.7650083000         4.9000000000         2.2234967477         3.9986437847        23.1149831407
        1.7700086000         4.9000000000         2.2158397672         4.0726482310        22.9155211680
        1.7750081000         4.9000000000         2.2311537283         4.1696195744        23.3144451133
        1.7800091000         4.9000000000         2.2234967477         4.2563834080        23.1149831407
        1.7850081000         4.9000000000         2.2337060552         4.3584585064        23.3809324376
        1.7900095000         4.9000000000         2.2132874403         4.4426704625        22.8490338437
        1.7950083000         4.9000000000         2.2234967477         4.5421936834        23.1149831407
        1.8000088000         4.9000000000         2.2260490746         4.6315093945        23.1814704649
        1.8050082000         4.9000000000         2.2158397672         4.7106175957        22.9155211680
        1.8100084000         4.9000000000         2.2132874403         4.8126926941        22.8490338437
        1.8150082000         4.9000000000         2.2183920940         4.9045602826        22.9820084922
        1.8200047000         4.9000000000         2.2107351134         4.9964278711        22.7825465195
        1.8250082000         4.9000000000         2.2183920940         5.0066353810        22.9820084922
        1.8300047000         4.9000000000         2.2439153626         1.1150222560        23.6468817345
        1.8350082000         4.9000000000         2.2081827866        -0.0027000711        22.7160591953
        1.8400067000         4.9000000000         2.2132874403         0.0559931105        22.8490338437
        1.8450022000         4.9000000000         2.2337060552         0.1478606990        23.3809324376
        1.8500050000         4.9000000000         2.2005258060         0.2346245326        22.5165972226
        1.8550083000         4.9000000000         2.2158397672         0.3239402437        22.9155211680
        1.8600082000         4.9000000000         2.2132874403         0.4081521998        22.8490338437
        1.8650086000         4.9000000000         2.2107351134         0.5051235433        22.7825465195
        1.8700051000         4.9000000000         2.2107351134         0.5918873769        22.7825465195
        1.8750099000         4.9000000000         2.2107351134         0.6837549654        22.7825465195
        1.8800090000         4.9000000000         2.2209444209         0.7756225539        23.0484958164
        1.8850081000         4.9000000000         2.2132874403         0.8674901425        22.8490338437
        1.8900063000         4.9000000000         2.2158397672         0.9440464662        22.9155211680
        1.8950105000         4.9000000000         2.2030781329         1.0461215646        22.5830845468
        1.9000087000         4.9000000000         2.1979734792         1.1226778884        22.4501098984
        1.9050085000         4.9000000000         2.2132874403         1.2119935994        22.8490338437
        1.9100041000         4.9000000000         2.2056304597         1.2911018006        22.6495718711
        1.9150082000         4.9000000000         2.2107351134         1.3931768990        22.7825465195
        1.9200060000         4.9000000000         2.2030781329         1.4646294679        22.5830845468
        1.9250084000         4.9000000000         2.2183920940         1.5590489338        22.9820084922
        1.9300093000         4.9000000000         2.2107351134         1.6458127674        22.7825465195
        1.9350084000         4.9000000000         2.2209444209         1.7376803560        23.0484958164
        1.9400042000         4.9000000000         2.2209444209         1.8167885572        23.0484958164
        1.9450081000         4.9000000000         2.2183920940         1.9035523908        22.9820084922
        1.9500056000         4.9000000000         2.2056304597         1.9826605920        22.6495718711
        1.9550081000         4.9000000000         2.2260490746         2.0796319355        23.1814704649
        1.9600044000         4.9000000000         2.2183920940         2.1689476465        22.9820084922
        1.9650080000         4.9000000000         2.2183920940         2.2557114802        22.9820084922
        1.9700058000         4.9000000000         2.2183920940         2.3373715588        22.9820084922
        1.9750083000         4.9000000000         2.2311537283         2.4368947797        23.3144451133
        1.9800089000         4.9000000000         2.2183920940         2.5236586133        22.9820084922
        1.9850081000         4.9000000000         2.2209444209         2.6206299568        23.0484958164
        1.9900069000         4.9000000000         2.2209444209         2.6971862806        23.0484958164
        1.9950081000         4.9000000000         2.2234967477         2.7865019916        23.1149831407
        2.0000058000         4.9000000000         2.2183920940         2.8783695801        22.9820084922
        2.0050085000         4.9000000000         2.2132874403         2.9727890461        22.8490338437
        2.0100062000         4.9000000000         2.2362583820         3.0570010023        23.4474197618
        2.0150083000         4.9000000000         2.2209444209         3.1463167133        23.0484958164
        2.0200038000         4.9000000000         2.2260490746         3.2356324244        23.1814704649
        2.0250089000         4.9000000000         2.2183920940         3.3198443806        22.9820084922
        2.0300043000         4.9000000000         2.2183920940         3.4066082142        22.9820084922
        2.0350054000         4.9000000000         2.2337060552         3.5112351900        23.3809324376
        2.0400069000         4.9000000000         2.2132874403         3.5877915138        22.8490338437
        2.0452011000         4.9000000000         2.2158397672         3.6873147347        22.9155211680
        2.0500248000         4.9000000000         2.2260490746         3.7740785683        23.1814704649
        2.0550109000         4.9000000000         2.2388107089         3.8684980342        23.5139070860
        2.0600081000         4.9000000000         2.2260490746         3.9501581129        23.1814704649
        2.0650072000         4.9000000000         2.2234967477         4.0471294564        23.1149831407
        2.0700192000         4.9000000000         2.2183920940         4.1287895351        22.9820084922
        2.0750089000         4.9000000000         2.2337060552         4.2206571236        23.3809324376
        2.0800039000         4.9000000000         2.2260490746         4.3048690797        23.1814704649
        2.0850021000         4.9000000000         2.2107351134         4.3992885457        22.7825465195
        2.0900054000         4.9000000000         2.2107351134         4.4835005019        22.7825465195
        2.0950096000         4.9000000000         2.2183920940         4.5830237228        22.9820084922
        2.1000034000         4.9000000000         2.2158397672         4.6723394338        22.9155211680
        2.1050036000         4.9000000000         2.2183920940         4.7667588998        22.9820084922
        2.1100082000         4.9000000000         2.2158397672         4.8637302433        22.9155211680
        2.1150049000         4.9000000000         2.2158397672         4.9530459543        22.9155211680
        2.1200084000         4.9000000000         2.2286014014         5.0117391359        23.2479577891
        2.1250065000         4.9000000000         2.2209444209         1.1099185011        23.0484958164
        2.1300083000         4.9000000000         2.2209444209        -0.0001481936        23.0484958164
        2.1350065000         4.9000000000         2.2158397672         0.0177149486        22.9155211680
        2.1400084000         4.9000000000         2.2107351134         0.0917193949        22.7825465195
        2.1450044000         4.9000000000         2.2056304597         0.1835869834        22.6495718711
        2.1500080000         4.9000000000         2.2132874403         0.2856620818        22.8490338437
        2.1550094000         4.9000000000         2.2209444209         0.3724259154        23.0484958164
        2.1600084000         4.9000000000         2.2056304597         0.4591897490        22.6495718711
        2.1650080000         4.9000000000         2.2107351134         0.5459535826        22.7825465195
        2.1700087000         4.9000000000         2.2158397672         0.6403730486        22.9155211680
        2.1750051000         4.9000000000         2.2030781329         0.7271368822        22.5830845468
        2.1800085000         4.9000000000         2.2132874403         0.8190044707        22.8490338437
        2.1850065000         4.9000000000         2.2158397672         0.9083201818        22.9155211680
        2.1900083000         4.9000000000         2.2158397672         1.0027396478        22.9155211680
        2.1950072000         4.9000000000         2.2005258060         1.0792959716        22.5165972226
        2.2000080000         4.9000000000         2.2030781329         1.1711635601        22.5830845468
        2.2050101000         4.9000000000         2.2260490746         1.2655830261        23.1814704649
        2.2100152000         4.9000000000         2.2132874403         1.3446912273        22.8490338437
        2.2150076000         4.9000000000         2.2158397672         1.4314550609        22.9155211680
        2.2200098000         4.9000000000         2.2030781329         1.5182188945        22.5830845468
        2.2250064000         4.9000000000         2.2158397672         1.6075346056        22.9155211680
        2.2300148000         4.9000000000         2.2056304597         1.6866428068        22.6495718711
        2.2350386000         4.9000000000         2.2260490746         1.7861660277        23.1814704649
        2.2400084000         4.9000000000         2.2056304597         1.8576185965        22.6495718711
        2.2450047000         4.9000000000         2.2158397672         1.9571418174        22.9155211680
        2.2500080000         4.9000000000         2.2183920940         2.0388018961        22.9820084922
        2.2551608000         4.9000000000         2.2234967477         2.1306694847        23.1149831407
        2.2600056000         4.9000000000         2.2081827866         2.2123295633        22.7160591953
        2.2650084000         4.9000000000         2.2209444209         2.3016452744        23.0484958164
        2.2700121000         4.9000000000         2.2132874403         2.3884091080        22.8490338437
        2.2750801000         4.9000000000         2.2234967477         2.4853804515        23.1149831407
        2.2800040000         4.9000000000         2.2260490746         2.5695924076        23.1814704649
        2.2850082000         4.9000000000         2.2158397672         2.6538043638        22.9155211680
        2.2900088000         4.9000000000         2.2260490746         2.7558794621        23.1814704649
        2.2950086000         4.9000000000         2.2260490746         2.8375395408        23.1814704649
        2.3000083000         4.9000000000         2.2439153626         2.9243033744        23.6468817345
        2.3050082000         4.9000000000         2.2311537283         3.0238265953        23.3144451133
        2.3100138000         4.9000000000         2.2311537283         3.1080385515        23.3144451133
        2.3150105000         4.9000000000         2.2286014014         3.1999061400        23.2479577891
        2.3200094000         4.9000000000         2.2234967477         3.2790143412        23.1149831407
        2.3250111000         4.9000000000         2.2337060552         3.3810894396        23.3809324376
        2.3300087000         4.9000000000         2.2286014014         3.4627495183        23.2479577891
        2.3350031000         4.9000000000         2.2260490746         3.5571689842        23.1814704649
        2.3400044000         4.9000000000         2.2388107089         3.6464846953        23.5139070860
        2.3450194000         4.9000000000         2.2209444209         3.7281447740        23.0484958164
        2.3500066000         4.9000000000         2.2209444209         3.8200123625        23.0484958164
        2.3550082000         4.9000000000         2.2337060552         3.9169837060        23.3809324376
        2.3600048000         4.9000000000         2.2311537283         3.9986437847        23.3144451133
        2.3650081000         4.9000000000         2.2183920940         4.0905113732        22.9820084922
        2.3700044000         4.9000000000         2.2234967477         4.1772752068        23.1149831407
        2.3750082000         4.9000000000         2.2158397672         4.2614871629        22.9155211680
        2.3800048000         4.9000000000         2.2286014014         4.3635622613        23.2479577891
        2.3850081000         4.9000000000         2.2183920940         4.4426704625        22.9820084922
        2.3900078000         4.9000000000         2.2132874403         4.5396418060        22.8490338437
        2.3950084000         4.9000000000         2.2183920940         4.6340612719        22.9820084922
        2.4000075000         4.9000000000         2.2260490746         4.7259288605        23.1814704649
        2.4050383000         4.9000000000         2.2209444209         4.8203483265        23.0484958164
        2.4100599000         4.9000000000         2.2132874403         4.9147677924        22.8490338437
        2.4150083000         4.9000000000         2.2337060552         5.0091872584        23.3809324376
        2.4200093000         4.9000000000         2.2107351134         5.0015316260        22.7825465195
        2.4250086000         4.9000000000         2.2286014014         1.1073666236        23.2479577891
        2.4300095000         4.9000000000         2.2183920940        -0.0052519485        22.9820084922
        2.4350086000         4.9000000000         2.2107351134         0.0559931105        22.7825465195
        2.4400066000         4.9000000000         2.2158397672         0.1504125765        22.9155211680
        2.4450086000         4.9000000000         2.2234967477         0.2397282875        23.1149831407
        2.4500052000         4.9000000000         2.2132874403         0.3239402437        22.8490338437
        2.4550082000         4.9000000000         2.2107351134         0.4285672195        22.7825465195
        2.4600087000         4.9000000000         2.2056304597         0.5051235433        22.6495718711
        2.4650081000         4.9000000000         2.2056304597         0.6020948867        22.6495718711
        2.4700045000         4.9000000000         2.2081827866         0.6888587203        22.7160591953
        2.4750082000         4.9000000000         2.2107351134         0.7705187990        22.7825465195
        2.4800046000         4.9000000000         2.2132874403         0.8725938974        22.8490338437
        2.4850081000         4.9000000000         2.2107351134         0.9542539761        22.7825465195
        2.4900044000         4.9000000000         2.2183920940         1.0563290744        22.9820084922
        2.4950083000         4.9000000000         2.2183920940         1.1328853982        22.9820084922
        2.5000061000         4.9000000000         2.2030781329         1.2196492318        22.5830845468
        2.5050081000         4.9000000000         2.2056304597         1.3064130654        22.6495718711
        2.5100058000         4.9000000000         2.2158397672         1.3931768990        22.9155211680
        2.5150081000         4.9000000000         2.2081827866         1.4799407326        22.7160591953
        2.5200048000         4.9000000000         2.2158397672         1.5667045662        22.9155211680
        2.5250083000         4.9000000000         2.2107351134         1.6534683998        22.7825465195
        2.5300071000         4.9000000000         2.2260490746         1.7478878658        23.1814704649
        2.5350079000         4.9000000000         2.2234967477         1.8320998220        23.1149831407
        2.5400056000         4.9000000000         2.2081827866         1.9086561457        22.7160591953
        2.5450083000         4.9000000000         2.2107351134         1.9954199793        22.7825465195
        2.5500083000         4.9000000000         2.2209444209         2.0872875679        23.0484958164
        2.5550081000         4.9000000000         2.2234967477         2.1817070338        23.1149831407
        2.5600047000         4.9000000000         2.2286014014         2.2710227449        23.2479577891
        2.5650083000         4.9000000000         2.2158397672         2.3526828236        22.9155211680
        2.5700065000         4.9000000000         2.2107351134         2.4394466572        22.7825465195
        2.5750082000         4.9000000000         2.2234967477         2.5211067359        23.1149831407
        2.5800051000         4.9000000000         2.2234967477         2.6282855892        23.1149831407
        2.5850084000         4.9000000000         2.2081827866         2.7022900355        22.7160591953
        2.5900064000         4.9000000000         2.2337060552         2.8069170113        23.3809324376
        2.5950083000         4.9000000000         2.2209444209         2.8834733351        23.0484958164
        2.6000042000         4.9000000000         2.2286014014         2.9778928011        23.2479577891
        2.6050082000         4.9000000000         2.2209444209         3.0570010023        23.0484958164
        2.6100057000         4.9000000000         2.2311537283         3.1590761006        23.3144451133
        2.6150031000         4.9000000000         2.2260490746         3.2381843019        23.1814704649
        2.6200044000         4.9000000000         2.2413630357         3.3377075228        23.5803944102
        2.6250084000         4.9000000000         2.2311537283         3.4219194789        23.3144451133
        2.6300045000         4.9000000000         2.2234967477         3.5086833125        23.1149831407
        2.6350082000         4.9000000000         2.2337060552         3.6056546560        23.3809324376
        2.6400057000         4.9000000000         2.2311537283         3.6898666121        23.3144451133
        2.6450080000         4.9000000000         2.2286014014         3.7766304457        23.2479577891
        2.6500069000         4.9000000000         2.2081827866         3.8659461568        22.7160591953
        2.6550082000         4.9000000000         2.2158397672         3.9501581129        22.9155211680
        2.6600048000         4.9000000000         2.2183920940         4.0471294564        22.9820084922
        2.6650082000         4.9000000000         2.2311537283         4.1364451674        23.3144451133
        2.6700090000         4.9000000000         2.2183920940         4.2206571236        22.9820084922
        2.6750081000         4.9000000000         2.2286014014         4.3201803445        23.2479577891
        2.6800046000         4.9000000000         2.2209444209         4.4120479330        23.0484958164
        2.6850086000         4.9000000000         2.2388107089         4.4988117666        23.5139070860
        2.6900043000         4.9000000000         2.2158397672         4.5830237228        22.9155211680
        2.6950080000         4.9000000000         2.2311537283         4.6927544535        23.3144451133
        2.7000074000         4.9000000000         2.2158397672         4.7693107773        22.9155211680
        2.7050081000         4.9000000000         2.2158397672         4.8637302433        22.9155211680
        2.7100030000         4.9000000000         2.2362583820         4.9658053416        23.4474197618
        2.7150080000         4.9000000000         2.2107351134         5.0040835035        22.7825465195
        2.7200061000         4.9000000000         2.2132874403         1.1048147461        22.8490338437
        2.7250082000         4.9000000000         2.2183920940        -0.0027000711        22.9820084922
        2.7300050000         4.9000000000         2.2183920940         0.0151630711        22.9820084922
        2.7350084000         4.9000000000         2.2107351134         0.0968231498        22.7825465195
        2.7400046000         4.9000000000         2.2132874403         0.1937944933        22.8490338437
        2.7450080000         4.9000000000         2.1979734792         0.2831102043        22.4501098984
        2.7500074000         4.9000000000         2.2286014014         0.3851853027        23.2479577891
        2.7550081000         4.9000000000         2.2005258060         0.4591897490        22.5165972226
        2.7600046000         4.9000000000         2.2081827866         0.5510573375        22.7160591953
        2.7650083000         4.9000000000         2.2107351134         0.6454768035        22.7825465195
        2.7700041000         4.9000000000         2.2158397672         0.7347925146        22.9155211680
        2.7750082000         4.9000000000         2.2132874403         0.8241082257        22.8490338437
        2.7800061000         4.9000000000         2.2158397672         0.9134239367        22.9155211680
        2.7850083000         4.9000000000         2.1979734792         0.9976358929        22.4501098984
        2.7900054000         4.9000000000         2.2234967477         1.0971591138        23.1149831407
        2.7950084000         4.9000000000         2.2107351134         1.1762673150        22.7825465195
        2.8000044000         4.9000000000         2.2107351134         1.2706867810        22.7825465195
        2.8050086000         4.9000000000         2.2107351134         1.3472431047        22.7825465195
        2.8100061000         4.9000000000         2.2107351134         1.4391106933        22.7825465195
        2.8150116000         4.9000000000         2.2183920940         1.5233226494        22.9820084922
        2.8200066000         4.9000000000         2.2107351134         1.6075346056        22.7825465195
        2.8250085000         4.9000000000         2.2183920940         1.7045059490        22.9820084922
        2.8300026000         4.9000000000         2.2183920940         1.7912697826        22.9820084922
        2.8350087000         4.9000000000         2.2107351134         1.8627223515        22.7825465195
        2.8400156000         4.9000000000         2.2183920940         1.9545899400        22.9820084922
        2.8450081000         4.9000000000         2.2107351134         2.0388018961        22.7825465195
        2.8500074000         4.9000000000         2.2183920940         2.1332213621        22.9820084922
        2.8550085000         4.9000000000         2.2056304597         2.2148814408        22.6495718711
        2.8600306000         4.9000000000         2.2183920940         2.3118527843        22.9820084922
        2.8650081000         4.9000000000         2.2183920940         2.3960647404        22.9820084922
        2.8700241000         4.9000000000         2.2337060552         2.4904842064        23.3809324376
        2.8750084000         4.9000000000         2.2183920940         2.5721442851        22.9820084922
        2.8800082000         4.9000000000         2.2260490746         2.6691156285        23.1814704649
        2.8850044000         4.9000000000         2.2158397672         2.7533275847        22.9155211680
        2.8900084000         4.9000000000         2.2158397672         2.8426432957        22.9155211680
        2.8950047000         4.9000000000         2.2337060552         2.9370627617        23.3809324376
        2.9000082000         4.9000000000         2.2337060552         3.0187228404        23.3809324376
        2.9050086000         4.9000000000         2.2337060552         3.1156941838        23.3809324376
        2.9100081000         4.9000000000         2.2183920940         3.1922505076        22.9820084922
        2.9150048000         4.9000000000         2.2234967477         3.2866699736        23.1149831407
        2.9200057000         4.9000000000         2.2132874403         3.3708819297        22.8490338437
        2.9250084000         4.9000000000         2.2337060552         3.4678532732        23.3809324376
        2.9300048000         4.9000000000         2.2286014014         3.5648246166        23.2479577891
        2.9350082000         4.9000000000         2.2209444209         3.6464846953        23.0484958164
        2.9400038000         4.9000000000         2.2311537283         3.7409041613        23.3144451133
        2.9450084000         4.9000000000         2.2260490746         3.8251161174        23.1814704649
        2.9500194000         4.9000000000         2.2234967477         3.9144318285        23.1149831407
        2.9550083000         4.9000000000         2.2158397672         3.9986437847        22.9155211680
        2.9600706000         4.9000000000         2.2234967477         4.0956151281        23.1149831407
        2.9650087000         4.9000000000         2.2234967477         4.1747233293        23.1149831407
        2.9703147000         4.9000000000         2.2286014014         4.2767984277        23.2479577891
        2.9750054000         4.9000000000         2.2132874403         4.3635622613        22.8490338437
        2.9800085000         4.9000000000         2.2183920940         4.4528779724        22.9820084922
        2.9850083000         4.9000000000         2.2311537283         4.5472974383        23.3144451133
        2.9900082000         4.9000000000         2.2183920940         4.6366131494        22.9820084922
        2.9950047000         4.9000000000         2.2260490746         4.7310326154        23.1814704649
        3.0000081000         4.9000000000         2.2107351134         4.8126926941        22.7825465195
        3.0050046000         4.9000000000         2.2234967477         4.9173196699        23.1149831407
        3.0100082000         4.9000000000         2.2234967477         5.0066353810        23.1149831407
        3.0150083000         4.9000000000         2.2132874403         5.0066353810        22.8490338437
        3.0200092000         4.9000000000         2.2209444209         1.1099185011        23.0484958164
        3.0250038000         4.9000000000         2.2234967477         0.0075074388        23.1149831407
        3.0300083000         4.9000000000         2.2107351134         0.0534412330        22.7825465195
        3.0350053000         4.9000000000         2.2183920940         0.1580682088        22.9820084922
        3.0400081000         4.9000000000         2.2030781329         0.2448320425        22.5830845468
        3.0450063000         4.9000000000         2.2209444209         0.3341477535        23.0484958164
        3.0500080000         4.9000000000         2.2158397672         0.4285672195        22.9155211680
        3.0550081000         4.9000000000         2.2081827866         0.5076754207        22.7160591953
        3.0600082000         4.9000000000         2.2030781329         0.6020948867        22.5830845468
        3.0650042000         4.9000000000         2.2132874403         0.6914105978        22.8490338437
        3.0700085000         4.9000000000         2.2132874403         0.7832781863        22.8490338437
        3.0750054000         4.9000000000         2.2107351134         0.8623863875        22.7825465195
        3.0800030000         4.9000000000         2.2081827866         0.9542539761        22.7160591953
        3.0850051000         4.9000000000         2.2107351134         1.0486734420        22.7825465195
        3.0900083000         4.9000000000         2.2056304597         1.1328853982        22.6495718711
        3.0950064000         4.9000000000         2.2209444209         1.2298567416        23.0484958164
        3.1000142000         4.9000000000         2.2081827866         1.3089649429        22.7160591953
        3.1050047000         4.9000000000         2.2209444209         1.4008325314        23.0484958164
        3.1100084000         4.9000000000         2.2158397672         1.4824926101        22.9155211680
        3.1150044000         4.9000000000         2.2209444209         1.5743601986        23.0484958164
        3.1200091000         4.9000000000         2.2107351134         1.6560202773        22.7825465195
        3.1250068000         4.9000000000         2.2030781329         1.7402322334        22.5830845468
        3.1300120000         4.9000000000         2.2234967477         1.8320998220        23.1149831407
        3.1350045000         4.9000000000         2.2158397672         1.9112080232        22.9155211680
        3.1400086000         4.9000000000         2.2183920940         2.0005237343        22.9820084922
        3.1450070000         4.9000000000         2.2311537283         2.0974950777        23.3144451133
        3.1500086000         4.9000000000         2.2107351134         2.1714995240        22.7825465195
        3.1550060000         4.9000000000         2.2209444209         2.2659189900        23.0484958164
        3.1600083000         4.9000000000         2.2439153626         2.3577865785        23.6468817345
        3.1650044000         4.9000000000         2.2234967477         2.4394466572        23.1149831407
        3.1700085000         4.9000000000         2.2158397672         2.5338661232        22.9155211680
        3.1750086000         4.9000000000         2.2234967477         2.6257337117        23.1149831407
        3.1800084000         4.9000000000         2.2234967477         2.7048419129        23.1149831407
        3.1850041000         4.9000000000         2.2234967477         2.7992613789        23.1149831407
        3.1900092000         4.9000000000         2.2260490746         2.8860252125        23.1814704649
        3.1950083000         4.9000000000         2.2234967477         2.9702371687        23.1149831407
        3.2000088000         4.9000000000         2.2158397672         3.0570010023        22.9155211680
        3.2050066000         4.9000000000         2.2311537283         3.1616279781        23.3144451133
        3.2100153000         4.9000000000         2.2234967477         3.2381843019        23.1149831407
        3.2150144000         4.9000000000         2.2158397672         3.3300518904        22.9155211680
        3.2200068000         4.9000000000         2.2286014014         3.4270232338        23.2479577891
        3.2250218000         4.9000000000         2.2260490746         3.5112351900        23.1814704649
        3.2300218000         4.9000000000         2.2209444209         3.6031027785        23.0484958164
        3.2350054000         4.9000000000         2.2183920940         3.6898666121        22.9820084922
        3.2400104000         4.9000000000         2.2286014014         3.7766304457        23.2479577891
        3.2450044000         4.9000000000         2.2260490746         3.8710499117        23.1814704649
        3.2500193000         4.9000000000         2.2260490746         3.9578137453        23.1814704649
        3.2550061000         4.9000000000         2.2260490746         4.0547850888        23.1814704649
        3.2600100000         4.9000000000         2.2158397672         4.1364451674        22.9155211680
        3.2650070000         4.9000000000         2.2286014014         4.2257608785        23.2479577891
        3.2700144000         4.9000000000         2.2260490746         4.3150765896        23.1814704649
        3.2750099000         4.9000000000         2.2107351134         4.4043923006        22.7825465195
        3.2800081000         4.9000000000         2.2286014014         4.4988117666        23.2479577891
        3.2850057000         4.9000000000         2.2234967477         4.5906793551        23.1149831407
        3.2900085000         4.9000000000         2.2311537283         4.6876506986        23.3144451133
        3.2950086000         4.9000000000         2.2107351134         4.7718626547        22.7825465195
        3.3000083000         4.9000000000         2.2234967477         4.8662821207        23.1149831407
        3.3050061000         4.9000000000         2.2209444209         4.9632534642        23.0484958164
        3.3100084000         4.9000000000         2.2260490746         5.0066353810        23.1814704649
        3.3150061000         4.9000000000         2.2286014014         1.1150222560        23.2479577891
        3.3200081000         4.9000000000         2.2158397672         0.0024036839        22.9155211680
        3.3250067000         4.9000000000         2.2056304597         0.0177149486        22.6495718711
        3.3300087000         4.9000000000         2.2132874403         0.0993750273        22.8490338437
        3.3350082000         4.9000000000         2.2209444209         0.2040020031        23.0484958164
        3.3400082000         4.9000000000         2.2132874403         0.2805583269        22.8490338437
        3.3450278000         4.9000000000         2.2260490746         0.3851853027        23.1814704649
        3.3500041000         4.9000000000         2.2183920940         0.4719491363        22.9820084922
        3.3550055000         4.9000000000         2.2107351134         0.5612648474        22.7825465195
        3.3600082000         4.9000000000         2.2234967477         0.6531324359        23.1149831407
        3.3650065000         4.9000000000         2.2005258060         0.7347925146        22.5165972226
        3.3700086000         4.9000000000         2.2183920940         0.8241082257        22.9820084922
        3.3752574000         4.9000000000         2.2107351134         0.9159758142        22.7825465195
        3.3800083000         4.9000000000         2.2107351134         1.0078434027        22.7825465195
        3.3850073000         4.9000000000         2.2056304597         1.0920553588        22.6495718711
        3.3900081000         4.9000000000         2.2183920940         1.1788191925        22.9820084922
        3.3950582000         4.9000000000         2.2286014014         1.2706867810        23.2479577891
        3.4000082000         4.9000000000         2.2158397672         1.3548987371        22.9155211680
        3.4050083000         4.9000000000         2.2158397672         1.4467663256        22.9155211680
        3.4100112000         4.9000000000         2.2183920940         1.5258745269        22.9820084922
        3.4150082000         4.9000000000         2.2183920940         1.6151902379        22.9820084922
        3.4200082000         4.9000000000         2.2081827866         1.6968503166        22.7160591953
        3.4250082000         4.9000000000         2.2158397672         1.7836141502        22.9155211680
        3.4300069000         4.9000000000         2.2183920940         1.8780336162        22.9820084922
        3.4350041000         4.9000000000         2.2234967477         1.9622455724        23.1149831407
        3.4400082000         4.9000000000         2.2286014014         2.0515612834        23.2479577891
        3.4450045000         4.9000000000         2.2234967477         2.1332213621        23.1149831407
        3.4500083000         4.9000000000         2.2183920940         2.2276408281        22.9820084922
        3.4550050000         4.9000000000         2.2107351134         2.3041971519        22.7825465195
        3.4600084000         4.9000000000         2.2260490746         2.3986166179        23.1814704649
        3.4650060000         4.9000000000         2.2158397672         2.4853804515        22.9155211680
        3.4700084000         4.9000000000         2.2286014014         2.5849036724        23.2479577891
        3.4750048000         4.9000000000         2.2286014014         2.6665637511        23.2479577891
        3.4800029000         4.9000000000         2.2234967477         2.7533275847        23.1149831407
        3.4850021000         4.9000000000         2.2362583820         2.8528508056        23.4474197618
        3.4900063000         4.9000000000         2.2286014014         2.9345108842        23.2479577891
        3.4950036000         4.9000000000         2.2337060552         3.0289303502        23.3809324376
        3.5000051000         4.9000000000         2.2234967477         3.1080385515        23.1149831407
        3.5050026000         4.9000000000         2.2260490746         3.1999061400        23.1814704649
        3.5100055000         4.9000000000         2.2362583820         3.2968774834        23.4474197618
        3.5150057000         4.9000000000         2.2107351134         3.3759856847        22.7825465195
        3.5200046000         4.9000000000         2.2311537283         3.4678532732        23.3144451133
        3.5250085000         4.9000000000         2.2183920940         3.5597208617        22.9820084922
        3.5300077000         4.9000000000         2.2362583820         3.6541403277        23.4474197618
        3.5350087000         4.9000000000         2.2260490746         3.7434560388        23.1814704649
        3.5400060000         4.9000000000         2.2132874403         3.8200123625        22.8490338437
        3.5450082000         4.9000000000         2.2286014014         3.9144318285        23.2479577891
        3.5500085000         4.9000000000         2.2337060552         4.0037475396        23.3809324376
        3.5550086000         4.9000000000         2.2107351134         4.0854076183        22.7825465195
        3.5600062000         4.9000000000         2.2286014014         4.1900345941        23.2479577891
        3.5650083000         4.9000000000         2.2260490746         4.2691427953        23.1814704649
        3.5700058000         4.9000000000         2.2286014014         4.3635622613        23.2479577891
        3.5750083000         4.9000000000         2.2260490746         4.4554298498        23.1814704649
        3.5800044000         4.9000000000         2.2183920940         4.5447455609        22.9820084922
        3.5850082000         4.9000000000         2.2260490746         4.6468206592        23.1814704649
        3.5900116000         4.9000000000         2.2311537283         4.7310326154        23.3144451133
        3.5950074000         4.9000000000         2.2260490746         4.8305558363        23.1814704649
        3.6000076000         4.9000000000         2.2132874403         4.9198715474        22.8490338437
        3.6050061000         4.9000000000         2.2209444209         5.0040835035        23.0484958164
        3.6100089000         4.9000000000         2.2209444209         5.0040835035        23.0484958164
        3.6150083000         4.9000000000         2.2286014014         0.0100593162        23.2479577891
        3.6200067000         4.9000000000         2.2209444209         0.0024036839        23.0484958164
        3.6250045000         4.9000000000         2.2183920940         0.0687524978        22.9820084922
        3.6300048000         4.9000000000         2.2183920940         0.1529644539        22.9820084922
        3.6350091000         4.9000000000         2.2234967477         0.2499357974        23.1149831407
        3.6400097000         4.9000000000         2.2132874403         0.3392515084        22.8490338437
        3.6450121000         4.9000000000         2.2183920940         0.4336709744        22.9820084922
        3.6500067000         4.9000000000         2.2081827866         0.5178829306        22.7160591953
        3.6550132000         4.9000000000         2.2183920940         0.6046467642        22.9820084922
        3.6600082000         4.9000000000         2.2132874403         0.6965143527        22.8490338437
        3.6650159000         4.9000000000         2.2132874403         0.7858300638        22.8490338437
        3.6700114000         4.9000000000         2.2107351134         0.8751457748        22.7825465195
        3.6750144000         4.9000000000         2.2209444209         0.9619096084        23.0484958164
        3.6800078000         4.9000000000         2.2132874403         1.0614328293        22.8490338437
        3.6850228000         4.9000000000         2.2183920940         1.1481966629        22.9820084922
        3.6900090000         4.9000000000         2.2056304597         1.2273048642        22.6495718711
        3.6950072000         4.9000000000         2.2081827866         1.3140686978        22.7160591953
        3.7000060000         4.9000000000         2.2158397672         1.3931768990        22.9155211680
        3.7050088000         4.9000000000         2.2158397672         1.4927001199        22.9155211680
        3.7100059000         4.9000000000         2.2107351134         1.5743601986        22.7825465195
        3.7150084000         4.9000000000         2.2132874403         1.6636759097        22.8490338437
        3.7200085000         4.9000000000         2.2234967477         1.7478878658        23.1149831407
        3.7250176000         4.9000000000         2.2107351134         1.8269960670        22.7825465195
        3.7300070000         4.9000000000         2.2183920940         1.9188636556        22.9820084922
        3.7350142000         4.9000000000         2.2209444209         2.0132831215        23.0484958164
        3.7400084000         4.9000000000         2.2081827866         2.0872875679        22.7160591953
        3.7450166000         4.9000000000         2.2183920940         2.1842589113        22.9820084922
        3.7500083000         4.9000000000         2.2234967477         2.2710227449        23.1149831407
        3.7550166000         4.9000000000         2.2158397672         2.3552347011        22.9155211680
        3.7600081000         4.9000000000         2.2234967477         2.4445504121        23.1149831407
        3.7650102000         4.9000000000         2.2311537283         2.5440736330        23.3144451133
        3.7700061000         4.9000000000         2.2132874403         2.6206299568        22.8490338437
        3.7750085000         4.9000000000         2.2234967477         2.7150494228        23.1149831407
        3.7800080000         4.9000000000         2.2413630357         2.8120207662        23.5803944102
        3.7850173000         4.9000000000         2.2337060552         2.9038883547        23.3809324376
        3.7900068000         4.9000000000         2.2158397672         2.9778928011        22.9155211680
        3.7950166000         4.9000000000         2.2132874403         3.0672085121        22.8490338437
        3.8000104000         4.9000000000         2.2183920940         3.1590761006        22.9820084922
        3.8050174000         4.9000000000         2.2286014014         3.2483918117        23.2479577891
        3.8100081000         4.9000000000         2.2337060552         3.3479150326        23.3809324376
        3.8150172000         4.9000000000         2.2209444209         3.4270232338        23.0484958164
        3.8200060000         4.9000000000         2.2234967477         3.5188908224        23.1149831407
        3.8250097000         4.9000000000         2.2209444209         3.6056546560        23.0484958164
        3.8300054000         4.9000000000         2.2234967477         3.6949703670        23.1149831407
        3.8350083000         4.9000000000         2.2311537283         3.7919417105        23.3144451133
        3.8400090000         4.9000000000         2.2234967477         3.8736017892        23.1149831407
        3.8450081000         4.9000000000         2.2183920940         3.9654693777        22.9820084922
        3.8500068000         4.9000000000         2.2132874403         4.0471294564        22.8490338437
        3.8550088000         4.9000000000         2.2388107089         4.1466526773        23.5139070860
        3.8600053000         4.9000000000         2.2183920940         4.2257608785        22.9820084922
        3.8650081000         4.9000000000         2.2286014014         4.3278359769        23.2479577891
        3.8700070000         4.9000000000         2.2132874403         4.4043923006        22.8490338437
        3.8750088000         4.9000000000         2.2337060552         4.5039155215        23.3809324376
        3.8800053000         4.9000000000         2.2183920940         4.5957831101        22.9820084922
        3.8850082000         4.9000000000         2.2158397672         4.6825469437        22.9155211680
        3.8900054000         4.9000000000         2.2234967477         4.7871739195        23.1149831407
        3.8950082000         4.9000000000         2.2158397672         4.8662821207        22.9155211680
        3.9000053000         4.9000000000         2.2234967477         4.9734609740        23.1149831407
        3.9050083000         4.9000000000         2.2107351134         4.9989797486        22.7825465195
        3.9100062000         4.9000000000         2.2260490746         1.1099185011        23.1814704649
        3.9150083000         4.9000000000         2.2337060552         0.0075074388        23.3809324376
        3.9200049000         4.9000000000         2.2081827866         0.0202668261        22.7160591953
        3.9250083000         4.9000000000         2.2056304597         0.1044787822        22.6495718711
        3.9303050000         4.9000000000         2.2158397672         0.2091057580        22.9155211680
        3.9350092000         4.9000000000         2.2081827866         0.2882139593        22.7160591953
        3.9400110000         4.9000000000         2.2132874403         0.3851853027        22.8490338437
        3.9450162000         4.9000000000         2.2005258060         0.4693972588        22.5165972226
        3.9500089000         4.9000000000         2.2209444209         0.5689204797        23.0484958164
        3.9550169000         4.9000000000         2.2081827866         0.6454768035        22.7160591953
        3.9600092000         4.9000000000         2.2107351134         0.7450000244        22.7825465195
        3.9650147000         4.9000000000         2.2056304597         0.8266601031        22.6495718711
        3.9700125000         4.9000000000         2.2132874403         0.9210795691        22.8490338437
        3.9750175000         4.9000000000         2.2005258060         1.0052915252        22.5165972226
        3.9800052000         4.9000000000         2.2209444209         1.1073666236        23.0484958164
        3.9850089000         4.9000000000         2.1954211523         1.1762673150        22.3836225742
        3.9900064000         4.9000000000         2.2056304597         1.2655830261        22.6495718711
        3.9950087000         4.9000000000         2.2107351134         1.3574506146        22.7825465195
