% Motor Sweep Step 7/180
% Vcmd       = 2.5400 [V]
% Direction  = CW
% Zone       = DEADZONE
% Vg_offset  = 1.336525 [V]
% K_gimbal   = 26.049690 [(rad/s)/V]

Time[s]              Vcmd[V]              Vg_raw[V]            Pot[V]               Omega[rad/s]
        0.0000065000         2.5400000000         1.3352870017         3.9935400297        -0.0322463522
        0.0050061000         2.5400000000         1.3352870017         3.9960919072        -0.0322463522
        0.0100134000         2.5400000000         1.3276300211         3.9884362748        -0.2317083249
        0.0150024000         2.5400000000         1.3378393285         3.9960919072         0.0342409720
        0.0200040000         2.5400000000         1.3276300211         3.9884362748        -0.2317083249
        0.0250063000         2.5400000000         1.3378393285         3.9935400297         0.0342409720
        0.0300073000         2.5400000000         1.3429439823         4.0011956621         0.1672156204
        0.0350051000         2.5400000000         1.3301823480         3.9909881523        -0.1652210007
        0.0400049000         2.5400000000         1.3352870017         3.9960919072        -0.0322463522
        0.0450050000         2.5400000000         1.3352870017         3.9960919072        -0.0322463522
        0.0500035000         2.5400000000         1.3301823480         3.9884362748        -0.1652210007
        0.0551989000         2.5400000000         1.3403916554         4.0037475396         0.1007282962
        0.0600059000         2.5400000000         1.3352870017         3.9960919072        -0.0322463522
        0.0650078000         2.5400000000         1.3352870017         3.9960919072        -0.0322463522
        0.0700056000         2.5400000000         1.3378393285         3.9986437847         0.0342409720
        0.0750079000         2.5400000000         1.3301823480         3.9884362748        -0.1652210007
        0.0800056000         2.5400000000         1.3352870017         3.9960919072        -0.0322463522
        0.0850063000         2.5400000000         1.3429439823         4.0011956621         0.1672156204
        0.0900031000         2.5400000000         1.3429439823         4.0011956621         0.1672156204
        0.0950056000         2.5400000000         1.3429439823         4.0037475396         0.1672156204
        0.1000040000         2.5400000000         1.3480486360         4.0011956621         0.3001902689
        0.1050860000         2.5400000000         1.3352870017         3.9960919072        -0.0322463522
        0.1100050000         2.5400000000         1.3276300211         3.9909881523        -0.2317083249
        0.1150201000         2.5400000000         1.3352870017         3.9960919072        -0.0322463522
        0.1200028000         2.5400000000         1.3352870017         3.9960919072        -0.0322463522
        0.1250050000         2.5400000000         1.3301823480         3.9909881523        -0.1652210007
        0.1300038000         2.5400000000         1.3352870017         3.9960919072        -0.0322463522
        0.1350045000         2.5400000000         1.3352870017         3.9960919072        -0.0322463522
        0.1400035000         2.5400000000         1.3352870017         3.9935400297        -0.0322463522
        0.1450030000         2.5400000000         1.3327346748         3.9960919072        -0.0987336765
        0.1500023000         2.5400000000         1.3352870017         3.9960919072        -0.0322463522
        0.1550111000         2.5400000000         1.3352870017         3.9960919072        -0.0322463522
        0.1600033000         2.5400000000         1.3301823480         3.9884362748        -0.1652210007
        0.1650049000         2.5400000000         1.3378393285         3.9935400297         0.0342409720
        0.1700057000         2.5400000000         1.3378393285         3.9960919072         0.0342409720
        0.1750057000         2.5400000000         1.3352870017         3.9960919072        -0.0322463522
        0.1800055000         2.5400000000         1.3301823480         3.9909881523        -0.1652210007
        0.1850042000         2.5400000000         1.3352870017         3.9960919072        -0.0322463522
        0.1900036000         2.5400000000         1.3301823480         3.9960919072        -0.1652210007
        0.1950029000         2.5400000000         1.3454963091         3.9935400297         0.2337029447
        0.2000037000         2.5400000000         1.3531532897         3.9960919072         0.4331649173
        0.2050045000         2.5400000000         1.3301823480         3.9935400297        -0.1652210007
        0.2100041000         2.5400000000         1.3352870017         3.9960919072        -0.0322463522
        0.2150045000         2.5400000000         1.3352870017         3.9960919072        -0.0322463522
        0.2200032000         2.5400000000         1.3352870017         3.9960919072        -0.0322463522
        0.2250122000         2.5400000000         1.3352870017         3.9960919072        -0.0322463522
        0.2300037000         2.5400000000         1.3352870017         3.9935400297        -0.0322463522
        0.2350032000         2.5400000000         1.3301823480         3.9909881523        -0.1652210007
        0.2400042000         2.5400000000         1.3352870017         3.9960919072        -0.0322463522
        0.2450062000         2.5400000000         1.3429439823         4.0011956621         0.1672156204
        0.2500071000         2.5400000000         1.3403916554         3.9960919072         0.1007282962
        0.2550290000         2.5400000000         1.3301823480         3.9909881523        -0.1652210007
        0.2600190000         2.5400000000         1.3378393285         3.9986437847         0.0342409720
        0.2650038000         2.5400000000         1.3301823480         3.9909881523        -0.1652210007
        0.2700171000         2.5400000000         1.3301823480         3.9884362748        -0.1652210007
        0.2750061000         2.5400000000         1.3429439823         4.0011956621         0.1672156204
        0.2800135000         2.5400000000         1.3352870017         3.9935400297        -0.0322463522
        0.2850054000         2.5400000000         1.3352870017         3.9960919072        -0.0322463522
        0.2900049000         2.5400000000         1.3352870017         3.9960919072        -0.0322463522
        0.2950052000         2.5400000000         1.3352870017         3.9960919072        -0.0322463522
        0.3000046000         2.5400000000         1.3429439823         4.0037475396         0.1672156204
        0.3050045000         2.5400000000         1.3352870017         3.9960919072        -0.0322463522
        0.3100039000         2.5400000000         1.3276300211         3.9884362748        -0.2317083249
        0.3150055000         2.5400000000         1.3403916554         4.0037475396         0.1007282962
        0.3200042000         2.5400000000         1.3429439823         4.0037475396         0.1672156204
        0.3250042000         2.5400000000         1.3454963091         3.9960919072         0.2337029447
        0.3300061000         2.5400000000         1.3327346748         3.9960919072        -0.0987336765
        0.3350055000         2.5400000000         1.3352870017         3.9960919072        -0.0322463522
        0.3400043000         2.5400000000         1.3301823480         3.9909881523        -0.1652210007
        0.3450041000         2.5400000000         1.3557056165         4.0011956621         0.4996522416
        0.3500053000         2.5400000000         1.3506009628         3.9909881523         0.3666775931
        0.3550067000         2.5400000000         1.3352870017         3.9960919072        -0.0322463522
        0.3600041000         2.5400000000         1.3301823480         3.9884362748        -0.1652210007
        0.3650053000         2.5400000000         1.3352870017         3.9960919072        -0.0322463522
        0.3700032000         2.5400000000         1.3378393285         3.9960919072         0.0342409720
        0.3750137000         2.5400000000         1.3301823480         3.9909881523        -0.1652210007
        0.3800036000         2.5400000000         1.3352870017         3.9960919072        -0.0322463522
        0.3850049000         2.5400000000         1.3352870017         3.9960919072        -0.0322463522
        0.3900054000         2.5400000000         1.3378393285         3.9960919072         0.0342409720
        0.3950040000         2.5400000000         1.3378393285         3.9960919072         0.0342409720
        0.4000028000         2.5400000000         1.3352870017         3.9960919072        -0.0322463522
        0.4050054000         2.5400000000         1.3276300211         3.9884362748        -0.2317083249
        0.4100037000         2.5400000000         1.3352870017         3.9960919072        -0.0322463522
        0.4150030000         2.5400000000         1.3352870017         3.9909881523        -0.0322463522
        0.4200034000         2.5400000000         1.3506009628         3.9909881523         0.3666775931
        0.4250039000         2.5400000000         1.3352870017         3.9960919072        -0.0322463522
        0.4300056000         2.5400000000         1.3352870017         3.9960919072        -0.0322463522
        0.4350139000         2.5400000000         1.3352870017         3.9960919072        -0.0322463522
        0.4400057000         2.5400000000         1.3276300211         3.9909881523        -0.2317083249
        0.4450040000         2.5400000000         1.3378393285         3.9986437847         0.0342409720
        0.4500029000         2.5400000000         1.3352870017         3.9960919072        -0.0322463522
        0.4550035000         2.5400000000         1.3352870017         3.9960919072        -0.0322463522
        0.4600059000         2.5400000000         1.3352870017         3.9960919072        -0.0322463522
        0.4650072000         2.5400000000         1.3301823480         3.9909881523        -0.1652210007
        0.4700027000         2.5400000000         1.3352870017         3.9960919072        -0.0322463522
        0.4750058000         2.5400000000         1.3352870017         3.9935400297        -0.0322463522
        0.4800054000         2.5400000000         1.3352870017         3.9935400297        -0.0322463522
        0.4850045000         2.5400000000         1.3352870017         4.0011956621        -0.0322463522
        0.4900067000         2.5400000000         1.3659149240         3.9986437847         0.7656015385
        0.4950072000         2.5400000000         1.3403916554         4.0011956621         0.1007282962
        0.5000043000         2.5400000000         1.3352870017         3.9960919072        -0.0322463522
        0.5050040000         2.5400000000         1.3352870017         3.9960919072        -0.0322463522
        0.5100048000         2.5400000000         1.3301823480         3.9909881523        -0.1652210007
        0.5150026000         2.5400000000         1.3403916554         4.0037475396         0.1007282962
        0.5200078000         2.5400000000         1.3403916554         4.0011956621         0.1007282962
        0.5250061000         2.5400000000         1.3301823480         3.9909881523        -0.1652210007
        0.5300057000         2.5400000000         1.3352870017         3.9960919072        -0.0322463522
        0.5350061000         2.5400000000         1.3352870017         3.9960919072        -0.0322463522
        0.5400039000         2.5400000000         1.3276300211         3.9884362748        -0.2317083249
        0.5450052000         2.5400000000         1.3429439823         4.0011956621         0.1672156204
        0.5500061000         2.5400000000         1.3429439823         4.0037475396         0.1672156204
        0.5550055000         2.5400000000         1.3403916554         3.9909881523         0.1007282962
        0.5600037000         2.5400000000         1.3403916554         4.0037475396         0.1007282962
        0.5650038000         2.5400000000         1.3352870017         3.9960919072        -0.0322463522
        0.5700068000         2.5400000000         1.3429439823         4.0011956621         0.1672156204
        0.5750070000         2.5400000000         1.3276300211         3.9909881523        -0.2317083249
        0.5800095000         2.5400000000         1.3352870017         3.9960919072        -0.0322463522
        0.5850055000         2.5400000000         1.3301823480         3.9909881523        -0.1652210007
        0.5900048000         2.5400000000         1.3429439823         4.0037475396         0.1672156204
        0.5950040000         2.5400000000         1.3352870017         3.9960919072        -0.0322463522
        0.6000037000         2.5400000000         1.3429439823         4.0011956621         0.1672156204
        0.6050047000         2.5400000000         1.3429439823         4.0037475396         0.1672156204
        0.6100055000         2.5400000000         1.3403916554         4.0037475396         0.1007282962
        0.6150050000         2.5400000000         1.3352870017         3.9960919072        -0.0322463522
        0.6200037000         2.5400000000         1.3352870017         3.9986437847        -0.0322463522
        0.6250043000         2.5400000000         1.3429439823         3.9960919072         0.1672156204
        0.6300066000         2.5400000000         1.3352870017         3.9960919072        -0.0322463522
        0.6350062000         2.5400000000         1.3327346748         3.9960919072        -0.0987336765
        0.6400037000         2.5400000000         1.3352870017         3.9960919072        -0.0322463522
        0.6450043000         2.5400000000         1.3352870017         3.9960919072        -0.0322463522
        0.6500039000         2.5400000000         1.3301823480         3.9909881523        -0.1652210007
        0.6550039000         2.5400000000         1.3352870017         3.9960919072        -0.0322463522
        0.6600040000         2.5400000000         1.3352870017         3.9935400297        -0.0322463522
        0.6650054000         2.5400000000         1.3352870017         3.9960919072        -0.0322463522
        0.6700042000         2.5400000000         1.3403916554         4.0011956621         0.1007282962
        0.6750069000         2.5400000000         1.3352870017         3.9960919072        -0.0322463522
        0.6800034000         2.5400000000         1.3429439823         4.0011956621         0.1672156204
        0.6850035000         2.5400000000         1.3352870017         3.9960919072        -0.0322463522
        0.6900084000         2.5400000000         1.3403916554         4.0011956621         0.1007282962
        0.6950052000         2.5400000000         1.3301823480         3.9909881523        -0.1652210007
        0.7000054000         2.5400000000         1.3301823480         3.9909881523        -0.1652210007
        0.7050046000         2.5400000000         1.3403916554         4.0037475396         0.1007282962
        0.7100055000         2.5400000000         1.3276300211         3.9884362748        -0.2317083249
        0.7150071000         2.5400000000         1.3378393285         3.9909881523         0.0342409720
        0.7200055000         2.5400000000         1.3352870017         3.9960919072        -0.0322463522
        0.7250055000         2.5400000000         1.3352870017         3.9960919072        -0.0322463522
        0.7300051000         2.5400000000         1.3429439823         3.9909881523         0.1672156204
        0.7350041000         2.5400000000         1.3250776943         3.9960919072        -0.2981956492
        0.7400053000         2.5400000000         1.3429439823         4.0011956621         0.1672156204
        0.7450044000         2.5400000000         1.3301823480         3.9909881523        -0.1652210007
        0.7500055000         2.5400000000         1.3352870017         3.9960919072        -0.0322463522
        0.7550054000         2.5400000000         1.3429439823         4.0011956621         0.1672156204
        0.7600034000         2.5400000000         1.3429439823         4.0037475396         0.1672156204
        0.7650040000         2.5400000000         1.3301823480         3.9909881523        -0.1652210007
        0.7700031000         2.5400000000         1.3352870017         3.9960919072        -0.0322463522
        0.7750066000         2.5400000000         1.3403916554         4.0011956621         0.1007282962
        0.7800046000         2.5400000000         1.3276300211         3.9909881523        -0.2317083249
        0.7850105000         2.5400000000         1.3276300211         3.9909881523        -0.2317083249
        0.7900045000         2.5400000000         1.3352870017         3.9935400297        -0.0322463522
        0.7950055000         2.5400000000         1.3378393285         3.9960919072         0.0342409720
        0.8000049000         2.5400000000         1.3454963091         4.0011956621         0.2337029447
        0.8050046000         2.5400000000         1.3506009628         4.0011956621         0.3666775931
        0.8100059000         2.5400000000         1.3582579434         4.0011956621         0.5661395658
        0.8150033000         2.5400000000         1.3403916554         4.0011956621         0.1007282962
        0.8200046000         2.5400000000         1.3403916554         4.0037475396         0.1007282962
        0.8250078000         2.5400000000         1.3352870017         3.9960919072        -0.0322463522
        0.8300060000         2.5400000000         1.3429439823         4.0037475396         0.1672156204
        0.8350058000         2.5400000000         1.3378393285         3.9960919072         0.0342409720
        0.8400036000         2.5400000000         1.3352870017         3.9960919072        -0.0322463522
        0.8450062000         2.5400000000         1.3352870017         3.9935400297        -0.0322463522
        0.8500054000         2.5400000000         1.3276300211         3.9909881523        -0.2317083249
        0.8550086000         2.5400000000         1.3454963091         3.9960919072         0.2337029447
        0.8600064000         2.5400000000         1.3352870017         3.9960919072        -0.0322463522
        0.8650076000         2.5400000000         1.3352870017         3.9960919072        -0.0322463522
        0.8700052000         2.5400000000         1.3429439823         4.0011956621         0.1672156204
        0.8750024000         2.5400000000         1.3352870017         3.9909881523        -0.0322463522
        0.8800071000         2.5400000000         1.3582579434         3.9935400297         0.5661395658
        0.8850046000         2.5400000000         1.3352870017         3.9935400297        -0.0322463522
        0.8900054000         2.5400000000         1.3403916554         4.0037475396         0.1007282962
        0.8950060000         2.5400000000         1.3352870017         3.9960919072        -0.0322463522
        0.9000048000         2.5400000000         1.3352870017         3.9960919072        -0.0322463522
        0.9050130000         2.5400000000         1.3301823480         3.9884362748        -0.1652210007
        0.9100046000         2.5400000000         1.3352870017         3.9960919072        -0.0322463522
        0.9150041000         2.5400000000         1.3301823480         3.9884362748        -0.1652210007
        0.9200041000         2.5400000000         1.3352870017         3.9960919072        -0.0322463522
        0.9250036000         2.5400000000         1.3352870017         3.9960919072        -0.0322463522
        0.9300045000         2.5400000000         1.3276300211         3.9909881523        -0.2317083249
        0.9350054000         2.5400000000         1.3276300211         3.9884362748        -0.2317083249
        0.9400088000         2.5400000000         1.3352870017         3.9960919072        -0.0322463522
        0.9450072000         2.5400000000         1.3454963091         3.9986437847         0.2337029447
        0.9500081000         2.5400000000         1.3327346748         3.9909881523        -0.0987336765
        0.9550070000         2.5400000000         1.3301823480         3.9909881523        -0.1652210007
        0.9600053000         2.5400000000         1.3352870017         3.9960919072        -0.0322463522
        0.9650034000         2.5400000000         1.3301823480         3.9884362748        -0.1652210007
        0.9700074000         2.5400000000         1.3403916554         4.0037475396         0.1007282962
        0.9750076000         2.5400000000         1.3352870017         3.9960919072        -0.0322463522
        0.9800042000         2.5400000000         1.3378393285         3.9935400297         0.0342409720
        0.9850037000         2.5400000000         1.3352870017         3.9960919072        -0.0322463522
        0.9900038000         2.5400000000         1.3352870017         3.9960919072        -0.0322463522
        0.9950036000         2.5400000000         1.3352870017         3.9960919072        -0.0322463522
        1.0000073000         2.5400000000         1.3301823480         3.9909881523        -0.1652210007
        1.0050045000         2.5400000000         1.3352870017         3.9935400297        -0.0322463522
        1.0100063000         2.5400000000         1.3276300211         3.9909881523        -0.2317083249
        1.0150053000         2.5400000000         1.3352870017         3.9960919072        -0.0322463522
        1.0200057000         2.5400000000         1.3352870017         3.9960919072        -0.0322463522
        1.0250045000         2.5400000000         1.3429439823         4.0011956621         0.1672156204
        1.0300042000         2.5400000000         1.3276300211         3.9884362748        -0.2317083249
        1.0350056000         2.5400000000         1.3454963091         3.9909881523         0.2337029447
        1.0400074000         2.5400000000         1.3327346748         3.9909881523        -0.0987336765
        1.0450077000         2.5400000000         1.3403916554         4.0011956621         0.1007282962
        1.0500066000         2.5400000000         1.3429439823         4.0011956621         0.1672156204
        1.0550043000         2.5400000000         1.3301823480         3.9884362748        -0.1652210007
        1.0600074000         2.5400000000         1.3327346748         3.9960919072        -0.0987336765
        1.0650057000         2.5400000000         1.3378393285         3.9960919072         0.0342409720
        1.0700051000         2.5400000000         1.3352870017         3.9960919072        -0.0322463522
        1.0750072000         2.5400000000         1.3301823480         3.9884362748        -0.1652210007
        1.0800049000         2.5400000000         1.3352870017         3.9960919072        -0.0322463522
        1.0850061000         2.5400000000         1.3429439823         4.0011956621         0.1672156204
        1.0900055000         2.5400000000         1.3301823480         3.9909881523        -0.1652210007
        1.0950068000         2.5400000000         1.3352870017         3.9960919072        -0.0322463522
        1.1000057000         2.5400000000         1.3352870017         3.9960919072        -0.0322463522
        1.1050043000         2.5400000000         1.3327346748         3.9909881523        -0.0987336765
        1.1100214000         2.5400000000         1.3429439823         3.9960919072         0.1672156204
        1.1150056000         2.5400000000         1.3352870017         3.9960919072        -0.0322463522
        1.1200063000         2.5400000000         1.3429439823         4.0011956621         0.1672156204
        1.1250058000         2.5400000000         1.3352870017         3.9960919072        -0.0322463522
        1.1300059000         2.5400000000         1.3582579434         3.9960919072         0.5661395658
        1.1350035000         2.5400000000         1.3403916554         4.0037475396         0.1007282962
        1.1400038000         2.5400000000         1.3352870017         3.9960919072        -0.0322463522
        1.1450059000         2.5400000000         1.3327346748         3.9960919072        -0.0987336765
        1.1500068000         2.5400000000         1.3352870017         3.9960919072        -0.0322463522
        1.1550043000         2.5400000000         1.3352870017         3.9960919072        -0.0322463522
        1.1600049000         2.5400000000         1.3301823480         3.9909881523        -0.1652210007
        1.1650045000         2.5400000000         1.3327346748         3.9884362748        -0.0987336765
        1.1700045000         2.5400000000         1.3429439823         4.0011956621         0.1672156204
        1.1750030000         2.5400000000         1.3352870017         3.9935400297        -0.0322463522
        1.1800053000         2.5400000000         1.3301823480         3.9909881523        -0.1652210007
        1.1850053000         2.5400000000         1.3352870017         3.9960919072        -0.0322463522
        1.1900044000         2.5400000000         1.3352870017         3.9960919072        -0.0322463522
        1.1950039000         2.5400000000         1.3352870017         3.9935400297        -0.0322463522
        1.2000039000         2.5400000000         1.3352870017         3.9960919072        -0.0322463522
        1.2050045000         2.5400000000         1.3429439823         4.0011956621         0.1672156204
        1.2100071000         2.5400000000         1.3506009628         4.0011956621         0.3666775931
        1.2150062000         2.5400000000         1.3633625971         4.0011956621         0.6991142142
        1.2200060000         2.5400000000         1.3276300211         3.9909881523        -0.2317083249
        1.2250057000         2.5400000000         1.3301823480         3.9909881523        -0.1652210007
        1.2300053000         2.5400000000         1.3352870017         3.9960919072        -0.0322463522
        1.2350045000         2.5400000000         1.3352870017         3.9960919072        -0.0322463522
        1.2400077000         2.5400000000         1.3352870017         3.9960919072        -0.0322463522
        1.2450043000         2.5400000000         1.3429439823         4.0011956621         0.1672156204
        1.2500062000         2.5400000000         1.3403916554         3.9986437847         0.1007282962
        1.2550038000         2.5400000000         1.3301823480         3.9884362748        -0.1652210007
        1.2600041000         2.5400000000         1.3352870017         3.9960919072        -0.0322463522
        1.2650041000         2.5400000000         1.3352870017         3.9960919072        -0.0322463522
        1.2700056000         2.5400000000         1.3352870017         3.9960919072        -0.0322463522
        1.2750039000         2.5400000000         1.3429439823         3.9960919072         0.1672156204
        1.2800049000         2.5400000000         1.3352870017         3.9986437847        -0.0322463522
        1.2850040000         2.5400000000         1.3352870017         3.9935400297        -0.0322463522
        1.2900039000         2.5400000000         1.3352870017         3.9960919072        -0.0322463522
        1.2950030000         2.5400000000         1.3403916554         4.0037475396         0.1007282962
        1.3000050000         2.5400000000         1.3429439823         4.0011956621         0.1672156204
        1.3050031000         2.5400000000         1.3352870017         3.9960919072        -0.0322463522
        1.3100057000         2.5400000000         1.3352870017         3.9960919072        -0.0322463522
        1.3150073000         2.5400000000         1.3276300211         3.9909881523        -0.2317083249
        1.3200072000         2.5400000000         1.3454963091         4.0011956621         0.2337029447
        1.3250047000         2.5400000000         1.3301823480         3.9884362748        -0.1652210007
        1.3300071000         2.5400000000         1.3327346748         3.9960919072        -0.0987336765
        1.3350073000         2.5400000000         1.3429439823         4.0037475396         0.1672156204
        1.3400095000         2.5400000000         1.3352870017         3.9960919072        -0.0322463522
        1.3450073000         2.5400000000         1.3454963091         4.0037475396         0.2337029447
        1.3500048000         2.5400000000         1.3403916554         3.9960919072         0.1007282962
        1.3550071000         2.5400000000         1.3352870017         3.9960919072        -0.0322463522
        1.3600060000         2.5400000000         1.3403916554         4.0011956621         0.1007282962
        1.3650043000         2.5400000000         1.3301823480         3.9884362748        -0.1652210007
        1.3700044000         2.5400000000         1.3352870017         3.9986437847        -0.0322463522
        1.3750051000         2.5400000000         1.3429439823         4.0011956621         0.1672156204
        1.3800068000         2.5400000000         1.3301823480         3.9909881523        -0.1652210007
        1.3850055000         2.5400000000         1.3352870017         3.9935400297        -0.0322463522
        1.3900077000         2.5400000000         1.3352870017         3.9960919072        -0.0322463522
        1.3950066000         2.5400000000         1.3454963091         4.0011956621         0.2337029447
        1.4000033000         2.5400000000         1.3352870017         3.9960919072        -0.0322463522
        1.4050038000         2.5400000000         1.3352870017         3.9960919072        -0.0322463522
        1.4100068000         2.5400000000         1.3352870017         3.9960919072        -0.0322463522
        1.4150083000         2.5400000000         1.3276300211         3.9909881523        -0.2317083249
        1.4200064000         2.5400000000         1.3352870017         3.9960919072        -0.0322463522
        1.4250065000         2.5400000000         1.3352870017         3.9960919072        -0.0322463522
        1.4300081000         2.5400000000         1.3454963091         3.9960919072         0.2337029447
        1.4350106000         2.5400000000         1.3403916554         4.0037475396         0.1007282962
        1.4400076000         2.5400000000         1.3352870017         3.9960919072        -0.0322463522
        1.4450071000         2.5400000000         1.3352870017         3.9960919072        -0.0322463522
        1.4500108000         2.5400000000         1.3352870017         3.9960919072        -0.0322463522
        1.4550083000         2.5400000000         1.3352870017         3.9960919072        -0.0322463522
        1.4600038000         2.5400000000         1.3352870017         3.9960919072        -0.0322463522
        1.4650039000         2.5400000000         1.3352870017         3.9960919072        -0.0322463522
        1.4700097000         2.5400000000         1.3352870017         3.9960919072        -0.0322463522
        1.4750076000         2.5400000000         1.3352870017         3.9960919072        -0.0322463522
        1.4800054000         2.5400000000         1.3378393285         3.9935400297         0.0342409720
        1.4850029000         2.5400000000         1.3301823480         3.9909881523        -0.1652210007
        1.4900066000         2.5400000000         1.3301823480         3.9909881523        -0.1652210007
        1.4950059000         2.5400000000         1.3429439823         4.0011956621         0.1672156204
        1.5000053000         2.5400000000         1.3327346748         3.9986437847        -0.0987336765
        1.5050072000         2.5400000000         1.3276300211         3.9909881523        -0.2317083249
        1.5100065000         2.5400000000         1.3429439823         3.9986437847         0.1672156204
        1.5150052000         2.5400000000         1.3276300211         3.9960919072        -0.2317083249
        1.5200040000         2.5400000000         1.3352870017         3.9960919072        -0.0322463522
        1.5250036000         2.5400000000         1.3352870017         3.9986437847        -0.0322463522
        1.5300063000         2.5400000000         1.3378393285         3.9960919072         0.0342409720
        1.5350050000         2.5400000000         1.3352870017         3.9960919072        -0.0322463522
        1.5400047000         2.5400000000         1.3301823480         3.9909881523        -0.1652210007
        1.5450067000         2.5400000000         1.3352870017         3.9960919072        -0.0322463522
        1.5500085000         2.5400000000         1.3403916554         4.0037475396         0.1007282962
        1.5550065000         2.5400000000         1.3301823480         3.9884362748        -0.1652210007
        1.5600042000         2.5400000000         1.3352870017         3.9960919072        -0.0322463522
        1.5650060000         2.5400000000         1.3352870017         3.9960919072        -0.0322463522
        1.5700060000         2.5400000000         1.3633625971         4.0011956621         0.6991142142
        1.5750046000         2.5400000000         1.3352870017         3.9935400297        -0.0322463522
        1.5800031000         2.5400000000         1.3352870017         3.9960919072        -0.0322463522
        1.5850065000         2.5400000000         1.3429439823         4.0011956621         0.1672156204
        1.5900053000         2.5400000000         1.3378393285         3.9960919072         0.0342409720
        1.5950061000         2.5400000000         1.3301823480         3.9909881523        -0.1652210007
        1.6000056000         2.5400000000         1.3276300211         3.9909881523        -0.2317083249
        1.6050043000         2.5400000000         1.3352870017         3.9960919072        -0.0322463522
        1.6100058000         2.5400000000         1.3301823480         3.9884362748        -0.1652210007
        1.6150076000         2.5400000000         1.3429439823         4.0011956621         0.1672156204
        1.6200104000         2.5400000000         1.3429439823         4.0011956621         0.1672156204
        1.6250076000         2.5400000000         1.3352870017         3.9960919072        -0.0322463522
        1.6300071000         2.5400000000         1.3352870017         3.9960919072        -0.0322463522
        1.6350047000         2.5400000000         1.3429439823         4.0011956621         0.1672156204
        1.6400038000         2.5400000000         1.3327346748         3.9884362748        -0.0987336765
        1.6450031000         2.5400000000         1.3301823480         3.9884362748        -0.1652210007
        1.6500024000         2.5400000000         1.3352870017         3.9960919072        -0.0322463522
        1.6550061000         2.5400000000         1.3301823480         3.9884362748        -0.1652210007
        1.6600068000         2.5400000000         1.3582579434         4.0037475396         0.5661395658
        1.6650041000         2.5400000000         1.3301823480         3.9960919072        -0.1652210007
        1.6700043000         2.5400000000         1.3276300211         3.9909881523        -0.2317083249
        1.6750056000         2.5400000000         1.3378393285         3.9960919072         0.0342409720
        1.6800054000         2.5400000000         1.3327346748         3.9909881523        -0.0987336765
        1.6850040000         2.5400000000         1.3403916554         4.0011956621         0.1007282962
        1.6900053000         2.5400000000         1.3378393285         3.9960919072         0.0342409720
        1.6950055000         2.5400000000         1.3429439823         4.0011956621         0.1672156204
        1.7000045000         2.5400000000         1.3352870017         3.9960919072        -0.0322463522
        1.7050032000         2.5400000000         1.3403916554         4.0011956621         0.1007282962
        1.7100050000         2.5400000000         1.3378393285         3.9960919072         0.0342409720
        1.7150048000         2.5400000000         1.3352870017         3.9960919072        -0.0322463522
        1.7200096000         2.5400000000         1.3403916554         4.0011956621         0.1007282962
        1.7250054000         2.5400000000         1.3429439823         4.0011956621         0.1672156204
        1.7300056000         2.5400000000         1.3301823480         3.9884362748        -0.1652210007
        1.7350041000         2.5400000000         1.3378393285         3.9960919072         0.0342409720
        1.7400030000         2.5400000000         1.3276300211         3.9909881523        -0.2317083249
        1.7450041000         2.5400000000         1.3429439823         4.0037475396         0.1672156204
        1.7500205000         2.5400000000         1.3403916554         3.9986437847         0.1007282962
        1.7550065000         2.5400000000         1.3506009628         3.9884362748         0.3666775931
        1.7600051000         2.5400000000         1.3276300211         3.9884362748        -0.2317083249
        1.7650036000         2.5400000000         1.3352870017         3.9960919072        -0.0322463522
        1.7700039000         2.5400000000         1.3403916554         3.9909881523         0.1007282962
        1.7750054000         2.5400000000         1.3301823480         3.9884362748        -0.1652210007
        1.7800057000         2.5400000000         1.3403916554         4.0011956621         0.1007282962
        1.7850050000         2.5400000000         1.3352870017         3.9960919072        -0.0322463522
        1.7900048000         2.5400000000         1.3352870017         3.9935400297        -0.0322463522
        1.7951358000         2.5400000000         1.3352870017         3.9960919072        -0.0322463522
        1.8111571000         2.5400000000         1.3429439823         4.0011956621         0.1672156204
        1.8115891000         2.5400000000         1.3454963091         3.9935400297         0.2337029447
        1.8120045000         2.5400000000         1.3327346748         3.9909881523        -0.0987336765
        1.8153060000         2.5400000000         1.3352870017         3.9960919072        -0.0322463522
        1.8200039000         2.5400000000         1.3429439823         4.0011956621         0.1672156204
        1.8250052000         2.5400000000         1.3352870017         3.9960919072        -0.0322463522
        1.8300042000         2.5400000000         1.3301823480         3.9909881523        -0.1652210007
        1.8350077000         2.5400000000         1.3225253674         3.9909881523        -0.3646829734
        1.8400070000         2.5400000000         1.3454963091         3.9986437847         0.2337029447
        1.8450067000         2.5400000000         1.3327346748         3.9909881523        -0.0987336765
        1.8500199000         2.5400000000         1.3301823480         3.9858843974        -0.1652210007
        1.8550071000         2.5400000000         1.3429439823         4.0011956621         0.1672156204
        1.8600043000         2.5400000000         1.3352870017         3.9960919072        -0.0322463522
        1.8650061000         2.5400000000         1.3429439823         4.0011956621         0.1672156204
        1.8700087000         2.5400000000         1.3352870017         3.9960919072        -0.0322463522
        1.8750269000         2.5400000000         1.3352870017         3.9960919072        -0.0322463522
        1.8800043000         2.5400000000         1.3327346748         3.9909881523        -0.0987336765
        1.8850059000         2.5400000000         1.3429439823         4.0011956621         0.1672156204
        1.8900040000         2.5400000000         1.3301823480         3.9909881523        -0.1652210007
        1.8950074000         2.5400000000         1.3429439823         4.0037475396         0.1672156204
        1.9000033000         2.5400000000         1.3352870017         3.9960919072        -0.0322463522
        1.9050033000         2.5400000000         1.3352870017         3.9960919072        -0.0322463522
        1.9100032000         2.5400000000         1.3276300211         3.9909881523        -0.2317083249
        1.9150029000         2.5400000000         1.3429439823         4.0011956621         0.1672156204
        1.9200045000         2.5400000000         1.3301823480         3.9909881523        -0.1652210007
        1.9250041000         2.5400000000         1.3352870017         3.9960919072        -0.0322463522
        1.9300049000         2.5400000000         1.3429439823         3.9960919072         0.1672156204
        1.9350032000         2.5400000000         1.3352870017         3.9960919072        -0.0322463522
        1.9400046000         2.5400000000         1.3352870017         3.9960919072        -0.0322463522
        1.9450073000         2.5400000000         1.3352870017         3.9960919072        -0.0322463522
        1.9500054000         2.5400000000         1.3301823480         3.9909881523        -0.1652210007
        1.9550067000         2.5400000000         1.3429439823         4.0037475396         0.1672156204
        1.9600100000         2.5400000000         1.3403916554         3.9935400297         0.1007282962
        1.9650051000         2.5400000000         1.3327346748         3.9960919072        -0.0987336765
        1.9700072000         2.5400000000         1.3276300211         3.9884362748        -0.2317083249
        1.9750051000         2.5400000000         1.3301823480         3.9884362748        -0.1652210007
        1.9800080000         2.5400000000         1.3403916554         3.9960919072         0.1007282962
        1.9850088000         2.5400000000         1.3301823480         3.9909881523        -0.1652210007
        1.9900092000         2.5400000000         1.3301823480         3.9909881523        -0.1652210007
        1.9950148000         2.5400000000         1.3301823480         3.9884362748        -0.1652210007
        2.0000066000         2.5400000000         1.3352870017         3.9960919072        -0.0322463522
        2.0050059000         2.5400000000         1.3301823480         3.9909881523        -0.1652210007
        2.0100057000         2.5400000000         1.3352870017         3.9960919072        -0.0322463522
        2.0150085000         2.5400000000         1.3352870017         3.9960919072        -0.0322463522
        2.0200082000         2.5400000000         1.3352870017         3.9960919072        -0.0322463522
        2.0250143000         2.5400000000         1.3429439823         4.0011956621         0.1672156204
        2.0300099000         2.5400000000         1.3403916554         4.0011956621         0.1007282962
        2.0350029000         2.5400000000         1.3352870017         3.9960919072        -0.0322463522
        2.0400070000         2.5400000000         1.3352870017         3.9960919072        -0.0322463522
        2.0450053000         2.5400000000         1.3429439823         4.0011956621         0.1672156204
        2.0500026000         2.5400000000         1.3429439823         4.0037475396         0.1672156204
        2.0550072000         2.5400000000         1.3352870017         3.9960919072        -0.0322463522
        2.0600065000         2.5400000000         1.3378393285         3.9960919072         0.0342409720
        2.0650032000         2.5400000000         1.3352870017         3.9960919072        -0.0322463522
        2.0700040000         2.5400000000         1.3429439823         3.9960919072         0.1672156204
        2.0750077000         2.5400000000         1.3352870017         3.9884362748        -0.0322463522
        2.0800027000         2.5400000000         1.3327346748         3.9960919072        -0.0987336765
        2.0850029000         2.5400000000         1.3301823480         3.9909881523        -0.1652210007
        2.0900083000         2.5400000000         1.3403916554         4.0011956621         0.1007282962
        2.0950055000         2.5400000000         1.3301823480         3.9909881523        -0.1652210007
        2.1000033000         2.5400000000         1.3352870017         3.9960919072        -0.0322463522
        2.1050060000         2.5400000000         1.3276300211         3.9884362748        -0.2317083249
        2.1100062000         2.5400000000         1.3403916554         4.0037475396         0.1007282962
        2.1150134000         2.5400000000         1.3378393285         3.9960919072         0.0342409720
        2.1200032000         2.5400000000         1.3378393285         3.9960919072         0.0342409720
        2.1250108000         2.5400000000         1.3327346748         3.9960919072        -0.0987336765
        2.1300038000         2.5400000000         1.3429439823         4.0037475396         0.1672156204
        2.1350195000         2.5400000000         1.3403916554         4.0011956621         0.1007282962
        2.1400032000         2.5400000000         1.3454963091         4.0011956621         0.2337029447
        2.1450030000         2.5400000000         1.3327346748         3.9960919072        -0.0987336765
        2.1500028000         2.5400000000         1.3378393285         3.9960919072         0.0342409720
        2.1550056000         2.5400000000         1.3352870017         3.9909881523        -0.0322463522
        2.1600052000         2.5400000000         1.3352870017         3.9960919072        -0.0322463522
        2.1650042000         2.5400000000         1.3403916554         3.9986437847         0.1007282962
        2.1700030000         2.5400000000         1.3557056165         3.9960919072         0.4996522416
        2.1750043000         2.5400000000         1.3429439823         4.0011956621         0.1672156204
        2.1800091000         2.5400000000         1.3403916554         4.0011956621         0.1007282962
        2.1850089000         2.5400000000         1.3352870017         3.9960919072        -0.0322463522
        2.1900061000         2.5400000000         1.3352870017         3.9909881523        -0.0322463522
        2.1950054000         2.5400000000         1.3352870017         3.9960919072        -0.0322463522
        2.2000047000         2.5400000000         1.3301823480         3.9909881523        -0.1652210007
        2.2050061000         2.5400000000         1.3403916554         4.0011956621         0.1007282962
        2.2100050000         2.5400000000         1.3378393285         3.9960919072         0.0342409720
        2.2150043000         2.5400000000         1.3403916554         4.0011956621         0.1007282962
        2.2200041000         2.5400000000         1.3352870017         3.9960919072        -0.0322463522
        2.2250136000         2.5400000000         1.3352870017         3.9960919072        -0.0322463522
        2.2300039000         2.5400000000         1.3429439823         4.0037475396         0.1672156204
        2.2350043000         2.5400000000         1.3480486360         4.0037475396         0.3001902689
        2.2400023000         2.5400000000         1.3429439823         3.9960919072         0.1672156204
        2.2450075000         2.5400000000         1.3403916554         4.0011956621         0.1007282962
        2.2500043000         2.5400000000         1.3352870017         3.9960919072        -0.0322463522
        2.2550064000         2.5400000000         1.3301823480         3.9909881523        -0.1652210007
        2.2600089000         2.5400000000         1.3276300211         3.9884362748        -0.2317083249
        2.2650066000         2.5400000000         1.3352870017         3.9960919072        -0.0322463522
        2.2700055000         2.5400000000         1.3352870017         3.9960919072        -0.0322463522
        2.2750061000         2.5400000000         1.3301823480         3.9884362748        -0.1652210007
        2.2800034000         2.5400000000         1.3429439823         3.9986437847         0.1672156204
        2.2850056000         2.5400000000         1.3429439823         4.0037475396         0.1672156204
        2.2900037000         2.5400000000         1.3378393285         3.9960919072         0.0342409720
        2.2950061000         2.5400000000         1.3352870017         3.9935400297        -0.0322463522
        2.3000047000         2.5400000000         1.3352870017         3.9960919072        -0.0322463522
        2.3050059000         2.5400000000         1.3352870017         3.9960919072        -0.0322463522
        2.3100048000         2.5400000000         1.3301823480         3.9909881523        -0.1652210007
        2.3150056000         2.5400000000         1.3352870017         3.9960919072        -0.0322463522
        2.3200027000         2.5400000000         1.3352870017         3.9986437847        -0.0322463522
        2.3250030000         2.5400000000         1.3327346748         3.9884362748        -0.0987336765
        2.3300032000         2.5400000000         1.3352870017         3.9960919072        -0.0322463522
        2.3350025000         2.5400000000         1.3429439823         4.0011956621         0.1672156204
        2.3400047000         2.5400000000         1.3429439823         4.0011956621         0.1672156204
        2.3450042000         2.5400000000         1.3403916554         4.0011956621         0.1007282962
        2.3500037000         2.5400000000         1.3301823480         3.9909881523        -0.1652210007
        2.3550057000         2.5400000000         1.3429439823         4.0037475396         0.1672156204
        2.3600037000         2.5400000000         1.3352870017         3.9960919072        -0.0322463522
        2.3650178000         2.5400000000         1.3557056165         3.9986437847         0.4996522416
        2.3700025000         2.5400000000         1.3403916554         4.0011956621         0.1007282962
        2.3750047000         2.5400000000         1.3378393285         3.9960919072         0.0342409720
        2.3800026000         2.5400000000         1.3352870017         3.9986437847        -0.0322463522
        2.3850045000         2.5400000000         1.3276300211         3.9909881523        -0.2317083249
        2.3900038000         2.5400000000         1.3352870017         3.9960919072        -0.0322463522
        2.3950040000         2.5400000000         1.3276300211         3.9884362748        -0.2317083249
        2.4000034000         2.5400000000         1.3378393285         4.0011956621         0.0342409720
        2.4050035000         2.5400000000         1.3378393285         3.9986437847         0.0342409720
        2.4100077000         2.5400000000         1.3352870017         3.9935400297        -0.0322463522
        2.4150038000         2.5400000000         1.3301823480         3.9884362748        -0.1652210007
        2.4200068000         2.5400000000         1.3301823480         3.9884362748        -0.1652210007
        2.4250071000         2.5400000000         1.3429439823         3.9986437847         0.1672156204
        2.4300039000         2.5400000000         1.3403916554         4.0011956621         0.1007282962
        2.4350061000         2.5400000000         1.3403916554         4.0037475396         0.1007282962
        2.4400062000         2.5400000000         1.3352870017         3.9935400297        -0.0322463522
        2.4450092000         2.5400000000         1.3352870017         3.9960919072        -0.0322463522
        2.4500067000         2.5400000000         1.3403916554         4.0037475396         0.1007282962
        2.4550032000         2.5400000000         1.3352870017         3.9909881523        -0.0322463522
        2.4600036000         2.5400000000         1.3582579434         3.9960919072         0.5661395658
        2.4650040000         2.5400000000         1.3352870017         3.9935400297        -0.0322463522
        2.4700023000         2.5400000000         1.3352870017         3.9960919072        -0.0322463522
        2.4750056000         2.5400000000         1.3352870017         4.0037475396        -0.0322463522
        2.4800054000         2.5400000000         1.3327346748         3.9935400297        -0.0987336765
        2.4850046000         2.5400000000         1.3429439823         4.0011956621         0.1672156204
        2.4900058000         2.5400000000         1.3352870017         3.9986437847        -0.0322463522
        2.4950071000         2.5400000000         1.3352870017         3.9960919072        -0.0322463522
        2.5000045000         2.5400000000         1.3352870017         3.9960919072        -0.0322463522
        2.5050048000         2.5400000000         1.3429439823         4.0037475396         0.1672156204
        2.5100050000         2.5400000000         1.3276300211         3.9884362748        -0.2317083249
        2.5150033000         2.5400000000         1.3352870017         3.9935400297        -0.0322463522
        2.5200026000         2.5400000000         1.3429439823         4.0011956621         0.1672156204
        2.5250038000         2.5400000000         1.3378393285         3.9935400297         0.0342409720
        2.5300042000         2.5400000000         1.3480486360         4.0037475396         0.3001902689
        2.5350046000         2.5400000000         1.3378393285         3.9884362748         0.0342409720
        2.5400042000         2.5400000000         1.3557056165         4.0011956621         0.4996522416
        2.5450039000         2.5400000000         1.3276300211         3.9909881523        -0.2317083249
        2.5500049000         2.5400000000         1.3352870017         3.9960919072        -0.0322463522
        2.5550050000         2.5400000000         1.3352870017         3.9960919072        -0.0322463522
        2.5600070000         2.5400000000         1.3301823480         3.9909881523        -0.1652210007
        2.5650058000         2.5400000000         1.3429439823         4.0037475396         0.1672156204
        2.5700058000         2.5400000000         1.3301823480         3.9909881523        -0.1652210007
        2.5750043000         2.5400000000         1.3352870017         3.9960919072        -0.0322463522
        2.5800041000         2.5400000000         1.3276300211         3.9884362748        -0.2317083249
        2.5850062000         2.5400000000         1.3403916554         4.0037475396         0.1007282962
        2.5900032000         2.5400000000         1.3276300211         3.9935400297        -0.2317083249
        2.5950068000         2.5400000000         1.3403916554         4.0011956621         0.1007282962
        2.6000057000         2.5400000000         1.3352870017         3.9935400297        -0.0322463522
        2.6050041000         2.5400000000         1.3454963091         4.0037475396         0.2337029447
        2.6100072000         2.5400000000         1.3403916554         4.0011956621         0.1007282962
        2.6150084000         2.5400000000         1.3429439823         4.0011956621         0.1672156204
        2.6200123000         2.5400000000         1.3301823480         3.9909881523        -0.1652210007
        2.6250066000         2.5400000000         1.3352870017         3.9960919072        -0.0322463522
        2.6300095000         2.5400000000         1.3429439823         4.0037475396         0.1672156204
        2.6350088000         2.5400000000         1.3301823480         3.9909881523        -0.1652210007
        2.6400087000         2.5400000000         1.3301823480         3.9884362748        -0.1652210007
        2.6450084000         2.5400000000         1.3429439823         4.0037475396         0.1672156204
        2.6500111000         2.5400000000         1.3352870017         3.9960919072        -0.0322463522
        2.6550079000         2.5400000000         1.3352870017         3.9960919072        -0.0322463522
        2.6600086000         2.5400000000         1.3301823480         3.9909881523        -0.1652210007
        2.6650055000         2.5400000000         1.3429439823         4.0011956621         0.1672156204
        2.6700092000         2.5400000000         1.3352870017         3.9960919072        -0.0322463522
        2.6750132000         2.5400000000         1.3327346748         3.9960919072        -0.0987336765
        2.6800085000         2.5400000000         1.3454963091         4.0011956621         0.2337029447
        2.6850083000         2.5400000000         1.3352870017         3.9960919072        -0.0322463522
        2.6953597000         2.5400000000         1.3378393285         3.9960919072         0.0342409720
        2.7004150000         2.5400000000         1.3352870017         3.9960919072        -0.0322463522
        2.7009241000         2.5400000000         1.3378393285         3.9960919072         0.0342409720
        2.7050064000         2.5400000000         1.3403916554         4.0037475396         0.1007282962
        2.7100066000         2.5400000000         1.3378393285         3.9960919072         0.0342409720
        2.7150076000         2.5400000000         1.3352870017         3.9960919072        -0.0322463522
        2.7200061000         2.5400000000         1.3403916554         4.0037475396         0.1007282962
        2.7250096000         2.5400000000         1.3327346748         3.9935400297        -0.0987336765
        2.7300111000         2.5400000000         1.3352870017         3.9960919072        -0.0322463522
        2.7350150000         2.5400000000         1.3429439823         3.9935400297         0.1672156204
        2.7400122000         2.5400000000         1.3403916554         4.0011956621         0.1007282962
        2.7450094000         2.5400000000         1.3378393285         3.9960919072         0.0342409720
        2.7500097000         2.5400000000         1.3352870017         3.9960919072        -0.0322463522
        2.7550109000         2.5400000000         1.3378393285         3.9986437847         0.0342409720
        2.7600095000         2.5400000000         1.3301823480         3.9884362748        -0.1652210007
        2.7650059000         2.5400000000         1.3429439823         4.0011956621         0.1672156204
        2.7700137000         2.5400000000         1.3352870017         3.9960919072        -0.0322463522
        2.7750095000         2.5400000000         1.3301823480         3.9884362748        -0.1652210007
        2.7800111000         2.5400000000         1.3352870017         3.9960919072        -0.0322463522
        2.7850118000         2.5400000000         1.3378393285         3.9960919072         0.0342409720
        2.7900098000         2.5400000000         1.3352870017         3.9960919072        -0.0322463522
        2.7950119000         2.5400000000         1.3327346748         3.9960919072        -0.0987336765
        2.8000094000         2.5400000000         1.3352870017         3.9960919072        -0.0322463522
        2.8050108000         2.5400000000         1.3403916554         4.0011956621         0.1007282962
        2.8100079000         2.5400000000         1.3301823480         3.9884362748        -0.1652210007
        2.8150177000         2.5400000000         1.3531532897         3.9909881523         0.4331649173
        2.8200125000         2.5400000000         1.3352870017         3.9960919072        -0.0322463522
        2.8250096000         2.5400000000         1.3429439823         3.9960919072         0.1672156204
        2.8300079000         2.5400000000         1.3352870017         3.9960919072        -0.0322463522
        2.8350112000         2.5400000000         1.3352870017         3.9935400297        -0.0322463522
        2.8400076000         2.5400000000         1.3352870017         3.9960919072        -0.0322463522
        2.8450095000         2.5400000000         1.3378393285         3.9960919072         0.0342409720
        2.8500072000         2.5400000000         1.3378393285         3.9935400297         0.0342409720
        2.8550123000         2.5400000000         1.3352870017         3.9960919072        -0.0322463522
        2.8600077000         2.5400000000         1.3454963091         4.0037475396         0.2337029447
        2.8650108000         2.5400000000         1.3403916554         4.0011956621         0.1007282962
        2.8700078000         2.5400000000         1.3352870017         3.9960919072        -0.0322463522
        2.8750088000         2.5400000000         1.3301823480         3.9909881523        -0.1652210007
        2.8800149000         2.5400000000         1.3506009628         4.0037475396         0.3666775931
        2.8850168000         2.5400000000         1.3633625971         4.0037475396         0.6991142142
        2.8900121000         2.5400000000         1.3352870017         3.9960919072        -0.0322463522
        2.8950112000         2.5400000000         1.3301823480         3.9884362748        -0.1652210007
        2.9000102000         2.5400000000         1.3506009628         4.0011956621         0.3666775931
        2.9050100000         2.5400000000         1.3557056165         3.9935400297         0.4996522416
        2.9100105000         2.5400000000         1.3608102703         4.0011956621         0.6326268900
        2.9150165000         2.5400000000         1.3429439823         4.0037475396         0.1672156204
        2.9200095000         2.5400000000         1.3378393285         3.9960919072         0.0342409720
        2.9278640000         2.5400000000         1.3429439823         4.0011956621         0.1672156204
        2.9300090000         2.5400000000         1.3301823480         3.9884362748        -0.1652210007
        2.9380783000         2.5400000000         1.3352870017         3.9935400297        -0.0322463522
        2.9400077000         2.5400000000         1.3352870017         3.9960919072        -0.0322463522
        2.9450127000         2.5400000000         1.3301823480         3.9884362748        -0.1652210007
        2.9500071000         2.5400000000         1.3327346748         3.9909881523        -0.0987336765
        2.9550095000         2.5400000000         1.3352870017         3.9960919072        -0.0322463522
        2.9600103000         2.5400000000         1.3429439823         4.0011956621         0.1672156204
        2.9650347000         2.5400000000         1.3429439823         4.0011956621         0.1672156204
        2.9700070000         2.5400000000         1.3276300211         3.9884362748        -0.2317083249
        2.9791772000         2.5400000000         1.3352870017         3.9960919072        -0.0322463522
        2.9800115000         2.5400000000         1.3301823480         3.9909881523        -0.1652210007
        2.9850118000         2.5400000000         1.3327346748         3.9909881523        -0.0987336765
        2.9900061000         2.5400000000         1.3352870017         3.9960919072        -0.0322463522
        2.9950101000         2.5400000000         1.3352870017         3.9960919072        -0.0322463522
        3.0000107000         2.5400000000         1.3403916554         4.0011956621         0.1007282962
        3.0050182000         2.5400000000         1.3276300211         3.9909881523        -0.2317083249
        3.0100126000         2.5400000000         1.3301823480         3.9909881523        -0.1652210007
        3.0150135000         2.5400000000         1.3429439823         4.0011956621         0.1672156204
        3.0200078000         2.5400000000         1.3276300211         3.9884362748        -0.2317083249
        3.0250086000         2.5400000000         1.3352870017         3.9960919072        -0.0322463522
        3.0300100000         2.5400000000         1.3352870017         3.9960919072        -0.0322463522
        3.0350132000         2.5400000000         1.3352870017         3.9960919072        -0.0322463522
        3.0400078000         2.5400000000         1.3352870017         3.9960919072        -0.0322463522
        3.0450085000         2.5400000000         1.3506009628         4.0011956621         0.3666775931
        3.0500072000         2.5400000000         1.3403916554         4.0037475396         0.1007282962
        3.0579666000         2.5400000000         1.3352870017         3.9935400297        -0.0322463522
        3.0600080000         2.5400000000         1.3301823480         3.9884362748        -0.1652210007
        3.0650143000         2.5400000000         1.3403916554         4.0037475396         0.1007282962
        3.0700111000         2.5400000000         1.3301823480         3.9884362748        -0.1652210007
        3.0750106000         2.5400000000         1.3403916554         3.9986437847         0.1007282962
        3.0800086000         2.5400000000         1.3378393285         3.9960919072         0.0342409720
        3.0850102000         2.5400000000         1.3352870017         3.9960919072        -0.0322463522
        3.0900107000         2.5400000000         1.3403916554         4.0011956621         0.1007282962
        3.0950196000         2.5400000000         1.3352870017         3.9960919072        -0.0322463522
        3.1000087000         2.5400000000         1.3352870017         3.9935400297        -0.0322463522
        3.1050104000         2.5400000000         1.3429439823         4.0011956621         0.1672156204
        3.1100106000         2.5400000000         1.3301823480         3.9909881523        -0.1652210007
        3.1150131000         2.5400000000         1.3352870017         3.9935400297        -0.0322463522
        3.1200107000         2.5400000000         1.3327346748         3.9935400297        -0.0987336765
        3.1250096000         2.5400000000         1.3301823480         3.9909881523        -0.1652210007
        3.1300078000         2.5400000000         1.3301823480         3.9909881523        -0.1652210007
        3.1350131000         2.5400000000         1.3301823480         3.9909881523        -0.1652210007
        3.1400094000         2.5400000000         1.3352870017         3.9960919072        -0.0322463522
        3.1490215000         2.5400000000         1.3352870017         3.9960919072        -0.0322463522
        3.1500096000         2.5400000000         1.3403916554         4.0037475396         0.1007282962
        3.1593097000         2.5400000000         1.3301823480         3.9909881523        -0.1652210007
        3.1601694000         2.5400000000         1.3429439823         4.0011956621         0.1672156204
        3.1650087000         2.5400000000         1.3301823480         3.9884362748        -0.1652210007
        3.1700111000         2.5400000000         1.3378393285         3.9960919072         0.0342409720
        3.1750119000         2.5400000000         1.3352870017         3.9935400297        -0.0322463522
        3.1800081000         2.5400000000         1.3352870017         3.9960919072        -0.0322463522
        3.1850102000         2.5400000000         1.3352870017         3.9960919072        -0.0322463522
        3.1900109000         2.5400000000         1.3352870017         3.9960919072        -0.0322463522
        3.1950109000         2.5400000000         1.3327346748         3.9960919072        -0.0987336765
        3.2000096000         2.5400000000         1.3429439823         4.0037475396         0.1672156204
        3.2131448000         2.5400000000         1.3582579434         3.9960919072         0.5661395658
        3.2156051000         2.5400000000         1.3276300211         3.9909881523        -0.2317083249
        3.2162173000         2.5400000000         1.3301823480         3.9935400297        -0.1652210007
        3.2200085000         2.5400000000         1.3608102703         4.0011956621         0.6326268900
        3.2250105000         2.5400000000         1.3403916554         4.0011956621         0.1007282962
        3.2300105000         2.5400000000         1.3352870017         3.9960919072        -0.0322463522
        3.2350066000         2.5400000000         1.3429439823         4.0037475396         0.1672156204
        3.2400113000         2.5400000000         1.3429439823         4.0011956621         0.1672156204
        3.2450094000         2.5400000000         1.3429439823         4.0011956621         0.1672156204
        3.2500091000         2.5400000000         1.3352870017         3.9960919072        -0.0322463522
        3.2550100000         2.5400000000         1.3352870017         3.9960919072        -0.0322463522
        3.2600139000         2.5400000000         1.3378393285         3.9960919072         0.0342409720
        3.2651592000         2.5400000000         1.3276300211         3.9884362748        -0.2317083249
        3.2700121000         2.5400000000         1.3480486360         4.0011956621         0.3001902689
        3.2750109000         2.5400000000         1.3301823480         3.9884362748        -0.1652210007
        3.2800090000         2.5400000000         1.3429439823         4.0037475396         0.1672156204
        3.2850073000         2.5400000000         1.3352870017         3.9884362748        -0.0322463522
        3.2900113000         2.5400000000         1.3301823480         3.9909881523        -0.1652210007
        3.2950094000         2.5400000000         1.3429439823         4.0037475396         0.1672156204
        3.3000081000         2.5400000000         1.3301823480         3.9909881523        -0.1652210007
        3.3050081000         2.5400000000         1.3301823480         3.9884362748        -0.1652210007
        3.3100098000         2.5400000000         1.3378393285         3.9960919072         0.0342409720
        3.3150061000         2.5400000000         1.3403916554         4.0037475396         0.1007282962
        3.3200080000         2.5400000000         1.3352870017         3.9935400297        -0.0322463522
        3.3250132000         2.5400000000         1.3403916554         4.0011956621         0.1007282962
        3.3300105000         2.5400000000         1.3301823480         3.9909881523        -0.1652210007
        3.3350084000         2.5400000000         1.3429439823         3.9935400297         0.1672156204
        3.3400096000         2.5400000000         1.3301823480         3.9909881523        -0.1652210007
        3.3450102000         2.5400000000         1.3531532897         3.9909881523         0.4331649173
        3.3539119000         2.5400000000         1.3378393285         3.9960919072         0.0342409720
        3.3607011000         2.5400000000         1.3429439823         4.0037475396         0.1672156204
        3.3612172000         2.5400000000         1.3429439823         4.0037475396         0.1672156204
        3.3650083000         2.5400000000         1.3225253674         3.9909881523        -0.3646829734
        3.3700096000         2.5400000000         1.3352870017         3.9960919072        -0.0322463522
        3.3750136000         2.5400000000         1.3352870017         3.9960919072        -0.0322463522
        3.3800108000         2.5400000000         1.3378393285         3.9986437847         0.0342409720
        3.3850080000         2.5400000000         1.3352870017         3.9960919072        -0.0322463522
        3.3900098000         2.5400000000         1.3352870017         3.9960919072        -0.0322463522
        3.3950064000         2.5400000000         1.3506009628         3.9960919072         0.3666775931
        3.4000119000         2.5400000000         1.3352870017         3.9960919072        -0.0322463522
        3.4052659000         2.5400000000         1.3378393285         3.9960919072         0.0342409720
        3.4100078000         2.5400000000         1.3352870017         3.9960919072        -0.0322463522
        3.4150065000         2.5400000000         1.3403916554         4.0011956621         0.1007282962
        3.4200069000         2.5400000000         1.3276300211         3.9909881523        -0.2317083249
        3.4250078000         2.5400000000         1.3429439823         4.0011956621         0.1672156204
        3.4300088000         2.5400000000         1.3429439823         3.9935400297         0.1672156204
        3.4350107000         2.5400000000         1.3403916554         4.0011956621         0.1007282962
        3.4400095000         2.5400000000         1.3352870017         3.9960919072        -0.0322463522
        3.4450087000         2.5400000000         1.3378393285         3.9960919072         0.0342409720
        3.4500076000         2.5400000000         1.3276300211         3.9909881523        -0.2317083249
        3.4550078000         2.5400000000         1.3429439823         4.0011956621         0.1672156204
        3.4600079000         2.5400000000         1.3352870017         3.9960919072        -0.0322463522
        3.4650078000         2.5400000000         1.3301823480         3.9909881523        -0.1652210007
        3.4700051000         2.5400000000         1.3352870017         3.9960919072        -0.0322463522
        3.4750044000         2.5400000000         1.3352870017         3.9960919072        -0.0322463522
        3.4800124000         2.5400000000         1.3301823480         3.9884362748        -0.1652210007
        3.4850089000         2.5400000000         1.3429439823         4.0011956621         0.1672156204
        3.4900102000         2.5400000000         1.3429439823         4.0011956621         0.1672156204
        3.4950113000         2.5400000000         1.3352870017         3.9960919072        -0.0322463522
        3.5000055000         2.5400000000         1.3199730405         3.9909881523        -0.4311702976
        3.5050117000         2.5400000000         1.3276300211         3.9884362748        -0.2317083249
        3.5100072000         2.5400000000         1.3352870017         3.9960919072        -0.0322463522
        3.5241107000         2.5400000000         1.3301823480         3.9909881523        -0.1652210007
        3.5248995000         2.5400000000         1.3352870017         3.9935400297        -0.0322463522
        3.5255431000         2.5400000000         1.3352870017         3.9960919072        -0.0322463522
        3.5300115000         2.5400000000         1.3352870017         3.9960919072        -0.0322463522
        3.5350042000         2.5400000000         1.3352870017         3.9960919072        -0.0322463522
        3.5400097000         2.5400000000         1.3378393285         3.9960919072         0.0342409720
        3.5451225000         2.5400000000         1.3352870017         3.9960919072        -0.0322463522
        3.5500094000         2.5400000000         1.3301823480         3.9909881523        -0.1652210007
        3.5550081000         2.5400000000         1.3352870017         3.9960919072        -0.0322463522
        3.5600094000         2.5400000000         1.3352870017         3.9935400297        -0.0322463522
        3.5650120000         2.5400000000         1.3352870017         3.9960919072        -0.0322463522
        3.5700062000         2.5400000000         1.3352870017         3.9909881523        -0.0322463522
        3.5750107000         2.5400000000         1.3327346748         3.9960919072        -0.0987336765
        3.5800098000         2.5400000000         1.3352870017         3.9960919072        -0.0322463522
        3.5850132000         2.5400000000         1.3327346748         3.9960919072        -0.0987336765
        3.5900054000         2.5400000000         1.3352870017         3.9960919072        -0.0322463522
        3.5950065000         2.5400000000         1.3352870017         3.9960919072        -0.0322463522
        3.6000066000         2.5400000000         1.3429439823         4.0011956621         0.1672156204
        3.6050108000         2.5400000000         1.3378393285         3.9935400297         0.0342409720
        3.6100086000         2.5400000000         1.3403916554         4.0037475396         0.1007282962
        3.6150112000         2.5400000000         1.3429439823         4.0037475396         0.1672156204
        3.6200059000         2.5400000000         1.3429439823         4.0011956621         0.1672156204
        3.6250095000         2.5400000000         1.3429439823         4.0011956621         0.1672156204
        3.6300072000         2.5400000000         1.3301823480         3.9909881523        -0.1652210007
        3.6350118000         2.5400000000         1.3301823480         3.9909881523        -0.1652210007
        3.6400104000         2.5400000000         1.3429439823         4.0011956621         0.1672156204
        3.6450087000         2.5400000000         1.3250776943         3.9909881523        -0.2981956492
        3.6500128000         2.5400000000         1.3378393285         3.9960919072         0.0342409720
        3.6550104000         2.5400000000         1.3378393285         3.9960919072         0.0342409720
        3.6600080000         2.5400000000         1.3327346748         3.9960919072        -0.0987336765
        3.6650125000         2.5400000000         1.3429439823         4.0011956621         0.1672156204
        3.6700073000         2.5400000000         1.3378393285         3.9960919072         0.0342409720
        3.6750094000         2.5400000000         1.3378393285         3.9960919072         0.0342409720
        3.6800085000         2.5400000000         1.3276300211         3.9909881523        -0.2317083249
        3.6850088000         2.5400000000         1.3429439823         4.0011956621         0.1672156204
        3.6900056000         2.5400000000         1.3429439823         4.0011956621         0.1672156204
        3.6950095000         2.5400000000         1.3327346748         3.9909881523        -0.0987336765
        3.7000086000         2.5400000000         1.3352870017         3.9960919072        -0.0322463522
        3.7050110000         2.5400000000         1.3327346748         3.9935400297        -0.0987336765
        3.7100077000         2.5400000000         1.3301823480         3.9884362748        -0.1652210007
        3.7150032000         2.5400000000         1.3429439823         4.0037475396         0.1672156204
        3.7200066000         2.5400000000         1.3403916554         4.0037475396         0.1007282962
        3.7250112000         2.5400000000         1.3352870017         3.9960919072        -0.0322463522
        3.7300075000         2.5400000000         1.3352870017         3.9935400297        -0.0322463522
        3.7350079000         2.5400000000         1.3429439823         4.0037475396         0.1672156204
        3.7400096000         2.5400000000         1.3429439823         4.0011956621         0.1672156204
        3.7450093000         2.5400000000         1.3301823480         3.9909881523        -0.1652210007
        3.7502931000         2.5400000000         1.3352870017         3.9935400297        -0.0322463522
        3.7550262000         2.5400000000         1.3403916554         3.9960919072         0.1007282962
        3.7600097000         2.5400000000         1.3352870017         3.9960919072        -0.0322463522
        3.7650095000         2.5400000000         1.3327346748         3.9909881523        -0.0987336765
        3.7700115000         2.5400000000         1.3352870017         3.9960919072        -0.0322463522
        3.7750380000         2.5400000000         1.3352870017         3.9960919072        -0.0322463522
        3.7800113000         2.5400000000         1.3429439823         4.0037475396         0.1672156204
        3.7850049000         2.5400000000         1.3378393285         3.9960919072         0.0342409720
        3.7900071000         2.5400000000         1.3403916554         3.9960919072         0.1007282962
        3.7950093000         2.5400000000         1.3506009628         3.9909881523         0.3666775931
        3.8000097000         2.5400000000         1.3327346748         3.9960919072        -0.0987336765
        3.8050092000         2.5400000000         1.3429439823         4.0011956621         0.1672156204
        3.8100095000         2.5400000000         1.3301823480         3.9909881523        -0.1652210007
        3.8150077000         2.5400000000         1.3352870017         3.9960919072        -0.0322463522
        3.8200078000         2.5400000000         1.3301823480         3.9884362748        -0.1652210007
        3.8250108000         2.5400000000         1.3352870017         3.9960919072        -0.0322463522
        3.8300084000         2.5400000000         1.3301823480         3.9909881523        -0.1652210007
        3.8350079000         2.5400000000         1.3454963091         4.0011956621         0.2337029447
        3.8400108000         2.5400000000         1.3276300211         3.9884362748        -0.2317083249
        3.8450104000         2.5400000000         1.3352870017         3.9960919072        -0.0322463522
        3.8500085000         2.5400000000         1.3301823480         3.9909881523        -0.1652210007
        3.8580109000         2.5400000000         1.3429439823         4.0037475396         0.1672156204
        3.8600074000         2.5400000000         1.3429439823         4.0037475396         0.1672156204
        3.8650066000         2.5400000000         1.3352870017         3.9960919072        -0.0322463522
        3.8700142000         2.5400000000         1.3352870017         3.9960919072        -0.0322463522
        3.8750206000         2.5400000000         1.3352870017         3.9960919072        -0.0322463522
        3.8800111000         2.5400000000         1.3301823480         3.9909881523        -0.1652210007
        3.8895795000         2.5400000000         1.3276300211         3.9909881523        -0.2317083249
        3.8901081000         2.5400000000         1.3301823480         3.9909881523        -0.1652210007
        3.8950119000         2.5400000000         1.3352870017         3.9935400297        -0.0322463522
        3.9000094000         2.5400000000         1.3352870017         3.9960919072        -0.0322463522
        3.9050057000         2.5400000000         1.3352870017         3.9960919072        -0.0322463522
        3.9100153000         2.5400000000         1.3378393285         3.9960919072         0.0342409720
        3.9150116000         2.5400000000         1.3352870017         3.9935400297        -0.0322463522
        3.9200104000         2.5400000000         1.3378393285         3.9960919072         0.0342409720
        3.9250082000         2.5400000000         1.3352870017         3.9960919072        -0.0322463522
        3.9300104000         2.5400000000         1.3352870017         3.9986437847        -0.0322463522
        3.9350094000         2.5400000000         1.3327346748         3.9960919072        -0.0987336765
        3.9400135000         2.5400000000         1.3403916554         4.0011956621         0.1007282962
        3.9450073000         2.5400000000         1.3301823480         3.9884362748        -0.1652210007
        3.9500142000         2.5400000000         1.3352870017         3.9960919072        -0.0322463522
        3.9552428000         2.5400000000         1.3378393285         3.9935400297         0.0342409720
        3.9600088000         2.5400000000         1.3276300211         3.9909881523        -0.2317083249
        3.9650128000         2.5400000000         1.3352870017         3.9960919072        -0.0322463522
        3.9700125000         2.5400000000         1.3327346748         3.9884362748        -0.0987336765
        3.9750142000         2.5400000000         1.3352870017         3.9960919072        -0.0322463522
        3.9800094000         2.5400000000         1.3352870017         3.9960919072        -0.0322463522
        3.9850136000         2.5400000000         1.3352870017         3.9935400297        -0.0322463522
        3.9900087000         2.5400000000         1.3301823480         3.9909881523        -0.1652210007
        3.9950131000         2.5400000000         1.3352870017         3.9960919072        -0.0322463522
