% Motor Sweep Step 28/180
% Vcmd       = 2.3600 [V]
% Direction  = CCW
% Zone       = DEADZONE
% Vg_offset  = 1.336525 [V]
% K_gimbal   = 26.049690 [(rad/s)/V]

Time[s]              Vcmd[V]              Vg_raw[V]            Pot[V]               Omega[rad/s]
        0.0000109000         2.3600000000         1.3352870017         3.9960919072        -0.0322463522
        0.0050092000         2.3600000000         1.3352870017         3.9935400297        -0.0322463522
        0.0100082000         2.3600000000         1.3403916554         3.9986437847         0.1007282962
        0.0150334000         2.3600000000         1.3352870017         3.9935400297        -0.0322463522
        0.0200100000         2.3600000000         1.3352870017         3.9960919072        -0.0322463522
        0.0250093000         2.3600000000         1.3352870017         3.9935400297        -0.0322463522
        0.0302959000         2.3600000000         1.3403916554         3.9935400297         0.1007282962
        0.0350278000         2.3600000000         1.3403916554         4.0011956621         0.1007282962
        0.0400234000         2.3600000000         1.3429439823         4.0011956621         0.1672156204
        0.0450038000         2.3600000000         1.3429439823         3.9986437847         0.1672156204
        0.0500079000         2.3600000000         1.3352870017         3.9935400297        -0.0322463522
        0.0550049000         2.3600000000         1.3301823480         3.9858843974        -0.1652210007
        0.0600061000         2.3600000000         1.3352870017         3.9909881523        -0.0322463522
        0.0650039000         2.3600000000         1.3352870017         3.9935400297        -0.0322463522
        0.0700055000         2.3600000000         1.3301823480         3.9858843974        -0.1652210007
        0.0750046000         2.3600000000         1.3352870017         3.9960919072        -0.0322463522
        0.0800048000         2.3600000000         1.3276300211         3.9858843974        -0.2317083249
        0.0850048000         2.3600000000         1.3276300211         3.9909881523        -0.2317083249
        0.0900089000         2.3600000000         1.3327346748         3.9909881523        -0.0987336765
        0.0950059000         2.3600000000         1.3276300211         3.9909881523        -0.2317083249
        0.1000371000         2.3600000000         1.3276300211         3.9858843974        -0.2317083249
        0.1050080000         2.3600000000         1.3276300211         3.9909881523        -0.2317083249
        0.1100262000         2.3600000000         1.3301823480         3.9858843974        -0.1652210007
        0.1150046000         2.3600000000         1.3327346748         3.9960919072        -0.0987336765
        0.1200058000         2.3600000000         1.3276300211         3.9807806424        -0.2317083249
        0.1250046000         2.3600000000         1.3276300211         3.9833325199        -0.2317083249
        0.1300046000         2.3600000000         1.3276300211         3.9807806424        -0.2317083249
        0.1350047000         2.3600000000         1.3352870017         3.9884362748        -0.0322463522
        0.1401204000         2.3600000000         1.3403916554         3.9858843974         0.1007282962
        0.1450050000         2.3600000000         1.3403916554         3.9935400297         0.1007282962
        0.1500065000         2.3600000000         1.3352870017         3.9858843974        -0.0322463522
        0.1550383000         2.3600000000         1.3352870017         3.9807806424        -0.0322463522
        0.1600052000         2.3600000000         1.3352870017         3.9858843974        -0.0322463522
        0.1650067000         2.3600000000         1.3429439823         3.9960919072         0.1672156204
        0.1700071000         2.3600000000         1.3403916554         3.9935400297         0.1007282962
        0.1750045000         2.3600000000         1.3378393285         3.9884362748         0.0342409720
        0.1800049000         2.3600000000         1.3378393285         3.9858843974         0.0342409720
        0.1850042000         2.3600000000         1.3506009628         3.9935400297         0.3666775931
        0.1900060000         2.3600000000         1.3403916554         3.9935400297         0.1007282962
        0.1950035000         2.3600000000         1.3352870017         3.9833325199        -0.0322463522
        0.2000046000         2.3600000000         1.3352870017         3.9858843974        -0.0322463522
        0.2050050000         2.3600000000         1.3301823480         3.9807806424        -0.1652210007
        0.2100047000         2.3600000000         1.3327346748         3.9833325199        -0.0987336765
        0.2150036000         2.3600000000         1.3454963091         3.9909881523         0.2337029447
        0.2200047000         2.3600000000         1.3429439823         3.9960919072         0.1672156204
        0.2250036000         2.3600000000         1.3429439823         3.9960919072         0.1672156204
        0.2300046000         2.3600000000         1.3352870017         3.9858843974        -0.0322463522
        0.2350048000         2.3600000000         1.3301823480         3.9807806424        -0.1652210007
        0.2400049000         2.3600000000         1.3301823480         3.9807806424        -0.1652210007
        0.2450033000         2.3600000000         1.3429439823         3.9935400297         0.1672156204
        0.2500046000         2.3600000000         1.3352870017         3.9807806424        -0.0322463522
        0.2550042000         2.3600000000         1.3429439823         3.9935400297         0.1672156204
        0.2600062000         2.3600000000         1.3403916554         3.9909881523         0.1007282962
        0.2650071000         2.3600000000         1.3327346748         3.9833325199        -0.0987336765
        0.2700058000         2.3600000000         1.3276300211         3.9807806424        -0.2317083249
        0.2750038000         2.3600000000         1.3378393285         3.9884362748         0.0342409720
        0.2800058000         2.3600000000         1.3352870017         3.9858843974        -0.0322463522
        0.2850052000         2.3600000000         1.3403916554         3.9935400297         0.1007282962
        0.2900033000         2.3600000000         1.3403916554         3.9935400297         0.1007282962
        0.2950060000         2.3600000000         1.3327346748         3.9884362748        -0.0987336765
        0.3000059000         2.3600000000         1.3327346748         3.9833325199        -0.0987336765
        0.3050035000         2.3600000000         1.3301823480         3.9807806424        -0.1652210007
        0.3100059000         2.3600000000         1.3429439823         3.9935400297         0.1672156204
        0.3150060000         2.3600000000         1.3454963091         3.9960919072         0.2337029447
        0.3200055000         2.3600000000         1.3301823480         3.9807806424        -0.1652210007
        0.3250039000         2.3600000000         1.3429439823         3.9935400297         0.1672156204
        0.3300055000         2.3600000000         1.3403916554         3.9935400297         0.1007282962
        0.3350041000         2.3600000000         1.3352870017         3.9884362748        -0.0322463522
        0.3400051000         2.3600000000         1.3352870017         3.9884362748        -0.0322463522
        0.3450057000         2.3600000000         1.3403916554         3.9935400297         0.1007282962
        0.3500054000         2.3600000000         1.3403916554         3.9935400297         0.1007282962
        0.3550038000         2.3600000000         1.3506009628         3.9935400297         0.3666775931
        0.3600056000         2.3600000000         1.3403916554         3.9884362748         0.1007282962
        0.3650032000         2.3600000000         1.3403916554         3.9807806424         0.1007282962
        0.3700056000         2.3600000000         1.3378393285         3.9858843974         0.0342409720
        0.3750045000         2.3600000000         1.3276300211         3.9833325199        -0.2317083249
        0.3800061000         2.3600000000         1.3429439823         3.9960919072         0.1672156204
        0.3850047000         2.3600000000         1.3352870017         3.9858843974        -0.0322463522
        0.3900054000         2.3600000000         1.3327346748         3.9858843974        -0.0987336765
        0.3950040000         2.3600000000         1.3352870017         3.9884362748        -0.0322463522
        0.4000051000         2.3600000000         1.3276300211         3.9858843974        -0.2317083249
        0.4050040000         2.3600000000         1.3429439823         3.9935400297         0.1672156204
        0.4100058000         2.3600000000         1.3276300211         3.9833325199        -0.2317083249
        0.4150044000         2.3600000000         1.3352870017         3.9884362748        -0.0322463522
        0.4200054000         2.3600000000         1.3301823480         3.9807806424        -0.1652210007
        0.4250039000         2.3600000000         1.3250776943         3.9807806424        -0.2981956492
        0.4300059000         2.3600000000         1.3429439823         3.9884362748         0.1672156204
        0.4350029000         2.3600000000         1.3480486360         3.9960919072         0.3001902689
        0.4400048000         2.3600000000         1.3429439823         3.9858843974         0.1672156204
        0.4450049000         2.3600000000         1.3352870017         3.9884362748        -0.0322463522
        0.4500047000         2.3600000000         1.3276300211         3.9807806424        -0.2317083249
        0.4550025000         2.3600000000         1.3301823480         3.9807806424        -0.1652210007
        0.4600049000         2.3600000000         1.3327346748         3.9884362748        -0.0987336765
        0.4650027000         2.3600000000         1.3429439823         3.9935400297         0.1672156204
        0.4700044000         2.3600000000         1.3352870017         3.9858843974        -0.0322463522
        0.4750034000         2.3600000000         1.3403916554         3.9935400297         0.1007282962
        0.4800050000         2.3600000000         1.3352870017         3.9858843974        -0.0322463522
        0.4850035000         2.3600000000         1.3352870017         3.9884362748        -0.0322463522
        0.4900048000         2.3600000000         1.3352870017         3.9858843974        -0.0322463522
        0.4950133000         2.3600000000         1.3352870017         3.9884362748        -0.0322463522
        0.5000043000         2.3600000000         1.3352870017         3.9884362748        -0.0322463522
        0.5050047000         2.3600000000         1.3429439823         3.9884362748         0.1672156204
        0.5100041000         2.3600000000         1.3429439823         3.9935400297         0.1672156204
        0.5150048000         2.3600000000         1.3301823480         3.9807806424        -0.1652210007
        0.5200028000         2.3600000000         1.3352870017         3.9884362748        -0.0322463522
        0.5250016000         2.3600000000         1.3480486360         3.9884362748         0.3001902689
        0.5300035000         2.3600000000         1.3301823480         3.9807806424        -0.1652210007
        0.5350032000         2.3600000000         1.3301823480         3.9833325199        -0.1652210007
        0.5400055000         2.3600000000         1.3429439823         3.9935400297         0.1672156204
        0.5450027000         2.3600000000         1.3352870017         3.9884362748        -0.0322463522
        0.5500052000         2.3600000000         1.3301823480         3.9833325199        -0.1652210007
        0.5550038000         2.3600000000         1.3403916554         3.9935400297         0.1007282962
        0.5600035000         2.3600000000         1.3352870017         3.9858843974        -0.0322463522
        0.5650023000         2.3600000000         1.3429439823         3.9935400297         0.1672156204
        0.5700025000         2.3600000000         1.3352870017         3.9782287650        -0.0322463522
        0.5750015000         2.3600000000         1.3301823480         3.9858843974        -0.1652210007
        0.5800029000         2.3600000000         1.3378393285         3.9884362748         0.0342409720
        0.5850029000         2.3600000000         1.3352870017         3.9884362748        -0.0322463522
        0.5900054000         2.3600000000         1.3301823480         3.9731250101        -0.1652210007
        0.5950048000         2.3600000000         1.3378393285         3.9884362748         0.0342409720
        0.6000043000         2.3600000000         1.3429439823         3.9960919072         0.1672156204
        0.6050146000         2.3600000000         1.3352870017         3.9858843974        -0.0322463522
        0.6100044000         2.3600000000         1.3352870017         3.9858843974        -0.0322463522
        0.6150546000         2.3600000000         1.3429439823         3.9960919072         0.1672156204
        0.6200042000         2.3600000000         1.3352870017         3.9884362748        -0.0322463522
        0.6250040000         2.3600000000         1.3327346748         3.9884362748        -0.0987336765
        0.6300032000         2.3600000000         1.3352870017         3.9884362748        -0.0322463522
        0.6350040000         2.3600000000         1.3352870017         3.9858843974        -0.0322463522
        0.6400031000         2.3600000000         1.3429439823         3.9960919072         0.1672156204
        0.6450025000         2.3600000000         1.3429439823         3.9909881523         0.1672156204
        0.6500054000         2.3600000000         1.3327346748         3.9833325199        -0.0987336765
        0.6550035000         2.3600000000         1.3301823480         3.9884362748        -0.1652210007
        0.6600031000         2.3600000000         1.3301823480         3.9833325199        -0.1652210007
        0.6650023000         2.3600000000         1.3301823480         3.9807806424        -0.1652210007
        0.6700027000         2.3600000000         1.3429439823         3.9935400297         0.1672156204
        0.6750075000         2.3600000000         1.3378393285         3.9858843974         0.0342409720
        0.6800055000         2.3600000000         1.3531532897         3.9884362748         0.4331649173
        0.6850039000         2.3600000000         1.3301823480         3.9833325199        -0.1652210007
        0.6900030000         2.3600000000         1.3327346748         3.9807806424        -0.0987336765
        0.6950023000         2.3600000000         1.3352870017         3.9884362748        -0.0322463522
        0.7000034000         2.3600000000         1.3378393285         3.9858843974         0.0342409720
        0.7050017000         2.3600000000         1.3301823480         3.9833325199        -0.1652210007
        0.7100050000         2.3600000000         1.3403916554         3.9935400297         0.1007282962
        0.7150034000         2.3600000000         1.3403916554         3.9960919072         0.1007282962
        0.7200028000         2.3600000000         1.3352870017         3.9884362748        -0.0322463522
        0.7250015000         2.3600000000         1.3327346748         3.9884362748        -0.0987336765
        0.7300051000         2.3600000000         1.3352870017         3.9858843974        -0.0322463522
        0.7350035000         2.3600000000         1.3378393285         3.9884362748         0.0342409720
        0.7400042000         2.3600000000         1.3378393285         3.9858843974         0.0342409720
        0.7450030000         2.3600000000         1.3429439823         3.9884362748         0.1672156204
        0.7500029000         2.3600000000         1.3454963091         3.9935400297         0.2337029447
        0.7550022000         2.3600000000         1.3429439823         3.9858843974         0.1672156204
        0.7600024000         2.3600000000         1.3352870017         3.9858843974        -0.0322463522
        0.7650014000         2.3600000000         1.3429439823         3.9909881523         0.1672156204
        0.7700051000         2.3600000000         1.3276300211         3.9833325199        -0.2317083249
        0.7750029000         2.3600000000         1.3352870017         3.9884362748        -0.0322463522
        0.7800064000         2.3600000000         1.3378393285         3.9884362748         0.0342409720
        0.7850077000         2.3600000000         1.3378393285         3.9884362748         0.0342409720
        0.7900046000         2.3600000000         1.3429439823         3.9935400297         0.1672156204
        0.7950015000         2.3600000000         1.3378393285         3.9935400297         0.0342409720
        0.8000044000         2.3600000000         1.3506009628         3.9960919072         0.3666775931
        0.8050060000         2.3600000000         1.3352870017         3.9960919072        -0.0322463522
        0.8100025000         2.3600000000         1.3429439823         3.9909881523         0.1672156204
        0.8150029000         2.3600000000         1.3429439823         3.9909881523         0.1672156204
        0.8200023000         2.3600000000         1.3378393285         3.9807806424         0.0342409720
        0.8250055000         2.3600000000         1.3378393285         3.9884362748         0.0342409720
        0.8300053000         2.3600000000         1.3531532897         3.9884362748         0.4331649173
        0.8352547000         2.3600000000         1.3429439823         3.9935400297         0.1672156204
        0.8400065000         2.3600000000         1.3352870017         3.9884362748        -0.0322463522
        0.8450054000         2.3600000000         1.3352870017         3.9858843974        -0.0322463522
        0.8500053000         2.3600000000         1.3352870017         3.9858843974        -0.0322463522
        0.8550055000         2.3600000000         1.3429439823         3.9935400297         0.1672156204
        0.8600046000         2.3600000000         1.3378393285         3.9858843974         0.0342409720
        0.8650034000         2.3600000000         1.3352870017         3.9858843974        -0.0322463522
        0.8700066000         2.3600000000         1.3301823480         3.9833325199        -0.1652210007
        0.8750243000         2.3600000000         1.3506009628         3.9935400297         0.3666775931
        0.8800060000         2.3600000000         1.3378393285         3.9884362748         0.0342409720
        0.8850056000         2.3600000000         1.3429439823         3.9935400297         0.1672156204
        0.8900059000         2.3600000000         1.3352870017         3.9884362748        -0.0322463522
        0.8950056000         2.3600000000         1.3454963091         3.9935400297         0.2337029447
        0.9000042000         2.3600000000         1.3454963091         3.9935400297         0.2337029447
        0.9050061000         2.3600000000         1.3352870017         3.9884362748        -0.0322463522
        0.9100049000         2.3600000000         1.3352870017         3.9858843974        -0.0322463522
        0.9150023000         2.3600000000         1.3301823480         3.9807806424        -0.1652210007
        0.9200052000         2.3600000000         1.3429439823         3.9960919072         0.1672156204
        0.9250065000         2.3600000000         1.3301823480         3.9807806424        -0.1652210007
        0.9300047000         2.3600000000         1.3429439823         3.9935400297         0.1672156204
        0.9350059000         2.3600000000         1.3352870017         3.9858843974        -0.0322463522
        0.9400066000         2.3600000000         1.3352870017         3.9884362748        -0.0322463522
        0.9450065000         2.3600000000         1.3276300211         3.9858843974        -0.2317083249
        0.9500062000         2.3600000000         1.3352870017         3.9884362748        -0.0322463522
        0.9550061000         2.3600000000         1.3352870017         3.9884362748        -0.0322463522
        0.9600041000         2.3600000000         1.3352870017         3.9858843974        -0.0322463522
        0.9650055000         2.3600000000         1.3327346748         3.9833325199        -0.0987336765
        0.9700040000         2.3600000000         1.3454963091         3.9960919072         0.2337029447
        0.9750056000         2.3600000000         1.3454963091         3.9833325199         0.2337029447
        0.9800044000         2.3600000000         1.3352870017         3.9884362748        -0.0322463522
        0.9850083000         2.3600000000         1.3352870017         3.9858843974        -0.0322463522
        0.9900074000         2.3600000000         1.3352870017         3.9909881523        -0.0322463522
        0.9950053000         2.3600000000         1.3352870017         3.9884362748        -0.0322463522
        1.0000443000         2.3600000000         1.3276300211         3.9807806424        -0.2317083249
        1.0050127000         2.3600000000         1.3352870017         3.9884362748        -0.0322463522
        1.0100047000         2.3600000000         1.3276300211         3.9833325199        -0.2317083249
        1.0150075000         2.3600000000         1.3403916554         3.9960919072         0.1007282962
        1.0200051000         2.3600000000         1.3352870017         3.9909881523        -0.0322463522
        1.0250055000         2.3600000000         1.3352870017         3.9884362748        -0.0322463522
        1.0300045000         2.3600000000         1.3403916554         3.9884362748         0.1007282962
        1.0350058000         2.3600000000         1.3327346748         3.9807806424        -0.0987336765
        1.0400053000         2.3600000000         1.3327346748         3.9884362748        -0.0987336765
        1.0450067000         2.3600000000         1.3454963091         3.9858843974         0.2337029447
        1.0500064000         2.3600000000         1.3301823480         3.9807806424        -0.1652210007
        1.0550056000         2.3600000000         1.3429439823         3.9884362748         0.1672156204
        1.0600049000         2.3600000000         1.3352870017         3.9884362748        -0.0322463522
        1.0650041000         2.3600000000         1.3352870017         3.9858843974        -0.0322463522
        1.0700059000         2.3600000000         1.3327346748         3.9884362748        -0.0987336765
        1.0750032000         2.3600000000         1.3378393285         3.9807806424         0.0342409720
        1.0800057000         2.3600000000         1.3327346748         3.9858843974        -0.0987336765
        1.0850035000         2.3600000000         1.3352870017         3.9858843974        -0.0322463522
        1.0900062000         2.3600000000         1.3276300211         3.9807806424        -0.2317083249
        1.0950042000         2.3600000000         1.3301823480         3.9833325199        -0.1652210007
        1.1000067000         2.3600000000         1.3378393285         3.9884362748         0.0342409720
        1.1050050000         2.3600000000         1.3301823480         3.9833325199        -0.1652210007
        1.1100032000         2.3600000000         1.3378393285         3.9884362748         0.0342409720
        1.1150060000         2.3600000000         1.3403916554         3.9858843974         0.1007282962
        1.1200046000         2.3600000000         1.3352870017         3.9858843974        -0.0322463522
        1.1250056000         2.3600000000         1.3276300211         3.9782287650        -0.2317083249
        1.1300036000         2.3600000000         1.3352870017         3.9884362748        -0.0322463522
        1.1350106000         2.3600000000         1.3429439823         3.9858843974         0.1672156204
        1.1400129000         2.3600000000         1.3352870017         3.9858843974        -0.0322463522
        1.1450036000         2.3600000000         1.3531532897         3.9909881523         0.4331649173
        1.1500097000         2.3600000000         1.3378393285         3.9884362748         0.0342409720
        1.1550052000         2.3600000000         1.3352870017         3.9858843974        -0.0322463522
        1.1600143000         2.3600000000         1.3301823480         3.9833325199        -0.1652210007
        1.1650076000         2.3600000000         1.3301823480         3.9807806424        -0.1652210007
        1.1700046000         2.3600000000         1.3301823480         3.9807806424        -0.1652210007
        1.1750061000         2.3600000000         1.3352870017         3.9935400297        -0.0322463522
        1.1800151000         2.3600000000         1.3352870017         3.9858843974        -0.0322463522
        1.1850064000         2.3600000000         1.3352870017         3.9884362748        -0.0322463522
        1.1900170000         2.3600000000         1.3352870017         3.9884362748        -0.0322463522
        1.1950071000         2.3600000000         1.3352870017         3.9858843974        -0.0322463522
        1.2000045000         2.3600000000         1.3327346748         3.9884362748        -0.0987336765
        1.2050063000         2.3600000000         1.3352870017         3.9858843974        -0.0322463522
        1.2100151000         2.3600000000         1.3352870017         3.9884362748        -0.0322463522
        1.2150070000         2.3600000000         1.3301823480         3.9833325199        -0.1652210007
        1.2200043000         2.3600000000         1.3352870017         3.9858843974        -0.0322463522
        1.2250066000         2.3600000000         1.3301823480         3.9807806424        -0.1652210007
        1.2300134000         2.3600000000         1.3352870017         3.9884362748        -0.0322463522
        1.2350086000         2.3600000000         1.3301823480         3.9833325199        -0.1652210007
        1.2400087000         2.3600000000         1.3301823480         3.9807806424        -0.1652210007
        1.2450057000         2.3600000000         1.3352870017         3.9935400297        -0.0322463522
        1.2500035000         2.3600000000         1.3301823480         3.9807806424        -0.1652210007
        1.2550050000         2.3600000000         1.3403916554         3.9884362748         0.1007282962
        1.2600132000         2.3600000000         1.3301823480         3.9833325199        -0.1652210007
        1.2650039000         2.3600000000         1.3352870017         3.9833325199        -0.0322463522
        1.2700041000         2.3600000000         1.3352870017         3.9884362748        -0.0322463522
        1.2750087000         2.3600000000         1.3352870017         3.9884362748        -0.0322463522
        1.2800152000         2.3600000000         1.3276300211         3.9833325199        -0.2317083249
        1.2850049000         2.3600000000         1.3327346748         3.9884362748        -0.0987336765
        1.2900046000         2.3600000000         1.3403916554         3.9858843974         0.1007282962
        1.2950092000         2.3600000000         1.3403916554         3.9935400297         0.1007282962
        1.3000049000         2.3600000000         1.3352870017         3.9858843974        -0.0322463522
        1.3050077000         2.3600000000         1.3352870017         3.9858843974        -0.0322463522
        1.3100128000         2.3600000000         1.3276300211         3.9833325199        -0.2317083249
        1.3150156000         2.3600000000         1.3352870017         3.9858843974        -0.0322463522
        1.3200050000         2.3600000000         1.3352870017         3.9884362748        -0.0322463522
        1.3250058000         2.3600000000         1.3352870017         3.9884362748        -0.0322463522
        1.3300122000         2.3600000000         1.3301823480         3.9807806424        -0.1652210007
        1.3350063000         2.3600000000         1.3352870017         3.9884362748        -0.0322463522
        1.3400169000         2.3600000000         1.3352870017         3.9884362748        -0.0322463522
        1.3450179000         2.3600000000         1.3352870017         3.9858843974        -0.0322463522
        1.3500048000         2.3600000000         1.3403916554         3.9935400297         0.1007282962
        1.3550121000         2.3600000000         1.3276300211         3.9807806424        -0.2317083249
        1.3600184000         2.3600000000         1.3301823480         3.9807806424        -0.1652210007
        1.3650080000         2.3600000000         1.3352870017         3.9884362748        -0.0322463522
        1.3700053000         2.3600000000         1.3352870017         3.9884362748        -0.0322463522
        1.3750092000         2.3600000000         1.3352870017         3.9884362748        -0.0322463522
        1.3800046000         2.3600000000         1.3301823480         3.9807806424        -0.1652210007
        1.3850073000         2.3600000000         1.3352870017         3.9858843974        -0.0322463522
        1.3900048000         2.3600000000         1.3352870017         3.9858843974        -0.0322463522
        1.3950031000         2.3600000000         1.3352870017         3.9858843974        -0.0322463522
        1.4000044000         2.3600000000         1.3403916554         3.9935400297         0.1007282962
        1.4050048000         2.3600000000         1.3352870017         3.9884362748        -0.0322463522
        1.4100047000         2.3600000000         1.3352870017         3.9858843974        -0.0322463522
        1.4150047000         2.3600000000         1.3301823480         3.9833325199        -0.1652210007
        1.4200032000         2.3600000000         1.3352870017         3.9858843974        -0.0322463522
        1.4250046000         2.3600000000         1.3352870017         3.9807806424        -0.0322463522
        1.4300055000         2.3600000000         1.3378393285         3.9858843974         0.0342409720
        1.4350045000         2.3600000000         1.3429439823         3.9935400297         0.1672156204
        1.4400043000         2.3600000000         1.3378393285         3.9807806424         0.0342409720
        1.4450047000         2.3600000000         1.3301823480         3.9833325199        -0.1652210007
        1.4500072000         2.3600000000         1.3352870017         3.9909881523        -0.0322463522
        1.4550037000         2.3600000000         1.3403916554         3.9935400297         0.1007282962
        1.4600065000         2.3600000000         1.3276300211         3.9807806424        -0.2317083249
        1.4650033000         2.3600000000         1.3352870017         3.9884362748        -0.0322463522
        1.4700026000         2.3600000000         1.3352870017         3.9884362748        -0.0322463522
        1.4750016000         2.3600000000         1.3352870017         3.9858843974        -0.0322463522
        1.4800046000         2.3600000000         1.3403916554         3.9935400297         0.1007282962
        1.4850033000         2.3600000000         1.3352870017         3.9858843974        -0.0322463522
        1.4900065000         2.3600000000         1.3301823480         3.9858843974        -0.1652210007
        1.4950049000         2.3600000000         1.3403916554         3.9960919072         0.1007282962
        1.5000032000         2.3600000000         1.3403916554         3.9884362748         0.1007282962
        1.5050048000         2.3600000000         1.3378393285         3.9807806424         0.0342409720
        1.5100034000         2.3600000000         1.3276300211         3.9807806424        -0.2317083249
        1.5150048000         2.3600000000         1.3352870017         3.9858843974        -0.0322463522
        1.5200038000         2.3600000000         1.3403916554         3.9960919072         0.1007282962
        1.5250047000         2.3600000000         1.3429439823         3.9960919072         0.1672156204
        1.5300049000         2.3600000000         1.3352870017         3.9858843974        -0.0322463522
        1.5350047000         2.3600000000         1.3276300211         3.9833325199        -0.2317083249
        1.5400051000         2.3600000000         1.3276300211         3.9807806424        -0.2317083249
        1.5450050000         2.3600000000         1.3352870017         3.9858843974        -0.0322463522
        1.5500036000         2.3600000000         1.3403916554         3.9960919072         0.1007282962
        1.5550047000         2.3600000000         1.3301823480         3.9807806424        -0.1652210007
        1.5600094000         2.3600000000         1.3429439823         3.9858843974         0.1672156204
        1.5650095000         2.3600000000         1.3352870017         3.9909881523        -0.0322463522
        1.5700071000         2.3600000000         1.3352870017         3.9884362748        -0.0322463522
        1.5750074000         2.3600000000         1.3276300211         3.9858843974        -0.2317083249
        1.5800040000         2.3600000000         1.3327346748         3.9807806424        -0.0987336765
        1.5850032000         2.3600000000         1.3301823480         3.9807806424        -0.1652210007
        1.5900039000         2.3600000000         1.3327346748         3.9807806424        -0.0987336765
        1.5950058000         2.3600000000         1.3403916554         3.9909881523         0.1007282962
        1.6000046000         2.3600000000         1.3276300211         3.9807806424        -0.2317083249
        1.6050052000         2.3600000000         1.3301823480         3.9807806424        -0.1652210007
        1.6100051000         2.3600000000         1.3378393285         3.9884362748         0.0342409720
        1.6150048000         2.3600000000         1.3352870017         3.9884362748        -0.0322463522
        1.6200056000         2.3600000000         1.3403916554         3.9960919072         0.1007282962
        1.6250058000         2.3600000000         1.3429439823         3.9960919072         0.1672156204
        1.6300061000         2.3600000000         1.3352870017         3.9884362748        -0.0322463522
        1.6350061000         2.3600000000         1.3352870017         3.9884362748        -0.0322463522
        1.6400041000         2.3600000000         1.3378393285         3.9884362748         0.0342409720
        1.6450059000         2.3600000000         1.3301823480         3.9884362748        -0.1652210007
        1.6500039000         2.3600000000         1.3352870017         3.9909881523        -0.0322463522
        1.6550056000         2.3600000000         1.3301823480         3.9807806424        -0.1652210007
        1.6600059000         2.3600000000         1.3378393285         3.9807806424         0.0342409720
        1.6650051000         2.3600000000         1.3327346748         3.9884362748        -0.0987336765
        1.6700032000         2.3600000000         1.3403916554         3.9960919072         0.1007282962
        1.6750057000         2.3600000000         1.3378393285         3.9884362748         0.0342409720
        1.6800040000         2.3600000000         1.3276300211         3.9833325199        -0.2317083249
        1.6850104000         2.3600000000         1.3429439823         3.9960919072         0.1672156204
        1.6900070000         2.3600000000         1.3429439823         3.9935400297         0.1672156204
        1.6950144000         2.3600000000         1.3327346748         3.9833325199        -0.0987336765
        1.7000497000         2.3600000000         1.3301823480         3.9756768875        -0.1652210007
        1.7050058000         2.3600000000         1.3352870017         3.9884362748        -0.0322463522
        1.7100063000         2.3600000000         1.3352870017         3.9884362748        -0.0322463522
        1.7150125000         2.3600000000         1.3403916554         3.9884362748         0.1007282962
        1.7200062000         2.3600000000         1.3454963091         3.9884362748         0.2337029447
        1.7250144000         2.3600000000         1.3352870017         3.9858843974        -0.0322463522
        1.7300057000         2.3600000000         1.3454963091         3.9833325199         0.2337029447
        1.7350065000         2.3600000000         1.3352870017         3.9909881523        -0.0322463522
        1.7400034000         2.3600000000         1.3429439823         3.9960919072         0.1672156204
        1.7450062000         2.3600000000         1.3327346748         3.9833325199        -0.0987336765
        1.7500056000         2.3600000000         1.3403916554         3.9960919072         0.1007282962
        1.7550052000         2.3600000000         1.3352870017         3.9884362748        -0.0322463522
        1.7600095000         2.3600000000         1.3276300211         3.9807806424        -0.2317083249
        1.7650055000         2.3600000000         1.3378393285         3.9935400297         0.0342409720
        1.7700039000         2.3600000000         1.3403916554         3.9935400297         0.1007282962
        1.7750055000         2.3600000000         1.3352870017         3.9858843974        -0.0322463522
        1.7800330000         2.3600000000         1.3378393285         3.9858843974         0.0342409720
        1.7850033000         2.3600000000         1.3276300211         3.9833325199        -0.2317083249
        1.7900053000         2.3600000000         1.3454963091         3.9884362748         0.2337029447
        1.7950091000         2.3600000000         1.3327346748         3.9884362748        -0.0987336765
        1.8000054000         2.3600000000         1.3403916554         3.9884362748         0.1007282962
        1.8050043000         2.3600000000         1.3327346748         3.9807806424        -0.0987336765
        1.8100076000         2.3600000000         1.3378393285         3.9858843974         0.0342409720
        1.8150074000         2.3600000000         1.3403916554         3.9960919072         0.1007282962
        1.8200061000         2.3600000000         1.3403916554         3.9935400297         0.1007282962
        1.8250044000         2.3600000000         1.3352870017         3.9858843974        -0.0322463522
        1.8300062000         2.3600000000         1.3352870017         3.9858843974        -0.0322463522
        1.8350062000         2.3600000000         1.3352870017         3.9884362748        -0.0322463522
        1.8400059000         2.3600000000         1.3403916554         3.9935400297         0.1007282962
        1.8450049000         2.3600000000         1.3276300211         3.9833325199        -0.2317083249
        1.8500055000         2.3600000000         1.3429439823         3.9935400297         0.1672156204
        1.8550044000         2.3600000000         1.3403916554         3.9884362748         0.1007282962
        1.8600071000         2.3600000000         1.3352870017         3.9858843974        -0.0322463522
        1.8650047000         2.3600000000         1.3301823480         3.9833325199        -0.1652210007
        1.8700061000         2.3600000000         1.3506009628         3.9935400297         0.3666775931
        1.8750159000         2.3600000000         1.3276300211         3.9833325199        -0.2317083249
        1.8800044000         2.3600000000         1.3352870017         3.9858843974        -0.0322463522
        1.8850103000         2.3600000000         1.3352870017         3.9884362748        -0.0322463522
        1.8900059000         2.3600000000         1.3429439823         3.9935400297         0.1672156204
        1.8950050000         2.3600000000         1.3531532897         3.9935400297         0.4331649173
        1.9000049000         2.3600000000         1.3301823480         3.9807806424        -0.1652210007
        1.9050048000         2.3600000000         1.3429439823         3.9960919072         0.1672156204
        1.9100050000         2.3600000000         1.3352870017         3.9884362748        -0.0322463522
        1.9150040000         2.3600000000         1.3301823480         3.9807806424        -0.1652210007
        1.9200047000         2.3600000000         1.3301823480         3.9807806424        -0.1652210007
        1.9250031000         2.3600000000         1.3352870017         3.9909881523        -0.0322463522
        1.9300021000         2.3600000000         1.3352870017         3.9858843974        -0.0322463522
        1.9350041000         2.3600000000         1.3429439823         3.9960919072         0.1672156204
        1.9400048000         2.3600000000         1.3352870017         3.9935400297        -0.0322463522
        1.9450048000         2.3600000000         1.3301823480         3.9807806424        -0.1652210007
        1.9500059000         2.3600000000         1.3327346748         3.9858843974        -0.0987336765
        1.9550035000         2.3600000000         1.3378393285         3.9884362748         0.0342409720
        1.9600018000         2.3600000000         1.3403916554         3.9884362748         0.1007282962
        1.9650023000         2.3600000000         1.3582579434         3.9935400297         0.5661395658
        1.9700053000         2.3600000000         1.3352870017         3.9858843974        -0.0322463522
        1.9750051000         2.3600000000         1.3276300211         3.9833325199        -0.2317083249
        1.9800066000         2.3600000000         1.3352870017         3.9884362748        -0.0322463522
        1.9850041000         2.3600000000         1.3352870017         3.9884362748        -0.0322463522
        1.9900031000         2.3600000000         1.3352870017         3.9884362748        -0.0322463522
        1.9950026000         2.3600000000         1.3429439823         3.9935400297         0.1672156204
        2.0000060000         2.3600000000         1.3429439823         3.9858843974         0.1672156204
        2.0050046000         2.3600000000         1.3276300211         3.9833325199        -0.2317083249
        2.0100058000         2.3600000000         1.3352870017         3.9858843974        -0.0322463522
        2.0150043000         2.3600000000         1.3352870017         3.9858843974        -0.0322463522
        2.0200052000         2.3600000000         1.3301823480         3.9807806424        -0.1652210007
        2.0250048000         2.3600000000         1.3429439823         3.9935400297         0.1672156204
        2.0300058000         2.3600000000         1.3301823480         3.9833325199        -0.1652210007
        2.0350066000         2.3600000000         1.3454963091         3.9935400297         0.2337029447
        2.0400061000         2.3600000000         1.3352870017         3.9858843974        -0.0322463522
        2.0450065000         2.3600000000         1.3352870017         3.9884362748        -0.0322463522
        2.0500094000         2.3600000000         1.3301823480         3.9833325199        -0.1652210007
        2.0550064000         2.3600000000         1.3352870017         3.9884362748        -0.0322463522
        2.0600071000         2.3600000000         1.3276300211         3.9807806424        -0.2317083249
        2.0650055000         2.3600000000         1.3429439823         3.9909881523         0.1672156204
        2.0700097000         2.3600000000         1.3276300211         3.9807806424        -0.2317083249
        2.0750339000         2.3600000000         1.3352870017         3.9884362748        -0.0322463522
        2.0800114000         2.3600000000         1.3429439823         3.9935400297         0.1672156204
        2.0850026000         2.3600000000         1.3352870017         3.9935400297        -0.0322463522
        2.0900131000         2.3600000000         1.3301823480         3.9807806424        -0.1652210007
        2.0950069000         2.3600000000         1.3506009628         3.9960919072         0.3666775931
        2.1000048000         2.3600000000         1.3429439823         3.9960919072         0.1672156204
        2.1050057000         2.3600000000         1.3352870017         3.9884362748        -0.0322463522
        2.1100049000         2.3600000000         1.3454963091         3.9960919072         0.2337029447
        2.1150059000         2.3600000000         1.3378393285         3.9884362748         0.0342409720
        2.1200044000         2.3600000000         1.3403916554         3.9960919072         0.1007282962
        2.1250064000         2.3600000000         1.3352870017         3.9884362748        -0.0322463522
        2.1300052000         2.3600000000         1.3378393285         3.9858843974         0.0342409720
        2.1350039000         2.3600000000         1.3352870017         3.9858843974        -0.0322463522
        2.1400048000         2.3600000000         1.3301823480         3.9807806424        -0.1652210007
        2.1450033000         2.3600000000         1.3301823480         3.9807806424        -0.1652210007
        2.1500042000         2.3600000000         1.3352870017         3.9884362748        -0.0322463522
        2.1550043000         2.3600000000         1.3352870017         3.9909881523        -0.0322463522
        2.1600021000         2.3600000000         1.3429439823         3.9909881523         0.1672156204
        2.1650028000         2.3600000000         1.3327346748         3.9858843974        -0.0987336765
        2.1700030000         2.3600000000         1.3429439823         3.9935400297         0.1672156204
        2.1750025000         2.3600000000         1.3352870017         3.9833325199        -0.0322463522
        2.1800023000         2.3600000000         1.3352870017         3.9884362748        -0.0322463522
        2.1850065000         2.3600000000         1.3403916554         3.9909881523         0.1007282962
        2.1900033000         2.3600000000         1.3352870017         3.9858843974        -0.0322463522
        2.1950029000         2.3600000000         1.3429439823         3.9909881523         0.1672156204
        2.2000027000         2.3600000000         1.3403916554         3.9960919072         0.1007282962
        2.2050026000         2.3600000000         1.3352870017         3.9884362748        -0.0322463522
        2.2100014000         2.3600000000         1.3352870017         3.9858843974        -0.0322463522
        2.2150091000         2.3600000000         1.3352870017         3.9858843974        -0.0322463522
        2.2200024000         2.3600000000         1.3301823480         3.9833325199        -0.1652210007
        2.2250022000         2.3600000000         1.3429439823         3.9935400297         0.1672156204
        2.2300017000         2.3600000000         1.3429439823         3.9935400297         0.1672156204
        2.2350053000         2.3600000000         1.3352870017         3.9909881523        -0.0322463522
        2.2400041000         2.3600000000         1.3429439823         3.9935400297         0.1672156204
        2.2451266000         2.3600000000         1.3429439823         3.9935400297         0.1672156204
        2.2500044000         2.3600000000         1.3429439823         3.9884362748         0.1672156204
        2.2550025000         2.3600000000         1.3352870017         3.9858843974        -0.0322463522
        2.2600058000         2.3600000000         1.3454963091         3.9858843974         0.2337029447
        2.2650046000         2.3600000000         1.3352870017         3.9884362748        -0.0322463522
        2.2700047000         2.3600000000         1.3403916554         3.9960919072         0.1007282962
        2.2750018000         2.3600000000         1.3480486360         3.9884362748         0.3001902689
        2.2800034000         2.3600000000         1.3352870017         3.9858843974        -0.0322463522
        2.2850034000         2.3600000000         1.3429439823         3.9960919072         0.1672156204
        2.2900025000         2.3600000000         1.3352870017         3.9884362748        -0.0322463522
        2.2950021000         2.3600000000         1.3352870017         3.9884362748        -0.0322463522
        2.3000048000         2.3600000000         1.3403916554         3.9960919072         0.1007282962
        2.3050048000         2.3600000000         1.3301823480         3.9807806424        -0.1652210007
        2.3100060000         2.3600000000         1.3352870017         3.9858843974        -0.0322463522
        2.3150056000         2.3600000000         1.3403916554         3.9935400297         0.1007282962
        2.3200055000         2.3600000000         1.3454963091         3.9935400297         0.2337029447
        2.3250058000         2.3600000000         1.3403916554         3.9858843974         0.1007282962
        2.3300040000         2.3600000000         1.3301823480         3.9807806424        -0.1652210007
        2.3350040000         2.3600000000         1.3301823480         3.9858843974        -0.1652210007
        2.3400030000         2.3600000000         1.3301823480         3.9807806424        -0.1652210007
        2.3450022000         2.3600000000         1.3276300211         3.9807806424        -0.2317083249
        2.3500069000         2.3600000000         1.3352870017         3.9884362748        -0.0322463522
        2.3550055000         2.3600000000         1.3352870017         3.9884362748        -0.0322463522
        2.3600048000         2.3600000000         1.3301823480         3.9807806424        -0.1652210007
        2.3651530000         2.3600000000         1.3301823480         3.9807806424        -0.1652210007
        2.3700074000         2.3600000000         1.3352870017         3.9858843974        -0.0322463522
        2.3750058000         2.3600000000         1.3352870017         3.9858843974        -0.0322463522
        2.3800044000         2.3600000000         1.3429439823         3.9935400297         0.1672156204
        2.3850056000         2.3600000000         1.3352870017         3.9884362748        -0.0322463522
        2.3900046000         2.3600000000         1.3327346748         3.9807806424        -0.0987336765
        2.3950060000         2.3600000000         1.3480486360         3.9935400297         0.3001902689
        2.4000046000         2.3600000000         1.3352870017         3.9858843974        -0.0322463522
        2.4050111000         2.3600000000         1.3352870017         3.9807806424        -0.0322463522
        2.4100081000         2.3600000000         1.3378393285         3.9884362748         0.0342409720
        2.4150142000         2.3600000000         1.3352870017         3.9858843974        -0.0322463522
        2.4200070000         2.3600000000         1.3352870017         3.9858843974        -0.0322463522
        2.4250152000         2.3600000000         1.3301823480         3.9807806424        -0.1652210007
        2.4300061000         2.3600000000         1.3301823480         3.9807806424        -0.1652210007
        2.4350128000         2.3600000000         1.3378393285         3.9884362748         0.0342409720
        2.4400054000         2.3600000000         1.3352870017         3.9909881523        -0.0322463522
        2.4450047000         2.3600000000         1.3429439823         3.9935400297         0.1672156204
        2.4500068000         2.3600000000         1.3301823480         3.9807806424        -0.1652210007
        2.4550057000         2.3600000000         1.3301823480         3.9833325199        -0.1652210007
        2.4600034000         2.3600000000         1.3301823480         3.9807806424        -0.1652210007
        2.4650056000         2.3600000000         1.3352870017         3.9884362748        -0.0322463522
        2.4700034000         2.3600000000         1.3352870017         3.9884362748        -0.0322463522
        2.4750047000         2.3600000000         1.3403916554         3.9960919072         0.1007282962
        2.4800034000         2.3600000000         1.3327346748         3.9858843974        -0.0987336765
        2.4850049000         2.3600000000         1.3276300211         3.9807806424        -0.2317083249
        2.4900035000         2.3600000000         1.3352870017         3.9884362748        -0.0322463522
        2.4950047000         2.3600000000         1.3429439823         3.9935400297         0.1672156204
        2.5000037000         2.3600000000         1.3352870017         3.9858843974        -0.0322463522
        2.5050049000         2.3600000000         1.3506009628         3.9884362748         0.3666775931
        2.5100041000         2.3600000000         1.3352870017         3.9884362748        -0.0322463522
        2.5150040000         2.3600000000         1.3403916554         3.9960919072         0.1007282962
        2.5200025000         2.3600000000         1.3378393285         3.9858843974         0.0342409720
        2.5250041000         2.3600000000         1.3352870017         3.9884362748        -0.0322463522
        2.5300028000         2.3600000000         1.3403916554         3.9935400297         0.1007282962
        2.5350036000         2.3600000000         1.3352870017         3.9858843974        -0.0322463522
        2.5400025000         2.3600000000         1.3403916554         3.9935400297         0.1007282962
        2.5450045000         2.3600000000         1.3378393285         3.9884362748         0.0342409720
        2.5500036000         2.3600000000         1.3352870017         3.9858843974        -0.0322463522
        2.5550033000         2.3600000000         1.3327346748         3.9909881523        -0.0987336765
        2.5600037000         2.3600000000         1.3429439823         3.9935400297         0.1672156204
        2.5650052000         2.3600000000         1.3301823480         3.9833325199        -0.1652210007
        2.5700028000         2.3600000000         1.3352870017         3.9884362748        -0.0322463522
        2.5750043000         2.3600000000         1.3403916554         3.9935400297         0.1007282962
        2.5800029000         2.3600000000         1.3403916554         3.9960919072         0.1007282962
        2.5850049000         2.3600000000         1.3403916554         3.9960919072         0.1007282962
        2.5900047000         2.3600000000         1.3352870017         3.9884362748        -0.0322463522
        2.5950023000         2.3600000000         1.3276300211         3.9807806424        -0.2317083249
        2.6000027000         2.3600000000         1.3352870017         3.9960919072        -0.0322463522
        2.6050048000         2.3600000000         1.3403916554         3.9960919072         0.1007282962
        2.6100034000         2.3600000000         1.3378393285         3.9884362748         0.0342409720
        2.6150041000         2.3600000000         1.3301823480         3.9833325199        -0.1652210007
        2.6200020000         2.3600000000         1.3301823480         3.9833325199        -0.1652210007
        2.6250092000         2.3600000000         1.3352870017         3.9807806424        -0.0322463522
        2.6300050000         2.3600000000         1.3352870017         3.9884362748        -0.0322463522
        2.6350049000         2.3600000000         1.3301823480         3.9807806424        -0.1652210007
        2.6400042000         2.3600000000         1.3327346748         3.9833325199        -0.0987336765
        2.6450028000         2.3600000000         1.3454963091         3.9960919072         0.2337029447
        2.6500030000         2.3600000000         1.3403916554         3.9935400297         0.1007282962
        2.6550080000         2.3600000000         1.3352870017         3.9858843974        -0.0322463522
        2.6600038000         2.3600000000         1.3301823480         3.9833325199        -0.1652210007
        2.6650040000         2.3600000000         1.3429439823         3.9960919072         0.1672156204
        2.6700019000         2.3600000000         1.3378393285         3.9858843974         0.0342409720
        2.6750067000         2.3600000000         1.3352870017         3.9884362748        -0.0322463522
        2.6800037000         2.3600000000         1.3301823480         3.9833325199        -0.1652210007
        2.6850036000         2.3600000000         1.3352870017         3.9858843974        -0.0322463522
        2.6900034000         2.3600000000         1.3301823480         3.9807806424        -0.1652210007
        2.6950060000         2.3600000000         1.3429439823         3.9960919072         0.1672156204
        2.7000052000         2.3600000000         1.3352870017         3.9884362748        -0.0322463522
        2.7050027000         2.3600000000         1.3301823480         3.9833325199        -0.1652210007
        2.7100024000         2.3600000000         1.3352870017         3.9807806424        -0.0322463522
        2.7150030000         2.3600000000         1.3352870017         3.9884362748        -0.0322463522
        2.7200015000         2.3600000000         1.3352870017         3.9935400297        -0.0322463522
        2.7250025000         2.3600000000         1.3352870017         3.9884362748        -0.0322463522
        2.7300021000         2.3600000000         1.3352870017         3.9858843974        -0.0322463522
        2.7350029000         2.3600000000         1.3276300211         3.9807806424        -0.2317083249
        2.7400014000         2.3600000000         1.3301823480         3.9833325199        -0.1652210007
        2.7450026000         2.3600000000         1.3429439823         3.9909881523         0.1672156204
        2.7500029000         2.3600000000         1.3276300211         3.9858843974        -0.2317083249
        2.7550029000         2.3600000000         1.3352870017         3.9884362748        -0.0322463522
        2.7600020000         2.3600000000         1.3429439823         3.9935400297         0.1672156204
        2.7650031000         2.3600000000         1.3301823480         3.9833325199        -0.1652210007
        2.7700023000         2.3600000000         1.3352870017         3.9884362748        -0.0322463522
        2.7750053000         2.3600000000         1.3327346748         3.9884362748        -0.0987336765
        2.7800034000         2.3600000000         1.3301823480         3.9807806424        -0.1652210007
        2.7850050000         2.3600000000         1.3454963091         3.9935400297         0.2337029447
        2.7900035000         2.3600000000         1.3403916554         3.9960919072         0.1007282962
        2.7950051000         2.3600000000         1.3378393285         3.9807806424         0.0342409720
        2.8000035000         2.3600000000         1.3301823480         3.9807806424        -0.1652210007
        2.8050109000         2.3600000000         1.3327346748         3.9833325199        -0.0987336765
        2.8100079000         2.3600000000         1.3301823480         3.9807806424        -0.1652210007
        2.8150042000         2.3600000000         1.3301823480         3.9807806424        -0.1652210007
        2.8200061000         2.3600000000         1.3429439823         3.9935400297         0.1672156204
        2.8250045000         2.3600000000         1.3378393285         3.9884362748         0.0342409720
        2.8300060000         2.3600000000         1.3454963091         3.9960919072         0.2337029447
        2.8350068000         2.3600000000         1.3352870017         3.9884362748        -0.0322463522
        2.8400037000         2.3600000000         1.3378393285         3.9858843974         0.0342409720
        2.8450064000         2.3600000000         1.3276300211         3.9807806424        -0.2317083249
        2.8500066000         2.3600000000         1.3352870017         3.9858843974        -0.0322463522
        2.8550062000         2.3600000000         1.3352870017         3.9884362748        -0.0322463522
        2.8600038000         2.3600000000         1.3429439823         3.9935400297         0.1672156204
        2.8650065000         2.3600000000         1.3352870017         3.9858843974        -0.0322463522
        2.8700044000         2.3600000000         1.3352870017         3.9909881523        -0.0322463522
        2.8750061000         2.3600000000         1.3327346748         3.9884362748        -0.0987336765
        2.8800077000         2.3600000000         1.3352870017         3.9858843974        -0.0322463522
        2.8850132000         2.3600000000         1.3276300211         3.9833325199        -0.2317083249
        2.8900063000         2.3600000000         1.3301823480         3.9807806424        -0.1652210007
        2.8950573000         2.3600000000         1.3352870017         3.9884362748        -0.0322463522
        2.9000058000         2.3600000000         1.3480486360         3.9960919072         0.3001902689
        2.9050056000         2.3600000000         1.3403916554         3.9833325199         0.1007282962
        2.9100047000         2.3600000000         1.3276300211         3.9833325199        -0.2317083249
        2.9150028000         2.3600000000         1.3327346748         3.9833325199        -0.0987336765
        2.9200055000         2.3600000000         1.3429439823         3.9935400297         0.1672156204
        2.9250030000         2.3600000000         1.3352870017         3.9858843974        -0.0322463522
        2.9300042000         2.3600000000         1.3352870017         3.9858843974        -0.0322463522
        2.9350096000         2.3600000000         1.3378393285         3.9884362748         0.0342409720
        2.9400068000         2.3600000000         1.3301823480         3.9807806424        -0.1652210007
        2.9450055000         2.3600000000         1.3429439823         3.9935400297         0.1672156204
        2.9500045000         2.3600000000         1.3378393285         3.9858843974         0.0342409720
        2.9550123000         2.3600000000         1.3327346748         3.9935400297        -0.0987336765
        2.9600058000         2.3600000000         1.3301823480         3.9807806424        -0.1652210007
        2.9650119000         2.3600000000         1.3352870017         3.9833325199        -0.0322463522
        2.9700059000         2.3600000000         1.3301823480         3.9833325199        -0.1652210007
        2.9750054000         2.3600000000         1.3327346748         3.9807806424        -0.0987336765
        2.9800041000         2.3600000000         1.3378393285         3.9858843974         0.0342409720
        2.9850062000         2.3600000000         1.3352870017         3.9858843974        -0.0322463522
        2.9900086000         2.3600000000         1.3429439823         3.9960919072         0.1672156204
        2.9950152000         2.3600000000         1.3352870017         3.9858843974        -0.0322463522
        3.0000063000         2.3600000000         1.3429439823         3.9935400297         0.1672156204
        3.0050058000         2.3600000000         1.3429439823         3.9935400297         0.1672156204
        3.0100060000         2.3600000000         1.3429439823         3.9935400297         0.1672156204
        3.0150392000         2.3600000000         1.3403916554         3.9935400297         0.1007282962
        3.0200046000         2.3600000000         1.3352870017         3.9884362748        -0.0322463522
        3.0250057000         2.3600000000         1.3352870017         3.9858843974        -0.0322463522
        3.0300053000         2.3600000000         1.3352870017         3.9884362748        -0.0322463522
        3.0350109000         2.3600000000         1.3403916554         3.9935400297         0.1007282962
        3.0400046000         2.3600000000         1.3454963091         3.9935400297         0.2337029447
        3.0450058000         2.3600000000         1.3403916554         3.9884362748         0.1007282962
        3.0500047000         2.3600000000         1.3301823480         3.9807806424        -0.1652210007
        3.0550059000         2.3600000000         1.3429439823         3.9935400297         0.1672156204
        3.0600061000         2.3600000000         1.3454963091         3.9807806424         0.2337029447
        3.0650142000         2.3600000000         1.3403916554         3.9935400297         0.1007282962
        3.0700097000         2.3600000000         1.3429439823         3.9935400297         0.1672156204
        3.0750057000         2.3600000000         1.3352870017         3.9858843974        -0.0322463522
        3.0800038000         2.3600000000         1.3352870017         3.9884362748        -0.0322463522
        3.0850055000         2.3600000000         1.3403916554         3.9935400297         0.1007282962
        3.0900036000         2.3600000000         1.3352870017         3.9884362748        -0.0322463522
        3.0950046000         2.3600000000         1.3301823480         3.9807806424        -0.1652210007
        3.1000051000         2.3600000000         1.3352870017         3.9884362748        -0.0322463522
        3.1050130000         2.3600000000         1.3378393285         3.9884362748         0.0342409720
        3.1100068000         2.3600000000         1.3352870017         3.9884362748        -0.0322463522
        3.1150137000         2.3600000000         1.3301823480         3.9756768875        -0.1652210007
        3.1202407000         2.3600000000         1.3403916554         3.9935400297         0.1007282962
        3.1250154000         2.3600000000         1.3352870017         3.9884362748        -0.0322463522
        3.1300105000         2.3600000000         1.3378393285         3.9884362748         0.0342409720
        3.1350050000         2.3600000000         1.3352870017         3.9884362748        -0.0322463522
        3.1400081000         2.3600000000         1.3301823480         3.9833325199        -0.1652210007
        3.1450117000         2.3600000000         1.3352870017         3.9884362748        -0.0322463522
        3.1500055000         2.3600000000         1.3352870017         3.9909881523        -0.0322463522
        3.1550055000         2.3600000000         1.3352870017         3.9884362748        -0.0322463522
        3.1600047000         2.3600000000         1.3403916554         3.9935400297         0.1007282962
        3.1650050000         2.3600000000         1.3429439823         3.9935400297         0.1672156204
        3.1700042000         2.3600000000         1.3352870017         3.9858843974        -0.0322463522
        3.1750055000         2.3600000000         1.3352870017         3.9858843974        -0.0322463522
        3.1800058000         2.3600000000         1.3327346748         3.9807806424        -0.0987336765
        3.1850050000         2.3600000000         1.3403916554         3.9884362748         0.1007282962
        3.1900049000         2.3600000000         1.3454963091         3.9935400297         0.2337029447
        3.1950055000         2.3600000000         1.3403916554         3.9986437847         0.1007282962
        3.2000057000         2.3600000000         1.3352870017         3.9858843974        -0.0322463522
        3.2050053000         2.3600000000         1.3352870017         3.9884362748        -0.0322463522
        3.2100043000         2.3600000000         1.3301823480         3.9833325199        -0.1652210007
        3.2150049000         2.3600000000         1.3327346748         3.9884362748        -0.0987336765
        3.2200038000         2.3600000000         1.3429439823         3.9960919072         0.1672156204
        3.2250047000         2.3600000000         1.3557056165         3.9960919072         0.4996522416
        3.2300063000         2.3600000000         1.3352870017         3.9858843974        -0.0322463522
        3.2350044000         2.3600000000         1.3352870017         3.9884362748        -0.0322463522
        3.2400058000         2.3600000000         1.3352870017         3.9884362748        -0.0322463522
        3.2450049000         2.3600000000         1.3352870017         3.9858843974        -0.0322463522
        3.2500034000         2.3600000000         1.3301823480         3.9833325199        -0.1652210007
        3.2550036000         2.3600000000         1.3403916554         3.9935400297         0.1007282962
        3.2600024000         2.3600000000         1.3352870017         3.9884362748        -0.0322463522
        3.2650031000         2.3600000000         1.3352870017         3.9884362748        -0.0322463522
        3.2700211000         2.3600000000         1.3301823480         3.9833325199        -0.1652210007
        3.2877704000         2.3600000000         1.3429439823         3.9909881523         0.1672156204
        3.2883435000         2.3600000000         1.3403916554         3.9935400297         0.1007282962
        3.2888216000         2.3600000000         1.3352870017         3.9884362748        -0.0322463522
        3.2900076000         2.3600000000         1.3454963091         3.9935400297         0.2337029447
        3.2950069000         2.3600000000         1.3327346748         3.9807806424        -0.0987336765
        3.3000089000         2.3600000000         1.3352870017         3.9884362748        -0.0322463522
        3.3050142000         2.3600000000         1.3352870017         3.9858843974        -0.0322463522
        3.3100073000         2.3600000000         1.3327346748         3.9909881523        -0.0987336765
        3.3150085000         2.3600000000         1.3429439823         3.9935400297         0.1672156204
        3.3200065000         2.3600000000         1.3301823480         3.9807806424        -0.1652210007
        3.3250080000         2.3600000000         1.3429439823         3.9960919072         0.1672156204
        3.3300089000         2.3600000000         1.3352870017         3.9884362748        -0.0322463522
        3.3350082000         2.3600000000         1.3352870017         3.9858843974        -0.0322463522
        3.3400074000         2.3600000000         1.3403916554         3.9858843974         0.1007282962
        3.3450074000         2.3600000000         1.3301823480         3.9858843974        -0.1652210007
        3.3500054000         2.3600000000         1.3352870017         3.9909881523        -0.0322463522
        3.3550068000         2.3600000000         1.3403916554         3.9935400297         0.1007282962
        3.3600062000         2.3600000000         1.3276300211         3.9807806424        -0.2317083249
        3.3650062000         2.3600000000         1.3301823480         3.9807806424        -0.1652210007
        3.3701333000         2.3600000000         1.3352870017         3.9858843974        -0.0322463522
        3.3750068000         2.3600000000         1.3480486360         3.9807806424         0.3001902689
        3.3800072000         2.3600000000         1.3403916554         3.9960919072         0.1007282962
        3.3850060000         2.3600000000         1.3352870017         3.9884362748        -0.0322463522
        3.3900072000         2.3600000000         1.3352870017         3.9884362748        -0.0322463522
        3.3950062000         2.3600000000         1.3429439823         3.9935400297         0.1672156204
        3.4000043000         2.3600000000         1.3327346748         3.9807806424        -0.0987336765
        3.4050056000         2.3600000000         1.3352870017         3.9858843974        -0.0322463522
        3.4100043000         2.3600000000         1.3352870017         3.9884362748        -0.0322463522
        3.4150057000         2.3600000000         1.3276300211         3.9884362748        -0.2317083249
        3.4200444000         2.3600000000         1.3378393285         3.9858843974         0.0342409720
        3.4250055000         2.3600000000         1.3352870017         3.9858843974        -0.0322463522
        3.4300055000         2.3600000000         1.3454963091         3.9858843974         0.2337029447
        3.4350048000         2.3600000000         1.3327346748         3.9807806424        -0.0987336765
        3.4400045000         2.3600000000         1.3480486360         3.9960919072         0.3001902689
        3.4450053000         2.3600000000         1.3327346748         3.9884362748        -0.0987336765
        3.4500055000         2.3600000000         1.3352870017         3.9909881523        -0.0322463522
        3.4550051000         2.3600000000         1.3301823480         3.9833325199        -0.1652210007
        3.4600062000         2.3600000000         1.3301823480         3.9807806424        -0.1652210007
        3.4650062000         2.3600000000         1.3352870017         3.9909881523        -0.0322463522
        3.4700047000         2.3600000000         1.3352870017         3.9884362748        -0.0322463522
        3.4750030000         2.3600000000         1.3429439823         3.9935400297         0.1672156204
        3.4800061000         2.3600000000         1.3327346748         3.9884362748        -0.0987336765
        3.4850048000         2.3600000000         1.3352870017         3.9884362748        -0.0322463522
        3.4900056000         2.3600000000         1.3352870017         3.9884362748        -0.0322463522
        3.4950038000         2.3600000000         1.3429439823         3.9935400297         0.1672156204
        3.5000054000         2.3600000000         1.3378393285         3.9858843974         0.0342409720
        3.5050034000         2.3600000000         1.3378393285         3.9884362748         0.0342409720
        3.5100055000         2.3600000000         1.3352870017         3.9807806424        -0.0322463522
        3.5150045000         2.3600000000         1.3352870017         3.9858843974        -0.0322463522
        3.5200054000         2.3600000000         1.3378393285         3.9807806424         0.0342409720
        3.5250033000         2.3600000000         1.3429439823         3.9909881523         0.1672156204
        3.5300060000         2.3600000000         1.3429439823         3.9960919072         0.1672156204
        3.5350038000         2.3600000000         1.3378393285         3.9884362748         0.0342409720
        3.5400049000         2.3600000000         1.3301823480         3.9807806424        -0.1652210007
        3.5450053000         2.3600000000         1.3301823480         3.9833325199        -0.1652210007
        3.5500044000         2.3600000000         1.3378393285         3.9884362748         0.0342409720
        3.5550028000         2.3600000000         1.3327346748         3.9833325199        -0.0987336765
        3.5600052000         2.3600000000         1.3301823480         3.9833325199        -0.1652210007
        3.5650034000         2.3600000000         1.3378393285         3.9858843974         0.0342409720
        3.5700051000         2.3600000000         1.3352870017         3.9884362748        -0.0322463522
        3.5750034000         2.3600000000         1.3454963091         3.9935400297         0.2337029447
        3.5800048000         2.3600000000         1.3301823480         3.9884362748        -0.1652210007
        3.5850033000         2.3600000000         1.3352870017         3.9858843974        -0.0322463522
        3.5900048000         2.3600000000         1.3301823480         3.9807806424        -0.1652210007
        3.5950034000         2.3600000000         1.3352870017         3.9858843974        -0.0322463522
        3.6000048000         2.3600000000         1.3352870017         3.9884362748        -0.0322463522
        3.6050031000         2.3600000000         1.3429439823         3.9935400297         0.1672156204
        3.6100014000         2.3600000000         1.3250776943         3.9858843974        -0.2981956492
        3.6150033000         2.3600000000         1.3301823480         3.9807806424        -0.1652210007
        3.6200025000         2.3600000000         1.3276300211         3.9833325199        -0.2317083249
        3.6250030000         2.3600000000         1.3301823480         3.9858843974        -0.1652210007
        3.6300022000         2.3600000000         1.3301823480         3.9833325199        -0.1652210007
        3.6350034000         2.3600000000         1.3403916554         3.9960919072         0.1007282962
        3.6400016000         2.3600000000         1.3352870017         3.9884362748        -0.0322463522
        3.6450061000         2.3600000000         1.3403916554         3.9858843974         0.1007282962
        3.6500035000         2.3600000000         1.3352870017         3.9909881523        -0.0322463522
        3.6550026000         2.3600000000         1.3327346748         3.9807806424        -0.0987336765
        3.6600014000         2.3600000000         1.3301823480         3.9807806424        -0.1652210007
        3.6650030000         2.3600000000         1.3352870017         3.9884362748        -0.0322463522
        3.6700023000         2.3600000000         1.3352870017         3.9807806424        -0.0322463522
        3.6750025000         2.3600000000         1.3352870017         3.9884362748        -0.0322463522
        3.6800023000         2.3600000000         1.3531532897         3.9935400297         0.4331649173
        3.6850055000         2.3600000000         1.3301823480         3.9807806424        -0.1652210007
        3.6900041000         2.3600000000         1.3301823480         3.9833325199        -0.1652210007
        3.6950052000         2.3600000000         1.3403916554         3.9960919072         0.1007282962
        3.7000039000         2.3600000000         1.3429439823         3.9935400297         0.1672156204
        3.7050028000         2.3600000000         1.3352870017         3.9884362748        -0.0322463522
        3.7100017000         2.3600000000         1.3327346748         3.9884362748        -0.0987336765
        3.7150065000         2.3600000000         1.3403916554         3.9935400297         0.1007282962
        3.7200016000         2.3600000000         1.3429439823         3.9935400297         0.1672156204
        3.7255018000         2.3600000000         1.3378393285         3.9807806424         0.0342409720
        3.7300044000         2.3600000000         1.3352870017         3.9858843974        -0.0322463522
        3.7350047000         2.3600000000         1.3429439823         3.9935400297         0.1672156204
        3.7400394000         2.3600000000         1.3429439823         3.9935400297         0.1672156204
        3.7452237000         2.3600000000         1.3276300211         3.9807806424        -0.2317083249
        3.7500037000         2.3600000000         1.3327346748         3.9807806424        -0.0987336765
        3.7550055000         2.3600000000         1.3506009628         3.9858843974         0.3666775931
        3.7600077000         2.3600000000         1.3352870017         3.9884362748        -0.0322463522
        3.7650593000         2.3600000000         1.3429439823         3.9960919072         0.1672156204
        3.7700062000         2.3600000000         1.3301823480         3.9833325199        -0.1652210007
        3.7750061000         2.3600000000         1.3301823480         3.9833325199        -0.1652210007
        3.7800066000         2.3600000000         1.3352870017         3.9884362748        -0.0322463522
        3.7850056000         2.3600000000         1.3301823480         3.9833325199        -0.1652210007
        3.7900046000         2.3600000000         1.3327346748         3.9807806424        -0.0987336765
        3.7950046000         2.3600000000         1.3327346748         3.9935400297        -0.0987336765
        3.8000040000         2.3600000000         1.3352870017         3.9858843974        -0.0322463522
        3.8050028000         2.3600000000         1.3429439823         3.9935400297         0.1672156204
        3.8100036000         2.3600000000         1.3429439823         3.9935400297         0.1672156204
        3.8150052000         2.3600000000         1.3352870017         3.9858843974        -0.0322463522
        3.8200068000         2.3600000000         1.3429439823         3.9960919072         0.1672156204
        3.8250079000         2.3600000000         1.3352870017         3.9858843974        -0.0322463522
        3.8300028000         2.3600000000         1.3403916554         3.9833325199         0.1007282962
        3.8350034000         2.3600000000         1.3352870017         3.9858843974        -0.0322463522
        3.8400058000         2.3600000000         1.3352870017         3.9909881523        -0.0322463522
        3.8450052000         2.3600000000         1.3276300211         3.9833325199        -0.2317083249
        3.8500047000         2.3600000000         1.3378393285         3.9884362748         0.0342409720
        3.8550028000         2.3600000000         1.3352870017         3.9884362748        -0.0322463522
        3.8600049000         2.3600000000         1.3429439823         3.9935400297         0.1672156204
        3.8650060000         2.3600000000         1.3429439823         3.9909881523         0.1672156204
        3.8700069000         2.3600000000         1.3378393285         3.9807806424         0.0342409720
        3.8750059000         2.3600000000         1.3276300211         3.9833325199        -0.2317083249
        3.8800039000         2.3600000000         1.3352870017         3.9960919072        -0.0322463522
        3.8850057000         2.3600000000         1.3352870017         3.9858843974        -0.0322463522
        3.8900042000         2.3600000000         1.3378393285         3.9909881523         0.0342409720
        3.8950061000         2.3600000000         1.3301823480         3.9833325199        -0.1652210007
        3.9000061000         2.3600000000         1.3429439823         3.9960919072         0.1672156204
        3.9050061000         2.3600000000         1.3506009628         3.9935400297         0.3666775931
        3.9100063000         2.3600000000         1.3276300211         3.9884362748        -0.2317083249
        3.9150054000         2.3600000000         1.3352870017         3.9884362748        -0.0322463522
        3.9200039000         2.3600000000         1.3301823480         3.9807806424        -0.1652210007
        3.9250057000         2.3600000000         1.3301823480         3.9833325199        -0.1652210007
        3.9300062000         2.3600000000         1.3403916554         3.9935400297         0.1007282962
        3.9350055000         2.3600000000         1.3429439823         3.9935400297         0.1672156204
        3.9400048000         2.3600000000         1.3403916554         3.9960919072         0.1007282962
        3.9450060000         2.3600000000         1.3352870017         3.9858843974        -0.0322463522
        3.9500042000         2.3600000000         1.3301823480         3.9807806424        -0.1652210007
        3.9550024000         2.3600000000         1.3352870017         3.9884362748        -0.0322463522
        3.9600034000         2.3600000000         1.3352870017         3.9884362748        -0.0322463522
        3.9650060000         2.3600000000         1.3403916554         3.9935400297         0.1007282962
        3.9700058000         2.3600000000         1.3454963091         3.9960919072         0.2337029447
        3.9750062000         2.3600000000         1.3403916554         3.9858843974         0.1007282962
        3.9800051000         2.3600000000         1.3327346748         3.9833325199        -0.0987336765
        3.9850059000         2.3600000000         1.3276300211         3.9807806424        -0.2317083249
        3.9900049000         2.3600000000         1.3352870017         3.9833325199        -0.0322463522
        3.9950065000         2.3600000000         1.3352870017         3.9858843974        -0.0322463522
