% Motor Sweep Step 76/180
% Vcmd       = 2.1200 [V]
% Direction  = CCW
% Zone       = DEADZONE
% Vg_offset  = 1.336155 [V]
% K_gimbal   = 26.049690 [(rad/s)/V]

Time[s]              Vcmd[V]              Vg_raw[V]            Pot[V]               Omega[rad/s]
        0.0000130000         2.1200000000         1.3301823480         0.3596665281        -0.1555803387
        0.0050105000         2.1200000000         1.3429439823         0.3724259154         0.1768562824
        0.0100070000         2.1200000000         1.3378393285         0.3647702830         0.0438816340
        0.0150093000         2.1200000000         1.3301823480         0.3596665281        -0.1555803387
        0.0200245000         2.1200000000         1.3301823480         0.3596665281        -0.1555803387
        0.0250075000         2.1200000000         1.3403916554         0.3698740379         0.1103689582
        0.0300048000         2.1200000000         1.3199730405         0.3622184056        -0.4215296356
        0.0350075000         2.1200000000         1.2408509080         0.3520108957        -2.4826366866
        0.0400071000         2.1200000000         1.2944497720         0.3520108957        -1.0864028779
        0.0450070000         2.1200000000         1.2918974451         0.3545627732        -1.1528902021
        0.0501370000         2.1200000000         1.2663741766         0.3392515084        -1.8177634444
        0.0550051000         2.1200000000         1.2689265034         0.3315958761        -1.7512761201
        0.0600040000         2.1200000000         1.2663741766         0.3188364888        -1.8177634444
        0.0650062000         2.1200000000         1.2587171960         0.3188364888        -2.0172254170
        0.0700044000         2.1200000000         1.2740311571         0.3137327338        -1.6183014717
        0.0750058000         2.1200000000         1.2689265034         0.3111808564        -1.7512761201
        0.0800037000         2.1200000000         1.2612695229         0.2958695916        -1.9507380928
        0.0850160000         2.1200000000         1.2663741766         0.2907658367        -1.8177634444
        0.0900466000         2.1200000000         1.2536125423         0.2754545720        -2.1502000655
        0.0950065000         2.1200000000         1.2612695229         0.2780064494        -1.9507380928
        0.1000040000         2.1200000000         1.2587171960         0.2652470621        -2.0172254170
        0.1050058000         2.1200000000         1.2612695229         0.2575914298        -1.9507380928
        0.1100197000         2.1200000000         1.2663741766         0.2473839199        -1.8177634444
        0.1150050000         2.1200000000         1.2536125423         0.2422801650        -2.1502000655
        0.1200039000         2.1200000000         1.2587171960         0.2346245326        -2.0172254170
        0.1250107000         2.1200000000         1.2459555617         0.2244170228        -2.3496620382
        0.1301911000         2.1200000000         1.2587171960         0.2167613904        -2.0172254170
        0.1350047000         2.1200000000         1.2638218497         0.2116576355        -1.8842507686
        0.1400053000         2.1200000000         1.2587171960         0.2065538806        -2.0172254170
        0.1450201000         2.1200000000         1.2510602154         0.1861388609        -2.2166873897
        0.1500033000         2.1200000000         1.2485078886         0.1835869834        -2.2831747139
        0.1550074000         2.1200000000         1.2536125423         0.1708275961        -2.1502000655
        0.1600059000         2.1200000000         1.2485078886         0.1580682088        -2.2831747139
        0.1650062000         2.1200000000         1.2536125423         0.1580682088        -2.1502000655
        0.1700961000         2.1200000000         1.2510602154         0.1478606990        -2.2166873897
        0.1750136000         2.1200000000         1.2459555617         0.1325494343        -2.3496620382
        0.1800050000         2.1200000000         1.2638218497         0.1376531892        -1.8842507686
        0.1850034000         2.1200000000         1.2536125423         0.1299975568        -2.1502000655
        0.1900045000         2.1200000000         1.2536125423         0.1146862920        -2.1502000655
        0.1950042000         2.1200000000         1.2587171960         0.1019269048        -2.0172254170
        0.2000037000         2.1200000000         1.2459555617         0.0968231498        -2.3496620382
        0.2050046000         2.1200000000         1.2561648691         0.0942712724        -2.0837127413
        0.2100044000         2.1200000000         1.2485078886         0.0713043752        -2.2831747139
        0.2150054000         2.1200000000         1.2434032349         0.0636487429        -2.4161493624
        0.2200036000         2.1200000000         1.2485078886         0.0610968654        -2.2831747139
        0.2250045000         2.1200000000         1.2434032349         0.0457856007        -2.4161493624
        0.2300042000         2.1200000000         1.2485078886         0.0406818457        -2.2831747139
        0.2350046000         2.1200000000         1.2434032349         0.0279224584        -2.4161493624
        0.2400746000         2.1200000000         1.2536125423         0.0253705810        -2.1502000655
        0.2450035000         2.1200000000         1.2434032349         0.0151630711        -2.4161493624
        0.2500039000         2.1200000000         1.2434032349         0.0049555613        -2.4161493624
        0.2550119000         2.1200000000         1.2382985811        -0.0052519485        -2.5491240109
        0.2602407000         2.1200000000         1.2331939274         0.0024036839        -2.6820986593
        0.2650024000         2.1200000000         1.2357462543        -0.0052519485        -2.6156113351
        0.2700223000         2.1200000000         1.2459555617         0.0024036839        -2.3496620382
        0.2750508000         2.1200000000         1.2331939274        -0.0052519485        -2.6820986593
        0.2805794000         2.1200000000         1.2485078886        -0.0001481936        -2.2831747139
        0.2850084000         2.1200000000         1.2382985811        -0.0052519485        -2.5491240109
        0.2900500000         2.1200000000         1.2408509080         0.0024036839        -2.4826366866
        0.2950049000         2.1200000000         1.2408509080         0.0024036839        -2.4826366866
        0.3000045000         2.1200000000         1.2408509080         0.0024036839        -2.4826366866
        0.3050031000         2.1200000000         1.2382985811         0.0024036839        -2.5491240109
        0.3100045000         2.1200000000         1.2459555617         0.0100593162        -2.3496620382
        0.3150025000         2.1200000000         1.2382985811         1.0741922166        -2.5491240109
        0.3200045000         2.1200000000         1.2280892737         1.1124703785        -2.8150733078
        0.3250028000         2.1200000000         1.2536125423         1.1175741334        -2.1502000655
        0.3300050000         2.1200000000         1.2331939274         1.1150222560        -2.6820986593
        0.3350056000         2.1200000000         1.2408509080         1.0946072363        -2.4826366866
        0.3400055000         2.1200000000         1.2510602154         1.1022628687        -2.2166873897
        0.3450119000         2.1200000000         1.2434032349         1.1099185011        -2.4161493624
        0.3500123000         2.1200000000         1.2561648691         5.0066353810        -2.0837127413
        0.3550065000         2.1200000000         1.2408509080         4.9938759937        -2.4826366866
        0.3600048000         2.1200000000         1.2459555617         5.0066353810        -2.3496620382
        0.3650060000         2.1200000000         1.2382985811         4.9989797486        -2.5491240109
        0.3700030000         2.1200000000         1.2382985811         5.0066353810        -2.5491240109
        0.3750022000         2.1200000000         1.2357462543         4.9989797486        -2.6156113351
        0.3800055000         2.1200000000         1.2434032349         5.0066353810        -2.4161493624
        0.3850033000         2.1200000000         1.2408509080         5.0040835035        -2.4826366866
        0.3900068000         2.1200000000         1.2434032349         5.0091872584        -2.4161493624
        0.3950061000         2.1200000000         1.2485078886         5.0117391359        -2.2831747139
        0.4000041000         2.1200000000         1.2536125423         5.0117391359        -2.1502000655
        0.4050064000         2.1200000000         1.2561648691         5.0117391359        -2.0837127413
        0.4100165000         2.1200000000         1.2408509080         5.0040835035        -2.4826366866
        0.4150052000         2.1200000000         1.2408509080         4.9989797486        -2.4826366866
        0.4200063000         2.1200000000         1.2510602154         4.9913241162        -2.2166873897
        0.4250059000         2.1200000000         1.2331939274         4.9760128515        -2.6820986593
        0.4300060000         2.1200000000         1.2408509080         4.9683572191        -2.4826366866
        0.4350050000         2.1200000000         1.2331939274         4.9555978318        -2.6820986593
        0.4400058000         2.1200000000         1.2485078886         4.9555978318        -2.2831747139
        0.4450044000         2.1200000000         1.2434032349         4.9453903219        -2.4161493624
        0.4500062000         2.1200000000         1.2561648691         4.9453903219        -2.0837127413
        0.4551216000         2.1200000000         1.2510602154         4.9300790572        -2.2166873897
        0.4600056000         2.1200000000         1.2408509080         4.9096640375        -2.4826366866
        0.4650036000         2.1200000000         1.2485078886         4.9071121601        -2.2831747139
        0.4700059000         2.1200000000         1.2280892737         4.8943527728        -2.8150733078
        0.4750265000         2.1200000000         1.2485078886         4.8892490178        -2.2831747139
        0.4800069000         2.1200000000         1.2485078886         4.8841452629        -2.2831747139
        0.4850064000         2.1200000000         1.2485078886         4.8662821207        -2.2831747139
        0.4900065000         2.1200000000         1.2510602154         4.8637302433        -2.2166873897
        0.4950050000         2.1200000000         1.2459555617         4.8484189785        -2.3496620382
        0.5000059000         2.1200000000         1.2459555617         4.8407633461        -2.3496620382
        0.5050030000         2.1200000000         1.2408509080         4.8280039588        -2.4826366866
        0.5100046000         2.1200000000         1.2408509080         4.8152445715        -2.4826366866
        0.5150027000         2.1200000000         1.2459555617         4.8126926941        -2.3496620382
        0.5200045000         2.1200000000         1.2536125423         4.7999333068        -2.1502000655
        0.5250029000         2.1200000000         1.2485078886         4.7922776744        -2.2831747139
        0.5300042000         2.1200000000         1.2561648691         4.7922776744        -2.0837127413
        0.5350029000         2.1200000000         1.2561648691         4.7846220420        -2.0837127413
        0.5400045000         2.1200000000         1.2536125423         4.7667588998        -2.1502000655
        0.5450032000         2.1200000000         1.2561648691         4.7667588998        -2.0837127413
        0.5500046000         2.1200000000         1.2485078886         4.7514476351        -2.2831747139
        0.5550025000         2.1200000000         1.2434032349         4.7361363703        -2.4161493624
        0.5600044000         2.1200000000         1.2536125423         4.7310326154        -2.1502000655
        0.5650035000         2.1200000000         1.2510602154         4.7259288605        -2.2166873897
        0.5700048000         2.1200000000         1.2485078886         4.7131694732        -2.2831747139
        0.5750029000         2.1200000000         1.2561648691         4.7106175957        -2.0837127413
        0.5800045000         2.1200000000         1.2561648691         4.7004100859        -2.0837127413
        0.5850027000         2.1200000000         1.2510602154         4.6876506986        -2.2166873897
        0.5900046000         2.1200000000         1.2510602154         4.6799950662        -2.2166873897
        0.5950027000         2.1200000000         1.2536125423         4.6697875564        -2.1502000655
        0.6000047000         2.1200000000         1.2434032349         4.6570281691        -2.4161493624
        0.6050031000         2.1200000000         1.2485078886         4.6493725367        -2.2831747139
        0.6100046000         2.1200000000         1.2459555617         4.6391650269        -2.3496620382
        0.6150026000         2.1200000000         1.2638218497         4.6366131494        -1.8842507686
        0.6200048000         2.1200000000         1.2485078886         4.6289575170        -2.2831747139
        0.6250035000         2.1200000000         1.2459555617         4.6136462523        -2.3496620382
        0.6300045000         2.1200000000         1.2510602154         4.6085424974        -2.2166873897
        0.6350036000         2.1200000000         1.2434032349         4.5957831101        -2.4161493624
        0.6400044000         2.1200000000         1.2536125423         4.5957831101        -2.1502000655
        0.6450062000         2.1200000000         1.2510602154         4.5881274777        -2.2166873897
        0.6500046000         2.1200000000         1.2561648691         4.5830237228        -2.0837127413
        0.6550027000         2.1200000000         1.2485078886         4.5651605806        -2.2831747139
        0.6600056000         2.1200000000         1.2587171960         4.5677124580        -2.0172254170
        0.6650041000         2.1200000000         1.2485078886         4.5447455609        -2.2831747139
        0.6700052000         2.1200000000         1.2408509080         4.5345380510        -2.4826366866
        0.6750040000         2.1200000000         1.2485078886         4.5243305412        -2.2831747139
        0.6800045000         2.1200000000         1.2485078886         4.5192267863        -2.2831747139
        0.6850040000         2.1200000000         1.2587171960         4.5166749088        -2.0172254170
        0.6900045000         2.1200000000         1.2510602154         4.5090192765        -2.2166873897
        0.6950033000         2.1200000000         1.2510602154         4.4937080117        -2.2166873897
        0.7000099000         2.1200000000         1.2434032349         4.4783967469        -2.4161493624
        0.7050157000         2.1200000000         1.2510602154         4.4732929920        -2.2166873897
        0.7100053000         2.1200000000         1.2459555617         4.4681892371        -2.3496620382
        0.7150035000         2.1200000000         1.2434032349         4.4605336047        -2.4161493624
        0.7200059000         2.1200000000         1.2434032349         4.4452223400        -2.4161493624
        0.7250173000         2.1200000000         1.2561648691         4.4452223400        -2.0837127413
        0.7300043000         2.1200000000         1.2408509080         4.4248073203        -2.4826366866
        0.7350056000         2.1200000000         1.2382985811         4.4145998105        -2.5491240109
        0.7400044000         2.1200000000         1.2408509080         4.4069441781        -2.4826366866
        0.7450055000         2.1200000000         1.2434032349         4.4043923006        -2.4161493624
        0.7500042000         2.1200000000         1.2485078886         4.3941847908        -2.2831747139
        0.7550057000         2.1200000000         1.2434032349         4.3865291584        -2.4161493624
        0.7600040000         2.1200000000         1.2434032349         4.3763216486        -2.4161493624
        0.7650162000         2.1200000000         1.2459555617         4.3661141388        -2.3496620382
        0.7700054000         2.1200000000         1.2459555617         4.3533547515        -2.3496620382
        0.7750058000         2.1200000000         1.2561648691         4.3584585064        -2.0837127413
        0.7800039000         2.1200000000         1.2536125423         4.3482509965        -2.1502000655
        0.7850125000         2.1200000000         1.2459555617         4.3329397318        -2.3496620382
        0.7900039000         2.1200000000         1.2306416006         4.3227322219        -2.7485859835
        0.7950060000         2.1200000000         1.2536125423         4.3227322219        -2.1502000655
        0.8000071000         2.1200000000         1.2561648691         4.3125247121        -2.0837127413
        0.8050109000         2.1200000000         1.2408509080         4.2972134474        -2.4826366866
        0.8100060000         2.1200000000         1.2536125423         4.2972134474        -2.1502000655
        0.8150074000         2.1200000000         1.2536125423         4.2844540601        -2.1502000655
        0.8200086000         2.1200000000         1.2510602154         4.2691427953        -2.2166873897
        0.8250078000         2.1200000000         1.2485078886         4.2614871629        -2.2831747139
        0.8300039000         2.1200000000         1.2434032349         4.2538315306        -2.4161493624
        0.8350074000         2.1200000000         1.2536125423         4.2436240207        -2.1502000655
        0.8400055000         2.1200000000         1.2638218497         4.2385202658        -1.8842507686
        0.8450069000         2.1200000000         1.2485078886         4.2257608785        -2.2831747139
        0.8500046000         2.1200000000         1.2331939274         4.2078977363        -2.6820986593
        0.8550061000         2.1200000000         1.2485078886         4.2078977363        -2.2831747139
        0.8600040000         2.1200000000         1.2561648691         4.2053458588        -2.0837127413
        0.8650063000         2.1200000000         1.2459555617         4.1900345941        -2.3496620382
        0.8700043000         2.1200000000         1.2459555617         4.1772752068        -2.3496620382
        0.8750061000         2.1200000000         1.2408509080         4.1670676969        -2.4826366866
        0.8800307000         2.1200000000         1.2459555617         4.1619639420        -2.3496620382
        0.8850032000         2.1200000000         1.2459555617         4.1543083097        -2.3496620382
        0.8900039000         2.1200000000         1.2485078886         4.1441007998        -2.2831747139
        0.8950048000         2.1200000000         1.2382985811         4.1364451674        -2.5491240109
        0.9000055000         2.1200000000         1.2561648691         4.1313414125        -2.0837127413
        0.9050047000         2.1200000000         1.2536125423         4.1211339027        -2.1502000655
        0.9100037000         2.1200000000         1.2536125423         4.1083745154        -2.1502000655
        0.9150049000         2.1200000000         1.2434032349         4.0981670056        -2.4161493624
        0.9200035000         2.1200000000         1.2357462543         4.0854076183        -2.6156113351
        0.9250059000         2.1200000000         1.2536125423         4.0879594957        -2.1502000655
        0.9300042000         2.1200000000         1.2536125423         4.0803038633        -2.1502000655
        0.9350050000         2.1200000000         1.2459555617         4.0624407211        -2.3496620382
        0.9400033000         2.1200000000         1.2408509080         4.0573369662        -2.4826366866
        0.9450047000         2.1200000000         1.2408509080         4.0420257015        -2.4826366866
        0.9500033000         2.1200000000         1.2434032349         4.0343700691        -2.4161493624
        0.9550120000         2.1200000000         1.2459555617         4.0267144367        -2.3496620382
        0.9600032000         2.1200000000         1.2357462543         4.0114031719        -2.6156113351
        0.9650047000         2.1200000000         1.2459555617         4.0114031719        -2.3496620382
        0.9700372000         2.1200000000         1.2382985811         3.9935400297        -2.5491240109
        0.9750052000         2.1200000000         1.2434032349         3.9909881523        -2.4161493624
        0.9800056000         2.1200000000         1.2536125423         3.9884362748        -2.1502000655
        0.9850084000         2.1200000000         1.2434032349         3.9807806424        -2.4161493624
        0.9900252000         2.1200000000         1.2587171960         3.9654693777        -2.0172254170
        0.9950058000         2.1200000000         1.2434032349         3.9552618679        -2.4161493624
        1.0002401000         2.1200000000         1.2459555617         3.9476062355        -2.3496620382
        1.0050036000         2.1200000000         1.2434032349         3.9373987256        -2.4161493624
        1.0100397000         2.1200000000         1.2459555617         3.9297430933        -2.3496620382
        1.0150061000         2.1200000000         1.2434032349         3.9220874609        -2.4161493624
        1.0201475000         2.1200000000         1.2459555617         3.9118799510        -2.3496620382
        1.0250042000         2.1200000000         1.2382985811         3.8940168088        -2.5491240109
        1.0300059000         2.1200000000         1.2485078886         3.9016724412        -2.2831747139
        1.0350041000         2.1200000000         1.2434032349         3.8812574215        -2.4161493624
        1.0400053000         2.1200000000         1.2331939274         3.8684980342        -2.6820986593
        1.0450068000         2.1200000000         1.2434032349         3.8608424019        -2.4161493624
        1.0500054000         2.1200000000         1.2331939274         3.8506348920        -2.6820986593
        1.0550060000         2.1200000000         1.2408509080         3.8480830146        -2.4826366866
        1.0600060000         2.1200000000         1.2434032349         3.8353236273        -2.4161493624
        1.0650042000         2.1200000000         1.2434032349         3.8276679949        -2.4161493624
        1.0700136000         2.1200000000         1.2255369469         3.8200123625        -2.8815606320
        1.0750062000         2.1200000000         1.2408509080         3.8098048527        -2.4826366866
        1.0800057000         2.1200000000         1.2434032349         3.8021492203        -2.4161493624
        1.0850071000         2.1200000000         1.2382985811         3.7919417105        -2.5491240109
        1.0900182000         2.1200000000         1.2434032349         3.7868379556        -2.4161493624
        1.0950060000         2.1200000000         1.2357462543         3.7689748133        -2.6156113351
        1.1000056000         2.1200000000         1.2331939274         3.7587673035        -2.6820986593
        1.1050035000         2.1200000000         1.2459555617         3.7587673035        -2.3496620382
        1.1100053000         2.1200000000         1.2459555617         3.7460079162        -2.3496620382
        1.1150053000         2.1200000000         1.2280892737         3.7281447740        -2.8150733078
        1.1200068000         2.1200000000         1.2229846200         3.7281447740        -2.9480479562
        1.1250043000         2.1200000000         1.2510602154         3.7153853867        -2.2166873897
        1.1300095000         2.1200000000         1.2306416006         3.7026259994        -2.7485859835
        1.1350051000         2.1200000000         1.2408509080         3.6949703670        -2.4826366866
        1.1400151000         2.1200000000         1.2408509080         3.6847628572        -2.4826366866
        1.1450087000         2.1200000000         1.2408509080         3.6745553474        -2.4826366866
        1.1500056000         2.1200000000         1.2382985811         3.6617959601        -2.5491240109
        1.1550057000         2.1200000000         1.2434032349         3.6566922051        -2.4161493624
        1.1600058000         2.1200000000         1.2306416006         3.6362771855        -2.7485859835
        1.1650062000         2.1200000000         1.2459555617         3.6311734306        -2.3496620382
        1.1700059000         2.1200000000         1.2408509080         3.6209659207        -2.4826366866
        1.1750057000         2.1200000000         1.2331939274         3.6184140433        -2.6820986593
        1.1800112000         2.1200000000         1.2434032349         3.6082065334        -2.4161493624
        1.1850048000         2.1200000000         1.2331939274         3.5877915138        -2.6820986593
        1.1900057000         2.1200000000         1.2434032349         3.5852396363        -2.4161493624
        1.1950038000         2.1200000000         1.2408509080         3.5801358814        -2.4826366866
        1.2000095000         2.1200000000         1.2408509080         3.5648246166        -2.4826366866
        1.2050045000         2.1200000000         1.2331939274         3.5546171068        -2.6820986593
        1.2100062000         2.1200000000         1.2459555617         3.5495133519        -2.3496620382
        1.2150060000         2.1200000000         1.2408509080         3.5393058420        -2.4826366866
        1.2200073000         2.1200000000         1.2306416006         3.5239945773        -2.7485859835
        1.2250083000         2.1200000000         1.2408509080         3.5214426998        -2.4826366866
        1.2300067000         2.1200000000         1.2204322931         3.5010276801        -3.0145352804
        1.2350095000         2.1200000000         1.2306416006         3.4933720478        -2.7485859835
        1.2400524000         2.1200000000         1.2306416006         3.4806126605        -2.7485859835
        1.2450390000         2.1200000000         1.2408509080         3.4755089056        -2.4826366866
        1.2500043000         2.1200000000         1.2459555617         3.4704051506        -2.3496620382
        1.2550067000         2.1200000000         1.2331939274         3.4550938859        -2.6820986593
        1.2600053000         2.1200000000         1.2331939274         3.4448863760        -2.6820986593
        1.2650057000         2.1200000000         1.2331939274         3.4346788662        -2.6820986593
        1.2700063000         2.1200000000         1.2331939274         3.4219194789        -2.6820986593
        1.2750088000         2.1200000000         1.2331939274         3.4168157240        -2.6820986593
        1.2800033000         2.1200000000         1.2434032349         3.4091600916        -2.4161493624
        1.2850069000         2.1200000000         1.2331939274         3.3989525818        -2.6820986593
        1.2900038000         2.1200000000         1.2331939274         3.3810894396        -2.6820986593
        1.2950066000         2.1200000000         1.2306416006         3.3683300523        -2.7485859835
        1.3000050000         2.1200000000         1.2229846200         3.3606744199        -2.9480479562
        1.3050059000         2.1200000000         1.2382985811         3.3504669101        -2.5491240109
        1.3100057000         2.1200000000         1.2357462543         3.3428112777        -2.6156113351
        1.3150061000         2.1200000000         1.2306416006         3.3377075228        -2.7485859835
        1.3200061000         2.1200000000         1.2331939274         3.3275000129        -2.6820986593
        1.3250149000         2.1200000000         1.2255369469         3.3121887482        -2.8815606320
        1.3300044000         2.1200000000         1.2306416006         3.3045331158        -2.7485859835
        1.3350059000         2.1200000000         1.2306416006         3.2866699736        -2.7485859835
        1.3400057000         2.1200000000         1.2306416006         3.2841180961        -2.7485859835
        1.3450096000         2.1200000000         1.2357462543         3.2739105863        -2.6156113351
        1.3501761000         2.1200000000         1.2229846200         3.2458399342        -2.9480479562
        1.3550155000         2.1200000000         1.2280892737         3.2483918117        -2.8150733078
        1.3602483000         2.1200000000         1.2331939274         3.2330805470        -2.6820986593
        1.3650036000         2.1200000000         1.2229846200         3.2203211597        -2.9480479562
        1.3700291000         2.1200000000         1.2229846200         3.2101136498        -2.9480479562
        1.3750047000         2.1200000000         1.2306416006         3.2075617724        -2.7485859835
        1.3804633000         2.1200000000         1.2255369469         3.1845948752        -2.8815606320
        1.3850030000         2.1200000000         1.2255369469         3.1794911203        -2.8815606320
        1.3900046000         2.1200000000         1.2204322931         3.1667317330        -3.0145352804
        1.3950027000         2.1200000000         1.2280892737         3.1565242232        -2.8150733078
        1.4000046000         2.1200000000         1.2229846200         3.1463167133        -2.9480479562
        1.4050029000         2.1200000000         1.2434032349         3.1386610810        -2.4161493624
        1.4100047000         2.1200000000         1.2280892737         3.1284535711        -2.8150733078
        1.4150033000         2.1200000000         1.2229846200         3.1182460613        -2.9480479562
        1.4200062000         2.1200000000         1.2331939274         3.1029347965        -2.6820986593
        1.4250047000         2.1200000000         1.2357462543         3.1080385515        -2.6156113351
        1.4300346000         2.1200000000         1.2306416006         3.0825197769        -2.7485859835
        1.4350047000         2.1200000000         1.2306416006         3.0774160220        -2.7485859835
        1.4401664000         2.1200000000         1.2331939274         3.0723122670        -2.6820986593
        1.4450034000         2.1200000000         1.2255369469         3.0518972474        -2.8815606320
        1.4500047000         2.1200000000         1.2408509080         3.0467934924        -2.4826366866
        1.4550027000         2.1200000000         1.2229846200         3.0263784728        -2.9480479562
        1.4600044000         2.1200000000         1.2331939274         3.0238265953        -2.6820986593
        1.4650030000         2.1200000000         1.2331939274         3.0085153306        -2.6820986593
        1.4700046000         2.1200000000         1.2204322931         3.0008596982        -3.0145352804
        1.4750023000         2.1200000000         1.2357462543         2.9906521883        -2.6156113351
        1.4800049000         2.1200000000         1.2229846200         2.9753409236        -2.9480479562
        1.4850026000         2.1200000000         1.2280892737         2.9651334138        -2.8150733078
        1.4900047000         2.1200000000         1.2306416006         2.9574777814        -2.7485859835
        1.4950030000         2.1200000000         1.2280892737         2.9472702715        -2.8150733078
        1.5000046000         2.1200000000         1.2357462543         2.9447183941        -2.6156113351
        1.5050028000         2.1200000000         1.2331939274         2.9345108842        -2.6820986593
        1.5100046000         2.1200000000         1.2382985811         2.9217514970        -2.5491240109
        1.5150030000         2.1200000000         1.2280892737         2.9089921097        -2.8150733078
        1.5200047000         2.1200000000         1.2255369469         2.8936808449        -2.8815606320
        1.5250028000         2.1200000000         1.2382985811         2.8911289674        -2.5491240109
        1.5300083000         2.1200000000         1.2408509080         2.8783695801        -2.4826366866
        1.5350030000         2.1200000000         1.2382985811         2.8681620703        -2.5491240109
        1.5400045000         2.1200000000         1.2280892737         2.8554026830        -2.8150733078
        1.5450031000         2.1200000000         1.2204322931         2.8375395408        -3.0145352804
        1.5500054000         2.1200000000         1.2229846200         2.8247801535        -2.9480479562
        1.5550041000         2.1200000000         1.2331939274         2.8222282761        -2.6820986593
        1.5600046000         2.1200000000         1.2306416006         2.8120207662        -2.7485859835
        1.5650044000         2.1200000000         1.2306416006         2.7967095015        -2.7485859835
        1.5700140000         2.1200000000         1.2434032349         2.7865019916        -2.4161493624
        1.5750056000         2.1200000000         1.2280892737         2.7762944818        -2.8150733078
        1.5800051000         2.1200000000         1.2382985811         2.7788463592        -2.5491240109
        1.5850028000         2.1200000000         1.2382985811         2.7686388494        -2.5491240109
        1.5900111000         2.1200000000         1.2434032349         2.7609832170        -2.4161493624
        1.5950050000         2.1200000000         1.2382985811         2.7482238297        -2.5491240109
        1.6000048000         2.1200000000         1.2382985811         2.7303606875        -2.5491240109
        1.6050059000         2.1200000000         1.2280892737         2.7150494228        -2.8150733078
        1.6100115000         2.1200000000         1.2204322931         2.7048419129        -3.0145352804
        1.6150024000         2.1200000000         1.2459555617         2.7073937904        -2.3496620382
        1.6200046000         2.1200000000         1.2357462543         2.6946344031        -2.6156113351
        1.6250030000         2.1200000000         1.2331939274         2.6869787707        -2.6820986593
        1.6300044000         2.1200000000         1.2331939274         2.6640118736        -2.6820986593
        1.6350033000         2.1200000000         1.2306416006         2.6589081187        -2.7485859835
        1.6400046000         2.1200000000         1.2357462543         2.6487006088        -2.6156113351
        1.6451897000         2.1200000000         1.2280892737         2.6359412215        -2.8150733078
        1.6500032000         2.1200000000         1.2408509080         2.6359412215        -2.4826366866
        1.6550046000         2.1200000000         1.2408509080         2.6257337117        -2.4826366866
        1.6600065000         2.1200000000         1.2280892737         2.6027668146        -2.8150733078
        1.6650045000         2.1200000000         1.2229846200         2.5925593047        -2.9480479562
        1.6700030000         2.1200000000         1.2306416006         2.5823517949        -2.7485859835
        1.6750069000         2.1200000000         1.2331939274         2.5772480400        -2.6820986593
        1.6800051000         2.1200000000         1.2306416006         2.5695924076        -2.7485859835
        1.6850026000         2.1200000000         1.2331939274         2.5568330203        -2.6820986593
        1.6900015000         2.1200000000         1.2357462543         2.5491773879        -2.6156113351
        1.6950023000         2.1200000000         1.2280892737         2.5338661232        -2.8150733078
        1.7000056000         2.1200000000         1.2408509080         2.5338661232        -2.4826366866
        1.7050023000         2.1200000000         1.2357462543         2.5185548584        -2.6156113351
        1.7100022000         2.1200000000         1.2306416006         2.5006917162        -2.7485859835
        1.7150027000         2.1200000000         1.2280892737         2.4981398388        -2.8150733078
        1.7200014000         2.1200000000         1.2331939274         2.4879323289        -2.6820986593
        1.7250140000         2.1200000000         1.2357462543         2.4828285740        -2.6156113351
        1.7300018000         2.1200000000         1.2382985811         2.4649654318        -2.5491240109
        1.7350111000         2.1200000000         1.2229846200         2.4522060445        -2.9480479562
        1.7400021000         2.1200000000         1.2357462543         2.4471022896        -2.6156113351
        1.7450013000         2.1200000000         1.2331939274         2.4394466572        -2.6820986593
        1.7500048000         2.1200000000         1.2357462543         2.4266872699        -2.6156113351
        1.7550045000         2.1200000000         1.2204322931         2.4215835150        -3.0145352804
        1.7600039000         2.1200000000         1.2434032349         2.4139278826        -2.4161493624
        1.7650055000         2.1200000000         1.2408509080         2.4011684953        -2.4826366866
        1.7700041000         2.1200000000         1.2255369469         2.3858572306        -2.8815606320
        1.7750059000         2.1200000000         1.2280892737         2.3730978433        -2.8150733078
        1.7800038000         2.1200000000         1.2408509080         2.3679940883        -2.4826366866
        1.7850056000         2.1200000000         1.2280892737         2.3475790687        -2.8150733078
        1.7900031000         2.1200000000         1.2331939274         2.3450271912        -2.6820986593
        1.7950044000         2.1200000000         1.2434032349         2.3399234363        -2.4161493624
        1.8000032000         2.1200000000         1.2229846200         2.3195084166        -2.9480479562
        1.8050056000         2.1200000000         1.2357462543         2.3093009068        -2.6156113351
        1.8100033000         2.1200000000         1.2357462543         2.3041971519        -2.6156113351
        1.8150046000         2.1200000000         1.2331939274         2.3016452744        -2.6820986593
        1.8200028000         2.1200000000         1.2434032349         2.2837821322        -2.4161493624
        1.8250045000         2.1200000000         1.2331939274         2.2735746224        -2.6820986593
        1.8300133000         2.1200000000         1.2280892737         2.2659189900        -2.8150733078
        1.8367749000         2.1200000000         1.2408509080         2.2557114802        -2.4826366866
        1.8400082000         2.1200000000         1.2306416006         2.2429520929        -2.7485859835
        1.8450113000         2.1200000000         1.2357462543         2.2327445830        -2.6156113351
        1.8500055000         2.1200000000         1.2331939274         2.2225370732        -2.6820986593
        1.8550070000         2.1200000000         1.2306416006         2.2097776859        -2.7485859835
        1.8600036000         2.1200000000         1.2306416006         2.1919145437        -2.7485859835
        1.8650053000         2.1200000000         1.2280892737         2.1868107888        -2.8150733078
        1.8700043000         2.1200000000         1.2357462543         2.1817070338        -2.6156113351
        1.8750065000         2.1200000000         1.2408509080         2.1740514015        -2.4826366866
        1.8800027000         2.1200000000         1.2408509080         2.1663957691        -2.4826366866
        1.8850046000         2.1200000000         1.2434032349         2.1587401367        -2.4161493624
        1.8900036000         2.1200000000         1.2280892737         2.1434288720        -2.8150733078
        1.8950061000         2.1200000000         1.2255369469         2.1255657297        -2.8815606320
        1.9000046000         2.1200000000         1.2306416006         2.1179100974        -2.7485859835
        1.9050056000         2.1200000000         1.2434032349         2.1204619748        -2.4161493624
        1.9100046000         2.1200000000         1.2357462543         2.1025988326        -2.6156113351
        1.9150079000         2.1200000000         1.2280892737         2.0847356904        -2.8150733078
        1.9200036000         2.1200000000         1.2357462543         2.0821838129        -2.6156113351
        1.9250061000         2.1200000000         1.2485078886         2.0796319355        -2.2831747139
        1.9300064000         2.1200000000         1.2357462543         2.0668725482        -2.6156113351
        1.9350045000         2.1200000000         1.2331939274         2.0515612834        -2.6820986593
        1.9400034000         2.1200000000         1.2459555617         2.0490094060        -2.3496620382
        1.9450044000         2.1200000000         1.2408509080         2.0362500187        -2.4826366866
        1.9500035000         2.1200000000         1.2331939274         2.0285943863        -2.6820986593
        1.9550055000         2.1200000000         1.2434032349         2.0132831215        -2.4161493624
        1.9600043000         2.1200000000         1.2255369469         1.9954199793        -2.8815606320
        1.9650059000         2.1200000000         1.2434032349         1.9928681019        -2.4161493624
        1.9700039000         2.1200000000         1.2434032349         1.9903162244        -2.4161493624
        1.9750057000         2.1200000000         1.2408509080         1.9801087146        -2.4826366866
        1.9800046000         2.1200000000         1.2382985811         1.9596936949        -2.5491240109
        1.9850059000         2.1200000000         1.2382985811         1.9545899400        -2.5491240109
        1.9900039000         2.1200000000         1.2204322931         1.9367267978        -3.0145352804
        1.9950058000         2.1200000000         1.2357462543         1.9341749203        -2.6156113351
        2.0001797000         2.1200000000         1.2434032349         1.9265192879        -2.4161493624
        2.0050064000         2.1200000000         1.2408509080         1.9214155330        -2.4826366866
        2.0100046000         2.1200000000         1.2331939274         1.9112080232        -2.6820986593
        2.0150056000         2.1200000000         1.2434032349         1.8984486359        -2.4161493624
        2.0200057000         2.1200000000         1.2255369469         1.8780336162        -2.8815606320
        2.0250141000         2.1200000000         1.2306416006         1.8703779838        -2.7485859835
        2.0300039000         2.1200000000         1.2204322931         1.8576185965        -3.0145352804
        2.0350062000         2.1200000000         1.2280892737         1.8474110867        -2.8150733078
        2.0400057000         2.1200000000         1.2408509080         1.8474110867        -2.4826366866
        2.0450137000         2.1200000000         1.2331939274         1.8295479445        -2.6820986593
        2.0500054000         2.1200000000         1.2280892737         1.8218923121        -2.8150733078
        2.0550200000         2.1200000000         1.2331939274         1.8116848023        -2.6820986593
        2.0600100000         2.1200000000         1.2357462543         1.8014772924        -2.6156113351
        2.0650173000         2.1200000000         1.2408509080         1.7963735375        -2.4826366866
        2.0700033000         2.1200000000         1.2331939274         1.7861660277        -2.6820986593
        2.0750047000         2.1200000000         1.2357462543         1.7734066404        -2.6156113351
        2.0802091000         2.1200000000         1.2255369469         1.7631991306        -2.8815606320
        2.0850049000         2.1200000000         1.2459555617         1.7529916207        -2.3496620382
        2.0900034000         2.1200000000         1.2280892737         1.7453359884        -2.8150733078
        2.0950041000         2.1200000000         1.2280892737         1.7325766011        -2.8150733078
        2.1001524000         2.1200000000         1.2331939274         1.7172653363        -2.6820986593
        2.1050024000         2.1200000000         1.2331939274         1.7121615814        -2.6820986593
        2.1100044000         2.1200000000         1.2127753126         1.7019540715        -3.2139972531
        2.1150046000         2.1200000000         1.2434032349         1.6994021941        -2.4161493624
        2.1200172000         2.1200000000         1.2280892737         1.6764352970        -2.8150733078
        2.1250084000         2.1200000000         1.2280892737         1.6764352970        -2.8150733078
        2.1300063000         2.1200000000         1.2306416006         1.6611240322        -2.7485859835
        2.1350084000         2.1200000000         1.2408509080         1.6585721547        -2.4826366866
        2.1400040000         2.1200000000         1.2255369469         1.6381571351        -2.8815606320
        2.1450033000         2.1200000000         1.2280892737         1.6253977478        -2.8150733078
        2.1500021000         2.1200000000         1.2382985811         1.6228458703        -2.5491240109
        2.1550040000         2.1200000000         1.2306416006         1.6049827281        -2.7485859835
        2.1600037000         2.1200000000         1.2331939274         1.6024308506        -2.6820986593
        2.1650030000         2.1200000000         1.2306416006         1.5973270957        -2.7485859835
        2.1700026000         2.1200000000         1.2382985811         1.5794639535        -2.5491240109
        2.1750063000         2.1200000000         1.2331939274         1.5667045662        -2.6820986593
        2.1800047000         2.1200000000         1.2408509080         1.5692564437        -2.4826366866
        2.1850042000         2.1200000000         1.2127753126         1.5513933015        -3.2139972531
        2.1902965000         2.1200000000         1.2459555617         1.5462895465        -2.3496620382
        2.1950042000         2.1200000000         1.2229846200         1.5258745269        -2.9480479562
        2.2000019000         2.1200000000         1.2434032349         1.5207707720        -2.4161493624
        2.2050011000         2.1200000000         1.2306416006         1.5080113847        -2.7485859835
        2.2100350000         2.1200000000         1.2357462543         1.4952519974        -2.6156113351
        2.2150025000         2.1200000000         1.2255369469         1.4875963650        -2.8815606320
        2.2200018000         2.1200000000         1.2382985811         1.4773888552        -2.5491240109
        2.2250045000         2.1200000000         1.2229846200         1.4646294679        -2.9480479562
        2.2300050000         2.1200000000         1.2459555617         1.4646294679        -2.3496620382
        2.2350030000         2.1200000000         1.2510602154         1.4620775904        -2.2166873897
        2.2400049000         2.1200000000         1.2331939274         1.4442144482        -2.6820986593
        2.2450032000         2.1200000000         1.2331939274         1.4289031834        -2.6820986593
        2.2500047000         2.1200000000         1.2255369469         1.4186956736        -2.8815606320
        2.2550039000         2.1200000000         1.2382985811         1.4135919187        -2.5491240109
        2.2600047000         2.1200000000         1.2280892737         1.4084881638        -2.8150733078
        2.2650056000         2.1200000000         1.2408509080         1.3931768990        -2.4826366866
        2.2700049000         2.1200000000         1.2382985811         1.3880731441        -2.5491240109
        2.2750034000         2.1200000000         1.2382985811         1.3702100019        -2.5491240109
        2.2800050000         2.1200000000         1.2382985811         1.3651062470        -2.5491240109
        2.2850182000         2.1200000000         1.2280892737         1.3497949822        -2.8150733078
        2.2900125000         2.1200000000         1.2408509080         1.3472431047        -2.4826366866
        2.2950042000         2.1200000000         1.2382985811         1.3421393498        -2.5491240109
        2.3000046000         2.1200000000         1.2408509080         1.3268280851        -2.4826366866
        2.3050047000         2.1200000000         1.2510602154         1.3191724527        -2.2166873897
        2.3100046000         2.1200000000         1.2408509080         1.3115168203        -2.4826366866
        2.3151543000         2.1200000000         1.2382985811         1.3013093105        -2.5491240109
        2.3200045000         2.1200000000         1.2434032349         1.2885499232        -2.4161493624
        2.3250042000         2.1200000000         1.2408509080         1.2808942908        -2.4826366866
        2.3300070000         2.1200000000         1.2306416006         1.2604792711        -2.7485859835
        2.3350027000         2.1200000000         1.2331939274         1.2502717613        -2.6820986593
        2.3400028000         2.1200000000         1.2434032349         1.2451680064        -2.4161493624
        2.3450056000         2.1200000000         1.2255369469         1.2375123740        -2.8815606320
        2.3500054000         2.1200000000         1.2408509080         1.2196492318        -2.4826366866
        2.3550038000         2.1200000000         1.2331939274         1.2170973543        -2.6820986593
        2.3600040000         2.1200000000         1.2434032349         1.2119935994        -2.4161493624
        2.3650048000         2.1200000000         1.2306416006         1.1890267023        -2.7485859835
        2.3700065000         2.1200000000         1.2434032349         1.1966823347        -2.4161493624
        2.3750040000         2.1200000000         1.2536125423         1.1839229474        -2.1502000655
        2.3800059000         2.1200000000         1.2459555617         1.1788191925        -2.3496620382
        2.3850044000         2.1200000000         1.2382985811         1.1609560502        -2.5491240109
        2.3900057000         2.1200000000         1.2408509080         1.1507485404        -2.4826366866
        2.3950051000         2.1200000000         1.2408509080         1.1405410306        -2.4826366866
        2.4000064000         2.1200000000         1.2280892737         1.1252297658        -2.8150733078
        2.4050196000         2.1200000000         1.2434032349         1.1277816433        -2.4161493624
        2.4100066000         2.1200000000         1.2536125423         1.1175741334        -2.1502000655
        2.4150373000         2.1200000000         1.2459555617         1.1048147461        -2.3496620382
        2.4200061000         2.1200000000         1.2459555617         1.0997109912        -2.3496620382
        2.4250052000         2.1200000000         1.2434032349         1.0920553588        -2.4161493624
        2.4300025000         2.1200000000         1.2408509080         1.0767440941        -2.4826366866
        2.4350074000         2.1200000000         1.2357462543         1.0588809519        -2.6156113351
        2.4400058000         2.1200000000         1.2485078886         1.0563290744        -2.2831747139
        2.4450057000         2.1200000000         1.2510602154         1.0461215646        -2.2166873897
        2.4500057000         2.1200000000         1.2434032349         1.0384659322        -2.4161493624
        2.4550160000         2.1200000000         1.2434032349         1.0308102998        -2.4161493624
        2.4600054000         2.1200000000         1.2459555617         1.0180509125        -2.3496620382
        2.4650185000         2.1200000000         1.2485078886         1.0103952802        -2.2831747139
        2.4700049000         2.1200000000         1.2485078886         1.0078434027        -2.2831747139
        2.4750040000         2.1200000000         1.2510602154         0.9925321379        -2.2166873897
        2.4800054000         2.1200000000         1.2536125423         0.9823246281        -2.1502000655
        2.4850046000         2.1200000000         1.2485078886         0.9644614859        -2.2831747139
        2.4900164000         2.1200000000         1.2485078886         0.9721171183        -2.2831747139
        2.4950044000         2.1200000000         1.2536125423         0.9542539761        -2.1502000655
        2.5000047000         2.1200000000         1.2357462543         0.9389427113        -2.6156113351
        2.5050156000         2.1200000000         1.2408509080         0.9312870789        -2.4826366866
        2.5100032000         2.1200000000         1.2434032349         0.9261833240        -2.4161493624
        2.5150182000         2.1200000000         1.2382985811         0.9159758142        -2.5491240109
        2.5200034000         2.1200000000         1.2536125423         0.9108720593        -2.1502000655
        2.5250124000         2.1200000000         1.2408509080         0.8955607945        -2.4826366866
        2.5300030000         2.1200000000         1.2536125423         0.9006645494        -2.1502000655
        2.5350166000         2.1200000000         1.2229846200         0.8828014072        -2.9480479562
        2.5400053000         2.1200000000         1.2408509080         0.8776976523        -2.4826366866
        2.5450061000         2.1200000000         1.2510602154         0.8649382650        -2.2166873897
        2.5500058000         2.1200000000         1.2331939274         0.8496270002        -2.6820986593
        2.5550050000         2.1200000000         1.2408509080         0.8521788777        -2.4826366866
        2.5600066000         2.1200000000         1.2510602154         0.8419713679        -2.2166873897
        2.5650164000         2.1200000000         1.2408509080         0.8266601031        -2.4826366866
        2.5700078000         2.1200000000         1.2382985811         0.8190044707        -2.5491240109
        2.5750048000         2.1200000000         1.2459555617         0.8036932060        -2.3496620382
        2.5800027000         2.1200000000         1.2408509080         0.7934856961        -2.4826366866
        2.5850047000         2.1200000000         1.2408509080         0.7909338187        -2.4826366866
        2.5900030000         2.1200000000         1.2485078886         0.7781744314        -2.2831747139
        2.5950043000         2.1200000000         1.2434032349         0.7628631666        -2.4161493624
        2.6000034000         2.1200000000         1.2434032349         0.7603112892        -2.4161493624
        2.6050120000         2.1200000000         1.2382985811         0.7450000244        -2.5491240109
        2.6100084000         2.1200000000         1.2382985811         0.7424481470        -2.5491240109
        2.6150194000         2.1200000000         1.2510602154         0.7322406371        -2.2166873897
        2.6200034000         2.1200000000         1.2306416006         0.7220331273        -2.7485859835
        2.6250112000         2.1200000000         1.2434032349         0.7194812498        -2.4161493624
        2.6300040000         2.1200000000         1.2306416006         0.6990662302        -2.7485859835
        2.6350045000         2.1200000000         1.2434032349         0.6965143527        -2.4161493624
        2.6400030000         2.1200000000         1.2459555617         0.6888587203        -2.3496620382
        2.6450043000         2.1200000000         1.2306416006         0.6837549654        -2.7485859835
        2.6500050000         2.1200000000         1.2510602154         0.6735474556        -2.2166873897
        2.6550047000         2.1200000000         1.2587171960         0.6658918232        -2.0172254170
        2.6600026000         2.1200000000         1.2408509080         0.6505805584        -2.4826366866
        2.6650046000         2.1200000000         1.2459555617         0.6454768035        -2.3496620382
        2.6700026000         2.1200000000         1.2408509080         0.6352692937        -2.4826366866
        2.6750046000         2.1200000000         1.2408509080         0.6225099064        -2.4826366866
        2.6800326000         2.1200000000         1.2408509080         0.6046467642        -2.4826366866
        2.6850018000         2.1200000000         1.2357462543         0.6020948867        -2.6156113351
        2.6900050000         2.1200000000         1.2434032349         0.5918873769        -2.4161493624
        2.6950046000         2.1200000000         1.2434032349         0.5816798670        -2.4161493624
        2.7000033000         2.1200000000         1.2255369469         0.5689204797        -2.8815606320
        2.7050018000         2.1200000000         1.2357462543         0.5612648474        -2.6156113351
        2.7100037000         2.1200000000         1.2408509080         0.5536092150        -2.4826366866
        2.7150033000         2.1200000000         1.2382985811         0.5459535826        -2.5491240109
        2.7200026000         2.1200000000         1.2382985811         0.5255385629        -2.5491240109
        2.7250016000         2.1200000000         1.2280892737         0.5255385629        -2.8150733078
        2.7300023000         2.1200000000         1.2382985811         0.5051235433        -2.5491240109
        2.7350015000         2.1200000000         1.2306416006         0.5000197884        -2.7485859835
        2.7400039000         2.1200000000         1.2485078886         0.5000197884        -2.2831747139
        2.7450033000         2.1200000000         1.2331939274         0.4872604011        -2.6820986593
        2.7500032000         2.1200000000         1.2357462543         0.4745010138        -2.6156113351
        2.7550025000         2.1200000000         1.2331939274         0.4642935039        -2.6820986593
        2.7600027000         2.1200000000         1.2331939274         0.4464303617        -2.6820986593
        2.7650015000         2.1200000000         1.2331939274         0.4387747293        -2.6820986593
        2.7700042000         2.1200000000         1.2434032349         0.4413266068        -2.4161493624
        2.7750015000         2.1200000000         1.2357462543         0.4158078322        -2.6156113351
        2.7800032000         2.1200000000         1.2408509080         0.4158078322        -2.4826366866
        2.7850047000         2.1200000000         1.2434032349         0.4056003224        -2.4161493624
        2.7900051000         2.1200000000         1.2357462543         0.4004965675        -2.6156113351
        2.7950043000         2.1200000000         1.2510602154         0.3902890576        -2.2166873897
        2.8000031000         2.1200000000         1.2280892737         0.3647702830        -2.8150733078
        2.8050047000         2.1200000000         1.2434032349         0.3622184056        -2.4161493624
        2.8100043000         2.1200000000         1.2255369469         0.3469071408        -2.8815606320
        2.8150026000         2.1200000000         1.2306416006         0.3366996310        -2.7485859835
        2.8200046000         2.1200000000         1.2306416006         0.3315958761        -2.7485859835
        2.8250032000         2.1200000000         1.2382985811         0.3213883662        -2.5491240109
        2.8300048000         2.1200000000         1.2331939274         0.3111808564        -2.6820986593
        2.8350038000         2.1200000000         1.2408509080         0.3060771015        -2.4826366866
        2.8400028000         2.1200000000         1.2459555617         0.2958695916        -2.3496620382
        2.8450066000         2.1200000000         1.2331939274         0.2754545720        -2.6820986593
        2.8500038000         2.1200000000         1.2408509080         0.2780064494        -2.4826366866
        2.8550029000         2.1200000000         1.2306416006         0.2575914298        -2.7485859835
        2.8600026000         2.1200000000         1.2357462543         0.2473839199        -2.6156113351
        2.8650109000         2.1200000000         1.2331939274         0.2320726552        -2.6820986593
        2.8700052000         2.1200000000         1.2280892737         0.2193132679        -2.8150733078
        2.8754219000         2.1200000000         1.2331939274         0.2091057580        -2.6820986593
        2.8815860000         2.1200000000         1.2255369469         0.1963463707        -2.8815606320
        2.8850046000         2.1200000000         1.2382985811         0.1963463707        -2.5491240109
        2.8900033000         2.1200000000         1.2331939274         0.1861388609        -2.6820986593
        2.8950041000         2.1200000000         1.2408509080         0.1810351060        -2.4826366866
        2.9000034000         2.1200000000         1.2382985811         0.1657238412        -2.5491240109
        2.9050055000         2.1200000000         1.2434032349         0.1580682088        -2.4161493624
        2.9100036000         2.1200000000         1.2357462543         0.1529644539        -2.6156113351
        2.9150025000         2.1200000000         1.2459555617         0.1376531892        -2.3496620382
        2.9200017000         2.1200000000         1.2331939274         0.1274456793        -2.6820986593
        2.9250026000         2.1200000000         1.2459555617         0.1146862920        -2.3496620382
        2.9300016000         2.1200000000         1.2561648691         0.1146862920        -2.0837127413
        2.9350051000         2.1200000000         1.2382985811         0.0891675175        -2.5491240109
        2.9400046000         2.1200000000         1.2255369469         0.0866156400        -2.8815606320
        2.9450060000         2.1200000000         1.2485078886         0.0764081302        -2.2831747139
        2.9500048000         2.1200000000         1.2306416006         0.0559931105        -2.7485859835
        2.9550066000         2.1200000000         1.2357462543         0.0508893556        -2.6156113351
        2.9600060000         2.1200000000         1.2459555617         0.0508893556        -2.3496620382
        2.9650046000         2.1200000000         1.2434032349         0.0355780908        -2.4161493624
        2.9700059000         2.1200000000         1.2434032349         0.0253705810        -2.4161493624
        2.9750038000         2.1200000000         1.2434032349         0.0202668261        -2.4161493624
        2.9800057000         2.1200000000         1.2434032349         0.0151630711        -2.4161493624
        2.9850036000         2.1200000000         1.2408509080        -0.0027000711        -2.4826366866
        2.9900057000         2.1200000000         1.2382985811        -0.0052519485        -2.5491240109
        2.9950047000         2.1200000000         1.2434032349         0.0024036839        -2.4161493624
        3.0000057000         2.1200000000         1.2408509080        -0.0001481936        -2.4826366866
        3.0050070000         2.1200000000         1.2485078886         0.0075074388        -2.2831747139
        3.0100116000         2.1200000000         1.2459555617         0.0049555613        -2.3496620382
        3.0150061000         2.1200000000         1.2510602154         0.0075074388        -2.2166873897
        3.0200078000         2.1200000000         1.2510602154         0.0075074388        -2.2166873897
        3.0250061000         2.1200000000         1.2434032349        -0.0001481936        -2.4161493624
        3.0300084000         2.1200000000         1.2357462543        -0.0052519485        -2.6156113351
        3.0350111000         2.1200000000         1.2561648691         0.0100593162        -2.0837127413
        3.0400150000         2.1200000000         1.2434032349        -0.0001481936        -2.4161493624
        3.0450048000         2.1200000000         1.2434032349         0.0049555613        -2.4161493624
        3.0500047000         2.1200000000         1.2485078886         1.1175741334        -2.2831747139
        3.0550090000         2.1200000000         1.2459555617         1.1048147461        -2.3496620382
        3.0600107000         2.1200000000         1.2459555617         1.1048147461        -2.3496620382
        3.0650048000         2.1200000000         1.2434032349         1.1175741334        -2.4161493624
        3.0700118000         2.1200000000         1.2485078886         1.1175741334        -2.2831747139
        3.0750030000         2.1200000000         1.2510602154         1.1124703785        -2.2166873897
        3.0800046000         2.1200000000         1.2382985811         1.1099185011        -2.5491240109
        3.0850102000         2.1200000000         1.2459555617         4.9938759937        -2.3496620382
        3.0900072000         2.1200000000         1.2485078886         5.0015316260        -2.2831747139
        3.0950037000         2.1200000000         1.2612695229         5.0091872584        -1.9507380928
        3.1000193000         2.1200000000         1.2485078886         4.9989797486        -2.2831747139
        3.1050033000         2.1200000000         1.2485078886         5.0066353810        -2.2831747139
        3.1100130000         2.1200000000         1.2510602154         5.0066353810        -2.2166873897
        3.1150104000         2.1200000000         1.2510602154         5.0117391359        -2.2166873897
        3.1200178000         2.1200000000         1.2612695229         5.0142910133        -1.9507380928
        3.1252782000         2.1200000000         1.2434032349         5.0015316260        -2.4161493624
        3.1300128000         2.1200000000         1.2561648691         5.0142910133        -2.0837127413
        3.1350093000         2.1200000000         1.2485078886         5.0040835035        -2.2831747139
        3.1400048000         2.1200000000         1.2510602154         5.0040835035        -2.2166873897
        3.1450025000         2.1200000000         1.2561648691         5.0066353810        -2.0837127413
        3.1500141000         2.1200000000         1.2434032349         5.0015316260        -2.4161493624
        3.1550722000         2.1200000000         1.2561648691         5.0091872584        -2.0837127413
        3.1600128000         2.1200000000         1.2459555617         4.9887722387        -2.3496620382
        3.1650090000         2.1200000000         1.2612695229         4.9938759937        -1.9507380928
        3.1700162000         2.1200000000         1.2536125423         4.9811166064        -2.1502000655
        3.1750760000         2.1200000000         1.2587171960         4.9760128515        -2.0172254170
        3.1800053000         2.1200000000         1.2587171960         4.9632534642        -2.0172254170
        3.1850046000         2.1200000000         1.2536125423         4.9555978318        -2.1502000655
        3.1900048000         2.1200000000         1.2459555617         4.9402865670        -2.3496620382
        3.1950111000         2.1200000000         1.2536125423         4.9351828121        -2.1502000655
        3.2000112000         2.1200000000         1.2561648691         4.9249753023        -2.0837127413
        3.2050439000         2.1200000000         1.2536125423         4.9224234248        -2.1502000655
        3.2100048000         2.1200000000         1.2561648691         4.9122159150        -2.0837127413
        3.2150718000         2.1200000000         1.2536125423         4.9045602826        -2.1502000655
        3.2200046000         2.1200000000         1.2485078886         4.8892490178        -2.2831747139
        3.2250058000         2.1200000000         1.2587171960         4.8866971404        -2.0172254170
        3.2300069000         2.1200000000         1.2459555617         4.8688339982        -2.3496620382
        3.2350177000         2.1200000000         1.2536125423         4.8637302433        -2.1502000655
        3.2400129000         2.1200000000         1.2459555617         4.8509708560        -2.3496620382
        3.2450059000         2.1200000000         1.2536125423         4.8458671010        -2.1502000655
        3.2500120000         2.1200000000         1.2408509080         4.8331077137        -2.4826366866
        3.2550067000         2.1200000000         1.2536125423         4.8331077137        -2.1502000655
        3.2600047000         2.1200000000         1.2536125423         4.8280039588        -2.1502000655
        3.2650045000         2.1200000000         1.2561648691         4.8152445715        -2.0837127413
        3.2700047000         2.1200000000         1.2612695229         4.8101408166        -1.9507380928
        3.2753316000         2.1200000000         1.2510602154         4.7973814293        -2.2166873897
        3.2800046000         2.1200000000         1.2587171960         4.7948295519        -2.0172254170
        3.2850047000         2.1200000000         1.2536125423         4.7846220420        -2.1502000655
        3.2900036000         2.1200000000         1.2459555617         4.7744145322        -2.3496620382
        3.2950043000         2.1200000000         1.2561648691         4.7616551449        -2.0837127413
        3.3000109000         2.1200000000         1.2331939274         4.7488957576        -2.6820986593
        3.3050034000         2.1200000000         1.2485078886         4.7412401252        -2.2831747139
        3.3100034000         2.1200000000         1.2510602154         4.7412401252        -2.2166873897
        3.3150047000         2.1200000000         1.2510602154         4.7284807379        -2.2166873897
        3.3200036000         2.1200000000         1.2434032349         4.7157213506        -2.4161493624
        3.3250084000         2.1200000000         1.2485078886         4.7055138408        -2.2831747139
        3.3300038000         2.1200000000         1.2434032349         4.6953063310        -2.4161493624
        3.3350128000         2.1200000000         1.2485078886         4.6876506986        -2.2831747139
        3.3400081000         2.1200000000         1.2485078886         4.6850988211        -2.2831747139
        3.3450098000         2.1200000000         1.2510602154         4.6748913113        -2.2166873897
        3.3500075000         2.1200000000         1.2510602154         4.6672356789        -2.2166873897
        3.3550129000         2.1200000000         1.2587171960         4.6570281691        -2.0172254170
        3.3600078000         2.1200000000         1.2434032349         4.6442687818        -2.4161493624
        3.3650080000         2.1200000000         1.2434032349         4.6289575170        -2.4161493624
        3.3700048000         2.1200000000         1.2382985811         4.6161981297        -2.5491240109
        3.3750052000         2.1200000000         1.2587171960         4.6136462523        -2.0172254170
        3.3800053000         2.1200000000         1.2382985811         4.5957831101        -2.5491240109
        3.3850126000         2.1200000000         1.2485078886         4.5983349875        -2.2831747139
        3.3900039000         2.1200000000         1.2485078886         4.5932312326        -2.2831747139
        3.3950103000         2.1200000000         1.2459555617         4.5779199678        -2.3496620382
        3.4000066000         2.1200000000         1.2485078886         4.5753680904        -2.2831747139
        3.4050120000         2.1200000000         1.2561648691         4.5651605806        -2.0837127413
        3.4100059000         2.1200000000         1.2408509080         4.5498493158        -2.4826366866
        3.4150038000         2.1200000000         1.2408509080         4.5268824187        -2.4826366866
        3.4200048000         2.1200000000         1.2408509080         4.5217786637        -2.4826366866
        3.4250117000         2.1200000000         1.2434032349         4.5166749088        -2.4161493624
        3.4300049000         2.1200000000         1.2408509080         4.5039155215        -2.4826366866
        3.4350057000         2.1200000000         1.2485078886         4.5039155215        -2.2831747139
        3.4400051000         2.1200000000         1.2408509080         4.4860523793        -2.4826366866
        3.4450046000         2.1200000000         1.2536125423         4.4809486244        -2.1502000655
        3.4500046000         2.1200000000         1.2434032349         4.4758448695        -2.4161493624
        3.4550045000         2.1200000000         1.2408509080         4.4630854822        -2.4826366866
        3.4600034000         2.1200000000         1.2434032349         4.4554298498        -2.4161493624
        3.4650045000         2.1200000000         1.2510602154         4.4528779724        -2.2166873897
        3.4700039000         2.1200000000         1.2485078886         4.4452223400        -2.2831747139
        3.4750045000         2.1200000000         1.2434032349         4.4273591978        -2.4161493624
        3.4800037000         2.1200000000         1.2408509080         4.4197035654        -2.4826366866
        3.4850045000         2.1200000000         1.2434032349         4.4069441781        -2.4161493624
        3.4900036000         2.1200000000         1.2408509080         4.3992885457        -2.4826366866
        3.4950045000         2.1200000000         1.2408509080         4.3814254035        -2.4826366866
        3.5000071000         2.1200000000         1.2434032349         4.3788735260        -2.4161493624
        3.5050104000         2.1200000000         1.2357462543         4.3635622613        -2.6156113351
        3.5100066000         2.1200000000         1.2459555617         4.3610103838        -2.3496620382
        3.5150126000         2.1200000000         1.2485078886         4.3508028740        -2.2831747139
        3.5200093000         2.1200000000         1.2459555617         4.3405953642        -2.3496620382
        3.5250132000         2.1200000000         1.2408509080         4.3329397318        -2.4826366866
        3.5300044000         2.1200000000         1.2638218497         4.3227322219        -1.8842507686
        3.5350120000         2.1200000000         1.2434032349         4.3125247121        -2.4161493624
        3.5400045000         2.1200000000         1.2510602154         4.3023172023        -2.2166873897
        3.5450101000         2.1200000000         1.2382985811         4.2972134474        -2.5491240109
        3.5500041000         2.1200000000         1.2561648691         4.2921096924        -2.0837127413
        3.5550122000         2.1200000000         1.2485078886         4.2844540601        -2.2831747139
        3.5600056000         2.1200000000         1.2536125423         4.2691427953        -2.1502000655
        3.5650126000         2.1200000000         1.2459555617         4.2589352855        -2.3496620382
        3.5700033000         2.1200000000         1.2459555617         4.2512796531        -2.3496620382
        3.5750052000         2.1200000000         1.2434032349         4.2410721433        -2.4161493624
        3.5800038000         2.1200000000         1.2587171960         4.2385202658        -2.0172254170
        3.5850039000         2.1200000000         1.2587171960         4.2334165109        -2.0172254170
        3.5900040000         2.1200000000         1.2408509080         4.2155533687        -2.4826366866
        3.5950056000         2.1200000000         1.2459555617         4.2002421039        -2.3496620382
        3.6000042000         2.1200000000         1.2408509080         4.1900345941        -2.4826366866
        3.6050049000         2.1200000000         1.2459555617         4.1849308392        -2.3496620382
        3.6100034000         2.1200000000         1.2434032349         4.1747233293        -2.4161493624
        3.6150050000         2.1200000000         1.2382985811         4.1670676969        -2.5491240109
        3.6200046000         2.1200000000         1.2510602154         4.1594120646        -2.2166873897
        3.6250076000         2.1200000000         1.2536125423         4.1543083097        -2.1502000655
        3.6300049000         2.1200000000         1.2510602154         4.1466526773        -2.2166873897
        3.6350033000         2.1200000000         1.2485078886         4.1364451674        -2.2831747139
        3.6400049000         2.1200000000         1.2510602154         4.1287895351        -2.2166873897
        3.6450029000         2.1200000000         1.2510602154         4.1185820252        -2.2166873897
        3.6500017000         2.1200000000         1.2561648691         4.1134782703        -2.0837127413
        3.6550050000         2.1200000000         1.2459555617         4.0956151281        -2.3496620382
        3.6600042000         2.1200000000         1.2536125423         4.0981670056        -2.1502000655
        3.6650025000         2.1200000000         1.2561648691         4.0905113732        -2.0837127413
        3.6700020000         2.1200000000         1.2485078886         4.0803038633        -2.2831747139
        3.6750030000         2.1200000000         1.2485078886         4.0675444760        -2.2831747139
        3.6800034000         2.1200000000         1.2536125423         4.0649925986        -2.1502000655
        3.6850031000         2.1200000000         1.2485078886         4.0445775789        -2.2831747139
        3.6900021000         2.1200000000         1.2434032349         4.0369219465        -2.4161493624
        3.6950032000         2.1200000000         1.2434032349         4.0292663142        -2.4161493624
        3.7000040000         2.1200000000         1.2408509080         4.0216106818        -2.4826366866
        3.7050049000         2.1200000000         1.2408509080         4.0088512945        -2.4826366866
        3.7100032000         2.1200000000         1.2485078886         4.0088512945        -2.2831747139
        3.7150032000         2.1200000000         1.2510602154         4.0011956621        -2.2166873897
        3.7200024000         2.1200000000         1.2510602154         3.9909881523        -2.2166873897
        3.7250027000         2.1200000000         1.2536125423         3.9807806424        -2.1502000655
        3.7300024000         2.1200000000         1.2459555617         3.9807806424        -2.3496620382
        3.7350026000         2.1200000000         1.2536125423         3.9705731326        -2.1502000655
        3.7400018000         2.1200000000         1.2382985811         3.9501581129        -2.5491240109
        3.7450024000         2.1200000000         1.2408509080         3.9425024806        -2.4826366866
        3.7500017000         2.1200000000         1.2357462543         3.9297430933        -2.6156113351
        3.7550024000         2.1200000000         1.2485078886         3.9348468482        -2.2831747139
        3.7600022000         2.1200000000         1.2587171960         3.9246393383        -2.0172254170
        3.7650019000         2.1200000000         1.2434032349         3.9118799510        -2.4161493624
        3.7700026000         2.1200000000         1.2434032349         3.8991205638        -2.4161493624
        3.7750031000         2.1200000000         1.2536125423         3.8991205638        -2.1502000655
        3.7800029000         2.1200000000         1.2331939274         3.8787055441        -2.6820986593
        3.7850036000         2.1200000000         1.2510602154         3.8787055441        -2.2166873897
        3.7900025000         2.1200000000         1.2434032349         3.8608424019        -2.4161493624
        3.7950022000         2.1200000000         1.2382985811         3.8557386469        -2.5491240109
        3.8000044000         2.1200000000         1.2459555617         3.8506348920        -2.3496620382
        3.8050028000         2.1200000000         1.2434032349         3.8378755047        -2.4161493624
        3.8100046000         2.1200000000         1.2510602154         3.8327717498        -2.2166873897
        3.8150035000         2.1200000000         1.2434032349         3.8174604851        -2.4161493624
        3.8200049000         2.1200000000         1.2434032349         3.8123567301        -2.4161493624
        3.8250036000         2.1200000000         1.2434032349         3.8021492203        -2.4161493624
        3.8300051000         2.1200000000         1.2510602154         3.7944935879        -2.2166873897
        3.8350030000         2.1200000000         1.2510602154         3.7919417105        -2.2166873897
        3.8400046000         2.1200000000         1.2434032349         3.7715266908        -2.4161493624
        3.8450056000         2.1200000000         1.2434032349         3.7740785683        -2.4161493624
        3.8500049000         2.1200000000         1.2434032349         3.7562154260        -2.4161493624
        3.8550029000         2.1200000000         1.2510602154         3.7536635486        -2.2166873897
        3.8600043000         2.1200000000         1.2485078886         3.7434560388        -2.2831747139
        3.8650037000         2.1200000000         1.2357462543         3.7204891416        -2.6156113351
        3.8700050000         2.1200000000         1.2408509080         3.7204891416        -2.4826366866
        3.8750026000         2.1200000000         1.2459555617         3.7102816318        -2.3496620382
        3.8800048000         2.1200000000         1.2485078886         3.7026259994        -2.2831747139
        3.8850034000         2.1200000000         1.2408509080         3.6949703670        -2.4826366866
        3.8900048000         2.1200000000         1.2459555617         3.6822109797        -2.3496620382
        3.8951115000         2.1200000000         1.2485078886         3.6796591023        -2.2831747139
        3.9000090000         2.1200000000         1.2408509080         3.6617959601        -2.4826366866
        3.9050146000         2.1200000000         1.2382985811         3.6541403277        -2.5491240109
        3.9100059000         2.1200000000         1.2434032349         3.6413809404        -2.4161493624
        3.9150023000         2.1200000000         1.2382985811         3.6337253080        -2.5491240109
        3.9200036000         2.1200000000         1.2485078886         3.6235177982        -2.2831747139
        3.9250035000         2.1200000000         1.2331939274         3.6209659207        -2.6820986593
        3.9300058000         2.1200000000         1.2331939274         3.5979990236        -2.6820986593
        3.9350025000         2.1200000000         1.2459555617         3.5979990236        -2.3496620382
        3.9400035000         2.1200000000         1.2434032349         3.5877915138        -2.4161493624
        3.9450041000         2.1200000000         1.2459555617         3.5852396363        -2.3496620382
        3.9500063000         2.1200000000         1.2485078886         3.5699283715        -2.2831747139
        3.9550053000         2.1200000000         1.2510602154         3.5673764941        -2.2166873897
        3.9600042000         2.1200000000         1.2459555617         3.5571689842        -2.3496620382
        3.9650027000         2.1200000000         1.2510602154         3.5469614744        -2.2166873897
        3.9700040000         2.1200000000         1.2382985811         3.5316502097        -2.5491240109
        3.9750073000         2.1200000000         1.2485078886         3.5214426998        -2.2831747139
        3.9800017000         2.1200000000         1.2357462543         3.5061314351        -2.6156113351
        3.9850694000         2.1200000000         1.2408509080         3.5061314351        -2.4826366866
        3.9900029000         2.1200000000         1.2357462543         3.4882682929        -2.6156113351
        3.9950337000         2.1200000000         1.2459555617         3.4857164154        -2.3496620382
