% Motor Sweep Step 20/180
% Vcmd       = 2.4000 [V]
% Direction  = CCW
% Zone       = DEADZONE
% Vg_offset  = 1.336155 [V]
% K_gimbal   = 26.049690 [(rad/s)/V]

Time[s]              Vcmd[V]              Vg_raw[V]            Pot[V]               Omega[rad/s]
        0.0000147000         2.4000000000         1.3429439823         1.7376803560         0.1768562824
        0.0050122000         2.4000000000         1.3276300211         1.7274728461        -0.2220676629
        0.0100049000         2.4000000000         1.3352870017         1.7300247236        -0.0226056902
        0.0150203000         2.4000000000         1.3301823480         1.7274728461        -0.1555803387
        0.0200143000         2.4000000000         1.3327346748         1.7376803560        -0.0890930145
        0.0250079000         2.4000000000         1.3378393285         1.7325766011         0.0438816340
        0.0300101000         2.4000000000         1.3403916554         1.7376803560         0.1103689582
        0.0350093000         2.4000000000         1.3352870017         1.7300247236        -0.0226056902
        0.0400062000         2.4000000000         1.3403916554         1.7325766011         0.1103689582
        0.0450084000         2.4000000000         1.3352870017         1.7300247236        -0.0226056902
        0.0500076000         2.4000000000         1.3301823480         1.7172653363        -0.1555803387
        0.0550074000         2.4000000000         1.3276300211         1.7249209687        -0.2220676629
        0.0600042000         2.4000000000         1.3352870017         1.7325766011        -0.0226056902
        0.0650078000         2.4000000000         1.3429439823         1.7376803560         0.1768562824
        0.0700079000         2.4000000000         1.3301823480         1.7249209687        -0.1555803387
        0.0750068000         2.4000000000         1.3327346748         1.7274728461        -0.0890930145
        0.0800049000         2.4000000000         1.3429439823         1.7376803560         0.1768562824
        0.0850171000         2.4000000000         1.3301823480         1.7274728461        -0.1555803387
        0.0900065000         2.4000000000         1.3429439823         1.7376803560         0.1768562824
        0.0950060000         2.4000000000         1.3352870017         1.7300247236        -0.0226056902
        0.1000038000         2.4000000000         1.3301823480         1.7249209687        -0.1555803387
        0.1050060000         2.4000000000         1.3352870017         1.7300247236        -0.0226056902
        0.1100080000         2.4000000000         1.3327346748         1.7325766011        -0.0890930145
        0.1150060000         2.4000000000         1.3378393285         1.7325766011         0.0438816340
        0.1200029000         2.4000000000         1.3352870017         1.7325766011        -0.0226056902
        0.1250048000         2.4000000000         1.3403916554         1.7325766011         0.1103689582
        0.1300017000         2.4000000000         1.3403916554         1.7325766011         0.1103689582
        0.1350014000         2.4000000000         1.3301823480         1.7249209687        -0.1555803387
        0.1400741000         2.4000000000         1.3352870017         1.7300247236        -0.0226056902
        0.1450048000         2.4000000000         1.3352870017         1.7300247236        -0.0226056902
        0.1500036000         2.4000000000         1.3352870017         1.7325766011        -0.0226056902
        0.1550078000         2.4000000000         1.3378393285         1.7325766011         0.0438816340
        0.1600046000         2.4000000000         1.3352870017         1.7300247236        -0.0226056902
        0.1650879000         2.4000000000         1.3352870017         1.7300247236        -0.0226056902
        0.1700185000         2.4000000000         1.3352870017         1.7325766011        -0.0226056902
        0.1750148000         2.4000000000         1.3327346748         1.7274728461        -0.0890930145
        0.1800041000         2.4000000000         1.3276300211         1.7249209687        -0.2220676629
        0.1850046000         2.4000000000         1.3352870017         1.7325766011        -0.0226056902
        0.1900046000         2.4000000000         1.3403916554         1.7376803560         0.1103689582
        0.1950066000         2.4000000000         1.3301823480         1.7274728461        -0.1555803387
        0.2000030000         2.4000000000         1.3301823480         1.7249209687        -0.1555803387
        0.2050061000         2.4000000000         1.3352870017         1.7325766011        -0.0226056902
        0.2100052000         2.4000000000         1.3403916554         1.7325766011         0.1103689582
        0.2150036000         2.4000000000         1.3403916554         1.7300247236         0.1103689582
        0.2200029000         2.4000000000         1.3352870017         1.7325766011        -0.0226056902
        0.2250039000         2.4000000000         1.3403916554         1.7351284785         0.1103689582
        0.2300021000         2.4000000000         1.3454963091         1.7325766011         0.2433436067
        0.2351262000         2.4000000000         1.3352870017         1.7300247236        -0.0226056902
        0.2400045000         2.4000000000         1.3301823480         1.7249209687        -0.1555803387
        0.2450028000         2.4000000000         1.3352870017         1.7325766011        -0.0226056902
        0.2500057000         2.4000000000         1.3429439823         1.7402322334         0.1768562824
        0.2550070000         2.4000000000         1.3352870017         1.7325766011        -0.0226056902
        0.2600025000         2.4000000000         1.3301823480         1.7274728461        -0.1555803387
        0.2650049000         2.4000000000         1.3352870017         1.7300247236        -0.0226056902
        0.2700060000         2.4000000000         1.3352870017         1.7325766011        -0.0226056902
        0.2750052000         2.4000000000         1.3352870017         1.7325766011        -0.0226056902
        0.2800069000         2.4000000000         1.3429439823         1.7325766011         0.1768562824
        0.2850097000         2.4000000000         1.3301823480         1.7274728461        -0.1555803387
        0.2900018000         2.4000000000         1.3352870017         1.7300247236        -0.0226056902
        0.2950039000         2.4000000000         1.3429439823         1.7351284785         0.1768562824
        0.3000021000         2.4000000000         1.3378393285         1.7300247236         0.0438816340
        0.3050055000         2.4000000000         1.3403916554         1.7376803560         0.1103689582
        0.3100025000         2.4000000000         1.3403916554         1.7376803560         0.1103689582
        0.3150043000         2.4000000000         1.3301823480         1.7274728461        -0.1555803387
        0.3200029000         2.4000000000         1.3327346748         1.7300247236        -0.0890930145
        0.3250025000         2.4000000000         1.3378393285         1.7325766011         0.0438816340
        0.3300021000         2.4000000000         1.3352870017         1.7325766011        -0.0226056902
        0.3350051000         2.4000000000         1.3378393285         1.7300247236         0.0438816340
        0.3400031000         2.4000000000         1.3378393285         1.7325766011         0.0438816340
        0.3450042000         2.4000000000         1.3301823480         1.7249209687        -0.1555803387
        0.3500054000         2.4000000000         1.3403916554         1.7376803560         0.1103689582
        0.3550035000         2.4000000000         1.3454963091         1.7376803560         0.2433436067
        0.3600036000         2.4000000000         1.3403916554         1.7376803560         0.1103689582
        0.3650053000         2.4000000000         1.3352870017         1.7300247236        -0.0226056902
        0.3700029000         2.4000000000         1.3352870017         1.7300247236        -0.0226056902
        0.3750026000         2.4000000000         1.3301823480         1.7274728461        -0.1555803387
        0.3800019000         2.4000000000         1.3301823480         1.7274728461        -0.1555803387
        0.3850033000         2.4000000000         1.3352870017         1.7325766011        -0.0226056902
        0.3900032000         2.4000000000         1.3301823480         1.7249209687        -0.1555803387
        0.3950046000         2.4000000000         1.3403916554         1.7376803560         0.1103689582
        0.4000025000         2.4000000000         1.3429439823         1.7351284785         0.1768562824
        0.4050037000         2.4000000000         1.3301823480         1.7274728461        -0.1555803387
        0.4100025000         2.4000000000         1.3327346748         1.7274728461        -0.0890930145
        0.4150026000         2.4000000000         1.3327346748         1.7325766011        -0.0890930145
        0.4200025000         2.4000000000         1.3403916554         1.7427841109         0.1103689582
        0.4250035000         2.4000000000         1.3327346748         1.7274728461        -0.0890930145
        0.4300024000         2.4000000000         1.3352870017         1.7325766011        -0.0226056902
        0.4350043000         2.4000000000         1.3352870017         1.7300247236        -0.0226056902
        0.4400045000         2.4000000000         1.3352870017         1.7300247236        -0.0226056902
        0.4450221000         2.4000000000         1.3301823480         1.7249209687        -0.1555803387
        0.4500027000         2.4000000000         1.3429439823         1.7402322334         0.1768562824
        0.4550034000         2.4000000000         1.3352870017         1.7300247236        -0.0226056902
        0.4600021000         2.4000000000         1.3352870017         1.7300247236        -0.0226056902
        0.4650012000         2.4000000000         1.3301823480         1.7249209687        -0.1555803387
        0.4700025000         2.4000000000         1.3352870017         1.7300247236        -0.0226056902
        0.4750017000         2.4000000000         1.3352870017         1.7325766011        -0.0226056902
        0.4800034000         2.4000000000         1.3429439823         1.7376803560         0.1768562824
        0.4850031000         2.4000000000         1.3403916554         1.7402322334         0.1103689582
        0.4900033000         2.4000000000         1.3301823480         1.7300247236        -0.1555803387
        0.4950023000         2.4000000000         1.3429439823         1.7427841109         0.1768562824
        0.5000031000         2.4000000000         1.3301823480         1.7223690912        -0.1555803387
        0.5050031000         2.4000000000         1.3352870017         1.7300247236        -0.0226056902
        0.5100031000         2.4000000000         1.3276300211         1.7274728461        -0.2220676629
        0.5150035000         2.4000000000         1.3454963091         1.7325766011         0.2433436067
        0.5200038000         2.4000000000         1.3429439823         1.7402322334         0.1768562824
        0.5250022000         2.4000000000         1.3352870017         1.7325766011        -0.0226056902
        0.5300055000         2.4000000000         1.3352870017         1.7325766011        -0.0226056902
        0.5350055000         2.4000000000         1.3378393285         1.7325766011         0.0438816340
        0.5400043000         2.4000000000         1.3352870017         1.7325766011        -0.0226056902
        0.5450029000         2.4000000000         1.3352870017         1.7300247236        -0.0226056902
        0.5500040000         2.4000000000         1.3352870017         1.7325766011        -0.0226056902
        0.5550571000         2.4000000000         1.3429439823         1.7325766011         0.1768562824
        0.5600041000         2.4000000000         1.3352870017         1.7274728461        -0.0226056902
        0.5650028000         2.4000000000         1.3352870017         1.7300247236        -0.0226056902
        0.5700039000         2.4000000000         1.3301823480         1.7223690912        -0.1555803387
        0.5750025000         2.4000000000         1.3301823480         1.7223690912        -0.1555803387
        0.5800033000         2.4000000000         1.3327346748         1.7300247236        -0.0890930145
        0.5850025000         2.4000000000         1.3454963091         1.7402322334         0.2433436067
        0.5900064000         2.4000000000         1.3352870017         1.7300247236        -0.0226056902
        0.5950042000         2.4000000000         1.3276300211         1.7325766011        -0.2220676629
        0.6000027000         2.4000000000         1.3378393285         1.7325766011         0.0438816340
        0.6050017000         2.4000000000         1.3327346748         1.7300247236        -0.0890930145
        0.6100031000         2.4000000000         1.3352870017         1.7300247236        -0.0226056902
        0.6150032000         2.4000000000         1.3301823480         1.7274728461        -0.1555803387
        0.6200030000         2.4000000000         1.3352870017         1.7325766011        -0.0226056902
        0.6250038000         2.4000000000         1.3403916554         1.7376803560         0.1103689582
        0.6300026000         2.4000000000         1.3429439823         1.7351284785         0.1768562824
        0.6350016000         2.4000000000         1.3352870017         1.7325766011        -0.0226056902
        0.6400033000         2.4000000000         1.3352870017         1.7325766011        -0.0226056902
        0.6450048000         2.4000000000         1.3403916554         1.7376803560         0.1103689582
        0.6500038000         2.4000000000         1.3327346748         1.7300247236        -0.0890930145
        0.6550022000         2.4000000000         1.3352870017         1.7325766011        -0.0226056902
        0.6600036000         2.4000000000         1.3352870017         1.7300247236        -0.0226056902
        0.6650022000         2.4000000000         1.3378393285         1.7325766011         0.0438816340
        0.6700028000         2.4000000000         1.3454963091         1.7376803560         0.2433436067
        0.6750020000         2.4000000000         1.3403916554         1.7376803560         0.1103689582
        0.6800046000         2.4000000000         1.3403916554         1.7376803560         0.1103689582
        0.6850026000         2.4000000000         1.3352870017         1.7300247236        -0.0226056902
        0.6900024000         2.4000000000         1.3301823480         1.7274728461        -0.1555803387
        0.6950020000         2.4000000000         1.3352870017         1.7300247236        -0.0226056902
        0.7000037000         2.4000000000         1.3429439823         1.7376803560         0.1768562824
        0.7050024000         2.4000000000         1.3403916554         1.7376803560         0.1103689582
        0.7100025000         2.4000000000         1.3352870017         1.7300247236        -0.0226056902
        0.7150015000         2.4000000000         1.3429439823         1.7402322334         0.1768562824
        0.7200029000         2.4000000000         1.3301823480         1.7274728461        -0.1555803387
        0.7250022000         2.4000000000         1.3403916554         1.7376803560         0.1103689582
        0.7300057000         2.4000000000         1.3378393285         1.7325766011         0.0438816340
        0.7350036000         2.4000000000         1.3352870017         1.7300247236        -0.0226056902
        0.7400039000         2.4000000000         1.3199730405         1.7274728461        -0.4215296356
        0.7450029000         2.4000000000         1.3276300211         1.7300247236        -0.2220676629
        0.7500027000         2.4000000000         1.3352870017         1.7274728461        -0.0226056902
        0.7550040000         2.4000000000         1.3352870017         1.7325766011        -0.0226056902
        0.7600024000         2.4000000000         1.3429439823         1.7402322334         0.1768562824
        0.7650035000         2.4000000000         1.3352870017         1.7325766011        -0.0226056902
        0.7700034000         2.4000000000         1.3301823480         1.7274728461        -0.1555803387
        0.7750028000         2.4000000000         1.3276300211         1.7274728461        -0.2220676629
        0.7800015000         2.4000000000         1.3352870017         1.7325766011        -0.0226056902
        0.7850055000         2.4000000000         1.3403916554         1.7351284785         0.1103689582
        0.7900052000         2.4000000000         1.3352870017         1.7300247236        -0.0226056902
        0.7950046000         2.4000000000         1.3352870017         1.7325766011        -0.0226056902
        0.8000041000         2.4000000000         1.3301823480         1.7274728461        -0.1555803387
        0.8050031000         2.4000000000         1.3301823480         1.7249209687        -0.1555803387
        0.8100026000         2.4000000000         1.3378393285         1.7300247236         0.0438816340
        0.8150018000         2.4000000000         1.3352870017         1.7376803560        -0.0226056902
        0.8200978000         2.4000000000         1.3301823480         1.7249209687        -0.1555803387
        0.8250027000         2.4000000000         1.3429439823         1.7376803560         0.1768562824
        0.8300036000         2.4000000000         1.3352870017         1.7300247236        -0.0226056902
        0.8350029000         2.4000000000         1.3276300211         1.7249209687        -0.2220676629
        0.8400013000         2.4000000000         1.3327346748         1.7300247236        -0.0890930145
        0.8450038000         2.4000000000         1.3352870017         1.7325766011        -0.0226056902
        0.8500032000         2.4000000000         1.3352870017         1.7325766011        -0.0226056902
        0.8550032000         2.4000000000         1.3429439823         1.7376803560         0.1768562824
        0.8600036000         2.4000000000         1.3429439823         1.7402322334         0.1768562824
        0.8650042000         2.4000000000         1.3378393285         1.7300247236         0.0438816340
        0.8700038000         2.4000000000         1.3276300211         1.7249209687        -0.2220676629
        0.8750026000         2.4000000000         1.3301823480         1.7274728461        -0.1555803387
        0.8800017000         2.4000000000         1.3276300211         1.7274728461        -0.2220676629
        0.8850032000         2.4000000000         1.3403916554         1.7402322334         0.1103689582
        0.8900051000         2.4000000000         1.3429439823         1.7376803560         0.1768562824
        0.8950032000         2.4000000000         1.3276300211         1.7300247236        -0.2220676629
        0.9000047000         2.4000000000         1.3403916554         1.7351284785         0.1103689582
        0.9050027000         2.4000000000         1.3352870017         1.7325766011        -0.0226056902
        0.9100047000         2.4000000000         1.3352870017         1.7325766011        -0.0226056902
        0.9150041000         2.4000000000         1.3352870017         1.7325766011        -0.0226056902
        0.9200044000         2.4000000000         1.3429439823         1.7300247236         0.1768562824
        0.9250046000         2.4000000000         1.3276300211         1.7274728461        -0.2220676629
        0.9300049000         2.4000000000         1.3301823480         1.7274728461        -0.1555803387
        0.9350042000         2.4000000000         1.3378393285         1.7300247236         0.0438816340
        0.9400046000         2.4000000000         1.3403916554         1.7376803560         0.1103689582
        0.9450050000         2.4000000000         1.3352870017         1.7300247236        -0.0226056902
        0.9500046000         2.4000000000         1.3378393285         1.7325766011         0.0438816340
        0.9550034000         2.4000000000         1.3352870017         1.7300247236        -0.0226056902
        0.9600016000         2.4000000000         1.3301823480         1.7274728461        -0.1555803387
        0.9650035000         2.4000000000         1.3352870017         1.7325766011        -0.0226056902
        0.9700034000         2.4000000000         1.3352870017         1.7325766011        -0.0226056902
        0.9750026000         2.4000000000         1.3301823480         1.7249209687        -0.1555803387
        0.9800015000         2.4000000000         1.3301823480         1.7274728461        -0.1555803387
        0.9850046000         2.4000000000         1.3378393285         1.7300247236         0.0438816340
        0.9900028000         2.4000000000         1.3429439823         1.7376803560         0.1768562824
        0.9950029000         2.4000000000         1.3429439823         1.7325766011         0.1768562824
        1.0000024000         2.4000000000         1.3352870017         1.7274728461        -0.0226056902
        1.0050029000         2.4000000000         1.3327346748         1.7274728461        -0.0890930145
        1.0100023000         2.4000000000         1.3276300211         1.7274728461        -0.2220676629
        1.0150031000         2.4000000000         1.3301823480         1.7274728461        -0.1555803387
        1.0200029000         2.4000000000         1.3403916554         1.7376803560         0.1103689582
        1.0251771000         2.4000000000         1.3352870017         1.7300247236        -0.0226056902
        1.0300024000         2.4000000000         1.3352870017         1.7300247236        -0.0226056902
        1.0350029000         2.4000000000         1.3301823480         1.7249209687        -0.1555803387
        1.0400092000         2.4000000000         1.3352870017         1.7300247236        -0.0226056902
        1.0450069000         2.4000000000         1.3352870017         1.7300247236        -0.0226056902
        1.0500040000         2.4000000000         1.3352870017         1.7325766011        -0.0226056902
        1.0550064000         2.4000000000         1.3301823480         1.7249209687        -0.1555803387
        1.0600047000         2.4000000000         1.3352870017         1.7325766011        -0.0226056902
        1.0650026000         2.4000000000         1.3352870017         1.7300247236        -0.0226056902
        1.0700036000         2.4000000000         1.3352870017         1.7325766011        -0.0226056902
        1.0750025000         2.4000000000         1.3301823480         1.7249209687        -0.1555803387
        1.0800045000         2.4000000000         1.3429439823         1.7300247236         0.1768562824
        1.0850029000         2.4000000000         1.3352870017         1.7325766011        -0.0226056902
        1.0900035000         2.4000000000         1.3429439823         1.7376803560         0.1768562824
        1.0950028000         2.4000000000         1.3506009628         1.7376803560         0.3763182551
        1.1000028000         2.4000000000         1.3301823480         1.7249209687        -0.1555803387
        1.1050018000         2.4000000000         1.3301823480         1.7274728461        -0.1555803387
        1.1100033000         2.4000000000         1.3352870017         1.7300247236        -0.0226056902
        1.1150041000         2.4000000000         1.3403916554         1.7376803560         0.1103689582
        1.1200046000         2.4000000000         1.3403916554         1.7325766011         0.1103689582
        1.1250043000         2.4000000000         1.3301823480         1.7274728461        -0.1555803387
        1.1300026000         2.4000000000         1.3301823480         1.7249209687        -0.1555803387
        1.1350023000         2.4000000000         1.3301823480         1.7274728461        -0.1555803387
        1.1400047000         2.4000000000         1.3352870017         1.7300247236        -0.0226056902
        1.1450045000         2.4000000000         1.3352870017         1.7325766011        -0.0226056902
        1.1500037000         2.4000000000         1.3429439823         1.7402322334         0.1768562824
        1.1550035000         2.4000000000         1.3403916554         1.7376803560         0.1103689582
        1.1600072000         2.4000000000         1.3378393285         1.7249209687         0.0438816340
        1.1650049000         2.4000000000         1.3429439823         1.7376803560         0.1768562824
        1.1700050000         2.4000000000         1.3301823480         1.7249209687        -0.1555803387
        1.1750042000         2.4000000000         1.3352870017         1.7300247236        -0.0226056902
        1.1800038000         2.4000000000         1.3352870017         1.7325766011        -0.0226056902
        1.1850030000         2.4000000000         1.3352870017         1.7300247236        -0.0226056902
        1.1900027000         2.4000000000         1.3429439823         1.7376803560         0.1768562824
        1.1950021000         2.4000000000         1.3403916554         1.7376803560         0.1103689582
        1.2000233000         2.4000000000         1.3327346748         1.7274728461        -0.0890930145
        1.2050029000         2.4000000000         1.3352870017         1.7300247236        -0.0226056902
        1.2100032000         2.4000000000         1.3352870017         1.7325766011        -0.0226056902
        1.2150040000         2.4000000000         1.3352870017         1.7325766011        -0.0226056902
        1.2200074000         2.4000000000         1.3250776943         1.7249209687        -0.2885549871
        1.2250029000         2.4000000000         1.3301823480         1.7249209687        -0.1555803387
        1.2300031000         2.4000000000         1.3352870017         1.7300247236        -0.0226056902
        1.2350031000         2.4000000000         1.3403916554         1.7325766011         0.1103689582
        1.2400072000         2.4000000000         1.3352870017         1.7300247236        -0.0226056902
        1.2450036000         2.4000000000         1.3403916554         1.7351284785         0.1103689582
        1.2509388000         2.4000000000         1.3378393285         1.7300247236         0.0438816340
        1.2550049000         2.4000000000         1.3429439823         1.7376803560         0.1768562824
        1.2600036000         2.4000000000         1.3403916554         1.7402322334         0.1103689582
        1.2650028000         2.4000000000         1.3352870017         1.7325766011        -0.0226056902
        1.2700193000         2.4000000000         1.3327346748         1.7274728461        -0.0890930145
        1.2750075000         2.4000000000         1.3429439823         1.7376803560         0.1768562824
        1.2800050000         2.4000000000         1.3276300211         1.7249209687        -0.2220676629
        1.2850032000         2.4000000000         1.3352870017         1.7300247236        -0.0226056902
        1.2900041000         2.4000000000         1.3301823480         1.7274728461        -0.1555803387
        1.2950082000         2.4000000000         1.3352870017         1.7325766011        -0.0226056902
        1.3000051000         2.4000000000         1.3429439823         1.7376803560         0.1768562824
        1.3050031000         2.4000000000         1.3301823480         1.7274728461        -0.1555803387
        1.3100053000         2.4000000000         1.3403916554         1.7376803560         0.1103689582
        1.3150050000         2.4000000000         1.3429439823         1.7351284785         0.1768562824
        1.3200039000         2.4000000000         1.3403916554         1.7376803560         0.1103689582
        1.3250028000         2.4000000000         1.3301823480         1.7300247236        -0.1555803387
        1.3300038000         2.4000000000         1.3352870017         1.7274728461        -0.0226056902
        1.3350027000         2.4000000000         1.3352870017         1.7325766011        -0.0226056902
        1.3400030000         2.4000000000         1.3352870017         1.7300247236        -0.0226056902
        1.3450021000         2.4000000000         1.3352870017         1.7249209687        -0.0226056902
        1.3500039000         2.4000000000         1.3429439823         1.7402322334         0.1768562824
        1.3550027000         2.4000000000         1.3429439823         1.7376803560         0.1768562824
        1.3600024000         2.4000000000         1.3429439823         1.7376803560         0.1768562824
        1.3650015000         2.4000000000         1.3352870017         1.7325766011        -0.0226056902
        1.3700012000         2.4000000000         1.3301823480         1.7249209687        -0.1555803387
        1.3750033000         2.4000000000         1.3301823480         1.7249209687        -0.1555803387
        1.3800021000         2.4000000000         1.3352870017         1.7325766011        -0.0226056902
        1.3850038000         2.4000000000         1.3352870017         1.7300247236        -0.0226056902
        1.3900024000         2.4000000000         1.3301823480         1.7274728461        -0.1555803387
        1.3950058000         2.4000000000         1.3403916554         1.7300247236         0.1103689582
        1.4000045000         2.4000000000         1.3301823480         1.7300247236        -0.1555803387
        1.4050039000         2.4000000000         1.3301823480         1.7274728461        -0.1555803387
        1.4100026000         2.4000000000         1.3378393285         1.7300247236         0.0438816340
        1.4150039000         2.4000000000         1.3352870017         1.7325766011        -0.0226056902
        1.4200049000         2.4000000000         1.3352870017         1.7300247236        -0.0226056902
        1.4250033000         2.4000000000         1.3454963091         1.7325766011         0.2433436067
        1.4300020000         2.4000000000         1.3352870017         1.7300247236        -0.0226056902
        1.4350030000         2.4000000000         1.3301823480         1.7274728461        -0.1555803387
        1.4400015000         2.4000000000         1.3301823480         1.7274728461        -0.1555803387
        1.4450022000         2.4000000000         1.3352870017         1.7300247236        -0.0226056902
        1.4500030000         2.4000000000         1.3352870017         1.7325766011        -0.0226056902
        1.4550048000         2.4000000000         1.3301823480         1.7274728461        -0.1555803387
        1.4600047000         2.4000000000         1.3301823480         1.7274728461        -0.1555803387
        1.4650298000         2.4000000000         1.3352870017         1.7300247236        -0.0226056902
        1.4700043000         2.4000000000         1.3378393285         1.7300247236         0.0438816340
        1.4750046000         2.4000000000         1.3378393285         1.7325766011         0.0438816340
        1.4800033000         2.4000000000         1.3429439823         1.7351284785         0.1768562824
        1.4850046000         2.4000000000         1.3429439823         1.7376803560         0.1768562824
        1.4900030000         2.4000000000         1.3301823480         1.7249209687        -0.1555803387
        1.4950046000         2.4000000000         1.3378393285         1.7325766011         0.0438816340
        1.5000051000         2.4000000000         1.3352870017         1.7325766011        -0.0226056902
        1.5050044000         2.4000000000         1.3403916554         1.7402322334         0.1103689582
        1.5100038000         2.4000000000         1.3276300211         1.7274728461        -0.2220676629
        1.5150051000         2.4000000000         1.3301823480         1.7274728461        -0.1555803387
        1.5200047000         2.4000000000         1.3352870017         1.7300247236        -0.0226056902
        1.5250043000         2.4000000000         1.3378393285         1.7325766011         0.0438816340
        1.5300076000         2.4000000000         1.3352870017         1.7300247236        -0.0226056902
        1.5350084000         2.4000000000         1.3352870017         1.7325766011        -0.0226056902
        1.5400036000         2.4000000000         1.3352870017         1.7300247236        -0.0226056902
        1.5450041000         2.4000000000         1.3327346748         1.7274728461        -0.0890930145
        1.5500052000         2.4000000000         1.3429439823         1.7427841109         0.1768562824
        1.5551724000         2.4000000000         1.3352870017         1.7274728461        -0.0226056902
        1.5600063000         2.4000000000         1.3301823480         1.7274728461        -0.1555803387
        1.5650072000         2.4000000000         1.3352870017         1.7300247236        -0.0226056902
        1.5700051000         2.4000000000         1.3327346748         1.7249209687        -0.0890930145
        1.5750026000         2.4000000000         1.3378393285         1.7274728461         0.0438816340
        1.5800049000         2.4000000000         1.3301823480         1.7274728461        -0.1555803387
        1.5850035000         2.4000000000         1.3378393285         1.7325766011         0.0438816340
        1.5900047000         2.4000000000         1.3429439823         1.7376803560         0.1768562824
        1.5950029000         2.4000000000         1.3429439823         1.7376803560         0.1768562824
        1.6000046000         2.4000000000         1.3352870017         1.7300247236        -0.0226056902
        1.6050035000         2.4000000000         1.3276300211         1.7274728461        -0.2220676629
        1.6100048000         2.4000000000         1.3378393285         1.7300247236         0.0438816340
        1.6150055000         2.4000000000         1.3327346748         1.7249209687        -0.0890930145
        1.6200052000         2.4000000000         1.3327346748         1.7325766011        -0.0890930145
        1.6250050000         2.4000000000         1.3352870017         1.7325766011        -0.0226056902
        1.6300047000         2.4000000000         1.3301823480         1.7249209687        -0.1555803387
        1.6352639000         2.4000000000         1.3403916554         1.7376803560         0.1103689582
        1.6400059000         2.4000000000         1.3301823480         1.7249209687        -0.1555803387
        1.6450052000         2.4000000000         1.3403916554         1.7325766011         0.1103689582
        1.6500046000         2.4000000000         1.3301823480         1.7249209687        -0.1555803387
        1.6551228000         2.4000000000         1.3352870017         1.7351284785        -0.0226056902
        1.6600052000         2.4000000000         1.3378393285         1.7325766011         0.0438816340
        1.6650048000         2.4000000000         1.3301823480         1.7274728461        -0.1555803387
        1.6700042000         2.4000000000         1.3429439823         1.7376803560         0.1768562824
        1.6750050000         2.4000000000         1.3429439823         1.7351284785         0.1768562824
        1.6800028000         2.4000000000         1.3352870017         1.7325766011        -0.0226056902
        1.6850048000         2.4000000000         1.3352870017         1.7300247236        -0.0226056902
        1.6900025000         2.4000000000         1.3301823480         1.7274728461        -0.1555803387
        1.6950048000         2.4000000000         1.3352870017         1.7325766011        -0.0226056902
        1.7000057000         2.4000000000         1.3301823480         1.7223690912        -0.1555803387
        1.7050072000         2.4000000000         1.3352870017         1.7325766011        -0.0226056902
        1.7100055000         2.4000000000         1.3301823480         1.7249209687        -0.1555803387
        1.7150054000         2.4000000000         1.3378393285         1.7274728461         0.0438816340
        1.7200028000         2.4000000000         1.3378393285         1.7274728461         0.0438816340
        1.7250052000         2.4000000000         1.3378393285         1.7325766011         0.0438816340
        1.7300053000         2.4000000000         1.3301823480         1.7274728461        -0.1555803387
        1.7350066000         2.4000000000         1.3301823480         1.7249209687        -0.1555803387
        1.7400064000         2.4000000000         1.3327346748         1.7249209687        -0.0890930145
        1.7450057000         2.4000000000         1.3403916554         1.7376803560         0.1103689582
        1.7500059000         2.4000000000         1.3276300211         1.7249209687        -0.2220676629
        1.7550062000         2.4000000000         1.3352870017         1.7300247236        -0.0226056902
        1.7600034000         2.4000000000         1.3301823480         1.7249209687        -0.1555803387
        1.7650058000         2.4000000000         1.3352870017         1.7325766011        -0.0226056902
        1.7700058000         2.4000000000         1.3352870017         1.7325766011        -0.0226056902
        1.7750059000         2.4000000000         1.3352870017         1.7325766011        -0.0226056902
        1.7800033000         2.4000000000         1.3352870017         1.7300247236        -0.0226056902
        1.7850045000         2.4000000000         1.3403916554         1.7325766011         0.1103689582
        1.7900053000         2.4000000000         1.3506009628         1.7402322334         0.3763182551
        1.7950049000         2.4000000000         1.3429439823         1.7376803560         0.1768562824
        1.8000039000         2.4000000000         1.3378393285         1.7325766011         0.0438816340
        1.8050033000         2.4000000000         1.3276300211         1.7274728461        -0.2220676629
        1.8100025000         2.4000000000         1.3352870017         1.7300247236        -0.0226056902
        1.8150023000         2.4000000000         1.3378393285         1.7300247236         0.0438816340
        1.8200046000         2.4000000000         1.3352870017         1.7300247236        -0.0226056902
        1.8250020000         2.4000000000         1.3352870017         1.7300247236        -0.0226056902
        1.8300037000         2.4000000000         1.3429439823         1.7376803560         0.1768562824
        1.8350039000         2.4000000000         1.3352870017         1.7325766011        -0.0226056902
        1.8400049000         2.4000000000         1.3429439823         1.7402322334         0.1768562824
        1.8450039000         2.4000000000         1.3378393285         1.7325766011         0.0438816340
        1.8500027000         2.4000000000         1.3378393285         1.7325766011         0.0438816340
        1.8550018000         2.4000000000         1.3352870017         1.7325766011        -0.0226056902
        1.8600037000         2.4000000000         1.3429439823         1.7325766011         0.1768562824
        1.8650027000         2.4000000000         1.3352870017         1.7325766011        -0.0226056902
        1.8700029000         2.4000000000         1.3352870017         1.7325766011        -0.0226056902
        1.8750026000         2.4000000000         1.3378393285         1.7300247236         0.0438816340
        1.8800032000         2.4000000000         1.3378393285         1.7300247236         0.0438816340
        1.8850040000         2.4000000000         1.3403916554         1.7325766011         0.1103689582
        1.8900025000         2.4000000000         1.3429439823         1.7325766011         0.1768562824
        1.8950021000         2.4000000000         1.3378393285         1.7300247236         0.0438816340
        1.9001843000         2.4000000000         1.3429439823         1.7402322334         0.1768562824
        1.9050049000         2.4000000000         1.3429439823         1.7376803560         0.1768562824
        1.9100046000         2.4000000000         1.3429439823         1.7376803560         0.1768562824
        1.9150050000         2.4000000000         1.3352870017         1.7300247236        -0.0226056902
        1.9201712000         2.4000000000         1.3301823480         1.7249209687        -0.1555803387
        1.9250033000         2.4000000000         1.3352870017         1.7300247236        -0.0226056902
        1.9300018000         2.4000000000         1.3454963091         1.7376803560         0.2433436067
        1.9350029000         2.4000000000         1.3352870017         1.7300247236        -0.0226056902
        1.9400015000         2.4000000000         1.3403916554         1.7402322334         0.1103689582
        1.9450051000         2.4000000000         1.3301823480         1.7198172138        -0.1555803387
        1.9500035000         2.4000000000         1.3301823480         1.7274728461        -0.1555803387
        1.9550042000         2.4000000000         1.3378393285         1.7249209687         0.0438816340
        1.9600047000         2.4000000000         1.3327346748         1.7274728461        -0.0890930145
        1.9650027000         2.4000000000         1.3352870017         1.7300247236        -0.0226056902
        1.9700044000         2.4000000000         1.3403916554         1.7402322334         0.1103689582
        1.9750045000         2.4000000000         1.3352870017         1.7300247236        -0.0226056902
        1.9800059000         2.4000000000         1.3352870017         1.7325766011        -0.0226056902
        1.9850035000         2.4000000000         1.3352870017         1.7300247236        -0.0226056902
        1.9900048000         2.4000000000         1.3301823480         1.7274728461        -0.1555803387
        1.9950026000         2.4000000000         1.3352870017         1.7325766011        -0.0226056902
        2.0000048000         2.4000000000         1.3429439823         1.7402322334         0.1768562824
        2.0050041000         2.4000000000         1.3403916554         1.7376803560         0.1103689582
        2.0100047000         2.4000000000         1.3352870017         1.7351284785        -0.0226056902
        2.0150057000         2.4000000000         1.3301823480         1.7249209687        -0.1555803387
        2.0200045000         2.4000000000         1.3352870017         1.7325766011        -0.0226056902
        2.0250029000         2.4000000000         1.3301823480         1.7274728461        -0.1555803387
        2.0300048000         2.4000000000         1.3429439823         1.7300247236         0.1768562824
        2.0350038000         2.4000000000         1.3352870017         1.7249209687        -0.0226056902
        2.0400048000         2.4000000000         1.3352870017         1.7351284785        -0.0226056902
        2.0450028000         2.4000000000         1.3327346748         1.7249209687        -0.0890930145
        2.0500047000         2.4000000000         1.3301823480         1.7274728461        -0.1555803387
        2.0550062000         2.4000000000         1.3352870017         1.7325766011        -0.0226056902
        2.0600026000         2.4000000000         1.3352870017         1.7351284785        -0.0226056902
        2.0650091000         2.4000000000         1.3403916554         1.7376803560         0.1103689582
        2.0700107000         2.4000000000         1.3429439823         1.7376803560         0.1768562824
        2.0750077000         2.4000000000         1.3327346748         1.7325766011        -0.0890930145
        2.0800054000         2.4000000000         1.3352870017         1.7325766011        -0.0226056902
        2.0850043000         2.4000000000         1.3378393285         1.7300247236         0.0438816340
        2.0900032000         2.4000000000         1.3429439823         1.7376803560         0.1768562824
        2.0950038000         2.4000000000         1.3301823480         1.7223690912        -0.1555803387
        2.1000029000         2.4000000000         1.3429439823         1.7402322334         0.1768562824
        2.1050044000         2.4000000000         1.3352870017         1.7325766011        -0.0226056902
        2.1100048000         2.4000000000         1.3429439823         1.7325766011         0.1768562824
        2.1150033000         2.4000000000         1.3403916554         1.7325766011         0.1103689582
        2.1200021000         2.4000000000         1.3378393285         1.7300247236         0.0438816340
        2.1250029000         2.4000000000         1.3378393285         1.7325766011         0.0438816340
        2.1300021000         2.4000000000         1.3429439823         1.7402322334         0.1768562824
        2.1350049000         2.4000000000         1.3301823480         1.7274728461        -0.1555803387
        2.1400080000         2.4000000000         1.3352870017         1.7300247236        -0.0226056902
        2.1450032000         2.4000000000         1.3378393285         1.7300247236         0.0438816340
        2.1500046000         2.4000000000         1.3429439823         1.7376803560         0.1768562824
        2.1550040000         2.4000000000         1.3429439823         1.7402322334         0.1768562824
        2.1600035000         2.4000000000         1.3429439823         1.7376803560         0.1768562824
        2.1650033000         2.4000000000         1.3429439823         1.7376803560         0.1768562824
        2.1700029000         2.4000000000         1.3378393285         1.7325766011         0.0438816340
        2.1750647000         2.4000000000         1.3327346748         1.7325766011        -0.0890930145
        2.1800035000         2.4000000000         1.3378393285         1.7300247236         0.0438816340
        2.1850014000         2.4000000000         1.3403916554         1.7402322334         0.1103689582
        2.1900038000         2.4000000000         1.3276300211         1.7249209687        -0.2220676629
        2.1950018000         2.4000000000         1.3429439823         1.7376803560         0.1768562824
        2.2000030000         2.4000000000         1.3352870017         1.7300247236        -0.0226056902
        2.2050033000         2.4000000000         1.3429439823         1.7325766011         0.1768562824
        2.2100025000         2.4000000000         1.3352870017         1.7274728461        -0.0226056902
        2.2150020000         2.4000000000         1.3352870017         1.7300247236        -0.0226056902
        2.2200091000         2.4000000000         1.3352870017         1.7300247236        -0.0226056902
        2.2252702000         2.4000000000         1.3352870017         1.7300247236        -0.0226056902
        2.2300041000         2.4000000000         1.3352870017         1.7300247236        -0.0226056902
        2.2350037000         2.4000000000         1.3352870017         1.7300247236        -0.0226056902
        2.2400136000         2.4000000000         1.3429439823         1.7376803560         0.1768562824
        2.2450018000         2.4000000000         1.3250776943         1.7249209687        -0.2885549871
        2.2500024000         2.4000000000         1.3301823480         1.7274728461        -0.1555803387
        2.2550044000         2.4000000000         1.3403916554         1.7376803560         0.1103689582
        2.2600029000         2.4000000000         1.3429439823         1.7351284785         0.1768562824
        2.2650014000         2.4000000000         1.3429439823         1.7402322334         0.1768562824
        2.2700034000         2.4000000000         1.3301823480         1.7249209687        -0.1555803387
        2.2750026000         2.4000000000         1.3250776943         1.7376803560        -0.2885549871
        2.2800043000         2.4000000000         1.3352870017         1.7325766011        -0.0226056902
        2.2850048000         2.4000000000         1.3352870017         1.7300247236        -0.0226056902
        2.2900045000         2.4000000000         1.3378393285         1.7325766011         0.0438816340
        2.2950028000         2.4000000000         1.3352870017         1.7351284785        -0.0226056902
        2.3000025000         2.4000000000         1.3352870017         1.7300247236        -0.0226056902
        2.3050023000         2.4000000000         1.3352870017         1.7300247236        -0.0226056902
        2.3100028000         2.4000000000         1.3301823480         1.7274728461        -0.1555803387
        2.3150015000         2.4000000000         1.3301823480         1.7249209687        -0.1555803387
        2.3200033000         2.4000000000         1.3378393285         1.7300247236         0.0438816340
        2.3250029000         2.4000000000         1.3378393285         1.7325766011         0.0438816340
        2.3300061000         2.4000000000         1.3301823480         1.7249209687        -0.1555803387
        2.3350042000         2.4000000000         1.3352870017         1.7300247236        -0.0226056902
        2.3400038000         2.4000000000         1.3352870017         1.7300247236        -0.0226056902
        2.3450025000         2.4000000000         1.3174207137         1.7249209687        -0.4880169598
        2.3500050000         2.4000000000         1.3403916554         1.7376803560         0.1103689582
        2.3550039000         2.4000000000         1.3454963091         1.7325766011         0.2433436067
        2.3600034000         2.4000000000         1.3250776943         1.7300247236        -0.2885549871
        2.3650027000         2.4000000000         1.3327346748         1.7274728461        -0.0890930145
        2.3700052000         2.4000000000         1.3352870017         1.7325766011        -0.0226056902
        2.3750034000         2.4000000000         1.3352870017         1.7300247236        -0.0226056902
        2.3800047000         2.4000000000         1.3403916554         1.7376803560         0.1103689582
        2.3850053000         2.4000000000         1.3352870017         1.7300247236        -0.0226056902
        2.3900044000         2.4000000000         1.3276300211         1.7274728461        -0.2220676629
        2.3950035000         2.4000000000         1.3301823480         1.7274728461        -0.1555803387
        2.4000037000         2.4000000000         1.3429439823         1.7351284785         0.1768562824
        2.4050031000         2.4000000000         1.3352870017         1.7300247236        -0.0226056902
        2.4100028000         2.4000000000         1.3429439823         1.7376803560         0.1768562824
        2.4150021000         2.4000000000         1.3429439823         1.7376803560         0.1768562824
        2.4200027000         2.4000000000         1.3301823480         1.7274728461        -0.1555803387
        2.4250021000         2.4000000000         1.3352870017         1.7274728461        -0.0226056902
        2.4300021000         2.4000000000         1.3301823480         1.7223690912        -0.1555803387
        2.4350019000         2.4000000000         1.3352870017         1.7325766011        -0.0226056902
        2.4401148000         2.4000000000         1.3276300211         1.7249209687        -0.2220676629
        2.4450060000         2.4000000000         1.3352870017         1.7325766011        -0.0226056902
        2.4500081000         2.4000000000         1.3276300211         1.7274728461        -0.2220676629
        2.4550041000         2.4000000000         1.3403916554         1.7376803560         0.1103689582
        2.4600058000         2.4000000000         1.3352870017         1.7325766011        -0.0226056902
        2.4650057000         2.4000000000         1.3276300211         1.7274728461        -0.2220676629
        2.4700063000         2.4000000000         1.3403916554         1.7325766011         0.1103689582
        2.4750048000         2.4000000000         1.3378393285         1.7300247236         0.0438816340
        2.4800055000         2.4000000000         1.3352870017         1.7300247236        -0.0226056902
        2.4850028000         2.4000000000         1.3378393285         1.7325766011         0.0438816340
        2.4900015000         2.4000000000         1.3378393285         1.7300247236         0.0438816340
        2.4950040000         2.4000000000         1.3378393285         1.7300247236         0.0438816340
        2.5000027000         2.4000000000         1.3429439823         1.7300247236         0.1768562824
        2.5050028000         2.4000000000         1.3352870017         1.7300247236        -0.0226056902
        2.5100016000         2.4000000000         1.3403916554         1.7376803560         0.1103689582
        2.5150017000         2.4000000000         1.3352870017         1.7325766011        -0.0226056902
        2.5201111000         2.4000000000         1.3327346748         1.7249209687        -0.0890930145
        2.5250045000         2.4000000000         1.3429439823         1.7402322334         0.1768562824
        2.5300015000         2.4000000000         1.3403916554         1.7376803560         0.1103689582
        2.5350041000         2.4000000000         1.3327346748         1.7300247236        -0.0890930145
        2.5400018000         2.4000000000         1.3352870017         1.7325766011        -0.0226056902
        2.5450030000         2.4000000000         1.3429439823         1.7376803560         0.1768562824
        2.5500018000         2.4000000000         1.3301823480         1.7274728461        -0.1555803387
        2.5550052000         2.4000000000         1.3327346748         1.7249209687        -0.0890930145
        2.5600026000         2.4000000000         1.3454963091         1.7402322334         0.2433436067
        2.5650024000         2.4000000000         1.3327346748         1.7249209687        -0.0890930145
        2.5700032000         2.4000000000         1.3454963091         1.7376803560         0.2433436067
        2.5750051000         2.4000000000         1.3378393285         1.7325766011         0.0438816340
        2.5800175000         2.4000000000         1.3301823480         1.7274728461        -0.1555803387
        2.5850044000         2.4000000000         1.3429439823         1.7376803560         0.1768562824
        2.5900025000         2.4000000000         1.3276300211         1.7249209687        -0.2220676629
        2.5950015000         2.4000000000         1.3378393285         1.7325766011         0.0438816340
        2.6000040000         2.4000000000         1.3301823480         1.7274728461        -0.1555803387
        2.6050031000         2.4000000000         1.3352870017         1.7300247236        -0.0226056902
        2.6100406000         2.4000000000         1.3352870017         1.7300247236        -0.0226056902
        2.6150055000         2.4000000000         1.3352870017         1.7376803560        -0.0226056902
        2.6200026000         2.4000000000         1.3352870017         1.7300247236        -0.0226056902
        2.6250027000         2.4000000000         1.3352870017         1.7300247236        -0.0226056902
        2.6300022000         2.4000000000         1.3429439823         1.7402322334         0.1768562824
        2.6350077000         2.4000000000         1.3429439823         1.7376803560         0.1768562824
        2.6400054000         2.4000000000         1.3403916554         1.7325766011         0.1103689582
        2.6450032000         2.4000000000         1.3429439823         1.7300247236         0.1768562824
        2.6500045000         2.4000000000         1.3352870017         1.7325766011        -0.0226056902
        2.6550033000         2.4000000000         1.3352870017         1.7300247236        -0.0226056902
        2.6600022000         2.4000000000         1.3352870017         1.7300247236        -0.0226056902
        2.6650038000         2.4000000000         1.3352870017         1.7325766011        -0.0226056902
        2.6700028000         2.4000000000         1.3301823480         1.7274728461        -0.1555803387
        2.6750049000         2.4000000000         1.3327346748         1.7274728461        -0.0890930145
        2.6800036000         2.4000000000         1.3352870017         1.7300247236        -0.0226056902
        2.6850031000         2.4000000000         1.3429439823         1.7402322334         0.1768562824
        2.6900022000         2.4000000000         1.3429439823         1.7351284785         0.1768562824
        2.6950025000         2.4000000000         1.3454963091         1.7376803560         0.2433436067
        2.7000019000         2.4000000000         1.3352870017         1.7325766011        -0.0226056902
        2.7050032000         2.4000000000         1.3378393285         1.7325766011         0.0438816340
        2.7100025000         2.4000000000         1.3403916554         1.7376803560         0.1103689582
        2.7150065000         2.4000000000         1.3276300211         1.7274728461        -0.2220676629
        2.7200040000         2.4000000000         1.3429439823         1.7325766011         0.1768562824
        2.7250050000         2.4000000000         1.3250776943         1.7325766011        -0.2885549871
        2.7300032000         2.4000000000         1.3429439823         1.7376803560         0.1768562824
        2.7350028000         2.4000000000         1.3352870017         1.7325766011        -0.0226056902
        2.7400015000         2.4000000000         1.3352870017         1.7249209687        -0.0226056902
        2.7450050000         2.4000000000         1.3403916554         1.7376803560         0.1103689582
        2.7500027000         2.4000000000         1.3429439823         1.7376803560         0.1768562824
        2.7550027000         2.4000000000         1.3429439823         1.7376803560         0.1768562824
        2.7600015000         2.4000000000         1.3352870017         1.7300247236        -0.0226056902
        2.7650024000         2.4000000000         1.3378393285         1.7325766011         0.0438816340
        2.7700018000         2.4000000000         1.3352870017         1.7300247236        -0.0226056902
        2.7750030000         2.4000000000         1.3352870017         1.7325766011        -0.0226056902
        2.7800018000         2.4000000000         1.3454963091         1.7376803560         0.2433436067
        2.7850049000         2.4000000000         1.3378393285         1.7325766011         0.0438816340
        2.7900029000         2.4000000000         1.3352870017         1.7300247236        -0.0226056902
        2.7950033000         2.4000000000         1.3352870017         1.7300247236        -0.0226056902
        2.8000048000         2.4000000000         1.3352870017         1.7325766011        -0.0226056902
        2.8050049000         2.4000000000         1.3378393285         1.7325766011         0.0438816340
        2.8100062000         2.4000000000         1.3276300211         1.7274728461        -0.2220676629
        2.8150044000         2.4000000000         1.3301823480         1.7249209687        -0.1555803387
        2.8200056000         2.4000000000         1.3301823480         1.7249209687        -0.1555803387
        2.8250033000         2.4000000000         1.3352870017         1.7325766011        -0.0226056902
        2.8300031000         2.4000000000         1.3301823480         1.7274728461        -0.1555803387
        2.8350072000         2.4000000000         1.3352870017         1.7325766011        -0.0226056902
        2.8400044000         2.4000000000         1.3301823480         1.7249209687        -0.1555803387
        2.8450028000         2.4000000000         1.3352870017         1.7325766011        -0.0226056902
        2.8500033000         2.4000000000         1.3352870017         1.7300247236        -0.0226056902
        2.8550024000         2.4000000000         1.3225253674         1.7249209687        -0.3550423114
        2.8600016000         2.4000000000         1.3352870017         1.7376803560        -0.0226056902
        2.8650024000         2.4000000000         1.3352870017         1.7300247236        -0.0226056902
        2.8700018000         2.4000000000         1.3429439823         1.7351284785         0.1768562824
        2.8750027000         2.4000000000         1.3403916554         1.7402322334         0.1103689582
        2.8800013000         2.4000000000         1.3403916554         1.7300247236         0.1103689582
        2.8850030000         2.4000000000         1.3352870017         1.7300247236        -0.0226056902
        2.8900022000         2.4000000000         1.3378393285         1.7249209687         0.0438816340
        2.8950031000         2.4000000000         1.3429439823         1.7300247236         0.1768562824
        2.9000028000         2.4000000000         1.3352870017         1.7351284785        -0.0226056902
        2.9050038000         2.4000000000         1.3327346748         1.7300247236        -0.0890930145
        2.9100031000         2.4000000000         1.3352870017         1.7300247236        -0.0226056902
        2.9150026000         2.4000000000         1.3378393285         1.7325766011         0.0438816340
        2.9200032000         2.4000000000         1.3276300211         1.7300247236        -0.2220676629
        2.9250026000         2.4000000000         1.3403916554         1.7376803560         0.1103689582
        2.9300022000         2.4000000000         1.3429439823         1.7376803560         0.1768562824
        2.9350711000         2.4000000000         1.3429439823         1.7300247236         0.1768562824
        2.9400030000         2.4000000000         1.3429439823         1.7376803560         0.1768562824
        2.9450080000         2.4000000000         1.3301823480         1.7249209687        -0.1555803387
        2.9500029000         2.4000000000         1.3352870017         1.7300247236        -0.0226056902
        2.9550048000         2.4000000000         1.3301823480         1.7274728461        -0.1555803387
        2.9600029000         2.4000000000         1.3403916554         1.7325766011         0.1103689582
        2.9651645000         2.4000000000         1.3352870017         1.7300247236        -0.0226056902
        2.9700027000         2.4000000000         1.3301823480         1.7249209687        -0.1555803387
        2.9750190000         2.4000000000         1.3429439823         1.7402322334         0.1768562824
        2.9800021000         2.4000000000         1.3301823480         1.7274728461        -0.1555803387
        2.9850014000         2.4000000000         1.3352870017         1.7325766011        -0.0226056902
        2.9900063000         2.4000000000         1.3352870017         1.7300247236        -0.0226056902
        2.9950047000         2.4000000000         1.3352870017         1.7300247236        -0.0226056902
        3.0000035000         2.4000000000         1.3327346748         1.7274728461        -0.0890930145
        3.0050042000         2.4000000000         1.3327346748         1.7300247236        -0.0890930145
        3.0100040000         2.4000000000         1.3352870017         1.7300247236        -0.0226056902
        3.0150033000         2.4000000000         1.3301823480         1.7249209687        -0.1555803387
        3.0200031000         2.4000000000         1.3327346748         1.7249209687        -0.0890930145
        3.0250016000         2.4000000000         1.3429439823         1.7300247236         0.1768562824
        3.0300037000         2.4000000000         1.3378393285         1.7325766011         0.0438816340
        3.0350036000         2.4000000000         1.3301823480         1.7274728461        -0.1555803387
        3.0400050000         2.4000000000         1.3403916554         1.7376803560         0.1103689582
        3.0450058000         2.4000000000         1.3429439823         1.7376803560         0.1768562824
        3.0500049000         2.4000000000         1.3327346748         1.7325766011        -0.0890930145
        3.0550045000         2.4000000000         1.3352870017         1.7300247236        -0.0226056902
        3.0600054000         2.4000000000         1.3378393285         1.7300247236         0.0438816340
        3.0650032000         2.4000000000         1.3429439823         1.7402322334         0.1768562824
        3.0700037000         2.4000000000         1.3378393285         1.7300247236         0.0438816340
        3.0750034000         2.4000000000         1.3352870017         1.7325766011        -0.0226056902
        3.0800031000         2.4000000000         1.3352870017         1.7300247236        -0.0226056902
        3.0850029000         2.4000000000         1.3403916554         1.7376803560         0.1103689582
        3.0900066000         2.4000000000         1.3378393285         1.7325766011         0.0438816340
        3.0950048000         2.4000000000         1.3403916554         1.7376803560         0.1103689582
        3.1000069000         2.4000000000         1.3378393285         1.7325766011         0.0438816340
        3.1050082000         2.4000000000         1.3429439823         1.7376803560         0.1768562824
        3.1100067000         2.4000000000         1.3378393285         1.7300247236         0.0438816340
        3.1150052000         2.4000000000         1.3429439823         1.7376803560         0.1768562824
        3.1200072000         2.4000000000         1.3352870017         1.7300247236        -0.0226056902
        3.1250074000         2.4000000000         1.3301823480         1.7249209687        -0.1555803387
        3.1300088000         2.4000000000         1.3429439823         1.7376803560         0.1768562824
        3.1350052000         2.4000000000         1.3378393285         1.7325766011         0.0438816340
        3.1400054000         2.4000000000         1.3352870017         1.7325766011        -0.0226056902
        3.1450045000         2.4000000000         1.3301823480         1.7249209687        -0.1555803387
        3.1500052000         2.4000000000         1.3454963091         1.7376803560         0.2433436067
        3.1550046000         2.4000000000         1.3352870017         1.7325766011        -0.0226056902
        3.1600030000         2.4000000000         1.3429439823         1.7376803560         0.1768562824
        3.1650014000         2.4000000000         1.3378393285         1.7300247236         0.0438816340
        3.1700045000         2.4000000000         1.3276300211         1.7274728461        -0.2220676629
        3.1750024000         2.4000000000         1.3454963091         1.7376803560         0.2433436067
        3.1800048000         2.4000000000         1.3301823480         1.7249209687        -0.1555803387
        3.1850025000         2.4000000000         1.3429439823         1.7376803560         0.1768562824
        3.1900021000         2.4000000000         1.3429439823         1.7351284785         0.1768562824
        3.1950013000         2.4000000000         1.3352870017         1.7325766011        -0.0226056902
        3.2000054000         2.4000000000         1.3403916554         1.7402322334         0.1103689582
        3.2050033000         2.4000000000         1.3429439823         1.7376803560         0.1768562824
        3.2100025000         2.4000000000         1.3352870017         1.7300247236        -0.0226056902
        3.2150021000         2.4000000000         1.3429439823         1.7376803560         0.1768562824
        3.2200015000         2.4000000000         1.3429439823         1.7402322334         0.1768562824
        3.2250011000         2.4000000000         1.3378393285         1.7325766011         0.0438816340
        3.2300035000         2.4000000000         1.3352870017         1.7325766011        -0.0226056902
        3.2350054000         2.4000000000         1.3429439823         1.7376803560         0.1768562824
        3.2400032000         2.4000000000         1.3327346748         1.7274728461        -0.0890930145
        3.2450015000         2.4000000000         1.3378393285         1.7325766011         0.0438816340
        3.2500023000         2.4000000000         1.3506009628         1.7376803560         0.3763182551
        3.2550028000         2.4000000000         1.3429439823         1.7376803560         0.1768562824
        3.2600820000         2.4000000000         1.3327346748         1.7249209687        -0.0890930145
        3.2650045000         2.4000000000         1.3352870017         1.7300247236        -0.0226056902
        3.2700036000         2.4000000000         1.3301823480         1.7249209687        -0.1555803387
        3.2750021000         2.4000000000         1.3276300211         1.7274728461        -0.2220676629
        3.2800031000         2.4000000000         1.3403916554         1.7376803560         0.1103689582
        3.2850020000         2.4000000000         1.3352870017         1.7325766011        -0.0226056902
        3.2900026000         2.4000000000         1.3352870017         1.7351284785        -0.0226056902
        3.2950020000         2.4000000000         1.3352870017         1.7300247236        -0.0226056902
        3.3000013000         2.4000000000         1.3352870017         1.7300247236        -0.0226056902
        3.3050013000         2.4000000000         1.3301823480         1.7274728461        -0.1555803387
        3.3100040000         2.4000000000         1.3301823480         1.7274728461        -0.1555803387
        3.3150020000         2.4000000000         1.3403916554         1.7249209687         0.1103689582
        3.3200045000         2.4000000000         1.3301823480         1.7376803560        -0.1555803387
        3.3250026000         2.4000000000         1.3352870017         1.7300247236        -0.0226056902
        3.3300030000         2.4000000000         1.3378393285         1.7325766011         0.0438816340
        3.3350023000         2.4000000000         1.3429439823         1.7402322334         0.1768562824
        3.3400060000         2.4000000000         1.3403916554         1.7376803560         0.1103689582
        3.3450028000         2.4000000000         1.3429439823         1.7376803560         0.1768562824
        3.3500067000         2.4000000000         1.3352870017         1.7325766011        -0.0226056902
        3.3550026000         2.4000000000         1.3352870017         1.7325766011        -0.0226056902
        3.3600047000         2.4000000000         1.3250776943         1.7249209687        -0.2885549871
        3.3650024000         2.4000000000         1.3301823480         1.7274728461        -0.1555803387
        3.3700030000         2.4000000000         1.3352870017         1.7198172138        -0.0226056902
        3.3750022000         2.4000000000         1.3352870017         1.7300247236        -0.0226056902
        3.3800025000         2.4000000000         1.3480486360         1.7376803560         0.3098309309
        3.3850033000         2.4000000000         1.3454963091         1.7325766011         0.2433436067
        3.3900524000         2.4000000000         1.3352870017         1.7325766011        -0.0226056902
        3.3950023000         2.4000000000         1.3352870017         1.7274728461        -0.0226056902
        3.4000091000         2.4000000000         1.3301823480         1.7249209687        -0.1555803387
        3.4050027000         2.4000000000         1.3352870017         1.7325766011        -0.0226056902
        3.4100015000         2.4000000000         1.3403916554         1.7376803560         0.1103689582
        3.4150019000         2.4000000000         1.3429439823         1.7376803560         0.1768562824
        3.4200025000         2.4000000000         1.3403916554         1.7376803560         0.1103689582
        3.4250029000         2.4000000000         1.3327346748         1.7325766011        -0.0890930145
        3.4300023000         2.4000000000         1.3301823480         1.7274728461        -0.1555803387
        3.4350032000         2.4000000000         1.3378393285         1.7300247236         0.0438816340
        3.4400031000         2.4000000000         1.3378393285         1.7300247236         0.0438816340
        3.4450025000         2.4000000000         1.3429439823         1.7376803560         0.1768562824
        3.4500042000         2.4000000000         1.3276300211         1.7249209687        -0.2220676629
        3.4550034000         2.4000000000         1.3301823480         1.7249209687        -0.1555803387
        3.4600021000         2.4000000000         1.3506009628         1.7376803560         0.3763182551
        3.4650037000         2.4000000000         1.3276300211         1.7249209687        -0.2220676629
        3.4700034000         2.4000000000         1.3429439823         1.7402322334         0.1768562824
        3.4750038000         2.4000000000         1.3352870017         1.7300247236        -0.0226056902
        3.4800024000         2.4000000000         1.3301823480         1.7249209687        -0.1555803387
        3.4850052000         2.4000000000         1.3352870017         1.7325766011        -0.0226056902
        3.4900039000         2.4000000000         1.3301823480         1.7249209687        -0.1555803387
        3.4950027000         2.4000000000         1.3378393285         1.7325766011         0.0438816340
        3.5000040000         2.4000000000         1.3327346748         1.7274728461        -0.0890930145
        3.5050035000         2.4000000000         1.3276300211         1.7274728461        -0.2220676629
        3.5100016000         2.4000000000         1.3403916554         1.7376803560         0.1103689582
        3.5150023000         2.4000000000         1.3301823480         1.7249209687        -0.1555803387
        3.5200029000         2.4000000000         1.3403916554         1.7376803560         0.1103689582
        3.5250024000         2.4000000000         1.3403916554         1.7300247236         0.1103689582
        3.5300015000         2.4000000000         1.3327346748         1.7325766011        -0.0890930145
        3.5350053000         2.4000000000         1.3301823480         1.7274728461        -0.1555803387
        3.5400034000         2.4000000000         1.3301823480         1.7274728461        -0.1555803387
        3.5450045000         2.4000000000         1.3352870017         1.7300247236        -0.0226056902
        3.5500027000         2.4000000000         1.3378393285         1.7300247236         0.0438816340
        3.5550028000         2.4000000000         1.3301823480         1.7274728461        -0.1555803387
        3.5600016000         2.4000000000         1.3301823480         1.7249209687        -0.1555803387
        3.5650016000         2.4000000000         1.3352870017         1.7325766011        -0.0226056902
        3.5700024000         2.4000000000         1.3403916554         1.7376803560         0.1103689582
        3.5750036000         2.4000000000         1.3403916554         1.7453359884         0.1103689582
        3.5800029000         2.4000000000         1.3352870017         1.7300247236        -0.0226056902
        3.5850054000         2.4000000000         1.3403916554         1.7325766011         0.1103689582
        3.5900041000         2.4000000000         1.3429439823         1.7376803560         0.1768562824
        3.5950045000         2.4000000000         1.3378393285         1.7300247236         0.0438816340
        3.6000025000         2.4000000000         1.3352870017         1.7300247236        -0.0226056902
        3.6050026000         2.4000000000         1.3352870017         1.7300247236        -0.0226056902
        3.6100022000         2.4000000000         1.3403916554         1.7376803560         0.1103689582
        3.6150019000         2.4000000000         1.3403916554         1.7402322334         0.1103689582
        3.6200027000         2.4000000000         1.3352870017         1.7325766011        -0.0226056902
        3.6250025000         2.4000000000         1.3352870017         1.7300247236        -0.0226056902
        3.6300019000         2.4000000000         1.3352870017         1.7300247236        -0.0226056902
        3.6350046000         2.4000000000         1.3403916554         1.7376803560         0.1103689582
        3.6400088000         2.4000000000         1.3301823480         1.7274728461        -0.1555803387
        3.6450047000         2.4000000000         1.3301823480         1.7274728461        -0.1555803387
        3.6500039000         2.4000000000         1.3352870017         1.7325766011        -0.0226056902
        3.6550035000         2.4000000000         1.3403916554         1.7376803560         0.1103689582
        3.6600032000         2.4000000000         1.3403916554         1.7402322334         0.1103689582
        3.6650025000         2.4000000000         1.3378393285         1.7300247236         0.0438816340
        3.6700033000         2.4000000000         1.3378393285         1.7402322334         0.0438816340
        3.6750028000         2.4000000000         1.3352870017         1.7351284785        -0.0226056902
        3.6800016000         2.4000000000         1.3301823480         1.7249209687        -0.1555803387
        3.6850029000         2.4000000000         1.3250776943         1.7300247236        -0.2885549871
        3.6900027000         2.4000000000         1.3352870017         1.7274728461        -0.0226056902
        3.6950033000         2.4000000000         1.3301823480         1.7249209687        -0.1555803387
        3.7000018000         2.4000000000         1.3429439823         1.7376803560         0.1768562824
        3.7050048000         2.4000000000         1.3301823480         1.7249209687        -0.1555803387
        3.7100025000         2.4000000000         1.3276300211         1.7274728461        -0.2220676629
        3.7150035000         2.4000000000         1.3429439823         1.7376803560         0.1768562824
        3.7200026000         2.4000000000         1.3301823480         1.7249209687        -0.1555803387
        3.7250048000         2.4000000000         1.3429439823         1.7376803560         0.1768562824
        3.7300026000         2.4000000000         1.3352870017         1.7300247236        -0.0226056902
        3.7350023000         2.4000000000         1.3301823480         1.7274728461        -0.1555803387
        3.7400014000         2.4000000000         1.3352870017         1.7376803560        -0.0226056902
        3.7450233000         2.4000000000         1.3352870017         1.7300247236        -0.0226056902
        3.7500023000         2.4000000000         1.3378393285         1.7300247236         0.0438816340
        3.7550027000         2.4000000000         1.3352870017         1.7223690912        -0.0226056902
        3.7600015000         2.4000000000         1.3352870017         1.7325766011        -0.0226056902
        3.7650023000         2.4000000000         1.3403916554         1.7376803560         0.1103689582
        3.7700015000         2.4000000000         1.3276300211         1.7249209687        -0.2220676629
        3.7750030000         2.4000000000         1.3352870017         1.7325766011        -0.0226056902
        3.7800028000         2.4000000000         1.3403916554         1.7376803560         0.1103689582
        3.7850030000         2.4000000000         1.3352870017         1.7325766011        -0.0226056902
        3.7900038000         2.4000000000         1.3352870017         1.7325766011        -0.0226056902
        3.7950016000         2.4000000000         1.3403916554         1.7376803560         0.1103689582
        3.8000152000         2.4000000000         1.3378393285         1.7325766011         0.0438816340
        3.8050020000         2.4000000000         1.3378393285         1.7325766011         0.0438816340
        3.8100039000         2.4000000000         1.3378393285         1.7300247236         0.0438816340
        3.8150040000         2.4000000000         1.3429439823         1.7376803560         0.1768562824
        3.8200027000         2.4000000000         1.3378393285         1.7300247236         0.0438816340
        3.8250022000         2.4000000000         1.3276300211         1.7249209687        -0.2220676629
        3.8300034000         2.4000000000         1.3454963091         1.7376803560         0.2433436067
        3.8350027000         2.4000000000         1.3403916554         1.7376803560         0.1103689582
        3.8400024000         2.4000000000         1.3327346748         1.7274728461        -0.0890930145
        3.8450043000         2.4000000000         1.3403916554         1.7376803560         0.1103689582
        3.8500052000         2.4000000000         1.3301823480         1.7274728461        -0.1555803387
        3.8550130000         2.4000000000         1.3403916554         1.7376803560         0.1103689582
        3.8600026000         2.4000000000         1.3403916554         1.7376803560         0.1103689582
        3.8650198000         2.4000000000         1.3352870017         1.7325766011        -0.0226056902
        3.8700025000         2.4000000000         1.3403916554         1.7376803560         0.1103689582
        3.8750013000         2.4000000000         1.3301823480         1.7249209687        -0.1555803387
        3.8800026000         2.4000000000         1.3403916554         1.7376803560         0.1103689582
        3.8850013000         2.4000000000         1.3378393285         1.7300247236         0.0438816340
        3.8900026000         2.4000000000         1.3327346748         1.7249209687        -0.0890930145
        3.8950014000         2.4000000000         1.3403916554         1.7376803560         0.1103689582
        3.9000034000         2.4000000000         1.3352870017         1.7325766011        -0.0226056902
        3.9050029000         2.4000000000         1.3352870017         1.7325766011        -0.0226056902
        3.9100034000         2.4000000000         1.3301823480         1.7249209687        -0.1555803387
        3.9150016000         2.4000000000         1.3378393285         1.7300247236         0.0438816340
        3.9200028000         2.4000000000         1.3378393285         1.7300247236         0.0438816340
        3.9250021000         2.4000000000         1.3403916554         1.7300247236         0.1103689582
        3.9300020000         2.4000000000         1.3352870017         1.7300247236        -0.0226056902
        3.9350027000         2.4000000000         1.3301823480         1.7172653363        -0.1555803387
        3.9400041000         2.4000000000         1.3352870017         1.7325766011        -0.0226056902
        3.9450046000         2.4000000000         1.3403916554         1.7376803560         0.1103689582
        3.9500058000         2.4000000000         1.3352870017         1.7325766011        -0.0226056902
        3.9550071000         2.4000000000         1.3301823480         1.7274728461        -0.1555803387
        3.9600040000         2.4000000000         1.3352870017         1.7300247236        -0.0226056902
        3.9650049000         2.4000000000         1.3352870017         1.7325766011        -0.0226056902
        3.9700065000         2.4000000000         1.3352870017         1.7300247236        -0.0226056902
        3.9750051000         2.4000000000         1.3352870017         1.7300247236        -0.0226056902
        3.9800038000         2.4000000000         1.3352870017         1.7325766011        -0.0226056902
        3.9850073000         2.4000000000         1.3378393285         1.7300247236         0.0438816340
        3.9900075000         2.4000000000         1.3352870017         1.7325766011        -0.0226056902
        3.9950030000         2.4000000000         1.3378393285         1.7325766011         0.0438816340
