% Motor Sweep Step 180/180
% Vcmd       = 0.0000 [V]
% Direction  = CCW
% Zone       = OUTER
% Vg_offset  = 1.336525 [V]
% K_gimbal   = 26.049690 [(rad/s)/V]

Time[s]              Vcmd[V]              Vg_raw[V]            Pot[V]               Omega[rad/s]
        0.0000223000         0.0000000000         1.3352870017         0.0202668261        -0.0322463522
        0.0050075000         0.0000000000         1.3378393285         0.0202668261         0.0342409720
        0.0100068000         0.0000000000         1.3378393285         0.0177149486         0.0342409720
        0.0150066000         0.0000000000         1.0290077789        -0.0001481936        -8.0107252595
        0.0200187000         0.0000000000         1.0034845104         0.0075074388        -8.6755985017
        0.0250056000         0.0000000000         0.9345716852        -0.0052519485       -10.4707562558
        0.0300076000         0.0000000000         0.8733158407         1.1022628687       -12.0664520373
        0.0350077000         0.0000000000         0.7763274201         1.1099185011       -14.5929703579
        0.0400082000         0.0000000000         0.7584611321         5.0066353810       -15.0583816275
        0.0450080000         0.0000000000         0.6818913264         5.0117391359       -17.0530013543
        0.0500047000         0.0000000000         0.6410540967         4.9479421994       -18.1167985419
        0.0550064000         0.0000000000         0.6002168670         4.8611783658       -19.1805957295
        0.0600045000         0.0000000000         0.5797982522         4.7820701646       -19.7124943233
        0.0650060000         0.0000000000         0.5338563688         4.7106175957       -20.9092661594
        0.0700074000         0.0000000000         0.5313040419         4.6187500072       -20.9757534837
        0.0750058000         0.0000000000         0.4981237928         4.5370899285       -21.8400886986
        0.0800059000         0.0000000000         0.4751528511         4.4452223400       -22.4384746166
        0.0850062000         0.0000000000         0.4674958705         4.3584585064       -22.6379365893
        0.0900055000         0.0000000000         0.4470772556         4.2640390404       -23.1698351831
        0.0950077000         0.0000000000         0.4470772556         4.1823789617       -23.1698351831
        0.1000048000         0.0000000000         0.4266586408         4.0905113732       -23.7017337770
        0.1050069000         0.0000000000         0.4113446797         3.9935400297       -24.1006577223
        0.1100042000         0.0000000000         0.4113446797         3.8991205638       -24.1006577223
        0.1150079000         0.0000000000         0.4113446797         3.8123567301       -24.1006577223
        1.0861902000         0.0000000000         0.3526411620         0.4591897490       -25.6298661795
        1.0867543000         0.0000000000         0.3500888351         0.4464303617       -25.6963535038
        1.0874077000         0.0000000000         0.3500888351         0.4362228519       -25.6963535038
        1.0892920000         0.0000000000         0.3577458157         0.4056003224       -25.4968915311
        1.1014677000         0.0000000000         0.3628504694         0.1504125765       -25.3639168826
        1.1022072000         0.0000000000         0.3500888351         0.1325494343       -25.6963535038
        1.1027442000         0.0000000000         0.3551934888         0.1274456793       -25.5633788553
        1.1034138000         0.0000000000         0.3577458157         0.1121344146       -25.4968915311
        1.1039438000         0.0000000000         0.3475365082         0.0968231498       -25.7628408280
        1.1046315000         0.0000000000         0.3628504694         0.0942712724       -25.3639168826
        1.1051570000         0.0000000000         0.3602981425         0.0840637625       -25.4304042068
        1.1058001000         0.0000000000         0.3475365082         0.0559931105       -25.7628408280
        1.1063506000         0.0000000000         0.3475365082         0.0483374781       -25.7628408280
        1.1072702000         0.0000000000         0.3424318545         0.0279224584       -25.8958154764
        1.1093252000         0.0000000000         0.3449841814         0.0024036839       -25.8293281522
        1.1098227000         0.0000000000         0.3424318545         0.0024036839       -25.8958154764
        1.1103879000         0.0000000000         0.3424318545         0.0024036839       -25.8958154764
        1.1108814000         0.0000000000         0.3449841814         0.0024036839       -25.8293281522
        1.1113332000         0.0000000000         0.3424318545        -0.0001481936       -25.8958154764
        1.1118440000         0.0000000000         0.3449841814         0.0024036839       -25.8293281522
        1.1122985000         0.0000000000         0.3526411620         0.0100593162       -25.6298661795
        1.1128193000         0.0000000000         0.3475365082        -0.0001481936       -25.7628408280
        1.1132659000         0.0000000000         0.3602981425         0.0075074388       -25.4304042068
        1.1137245000         0.0000000000         0.3500888351         0.0024036839       -25.6963535038
        1.1141903000         0.0000000000         0.3526411620         0.0024036839       -25.6298661795
        1.1146388000         0.0000000000         0.3500888351         0.0024036839       -25.6963535038
        1.1151478000         0.0000000000         0.3526411620         1.1099185011       -25.6298661795
        1.1155758000         0.0000000000         0.3577458157         1.1175741334       -25.4968915311
        1.1160030000         0.0000000000         0.3551934888         1.1073666236       -25.5633788553
        1.1167441000         0.0000000000         0.3577458157         1.1099185011       -25.4968915311
        1.1172348000         0.0000000000         0.3500888351         1.1022628687       -25.6963535038
        1.1177700000         0.0000000000         0.3500888351         1.1048147461       -25.6963535038
        1.1182646000         0.0000000000         0.3628504694         5.0040835035       -25.3639168826
        1.1187665000         0.0000000000         0.3628504694         5.0117391359       -25.3639168826
        1.1192947000         0.0000000000         0.3654027962         5.0117391359       -25.2974295584
        1.1200917000         0.0000000000         0.3654027962         5.0117391359       -25.2974295584
        1.1207662000         0.0000000000         0.3602981425         5.0066353810       -25.4304042068
        1.1214570000         0.0000000000         0.3654027962         5.0117391359       -25.2974295584
        1.1219998000         0.0000000000         0.3654027962         5.0142910133       -25.2974295584
        1.1227300000         0.0000000000         0.3654027962         5.0117391359       -25.2974295584
        1.1233573000         0.0000000000         0.3628504694         5.0117391359       -25.3639168826
        1.1238530000         0.0000000000         0.3551934888         5.0066353810       -25.5633788553
        1.1243545000         0.0000000000         0.3500888351         4.9989797486       -25.6963535038
        1.1247974000         0.0000000000         0.3551934888         4.9938759937       -25.5633788553
        1.1253174000         0.0000000000         0.3475365082         4.9785647289       -25.7628408280
        1.1259654000         0.0000000000         0.3347748740         4.9632534642       -26.0952774491
        1.1264306000         0.0000000000         0.3475365082         4.9632534642       -25.7628408280
        1.1269053000         0.0000000000         0.3398795277         4.9479421994       -25.9623028007
        1.1273402000         0.0000000000         0.3373272008         4.9377346896       -26.0287901249
        1.1279134000         0.0000000000         0.3373272008         4.9249753023       -26.0287901249
        1.1284195000         0.0000000000         0.3424318545         4.9198715474       -25.8958154764
        1.1289599000         0.0000000000         0.3398795277         4.9096640375       -25.9623028007
        1.1294784000         0.0000000000         0.3322225471         4.8841452629       -26.1617647733
        1.1299576000         0.0000000000         0.3373272008         4.8815933855       -26.0287901249
        1.1304368000         0.0000000000         0.3322225471         4.8662821207       -26.1617647733
        1.1309245000         0.0000000000         0.3424318545         4.8688339982       -25.8958154764
        1.1314063000         0.0000000000         0.3424318545         4.8535227334       -25.8958154764
        1.1319142000         0.0000000000         0.3322225471         4.8331077137       -26.1617647733
        1.1325308000         0.0000000000         0.3322225471         4.8229002039       -26.1617647733
        1.1331382000         0.0000000000         0.3373272008         4.8126926941       -26.0287901249
        1.1339239000         0.0000000000         0.3398795277         4.7999333068       -25.9623028007
        1.1345062000         0.0000000000         0.3424318545         4.7871739195       -25.8958154764
        1.1352310000         0.0000000000         0.3449841814         4.7718626547       -25.8293281522
        1.1359459000         0.0000000000         0.3449841814         4.7565513900       -25.8293281522
        1.1365352000         0.0000000000         0.3475365082         4.7463438801       -25.7628408280
        1.1372150000         0.0000000000         0.3424318545         4.7208251056       -25.8958154764
        1.1378749000         0.0000000000         0.3500888351         4.7157213506       -25.6963535038
        1.1384397000         0.0000000000         0.3526411620         4.7055138408       -25.6298661795
        1.1390259000         0.0000000000         0.3577458157         4.7004100859       -25.4968915311
        1.1396567000         0.0000000000         0.3526411620         4.6825469437       -25.6298661795
        1.1402087000         0.0000000000         0.3551934888         4.6697875564       -25.5633788553
        1.1407607000         0.0000000000         0.3500888351         4.6519244142       -25.6963535038
        1.1412836000         0.0000000000         0.3577458157         4.6468206592       -25.4968915311
        1.1419592000         0.0000000000         0.3551934888         4.6340612719       -25.5633788553
        1.1425005000         0.0000000000         0.3500888351         4.6161981297       -25.6963535038
        1.1429923000         0.0000000000         0.3475365082         4.6034387424       -25.7628408280
        1.1436045000         0.0000000000         0.3424318545         4.5983349875       -25.8958154764
        1.1440864000         0.0000000000         0.3449841814         4.5906793551       -25.8293281522
        1.1446147000         0.0000000000         0.3500888351         4.5881274777       -25.6963535038
        1.1451980000         0.0000000000         0.3347748740         4.5600568256       -26.0952774491
        1.1457377000         0.0000000000         0.3347748740         4.5498493158       -26.0952774491
        1.1463424000         0.0000000000         0.3373272008         4.5421936834       -26.0287901249
        1.1468017000         0.0000000000         0.3347748740         4.5268824187       -26.0952774491
        1.1474184000         0.0000000000         0.3449841814         4.5268824187       -25.8293281522
        1.1479355000         0.0000000000         0.3373272008         4.5090192765       -26.0287901249
        1.1484556000         0.0000000000         0.3373272008         4.4962598892       -26.0287901249
        1.1490725000         0.0000000000         0.3296702203         4.4809486244       -26.2282520976
        1.1496222000         0.0000000000         0.3347748740         4.4758448695       -26.0952774491
        1.1502226000         0.0000000000         0.3296702203         4.4554298498       -26.2282520976
        1.1508013000         0.0000000000         0.3322225471         4.4452223400       -26.1617647733
        1.1512597000         0.0000000000         0.3373272008         4.4426704625       -26.0287901249
        1.1516470000         0.0000000000         0.3449841814         4.4401185851       -25.8293281522
        1.1521045000         0.0000000000         0.3398795277         4.4248073203       -25.9623028007
        1.1529181000         0.0000000000         0.3449841814         4.4069441781       -25.8293281522
        1.1534722000         0.0000000000         0.3449841814         4.4043923006       -25.8293281522
        1.1540152000         0.0000000000         0.3449841814         4.3865291584       -25.8293281522
        1.1546244000         0.0000000000         0.3500888351         4.3737697711       -25.6963535038
        1.1552838000         0.0000000000         0.3551934888         4.3661141388       -25.5633788553
        1.1558421000         0.0000000000         0.3449841814         4.3431472416       -25.8293281522
        1.1563503000         0.0000000000         0.3551934888         4.3329397318       -25.5633788553
        1.1569094000         0.0000000000         0.3526411620         4.3278359769       -25.6298661795
        1.1574143000         0.0000000000         0.3526411620         4.3176284670       -25.6298661795
        1.1578747000         0.0000000000         0.3526411620         4.3074209572       -25.6298661795
        1.1583770000         0.0000000000         0.3526411620         4.2997653248       -25.6298661795
        1.1589020000         0.0000000000         0.3602981425         4.2819021826       -25.4304042068
        1.1597392000         0.0000000000         0.3551934888         4.2716946728       -25.5633788553
        1.1602641000         0.0000000000         0.3475365082         4.2512796531       -25.7628408280
        1.1607681000         0.0000000000         0.3628504694         4.2563834080       -25.3639168826
        1.1612724000         0.0000000000         0.3449841814         4.2334165109       -25.8293281522
        1.1618268000         0.0000000000         0.3577458157         4.2334165109       -25.4968915311
        1.1623246000         0.0000000000         0.3475365082         4.2206571236       -25.7628408280
        1.1628106000         0.0000000000         0.3526411620         4.2155533687       -25.6298661795
        1.1632974000         0.0000000000         0.3475365082         4.1976902265       -25.7628408280
        1.1638365000         0.0000000000         0.3373272008         4.1823789617       -26.0287901249
        1.1643743000         0.0000000000         0.3424318545         4.1772752068       -25.8958154764
        1.1649604000         0.0000000000         0.3398795277         4.1645158195       -25.9623028007
        1.1655221000         0.0000000000         0.3398795277         4.1543083097       -25.9623028007
        1.1661031000         0.0000000000         0.3398795277         4.1415489224       -25.9623028007
        1.1666556000         0.0000000000         0.3398795277         4.1313414125       -25.9623028007
        1.1672395000         0.0000000000         0.3398795277         4.1185820252       -25.9623028007
        1.1677112000         0.0000000000         0.3475365082         4.1160301478       -25.7628408280
        1.1682453000         0.0000000000         0.3424318545         4.1007188830       -25.8958154764
        1.1688104000         0.0000000000         0.3475365082         4.0981670056       -25.7628408280
        1.1693660000         0.0000000000         0.3475365082         4.0854076183       -25.7628408280
        1.1698948000         0.0000000000         0.3424318545         4.0675444760       -25.8958154764
        1.1703345000         0.0000000000         0.3475365082         4.0675444760       -25.7628408280
        1.1707862000         0.0000000000         0.3500888351         4.0573369662       -25.6963535038
        1.1712329000         0.0000000000         0.3526411620         4.0471294564       -25.6298661795
        1.1717323000         0.0000000000         0.3475365082         4.0292663142       -25.7628408280
        1.1722373000         0.0000000000         0.3475365082         4.0241625592       -25.7628408280
        1.1726815000         0.0000000000         0.3551934888         4.0139550494       -25.5633788553
        1.1731676000         0.0000000000         0.3526411620         4.0062994170       -25.6298661795
        1.1737363000         0.0000000000         0.3449841814         3.9858843974       -25.8293281522
        1.1741962000         0.0000000000         0.3577458157         3.9909881523       -25.4968915311
        1.1746778000         0.0000000000         0.3424318545         3.9680212551       -25.8958154764
        1.1752001000         0.0000000000         0.3424318545         3.9578137453       -25.8958154764
        1.1756740000         0.0000000000         0.3475365082         3.9552618679       -25.7628408280
        1.1762347000         0.0000000000         0.3475365082         3.9399506031       -25.7628408280
        1.1766868000         0.0000000000         0.3475365082         3.9348468482       -25.7628408280
        1.1771680000         0.0000000000         0.3526411620         3.9322949707       -25.6298661795
        1.1777182000         0.0000000000         0.3500888351         3.9144318285       -25.6963535038
        1.1782333000         0.0000000000         0.3424318545         3.8965686863       -25.8958154764
        1.1786863000         0.0000000000         0.3475365082         3.8965686863       -25.7628408280
        1.1791948000         0.0000000000         0.3424318545         3.8787055441       -25.8958154764
        1.1797445000         0.0000000000         0.3500888351         3.8736017892       -25.6963535038
        1.1802229000         0.0000000000         0.3424318545         3.8582905244       -25.8958154764
        1.1807048000         0.0000000000         0.3526411620         3.8633942793       -25.6298661795
        1.1812365000         0.0000000000         0.3475365082         3.8429792597       -25.7628408280
        1.1817403000         0.0000000000         0.3449841814         3.8353236273       -25.8293281522
        1.1822122000         0.0000000000         0.3373272008         3.8225642400       -26.0287901249
        1.1828086000         0.0000000000         0.3449841814         3.8149086076       -25.8293281522
        1.1833146000         0.0000000000         0.3398795277         3.7970454654       -25.9623028007
        1.1838638000         0.0000000000         0.3373272008         3.7868379556       -26.0287901249
        1.1844236000         0.0000000000         0.3424318545         3.7791823232       -25.8958154764
        1.1851031000         0.0000000000         0.3424318545         3.7664229359       -25.8958154764
        1.1855701000         0.0000000000         0.3424318545         3.7562154260       -25.8958154764
        1.1860391000         0.0000000000         0.3347748740         3.7409041613       -26.0952774491
        1.1865107000         0.0000000000         0.3398795277         3.7409041613       -25.9623028007
        1.1869638000         0.0000000000         0.3449841814         3.7409041613       -25.8293281522
        1.1873988000         0.0000000000         0.3347748740         3.7179372642       -26.0952774491
        1.1878803000         0.0000000000         0.3398795277         3.7102816318       -25.9623028007
        1.1883363000         0.0000000000         0.3398795277         3.7000741219       -25.9623028007
        1.1888148000         0.0000000000         0.3347748740         3.6847628572       -26.0952774491
        1.1892668000         0.0000000000         0.3424318545         3.6847628572       -25.8958154764
        1.1898782000         0.0000000000         0.3398795277         3.6720034699       -25.9623028007
        1.1903868000         0.0000000000         0.3373272008         3.6541403277       -26.0287901249
        1.1909211000         0.0000000000         0.3500888351         3.6541403277       -25.6963535038
        1.1914381000         0.0000000000         0.3449841814         3.6388290629       -25.8293281522
        1.1919409000         0.0000000000         0.3449841814         3.6286215531       -25.8293281522
        1.1923943000         0.0000000000         0.3475365082         3.6235177982       -25.7628408280
        1.1929144000         0.0000000000         0.3424318545         3.6056546560       -25.8958154764
        1.1935299000         0.0000000000         0.3475365082         3.5954471461       -25.7628408280
        1.1940092000         0.0000000000         0.3424318545         3.5826877588       -25.8958154764
        1.1944667000         0.0000000000         0.3526411620         3.5877915138       -25.6298661795
        1.1950007000         0.0000000000         0.3551934888         3.5750321265       -25.5633788553
        1.1954657000         0.0000000000         0.3449841814         3.5597208617       -25.8293281522
        1.1959458000         0.0000000000         0.3500888351         3.5571689842       -25.6963535038
        1.1965035000         0.0000000000         0.3500888351         3.5495133519       -25.6963535038
        1.1969945000         0.0000000000         0.3398795277         3.5265464547       -25.9623028007
        1.1975508000         0.0000000000         0.3424318545         3.5137870674       -25.8958154764
        1.1980310000         0.0000000000         0.3475365082         3.5137870674       -25.7628408280
        1.1985459000         0.0000000000         0.3475365082         3.5010276801       -25.7628408280
        1.1989928000         0.0000000000         0.3526411620         3.4959239252       -25.6298661795
        1.1995243000         0.0000000000         0.3475365082         3.4755089056       -25.7628408280
        1.2002515000         0.0000000000         0.3449841814         3.4653013957       -25.8293281522
        1.2007669000         0.0000000000         0.3551934888         3.4627495183       -25.5633788553
        1.2012771000         0.0000000000         0.3424318545         3.4448863760       -25.8958154764
        1.2019087000         0.0000000000         0.3449841814         3.4321269888       -25.8293281522
        1.2024181000         0.0000000000         0.3449841814         3.4168157240       -25.8293281522
        1.2029897000         0.0000000000         0.3424318545         3.4040563367       -25.8958154764
        1.2034437000         0.0000000000         0.3526411620         3.4066082142       -25.6298661795
        1.2039644000         0.0000000000         0.3475365082         3.3912969494       -25.7628408280
        1.2044625000         0.0000000000         0.3526411620         3.3887450720       -25.6298661795
        1.2049634000         0.0000000000         0.3500888351         3.3708819297       -25.6963535038
        1.2054361000         0.0000000000         0.3449841814         3.3632262974       -25.8293281522
        1.2059108000         0.0000000000         0.3424318545         3.3479150326       -25.8958154764
        1.2063950000         0.0000000000         0.3475365082         3.3453631551       -25.7628408280
        1.2068418000         0.0000000000         0.3551934888         3.3428112777       -25.5633788553
        1.2072941000         0.0000000000         0.3424318545         3.3198443806       -25.8958154764
        1.2076949000         0.0000000000         0.3551934888         3.3223962580       -25.5633788553
        1.2081580000         0.0000000000         0.3475365082         3.3121887482       -25.7628408280
        1.2086297000         0.0000000000         0.3424318545         3.2943256060       -25.8958154764
        1.2091659000         0.0000000000         0.3475365082         3.2892218510       -25.7628408280
        1.2096451000         0.0000000000         0.3475365082         3.2790143412       -25.7628408280
        1.2102276000         0.0000000000         0.3500888351         3.2739105863       -25.6963535038
        1.2107303000         0.0000000000         0.3347748740         3.2509436892       -26.0952774491
        1.2112167000         0.0000000000         0.3347748740         3.2432880568       -26.0952774491
        1.2117108000         0.0000000000         0.3449841814         3.2432880568       -25.8293281522
        1.2121867000         0.0000000000         0.3373272008         3.2305286695       -26.0287901249
        1.2126464000         0.0000000000         0.3373272008         3.2177692822       -26.0287901249
        1.2132149000         0.0000000000         0.3347748740         3.1999061400       -26.0952774491
        1.2137832000         0.0000000000         0.3449841814         3.1948023851       -25.8293281522
        1.2142587000         0.0000000000         0.3500888351         3.1922505076       -25.6963535038
        1.2149286000         0.0000000000         0.3551934888         3.1820429978       -25.5633788553
        1.2154420000         0.0000000000         0.3577458157         3.1692836105       -25.4968915311
        1.2158798000         0.0000000000         0.3577458157         3.1641798556       -25.4968915311
        1.2163608000         0.0000000000         0.3602981425         3.1514204683       -25.4304042068
        1.2168549000         0.0000000000         0.3475365082         3.1310054486       -25.7628408280
        1.2173510000         0.0000000000         0.3475365082         3.1233498162       -25.7628408280
        1.2178888000         0.0000000000         0.3475365082         3.1131423064       -25.7628408280
        1.2200074000         0.0000000000         0.3577458157         3.0825197769       -25.4968915311
        1.2250074000         0.0000000000         0.3296702203         2.9702371687       -26.2282520976
        1.2300073000         0.0000000000         0.3551934888         2.8809214576       -25.5633788553
        1.2350073000         0.0000000000         0.3526411620         2.7762944818       -25.6298661795
        1.2400053000         0.0000000000         0.3449841814         2.6742193834       -25.8293281522
        1.2450063000         0.0000000000         0.3449841814         2.5797999174       -25.8293281522
        1.2500042000         0.0000000000         0.3526411620         2.4802766965       -25.6298661795
        1.2550086000         0.0000000000         0.3602981425         2.3884091080       -25.4304042068
        1.2600083000         0.0000000000         0.3526411620         2.2761264998       -25.6298661795
        1.2650095000         0.0000000000         0.3449841814         2.1791551564       -25.8293281522
        1.2700095000         0.0000000000         0.3551934888         2.0872875679       -25.5633788553
        1.2750091000         0.0000000000         0.3654027962         1.9903162244       -25.2974295584
        1.2800066000         0.0000000000         0.3373272008         1.8882411261       -26.0287901249
        1.2850097000         0.0000000000         0.3602981425         1.7912697826       -25.4304042068
        1.2900072000         0.0000000000         0.3807167574         1.7019540715       -24.8985056130
        1.2950498000         0.0000000000         0.3424318545         1.6024308506       -25.8958154764
        1.3000106000         0.0000000000         0.3551934888         1.5029076297       -25.5633788553
        1.3050396000         0.0000000000         0.3577458157         1.4008325314       -25.4968915311
        1.3100108000         0.0000000000         0.3526411620         1.3013093105       -25.6298661795
        1.3150093000         0.0000000000         0.3500888351         1.2043379670       -25.6963535038
        1.3200127000         0.0000000000         0.3654027962         1.1201260109       -25.2974295584
        1.3250155000         0.0000000000         0.3654027962         1.0206027900       -25.2974295584
        1.3300091000         0.0000000000         0.3602981425         0.9134239367       -25.4304042068
        1.3350120000         0.0000000000         0.3705074500         0.8139007158       -25.1644549099
        1.3400136000         0.0000000000         0.3449841814         0.7143774949       -25.8293281522
        1.3450105000         0.0000000000         0.3628504694         0.6123023966       -25.3639168826
        1.3500166000         0.0000000000         0.3577458157         0.5102272982       -25.4968915311
        1.3550098000         0.0000000000         0.3577458157         0.4056003224       -25.4968915311
        1.3600444000         0.0000000000         0.3526411620         0.3111808564       -25.6298661795
        1.3650111000         0.0000000000         0.3602981425         0.2142095129       -25.4304042068
        1.3700101000         0.0000000000         0.3679551231         0.0993750273       -25.2309422342
        1.3750091000         0.0000000000         0.3577458157        -0.0001481936       -25.4968915311
        1.3800082000         0.0000000000         0.3373272008        -0.0027000711       -26.0287901249
        1.3850122000         0.0000000000         0.3526411620         5.0066353810       -25.6298661795
        1.3900077000         0.0000000000         0.3577458157         5.0040835035       -25.4968915311
        1.3950136000         0.0000000000         0.3577458157         4.9147677924       -25.4968915311
        1.4000083000         0.0000000000         0.3424318545         4.8101408166       -25.8958154764
        1.4050137000         0.0000000000         0.3577458157         4.7055138408       -25.4968915311
        1.4100571000         0.0000000000         0.3551934888         4.5906793551       -25.5633788553
        1.4150062000         0.0000000000         0.3347748740         4.4886042568       -26.0952774491
        1.4200060000         0.0000000000         0.3424318545         4.3890810359       -25.8958154764
        1.4250053000         0.0000000000         0.3398795277         4.2895578150       -25.9623028007
        1.4300080000         0.0000000000         0.3526411620         4.1951383490       -25.6298661795
        1.4350054000         0.0000000000         0.3424318545         4.1007188830       -25.8958154764
        1.4400042000         0.0000000000         0.3449841814         3.9960919072       -25.8293281522
        1.4450058000         0.0000000000         0.3475365082         3.8991205638       -25.7628408280
        1.4500055000         0.0000000000         0.3424318545         3.7944935879       -25.8958154764
        1.4550044000         0.0000000000         0.3424318545         3.7000741219       -25.8958154764
        1.4600097000         0.0000000000         0.3526411620         3.5979990236       -25.6298661795
        1.4650063000         0.0000000000         0.3500888351         3.5010276801       -25.6963535038
        1.4700102000         0.0000000000         0.3475365082         3.4015044592       -25.7628408280
        1.4750100000         0.0000000000         0.3449841814         3.3019812383       -25.8293281522
        1.4800083000         0.0000000000         0.3424318545         3.1999061400       -25.8958154764
        1.4850101000         0.0000000000         0.3551934888         3.0978310416       -25.5633788553
        1.4900100000         0.0000000000         0.3475365082         3.0034115756       -25.7628408280
        1.4950058000         0.0000000000         0.3449841814         2.8987845998       -25.8293281522
        1.5000059000         0.0000000000         0.3526411620         2.8120207662       -25.6298661795
        1.5050071000         0.0000000000         0.3602981425         2.7176013002       -25.4304042068
        1.5100085000         0.0000000000         0.3602981425         2.6180780793       -25.4304042068
        1.5150062000         0.0000000000         0.3424318545         2.5108992261       -25.8958154764
        1.5200065000         0.0000000000         0.3654027962         2.4190316375       -25.2974295584
        1.5250063000         0.0000000000         0.3602981425         2.3144046617       -25.4304042068
        1.5300066000         0.0000000000         0.3449841814         2.2174333183       -25.8293281522
        1.5350057000         0.0000000000         0.3602981425         2.1230138523       -25.4304042068
        1.5400070000         0.0000000000         0.3602981425         2.0183868765       -25.4304042068
        1.5450083000         0.0000000000         0.3577458157         1.9188636556       -25.4968915311
        1.5500052000         0.0000000000         0.3500888351         1.8218923121       -25.6963535038
        1.5550060000         0.0000000000         0.3628504694         1.7325766011       -25.3639168826
        1.5600053000         0.0000000000         0.3628504694         1.6381571351       -25.3639168826
        1.5650034000         0.0000000000         0.3654027962         1.5360820367       -25.2974295584
        1.5700044000         0.0000000000         0.3526411620         1.4365588158       -25.6298661795
        1.5750044000         0.0000000000         0.3500888351         1.3421393498       -25.6963535038
        1.5800029000         0.0000000000         0.3654027962         1.2349604965       -25.2974295584
        1.5850021000         0.0000000000         0.3602981425         1.1456447855       -25.4304042068
        1.5900126000         0.0000000000         0.3577458157         1.0435696871       -25.4968915311
        1.5950132000         0.0000000000         0.3628504694         0.9465983437       -25.3639168826
        1.6000165000         0.0000000000         0.3551934888         0.8470751228       -25.5633788553
        1.6050065000         0.0000000000         0.3705074500         0.7526556568       -25.1644549099
        1.6100085000         0.0000000000         0.3500888351         0.6454768035       -25.6963535038
        1.6150114000         0.0000000000         0.3730597768         0.5510573375       -25.0979675857
        1.6200107000         0.0000000000         0.3475365082         0.4438784843       -25.7628408280
        1.6250111000         0.0000000000         0.3832690842         0.3494590183       -24.8320182888
        1.6300124000         0.0000000000         0.3526411620         0.2499357974       -25.6298661795
        1.6350089000         0.0000000000         0.3500888351         0.1351013117       -25.6963535038
        1.6400100000         0.0000000000         0.3475365082         0.0330262134       -25.7628408280
        1.6450066000         0.0000000000         0.3500888351        -0.0052519485       -25.6963535038
        1.6500082000         0.0000000000         0.3526411620         1.1150222560       -25.6298661795
        1.6550080000         0.0000000000         0.3551934888         5.0066353810       -25.5633788553
        1.6600609000         0.0000000000         0.3449841814         4.9351828121       -25.8293281522
        1.6650081000         0.0000000000         0.3500888351         4.8331077137       -25.6963535038
        1.6700097000         0.0000000000         0.3398795277         4.7335844928       -25.9623028007
        1.6750099000         0.0000000000         0.3526411620         4.6289575170       -25.6298661795
        1.6800087000         0.0000000000         0.3602981425         4.5345380510       -25.4304042068
        1.6850077000         0.0000000000         0.3449841814         4.4222554428       -25.8293281522
        1.6900055000         0.0000000000         0.3271178934         4.3227322219       -26.2947394218
        1.6950051000         0.0000000000         0.3526411620         4.2257608785       -25.6298661795
        1.7000071000         0.0000000000         0.3475365082         4.1262376576       -25.7628408280
        1.7050080000         0.0000000000         0.3424318545         4.0292663142       -25.8958154764
        1.7100100000         0.0000000000         0.3398795277         3.9271912158       -25.9623028007
        1.7150650000         0.0000000000         0.3449841814         3.8225642400       -25.8293281522
        1.7200113000         0.0000000000         0.3449841814         3.7281447740       -25.8293281522
        1.7250075000         0.0000000000         0.3322225471         3.6209659207       -26.1617647733
        1.7300019000         0.0000000000         0.3500888351         3.5342020871       -25.6963535038
        1.7350072000         0.0000000000         0.3475365082         3.4346788662       -25.7628408280
        1.7400047000         0.0000000000         0.3551934888         3.3326037679       -25.5633788553
        1.7450028000         0.0000000000         0.3398795277         3.2305286695       -25.9623028007
        1.7500034000         0.0000000000         0.3424318545         3.1310054486       -25.8958154764
        1.7550043000         0.0000000000         0.3475365082         3.0340341051       -25.7628408280
        1.7600023000         0.0000000000         0.3628504694         2.9370627617       -25.3639168826
        1.7650039000         0.0000000000         0.3500888351         2.8451951732       -25.6963535038
        1.7700181000         0.0000000000         0.3424318545         2.7380163199       -25.8958154764
        1.7750032000         0.0000000000         0.3628504694         2.6487006088       -25.3639168826
        1.7800064000         0.0000000000         0.3475365082         2.5415217556       -25.7628408280
        1.7850034000         0.0000000000         0.3475365082         2.4445504121       -25.7628408280
        1.7900115000         0.0000000000         0.3526411620         2.3424753138       -25.6298661795
        1.7950405000         0.0000000000         0.3602981425         2.2429520929       -25.4304042068
        1.8000092000         0.0000000000         0.3679551231         2.1510845043       -25.2309422342
        1.8050139000         0.0000000000         0.3398795277         2.0464575285       -25.9623028007
        1.8100381000         0.0000000000         0.3602981425         1.9545899400       -25.4304042068
        1.8150046000         0.0000000000         0.3526411620         1.8474110867       -25.6298661795
        1.8200119000         0.0000000000         0.3628504694         1.7580953756       -25.3639168826
        1.8250084000         0.0000000000         0.3424318545         1.6585721547       -25.8958154764
        1.8300083000         0.0000000000         0.3628504694         1.5616008113       -25.3639168826
        1.8350068000         0.0000000000         0.3628504694         1.4646294679       -25.3639168826
        1.8400064000         0.0000000000         0.3602981425         1.3727618793       -25.4304042068
        1.8450098000         0.0000000000         0.3577458157         1.2630311486       -25.4968915311
        1.8500070000         0.0000000000         0.3730597768         1.1788191925       -25.0979675857
        1.8550054000         0.0000000000         0.3602981425         1.0843997265       -25.4304042068
        1.8600049000         0.0000000000         0.3730597768         0.9823246281       -25.0979675857
        1.8650052000         0.0000000000         0.3475365082         0.8776976523       -25.7628408280
        1.8700055000         0.0000000000         0.3602981425         0.7705187990       -25.4304042068
        1.8750033000         0.0000000000         0.3526411620         0.6760993330       -25.6298661795
        1.8800378000         0.0000000000         0.3705074500         0.5816798670       -25.1644549099
        1.8850037000         0.0000000000         0.3475365082         0.4668453814       -25.7628408280
        1.8900044000         0.0000000000         0.3602981425         0.3724259154       -25.4304042068
        1.8950034000         0.0000000000         0.3424318545         0.2677989396       -25.8958154764
        1.9000015000         0.0000000000         0.3577458157         0.1657238412       -25.4968915311
        1.9050060000         0.0000000000         0.3628504694         0.0738562527       -25.3639168826
        1.9100075000         0.0000000000         0.3602981425         0.0024036839       -25.4304042068
        1.9150055000         0.0000000000         0.3628504694         1.1150222560       -25.3639168826
        1.9200051000         0.0000000000         0.3602981425         5.0066353810       -25.4304042068
        1.9250040000         0.0000000000         0.3449841814         4.9836684838       -25.8293281522
        1.9300045000         0.0000000000         0.3628504694         4.8790415080       -25.3639168826
        1.9350038000         0.0000000000         0.3577458157         4.7667588998       -25.4968915311
        1.9400037000         0.0000000000         0.3322225471         4.6646838015       -26.1617647733
        1.9450064000         0.0000000000         0.3398795277         4.5549530707       -25.9623028007
        1.9500053000         0.0000000000         0.3526411620         4.4605336047       -25.6298661795
        1.9550048000         0.0000000000         0.3449841814         4.3635622613       -25.8293281522
        1.9600045000         0.0000000000         0.3296702203         4.2538315306       -26.2282520976
        1.9650037000         0.0000000000         0.3551934888         4.1568601871       -25.5633788553
        1.9700019000         0.0000000000         0.3654027962         4.0649925986       -25.2974295584
        1.9750040000         0.0000000000         0.3271178934         3.9527099904       -26.2947394218
        1.9800037000         0.0000000000         0.3475365082         3.8608424019       -25.7628408280
        1.9850034000         0.0000000000         0.3424318545         3.7562154260       -25.8958154764
        1.9900044000         0.0000000000         0.3347748740         3.6566922051       -26.0952774491
        1.9950049000         0.0000000000         0.3654027962         3.5673764941       -25.2974295584
        2.0000054000         0.0000000000         0.3424318545         3.4704051506       -25.8958154764
        2.0050036000         0.0000000000         0.3500888351         3.3632262974       -25.6963535038
        2.0100052000         0.0000000000         0.3526411620         3.2585993215       -25.6298661795
        2.0150051000         0.0000000000         0.3449841814         3.1667317330       -25.8293281522
        2.0200057000         0.0000000000         0.3373272008         3.0672085121       -26.0287901249
        2.0250065000         0.0000000000         0.3602981425         2.9753409236       -25.4304042068
        2.0300057000         0.0000000000         0.3526411620         2.8707139478       -25.6298661795
        2.0350043000         0.0000000000         0.3449841814         2.7711907269       -25.8293281522
        2.0400059000         0.0000000000         0.3424318545         2.6640118736       -25.8958154764
        2.0450042000         0.0000000000         0.3475365082         2.5746961625       -25.7628408280
        2.0500057000         0.0000000000         0.3628504694         2.4751729416       -25.3639168826
        2.0550035000         0.0000000000         0.3602981425         2.3833053531       -25.4304042068
        2.0600049000         0.0000000000         0.3449841814         2.2812302547       -25.8293281522
        2.0650061000         0.0000000000         0.3602981425         2.1766032789       -25.4304042068
        2.0700053000         0.0000000000         0.3577458157         2.0770800580       -25.4968915311
        2.0750049000         0.0000000000         0.3628504694         1.9877643470       -25.3639168826
        2.0800046000         0.0000000000         0.3500888351         1.8805854937       -25.6963535038
        2.0850032000         0.0000000000         0.3654027962         1.7938216601       -25.2974295584
        2.0900047000         0.0000000000         0.3654027962         1.6917465617       -25.2974295584
        2.0950052000         0.0000000000         0.3475365082         1.5922233408       -25.7628408280
        2.1000041000         0.0000000000         0.3628504694         1.5029076297       -25.3639168826
        2.1050034000         0.0000000000         0.3577458157         1.3931768990       -25.4968915311
        2.1100068000         0.0000000000         0.3628504694         1.3115168203       -25.3639168826
        2.1150045000         0.0000000000         0.3449841814         1.1992342121       -25.8293281522
        2.1200068000         0.0000000000         0.3628504694         1.1124703785       -25.3639168826
        2.1250034000         0.0000000000         0.3628504694         1.0103952802       -25.3639168826
        2.1300070000         0.0000000000         0.3449841814         0.9083201818       -25.8293281522
        2.1350067000         0.0000000000         0.3628504694         0.7985894511       -25.3639168826
        2.1400046000         0.0000000000         0.3526411620         0.7041699851       -25.6298661795
        2.1450071000         0.0000000000         0.3602981425         0.6071986416       -25.4304042068
        2.1500065000         0.0000000000         0.3551934888         0.5102272982       -25.5633788553
        2.1550292000         0.0000000000         0.3577458157         0.4056003224       -25.4968915311
        2.1600060000         0.0000000000         0.3628504694         0.3137327338       -25.3639168826
        2.1650059000         0.0000000000         0.3679551231         0.2040020031       -25.2309422342
        2.1700059000         0.0000000000         0.3526411620         0.0968231498       -25.6298661795
        2.1750055000         0.0000000000         0.3449841814         0.0049555613       -25.8293281522
        2.1800056000         0.0000000000         0.3577458157         0.0024036839       -25.4968915311
        2.1850246000         0.0000000000         0.3577458157         5.0040835035       -25.4968915311
        2.1900062000         0.0000000000         0.3398795277         5.0040835035       -25.9623028007
        2.1950058000         0.0000000000         0.3424318545         4.8994565277       -25.8958154764
        2.2000055000         0.0000000000         0.3424318545         4.7948295519       -25.8958154764
        2.2050057000         0.0000000000         0.3424318545         4.6902025760       -25.8958154764
        2.2100036000         0.0000000000         0.3424318545         4.5957831101       -25.8958154764
        2.2150059000         0.0000000000         0.3398795277         4.4911561342       -25.9623028007
        2.2200046000         0.0000000000         0.3628504694         4.3967366683       -25.3639168826
        2.2250057000         0.0000000000         0.3475365082         4.2844540601       -25.7628408280
        2.2300039000         0.0000000000         0.3322225471         4.1874827166       -26.1617647733
        2.2350056000         0.0000000000         0.3322225471         4.0828557408       -26.1617647733
        2.2400039000         0.0000000000         0.3424318545         3.9833325199       -25.8958154764
        2.2450056000         0.0000000000         0.3475365082         3.8914649314       -25.7628408280
        2.2500061000         0.0000000000         0.3373272008         3.7919417105       -26.0287901249
        2.2550056000         0.0000000000         0.3347748740         3.6847628572       -26.0952774491
        2.2600036000         0.0000000000         0.3602981425         3.5954471461       -25.4304042068
        2.2650016000         0.0000000000         0.3526411620         3.4984758027       -25.6298661795
        2.2700026000         0.0000000000         0.3373272008         3.3912969494       -26.0287901249
        2.2750020000         0.0000000000         0.3475365082         3.2968774834       -25.7628408280
        2.2800025000         0.0000000000         0.3500888351         3.1896986301       -25.6963535038
        2.2850016000         0.0000000000         0.3424318545         3.0978310416       -25.8958154764
        2.2900074000         0.0000000000         0.3500888351         2.9957559433       -25.6963535038
        2.2950068000         0.0000000000         0.3526411620         2.8987845998       -25.6298661795
        2.3000042000         0.0000000000         0.3500888351         2.8043651338       -25.6963535038
        2.3050038000         0.0000000000         0.3577458157         2.6997381580       -25.4968915311
        2.3100047000         0.0000000000         0.3551934888         2.6078705695       -25.5633788553
        2.3150031000         0.0000000000         0.3475365082         2.4981398388       -25.7628408280
        2.3200070000         0.0000000000         0.3577458157         2.4062722502       -25.4968915311
        2.3250061000         0.0000000000         0.3475365082         2.3041971519       -25.7628408280
        2.3300369000         0.0000000000         0.3424318545         2.2021220535       -25.8958154764
        2.3350025000         0.0000000000         0.3551934888         2.1025988326       -25.5633788553
        2.3400030000         0.0000000000         0.3628504694         2.0056274892       -25.3639168826
        2.3450020000         0.0000000000         0.3551934888         1.9112080232       -25.5633788553
        2.3500038000         0.0000000000         0.3449841814         1.8040291699       -25.8293281522
        2.3550027000         0.0000000000         0.3705074500         1.7198172138       -25.1644549099
        2.3600033000         0.0000000000         0.3475365082         1.6126383605       -25.7628408280
        2.3650058000         0.0000000000         0.3577458157         1.5258745269       -25.4968915311
        2.3700062000         0.0000000000         0.3628504694         1.4237994285       -25.3639168826
        2.3750057000         0.0000000000         0.3551934888         1.3242762076       -25.5633788553
        2.3800039000         0.0000000000         0.3500888351         1.2222011093       -25.6963535038
        2.3850057000         0.0000000000         0.3526411620         1.1277816433       -25.6298661795
        2.3900048000         0.0000000000         0.3705074500         1.0308102998       -25.1644549099
        2.3950027000         0.0000000000         0.3602981425         0.9338389564       -25.4304042068
        2.4000051000         0.0000000000         0.3602981425         0.8343157355       -25.4304042068
        2.4050031000         0.0000000000         0.3500888351         0.7398962695       -25.6963535038
        2.4100034000         0.0000000000         0.3602981425         0.6301655388       -25.4304042068
        2.4150059000         0.0000000000         0.3577458157         0.5255385629       -25.4968915311
        2.4200053000         0.0000000000         0.3628504694         0.4336709744       -25.3639168826
        2.4250058000         0.0000000000         0.3705074500         0.3366996310       -25.1644549099
        2.4300038000         0.0000000000         0.3679551231         0.2346245326       -25.2309422342
        2.4350056000         0.0000000000         0.3526411620         0.1223419244       -25.6298661795
        2.4400034000         0.0000000000         0.3475365082         0.0177149486       -25.7628408280
        2.4450047000         0.0000000000         0.3526411620         0.0024036839       -25.6298661795
        2.4500039000         0.0000000000         0.3628504694         1.1124703785       -25.3639168826
        2.4550046000         0.0000000000         0.3654027962         5.0142910133       -25.2974295584
        2.4600029000         0.0000000000         0.3475365082         4.9300790572       -25.7628408280
        2.4650046000         0.0000000000         0.3347748740         4.8229002039       -26.0952774491
        2.4700055000         0.0000000000         0.3424318545         4.7182732281       -25.8958154764
        2.4750037000         0.0000000000         0.3551934888         4.6136462523       -25.5633788553
        2.4800032000         0.0000000000         0.3449841814         4.5141230314       -25.8293281522
        2.4850022000         0.0000000000         0.3424318545         4.4171516879       -25.8958154764
        2.4900028000         0.0000000000         0.3398795277         4.3074209572       -25.9623028007
        2.4950014000         0.0000000000         0.3424318545         4.2053458588       -25.8958154764
        2.5000017000         0.0000000000         0.3373272008         4.1109263928       -26.0287901249
        2.5050013000         0.0000000000         0.3500888351         4.0165069269       -25.6963535038
        2.5100033000         0.0000000000         0.3449841814         3.9118799510       -25.8293281522
        2.5150051000         0.0000000000         0.3449841814         3.8072529752       -25.8293281522
        2.5200035000         0.0000000000         0.3373272008         3.7128335092       -26.0287901249
        2.5250016000         0.0000000000         0.3500888351         3.6158621658       -25.6963535038
        2.5300033000         0.0000000000         0.3577458157         3.5214426998       -25.4968915311
        2.5350023000         0.0000000000         0.3398795277         3.4142638465       -25.9623028007
        2.5400021000         0.0000000000         0.3424318545         3.3147406256       -25.8958154764
        2.5450014000         0.0000000000         0.3526411620         3.2228730371       -25.6298661795
        2.5500021000         0.0000000000         0.3449841814         3.1182460613       -25.8293281522
        2.5550015000         0.0000000000         0.3424318545         3.0161709629       -25.8958154764
        2.5600040000         0.0000000000         0.3577458157         2.9268552519       -25.4968915311
        2.5650030000         0.0000000000         0.3526411620         2.8273320310       -25.6298661795
        2.5700054000         0.0000000000         0.3398795277         2.7227050552       -25.9623028007
        2.5750043000         0.0000000000         0.3475365082         2.6129743244       -25.7628408280
        2.5800054000         0.0000000000         0.3398795277         2.5236586133       -25.9623028007
        2.5850047000         0.0000000000         0.3449841814         2.4190316375       -25.8293281522
        2.5900033000         0.0000000000         0.3602981425         2.3169565392       -25.4304042068
        2.5950023000         0.0000000000         0.3373272008         2.2225370732       -26.0287901249
        2.6000054000         0.0000000000         0.3577458157         2.1281176072       -25.4968915311
        2.6050028000         0.0000000000         0.3577458157         2.0285943863       -25.4968915311
        2.6100024000         0.0000000000         0.3602981425         1.9367267978       -25.4304042068
        2.6150015000         0.0000000000         0.3577458157         1.8372035769       -25.4968915311
        2.6200022000         0.0000000000         0.3654027962         1.7453359884       -25.2974295584
        2.6250016000         0.0000000000         0.3577458157         1.6432608900       -25.4968915311
        2.6300039000         0.0000000000         0.3602981425         1.5488414240       -25.4304042068
        2.6350034000         0.0000000000         0.3500888351         1.4442144482       -25.6963535038
        2.6400032000         0.0000000000         0.3398795277         1.3421393498       -25.9623028007
        2.6450022000         0.0000000000         0.3705074500         1.2451680064       -25.1644549099
        2.6500029000         0.0000000000         0.3628504694         1.1609560502       -25.3639168826
        2.6550021000         0.0000000000         0.3551934888         1.0563290744       -25.5633788553
        2.6600028000         0.0000000000         0.3577458157         0.9568058535       -25.4968915311
        2.6650016000         0.0000000000         0.3679551231         0.8623863875       -25.2309422342
        2.6700022000         0.0000000000         0.3398795277         0.7501037793       -25.9623028007
        2.6750025000         0.0000000000         0.3654027962         0.6607880683       -25.2974295584
        2.6800015000         0.0000000000         0.3730597768         0.5663686023       -25.0979675857
        2.6850046000         0.0000000000         0.3551934888         0.4540859941       -25.5633788553
        2.6900016000         0.0000000000         0.3602981425         0.3520108957       -25.4304042068
        2.6950043000         0.0000000000         0.3424318545         0.2473839199       -25.8958154764
        2.7000015000         0.0000000000         0.3551934888         0.1478606990       -25.5633788553
        2.7050024000         0.0000000000         0.3602981425         0.0483374781       -25.4304042068
        2.7100025000         0.0000000000         0.3449841814        -0.0052519485       -25.8293281522
        2.7150024000         0.0000000000         0.3475365082         1.1150222560       -25.7628408280
        2.7200019000         0.0000000000         0.3500888351         4.9989797486       -25.6963535038
        2.7250029000         0.0000000000         0.3500888351         4.9530459543       -25.6963535038
        2.7300012000         0.0000000000         0.3475365082         4.8484189785       -25.7628408280
        2.7350049000         0.0000000000         0.3398795277         4.7412401252       -25.9623028007
        2.7400019000         0.0000000000         0.3424318545         4.6366131494       -25.8958154764
        2.7450029000         0.0000000000         0.3500888351         4.5345380510       -25.6963535038
        2.7500020000         0.0000000000         0.3424318545         4.4350148301       -25.8958154764
        2.7550039000         0.0000000000         0.3398795277         4.3329397318       -25.9623028007
        2.7600028000         0.0000000000         0.3424318545         4.2308646334       -25.8958154764
        2.7650057000         0.0000000000         0.3475365082         4.1287895351       -25.7628408280
        2.7700029000         0.0000000000         0.3347748740         4.0292663142       -26.0952774491
        2.7750039000         0.0000000000         0.3449841814         3.9399506031       -25.8293281522
        2.7800025000         0.0000000000         0.3551934888         3.8353236273       -25.5633788553
        2.7850057000         0.0000000000         0.3500888351         3.7434560388       -25.6963535038
        2.7900025000         0.0000000000         0.3373272008         3.6413809404       -26.0287901249
        2.7950051000         0.0000000000         0.3449841814         3.5290983322       -25.8293281522
        2.8000036000         0.0000000000         0.3500888351         3.4346788662       -25.6963535038
        2.8050033000         0.0000000000         0.3296702203         3.3300518904       -26.2282520976
        2.8100026000         0.0000000000         0.3347748740         3.2279767920       -26.0952774491
        2.8150034000         0.0000000000         0.3526411620         3.1386610810       -25.6298661795
        2.8200022000         0.0000000000         0.3449841814         3.0365859826       -25.8293281522
        2.8250057000         0.0000000000         0.3551934888         2.9447183941       -25.5633788553
        2.8300018000         0.0000000000         0.3424318545         2.8477470506       -25.8958154764
        2.8350062000         0.0000000000         0.3424318545         2.7431200748       -25.8958154764
        2.8400028000         0.0000000000         0.3500888351         2.6384930990       -25.6963535038
        2.8450031000         0.0000000000         0.3424318545         2.5466255105       -25.8958154764
        2.8500016000         0.0000000000         0.3475365082         2.4471022896       -25.7628408280
        2.8550060000         0.0000000000         0.3526411620         2.3399234363       -25.6298661795
        2.8600058000         0.0000000000         0.3475365082         2.2429520929       -25.7628408280
        2.8650036000         0.0000000000         0.3449841814         2.1434288720       -25.8293281522
        2.8700023000         0.0000000000         0.3424318545         2.0464575285       -25.8958154764
        2.8750024000         0.0000000000         0.3551934888         1.9520380625       -25.5633788553
        2.8800014000         0.0000000000         0.3577458157         1.8550667191       -25.4968915311
        2.8850022000         0.0000000000         0.3654027962         1.7657510080       -25.2974295584
        2.8900020000         0.0000000000         0.3398795277         1.6636759097       -25.9623028007
        2.8950052000         0.0000000000         0.3551934888         1.5641526888       -25.5633788553
        2.9000046000         0.0000000000         0.3807167574         1.4722851002       -24.8985056130
        2.9050100000         0.0000000000         0.3347748740         1.3676581244       -26.0952774491
        2.9100090000         0.0000000000         0.3654027962         1.2783424134       -25.2974295584
        2.9150082000         0.0000000000         0.3628504694         1.1686116826       -25.3639168826
        2.9200077000         0.0000000000         0.3551934888         1.0767440941       -25.5633788553
        2.9250241000         0.0000000000         0.3577458157         0.9746689957       -25.4968915311
        2.9300074000         0.0000000000         0.3500888351         0.8725938974       -25.6963535038
        2.9350061000         0.0000000000         0.3628504694         0.7756225539       -25.3639168826
        2.9400059000         0.0000000000         0.3628504694         0.6760993330       -25.3639168826
        2.9450064000         0.0000000000         0.3602981425         0.5765761121       -25.4304042068
        2.9500092000         0.0000000000         0.3602981425         0.4821566461       -25.4304042068
        2.9550042000         0.0000000000         0.3730597768         0.3851853027       -25.0979675857
        2.9600040000         0.0000000000         0.3577458157         0.2780064494       -25.4968915311
        2.9650050000         0.0000000000         0.3475365082         0.1657238412       -25.7628408280
        2.9700048000         0.0000000000         0.3500888351         0.0636487429       -25.6963535038
        2.9750089000         0.0000000000         0.3551934888         0.0075074388       -25.5633788553
        2.9800643000         0.0000000000         0.3449841814         1.1073666236       -25.8293281522
        2.9850052000         0.0000000000         0.3551934888         5.0066353810       -25.5633788553
        2.9900086000         0.0000000000         0.3424318545         4.9734609740       -25.8958154764
        2.9950064000         0.0000000000         0.3449841814         4.8637302433       -25.8293281522
        3.0000098000         0.0000000000         0.3449841814         4.7642070224       -25.8293281522
        3.0050078000         0.0000000000         0.3424318545         4.6595800465       -25.8958154764
        3.0100086000         0.0000000000         0.3500888351         4.5651605806       -25.6963535038
        3.0150080000         0.0000000000         0.3526411620         4.4579817273       -25.6298661795
        3.0200101000         0.0000000000         0.3322225471         4.3482509965       -26.1617647733
        3.0250080000         0.0000000000         0.3373272008         4.2563834080       -26.0287901249
        3.0300072000         0.0000000000         0.3475365082         4.1543083097       -25.7628408280
        3.0350101000         0.0000000000         0.3475365082         4.0522332113       -25.7628408280
        3.0400102000         0.0000000000         0.3347748740         3.9603656228       -26.0952774491
        3.0450109000         0.0000000000         0.3449841814         3.8633942793       -25.8293281522
        3.0500087000         0.0000000000         0.3500888351         3.7536635486       -25.6963535038
        3.0550044000         0.0000000000         0.3424318545         3.6566922051       -25.8958154764
        3.0600049000         0.0000000000         0.3296702203         3.5571689842       -26.2282520976
        3.0650029000         0.0000000000         0.3526411620         3.4627495183       -25.6298661795
        3.0700048000         0.0000000000         0.3424318545         3.3504669101       -25.8958154764
        3.0750047000         0.0000000000         0.3322225471         3.2534955666       -26.1617647733
        3.0800054000         0.0000000000         0.3424318545         3.1565242232       -25.8958154764
        3.0850045000         0.0000000000         0.3424318545         3.0570010023       -25.8958154764
        3.0900040000         0.0000000000         0.3449841814         2.9600296588       -25.8293281522
        3.0950052000         0.0000000000         0.3500888351         2.8681620703       -25.6963535038
        3.1000046000         0.0000000000         0.3398795277         2.7609832170       -25.9623028007
        3.1050036000         0.0000000000         0.3475365082         2.6614599961       -25.7628408280
        3.1100057000         0.0000000000         0.3475365082         2.5593848978       -25.7628408280
        3.1150037000         0.0000000000         0.3500888351         2.4649654318       -25.6963535038
        3.1200061000         0.0000000000         0.3475365082         2.3756497207       -25.7628408280
        3.1250056000         0.0000000000         0.3500888351         2.2684708674       -25.6963535038
        3.1300030000         0.0000000000         0.3679551231         2.1689476465       -25.2309422342
        3.1350077000         0.0000000000         0.3475365082         2.0694244256       -25.7628408280
        3.1400051000         0.0000000000         0.3424318545         1.9647974498       -25.8958154764
        3.1450019000         0.0000000000         0.3424318545         1.8754817388       -25.8958154764
        3.1500042000         0.0000000000         0.3756121037         1.7836141502       -25.0314802615
        3.1550057000         0.0000000000         0.3577458157         1.6866428068       -25.4968915311
        3.1600043000         0.0000000000         0.3500888351         1.5871195859       -25.6963535038
        3.1650044000         0.0000000000         0.3577458157         1.4850444875       -25.4968915311
        3.1700042000         0.0000000000         0.3654027962         1.3957287765       -25.2974295584
        3.1750051000         0.0000000000         0.3577458157         1.2911018006       -25.4968915311
        3.1800046000         0.0000000000         0.3475365082         1.1864748248       -25.7628408280
        3.1850046000         0.0000000000         0.3654027962         1.1022628687       -25.2974295584
        3.1900037000         0.0000000000         0.3628504694         0.9976358929       -25.3639168826
        3.1950025000         0.0000000000         0.3500888351         0.8955607945       -25.6963535038
        3.2000031000         0.0000000000         0.3602981425         0.7909338187       -25.4304042068
        3.2050049000         0.0000000000         0.3602981425         0.6965143527       -25.4304042068
        3.2100041000         0.0000000000         0.3654027962         0.6046467642       -25.2974295584
        3.2150028000         0.0000000000         0.3577458157         0.5025716658       -25.4968915311
        3.2200040000         0.0000000000         0.3577458157         0.3953928125       -25.4968915311
        3.2250031000         0.0000000000         0.3551934888         0.2933177142       -25.5633788553
        3.2300030000         0.0000000000         0.3475365082         0.1835869834       -25.7628408280
        3.2350044000         0.0000000000         0.3551934888         0.0866156400       -25.5633788553
        3.2400036000         0.0000000000         0.3628504694         0.0075074388       -25.3639168826
        3.2450047000         0.0000000000         0.3551934888         0.0100593162       -25.5633788553
        3.2500052000         0.0000000000         0.3449841814         4.9989797486       -25.8293281522
        3.2550078000         0.0000000000         0.3373272008         4.9913241162       -26.0287901249
        3.2600039000         0.0000000000         0.3475365082         4.8866971404       -25.7628408280
        3.2650048000         0.0000000000         0.3475365082         4.7769664097       -25.7628408280
        3.2700037000         0.0000000000         0.3424318545         4.6825469437       -25.8958154764
        3.2750053000         0.0000000000         0.3347748740         4.5728162129       -26.0952774491
        3.2800318000         0.0000000000         0.3500888351         4.4783967469       -25.6963535038
        3.2850049000         0.0000000000         0.3526411620         4.3737697711       -25.6298661795
        3.2900937000         0.0000000000         0.3475365082         4.2691427953       -25.7628408280
        3.2950109000         0.0000000000         0.3398795277         4.1721714519       -25.9623028007
        3.3000379000         0.0000000000         0.3347748740         4.0624407211       -26.0952774491
        3.3050049000         0.0000000000         0.3475365082         3.9731250101       -25.7628408280
        3.3100072000         0.0000000000         0.3347748740         3.8684980342       -26.0952774491
        3.3150045000         0.0000000000         0.3271178934         3.7664229359       -26.2947394218
        3.3200068000         0.0000000000         0.3526411620         3.6720034699       -25.6298661795
        3.3250143000         0.0000000000         0.3628504694         3.5801358814       -25.3639168826
        3.3300103000         0.0000000000         0.3347748740         3.4806126605       -26.0952774491
        3.3350069000         0.0000000000         0.3424318545         3.3708819297       -25.8958154764
        3.3400061000         0.0000000000         0.3500888351         3.2739105863       -25.6963535038
        3.3450056000         0.0000000000         0.3500888351         3.1820429978       -25.6963535038
        3.3500186000         0.0000000000         0.3347748740         3.0723122670       -26.0952774491
        3.3550062000         0.0000000000         0.3475365082         2.9778928011       -25.7628408280
        3.3600058000         0.0000000000         0.3526411620         2.8809214576       -25.6298661795
        3.3650059000         0.0000000000         0.3500888351         2.7813982367       -25.6963535038
        3.3700051000         0.0000000000         0.3398795277         2.6767712609       -25.9623028007
        3.3750065000         0.0000000000         0.3398795277         2.5797999174       -25.9623028007
        3.3800085000         0.0000000000         0.3679551231         2.4904842064       -25.2309422342
        3.3850071000         0.0000000000         0.3551934888         2.3935128629       -25.5633788553
        3.3900452000         0.0000000000         0.3500888351         2.2837821322       -25.6963535038
        3.3950055000         0.0000000000         0.3500888351         2.1868107888       -25.6963535038
        3.4000042000         0.0000000000         0.3500888351         2.0847356904       -25.6963535038
        3.4050059000         0.0000000000         0.3577458157         1.9877643470       -25.4968915311
        3.4100065000         0.0000000000         0.3500888351         1.8933448810       -25.6963535038
        3.4150053000         0.0000000000         0.3526411620         1.7963735375       -25.6298661795
        3.4200048000         0.0000000000         0.3602981425         1.7070578265       -25.4304042068
        3.4250038000         0.0000000000         0.3577458157         1.6100864830       -25.4968915311
        3.4300048000         0.0000000000         0.3475365082         1.5054595072       -25.7628408280
        3.4350047000         0.0000000000         0.3679551231         1.4135919187       -25.2309422342
        3.4400046000         0.0000000000         0.3654027962         1.3166205752       -25.2974295584
        3.4450047000         0.0000000000         0.3577458157         1.2145454769       -25.4968915311
        3.4500048000         0.0000000000         0.3602981425         1.1175741334       -25.4304042068
        3.4550041000         0.0000000000         0.3602981425         1.0129471576       -25.4304042068
        3.4600050000         0.0000000000         0.3551934888         0.9159758142       -25.5633788553
        3.4650028000         0.0000000000         0.3654027962         0.8241082257       -25.2974295584
        3.4700046000         0.0000000000         0.3577458157         0.7245850047       -25.4968915311
        3.4750031000         0.0000000000         0.3602981425         0.6174061515       -25.4304042068
        3.4800047000         0.0000000000         0.3551934888         0.5204348080       -25.5633788553
        3.4850049000         0.0000000000         0.3500888351         0.4209115871       -25.6963535038
        3.4900049000         0.0000000000         0.3705074500         0.3213883662       -25.1644549099
        3.4950031000         0.0000000000         0.3602981425         0.2091057580       -25.4304042068
        3.5000017000         0.0000000000         0.3602981425         0.1172381695       -25.4304042068
        3.5050043000         0.0000000000         0.3424318545         0.0100593162       -25.8958154764
        3.5100026000         0.0000000000         0.3526411620         0.0049555613       -25.6298661795
        3.5150026000         0.0000000000         0.3551934888         5.0091872584       -25.5633788553
        3.5200021000         0.0000000000         0.3551934888         5.0117391359       -25.5633788553
        3.5250038000         0.0000000000         0.3424318545         4.9071121601       -25.8958154764
        3.5300027000         0.0000000000         0.3475365082         4.8050370617       -25.7628408280
        3.5350023000         0.0000000000         0.3424318545         4.6978582084       -25.8958154764
        3.5400013000         0.0000000000         0.3398795277         4.5932312326       -25.9623028007
        3.5450014000         0.0000000000         0.3424318545         4.4962598892       -25.8958154764
        3.5500011000         0.0000000000         0.3424318545         4.3941847908       -25.8958154764
        3.5550024000         0.0000000000         0.3602981425         4.2972134474       -25.4304042068
        3.5600025000         0.0000000000         0.3373272008         4.1900345941       -26.0287901249
        3.5650058000         0.0000000000         0.3347748740         4.0905113732       -26.0952774491
        3.5700039000         0.0000000000         0.3398795277         3.9909881523       -25.9623028007
        3.5750064000         0.0000000000         0.3526411620         3.8940168088       -25.6298661795
        3.5800035000         0.0000000000         0.3424318545         3.7944935879       -25.8958154764
        3.5850050000         0.0000000000         0.3271178934         3.6924184896       -26.2947394218
        3.5900030000         0.0000000000         0.3500888351         3.6005509010       -25.6963535038
        3.5950021000         0.0000000000         0.3526411620         3.4933720478       -25.6298661795
        3.6000013000         0.0000000000         0.3398795277         3.3989525818       -25.9623028007
        3.6050025000         0.0000000000         0.3398795277         3.2892218510       -25.9623028007
        3.6100073000         0.0000000000         0.3449841814         3.1948023851       -25.8293281522
        3.6150052000         0.0000000000         0.3449841814         3.0927272867       -25.8293281522
        3.6200031000         0.0000000000         0.3347748740         2.9957559433       -26.0952774491
        3.6250060000         0.0000000000         0.3424318545         2.8936808449       -25.8958154764
        3.6300033000         0.0000000000         0.3475365082         2.8018132564       -25.7628408280
        3.6350026000         0.0000000000         0.3449841814         2.6997381580       -25.8293281522
        3.6400023000         0.0000000000         0.3398795277         2.6027668146       -25.9623028007
        3.6450068000         0.0000000000         0.3551934888         2.5083473486       -25.5633788553
        3.6500034000         0.0000000000         0.3551934888         2.4088241277       -25.5633788553
        3.6550032000         0.0000000000         0.3500888351         2.2990933970       -25.6963535038
        3.6600027000         0.0000000000         0.3500888351         2.2072258084       -25.6963535038
        3.6650023000         0.0000000000         0.3449841814         2.1077025875       -25.8293281522
        3.6700020000         0.0000000000         0.3526411620         2.0030756117       -25.6298661795
        3.6750041000         0.0000000000         0.3449841814         1.9086561457       -25.8293281522
        3.6800025000         0.0000000000         0.3449841814         1.8040291699       -25.8293281522
        3.6850025000         0.0000000000         0.3526411620         1.7147134588       -25.6298661795
        3.6900013000         0.0000000000         0.3577458157         1.6202939929       -25.4968915311
        3.6950039000         0.0000000000         0.3475365082         1.5156670170       -25.7628408280
        3.7000044000         0.0000000000         0.3628504694         1.4263513060       -25.3639168826
        3.7050030000         0.0000000000         0.3602981425         1.3319318400       -25.4304042068
        3.7100026000         0.0000000000         0.3602981425         1.2298567416       -25.4304042068
        3.7150034000         0.0000000000         0.3475365082         1.1252297658       -25.7628408280
        3.7200024000         0.0000000000         0.3500888351         1.0308102998       -25.6963535038
        3.7250025000         0.0000000000         0.3679551231         0.9363908338       -25.2309422342
        3.7300014000         0.0000000000         0.3628504694         0.8343157355       -25.3639168826
        3.7350035000         0.0000000000         0.3424318545         0.7373443920       -25.8958154764
        3.7400031000         0.0000000000         0.3475365082         0.6276136613       -25.7628408280
        3.7457381000         0.0000000000         0.3781644305         0.5280904404       -24.9649929373
        3.7500037000         0.0000000000         0.3475365082         0.4285672195       -25.7628408280
        3.7550861000         0.0000000000         0.3628504694         0.3366996310       -25.3639168826
        3.7600028000         0.0000000000         0.3551934888         0.2371764101       -25.5633788553
        3.7650033000         0.0000000000         0.3500888351         0.1223419244       -25.6963535038
        3.7700021000         0.0000000000         0.3526411620         0.0253705810       -25.6298661795
        3.7750027000         0.0000000000         0.3449841814         0.0024036839       -25.8293281522
        3.7800036000         0.0000000000         0.3500888351         1.1073666236       -25.6963535038
        3.7850036000         0.0000000000         0.3577458157         5.0066353810       -25.4968915311
        3.7900037000         0.0000000000         0.3475365082         4.9249753023       -25.7628408280
        3.7950108000         0.0000000000         0.3373272008         4.8331077137       -26.0287901249
        3.8000037000         0.0000000000         0.3424318545         4.7182732281       -25.8958154764
        3.8050027000         0.0000000000         0.3526411620         4.6187500072       -25.6298661795
        3.8100032000         0.0000000000         0.3449841814         4.5141230314       -25.8293281522
        3.8150021000         0.0000000000         0.3296702203         4.4069441781       -26.2282520976
        3.8200099000         0.0000000000         0.3322225471         4.3048690797       -26.1617647733
        3.8250017000         0.0000000000         0.3424318545         4.2104496138       -25.8958154764
        3.8300028000         0.0000000000         0.3500888351         4.1185820252       -25.6963535038
        3.8350052000         0.0000000000         0.3347748740         4.0114031719       -26.0952774491
        3.8400045000         0.0000000000         0.3322225471         3.9042243187       -26.1617647733
        3.8450027000         0.0000000000         0.3500888351         3.8149086076       -25.6963535038
        3.8500015000         0.0000000000         0.3373272008         3.7102816318       -26.0287901249
        3.8550043000         0.0000000000         0.3347748740         3.6107584109       -26.0952774491
        3.8600035000         0.0000000000         0.3551934888         3.5188908224       -25.5633788553
        3.8650031000         0.0000000000         0.3424318545         3.4066082142       -25.8958154764
        3.8700022000         0.0000000000         0.3347748740         3.3096368707       -26.0952774491
        3.8750052000         0.0000000000         0.3475365082         3.2228730371       -25.7628408280
        3.8800022000         0.0000000000         0.3475365082         3.1131423064       -25.7628408280
        3.8850031000         0.0000000000         0.3398795277         3.0085153306       -25.9623028007
        3.8900022000         0.0000000000         0.3526411620         2.9243033744       -25.6298661795
        3.8952434000         0.0000000000         0.3526411620         2.8171245211       -25.6298661795
        3.9000200000         0.0000000000         0.3526411620         2.7227050552       -25.6298661795
        3.9050024000         0.0000000000         0.3475365082         2.6282855892       -25.7628408280
        3.9100036000         0.0000000000         0.3398795277         2.5160029810       -25.9623028007
        3.9150098000         0.0000000000         0.3577458157         2.4292391474       -25.4968915311
        3.9200017000         0.0000000000         0.3628504694         2.3271640490       -25.3639168826
        3.9250040000         0.0000000000         0.3449841814         2.2250889506       -25.8293281522
        3.9300072000         0.0000000000         0.3475365082         2.1255657297       -25.7628408280
        3.9350048000         0.0000000000         0.3602981425         2.0336981412       -25.4304042068
        3.9400618000         0.0000000000         0.3475365082         1.9265192879       -25.7628408280
        3.9450038000         0.0000000000         0.3475365082         1.8320998220       -25.7628408280
        3.9500034000         0.0000000000         0.3577458157         1.7376803560       -25.4968915311
        3.9550050000         0.0000000000         0.3602981425         1.6458127674       -25.4304042068
        3.9600041000         0.0000000000         0.3654027962         1.5488414240       -25.2974295584
        3.9650018000         0.0000000000         0.3654027962         1.4493182031       -25.2974295584
        3.9700034000         0.0000000000         0.3347748740         1.3395874724       -26.0952774491
        3.9750089000         0.0000000000         0.3679551231         1.2477198838       -25.2309422342
        3.9800086000         0.0000000000         0.3628504694         1.1507485404       -25.3639168826
        3.9850060000         0.0000000000         0.3602981425         1.0614328293       -25.4304042068
        3.9900044000         0.0000000000         0.3475365082         0.9542539761       -25.7628408280
        3.9950060000         0.0000000000         0.3628504694         0.8521788777       -25.3639168826
