% Motor Sweep Step 177/180
% Vcmd       = 4.9500 [V]
% Direction  = CW
% Zone       = OUTER
% Vg_offset  = 1.336155 [V]
% K_gimbal   = 26.049690 [(rad/s)/V]

Time[s]              Vcmd[V]              Vg_raw[V]            Pot[V]               Omega[rad/s]
        0.0000061000         4.9500000000         1.3429439823         1.5513933015         0.1768562824
        0.0050056000         4.9500000000         1.3327346748         1.5437376691        -0.0890930145
        0.0100366000         4.9500000000         1.3403916554         1.5539451789         0.1103689582
        0.0150105000         4.9500000000         1.4807696325         1.5564970564         3.7671717907
        0.0200024000         4.9500000000         1.6415662245         1.5794639535         7.9558732170
        0.0250021000         4.9500000000         1.6364615707         1.6049827281         7.8228985685
        0.0300042000         4.9500000000         1.7053743959         1.6458127674         9.6180563226
        0.0350025000         4.9500000000         1.7232406839         1.6789871744        10.0834675922
        0.0400032000         4.9500000000         1.8049151433         1.7172653363        12.2110619675
        0.0450043000         4.9500000000         1.8176767776         1.7657510080        12.5434985886
        0.0500049000         4.9500000000         1.8967989101         1.8167885572        14.6046056396
        0.0550029000         4.9500000000         1.9376361398         1.8703779838        15.6684028273
        0.0600023000         4.9500000000         1.9631594084         1.9367267978        16.3332760695
        0.0650041000         4.9500000000         1.9886826769         1.9954199793        16.9981493118
        0.0700061000         4.9500000000         2.0320722335         2.0694244256        18.1284338236
        0.0750888000         4.9500000000         2.0422815409         2.1434288720        18.3943831206
        0.0800054000         4.9500000000         2.0601478289         2.2046739310        18.8597943901
        0.0850240000         4.9500000000         2.0958804049         2.2863340097        19.7906169293
        0.0900029000         4.9500000000         2.0958804049         2.3603384560        19.7906169293
        0.0950042000         4.9500000000         2.1111943660         2.4368947797        20.1895408747
        0.1000024000         4.9500000000         2.1214036735         2.5160029810        20.4554901716
        0.1050009000         4.9500000000         2.1367176346         2.5976630597        20.8544141169
        0.1100027000         4.9500000000         2.1596885763         2.6793231383        21.4528000350
        0.1150039000         4.9500000000         2.1494792689         2.7609832170        21.1868507381
        0.1200029000         4.9500000000         2.1571362495         2.8451951732        21.3863127108
        0.1250021000         4.9500000000         2.1698978837         2.9243033744        21.7187493319
        0.1300050000         4.9500000000         2.1877641717         3.0161709629        22.1841606015
        0.1350022000         4.9500000000         2.1852118449         3.1054866740        22.1176732772
        0.1400353000         4.9500000000         2.1826595180         3.1820429978        22.0511859530
        0.1450080000         4.9500000000         2.1979734792         3.2662549539        22.4501098984
        0.1500028000         4.9500000000         2.1775548643         3.3504669101        21.9182113046
        0.1550014000         4.9500000000         2.1979734792         3.4346788662        22.4501098984
        0.1600043000         4.9500000000         2.2056304597         3.5316502097        22.6495718711
        0.1650032000         4.9500000000         2.2030781329         3.6107584109        22.5830845468
        0.1700012000         4.9500000000         2.2005258060         3.6975222445        22.5165972226
        0.1750041000         4.9500000000         2.2132874403         3.7868379556        22.8490338437
        0.1800043000         4.9500000000         2.2005258060         3.8684980342        22.5165972226
        0.1850014000         4.9500000000         2.1903164986         3.9552618679        22.2506479257
        0.1900029000         4.9500000000         2.1954211523         4.0420257015        22.3836225742
        0.1950036000         4.9500000000         2.2056304597         4.1364451674        22.6495718711
        0.2000384000         4.9500000000         2.2030781329         4.2206571236        22.5830845468
        0.2050011000         4.9500000000         2.1979734792         4.3048690797        22.4501098984
        0.2100042000         4.9500000000         2.2030781329         4.4018404232        22.5830845468
        0.2150029000         4.9500000000         2.2132874403         4.4962598892        22.8490338437
        0.2200011000         4.9500000000         2.2132874403         4.5830237228        22.8490338437
        0.2250969000         4.9500000000         2.2132874403         4.6723394338        22.8490338437
        0.2300045000         4.9500000000         2.2081827866         4.7667588998        22.7160591953
        0.2350017000         4.9500000000         2.2081827866         4.8611783658        22.7160591953
        0.2400027000         4.9500000000         2.2234967477         4.9581497092        23.1149831407
        0.2450049000         4.9500000000         2.2158397672         5.0066353810        22.9155211680
        0.2500018000         4.9500000000         2.2005258060         4.9862203613        22.5165972226
        0.2550014000         4.9500000000         2.2132874403         0.0100593162        22.8490338437
        0.2600988000         4.9500000000         2.2056304597         0.0024036839        22.6495718711
        0.2650025000         4.9500000000         2.2107351134         0.0866156400        22.7825465195
        0.2700032000         4.9500000000         2.2081827866         0.1784832285        22.7160591953
        0.2750434000         4.9500000000         2.2056304597         0.2729026945        22.6495718711
        0.2800029000         4.9500000000         2.2234967477         0.3622184056        23.1149831407
        0.2850021000         4.9500000000         2.2158397672         0.4515341166        22.9155211680
        0.2900011000         4.9500000000         2.2030781329         0.5408498277        22.5830845468
        0.2950033000         4.9500000000         2.2132874403         0.6352692937        22.8490338437
        0.3000059000         4.9500000000         2.2056304597         0.7220331273        22.6495718711
        0.3050017000         4.9500000000         2.2081827866         0.7985894511        22.7160591953
        0.3100037000         4.9500000000         2.2081827866         0.8981126720        22.7160591953
        0.3150045000         4.9500000000         2.2030781329         0.9823246281        22.5830845468
        0.3200023000         4.9500000000         2.2056304597         1.0767440941        22.6495718711
        0.3250032000         4.9500000000         2.2005258060         1.1558522953        22.5165972226
        0.3300031000         4.9500000000         2.2132874403         1.2451680064        22.8490338437
        0.3350018000         4.9500000000         2.2056304597         1.3344837175        22.6495718711
        0.3400026000         4.9500000000         2.2030781329         1.4186956736        22.5830845468
        0.3450044000         4.9500000000         2.2132874403         1.5105632621        22.8490338437
        0.3500027000         4.9500000000         2.2056304597         1.5922233408        22.6495718711
        0.3550022000         4.9500000000         2.2056304597         1.6789871744        22.6495718711
        0.3600063000         4.9500000000         2.2107351134         1.7657510080        22.7825465195
        0.3650038000         4.9500000000         2.2132874403         1.8499629642        22.8490338437
        0.3700036000         4.9500000000         2.2158397672         1.9443824302        22.9155211680
        0.3750027000         4.9500000000         2.2158397672         2.0311462638        22.9155211680
        0.3800101000         4.9500000000         2.2209444209         2.1128063424        23.0484958164
        0.3850063000         4.9500000000         2.1928688255         2.1995701761        22.3171352499
        0.3900039000         4.9500000000         2.1979734792         2.2812302547        22.4501098984
        0.3950073000         4.9500000000         2.2183920940         2.3782015982        22.9820084922
        0.4000029000         4.9500000000         2.2056304597         2.4624135543        22.6495718711
        0.4050022000         4.9500000000         2.1979734792         2.5466255105        22.4501098984
        0.4100053000         4.9500000000         2.2081827866         2.6333893441        22.7160591953
        0.4150079000         4.9500000000         2.2234967477         2.7329125650        23.1149831407
        0.4200105000         4.9500000000         2.2132874403         2.8171245211        22.8490338437
        0.4250024000         4.9500000000         2.2056304597         2.8962327224        22.6495718711
        0.4300033000         4.9500000000         2.2234967477         2.9957559433        23.1149831407
        0.4350025000         4.9500000000         2.2234967477         3.0850716543        23.1149831407
        0.4400045000         4.9500000000         2.2260490746         3.1743873654        23.1814704649
        0.4450056000         4.9500000000         2.2209444209         3.2560474441        23.0484958164
        0.4500041000         4.9500000000         2.2158397672         3.3530187875        22.9155211680
        0.4550032000         4.9500000000         2.2183920940         3.4244713564        22.9820084922
        0.4600039000         4.9500000000         2.2234967477         3.5290983322        23.1149831407
        0.4653920000         4.9500000000         2.2311537283         3.6235177982        23.3144451133
        0.4701255000         4.9500000000         2.2234967477         3.7077297543        23.1149831407
        0.4750709000         4.9500000000         2.2183920940         3.7919417105        22.9820084922
        0.4800055000         4.9500000000         2.2132874403         3.8710499117        22.8490338437
        0.4850051000         4.9500000000         2.2209444209         3.9705731326        23.0484958164
        0.4900087000         4.9500000000         2.2209444209         4.0598888437        23.0484958164
        0.4950071000         4.9500000000         2.2183920940         4.1364451674        22.9820084922
        0.5000049000         4.9500000000         2.2260490746         4.2385202658        23.1814704649
        0.5050040000         4.9500000000         2.2234967477         4.3227322219        23.1149831407
        0.5100035000         4.9500000000         2.2081827866         4.4120479330        22.7160591953
        0.5150140000         4.9500000000         2.2183920940         4.5013636441        22.9820084922
        0.5200762000         4.9500000000         2.2107351134         4.5957831101        22.7825465195
        0.5250477000         4.9500000000         2.2209444209         4.6876506986        23.0484958164
        0.5300052000         4.9500000000         2.2183920940         4.7718626547        22.9820084922
        0.5350045000         4.9500000000         2.2030781329         4.8688339982        22.5830845468
        0.5400155000         4.9500000000         2.2183920940         4.9607015867        22.9820084922
        0.5450086000         4.9500000000         2.2158397672         5.0091872584        22.9155211680
        0.5500118000         4.9500000000         2.2183920940         1.1150222560        22.9820084922
        0.5550084000         4.9500000000         2.2030781329        -0.0052519485        22.5830845468
        0.5600044000         4.9500000000         2.2132874403         0.0228187035        22.8490338437
        0.5650012000         4.9500000000         2.2107351134         0.0968231498        22.7825465195
        0.5700241000         4.9500000000         2.2132874403         0.1963463707        22.8490338437
        0.5750263000         4.9500000000         2.2005258060         0.2805583269        22.5165972226
        0.5800059000         4.9500000000         2.2056304597         0.3775296703        22.6495718711
        0.5850052000         4.9500000000         2.2056304597         0.4719491363        22.6495718711
        0.5900059000         4.9500000000         2.2209444209         0.5638167248        23.0484958164
        0.5950054000         4.9500000000         2.2056304597         0.6429249261        22.6495718711
        0.6000047000         4.9500000000         2.2158397672         0.7322406371        22.9155211680
        0.6050048000         4.9500000000         2.2005258060         0.8164525933        22.5165972226
        0.6100035000         4.9500000000         2.2183920940         0.9108720593        22.9820084922
        0.6150088000         4.9500000000         2.2183920940         1.0052915252        22.9820084922
        0.6200040000         4.9500000000         2.2030781329         1.0869516039        22.5830845468
        0.6250068000         4.9500000000         2.2081827866         1.1762673150        22.7160591953
        0.6300030000         4.9500000000         2.2209444209         1.2655830261        23.0484958164
        0.6350034000         4.9500000000         2.2107351134         1.3395874724        22.7825465195
        0.6400025000         4.9500000000         2.2107351134         1.4340069384        22.7825465195
        0.6450022000         4.9500000000         2.2081827866         1.5156670170        22.7160591953
        0.6500013000         4.9500000000         2.2030781329         1.6024308506        22.5830845468
        0.6550006000         4.9500000000         2.2107351134         1.6891946843        22.7825465195
        0.6600042000         4.9500000000         2.2081827866         1.7759585179        22.7160591953
        0.6650026000         4.9500000000         2.2005258060         1.8601704740        22.5165972226
        0.6700033000         4.9500000000         2.1954211523         1.9469343076        22.3836225742
        0.6750019000         4.9500000000         2.2132874403         2.0388018961        22.8490338437
        0.6800028000         4.9500000000         2.2260490746         2.1357732396        23.1814704649
        0.6850015000         4.9500000000         2.2107351134         2.2148814408        22.7825465195
        0.6900011000         4.9500000000         2.2056304597         2.2965415195        22.6495718711
        0.6950014000         4.9500000000         2.2286014014         2.4011684953        23.2479577891
        0.7000034000         4.9500000000         2.2234967477         2.4802766965        23.1149831407
        0.7050012000         4.9500000000         2.2132874403         2.5670405302        22.8490338437
        0.7100026000         4.9500000000         2.2260490746         2.6589081187        23.1814704649
        0.7150007000         4.9500000000         2.2081827866         2.7405681974        22.7160591953
        0.7200013000         4.9500000000         2.2209444209         2.8324357859        23.0484958164
        0.7250023000         4.9500000000         2.2056304597         2.9140958646        22.6495718711
        0.7300020000         4.9500000000         2.2260490746         3.0161709629        23.1814704649
        0.7350012000         4.9500000000         2.2209444209         3.0978310416        23.0484958164
        0.7400053000         4.9500000000         2.2234967477         3.1896986301        23.1149831407
        0.7450020000         4.9500000000         2.2234967477         3.2764624638        23.1149831407
        0.7500017000         4.9500000000         2.2158397672         3.3708819297        22.9155211680
        0.7550011000         4.9500000000         2.2209444209         3.4550938859        23.0484958164
        0.7600153000         4.9500000000         2.2209444209         3.5469614744        23.0484958164
        0.7650028000         4.9500000000         2.2183920940         3.6311734306        22.9820084922
        0.7700015000         4.9500000000         2.2132874403         3.7204891416        22.8490338437
        0.7750008000         4.9500000000         2.2107351134         3.8047010978        22.7825465195
        0.7800031000         4.9500000000         2.2209444209         3.8991205638        23.0484958164
        0.7850014000         4.9500000000         2.2132874403         3.9807806424        22.8490338437
        0.7900015000         4.9500000000         2.2209444209         4.0828557408        23.0484958164
        0.7950026000         4.9500000000         2.2209444209         4.1696195744        23.0484958164
        0.8000053000         4.9500000000         2.2234967477         4.2563834080        23.1149831407
        0.8050022000         4.9500000000         2.2132874403         4.3482509965        22.8490338437
        0.8100025000         4.9500000000         2.2234967477         4.4426704625        23.1149831407
        0.8150010000         4.9500000000         2.2158397672         4.5268824187        22.9155211680
        0.8200056000         4.9500000000         2.2158397672         4.6187500072        22.9155211680
        0.8250218000         4.9500000000         2.2209444209         4.7106175957        23.0484958164
        0.8300029000         4.9500000000         2.2158397672         4.7999333068        22.9155211680
        0.8350019000         4.9500000000         2.2056304597         4.8866971404        22.6495718711
        0.8400032000         4.9500000000         2.2158397672         4.9836684838        22.9155211680
        0.8450020000         4.9500000000         2.2132874403         5.0066353810        22.8490338437
        0.8500045000         4.9500000000         2.2209444209         1.1073666236        23.0484958164
        0.8550013000         4.9500000000         2.2107351134         0.0024036839        22.7825465195
        0.8600027000         4.9500000000         2.2005258060         0.0304743359        22.5165972226
        0.8650197000         4.9500000000         2.2183920940         0.1325494343        22.9820084922
        0.8700032000         4.9500000000         2.2107351134         0.2193132679        22.7825465195
        0.8750034000         4.9500000000         2.2056304597         0.3035252240        22.6495718711
        0.8800029000         4.9500000000         2.2030781329         0.4030484449        22.5830845468
        0.8850019000         4.9500000000         2.2005258060         0.4821566461        22.5165972226
        0.8900027000         4.9500000000         2.2158397672         0.5816798670        22.9155211680
        0.8950015000         4.9500000000         2.2132874403         0.6658918232        22.8490338437
        0.9000030000         4.9500000000         2.2005258060         0.7526556568        22.5165972226
        0.9050014000         4.9500000000         2.2030781329         0.8394194904        22.5830845468
        0.9100010000         4.9500000000         2.2132874403         0.9338389564        22.8490338437
        0.9150006000         4.9500000000         2.2030781329         1.0231546675        22.5830845468
        0.9200021000         4.9500000000         2.2183920940         1.1150222560        22.9820084922
        0.9250013000         4.9500000000         2.2107351134         1.2043379670        22.7825465195
        0.9300013000         4.9500000000         2.2107351134         1.2834461683        22.7825465195
        0.9350011000         4.9500000000         2.2081827866         1.3625543695        22.7160591953
        0.9400009000         4.9500000000         2.2183920940         1.4646294679        22.9820084922
        0.9450012000         4.9500000000         2.2030781329         1.5386339142        22.5830845468
        0.9500040000         4.9500000000         2.2107351134         1.6330533802        22.7825465195
        0.9550068000         4.9500000000         2.2132874403         1.7198172138        22.8490338437
        0.9600206000         4.9500000000         2.2107351134         1.7989254150        22.7825465195
        0.9650045000         4.9500000000         2.2107351134         1.8907930035        22.7825465195
        0.9700038000         4.9500000000         2.2132874403         1.9826605920        22.8490338437
        0.9750033000         4.9500000000         2.2158397672         2.0617687933        22.9155211680
        0.9800036000         4.9500000000         2.2234967477         2.1536363818        23.1149831407
        0.9850023000         4.9500000000         2.2234967477         2.2429520929        23.1149831407
        0.9900032000         4.9500000000         2.2158397672         2.3322678039        22.9155211680
        0.9950048000         4.9500000000         2.2183920940         2.4215835150        22.9820084922
        1.0000038000         4.9500000000         2.2234967477         2.5083473486        23.1149831407
        1.0050034000         4.9500000000         2.2209444209         2.6027668146        23.0484958164
        1.0100023000         4.9500000000         2.2183920940         2.6920825256        22.9820084922
        1.0150025000         4.9500000000         2.2311537283         2.7711907269        23.3144451133
        1.0200023000         4.9500000000         2.2337060552         2.8707139478        23.3809324376
        1.0250031000         4.9500000000         2.2388107089         2.9600296588        23.5139070860
        1.0300400000         4.9500000000         2.2234967477         3.0416897375        23.1149831407
        1.0350031000         4.9500000000         2.2234967477         3.1259016937        23.1149831407
        1.0400020000         4.9500000000         2.2260490746         3.2177692822        23.1814704649
        1.0450021000         4.9500000000         2.2337060552         3.3096368707        23.3809324376
        1.0500054000         4.9500000000         2.2158397672         3.4015044592        22.9155211680
        1.0550157000         4.9500000000         2.2158397672         3.4908201703        22.9155211680
        1.0600011000         4.9500000000         2.2234967477         3.5801358814        23.1149831407
        1.0650021000         4.9500000000         2.2209444209         3.6592440826        23.0484958164
        1.0700010000         4.9500000000         2.2081827866         3.7485597937        22.7160591953
        1.0750036000         4.9500000000         2.2081827866         3.8378755047        22.7160591953
        1.0800019000         4.9500000000         2.2209444209         3.9322949707        23.0484958164
        1.0850050000         4.9500000000         2.2260490746         4.0241625592        23.1814704649
        1.0900015000         4.9500000000         2.2132874403         4.1007188830        22.8490338437
        1.0950031000         4.9500000000         2.2158397672         4.1925864715        22.9155211680
        1.1000012000         4.9500000000         2.2183920940         4.2870059375        22.9820084922
        1.1050023000         4.9500000000         2.2286014014         4.3788735260        23.2479577891
        1.1100014000         4.9500000000         2.2286014014         4.4681892371        23.2479577891
        1.1150029000         4.9500000000         2.2158397672         4.5626087031        22.9155211680
        1.1200009000         4.9500000000         2.2132874403         4.6442687818        22.8490338437
        1.1250030000         4.9500000000         2.2158397672         4.7412401252        22.9155211680
        1.1300026000         4.9500000000         2.2107351134         4.8331077137        22.7825465195
        1.1350025000         4.9500000000         2.2209444209         4.9326309346        23.0484958164
        1.1400015000         4.9500000000         2.2158397672         4.9989797486        22.9155211680
        1.1450033000         4.9500000000         2.2030781329         4.9989797486        22.5830845468
        1.1500013000         4.9500000000         2.2183920940        -0.0001481936        22.9820084922
        1.1550032000         4.9500000000         2.2132874403         0.0024036839        22.8490338437
        1.1600028000         4.9500000000         2.2030781329         0.0764081302        22.5830845468
        1.1650035000         4.9500000000         2.2107351134         0.1682757187        22.7825465195
        1.1700023000         4.9500000000         2.2209444209         0.2601433072        23.0484958164
        1.1750034000         4.9500000000         2.2286014014         0.3545627732        23.2479577891
        1.1800040000         4.9500000000         2.2056304597         0.4413266068        22.6495718711
        1.1850033000         4.9500000000         2.1979734792         0.5229866855        22.4501098984
        1.1900062000         4.9500000000         2.2209444209         0.6250617838        23.0484958164
        1.1950069000         4.9500000000         2.2030781329         0.7067218625        22.5830845468
        1.2000032000         4.9500000000         2.2183920940         0.7960375736        22.9820084922
        1.2050022000         4.9500000000         2.2030781329         0.8802495297        22.5830845468
        1.2100035000         4.9500000000         2.2030781329         0.9670133634        22.5830845468
        1.2150027000         4.9500000000         2.2056304597         1.0537771970        22.6495718711
        1.2200021000         4.9500000000         2.2234967477         1.1584041728        23.1149831407
        1.2250522000         4.9500000000         2.2030781329         1.2426161289        22.5830845468
        1.2300016000         4.9500000000         2.2056304597         1.3242762076        22.6495718711
        1.2350022000         4.9500000000         2.2158397672         1.4084881638        22.9155211680
        1.2400015000         4.9500000000         2.2081827866         1.4927001199        22.7160591953
        1.2450009000         4.9500000000         2.2056304597         1.5743601986        22.6495718711
        1.2500007000         4.9500000000         2.2132874403         1.6738834195        22.8490338437
        1.2550031000         4.9500000000         2.2209444209         1.7606472531        23.0484958164
        1.2600030000         4.9500000000         2.2107351134         1.8346516994        22.7825465195
        1.2650434000         4.9500000000         2.2107351134         1.9214155330        22.7825465195
        1.2700016000         4.9500000000         2.2107351134         2.0132831215        22.7825465195
        1.2750026000         4.9500000000         2.2158397672         2.1051507101        22.9155211680
        1.2800024000         4.9500000000         2.2030781329         2.1868107888        22.5830845468
        1.2850020000         4.9500000000         2.2286014014         2.2863340097        23.2479577891
        1.2900010000         4.9500000000         2.2158397672         2.3705459658        22.9155211680
        1.2950015000         4.9500000000         2.2132874403         2.4573097994        22.8490338437
        1.3000007000         4.9500000000         2.2183920940         2.5389698781        22.9820084922
        1.3050211000         4.9500000000         2.2209444209         2.6359412215        23.0484958164
        1.3100016000         4.9500000000         2.2183920940         2.7227050552        22.9820084922
        1.3150017000         4.9500000000         2.2260490746         2.8120207662        23.1814704649
        1.3200007000         4.9500000000         2.2260490746         2.9064402322        23.1814704649
        1.3250022000         4.9500000000         2.2209444209         2.9804446785        23.0484958164
        1.3300008000         4.9500000000         2.2413630357         3.0850716543        23.5803944102
        1.3350396000         4.9500000000         2.2081827866         3.1641798556        22.7160591953
        1.3400011000         4.9500000000         2.2132874403         3.2560474441        22.8490338437
        1.3450030000         4.9500000000         2.2311537283         3.3479150326        23.3144451133
        1.3500013000         4.9500000000         2.2234967477         3.4397826211        23.1149831407
        1.3550379000         4.9500000000         2.2030781329         3.5239945773        22.5830845468
        1.3600014000         4.9500000000         2.2286014014         3.6133102883        23.2479577891
        1.3650011000         4.9500000000         2.2158397672         3.7000741219        22.9155211680
        1.3700006000         4.9500000000         2.2234967477         3.7970454654        23.1149831407
        1.3750097000         4.9500000000         2.2158397672         3.8838092990        22.9155211680
        1.3800019000         4.9500000000         2.2260490746         3.9731250101        23.1814704649
        1.3850488000         4.9500000000         2.2234967477         4.0649925986        23.1149831407
        1.3900012000         4.9500000000         2.2234967477         4.1441007998        23.1149831407
        1.3950480000         4.9500000000         2.2388107089         4.2436240207        23.5139070860
        1.4000010000         4.9500000000         2.2234967477         4.3252840994        23.1149831407
        1.4050076000         4.9500000000         2.2260490746         4.4248073203        23.1814704649
        1.4100028000         4.9500000000         2.2260490746         4.5141230314        23.1814704649
        1.4150492000         4.9500000000         2.2209444209         4.6008868650        23.0484958164
        1.4200031000         4.9500000000         2.2183920940         4.6927544535        22.9820084922
        1.4250019000         4.9500000000         2.2286014014         4.7820701646        23.2479577891
        1.4300007000         4.9500000000         2.2107351134         4.8688339982        22.7825465195
        1.4350524000         4.9500000000         2.2286014014         4.9785647289        23.2479577891
        1.4400050000         4.9500000000         2.2183920940         5.0066353810        22.9820084922
        1.4450037000         4.9500000000         2.2209444209         1.1099185011        23.0484958164
        1.4500018000         4.9500000000         2.2132874403        -0.0052519485        22.8490338437
        1.4550019000         4.9500000000         2.2183920940         0.0304743359        22.9820084922
        1.4600015000         4.9500000000         2.2132874403         0.1121344146        22.8490338437
        1.4650007000         4.9500000000         2.2158397672         0.2014501257        22.9155211680
        1.4700065000         4.9500000000         2.2030781329         0.2958695916        22.5830845468
        1.4750214000         4.9500000000         2.2234967477         0.3851853027        23.1149831407
        1.4800035000         4.9500000000         2.2081827866         0.4847085236        22.7160591953
        1.4850026000         4.9500000000         2.1954211523         0.5612648474        22.3836225742
        1.4900070000         4.9500000000         2.2183920940         0.6607880683        22.9820084922
        1.4950050000         4.9500000000         2.2158397672         0.7450000244        22.9155211680
        1.5000033000         4.9500000000         2.2209444209         0.8317638580        23.0484958164
        1.5050038000         4.9500000000         2.2132874403         0.9210795691        22.8490338437
        1.5100082000         4.9500000000         2.2132874403         1.0154990351        22.8490338437
        1.5151494000         4.9500000000         2.2183920940         1.1073666236        22.9820084922
        1.5200047000         4.9500000000         2.2056304597         1.1788191925        22.6495718711
        1.5250061000         4.9500000000         2.2132874403         1.2757905359        22.8490338437
        1.5300392000         4.9500000000         2.2056304597         1.3574506146        22.6495718711
        1.5350028000         4.9500000000         2.2107351134         1.4493182031        22.7825465195
        1.5400026000         4.9500000000         2.2132874403         1.5258745269        22.8490338437
        1.5450056000         4.9500000000         2.2158397672         1.6253977478        22.9155211680
        1.5500027000         4.9500000000         2.2056304597         1.7045059490        22.6495718711
        1.5550038000         4.9500000000         2.2107351134         1.7887179052        22.7825465195
        1.5600045000         4.9500000000         2.2209444209         1.8754817388        23.0484958164
        1.5650029000         4.9500000000         2.2107351134         1.9571418174        22.7825465195
        1.5700037000         4.9500000000         2.2234967477         2.0566650383        23.1149831407
        1.5750036000         4.9500000000         2.2183920940         2.1332213621        22.9820084922
        1.5800054000         4.9500000000         2.2158397672         2.2276408281        22.9155211680
        1.5850015000         4.9500000000         2.2260490746         2.3169565392        23.1814704649
        1.5900024000         4.9500000000         2.2209444209         2.4037203728        23.0484958164
        1.5950047000         4.9500000000         2.2311537283         2.5006917162        23.3144451133
        1.6000098000         4.9500000000         2.2107351134         2.5772480400        22.7825465195
        1.6050045000         4.9500000000         2.2209444209         2.6691156285        23.0484958164
        1.6100073000         4.9500000000         2.2260490746         2.7609832170        23.1814704649
        1.6150293000         4.9500000000         2.2183920940         2.8528508056        22.9820084922
        1.6200041000         4.9500000000         2.2132874403         2.9370627617        22.8490338437
        1.6250029000         4.9500000000         2.2311537283         3.0340341051        23.3144451133
        1.6300050000         4.9500000000         2.2234967477         3.1156941838        23.1149831407
        1.6350222000         4.9500000000         2.2158397672         3.2050098949        22.9155211680
        1.6400023000         4.9500000000         2.2234967477         3.2892218510        23.1149831407
        1.6450080000         4.9500000000         2.2260490746         3.3785375621        23.1814704649
        1.6500025000         4.9500000000         2.2388107089         3.4780607830        23.5139070860
        1.6550424000         4.9500000000         2.2158397672         3.5648246166        22.9155211680
        1.6600028000         4.9500000000         2.2158397672         3.6490365728        22.9155211680
        1.6650028000         4.9500000000         2.2362583820         3.7434560388        23.4474197618
        1.6700029000         4.9500000000         2.2209444209         3.8302198724        23.0484958164
        1.6750025000         4.9500000000         2.2260490746         3.9220874609        23.1814704649
        1.6800028000         4.9500000000         2.2183920940         3.9986437847        22.9820084922
        1.6850011000         4.9500000000         2.2183920940         4.0905113732        22.9820084922
        1.6900037000         4.9500000000         2.2234967477         4.1849308392        23.1149831407
        1.6950031000         4.9500000000         2.2260490746         4.2716946728        23.1814704649
        1.7000019000         4.9500000000         2.2337060552         4.3661141388        23.3809324376
        1.7050010000         4.9500000000         2.2234967477         4.4605336047        23.1149831407
        1.7100025000         4.9500000000         2.2260490746         4.5498493158        23.1814704649
        1.7150018000         4.9500000000         2.2260490746         4.6442687818        23.1814704649
        1.7200020000         4.9500000000         2.2183920940         4.7310326154        22.9820084922
        1.7250021000         4.9500000000         2.2081827866         4.8152445715        22.7160591953
        1.7300042000         4.9500000000         2.2234967477         4.9173196699        23.1149831407
        1.7350039000         4.9500000000         2.2234967477         5.0142910133        23.1149831407
        1.7400040000         4.9500000000         2.2158397672         5.0015316260        22.9155211680
        1.7450046000         4.9500000000         2.2209444209         1.1099185011        23.0484958164
        1.7500048000         4.9500000000         2.2081827866        -0.0001481936        22.7160591953
        1.7550048000         4.9500000000         2.2107351134         0.0585449879        22.7825465195
        1.7600170000         4.9500000000         2.2286014014         0.1606200863        23.2479577891
        1.7650035000         4.9500000000         2.2030781329         0.2448320425        22.5830845468
        1.7700046000         4.9500000000         2.2107351134         0.3264921211        22.7825465195
        1.7750037000         4.9500000000         2.2107351134         0.4285672195        22.7825465195
        1.7800198000         4.9500000000         2.2107351134         0.5153310531        22.7825465195
        1.7850123000         4.9500000000         2.2107351134         0.6020948867        22.7825465195
        1.7900136000         4.9500000000         2.2056304597         0.6837549654        22.6495718711
        1.7950052000         4.9500000000         2.2030781329         0.7781744314        22.5830845468
        1.8000031000         4.9500000000         2.2081827866         0.8700420199        22.7160591953
        1.8050081000         4.9500000000         2.2056304597         0.9542539761        22.6495718711
        1.8100042000         4.9500000000         2.2030781329         1.0537771970        22.5830845468
        1.8150029000         4.9500000000         2.2005258060         1.1252297658        22.5165972226
        1.8200050000         4.9500000000         2.2056304597         1.2170973543        22.6495718711
        1.8250056000         4.9500000000         2.2107351134         1.3038611879        22.7825465195
        1.8300053000         4.9500000000         2.1954211523         1.3855212666        22.3836225742
        1.8350027000         4.9500000000         2.2209444209         1.4850444875        23.0484958164
        1.8400042000         4.9500000000         2.2081827866         1.5616008113        22.7160591953
        1.8450043000         4.9500000000         2.2107351134         1.6534683998        22.7825465195
        1.8500055000         4.9500000000         2.2107351134         1.7402322334        22.7825465195
        1.8550038000         4.9500000000         2.2081827866         1.8218923121        22.7160591953
        1.8600038000         4.9500000000         2.2183920940         1.9137599006        22.9820084922
        1.8650040000         4.9500000000         2.2158397672         1.9928681019        22.9155211680
        1.8700037000         4.9500000000         2.2388107089         2.0898394453        23.5139070860
        1.8750036000         4.9500000000         2.2158397672         2.1766032789        22.9155211680
        1.8800027000         4.9500000000         2.2081827866         2.2633671125        22.7160591953
        1.8850028000         4.9500000000         2.2234967477         2.3501309461        23.1149831407
        1.8900037000         4.9500000000         2.2413630357         2.4343429023        23.5803944102
        1.8950584000         4.9500000000         2.2158397672         2.5364180006        22.9155211680
        1.9000031000         4.9500000000         2.2132874403         2.6206299568        22.8490338437
        1.9050035000         4.9500000000         2.2183920940         2.6997381580        22.9820084922
        1.9100040000         4.9500000000         2.2260490746         2.7967095015        23.1814704649
        1.9150023000         4.9500000000         2.2209444209         2.8885770900        23.0484958164
        1.9200021000         4.9500000000         2.2209444209         2.9727890461        23.0484958164
        1.9250046000         4.9500000000         2.2260490746         3.0595528797        23.1814704649
        1.9300045000         4.9500000000         2.2311537283         3.1565242232        23.3144451133
        1.9350024000         4.9500000000         2.2234967477         3.2381843019        23.1149831407
        1.9400024000         4.9500000000         2.2158397672         3.3300518904        22.9155211680
        1.9450027000         4.9500000000         2.2234967477         3.4168157240        23.1149831407
        1.9500024000         4.9500000000         2.2286014014         3.5061314351        23.2479577891
        1.9550019000         4.9500000000         2.2183920940         3.5954471461        22.9820084922
        1.9600023000         4.9500000000         2.2311537283         3.6924184896        23.3144451133
        1.9650017000         4.9500000000         2.2234967477         3.7715266908        23.1149831407
        1.9700064000         4.9500000000         2.2286014014         3.8684980342        23.2479577891
        1.9750116000         4.9500000000         2.2234967477         3.9450543580        23.1149831407
        1.9800042000         4.9500000000         2.2234967477         4.0394738240        23.1149831407
        1.9850039000         4.9500000000         2.2081827866         4.1185820252        22.7160591953
        1.9900047000         4.9500000000         2.2260490746         4.2206571236        23.1814704649
        1.9950048000         4.9500000000         2.2234967477         4.3048690797        23.1149831407
        2.0000027000         4.9500000000         2.2107351134         4.4018404232        22.7825465195
        2.0050016000         4.9500000000         2.2132874403         4.4835005019        22.8490338437
        2.0100948000         4.9500000000         2.2183920940         4.5855756002        22.9820084922
        2.0150021000         4.9500000000         2.2209444209         4.6774431887        23.0484958164
        2.0200034000         4.9500000000         2.2183920940         4.7591032674        22.9820084922
        2.0250037000         4.9500000000         2.2311537283         4.8586264883        23.3144451133
        2.0300022000         4.9500000000         2.2209444209         4.9555978318        23.0484958164
        2.0350018000         4.9500000000         2.2234967477         5.0066353810        23.1149831407
        2.0400021000         4.9500000000         2.2234967477         1.1226778884        23.1149831407
        2.0450031000         4.9500000000         2.2132874403         0.0024036839        22.8490338437
        2.0500029000         4.9500000000         2.2081827866         0.0075074388        22.7160591953
        2.0550029000         4.9500000000         2.2183920940         0.0968231498        22.9820084922
        2.0600055000         4.9500000000         2.2107351134         0.1810351060        22.7825465195
        2.0650022000         4.9500000000         2.2209444209         0.2856620818        23.0484958164
        2.0700023000         4.9500000000         2.2183920940         0.3749777929        22.9820084922
        2.0750027000         4.9500000000         2.1954211523         0.4515341166        22.3836225742
        2.0800024000         4.9500000000         2.2260490746         0.5587129699        23.1814704649
        2.0850018000         4.9500000000         2.2107351134         0.6301655388        22.7825465195
        2.0900029000         4.9500000000         2.1928688255         0.7220331273        22.3171352499
        2.0950037000         4.9500000000         2.2107351134         0.8215563482        22.7825465195
        2.1000018000         4.9500000000         2.2081827866         0.9032164269        22.7160591953
        2.1050059000         4.9500000000         2.2081827866         0.9925321379        22.7160591953
        2.1100036000         4.9500000000         2.2183920940         1.0792959716        22.9820084922
        2.1150017000         4.9500000000         2.2132874403         1.1711635601        22.8490338437
        2.1200052000         4.9500000000         2.2107351134         1.2553755162        22.7825465195
        2.1250028000         4.9500000000         2.2030781329         1.3344837175        22.5830845468
        2.1300048000         4.9500000000         2.2158397672         1.4263513060        22.9155211680
        2.1350020000         4.9500000000         2.2081827866         1.5080113847        22.7160591953
        2.1400025000         4.9500000000         2.2107351134         1.5998789732        22.7825465195
        2.1450022000         4.9500000000         2.2183920940         1.6917465617        22.9820084922
        2.1500019000         4.9500000000         2.2081827866         1.7683028855        22.7160591953
        2.1550015000         4.9500000000         2.2107351134         1.8550667191        22.7825465195
        2.1600037000         4.9500000000         2.2132874403         1.9418305527        22.8490338437
        2.1650014000         4.9500000000         2.2209444209         2.0311462638        23.0484958164
        2.1700028000         4.9500000000         2.2260490746         2.1255657297        23.1814704649
        2.1750021000         4.9500000000         2.2234967477         2.2021220535        23.1149831407
        2.1800028000         4.9500000000         2.2234967477         2.3041971519        23.1149831407
        2.1850017000         4.9500000000         2.2183920940         2.3833053531        22.9820084922
        2.1900013000         4.9500000000         2.2209444209         2.4726210642        23.0484958164
        2.1950033000         4.9500000000         2.2183920940         2.5542811429        22.9820084922
        2.2000029000         4.9500000000         2.2260490746         2.6589081187        23.1814704649
        2.2050013000         4.9500000000         2.2260490746         2.7456719523        23.1814704649
        2.2100028000         4.9500000000         2.2260490746         2.8298839084        23.1814704649
        2.2150020000         4.9500000000         2.2286014014         2.9217514970        23.2479577891
        2.2200024000         4.9500000000         2.2209444209         3.0085153306        23.0484958164
        2.2250048000         4.9500000000         2.2234967477         3.0952791642        23.1149831407
        2.2300017000         4.9500000000         2.2234967477         3.1845948752        23.1149831407
        2.2350014000         4.9500000000         2.2234967477         3.2688068314        23.1149831407
        2.2400009000         4.9500000000         2.2234967477         3.3632262974        23.1149831407
        2.2450016000         4.9500000000         2.2234967477         3.4525420084        23.1149831407
        2.2500037000         4.9500000000         2.2337060552         3.5444095970        23.3809324376
        2.2550010000         4.9500000000         2.2388107089         3.6362771855        23.5139070860
        2.2600012000         4.9500000000         2.2183920940         3.7153853867        22.9820084922
        2.2650007000         4.9500000000         2.2183920940         3.8123567301        22.9820084922
        2.2700031000         4.9500000000         2.2362583820         3.9042243187        23.4474197618
        2.2750080000         4.9500000000         2.2311537283         3.9909881523        23.3144451133
        2.2800029000         4.9500000000         2.2209444209         4.0803038633        23.0484958164
        2.2850103000         4.9500000000         2.2183920940         4.1670676969        22.9820084922
        2.2900024000         4.9500000000         2.2209444209         4.2589352855        23.0484958164
        2.2950019000         4.9500000000         2.2209444209         4.3456991191        23.0484958164
        2.3000008000         4.9500000000         2.2311537283         4.4452223400        23.3144451133
        2.3050008000         4.9500000000         2.2107351134         4.5217786637        22.7825465195
        2.3100032000         4.9500000000         2.2107351134         4.6161981297        22.7825465195
        2.3150176000         4.9500000000         2.2260490746         4.7208251056        23.1814704649
        2.3200011000         4.9500000000         2.2311537283         4.8075889392        23.3144451133
        2.3250026000         4.9500000000         2.2107351134         4.8994565277        22.7825465195
        2.3300016000         4.9500000000         2.2260490746         4.9862203613        23.1814704649
        2.3350164000         4.9500000000         2.2209444209         5.0117391359        23.0484958164
        2.3400234000         4.9500000000         2.2183920940         1.1099185011        22.9820084922
        2.3450037000         4.9500000000         2.2209444209         0.0024036839        23.0484958164
        2.3500016000         4.9500000000         2.2107351134         0.0432337232        22.7825465195
        2.3550016000         4.9500000000         2.2234967477         0.1402050666        23.1149831407
        2.3600024000         4.9500000000         2.2158397672         0.2244170228        22.9155211680
        2.3650035000         4.9500000000         2.2183920940         0.3188364888        22.9820084922
        2.3700019000         4.9500000000         2.1979734792         0.4030484449        22.4501098984
        2.3750762000         4.9500000000         2.2132874403         0.5000197884        22.8490338437
        2.3800017000         4.9500000000         2.2081827866         0.5867836220        22.7160591953
        2.3850021000         4.9500000000         2.2030781329         0.6760993330        22.5830845468
        2.3900008000         4.9500000000         2.2158397672         0.7705187990        22.9155211680
        2.3950152000         4.9500000000         2.2081827866         0.8623863875        22.7160591953
        2.4000008000         4.9500000000         2.2158397672         0.9465983437        22.9155211680
        2.4050027000         4.9500000000         2.2081827866         1.0333621773        22.7160591953
        2.4100010000         4.9500000000         2.2183920940         1.1175741334        22.9820084922
        2.4150017000         4.9500000000         2.2030781329         1.2017860896        22.5830845468
        2.4200009000         4.9500000000         2.2030781329         1.2911018006        22.5830845468
        2.4250019000         4.9500000000         2.2234967477         1.3829693892        23.1149831407
        2.4300022000         4.9500000000         2.2030781329         1.4595257129        22.5830845468
        2.4350010000         4.9500000000         2.2081827866         1.5488414240        22.7160591953
        2.4400022000         4.9500000000         2.2056304597         1.6381571351        22.6495718711
        2.4450012000         4.9500000000         2.2234967477         1.7223690912        23.1149831407
        2.4500015000         4.9500000000         2.2158397672         1.8065810474        22.9155211680
        2.4550011000         4.9500000000         2.2209444209         1.9010005134        23.0484958164
        2.4600011000         4.9500000000         2.2132874403         1.9801087146        22.8490338437
        2.4650007000         4.9500000000         2.2183920940         2.0694244256        22.9820084922
        2.4700038000         4.9500000000         2.2234967477         2.1689476465        23.1149831407
        2.4750024000         4.9500000000         2.2260490746         2.2506077252        23.1814704649
        2.4800023000         4.9500000000         2.2183920940         2.3399234363        22.9820084922
        2.4850024000         4.9500000000         2.2081827866         2.4241353924        22.7160591953
        2.4900056000         4.9500000000         2.2183920940         2.5083473486        22.9820084922
        2.4950062000         4.9500000000         2.2158397672         2.6078705695        22.9155211680
        2.5000034000         4.9500000000         2.2132874403         2.6946344031        22.8490338437
        2.5050007000         4.9500000000         2.2260490746         2.7839501142        23.1814704649
        2.5100049000         4.9500000000         2.2286014014         2.8732658252        23.2479577891
        2.5150015000         4.9500000000         2.2260490746         2.9574777814        23.1814704649
        2.5200033000         4.9500000000         2.2286014014         3.0493453699        23.2479577891
        2.5250015000         4.9500000000         2.2234967477         3.1361092035        23.1149831407
        2.5300024000         4.9500000000         2.2209444209         3.2279767920        23.0484958164
        2.5350014000         4.9500000000         2.2337060552         3.3198443806        23.3809324376
        2.5400025000         4.9500000000         2.2286014014         3.4040563367        23.2479577891
        2.5450013000         4.9500000000         2.2209444209         3.4882682929        23.0484958164
        2.5500029000         4.9500000000         2.2311537283         3.5877915138        23.3144451133
        2.5550022000         4.9500000000         2.2362583820         3.6771072248        23.4474197618
        2.5600018000         4.9500000000         2.2183920940         3.7562154260        22.9820084922
        2.5650011000         4.9500000000         2.2183920940         3.8557386469        22.9820084922
        2.5700029000         4.9500000000         2.2286014014         3.9450543580        23.2479577891
        2.5750014000         4.9500000000         2.2158397672         4.0292663142        22.9155211680
        2.5800025000         4.9500000000         2.2388107089         4.1211339027        23.5139070860
        2.5850018000         4.9500000000         2.2260490746         4.2130014912        23.1814704649
        2.5900015000         4.9500000000         2.2107351134         4.2946615699        22.7825465195
        2.5950014000         4.9500000000         2.2132874403         4.3839772810        22.8490338437
        2.6000038000         4.9500000000         2.2337060552         4.4783967469        23.3809324376
        2.6050023000         4.9500000000         2.2081827866         4.5626087031        22.7160591953
        2.6100301000         4.9500000000         2.2056304597         4.6570281691        22.6495718711
        2.6150018000         4.9500000000         2.2183920940         4.7463438801        22.9820084922
        2.6200015000         4.9500000000         2.2107351134         4.8458671010        22.7825465195
        2.6250045000         4.9500000000         2.2260490746         4.9453903219        23.1814704649
        2.6300036000         4.9500000000         2.2183920940         5.0066353810        22.9820084922
        2.6350023000         4.9500000000         2.2081827866         4.9964278711        22.7160591953
        2.6400030000         4.9500000000         2.2260490746         0.0100593162        23.1814704649
        2.6450037000         4.9500000000         2.2081827866        -0.0052519485        22.7160591953
        2.6500014000         4.9500000000         2.2209444209         0.0866156400        23.0484958164
        2.6550008000         4.9500000000         2.2234967477         0.1810351060        23.1149831407
        2.6600062000         4.9500000000         2.2107351134         0.2677989396        22.7825465195
        2.6650015000         4.9500000000         2.2132874403         0.3545627732        22.8490338437
        2.6700007000         4.9500000000         2.2132874403         0.4515341166        22.8490338437
        2.6750105000         4.9500000000         2.2183920940         0.5357460728        22.9820084922
        2.6800037000         4.9500000000         2.2005258060         0.6225099064        22.5165972226
        2.6850038000         4.9500000000         2.2158397672         0.7220331273        22.9155211680
        2.6900030000         4.9500000000         2.2030781329         0.8011413285        22.5830845468
        2.6950033000         4.9500000000         2.2081827866         0.8930089170        22.7160591953
        2.7000026000         4.9500000000         2.2005258060         0.9721171183        22.5165972226
        2.7050015000         4.9500000000         2.2030781329         1.0614328293        22.5830845468
        2.7100027000         4.9500000000         2.2056304597         1.1481966629        22.6495718711
        2.7150010000         4.9500000000         2.1979734792         1.2400642515        22.4501098984
        2.7200050000         4.9500000000         2.2030781329         1.3268280851        22.5830845468
        2.7250036000         4.9500000000         2.2158397672         1.4135919187        22.9155211680
        2.7300038000         4.9500000000         2.2132874403         1.5029076297        22.8490338437
        2.7350015000         4.9500000000         2.2030781329         1.5820158310        22.5830845468
        2.7400016000         4.9500000000         2.2081827866         1.6713315420        22.7160591953
        2.7450041000         4.9500000000         2.2183920940         1.7606472531        22.9820084922
        2.7500027000         4.9500000000         2.2158397672         1.8448592093        22.9155211680
        2.7550014000         4.9500000000         2.2081827866         1.9239674105        22.7160591953
        2.7600028000         4.9500000000         2.2183920940         2.0285943863        22.9820084922
        2.7650013000         4.9500000000         2.2286014014         2.1153582199        23.2479577891
        2.7700012000         4.9500000000         2.2107351134         2.1919145437        22.7825465195
        2.7750040000         4.9500000000         2.2183920940         2.2812302547        22.9820084922
        2.7800020000         4.9500000000         2.2158397672         2.3679940883        22.9155211680
        2.7850008000         4.9500000000         2.2209444209         2.4675173092        23.0484958164
        2.7900035000         4.9500000000         2.2183920940         2.5542811429        22.9820084922
        2.7950023000         4.9500000000         2.2286014014         2.6384930990        23.2479577891
        2.8000043000         4.9500000000         2.2183920940         2.7278088101        22.9820084922
        2.8050014000         4.9500000000         2.2209444209         2.8120207662        23.0484958164
        2.8100025000         4.9500000000         2.2209444209         2.9064402322        23.0484958164
        2.8150009000         4.9500000000         2.2337060552         2.9983078207        23.3809324376
        2.8200043000         4.9500000000         2.2311537283         3.0901754092        23.3144451133
        2.8250030000         4.9500000000         2.2158397672         3.1667317330        22.9155211680
        2.8300026000         4.9500000000         2.2286014014         3.2611511990        23.2479577891
        2.8350017000         4.9500000000         2.2311537283         3.3504669101        23.3144451133
        2.8400026000         4.9500000000         2.2234967477         3.4397826211        23.1149831407
        2.8450041000         4.9500000000         2.2311537283         3.5342020871        23.3144451133
        2.8500029000         4.9500000000         2.2183920940         3.6184140433        22.9820084922
        2.8550021000         4.9500000000         2.2234967477         3.7051778769        23.1149831407
        2.8600027000         4.9500000000         2.2286014014         3.7995973429        23.2479577891
        2.8650007000         4.9500000000         2.2337060552         3.8914649314        23.3809324376
        2.8700039000         4.9500000000         2.2234967477         3.9807806424        23.1149831407
        2.8750028000         4.9500000000         2.2158397672         4.0624407211        22.9155211680
        2.8800030000         4.9500000000         2.2286014014         4.1492045547        23.2479577891
        2.8850016000         4.9500000000         2.2286014014         4.2410721433        23.2479577891
        2.8900026000         4.9500000000         2.2081827866         4.3278359769        22.7160591953
        2.8950021000         4.9500000000         2.2132874403         4.4273591978        22.8490338437
        2.9000024000         4.9500000000         2.2183920940         4.5064673990        22.9820084922
        2.9050012000         4.9500000000         2.2311537283         4.6059906199        23.3144451133
        2.9100018000         4.9500000000         2.2286014014         4.6953063310        23.2479577891
        2.9150011000         4.9500000000         2.2183920940         4.7948295519        22.9820084922
        2.9200016000         4.9500000000         2.2209444209         4.8764896306        23.0484958164
        2.9250434000         4.9500000000         2.2464676894         4.9811166064        23.7133690587
        2.9300030000         4.9500000000         2.2056304597         4.9989797486        22.6495718711
        2.9350016000         4.9500000000         2.2132874403         1.1099185011        22.8490338437
        2.9400026000         4.9500000000         2.2056304597        -0.0027000711        22.6495718711
        2.9450014000         4.9500000000         2.2107351134         0.0177149486        22.7825465195
        2.9500028000         4.9500000000         2.2107351134         0.1095825371        22.7825465195
        2.9550018000         4.9500000000         2.2081827866         0.2065538806        22.7160591953
        2.9600017000         4.9500000000         2.2107351134         0.3009733466        22.7825465195
        2.9650006000         4.9500000000         2.2183920940         0.3953928125        22.9820084922
        2.9700015000         4.9500000000         2.2132874403         0.4847085236        22.8490338437
        2.9750391000         4.9500000000         2.2107351134         0.5689204797        22.7825465195
        2.9800037000         4.9500000000         2.2132874403         0.6582361908        22.8490338437
        2.9850008000         4.9500000000         2.2081827866         0.7526556568        22.7160591953
        2.9900058000         4.9500000000         2.2081827866         0.8292119806        22.7160591953
        2.9950011000         4.9500000000         2.2081827866         0.9185276916        22.7160591953
        3.0000017000         4.9500000000         2.2030781329         1.0129471576        22.5830845468
        3.0050010000         4.9500000000         2.2132874403         1.0997109912        22.8490338437
        3.0101427000         4.9500000000         2.2107351134         1.1890267023        22.7825465195
        3.0150017000         4.9500000000         2.2132874403         1.2706867810        22.8490338437
        3.0200009000         4.9500000000         2.1954211523         1.3523468597        22.3836225742
        3.0251348000         4.9500000000         2.2209444209         1.4544219580        23.0484958164
        3.0300032000         4.9500000000         2.2132874403         1.5360820367        22.8490338437
        3.0350024000         4.9500000000         2.2081827866         1.6126383605        22.7160591953
        3.0400027000         4.9500000000         2.2030781329         1.7096097039        22.5830845468
        3.0450027000         4.9500000000         2.2056304597         1.7912697826        22.6495718711
        3.0500014000         4.9500000000         2.2081827866         1.8780336162        22.7160591953
        3.0550008000         4.9500000000         2.2183920940         1.9622455724        22.9820084922
        3.0600030000         4.9500000000         2.2209444209         2.0515612834        23.0484958164
        3.0650013000         4.9500000000         2.2183920940         2.1408769945        22.9820084922
        3.0700030000         4.9500000000         2.2158397672         2.2352964605        22.9155211680
        3.0750025000         4.9500000000         2.2132874403         2.3118527843        22.8490338437
        3.0800009000         4.9500000000         2.2337060552         2.4062722502        23.3809324376
        3.0850006000         4.9500000000         2.2158397672         2.4955879613        22.9155211680
        3.0900024000         4.9500000000         2.2081827866         2.5849036724        22.7160591953
        3.0950030000         4.9500000000         2.2234967477         2.6716675060        23.1149831407
        3.1000020000         4.9500000000         2.2337060552         2.7660869720        23.3809324376
        3.1050013000         4.9500000000         2.2132874403         2.8426432957        22.8490338437
        3.1100076000         4.9500000000         2.2260490746         2.9370627617        23.1814704649
        3.1150031000         4.9500000000         2.2234967477         3.0263784728        23.1149831407
        3.1200013000         4.9500000000         2.2132874403         3.1131423064        22.8490338437
        3.1250115000         4.9500000000         2.2260490746         3.2075617724        23.1814704649
        3.1300006000         4.9500000000         2.2260490746         3.2943256060        23.1814704649
        3.1350010000         4.9500000000         2.2081827866         3.3759856847        22.7160591953
        3.1400046000         4.9500000000         2.2234967477         3.4729570281        23.1149831407
        3.1450059000         4.9500000000         2.2132874403         3.5622727392        22.8490338437
        3.1500014000         4.9500000000         2.2209444209         3.6490365728        23.0484958164
        3.1550007000         4.9500000000         2.2158397672         3.7306966515        22.9155211680
        3.1600022000         4.9500000000         2.2234967477         3.8302198724        23.1149831407
        3.1650009000         4.9500000000         2.2209444209         3.9169837060        23.0484958164
        3.1700015000         4.9500000000         2.2183920940         3.9986437847        22.9820084922
        3.1750024000         4.9500000000         2.2107351134         4.0981670056        22.7825465195
        3.1800012000         4.9500000000         2.2183920940         4.1823789617        22.9820084922
        3.1850381000         4.9500000000         2.2260490746         4.2691427953        23.1814704649
        3.1900010000         4.9500000000         2.2158397672         4.3686660162        22.9155211680
        3.1950032000         4.9500000000         2.2158397672         4.4554298498        22.9155211680
        3.2000014000         4.9500000000         2.2132874403         4.5345380510        22.8490338437
        3.2050014000         4.9500000000         2.2234967477         4.6366131494        23.1149831407
        3.2100028000         4.9500000000         2.2107351134         4.7233769830        22.7825465195
        3.2150019000         4.9500000000         2.2107351134         4.8152445715        22.7825465195
        3.2200017000         4.9500000000         2.2107351134         4.9096640375        22.7825465195
        3.2250021000         4.9500000000         2.2209444209         4.9989797486        23.0484958164
        3.2300022000         4.9500000000         2.2183920940         5.0066353810        22.9820084922
        3.2350015000         4.9500000000         2.2183920940         1.1099185011        22.9820084922
        3.2400012000         4.9500000000         2.2132874403         0.0100593162        22.8490338437
        3.2450009000         4.9500000000         2.2107351134         0.0508893556        22.7825465195
        3.2500010000         4.9500000000         2.2158397672         0.1580682088        22.9155211680
        3.2550015000         4.9500000000         2.2183920940         0.2499357974        22.9820084922
        3.2600057000         4.9500000000         2.2132874403         0.3341477535        22.8490338437
        3.2650015000         4.9500000000         2.2234967477         0.4209115871        23.1149831407
        3.2700015000         4.9500000000         2.2005258060         0.5076754207        22.5165972226
        3.2750030000         4.9500000000         2.2183920940         0.6046467642        22.9820084922
        3.2800023000         4.9500000000         2.2158397672         0.6914105978        22.9155211680
        3.2850010000         4.9500000000         2.2081827866         0.7781744314        22.7160591953
        3.2900025000         4.9500000000         2.2158397672         0.8674901425        22.9155211680
        3.2950019000         4.9500000000         2.2107351134         0.9542539761        22.7825465195
        3.3000009000         4.9500000000         2.2107351134         1.0537771970        22.7825465195
        3.3050008000         4.9500000000         2.2132874403         1.1354372756        22.8490338437
        3.3100044000         4.9500000000         2.2107351134         1.2196492318        22.7825465195
        3.3150022000         4.9500000000         2.2081827866         1.3089649429        22.7160591953
        3.3200024000         4.9500000000         2.2056304597         1.3906250215        22.6495718711
        3.3250041000         4.9500000000         2.2030781329         1.4773888552        22.5830845468
        3.3300013000         4.9500000000         2.2286014014         1.5743601986        23.2479577891
        3.3350017000         4.9500000000         2.2056304597         1.6560202773        22.6495718711
        3.3400007000         4.9500000000         2.2158397672         1.7402322334        22.9155211680
        3.3450029000         4.9500000000         2.2158397672         1.8295479445        22.9155211680
        3.3500027000         4.9500000000         2.2107351134         1.9137599006        22.7825465195
        3.3550012000         4.9500000000         2.2209444209         1.9979718568        23.0484958164
        3.3600027000         4.9500000000         2.2234967477         2.0847356904        23.1149831407
        3.3650007000         4.9500000000         2.2209444209         2.1842589113        23.0484958164
        3.3700018000         4.9500000000         2.2107351134         2.2633671125        22.7825465195
        3.3750101000         4.9500000000         2.2260490746         2.3603384560        23.1814704649
        3.3800011000         4.9500000000         2.2158397672         2.4343429023        22.9155211680
        3.3850006000         4.9500000000         2.2234967477         2.5287623683        23.1149831407
        3.3900026000         4.9500000000         2.2081827866         2.6155262019        22.7160591953
        3.3950034000         4.9500000000         2.2183920940         2.7073937904        22.9820084922
        3.4000382000         4.9500000000         2.2311537283         2.7941576240        23.3144451133
        3.4050571000         4.9500000000         2.2286014014         2.8911289674        23.2479577891
        3.4100049000         4.9500000000         2.2183920940         2.9702371687        22.9820084922
        3.4150029000         4.9500000000         2.2234967477         3.0570010023        23.1149831407
        3.4200028000         4.9500000000         2.2183920940         3.1488685908        22.9820084922
        3.4250083000         4.9500000000         2.2413630357         3.2407361793        23.5803944102
        3.4300043000         4.9500000000         2.2209444209         3.3326037679        23.0484958164
        3.4350511000         4.9500000000         2.2311537283         3.4270232338        23.3144451133
        3.4400013000         4.9500000000         2.2209444209         3.5086833125        23.0484958164
        3.4450097000         4.9500000000         2.2286014014         3.6005509010        23.2479577891
        3.4500015000         4.9500000000         2.2158397672         3.6822109797        22.9155211680
        3.4550008000         4.9500000000         2.2107351134         3.7715266908        22.7825465195
        3.4600029000         4.9500000000         2.2234967477         3.8684980342        23.1149831407
        3.4650016000         4.9500000000         2.2286014014         3.9578137453        23.2479577891
        3.4700029000         4.9500000000         2.2183920940         4.0394738240        22.9820084922
        3.4750131000         4.9500000000         2.2158397672         4.1313414125        22.9155211680
        3.4804547000         4.9500000000         2.2337060552         4.2359683883        23.3809324376
        3.4850047000         4.9500000000         2.2209444209         4.3048690797        23.0484958164
        3.4900024000         4.9500000000         2.2234967477         4.4043923006        23.1149831407
        3.4950031000         4.9500000000         2.2286014014         4.4988117666        23.2479577891
        3.5000018000         4.9500000000         2.2209444209         4.5830237228        23.0484958164
        3.5050010000         4.9500000000         2.2132874403         4.6723394338        22.8490338437
        3.5100046000         4.9500000000         2.2234967477         4.7693107773        23.1149831407
        3.5150065000         4.9500000000         2.2132874403         4.8637302433        22.8490338437
        3.5200038000         4.9500000000         2.2158397672         4.9581497092        22.9155211680
        3.5251728000         4.9500000000         2.2183920940         5.0066353810        22.9820084922
        3.5300026000         4.9500000000         2.2234967477         1.1099185011        23.1149831407
        3.5350035000         4.9500000000         2.2158397672         0.0024036839        22.9155211680
        3.5400039000         4.9500000000         2.2158397672         0.0177149486        22.9155211680
        3.5450036000         4.9500000000         2.2107351134         0.0917193949        22.7825465195
        3.5500019000         4.9500000000         2.2209444209         0.1988982482        23.0484958164
        3.5550326000         4.9500000000         2.2081827866         0.2831102043        22.7160591953
        3.5600056000         4.9500000000         2.2183920940         0.3800815478        22.9820084922
        3.5650037000         4.9500000000         2.2030781329         0.4566378716        22.5830845468
        3.5700095000         4.9500000000         2.2056304597         0.5536092150        22.6495718711
        3.5751100000         4.9500000000         2.2183920940         0.6454768035        22.9820084922
        3.5800215000         4.9500000000         2.2005258060         0.7322406371        22.5165972226
        3.5850091000         4.9500000000         2.2132874403         0.8215563482        22.8490338437
        3.5900074000         4.9500000000         2.2183920940         0.9134239367        22.9820084922
        3.5950064000         4.9500000000         2.2056304597         0.9925321379        22.6495718711
        3.6000087000         4.9500000000         2.2056304597         1.0895034814        22.6495718711
        3.6050130000         4.9500000000         2.2107351134         1.1737154375        22.7825465195
        3.6100101000         4.9500000000         2.2107351134         1.2630311486        22.7825465195
        3.6150086000         4.9500000000         2.2107351134         1.3497949822        22.7825465195
        3.6201232000         4.9500000000         2.2132874403         1.4365588158        22.8490338437
        3.6250062000         4.9500000000         2.2158397672         1.5258745269        22.9155211680
        3.6300153000         4.9500000000         2.2005258060         1.5998789732        22.5165972226
        3.6350069000         4.9500000000         2.2209444209         1.6994021941        23.0484958164
        3.6400054000         4.9500000000         2.2209444209         1.7759585179        23.0484958164
        3.6450132000         4.9500000000         2.2132874403         1.8627223515        22.8490338437
        3.6500047000         4.9500000000         2.2081827866         1.9494861851        22.7160591953
        3.6550580000         4.9500000000         2.2132874403         2.0388018961        22.8490338437
        3.6600099000         4.9500000000         2.2234967477         2.1332213621        23.1149831407
        3.6650103000         4.9500000000         2.2132874403         2.2072258084        22.8490338437
        3.6700121000         4.9500000000         2.2311537283         2.2990933970        23.3144451133
        3.6750210000         4.9500000000         2.2081827866         2.3935128629        22.7160591953
        3.6800052000         4.9500000000         2.2183920940         2.4751729416        22.9820084922
        3.6850069000         4.9500000000         2.2311537283         2.5772480400        23.3144451133
        3.6900095000         4.9500000000         2.2107351134         2.6538043638        22.7825465195
        3.6950390000         4.9500000000         2.2311537283         2.7584313396        23.3144451133
        3.7000060000         4.9500000000         2.2286014014         2.8375395408        23.2479577891
        3.7050078000         4.9500000000         2.2234967477         2.9294071293        23.1149831407
        3.7100179000         4.9500000000         2.2209444209         3.0059634531        23.0484958164
        3.7150347000         4.9500000000         2.2183920940         3.1029347965        22.9820084922
        3.7200059000         4.9500000000         2.2158397672         3.1922505076        22.9155211680
        3.7250050000         4.9500000000         2.2362583820         3.2892218510        23.4474197618
        3.7300154000         4.9500000000         2.2209444209         3.3708819297        23.0484958164
        3.7350107000         4.9500000000         2.2234967477         3.4601976408        23.1149831407
        3.7400085000         4.9500000000         2.2132874403         3.5444095970        22.8490338437
        3.7450099000         4.9500000000         2.2362583820         3.6439328179        23.4474197618
        3.7500083000         4.9500000000         2.2234967477         3.7281447740        23.1149831407
        3.7550243000         4.9500000000         2.2132874403         3.8174604851        22.8490338437
        3.7600089000         4.9500000000         2.2234967477         3.9042243187        23.1149831407
        3.7650070000         4.9500000000         2.2260490746         3.9935400297        23.1814704649
        3.7700062000         4.9500000000         2.2286014014         4.0905113732        23.2479577891
        3.7750159000         4.9500000000         2.2234967477         4.1696195744        23.1149831407
        3.7800061000         4.9500000000         2.2234967477         4.2589352855        23.1149831407
        3.7850053000         4.9500000000         2.2132874403         4.3456991191        22.8490338437
        3.7900032000         4.9500000000         2.2260490746         4.4426704625        23.1814704649
        3.7950076000         4.9500000000         2.2260490746         4.5421936834        23.1814704649
        3.8000065000         4.9500000000         2.2030781329         4.6264056396        22.5830845468
        3.8050075000         4.9500000000         2.2132874403         4.7131694732        22.8490338437
        3.8100108000         4.9500000000         2.2132874403         4.8050370617        22.8490338437
        3.8150689000         4.9500000000         2.2209444209         4.9071121601        23.0484958164
        3.8200075000         4.9500000000         2.2337060552         4.9964278711        23.3809324376
        3.8250089000         4.9500000000         2.2158397672         5.0066353810        22.9155211680
        3.8300095000         4.9500000000         2.2209444209         1.1022628687        23.0484958164
        3.8350931000         4.9500000000         2.2158397672         0.0024036839        22.9155211680
        3.8400044000         4.9500000000         2.2132874403         0.0534412330        22.8490338437
        3.8450047000         4.9500000000         2.2107351134         0.1325494343        22.7825465195
        3.8500030000         4.9500000000         2.2081827866         0.2218651453        22.7160591953
        3.8550396000         4.9500000000         2.2107351134         0.3188364888        22.7825465195
        3.8600086000         4.9500000000         2.2107351134         0.4107040773        22.7825465195
        3.8650077000         4.9500000000         2.2132874403         0.5076754207        22.8490338437
        3.8700063000         4.9500000000         2.2158397672         0.5893354994        22.9155211680
        3.8750449000         4.9500000000         2.1979734792         0.6760993330        22.4501098984
        3.8800065000         4.9500000000         2.2158397672         0.7679669216        22.9155211680
        3.8850080000         4.9500000000         2.1979734792         0.8496270002        22.4501098984
        3.8900119000         4.9500000000         2.2107351134         0.9440464662        22.7825465195
        3.8950383000         4.9500000000         2.2132874403         1.0359140547        22.8490338437
        3.9000347000         4.9500000000         2.2234967477         1.1303335207        23.1149831407
        3.9050080000         4.9500000000         2.1979734792         1.2068898445        22.4501098984
        3.9100059000         4.9500000000         2.2056304597         1.2936536781        22.6495718711
        3.9150031000         4.9500000000         2.2081827866         1.3804175117        22.7160591953
        3.9200059000         4.9500000000         2.2030781329         1.4595257129        22.5830845468
        3.9250084000         4.9500000000         2.2132874403         1.5590489338        22.8490338437
        3.9300067000         4.9500000000         2.2056304597         1.6356052576        22.6495718711
        3.9351678000         4.9500000000         2.2056304597         1.7223690912        22.6495718711
        3.9400051000         4.9500000000         2.2158397672         1.8116848023        22.9155211680
        3.9450068000         4.9500000000         2.2183920940         1.8958967584        22.9820084922
        3.9500084000         4.9500000000         2.2158397672         1.9928681019        22.9155211680
        3.9550390000         4.9500000000         2.2107351134         2.0694244256        22.7825465195
        3.9600082000         4.9500000000         2.2286014014         2.1689476465        23.2479577891
        3.9650105000         4.9500000000         2.2234967477         2.2506077252        23.1149831407
        3.9700064000         4.9500000000         2.2183920940         2.3373715588        22.9820084922
        3.9752158000         4.9500000000         2.2260490746         2.4368947797        23.1814704649
        3.9800507000         4.9500000000         2.2260490746         2.5211067359        23.1814704649
        3.9850290000         4.9500000000         2.2132874403         2.6002149371        22.8490338437
        3.9900100000         4.9500000000         2.2183920940         2.6869787707        22.9820084922
        3.9951591000         4.9500000000         2.2234967477         2.7916057465        23.1149831407
