% Sweep Step 121/200  Vcmd=3.5500V  CW
% Vg_offset=1.338056V  K_gimbal=26.049690

Time[s]              Vcmd[V]              Vg_raw[V]            Pot[V]               Omega[rad/s]
        0.0005143000         3.5500000000         1.3352870017         2.2659189900        -0.0721387468
        0.0054466000         3.5500000000         1.3429439823         2.2735746224         0.1273232259
        0.0105353000         3.5500000000         1.3301823480         2.2608152351        -0.2051133952
        0.0155711000         3.5500000000         1.3378393285         2.2608152351        -0.0056514226
        0.0205173000         3.5500000000         1.5165022085         2.2710227449         4.6484612733
        0.0254959000         3.5500000000         1.5190545354         2.2914377646         4.7149485975
        0.0306964000         3.5500000000         1.4986359205         2.3118527843         4.1830500037
        0.0355725000         3.5500000000         1.5573394382         2.3271640490         5.7122584609
        0.0404260000         3.5500000000         1.5803103799         2.3526828236         6.3106443790
        0.0454396000         3.5500000000         1.5701010725         2.3782015982         6.0446950821
        0.0506922000         3.5500000000         1.5828627068         2.3960647404         6.3771317032
        0.0556486000         3.5500000000         1.5981766679         2.4139278826         6.7760556486
        0.0604512000         3.5500000000         1.6007289948         2.4471022896         6.8425429728
        0.0654405000         3.5500000000         1.6160429559         2.4777248191         7.2414669181
        0.0704761000         3.5500000000         1.6262522633         2.5134511035         7.5074162151
        0.0754905000         3.5500000000         1.6313569170         2.5364180006         7.6403908635
        0.0805404000         3.5500000000         1.6211476096         2.5670405302         7.3744415666
        0.0854384000         3.5500000000         1.6594325125         2.6027668146         8.3717514300
        0.0904496000         3.5500000000         1.6415662245         2.6257337117         7.9063401604
        0.0954501000         3.5500000000         1.6543278587         2.6589081187         8.2387767816
        0.1004644000         3.5500000000         1.6492232050         2.6869787707         8.1058021331
        0.1055125000         3.5500000000         1.6721941467         2.7227050552         8.7041880511
        0.1104345000         3.5500000000         1.6619848393         2.7533275847         8.4382387542
        0.1154341000         3.5500000000         1.6772988005         2.7865019916         8.8371626996
        0.1204075000         3.5500000000         1.6772988005         2.8171245211         8.8371626996
        0.1254642000         3.5500000000         1.6696418199         2.8528508056         8.6377007269
        0.1304121000         3.5500000000         1.6849557810         2.8860252125         9.0366246723
        0.1354185000         3.5500000000         1.6824034542         2.9217514970         8.9701373480
        0.1404317000         3.5500000000         1.6977174153         2.9574777814         9.3690612934
        0.1454472000         3.5500000000         1.6900604347         2.9983078207         9.1695993207
        0.1504159000         3.5500000000         1.7104790496         3.0314822277         9.7014979145
        0.1554213000         3.5500000000         1.6875081079         3.0595528797         9.1031119965
        0.1604573000         3.5500000000         1.7028220690         3.0952791642         9.5020359419
        0.1654445000         3.5500000000         1.6977174153         3.1386610810         9.3690612934
        0.1704639000         3.5500000000         1.7181360302         3.1743873654         9.9009598872
        0.1753971000         3.5500000000         1.6875081079         3.2050098949         9.1031119965
        0.1804019000         3.5500000000         1.7232406839         3.2407361793        10.0339345357
        0.1854663000         3.5500000000         1.7028220690         3.2917737285         9.5020359419
        0.1904398000         3.5500000000         1.7232406839         3.3172925031        10.0339345357
        0.1953976000         3.5500000000         1.7028220690         3.3606744199         9.5020359419
        0.2004068000         3.5500000000         1.7436592987         3.4040563367        10.5658331295
        0.2054961000         3.5500000000         1.7130313764         3.4372307437         9.7679852388
        0.2104805000         3.5500000000         1.7206883570         3.4729570281         9.9674472114
        0.2155246000         3.5500000000         1.7232406839         3.5163389449        10.0339345357
        0.2203952000         3.5500000000         1.7206883570         3.5495133519         9.9674472114
        0.2254834000         3.5500000000         1.7308976644         3.5979990236        10.2333965084
        0.2305105000         3.5500000000         1.7334499913         3.6337253080        10.2998838326
        0.2354233000         3.5500000000         1.7308976644         3.6771072248        10.2333965084
        0.2404711000         3.5500000000         1.7181360302         3.7077297543         9.9009598872
        0.2454240000         3.5500000000         1.7283453376         3.7460079162        10.1669091841
        0.2503964000         3.5500000000         1.7385546450         3.7944935879        10.4328584810
        0.2554647000         3.5500000000         1.7385546450         3.8353236273        10.4328584810
        0.2604919000         3.5500000000         1.7334499913         3.8736017892        10.2998838326
        0.2655606000         3.5500000000         1.7589732599         3.9093280736        10.9647570748
        0.2704991000         3.5500000000         1.7206883570         3.9450543580         9.9674472114
        0.2754025000         3.5500000000         1.7411069719         3.9858843974        10.4993458053
        0.2804004000         3.5500000000         1.7411069719         4.0292663142        10.4993458053
        0.2854625000         3.5500000000         1.7462116256         4.0726482310        10.6323204537
        0.2904374000         3.5500000000         1.7436592987         4.1134782703        10.5658331295
        0.2955155000         3.5500000000         1.7513162793         4.1568601871        10.7652951022
        0.3005146000         3.5500000000         1.7334499913         4.2027939814        10.2998838326
        0.3053969000         3.5500000000         1.7487639524         4.2308646334        10.6988077779
        0.3104127000         3.5500000000         1.7564209330         4.2844540601        10.8982697506
        0.3154097000         3.5500000000         1.7487639524         4.3278359769        10.6988077779
        0.3204123000         3.5500000000         1.7462116256         4.3559066289        10.6323204537
        0.3254392000         3.5500000000         1.7513162793         4.4069441781        10.7652951022
        0.3304536000         3.5500000000         1.7436592987         4.4452223400        10.5658331295
        0.3354563000         3.5500000000         1.7615255867         4.4988117666        11.0312443991
        0.3404135000         3.5500000000         1.7538686061         4.5345380510        10.8317824264
        0.3454486000         3.5500000000         1.7589732599         4.5779199678        10.9647570748
        0.3504635000         3.5500000000         1.7742872210         4.6289575170        11.3636810202
        0.3553947000         3.5500000000         1.7564209330         4.6595800465        10.8982697506
        0.3603930000         3.5500000000         1.7538686061         4.7055138408        10.8317824264
        0.3654530000         3.5500000000         1.7717348941         4.7565513900        11.2971936960
        0.3704007000         3.5500000000         1.7589732599         4.7948295519        10.9647570748
        0.3756055000         3.5500000000         1.7742872210         4.8484189785        11.3636810202
        0.3804010000         3.5500000000         1.7666302404         4.8892490178        11.1642190475
        0.3853967000         3.5500000000         1.7717348941         4.9453903219        11.2971936960
        0.3904400000         3.5500000000         1.7819442016         4.9836684838        11.5631429929
        0.3954835000         3.5500000000         1.7742872210         5.0117391359        11.3636810202
        0.4003949000         3.5500000000         1.7819442016         5.0117391359        11.5631429929
        0.4054336000         3.5500000000         1.7793918747         4.9989797486        11.4966556687
        0.4104033000         3.5500000000         1.7691825673         1.1124703785        11.2307063718
        0.4154239000         3.5500000000         1.7896011821        -0.0001481936        11.7626049656
        0.4205089000         3.5500000000         1.7666302404        -0.0027000711        11.1642190475
        0.4254007000         3.5500000000         1.7844965284         0.0075074388        11.6296303171
        0.4303904000         3.5500000000         1.7947058358         0.0304743359        11.8955796140
        0.4353877000         3.5500000000         1.7717348941         0.0713043752        11.2971936960
        0.4403883000         3.5500000000         1.7717348941         0.1172381695        11.2971936960
        0.4453909000         3.5500000000         1.7819442016         0.1631719638        11.5631429929
        0.4504403000         3.5500000000         1.7742872210         0.2116576355        11.3636810202
        0.4554454000         3.5500000000         1.7819442016         0.2626951847        11.5631429929
        0.4604196000         3.5500000000         1.7742872210         0.3035252240        11.3636810202
        0.4653884000         3.5500000000         1.7793918747         0.3545627732        11.4966556687
        0.4704662000         3.5500000000         1.7844965284         0.4030484449        11.6296303171
        0.4753960000         3.5500000000         1.7819442016         0.4413266068        11.5631429929
        0.4803992000         3.5500000000         1.7768395479         0.4923641560        11.4301683444
        0.4853934000         3.5500000000         1.7947058358         0.5382979502        11.8955796140
        0.4903990000         3.5500000000         1.7819442016         0.5893354994        11.5631429929
        0.4954806000         3.5500000000         1.7793918747         0.6301655388        11.4966556687
        0.5004336000         3.5500000000         1.7921535090         0.6760993330        11.8290922898
        0.5053935000         3.5500000000         1.7742872210         0.7194812498        11.3636810202
        0.5104695000         3.5500000000         1.7896011821         0.7679669216        11.7626049656
        0.5153940000         3.5500000000         1.7819442016         0.8087969609        11.5631429929
        0.5204048000         3.5500000000         1.7819442016         0.8547307552        11.5631429929
        0.5254566000         3.5500000000         1.7844965284         0.9032164269        11.6296303171
        0.5303987000         3.5500000000         1.7896011821         0.9542539761        11.7626049656
        0.5354445000         3.5500000000         1.7717348941         0.9899802605        11.2971936960
        0.5404559000         3.5500000000         1.7819442016         1.0333621773        11.5631429929
        0.5453901000         3.5500000000         1.7691825673         1.0767440941        11.2307063718
        0.5504039000         3.5500000000         1.7819442016         1.1252297658        11.5631429929
        0.5553938000         3.5500000000         1.7742872210         1.1686116826        11.3636810202
        0.5604745000         3.5500000000         1.7768395479         1.2119935994        11.4301683444
        0.5653891000         3.5500000000         1.7921535090         1.2604792711        11.8290922898
        0.5704826000         3.5500000000         1.7742872210         1.2936536781        11.3636810202
        0.5754132000         3.5500000000         1.7870488553         1.3446912273        11.6961176413
        0.5804043000         3.5500000000         1.7640779136         1.3880731441        11.0977317233
        0.5854357000         3.5500000000         1.7768395479         1.4314550609        11.4301683444
        0.5904491000         3.5500000000         1.7896011821         1.4748369777        11.7626049656
        0.5953973000         3.5500000000         1.7717348941         1.5182188945        11.2971936960
        0.6005875000         3.5500000000         1.7768395479         1.5616008113        11.4301683444
        0.6053974000         3.5500000000         1.7819442016         1.6100864830        11.5631429929
        0.6103892000         3.5500000000         1.7793918747         1.6560202773        11.4966556687
        0.6153977000         3.5500000000         1.7844965284         1.6942984392        11.6296303171
        0.6204749000         3.5500000000         1.7691825673         1.7300247236        11.2307063718
        0.6253986000         3.5500000000         1.7691825673         1.7734066404        11.2307063718
        0.6304225000         3.5500000000         1.7793918747         1.8193404347        11.4966556687
        0.6353996000         3.5500000000         1.7615255867         1.8601704740        11.0312443991
        0.6404164000         3.5500000000         1.7870488553         1.9086561457        11.6961176413
        0.6454423000         3.5500000000         1.7819442016         1.9494861851        11.5631429929
        0.6504098000         3.5500000000         1.7896011821         2.0030756117        11.7626049656
        0.6554460000         3.5500000000         1.7793918747         2.0413537736        11.4966556687
        0.6604447000         3.5500000000         1.7793918747         2.0898394453        11.4966556687
        0.6654184000         3.5500000000         1.7793918747         2.1332213621        11.4966556687
        0.6704385000         3.5500000000         1.7793918747         2.1740514015        11.4966556687
        0.6754122000         3.5500000000         1.7691825673         2.2174333183        11.2307063718
        0.6804036000         3.5500000000         1.7742872210         2.2608152351        11.3636810202
        0.6854683000         3.5500000000         1.7640779136         2.2990933970        11.0977317233
        0.6904273000         3.5500000000         1.7768395479         2.3475790687        11.4301683444
        0.6954415000         3.5500000000         1.7691825673         2.3858572306        11.2307063718
        0.7004425000         3.5500000000         1.7615255867         2.4292391474        11.0312443991
        0.7054237000         3.5500000000         1.7793918747         2.4751729416        11.4966556687
        0.7104430000         3.5500000000         1.7717348941         2.5262104908        11.2971936960
        0.7154142000         3.5500000000         1.7768395479         2.5670405302        11.4301683444
        0.7204227000         3.5500000000         1.7793918747         2.6053186920        11.4966556687
        0.7254098000         3.5500000000         1.7691825673         2.6563562412        11.2307063718
        0.7303983000         3.5500000000         1.7819442016         2.6946344031        11.5631429929
        0.7354528000         3.5500000000         1.7717348941         2.7405681974        11.2971936960
        0.7403879000         3.5500000000         1.7819442016         2.7890538691        11.5631429929
        0.7454920000         3.5500000000         1.7819442016         2.8273320310        11.5631429929
        0.7504225000         3.5500000000         1.7691825673         2.8707139478        11.2307063718
        0.7554412000         3.5500000000         1.7870488553         2.9217514970        11.6961176413
        0.7604430000         3.5500000000         1.7793918747         2.9625815363        11.4966556687
        0.7654959000         3.5500000000         1.7844965284         3.0161709629        11.6296303171
        0.7703872000         3.5500000000         1.7819442016         3.0518972474        11.5631429929
        0.7755031000         3.5500000000         1.7870488553         3.1003829191        11.6961176413
        0.7804852000         3.5500000000         1.7768395479         3.1361092035        11.4301683444
        0.7854033000         3.5500000000         1.7947058358         3.1948023851        11.8955796140
        0.7903924000         3.5500000000         1.7819442016         3.2254249146        11.5631429929
        0.7954831000         3.5500000000         1.7793918747         3.2790143412        11.4966556687
        0.8004154000         3.5500000000         1.7768395479         3.3223962580        11.4301683444
        0.8054410000         3.5500000000         1.7742872210         3.3606744199        11.3636810202
        0.8104595000         3.5500000000         1.7742872210         3.4040563367        11.3636810202
        0.8154437000         3.5500000000         1.7896011821         3.4525420084        11.7626049656
        0.8203923000         3.5500000000         1.7896011821         3.5035795576        11.7626049656
        0.8254606000         3.5500000000         1.7768395479         3.5367539646        11.4301683444
        0.8303929000         3.5500000000         1.7640779136         3.5801358814        11.0977317233
        0.8354125000         3.5500000000         1.7844965284         3.6311734306        11.6296303171
        0.8403923000         3.5500000000         1.7742872210         3.6745553474        11.3636810202
        0.8454236000         3.5500000000         1.7691825673         3.7153853867        11.2307063718
        0.8503948000         3.5500000000         1.7870488553         3.7613191810        11.6961176413
        0.8553945000         3.5500000000         1.7742872210         3.8021492203        11.3636810202
        0.8603889000         3.5500000000         1.7717348941         3.8506348920        11.2971936960
        0.8654242000         3.5500000000         1.7921535090         3.8991205638        11.8290922898
        0.8704491000         3.5500000000         1.7768395479         3.9476062355        11.4301683444
        0.8753874000         3.5500000000         1.7793918747         3.9935400297        11.4966556687
        0.8803987000         3.5500000000         1.7896011821         4.0369219465        11.7626049656
        0.8853978000         3.5500000000         1.7819442016         4.0803038633        11.5631429929
        0.8904360000         3.5500000000         1.7742872210         4.1185820252        11.3636810202
        0.8953894000         3.5500000000         1.7870488553         4.1619639420        11.6961176413
        0.9004202000         3.5500000000         1.7691825673         4.2053458588        11.2307063718
        0.9053998000         3.5500000000         1.7921535090         4.2563834080        11.8290922898
        0.9103892000         3.5500000000         1.7896011821         4.3023172023        11.7626049656
        0.9153878000         3.5500000000         1.7793918747         4.3456991191        11.4966556687
        0.9204113000         3.5500000000         1.7819442016         4.3814254035        11.5631429929
        0.9253973000         3.5500000000         1.7691825673         4.4248073203        11.2307063718
        0.9303954000         3.5500000000         1.7819442016         4.4783967469        11.5631429929
        0.9353884000         3.5500000000         1.7819442016         4.5217786637        11.5631429929
        0.9404167000         3.5500000000         1.7742872210         4.5677124580        11.3636810202
        0.9454445000         3.5500000000         1.7947058358         4.6187500072        11.8955796140
        0.9504039000         3.5500000000         1.7819442016         4.6697875564        11.5631429929
        0.9553979000         3.5500000000         1.7896011821         4.7080657183        11.7626049656
        0.9604127000         3.5500000000         1.7768395479         4.7565513900        11.4301683444
        0.9653952000         3.5500000000         1.7768395479         4.7973814293        11.4301683444
        0.9705033000         3.5500000000         1.7870488553         4.8484189785        11.6961176413
        0.9753990000         3.5500000000         1.7742872210         4.8892490178        11.3636810202
        0.9805052000         3.5500000000         1.7793918747         4.9428384445        11.4966556687
        0.9854004000         3.5500000000         1.7972581627         4.9887722387        11.9620669382
        0.9904347000         3.5500000000         1.7742872210         5.0040835035        11.3636810202
        0.9954224000         3.5500000000         1.7921535090         5.0066353810        11.8290922898
        1.0004180000         3.5500000000         1.7921535090         4.9964278711        11.8290922898
        1.0054384000         3.5500000000         1.7844965284         1.1073666236        11.6296303171
        1.0104432000         3.5500000000         1.8049151433         0.0024036839        12.1615289109
        1.0154677000         3.5500000000         1.7896011821         0.0049555613        11.7626049656
        1.0204783000         3.5500000000         1.7947058358         0.0100593162        11.8955796140
        1.0254307000         3.5500000000         1.7947058358         0.0483374781        11.8955796140
        1.0304282000         3.5500000000         1.7844965284         0.0891675175        11.6296303171
        1.0354283000         3.5500000000         1.7870488553         0.1351013117        11.6961176413
        1.0404666000         3.5500000000         1.8023628164         0.1937944933        12.0950415867
        1.0454626000         3.5500000000         1.7768395479         0.2346245326        11.4301683444
        1.0505691000         3.5500000000         1.7972581627         0.2805583269        11.9620669382
        1.0555326000         3.5500000000         1.7896011821         0.3341477535        11.7626049656
        1.0605358000         3.5500000000         1.7896011821         0.3800815478        11.7626049656
        1.0655467000         3.5500000000         1.7921535090         0.4285672195        11.8290922898
        1.0705004000         3.5500000000         1.7972581627         0.4796047687        11.9620669382
        1.0754398000         3.5500000000         1.7896011821         0.5153310531        11.7626049656
        1.0804582000         3.5500000000         1.7947058358         0.5740242347        11.8955796140
        1.0854830000         3.5500000000         1.7870488553         0.6097505191        11.6961176413
        1.0904322000         3.5500000000         1.7947058358         0.6582361908        11.8955796140
        1.0954344000         3.5500000000         1.7896011821         0.7016181076        11.7626049656
        1.1004695000         3.5500000000         1.7717348941         0.7501037793        11.2971936960
        1.1054222000         3.5500000000         1.7998104896         0.7960375736        12.0285542625
        1.1103944000         3.5500000000         1.7717348941         0.8343157355        11.2971936960
        1.1153887000         3.5500000000         1.7921535090         0.8879051621        11.8290922898
        1.1203887000         3.5500000000         1.7921535090         0.9312870789        11.8290922898
        1.1254286000         3.5500000000         1.7819442016         0.9772208732        11.5631429929
        1.1304243000         3.5500000000         1.7947058358         1.0231546675        11.8955796140
        1.1353934000         3.5500000000         1.7870488553         1.0767440941        11.6961176413
        1.1404448000         3.5500000000         1.7947058358         1.1073666236        11.8955796140
        1.1454467000         3.5500000000         1.7691825673         1.1533004179        11.2307063718
        1.1504340000         3.5500000000         1.7844965284         1.2094417220        11.6296303171
        1.1554819000         3.5500000000         1.8100197970         1.2553755162        12.2945035594
        1.1604385000         3.5500000000         1.7870488553         1.2962055556        11.6961176413
        1.1653927000         3.5500000000         1.7870488553         1.3370355949        11.6961176413
        1.1704308000         3.5500000000         1.7947058358         1.3880731441        11.8955796140
        1.1756102000         3.5500000000         1.7896011821         1.4314550609        11.7626049656
        1.1804336000         3.5500000000         1.7819442016         1.4646294679        11.5631429929
        1.1854241000         3.5500000000         1.8049151433         1.5156670170        12.1615289109
        1.1903879000         3.5500000000         1.7717348941         1.5539451789        11.2971936960
        1.1954315000         3.5500000000         1.8049151433         1.6100864830        12.1615289109
        1.2004314000         3.5500000000         1.7768395479         1.6483646449        11.4301683444
        1.2054643000         3.5500000000         1.7998104896         1.6942984392        12.0285542625
        1.2104189000         3.5500000000         1.7844965284         1.7376803560        11.6296303171
        1.2153913000         3.5500000000         1.7947058358         1.7810622728        11.8955796140
        1.2205219000         3.5500000000         1.7742872210         1.8167885572        11.3636810202
        1.2254519000         3.5500000000         1.7819442016         1.8678261064        11.5631429929
        1.2304468000         3.5500000000         1.7921535090         1.9188636556        11.8290922898
        1.2354279000         3.5500000000         1.7870488553         1.9647974498        11.6961176413
        1.2404350000         3.5500000000         1.7896011821         2.0030756117        11.7626049656
        1.2454665000         3.5500000000         1.7921535090         2.0439056511        11.8290922898
        1.2504405000         3.5500000000         1.7844965284         2.0923913228        11.6296303171
        1.2554389000         3.5500000000         1.7947058358         2.1434288720        11.8955796140
        1.2604315000         3.5500000000         1.7947058358         2.1893626662        11.8955796140
        1.2655220000         3.5500000000         1.7793918747         2.2301927056        11.4966556687
        1.2704319000         3.5500000000         1.7793918747         2.2659189900        11.4966556687
        1.2754710000         3.5500000000         1.7972581627         2.3169565392        11.9620669382
        1.2805074000         3.5500000000         1.7793918747         2.3628903334        11.4966556687
        1.2854411000         3.5500000000         1.7921535090         2.4088241277        11.8290922898
        1.2904522000         3.5500000000         1.7896011821         2.4547579220        11.7626049656
        1.2956590000         3.5500000000         1.7793918747         2.4981398388        11.4966556687
        1.3005686000         3.5500000000         1.7921535090         2.5389698781        11.8290922898
        1.3054402000         3.5500000000         1.7844965284         2.5900074273        11.6296303171
        1.3104571000         3.5500000000         1.7870488553         2.6384930990        11.6961176413
        1.3154551000         3.5500000000         1.7972581627         2.6767712609        11.9620669382
        1.3204509000         3.5500000000         1.7768395479         2.7201531777        11.4301683444
        1.3254504000         3.5500000000         1.7947058358         2.7660869720        11.8955796140
        1.3304505000         3.5500000000         1.7844965284         2.8120207662        11.6296303171
        1.3354281000         3.5500000000         1.7896011821         2.8605064379        11.7626049656
        1.3404467000         3.5500000000         1.7972581627         2.9089921097        11.9620669382
        1.3454333000         3.5500000000         1.7793918747         2.9421665166        11.4966556687
        1.3506049000         3.5500000000         1.7844965284         2.9932040658        11.6296303171
        1.3555491000         3.5500000000         1.7819442016         3.0365859826        11.5631429929
        1.3608616000         3.5500000000         1.7742872210         3.0723122670        11.3636810202
        1.3660957000         3.5500000000         1.7819442016         3.1182460613        11.5631429929
        1.3704424000         3.5500000000         1.7844965284         3.1743873654        11.6296303171
        1.3755755000         3.5500000000         1.7793918747         3.2101136498        11.4966556687
        1.3805403000         3.5500000000         1.7896011821         3.2560474441        11.7626049656
        1.3855966000         3.5500000000         1.7742872210         3.3019812383        11.3636810202
        1.3904439000         3.5500000000         1.7819442016         3.3453631551        11.5631429929
        1.3955406000         3.5500000000         1.7844965284         3.3912969494        11.6296303171
        1.4005222000         3.5500000000         1.7819442016         3.4295751113        11.5631429929
        1.4061299000         3.5500000000         1.7870488553         3.4857164154        11.6961176413
        1.4104202000         3.5500000000         1.7742872210         3.5265464547        11.3636810202
        1.4155833000         3.5500000000         1.7768395479         3.5597208617        11.4301683444
        1.4204344000         3.5500000000         1.7844965284         3.6184140433        11.6296303171
        1.4255370000         3.5500000000         1.7844965284         3.6566922051        11.6296303171
        1.4304792000         3.5500000000         1.7742872210         3.7000741219        11.3636810202
        1.4356535000         3.5500000000         1.7819442016         3.7511116711        11.5631429929
        1.4407210000         3.5500000000         1.7947058358         3.7970454654        11.8955796140
        1.4454894000         3.5500000000         1.7742872210         3.8327717498        11.3636810202
        1.4504007000         3.5500000000         1.7819442016         3.8787055441        11.5631429929
        1.4554231000         3.5500000000         1.7717348941         3.9144318285        11.2971936960
        1.4604116000         3.5500000000         1.7819442016         3.9654693777        11.5631429929
        1.4653850000         3.5500000000         1.7844965284         4.0062994170        11.6296303171
        1.4703933000         3.5500000000         1.7768395479         4.0547850888        11.4301683444
        1.4754210000         3.5500000000         1.7819442016         4.1058226379        11.5631429929
        1.4804598000         3.5500000000         1.7896011821         4.1364451674        11.7626049656
        1.4853854000         3.5500000000         1.7768395479         4.1874827166        11.4301683444
        1.4905527000         3.5500000000         1.7844965284         4.2308646334        11.6296303171
        1.4954175000         3.5500000000         1.7896011821         4.2767984277        11.7626049656
        1.5003988000         3.5500000000         1.7691825673         4.3201803445        11.2307063718
        1.5053890000         3.5500000000         1.7896011821         4.3661141388        11.7626049656
        1.5104024000         3.5500000000         1.7768395479         4.4171516879        11.4301683444
        1.5154477000         3.5500000000         1.7972581627         4.4656373597        11.9620669382
        1.5203962000         3.5500000000         1.7793918747         4.5141230314        11.4966556687
        1.5254229000         3.5500000000         1.7870488553         4.5549530707        11.6961176413
        1.5304126000         3.5500000000         1.7896011821         4.6008868650        11.7626049656
        1.5354210000         3.5500000000         1.7793918747         4.6417169043        11.4966556687
        1.5404699000         3.5500000000         1.7870488553         4.6927544535        11.6961176413
        1.5454021000         3.5500000000         1.7998104896         4.7514476351        12.0285542625
        1.5503986000         3.5500000000         1.7896011821         4.7948295519        11.7626049656
        1.5553885000         3.5500000000         1.8125721238         4.8382114687        12.3609908836
        1.5604106000         3.5500000000         1.7844965284         4.8866971404        11.6296303171
        1.5653884000         3.5500000000         1.7921535090         4.9402865670        11.8290922898
        1.5704323000         3.5500000000         1.7972581627         4.9785647289        11.9620669382
        1.5754280000         3.5500000000         1.7870488553         5.0040835035        11.6961176413
        1.5804499000         3.5500000000         1.7947058358         5.0066353810        11.8955796140
        1.5855055000         3.5500000000         1.7947058358         5.0066353810        11.8955796140
        1.5904819000         3.5500000000         1.7972581627         1.1073666236        11.9620669382
        1.5954356000         3.5500000000         1.8074674701         0.0075074388        12.2280162352
        1.6005822000         3.5500000000         1.8023628164         0.0075074388        12.0950415867
        1.6055347000         3.5500000000         1.7972581627         0.0024036839        11.9620669382
        1.6104401000         3.5500000000         1.8023628164         0.0457856007        12.0950415867
        1.6155199000         3.5500000000         1.7870488553         0.0866156400        11.6961176413
        1.6205155000         3.5500000000         1.7819442016         0.1402050666        11.5631429929
        1.6254620000         3.5500000000         1.8100197970         0.1912426158        12.2945035594
        1.6304550000         3.5500000000         1.7947058358         0.2320726552        11.8955796140
        1.6354389000         3.5500000000         1.7972581627         0.2907658367        11.9620669382
        1.6404129000         3.5500000000         1.7972581627         0.3315958761        11.9620669382
        1.6454777000         3.5500000000         1.7844965284         0.3698740379        11.6296303171
        1.6504108000         3.5500000000         1.7921535090         0.4209115871        11.8290922898
        1.6554444000         3.5500000000         1.7947058358         0.4668453814        11.8955796140
        1.6607766000         3.5500000000         1.7870488553         0.5153310531        11.6961176413
        1.6654771000         3.5500000000         1.7921535090         0.5587129699        11.8290922898
        1.6705820000         3.5500000000         1.8023628164         0.6097505191        12.0950415867
        1.6754586000         3.5500000000         1.7870488553         0.6454768035        11.6961176413
        1.6804580000         3.5500000000         1.7921535090         0.6990662302        11.8290922898
        1.6854268000         3.5500000000         1.7844965284         0.7475519019        11.6296303171
        1.6904323000         3.5500000000         1.7998104896         0.7909338187        12.0285542625
        1.6954512000         3.5500000000         1.7793918747         0.8343157355        11.4966556687
        1.7004307000         3.5500000000         1.7947058358         0.8828014072        11.8955796140
        1.7055231000         3.5500000000         1.7921535090         0.9287352015        11.8290922898
        1.7104312000         3.5500000000         1.7844965284         0.9695652408        11.6296303171
        1.7154608000         3.5500000000         1.7972581627         1.0231546675        11.9620669382
        1.7204302000         3.5500000000         1.7870488553         1.0690884617        11.6961176413
        1.7254438000         3.5500000000         1.7947058358         1.1073666236        11.8955796140
        1.7304515000         3.5500000000         1.7870488553         1.1609560502        11.6961176413
        1.7354428000         3.5500000000         1.7896011821         1.2017860896        11.7626049656
        1.7404491000         3.5500000000         1.7998104896         1.2553755162        12.0285542625
        1.7454447000         3.5500000000         1.7921535090         1.3013093105        11.8290922898
        1.7504394000         3.5500000000         1.7947058358         1.3395874724        11.8955796140
        1.7554455000         3.5500000000         1.7819442016         1.3804175117        11.5631429929
        1.7604319000         3.5500000000         1.7793918747         1.4212475511        11.4966556687
        1.7655110000         3.5500000000         1.7896011821         1.4748369777        11.7626049656
        1.7704781000         3.5500000000         1.7896011821         1.5182188945        11.7626049656
        1.7754970000         3.5500000000         1.7768395479         1.5539451789        11.4301683444
        1.7804619000         3.5500000000         1.7819442016         1.5998789732        11.5631429929
        1.7855563000         3.5500000000         1.7896011821         1.6509165224        11.7626049656
        1.7904630000         3.5500000000         1.7947058358         1.6942984392        11.8955796140
        1.7954842000         3.5500000000         1.7844965284         1.7453359884        11.6296303171
        1.8004840000         3.5500000000         1.8074674701         1.7912697826        12.2280162352
        1.8054838000         3.5500000000         1.7896011821         1.8346516994        11.7626049656
        1.8104925000         3.5500000000         1.7896011821         1.8729298613        11.7626049656
        1.8154664000         3.5500000000         1.7844965284         1.9163117781        11.6296303171
        1.8204385000         3.5500000000         1.7972581627         1.9699012047        11.9620669382
        1.8254947000         3.5500000000         1.7819442016         2.0005237343        11.5631429929
        1.8305386000         3.5500000000         1.7896011821         2.0541131609        11.7626049656
        1.8354062000         3.5500000000         1.7844965284         2.0949432002        11.6296303171
        1.8404643000         3.5500000000         1.8023628164         2.1434288720        12.0950415867
        1.8454514000         3.5500000000         1.8049151433         2.1868107888        12.1615289109
        1.8504600000         3.5500000000         1.7972581627         2.2404002154        11.9620669382
        1.8553938000         3.5500000000         1.7896011821         2.2837821322        11.7626049656
        1.8604317000         3.5500000000         1.7947058358         2.3246121715        11.8955796140
        1.8655307000         3.5500000000         1.7896011821         2.3730978433        11.7626049656
        1.8704351000         3.5500000000         1.7921535090         2.4164797601        11.8290922898
        1.8754170000         3.5500000000         1.7998104896         2.4649654318        12.0285542625
        1.8805485000         3.5500000000         1.7921535090         2.5160029810        11.8290922898
        1.8856267000         3.5500000000         1.7998104896         2.5517292654        12.0285542625
        1.8904630000         3.5500000000         1.7793918747         2.6002149371        11.4966556687
        1.8954295000         3.5500000000         1.7844965284         2.6359412215        11.6296303171
        1.9004507000         3.5500000000         1.7844965284         2.6818750158        11.6296303171
        1.9054501000         3.5500000000         1.7870488553         2.7329125650        11.6961176413
        1.9104958000         3.5500000000         1.7793918747         2.7711907269        11.4966556687
        1.9155339000         3.5500000000         1.7998104896         2.8196763986        12.0285542625
        1.9204918000         3.5500000000         1.7947058358         2.8732658252        11.8955796140
        1.9254651000         3.5500000000         1.8023628164         2.9140958646        12.0950415867
        1.9304540000         3.5500000000         1.7921535090         2.9549259039        11.8290922898
        1.9354488000         3.5500000000         1.7844965284         3.0034115756        11.6296303171
        1.9404772000         3.5500000000         1.7896011821         3.0467934924        11.7626049656
        1.9454319000         3.5500000000         1.7947058358         3.0978310416        11.8955796140
        1.9504489000         3.5500000000         1.7998104896         3.1463167133        12.0285542625
        1.9554266000         3.5500000000         1.7896011821         3.1794911203        11.7626049656
        1.9604355000         3.5500000000         1.8023628164         3.2432880568        12.0950415867
        1.9654322000         3.5500000000         1.7947058358         3.2815662187        11.8955796140
        1.9704628000         3.5500000000         1.8049151433         3.3326037679        12.1615289109
        1.9754284000         3.5500000000         1.7921535090         3.3734338072        11.8290922898
        1.9804446000         3.5500000000         1.8074674701         3.4244713564        12.2280162352
        1.9854320000         3.5500000000         1.7844965284         3.4627495183        11.6296303171
        1.9904788000         3.5500000000         1.8049151433         3.5137870674        12.1615289109
        1.9954252000         3.5500000000         1.7947058358         3.5546171068        11.8955796140
        2.0004540000         3.5500000000         1.7819442016         3.6005509010        11.5631429929
        2.0055046000         3.5500000000         1.7844965284         3.6388290629        11.6296303171
        2.0105188000         3.5500000000         1.7947058358         3.6924184896        11.8955796140
        2.0154406000         3.5500000000         1.7742872210         3.7281447740        11.3636810202
        2.0204335000         3.5500000000         1.7947058358         3.7740785683        11.8955796140
        2.0255485000         3.5500000000         1.7717348941         3.8174604851        11.2971936960
        2.0305033000         3.5500000000         1.7896011821         3.8710499117        11.7626049656
        2.0354694000         3.5500000000         1.7947058358         3.9169837060        11.8955796140
        2.0404398000         3.5500000000         1.7742872210         3.9552618679        11.3636810202
        2.0454976000         3.5500000000         1.7921535090         4.0088512945        11.8290922898
        2.0504543000         3.5500000000         1.7947058358         4.0547850888        11.8955796140
        2.0555049000         3.5500000000         1.7921535090         4.1032707605        11.8290922898
        2.0603952000         3.5500000000         1.8049151433         4.1415489224        12.1615289109
        2.0655546000         3.5500000000         1.7768395479         4.1823789617        11.4301683444
        2.0706551000         3.5500000000         1.7793918747         4.2283127560        11.4966556687
        2.0754969000         3.5500000000         1.7947058358         4.2793503051        11.8955796140
        2.0805642000         3.5500000000         1.7844965284         4.3227322219        11.6296303171
        2.0855422000         3.5500000000         1.7819442016         4.3661141388        11.5631429929
        2.0904742000         3.5500000000         1.7921535090         4.4197035654        11.8290922898
        2.0954404000         3.5500000000         1.7972581627         4.4732929920        11.9620669382
        2.1005336000         3.5500000000         1.8074674701         4.5192267863        12.2280162352
        2.1054403000         3.5500000000         1.7896011821         4.5626087031        11.7626049656
        2.1104908000         3.5500000000         1.8023628164         4.6110943748        12.0950415867
        2.1154277000         3.5500000000         1.7870488553         4.6519244142        11.6961176413
        2.1204954000         3.5500000000         1.8100197970         4.7106175957        12.2945035594
        2.1254520000         3.5500000000         1.7870488553         4.7514476351        11.6961176413
        2.1305211000         3.5500000000         1.8023628164         4.8075889392        12.0950415867
        2.1354454000         3.5500000000         1.8074674701         4.8535227334        12.2280162352
        2.1404376000         3.5500000000         1.8023628164         4.8943527728        12.0950415867
        2.1455349000         3.5500000000         1.7896011821         4.9428384445        11.7626049656
        2.1505346000         3.5500000000         1.8023628164         4.9913241162        12.0950415867
        2.1554308000         3.5500000000         1.7844965284         5.0015316260        11.6296303171
        2.1606000000         3.5500000000         1.7921535090         4.9989797486        11.8290922898
        2.1654558000         3.5500000000         1.7947058358         1.1150222560        11.8955796140
        2.1704319000         3.5500000000         1.7896011821         1.1048147461        11.7626049656
        2.1754830000         3.5500000000         1.8049151433         0.0024036839        12.1615289109
        2.1804867000         3.5500000000         1.7998104896         0.0100593162        12.0285542625
        2.1855441000         3.5500000000         1.8023628164         0.0126111937        12.0950415867
        2.1904716000         3.5500000000         1.8049151433         0.0610968654        12.1615289109
        2.1954287000         3.5500000000         1.7921535090         0.1070306597        11.8290922898
        2.2004354000         3.5500000000         1.8151244507         0.1580682088        12.4274782078
        2.2054950000         3.5500000000         1.7947058358         0.2014501257        11.8955796140
        2.2104316000         3.5500000000         1.7921535090         0.2499357974        11.8290922898
        2.2154609000         3.5500000000         1.8074674701         0.3009733466        12.2280162352
        2.2204444000         3.5500000000         1.7819442016         0.3392515084        11.5631429929
        2.2254375000         3.5500000000         1.8023628164         0.3902890576        12.0950415867
        2.2304313000         3.5500000000         1.8049151433         0.4413266068        12.1615289109
        2.2354468000         3.5500000000         1.7947058358         0.4872604011        11.8955796140
        2.2404319000         3.5500000000         1.8074674701         0.5357460728        12.2280162352
        2.2454797000         3.5500000000         1.7998104896         0.5867836220        12.0285542625
        2.2505084000         3.5500000000         1.8074674701         0.6352692937        12.2280162352
        2.2555392000         3.5500000000         1.8049151433         0.6812030879        12.1615289109
        2.2604820000         3.5500000000         1.7972581627         0.7245850047        11.9620669382
        2.2654129000         3.5500000000         1.8023628164         0.7654150441        12.0950415867
        2.2704366000         3.5500000000         1.7896011821         0.8139007158        11.7626049656
        2.2756965000         3.5500000000         1.7998104896         0.8649382650        12.0285542625
        2.2805172000         3.5500000000         1.8049151433         0.9159758142        12.1615289109
        2.2855004000         3.5500000000         1.7844965284         0.9542539761        11.6296303171
        2.2904799000         3.5500000000         1.7947058358         1.0052915252        11.8955796140
        2.2955310000         3.5500000000         1.7870488553         1.0486734420        11.6961176413
        2.3004390000         3.5500000000         1.8074674701         1.1022628687        12.2280162352
        2.3054542000         3.5500000000         1.7921535090         1.1481966629        11.8290922898
        2.3105180000         3.5500000000         1.7972581627         1.1839229474        11.9620669382
        2.3154486000         3.5500000000         1.7819442016         1.2222011093        11.5631429929
        2.3205087000         3.5500000000         1.7870488553         1.2681349035        11.6961176413
        2.3255343000         3.5500000000         1.7870488553         1.3217243302        11.6961176413
        2.3304426000         3.5500000000         1.7896011821         1.3625543695        11.7626049656
        2.3355037000         3.5500000000         1.7819442016         1.4059362863        11.5631429929
        2.3404014000         3.5500000000         1.7972581627         1.4595257129        11.9620669382
        2.3454577000         3.5500000000         1.7947058358         1.5029076297        11.8955796140
        2.3504678000         3.5500000000         1.7896011821         1.5411857916        11.7626049656
        2.3554950000         3.5500000000         1.7844965284         1.5871195859        11.6296303171
        2.3604587000         3.5500000000         1.7819442016         1.6305015027        11.5631429929
        2.3654834000         3.5500000000         1.8023628164         1.6815390519        12.0950415867
        2.3704486000         3.5500000000         1.7819442016         1.7198172138        11.5631429929
        2.3754293000         3.5500000000         1.8049151433         1.7734066404        12.1615289109
        2.3804702000         3.5500000000         1.7972581627         1.8269960670        11.9620669382
        2.3854382000         3.5500000000         1.7896011821         1.8576185965        11.7626049656
        2.3904493000         3.5500000000         1.7819442016         1.9010005134        11.5631429929
        2.3955391000         3.5500000000         1.8100197970         1.9571418174        12.2945035594
        2.4005213000         3.5500000000         1.7819442016         1.9979718568        11.5631429929
        2.4055024000         3.5500000000         1.7972581627         2.0439056511        11.9620669382
        2.4105268000         3.5500000000         1.7870488553         2.0796319355        11.6961176413
        2.4155347000         3.5500000000         1.7921535090         2.1383251170        11.8290922898
        2.4204682000         3.5500000000         1.7947058358         2.1842589113        11.8955796140
        2.4254283000         3.5500000000         1.7793918747         2.2199851957        11.4966556687
        2.4304543000         3.5500000000         1.7921535090         2.2710227449        11.8290922898
        2.4354409000         3.5500000000         1.7947058358         2.3220602941        11.8955796140
        2.4405151000         3.5500000000         1.7819442016         2.3603384560        11.5631429929
        2.4455297000         3.5500000000         1.7947058358         2.4037203728        11.8955796140
        2.4505329000         3.5500000000         1.7870488553         2.4522060445        11.6961176413
        2.4555406000         3.5500000000         1.7819442016         2.4904842064        11.5631429929
        2.4604953000         3.5500000000         1.7870488553         2.5364180006        11.6961176413
        2.4654520000         3.5500000000         1.7819442016         2.5849036724        11.5631429929
        2.4705517000         3.5500000000         1.7972581627         2.6333893441        11.9620669382
        2.4754669000         3.5500000000         1.7921535090         2.6767712609        11.8290922898
        2.4806284000         3.5500000000         1.7870488553         2.7201531777        11.6961176413
        2.4854340000         3.5500000000         1.7947058358         2.7686388494        11.8955796140
        2.4904321000         3.5500000000         1.8023628164         2.8171245211        12.0950415867
        2.4955455000         3.5500000000         1.7870488553         2.8554026830        11.6961176413
        2.5005298000         3.5500000000         1.8049151433         2.9064402322        12.1615289109
        2.5054371000         3.5500000000         1.7896011821         2.9421665166        11.7626049656
        2.5105284000         3.5500000000         1.7947058358         2.9855484334        11.8955796140
        2.5154819000         3.5500000000         1.7896011821         3.0340341051        11.7626049656
        2.5205290000         3.5500000000         1.7870488553         3.0774160220        11.6961176413
        2.5254362000         3.5500000000         1.7998104896         3.1284535711        12.0285542625
        2.5304018000         3.5500000000         1.8151244507         3.1820429978        12.4274782078
        2.5354177000         3.5500000000         1.7844965284         3.2203211597        11.6296303171
        2.5403952000         3.5500000000         1.8049151433         3.2713587088        12.1615289109
        2.5454708000         3.5500000000         1.7896011821         3.3121887482        11.7626049656
        2.5504911000         3.5500000000         1.7870488553         3.3581225424        11.6961176413
        2.5554365000         3.5500000000         1.7947058358         3.3989525818        11.8955796140
        2.5603948000         3.5500000000         1.7870488553         3.4474382535        11.6961176413
        2.5654117000         3.5500000000         1.7844965284         3.4933720478        11.6296303171
        2.5703952000         3.5500000000         1.7998104896         3.5367539646        12.0285542625
        2.5754161000         3.5500000000         1.7793918747         3.5852396363        11.4966556687
        2.5804119000         3.5500000000         1.7947058358         3.6286215531        11.8955796140
        2.5854575000         3.5500000000         1.7947058358         3.6745553474        11.8955796140
        2.5905135000         3.5500000000         1.7921535090         3.7230410191        11.8290922898
        2.5953939000         3.5500000000         1.7947058358         3.7638710584        11.8955796140
        2.6004793000         3.5500000000         1.7921535090         3.8098048527        11.8290922898
        2.6053755000         3.5500000000         1.7921535090         3.8557386469        11.8290922898
        2.6103999000         3.5500000000         1.7921535090         3.8965686863        11.8290922898
        2.6154568000         3.5500000000         1.7768395479         3.9425024806        11.4301683444
        2.6204419000         3.5500000000         1.8023628164         3.9935400297        12.0950415867
        2.6254026000         3.5500000000         1.7921535090         4.0445775789        11.8290922898
        2.6305101000         3.5500000000         1.8049151433         4.0930632506        12.1615289109
        2.6354045000         3.5500000000         1.7972581627         4.1287895351        11.9620669382
        2.6404511000         3.5500000000         1.7921535090         4.1772752068        11.8290922898
        2.6454664000         3.5500000000         1.7947058358         4.2232090010        11.8955796140
        2.6505282000         3.5500000000         1.7972581627         4.2614871629        11.9620669382
        2.6555372000         3.5500000000         1.7947058358         4.3176284670        11.8955796140
        2.6604616000         3.5500000000         1.7947058358         4.3635622613        11.8955796140
        2.6654864000         3.5500000000         1.7896011821         4.4043923006        11.7626049656
        2.6705323000         3.5500000000         1.8049151433         4.4630854822        12.1615289109
        2.6754616000         3.5500000000         1.7998104896         4.5090192765        12.0285542625
        2.6804107000         3.5500000000         1.7998104896         4.5524011933        12.0285542625
        2.6858432000         3.5500000000         1.7972581627         4.6085424974        11.9620669382
        2.6904420000         3.5500000000         1.7921535090         4.6442687818        11.8290922898
        2.6954230000         3.5500000000         1.7921535090         4.6902025760        11.8290922898
        2.7004365000         3.5500000000         1.7998104896         4.7412401252        12.0285542625
        2.7054300000         3.5500000000         1.7921535090         4.7897257969        11.8290922898
        2.7104585000         3.5500000000         1.8100197970         4.8458671010        12.2945035594
        2.7157506000         3.5500000000         1.7972581627         4.8866971404        11.9620669382
        2.7204571000         3.5500000000         1.7972581627         4.9377346896        11.9620669382
        2.7256592000         3.5500000000         1.8049151433         4.9836684838        12.1615289109
        2.7304580000         3.5500000000         1.7998104896         5.0066353810        12.0285542625
        2.7354792000         3.5500000000         1.7972581627         5.0066353810        11.9620669382
        2.7404373000         3.5500000000         1.8176767776         5.0066353810        12.4939655321
        2.7454997000         3.5500000000         1.7972581627         1.1099185011        11.9620669382
        2.7504414000         3.5500000000         1.7972581627        -0.0052519485        11.9620669382
        2.7555505000         3.5500000000         1.8023628164        -0.0001481936        12.0950415867
        2.7604206000         3.5500000000         1.8151244507         0.0126111937        12.4274782078
        2.7654905000         3.5500000000         1.8049151433         0.0508893556        12.1615289109
        2.7704075000         3.5500000000         1.8023628164         0.0993750273        12.0950415867
        2.7754820000         3.5500000000         1.7947058358         0.1427569441        11.8955796140
        2.7805405000         3.5500000000         1.8023628164         0.1963463707        12.0950415867
        2.7855618000         3.5500000000         1.8049151433         0.2473839199        12.1615289109
        2.7904415000         3.5500000000         1.8049151433         0.2984214691        12.1615289109
        2.7954435000         3.5500000000         1.7896011821         0.3418033859        11.7626049656
        2.8005570000         3.5500000000         1.8151244507         0.3851853027        12.4274782078
        2.8054986000         3.5500000000         1.7896011821         0.4387747293        11.7626049656
        2.8104793000         3.5500000000         1.8023628164         0.4796047687        12.0950415867
        2.8154804000         3.5500000000         1.7947058358         0.5255385629        11.8955796140
        2.8205520000         3.5500000000         1.7819442016         0.5765761121        11.5631429929
        2.8254545000         3.5500000000         1.8100197970         0.6301655388        12.2945035594
        2.8303933000         3.5500000000         1.7972581627         0.6709955781        11.9620669382
        2.8353908000         3.5500000000         1.7896011821         0.7271368822        11.7626049656
        2.8405083000         3.5500000000         1.8049151433         0.7603112892        12.1615289109
        2.8454393000         3.5500000000         1.7870488553         0.8087969609        11.6961176413
        2.8504320000         3.5500000000         1.7870488553         0.8547307552        11.6961176413
        2.8554302000         3.5500000000         1.7947058358         0.9006645494        11.8955796140
        2.8604911000         3.5500000000         1.7947058358         0.9542539761        11.8955796140
        2.8654943000         3.5500000000         1.7972581627         1.0052915252        11.9620669382
        2.8704591000         3.5500000000         1.8100197970         1.0512253195        12.2945035594
        2.8754903000         3.5500000000         1.7921535090         1.0946072363        11.8290922898
        2.8805043000         3.5500000000         1.7844965284         1.1328853982        11.6296303171
        2.8854987000         3.5500000000         1.7972581627         1.1762673150        11.9620669382
        2.8905021000         3.5500000000         1.8023628164         1.2324086191        12.0950415867
        2.8954317000         3.5500000000         1.7998104896         1.2808942908        12.0285542625
        2.9004371000         3.5500000000         1.7972581627         1.3242762076        11.9620669382
        2.9054339000         3.5500000000         1.8023628164         1.3702100019        12.0950415867
        2.9105044000         3.5500000000         1.7896011821         1.4084881638        11.7626049656
        2.9154431000         3.5500000000         1.7972581627         1.4595257129        11.9620669382
        2.9205057000         3.5500000000         1.7896011821         1.5029076297        11.7626049656
        2.9254391000         3.5500000000         1.7896011821         1.5411857916        11.7626049656
        2.9304950000         3.5500000000         1.7896011821         1.5871195859        11.7626049656
        2.9355287000         3.5500000000         1.7972581627         1.6432608900        11.9620669382
        2.9404836000         3.5500000000         1.7947058358         1.6815390519        11.8955796140
        2.9454310000         3.5500000000         1.7947058358         1.7274728461        11.8955796140
        2.9506252000         3.5500000000         1.8023628164         1.7785103953        12.0950415867
        2.9554397000         3.5500000000         1.7844965284         1.8167885572        11.6296303171
        2.9606175000         3.5500000000         1.7896011821         1.8576185965        11.7626049656
        2.9654017000         3.5500000000         1.7921535090         1.9061042683        11.8290922898
        2.9704274000         3.5500000000         1.7972581627         1.9494861851        11.9620669382
        2.9754094000         3.5500000000         1.7870488553         1.9928681019        11.6961176413
        2.9804039000         3.5500000000         1.7998104896         2.0413537736        12.0285542625
        2.9854162000         3.5500000000         1.7742872210         2.0821838129        11.3636810202
        2.9904072000         3.5500000000         1.8100197970         2.1357732396        12.2945035594
        2.9955371000         3.5500000000         1.7921535090         2.1714995240        11.8290922898
        3.0004677000         3.5500000000         1.7768395479         2.2276408281        11.4301683444
        3.0054666000         3.5500000000         1.7844965284         2.2659189900        11.6296303171
        3.0105143000         3.5500000000         1.7844965284         2.3093009068        11.6296303171
        3.0155061000         3.5500000000         1.7742872210         2.3526828236        11.3636810202
        3.0204369000         3.5500000000         1.8023628164         2.4062722502        12.0950415867
        3.0254066000         3.5500000000         1.7844965284         2.4522060445        11.6296303171
        3.0304501000         3.5500000000         1.7921535090         2.5006917162        11.8290922898
        3.0354676000         3.5500000000         1.7921535090         2.5364180006        11.8290922898
        3.0405052000         3.5500000000         1.7717348941         2.5772480400        11.2971936960
        3.0454544000         3.5500000000         1.7819442016         2.6231818342        11.5631429929
        3.0504962000         3.5500000000         1.7921535090         2.6691156285        11.8290922898
        3.0554640000         3.5500000000         1.7870488553         2.7278088101        11.6961176413
        3.0604519000         3.5500000000         1.7972581627         2.7635350945        11.9620669382
        3.0654622000         3.5500000000         1.7870488553         2.8069170113        11.6961176413
        3.0704452000         3.5500000000         1.7844965284         2.8554026830        11.6296303171
        3.0754555000         3.5500000000         1.7998104896         2.9089921097        12.0285542625
        3.0804526000         3.5500000000         1.7921535090         2.9472702715        11.8290922898
        3.0855100000         3.5500000000         1.7819442016         2.9906521883        11.5631429929
        3.0904380000         3.5500000000         1.7896011821         3.0314822277        11.7626049656
        3.0954398000         3.5500000000         1.7896011821         3.0799678994        11.7626049656
        3.1004341000         3.5500000000         1.7844965284         3.1207979388        11.6296303171
        3.1054999000         3.5500000000         1.7819442016         3.1641798556        11.5631429929
        3.1104323000         3.5500000000         1.7793918747         3.2152174047        11.4966556687
        3.1155469000         3.5500000000         1.7793918747         3.2534955666        11.4966556687
        3.1204416000         3.5500000000         1.7921535090         3.3096368707        11.8290922898
        3.1254576000         3.5500000000         1.7742872210         3.3479150326        11.3636810202
        3.1304658000         3.5500000000         1.8023628164         3.4015044592        12.0950415867
        3.1354040000         3.5500000000         1.7844965284         3.4423344986        11.6296303171
        3.1404271000         3.5500000000         1.7844965284         3.4857164154        11.6296303171
        3.1454782000         3.5500000000         1.7998104896         3.5393058420        12.0285542625
        3.1504459000         3.5500000000         1.7742872210         3.5724802490        11.3636810202
        3.1554749000         3.5500000000         1.7793918747         3.6133102883        11.4966556687
        3.1604825000         3.5500000000         1.7896011821         3.6592440826        11.7626049656
        3.1654925000         3.5500000000         1.7896011821         3.7204891416        11.7626049656
        3.1705009000         3.5500000000         1.7896011821         3.7562154260        11.7626049656
        3.1754428000         3.5500000000         1.7870488553         3.8021492203        11.6961176413
        3.1805516000         3.5500000000         1.7921535090         3.8455311371        11.8290922898
        3.1854357000         3.5500000000         1.7819442016         3.8914649314        11.5631429929
        3.1904598000         3.5500000000         1.7896011821         3.9373987256        11.7626049656
        3.1954174000         3.5500000000         1.7896011821         3.9909881523        11.7626049656
        3.2004021000         3.5500000000         1.7998104896         4.0318181916        12.0285542625
        3.2053917000         3.5500000000         1.7921535090         4.0726482310        11.8290922898
        3.2104160000         3.5500000000         1.7921535090         4.1160301478        11.8290922898
        3.2153983000         3.5500000000         1.7742872210         4.1568601871        11.3636810202
        3.2204416000         3.5500000000         1.7947058358         4.2027939814        11.8955796140
        3.2253932000         3.5500000000         1.7896011821         4.2563834080        11.7626049656
        3.2304079000         3.5500000000         1.7972581627         4.2997653248        11.9620669382
        3.2354140000         3.5500000000         1.7947058358         4.3533547515        11.8955796140
        3.2405140000         3.5500000000         1.8023628164         4.3992885457        12.0950415867
        3.2454305000         3.5500000000         1.7921535090         4.4477742174        11.8290922898
        3.2504942000         3.5500000000         1.7972581627         4.4886042568        11.9620669382
        3.2554295000         3.5500000000         1.7896011821         4.5421936834        11.7626049656
        3.2604438000         3.5500000000         1.8023628164         4.5906793551        12.0950415867
        3.2654335000         3.5500000000         1.7998104896         4.6289575170        12.0285542625
        3.2704310000         3.5500000000         1.8049151433         4.6748913113        12.1615289109
        3.2754324000         3.5500000000         1.7896011821         4.7259288605        11.7626049656
        3.2804510000         3.5500000000         1.8023628164         4.7718626547        12.0950415867
        3.2854337000         3.5500000000         1.7768395479         4.8126926941        11.4301683444
        3.2906333000         3.5500000000         1.8023628164         4.8688339982        12.0950415867
        3.2954296000         3.5500000000         1.7947058358         4.9173196699        11.8955796140
        3.3004658000         3.5500000000         1.7896011821         4.9581497092        11.7626049656
        3.3055049000         3.5500000000         1.8049151433         5.0066353810        12.1615289109
        3.3105123000         3.5500000000         1.7896011821         5.0066353810        11.7626049656
        3.3153994000         3.5500000000         1.8151244507         5.0117391359        12.4274782078
        3.3204608000         3.5500000000         1.7972581627         1.1073666236        11.9620669382
        3.3254322000         3.5500000000         1.7998104896         0.0024036839        12.0285542625
        3.3304504000         3.5500000000         1.7947058358        -0.0027000711        11.8955796140
        3.3354322000         3.5500000000         1.7921535090         0.0024036839        11.8290922898
        3.3405163000         3.5500000000         1.8049151433         0.0228187035        12.1615289109
        3.3455340000         3.5500000000         1.7998104896         0.0789600076        12.0285542625
        3.3504536000         3.5500000000         1.7998104896         0.1274456793        12.0285542625
        3.3555450000         3.5500000000         1.8125721238         0.1810351060        12.3609908836
        3.3604406000         3.5500000000         1.7972581627         0.2295207777        11.9620669382
        3.3654329000         3.5500000000         1.8049151433         0.2703508170        12.1615289109
        3.3704766000         3.5500000000         1.7972581627         0.3111808564        11.9620669382
        3.3755423000         3.5500000000         1.7896011821         0.3647702830        11.7626049656
        3.3805084000         3.5500000000         1.8100197970         0.4132559548        12.2945035594
        3.3854508000         3.5500000000         1.7947058358         0.4617416265        11.8955796140
        3.3903983000         3.5500000000         1.8049151433         0.5025716658        12.1615289109
        3.3954504000         3.5500000000         1.7972581627         0.5612648474        11.9620669382
        3.4004091000         3.5500000000         1.8023628164         0.6046467642        12.0950415867
        3.4054096000         3.5500000000         1.8023628164         0.6556843134        12.0950415867
        3.4103983000         3.5500000000         1.8074674701         0.6965143527        12.2280162352
        3.4153981000         3.5500000000         1.7972581627         0.7526556568        11.9620669382
        3.4203988000         3.5500000000         1.8125721238         0.7934856961        12.3609908836
        3.4254158000         3.5500000000         1.8049151433         0.8317638580        12.1615289109
        3.4304788000         3.5500000000         1.8176767776         0.8930089170        12.4939655321
        3.4354069000         3.5500000000         1.8023628164         0.9338389564        12.0950415867
        3.4404001000         3.5500000000         1.7947058358         0.9797727506        11.8955796140
        3.4454159000         3.5500000000         1.8049151433         1.0257065449        12.1615289109
        3.4504159000         3.5500000000         1.7947058358         1.0741922166        11.8955796140
        3.4555419000         3.5500000000         1.7921535090         1.1201260109        11.8290922898
        3.4605017000         3.5500000000         1.7972581627         1.1711635601        11.9620669382
        3.4654364000         3.5500000000         1.8023628164         1.2170973543        12.0950415867
        3.4704907000         3.5500000000         1.8049151433         1.2604792711        12.1615289109
        3.4754787000         3.5500000000         1.8049151433         1.3064130654        12.1615289109
        3.4804397000         3.5500000000         1.7896011821         1.3395874724        11.7626049656
        3.4854364000         3.5500000000         1.7972581627         1.3880731441        11.9620669382
        3.4903994000         3.5500000000         1.7793918747         1.4314550609        11.4966556687
        3.4953920000         3.5500000000         1.7998104896         1.4824926101        12.0285542625
        3.5003921000         3.5500000000         1.7947058358         1.5284264043        11.8955796140
        3.5054687000         3.5500000000         1.7972581627         1.5743601986        11.9620669382
        3.5103970000         3.5500000000         1.8049151433         1.6279496252        12.1615289109
        3.5154011000         3.5500000000         1.8049151433         1.6738834195        12.1615289109
        3.5203910000         3.5500000000         1.7998104896         1.7096097039        12.0285542625
        3.5254380000         3.5500000000         1.8023628164         1.7657510080        12.0950415867
        3.5304396000         3.5500000000         1.7972581627         1.8040291699        11.9620669382
        3.5354524000         3.5500000000         1.7921535090         1.8448592093        11.8290922898
        3.5403946000         3.5500000000         1.7896011821         1.8831373711        11.7626049656
        3.5454386000         3.5500000000         1.8049151433         1.9341749203        12.1615289109
        3.5505902000         3.5500000000         1.7819442016         1.9775568371        11.5631429929
        3.5554486000         3.5500000000         1.7998104896         2.0311462638        12.0285542625
        3.5604522000         3.5500000000         1.7947058358         2.0745281806        11.8955796140
        3.5654048000         3.5500000000         1.7921535090         2.1204619748        11.8290922898
        3.5704062000         3.5500000000         1.8125721238         2.1714995240        12.3609908836
        3.5755821000         3.5500000000         1.7896011821         2.2199851957        11.7626049656
        3.5804546000         3.5500000000         1.7998104896         2.2557114802        12.0285542625
        3.5854705000         3.5500000000         1.7972581627         2.3016452744        11.9620669382
        3.5905569000         3.5500000000         1.7742872210         2.3424753138        11.3636810202
        3.5954540000         3.5500000000         1.8023628164         2.3960647404        12.0950415867
        3.6004047000         3.5500000000         1.7870488553         2.4445504121        11.6961176413
        3.6053907000         3.5500000000         1.7896011821         2.4853804515        11.7626049656
        3.6103913000         3.5500000000         1.7947058358         2.5287623683        11.8955796140
        3.6154356000         3.5500000000         1.7691825673         2.5746961625        11.2307063718
        3.6205322000         3.5500000000         1.7947058358         2.6206299568        11.8955796140
        3.6254895000         3.5500000000         1.7896011821         2.6640118736        11.7626049656
        3.6304699000         3.5500000000         1.7768395479         2.7022900355        11.4301683444
        3.6354438000         3.5500000000         1.7896011821         2.7456719523        11.7626049656
        3.6404593000         3.5500000000         1.7819442016         2.7890538691        11.5631429929
        3.6454488000         3.5500000000         1.7844965284         2.8426432957        11.6296303171
        3.6505815000         3.5500000000         1.7972581627         2.8936808449        11.9620669382
        3.6554346000         3.5500000000         1.7896011821         2.9396146392        11.7626049656
        3.6604442000         3.5500000000         1.7947058358         2.9778928011        11.8955796140
        3.6654687000         3.5500000000         1.7742872210         3.0187228404        11.3636810202
        3.6704517000         3.5500000000         1.7921535090         3.0646566347        11.8290922898
        3.6754458000         3.5500000000         1.7819442016         3.1156941838        11.5631429929
        3.6804462000         3.5500000000         1.7947058358         3.1590761006        11.8955796140
        3.6854458000         3.5500000000         1.7947058358         3.2101136498        11.8955796140
        3.6904096000         3.5500000000         1.7921535090         3.2509436892        11.8290922898
        3.6954303000         3.5500000000         1.7896011821         3.2968774834        11.7626049656
        3.7004805000         3.5500000000         1.7819442016         3.3351556453        11.5631429929
        3.7054132000         3.5500000000         1.7947058358         3.3861931945        11.8955796140
        3.7104183000         3.5500000000         1.7947058358         3.4372307437        11.8955796140
        3.7154600000         3.5500000000         1.7819442016         3.4755089056        11.5631429929
        3.7204383000         3.5500000000         1.7870488553         3.5188908224        11.6961176413
        3.7254788000         3.5500000000         1.7768395479         3.5571689842        11.4301683444
        3.7304468000         3.5500000000         1.7819442016         3.6082065334        11.5631429929
        3.7354471000         3.5500000000         1.7819442016         3.6541403277        11.5631429929
        3.7404705000         3.5500000000         1.7742872210         3.6924184896        11.3636810202
        3.7453948000         3.5500000000         1.7768395479         3.7409041613        11.4301683444
        3.7504726000         3.5500000000         1.7947058358         3.7868379556        11.8955796140
        3.7554370000         3.5500000000         1.7870488553         3.8378755047        11.6961176413
        3.7604843000         3.5500000000         1.7819442016         3.8787055441        11.5631429929
        3.7654833000         3.5500000000         1.7870488553         3.9220874609        11.6961176413
        3.7704444000         3.5500000000         1.7947058358         3.9756768875        11.8955796140
        3.7754366000         3.5500000000         1.7998104896         4.0139550494        12.0285542625
        3.7804722000         3.5500000000         1.7819442016         4.0496813338        11.5631429929
        3.7854408000         3.5500000000         1.7691825673         4.0930632506        11.2307063718
        3.7904702000         3.5500000000         1.7947058358         4.1389970449        11.8955796140
        3.7954373000         3.5500000000         1.7742872210         4.1925864715        11.3636810202
        3.8005575000         3.5500000000         1.7819442016         4.2308646334        11.5631429929
        3.8054713000         3.5500000000         1.7896011821         4.2793503051        11.7626049656
        3.8104171000         3.5500000000         1.7844965284         4.3201803445        11.6296303171
        3.8154548000         3.5500000000         1.7921535090         4.3712178937        11.8290922898
        3.8205656000         3.5500000000         1.7768395479         4.4222554428        11.4301683444
        3.8254650000         3.5500000000         1.7844965284         4.4656373597        11.6296303171
        3.8305373000         3.5500000000         1.8023628164         4.5115711539        12.0950415867
        3.8354392000         3.5500000000         1.7742872210         4.5549530707        11.3636810202
        3.8405058000         3.5500000000         1.7870488553         4.6085424974        11.6961176413
        3.8454561000         3.5500000000         1.7870488553         4.6519244142        11.6961176413
        3.8504976000         3.5500000000         1.7972581627         4.7004100859        11.9620669382
        3.8554378000         3.5500000000         1.7972581627         4.7514476351        11.9620669382
        3.8604572000         3.5500000000         1.7768395479         4.7922776744        11.4301683444
        3.8655308000         3.5500000000         1.7921535090         4.8407633461        11.8290922898
        3.8710583000         3.5500000000         1.7844965284         4.8815933855        11.6296303171
        3.8754398000         3.5500000000         1.7768395479         4.9326309346        11.4301683444
        3.8804373000         3.5500000000         1.7998104896         4.9811166064        12.0285542625
        3.8854582000         3.5500000000         1.7896011821         5.0117391359        11.7626049656
        3.8904526000         3.5500000000         1.7921535090         5.0015316260        11.8290922898
        3.8954339000         3.5500000000         1.8074674701         5.0015316260        12.2280162352
        3.9004010000         3.5500000000         1.7947058358         1.1175741334        11.8955796140
        3.9054034000         3.5500000000         1.8023628164        -0.0001481936        12.0950415867
        3.9107992000         3.5500000000         1.7844965284        -0.0052519485        11.6296303171
        3.9154083000         3.5500000000         1.7947058358         0.0024036839        11.8955796140
        3.9204667000         3.5500000000         1.8151244507         0.0508893556        12.4274782078
        3.9254374000         3.5500000000         1.7921535090         0.0993750273        11.8290922898
        3.9304026000         3.5500000000         1.8100197970         0.1529644539        12.2945035594
        3.9355312000         3.5500000000         1.7947058358         0.1886907384        11.8955796140
        3.9404600000         3.5500000000         1.7921535090         0.2448320425        11.8290922898
        3.9454606000         3.5500000000         1.8049151433         0.2882139593        12.1615289109
        3.9504528000         3.5500000000         1.7768395479         0.3392515084        11.4301683444
        3.9554243000         3.5500000000         1.8100197970         0.3877371802        12.2945035594
        3.9604185000         3.5500000000         1.7921535090         0.4413266068        11.8290922898
        3.9654333000         3.5500000000         1.7947058358         0.4719491363        11.8955796140
        3.9704418000         3.5500000000         1.7947058358         0.5280904404        11.8955796140
        3.9754171000         3.5500000000         1.7998104896         0.5714723572        12.0285542625
        3.9804351000         3.5500000000         1.7972581627         0.6250617838        11.9620669382
        3.9854243000         3.5500000000         1.8049151433         0.6658918232        12.1615289109
        3.9904242000         3.5500000000         1.7947058358         0.7194812498        11.8955796140
        3.9954703000         3.5500000000         1.8125721238         0.7654150441        12.3609908836
        4.0004214000         3.5500000000         1.8023628164         0.8036932060        12.0950415867
