% Motor Sweep Step 77/180
% Vcmd       = 2.8900 [V]
% Direction  = CW
% Zone       = DEADZONE
% Vg_offset  = 1.336525 [V]
% K_gimbal   = 26.049690 [(rad/s)/V]

Time[s]              Vcmd[V]              Vg_raw[V]            Pot[V]               Omega[rad/s]
        0.0000124000         2.8900000000         1.3301823480         4.9887722387        -0.1652210007
        0.0050067000         2.8900000000         1.3429439823         5.0015316260         0.1672156204
        0.0100054000         2.8900000000         1.3352870017         4.9964278711        -0.0322463522
        0.0150091000         2.8900000000         1.3352870017         4.9938759937        -0.0322463522
        0.0200478000         2.8900000000         1.3301823480         4.9887722387        -0.1652210007
        0.0250069000         2.8900000000         1.3454963091         4.9862203613         0.2337029447
        0.0300069000         2.8900000000         1.3888858657         4.9964278711         1.3639874565
        0.0350223000         2.8900000000         1.4271707685         5.0015316260         2.3612973199
        0.0400428000         2.8900000000         1.3888858657         4.9964278711         1.3639874565
        0.0450044000         2.8900000000         1.4195137880         5.0117391359         2.1618353472
        0.0500043000         2.8900000000         1.4297230954         5.0066353810         2.4277846441
        0.0550068000         2.8900000000         1.4169614611         5.0066353810         2.0953480230
        0.0600063000         2.8900000000         1.4246184417         5.0091872584         2.2948099957
        0.0650061000         2.8900000000         1.4322754222         5.0015316260         2.4942719684
        0.0700840000         2.8900000000         1.4271707685         5.0015316260         2.3612973199
        0.0750086000         2.8900000000         1.4322754222         5.0066353810         2.4942719684
        0.0800073000         2.8900000000         1.4475893834         5.0117391359         2.8931959137
        0.0850049000         2.8900000000         1.4373800759         5.0066353810         2.6272466168
        0.0900030000         2.8900000000         1.4399324028         5.0040835035         2.6937339410
        0.0950096000         2.8900000000         1.4552463639         5.0015316260         3.0926578864
        0.1000034000         2.8900000000         1.4450370565         4.9785647289         2.8267085895
        0.1050045000         2.8900000000         1.4399324028         1.1022628687         2.6937339410
        0.1100039000         2.8900000000         1.4475893834         1.1175741334         2.8931959137
        0.1150033000         2.8900000000         1.4475893834         1.1124703785         2.8931959137
        0.1200070000         2.8900000000         1.4526940371         1.1175741334         3.0261705622
        0.1250093000         2.8900000000         1.4501417102         1.1150222560         2.9596832380
        0.1300065000         2.8900000000         1.4526940371         0.0024036839         3.0261705622
        0.1350060000         2.8900000000         1.4475893834        -0.0027000711         2.8931959137
        0.1400048000         2.8900000000         1.4475893834        -0.0052519485         2.8931959137
        0.1450060000         2.8900000000         1.4501417102        -0.0027000711         2.9596832380
        0.1500051000         2.8900000000         1.4373800759         0.0024036839         2.6272466168
        0.1550043000         2.8900000000         1.4577986908         0.0024036839         3.1591452106
        0.1600142000         2.8900000000         1.4526940371         0.0024036839         3.0261705622
        0.1650036000         2.8900000000         1.4552463639        -0.0027000711         3.0926578864
        0.1700095000         2.8900000000         1.4603510177         0.0024036839         3.2256325349
        0.1750045000         2.8900000000         1.4654556714         0.0049555613         3.3586071833
        0.1800067000         2.8900000000         1.4577986908         0.0151630711         3.1591452106
        0.1850048000         2.8900000000         1.4552463639         0.0228187035         3.0926578864
        0.1900062000         2.8900000000         1.4731126519         0.0406818457         3.5580691560
        0.1950044000         2.8900000000         1.4807696325         0.0508893556         3.7575311287
        0.2000063000         2.8900000000         1.4629033445         0.0662006203         3.2921198591
        0.2050039000         2.8900000000         1.4705603251         0.0840637625         3.4915818318
        0.2100059000         2.8900000000         1.4654556714         0.0917193949         3.3586071833
        0.2150036000         2.8900000000         1.4654556714         0.1070306597         3.3586071833
        0.2200048000         2.8900000000         1.4705603251         0.1146862920         3.4915818318
        0.2250052000         2.8900000000         1.4756649788         0.1376531892         3.6245564802
        0.2300049000         2.8900000000         1.4603510177         0.1402050666         3.2256325349
        0.2350043000         2.8900000000         1.4654556714         0.1580682088         3.3586071833
        0.2400048000         2.8900000000         1.4705603251         0.1733794736         3.4915818318
        0.2450039000         2.8900000000         1.4577986908         0.1784832285         3.1591452106
        0.2500043000         2.8900000000         1.4629033445         0.1988982482         3.2921198591
        0.2550027000         2.8900000000         1.4807696325         0.2193132679         3.7575311287
        0.2600047000         2.8900000000         1.4603510177         0.2295207777         3.2256325349
        0.2650038000         2.8900000000         1.4680079982         0.2422801650         3.4250945075
        0.2700047000         2.8900000000         1.4705603251         0.2601433072         3.4915818318
        0.2750027000         2.8900000000         1.4654556714         0.2677989396         3.3586071833
        0.2800048000         2.8900000000         1.4629033445         0.2805583269         3.2921198591
        0.2850034000         2.8900000000         1.4731126519         0.3009733466         3.5580691560
        0.2900026000         2.8900000000         1.4654556714         0.3086289789         3.3586071833
        0.2950040000         2.8900000000         1.4577986908         0.3137327338         3.1591452106
        0.3000045000         2.8900000000         1.4756649788         0.3418033859         3.6245564802
        0.3050069000         2.8900000000         1.4756649788         0.3571146507         3.6245564802
        0.3100049000         2.8900000000         1.4654556714         0.3622184056         3.3586071833
        0.3150047000         2.8900000000         1.4603510177         0.3698740379         3.2256325349
        0.3200030000         2.8900000000         1.4756649788         0.3953928125         3.6245564802
        0.3250047000         2.8900000000         1.4629033445         0.4030484449         3.2921198591
        0.3300031000         2.8900000000         1.4629033445         0.4081521998         3.2921198591
        0.3350035000         2.8900000000         1.4782173056         0.4336709744         3.6910438044
        0.3400034000         2.8900000000         1.4654556714         0.4438784843         3.3586071833
        0.3450014000         2.8900000000         1.4756649788         0.4591897490         3.6245564802
        0.3500039000         2.8900000000         1.4782173056         0.4745010138         3.6910438044
        0.3550030000         2.8900000000         1.4654556714         0.4847085236         3.3586071833
        0.3600028000         2.8900000000         1.4756649788         0.4949160334         3.6245564802
        0.3650016000         2.8900000000         1.4680079982         0.5102272982         3.4250945075
        0.3700033000         2.8900000000         1.4858742862         0.5255385629         3.8905057771
        0.3750277000         2.8900000000         1.4807696325         0.5434017052         3.7575311287
        0.3800045000         2.8900000000         1.4782173056         0.5587129699         3.6910438044
        0.3854325000         2.8900000000         1.4756649788         0.5740242347         3.6245564802
        0.3900116000         2.8900000000         1.4782173056         0.5791279896         3.6910438044
        0.3951166000         2.8900000000         1.4782173056         0.5969911318         3.6910438044
        0.4000068000         2.8900000000         1.4603510177         0.5995430093         3.2256325349
        0.4050187000         2.8900000000         1.4756649788         0.6199580289         3.6245564802
        0.4100118000         2.8900000000         1.4731126519         0.6403730486         3.5580691560
        0.4152288000         2.8900000000         1.4756649788         0.6582361908         3.6245564802
        0.4200098000         2.8900000000         1.4858742862         0.6684437007         3.8905057771
        0.4250046000         2.8900000000         1.4705603251         0.6735474556         3.4915818318
        0.4300062000         2.8900000000         1.4731126519         0.6939624752         3.5580691560
        0.4350050000         2.8900000000         1.4705603251         0.6939624752         3.4915818318
        0.4400028000         2.8900000000         1.4833219594         0.7143774949         3.8240184529
        0.4450012000         2.8900000000         1.4705603251         0.7296887597         3.4915818318
        0.4500021000         2.8900000000         1.4629033445         0.7398962695         3.2921198591
        0.4550053000         2.8900000000         1.4680079982         0.7552075343         3.4250945075
        0.4600024000         2.8900000000         1.4680079982         0.7756225539         3.4250945075
        0.4650015000         2.8900000000         1.4680079982         0.7832781863         3.4250945075
        0.4700023000         2.8900000000         1.4782173056         0.8011413285         3.6910438044
        0.4750051000         2.8900000000         1.4705603251         0.8139007158         3.4915818318
        0.4800042000         2.8900000000         1.4833219594         0.8292119806         3.8240184529
        0.4850060000         2.8900000000         1.4705603251         0.8368676129         3.4915818318
        0.4900047000         2.8900000000         1.4756649788         0.8547307552         3.6245564802
        0.4950057000         2.8900000000         1.4807696325         0.8725938974         3.7575311287
        0.5000055000         2.8900000000         1.4756649788         0.8828014072         3.6245564802
        0.5050081000         2.8900000000         1.4680079982         0.8904570396         3.4250945075
        0.5100066000         2.8900000000         1.4782173056         0.9006645494         3.6910438044
        0.5150055000         2.8900000000         1.4731126519         0.9108720593         3.5580691560
        0.5200038000         2.8900000000         1.4603510177         0.9312870789         3.2256325349
        0.5250017000         2.8900000000         1.4884266131         0.9491502211         3.9569931014
        0.5300038000         2.8900000000         1.4629033445         0.9517020986         3.2921198591
        0.5350056000         2.8900000000         1.4731126519         0.9644614859         3.5580691560
        0.5400038000         2.8900000000         1.4782173056         0.9848765056         3.6910438044
        0.5450056000         2.8900000000         1.4501417102         0.9976358929         2.9596832380
        0.5500042000         2.8900000000         1.4756649788         1.0154990351         3.6245564802
        0.5550058000         2.8900000000         1.4833219594         1.0359140547         3.8240184529
        0.5600058000         2.8900000000         1.4756649788         1.0461215646         3.6245564802
        0.5650059000         2.8900000000         1.4705603251         1.0588809519         3.4915818318
        0.5700039000         2.8900000000         1.4782173056         1.0665365843         3.6910438044
        0.5750046000         2.8900000000         1.4552463639         1.0767440941         3.0926578864
        0.5800037000         2.8900000000         1.4705603251         1.0895034814         3.4915818318
        0.5850050000         2.8900000000         1.4782173056         1.1073666236         3.6910438044
        0.5900036000         2.8900000000         1.4705603251         1.1201260109         3.4915818318
        0.5950057000         2.8900000000         1.4654556714         1.1277816433         3.3586071833
        0.6000061000         2.8900000000         1.4756649788         1.1481966629         3.6245564802
        0.6050055000         2.8900000000         1.4731126519         1.1660598052         3.5580691560
        0.6100049000         2.8900000000         1.4756649788         1.1737154375         3.6245564802
        0.6150055000         2.8900000000         1.4705603251         1.1839229474         3.4915818318
        0.6202496000         2.8900000000         1.4731126519         1.2017860896         3.5580691560
        0.6250056000         2.8900000000         1.4782173056         1.2196492318         3.6910438044
        0.6300073000         2.8900000000         1.4858742862         1.2349604965         3.8905057771
        0.6350065000         2.8900000000         1.4680079982         1.2426161289         3.4250945075
        0.6400072000         2.8900000000         1.4654556714         1.2528236388         3.3586071833
        0.6450063000         2.8900000000         1.4756649788         1.2706867810         3.6245564802
        0.6500049000         2.8900000000         1.4603510177         1.2783424134         3.2256325349
        0.6550072000         2.8900000000         1.4705603251         1.2987574330         3.4915818318
        0.6600118000         2.8900000000         1.4731126519         1.3115168203         3.5580691560
        0.6650062000         2.8900000000         1.4654556714         1.3140686978         3.3586071833
        0.6700036000         2.8900000000         1.4731126519         1.3370355949         3.5580691560
        0.6750057000         2.8900000000         1.4680079982         1.3497949822         3.4250945075
        0.6800040000         2.8900000000         1.4577986908         1.3574506146         3.1591452106
        0.6850060000         2.8900000000         1.4654556714         1.3753137568         3.3586071833
        0.6900043000         2.8900000000         1.4680079982         1.3829693892         3.4250945075
        0.6950145000         2.8900000000         1.4577986908         1.4008325314         3.1591452106
        0.7000099000         2.8900000000         1.4705603251         1.4135919187         3.4915818318
        0.7050067000         2.8900000000         1.4654556714         1.4263513060         3.3586071833
        0.7100047000         2.8900000000         1.4577986908         1.4365588158         3.1591452106
        0.7150216000         2.8900000000         1.4705603251         1.4544219580         3.4915818318
        0.7200064000         2.8900000000         1.4552463639         1.4595257129         3.0926578864
        0.7250055000         2.8900000000         1.4629033445         1.4799407326         3.2921198591
        0.7300077000         2.8900000000         1.4526940371         1.4824926101         3.0261705622
        0.7350060000         2.8900000000         1.4654556714         1.5029076297         3.3586071833
        0.7400062000         2.8900000000         1.4526940371         1.5131151396         3.0261705622
        0.7450055000         2.8900000000         1.4629033445         1.5207707720         3.2921198591
        0.7500089000         2.8900000000         1.4577986908         1.5335301593         3.1591452106
        0.7550037000         2.8900000000         1.4629033445         1.5564970564         3.2921198591
        0.7600063000         2.8900000000         1.4680079982         1.5692564437         3.4250945075
        0.7650066000         2.8900000000         1.4654556714         1.5820158310         3.3586071833
        0.7700136000         2.8900000000         1.4475893834         1.5845677084         2.8931959137
        0.7750097000         2.8900000000         1.4552463639         1.5922233408         3.0926578864
        0.7800095000         2.8900000000         1.4552463639         1.6126383605         3.0926578864
        0.7850059000         2.8900000000         1.4577986908         1.6253977478         3.1591452106
        0.7900048000         2.8900000000         1.4577986908         1.6305015027         3.1591452106
        0.7950038000         2.8900000000         1.4348277491         1.6407090125         2.5607592926
        0.8000044000         2.8900000000         1.4577986908         1.6585721547         3.1591452106
        0.8050029000         2.8900000000         1.4552463639         1.6738834195         3.0926578864
        0.8100051000         2.8900000000         1.4654556714         1.6891946843         3.3586071833
        0.8150063000         2.8900000000         1.4629033445         1.6968503166         3.2921198591
        0.8200053000         2.8900000000         1.4475893834         1.7019540715         2.8931959137
        0.8250053000         2.8900000000         1.4526940371         1.7172653363         3.0261705622
        0.8300056000         2.8900000000         1.4552463639         1.7300247236         3.0926578864
        0.8350055000         2.8900000000         1.4577986908         1.7453359884         3.1591452106
        0.8400055000         2.8900000000         1.4654556714         1.7555434982         3.3586071833
        0.8450056000         2.8900000000         1.4833219594         1.7708547629         3.8240184529
        0.8500034000         2.8900000000         1.4552463639         1.7759585179         3.0926578864
        0.8550063000         2.8900000000         1.4526940371         1.7887179052         3.0261705622
        0.8600057000         2.8900000000         1.4577986908         1.8014772924         3.1591452106
        0.8650061000         2.8900000000         1.4552463639         1.8116848023         3.0926578864
        0.8700056000         2.8900000000         1.4552463639         1.8218923121         3.0926578864
        0.8750045000         2.8900000000         1.4629033445         1.8423073318         3.2921198591
        0.8800056000         2.8900000000         1.4475893834         1.8397554543         2.8931959137
        0.8850065000         2.8900000000         1.4577986908         1.8652742289         3.1591452106
        0.8900056000         2.8900000000         1.4526940371         1.8729298613         3.0261705622
        0.8950034000         2.8900000000         1.4577986908         1.8754817388         3.1591452106
        0.9000079000         2.8900000000         1.4526940371         1.8907930035         3.0261705622
        0.9050043000         2.8900000000         1.4577986908         1.9061042683         3.1591452106
        0.9100101000         2.8900000000         1.4705603251         1.9265192879         3.4915818318
        0.9150074000         2.8900000000         1.4654556714         1.9443824302         3.3586071833
        0.9200060000         2.8900000000         1.4577986908         1.9494861851         3.1591452106
        0.9250051000         2.8900000000         1.4833219594         1.9622455724         3.8240184529
        0.9300058000         2.8900000000         1.4552463639         1.9647974498         3.0926578864
        0.9350068000         2.8900000000         1.4526940371         1.9750049597         3.0261705622
        0.9400060000         2.8900000000         1.4603510177         1.9928681019         3.2256325349
        0.9450065000         2.8900000000         1.4603510177         2.0030756117         3.2256325349
        0.9500058000         2.8900000000         1.4680079982         2.0260425088         3.4250945075
        0.9550050000         2.8900000000         1.4680079982         2.0311462638         3.4250945075
        0.9600091000         2.8900000000         1.4629033445         2.0388018961         3.2921198591
        0.9650058000         2.8900000000         1.4603510177         2.0592169158         3.2256325349
        0.9700054000         2.8900000000         1.4629033445         2.0694244256         3.2921198591
        0.9750042000         2.8900000000         1.4629033445         2.0847356904         3.2921198591
        0.9800513000         2.8900000000         1.4680079982         2.0923913228         3.4250945075
        0.9850038000         2.8900000000         1.4603510177         2.1179100974         3.2256325349
        0.9900099000         2.8900000000         1.4705603251         2.1255657297         3.4915818318
        0.9950085000         2.8900000000         1.4654556714         2.1332213621         3.3586071833
        1.0000065000         2.8900000000         1.4680079982         2.1510845043         3.4250945075
        1.0050067000         2.8900000000         1.4654556714         2.1612920142         3.3586071833
        1.0100041000         2.8900000000         1.4680079982         2.1740514015         3.4250945075
        1.0150377000         2.8900000000         1.4680079982         2.1893626662         3.4250945075
        1.0200058000         2.8900000000         1.4884266131         2.1970182986         3.9569931014
        1.0250069000         2.8900000000         1.4756649788         2.2174333183         3.6245564802
        1.0300130000         2.8900000000         1.4577986908         2.2199851957         3.1591452106
        1.0350128000         2.8900000000         1.4603510177         2.2301927056         3.2256325349
        1.0400061000         2.8900000000         1.4654556714         2.2429520929         3.3586071833
        1.0450058000         2.8900000000         1.4629033445         2.2608152351         3.2921198591
        1.0500046000         2.8900000000         1.4450370565         2.2710227449         2.8267085895
        1.0550136000         2.8900000000         1.4680079982         2.2888858871         3.4250945075
        1.0600100000         2.8900000000         1.4552463639         2.2965415195         3.0926578864
        1.0650063000         2.8900000000         1.4603510177         2.3118527843         3.2256325349
        1.0700041000         2.8900000000         1.4705603251         2.3246121715         3.4915818318
        1.0750055000         2.8900000000         1.4756649788         2.3475790687         3.6245564802
        1.0800040000         2.8900000000         1.4782173056         2.3603384560         3.6910438044
        1.0850063000         2.8900000000         1.4782173056         2.3730978433         3.6910438044
        1.0900042000         2.8900000000         1.4603510177         2.3833053531         3.2256325349
        1.0950060000         2.8900000000         1.4807696325         2.3986166179         3.7575311287
        1.1000059000         2.8900000000         1.4858742862         2.4062722502         3.8905057771
        1.1050092000         2.8900000000         1.4833219594         2.4190316375         3.8240184529
        1.1100035000         2.8900000000         1.4731126519         2.4419985347         3.5580691560
        1.1150063000         2.8900000000         1.4731126519         2.4496541670         3.5580691560
        1.1200036000         2.8900000000         1.4705603251         2.4675173092         3.4915818318
        1.1250121000         2.8900000000         1.4756649788         2.4751729416         3.6245564802
        1.1300049000         2.8900000000         1.4782173056         2.4955879613         3.6910438044
        1.1350032000         2.8900000000         1.4705603251         2.5057954711         3.4915818318
        1.1400053000         2.8900000000         1.4654556714         2.5083473486         3.3586071833
        1.1451587000         2.8900000000         1.4833219594         2.5313142457         3.8240184529
        1.1500076000         2.8900000000         1.4731126519         2.5440736330         3.5580691560
        1.1552195000         2.8900000000         1.4756649788         2.5644886527         3.6245564802
        1.1600038000         2.8900000000         1.4756649788         2.5644886527         3.6245564802
        1.1650154000         2.8900000000         1.4782173056         2.5874555498         3.6910438044
        1.1700057000         2.8900000000         1.4756649788         2.5951111822         3.6245564802
        1.1750162000         2.8900000000         1.4807696325         2.6180780793         3.7575311287
        1.1800033000         2.8900000000         1.4705603251         2.6180780793         3.4915818318
        1.1850113000         2.8900000000         1.4705603251         2.6435968539         3.4915818318
        1.1900076000         2.8900000000         1.4654556714         2.6461487314         3.3586071833
        1.1950168000         2.8900000000         1.4680079982         2.6640118736         3.4250945075
        1.2000057000         2.8900000000         1.4577986908         2.6767712609         3.1591452106
        1.2050043000         2.8900000000         1.4782173056         2.6844268933         3.6910438044
        1.2100043000         2.8900000000         1.4654556714         2.7048419129         3.3586071833
        1.2150105000         2.8900000000         1.4654556714         2.7099456679         3.3586071833
        1.2200041000         2.8900000000         1.4731126519         2.7278088101         3.5580691560
        1.2250046000         2.8900000000         1.4526940371         2.7456719523         3.0261705622
        1.2300052000         2.8900000000         1.4705603251         2.7609832170         3.4915818318
        1.2350081000         2.8900000000         1.4782173056         2.7762944818         3.6910438044
        1.2400079000         2.8900000000         1.4705603251         2.7813982367         3.4915818318
        1.2450048000         2.8900000000         1.4705603251         2.8018132564         3.4915818318
        1.2500041000         2.8900000000         1.4731126519         2.8120207662         3.5580691560
        1.2550059000         2.8900000000         1.4501417102         2.8120207662         2.9596832380
        1.2600053000         2.8900000000         1.4756649788         2.8426432957         3.6245564802
        1.2650058000         2.8900000000         1.4731126519         2.8477470506         3.5580691560
        1.2700050000         2.8900000000         1.4705603251         2.8630583154         3.4915818318
        1.2750128000         2.8900000000         1.4756649788         2.8809214576         3.6245564802
        1.2800067000         2.8900000000         1.4680079982         2.8834733351         3.4250945075
        1.2850056000         2.8900000000         1.4603510177         2.9013364773         3.2256325349
        1.2900053000         2.8900000000         1.4680079982         2.9140958646         3.4250945075
        1.2950065000         2.8900000000         1.4654556714         2.9217514970         3.3586071833
        1.3000062000         2.8900000000         1.4680079982         2.9447183941         3.4250945075
        1.3050058000         2.8900000000         1.4731126519         2.9600296588         3.5580691560
        1.3100038000         2.8900000000         1.4654556714         2.9600296588         3.3586071833
        1.3150061000         2.8900000000         1.4731126519         2.9778928011         3.5580691560
        1.3200044000         2.8900000000         1.4629033445         2.9855484334         3.2921198591
        1.3250060000         2.8900000000         1.4807696325         3.0110672080         3.7575311287
        1.3300038000         2.8900000000         1.4705603251         3.0187228404         3.4915818318
        1.3350058000         2.8900000000         1.4680079982         3.0314822277         3.4250945075
        1.3400054000         2.8900000000         1.4680079982         3.0467934924         3.4250945075
        1.3450107000         2.8900000000         1.4731126519         3.0570010023         3.5580691560
        1.3500074000         2.8900000000         1.4629033445         3.0723122670         3.2921198591
        1.3550057000         2.8900000000         1.4731126519         3.0876235318         3.5580691560
        1.3600067000         2.8900000000         1.4731126519         3.1003829191         3.5580691560
        1.3650234000         2.8900000000         1.4603510177         3.1156941838         3.2256325349
        1.3700060000         2.8900000000         1.4680079982         3.1233498162         3.4250945075
        1.3750057000         2.8900000000         1.4756649788         3.1386610810         3.6245564802
        1.3800033000         2.8900000000         1.4705603251         3.1565242232         3.4915818318
        1.3850042000         2.8900000000         1.4782173056         3.1718354879         3.6910438044
        1.3900064000         2.8900000000         1.4731126519         3.1794911203         3.5580691560
        1.3950050000         2.8900000000         1.4629033445         3.1896986301         3.2921198591
        1.4000057000         2.8900000000         1.4705603251         3.2024580174         3.4915818318
        1.4050052000         2.8900000000         1.4756649788         3.2177692822         3.6245564802
        1.4100062000         2.8900000000         1.4705603251         3.2330805470         3.4915818318
        1.4150132000         2.8900000000         1.4731126519         3.2458399342         3.5580691560
        1.4200067000         2.8900000000         1.4731126519         3.2637030765         3.5580691560
        1.4250181000         2.8900000000         1.4756649788         3.2790143412         3.6245564802
        1.4300113000         2.8900000000         1.4705603251         3.2815662187         3.4915818318
        1.4350057000         2.8900000000         1.4782173056         3.3019812383         3.6910438044
        1.4400062000         2.8900000000         1.4629033445         3.3045331158         3.2921198591
        1.4450065000         2.8900000000         1.4858742862         3.3326037679         3.8905057771
        1.4500051000         2.8900000000         1.4577986908         3.3428112777         3.1591452106
        1.4550144000         2.8900000000         1.4680079982         3.3555706650         3.4250945075
        1.4600073000         2.8900000000         1.4782173056         3.3632262974         3.6910438044
        1.4650113000         2.8900000000         1.4654556714         3.3759856847         3.3586071833
        1.4700079000         2.8900000000         1.4603510177         3.3912969494         3.2256325349
        1.4750055000         2.8900000000         1.4858742862         3.4142638465         3.8905057771
        1.4800097000         2.8900000000         1.4705603251         3.4219194789         3.4915818318
        1.4850094000         2.8900000000         1.4705603251         3.4397826211         3.4915818318
        1.4900071000         2.8900000000         1.4884266131         3.4550938859         3.9569931014
        1.4950084000         2.8900000000         1.4756649788         3.4678532732         3.6245564802
        1.5000068000         2.8900000000         1.4705603251         3.4806126605         3.4915818318
        1.5050070000         2.8900000000         1.4756649788         3.4933720478         3.6245564802
        1.5100063000         2.8900000000         1.4680079982         3.5061314351         3.4250945075
        1.5150062000         2.8900000000         1.4833219594         3.5265464547         3.8240184529
        1.5200063000         2.8900000000         1.4858742862         3.5393058420         3.8905057771
        1.5250058000         2.8900000000         1.4577986908         3.5469614744         3.1591452106
        1.5300067000         2.8900000000         1.4782173056         3.5622727392         3.6910438044
        1.5350045000         2.8900000000         1.4807696325         3.5826877588         3.7575311287
        1.5400064000         2.8900000000         1.4654556714         3.5826877588         3.3586071833
        1.5450055000         2.8900000000         1.4782173056         3.6005509010         3.6910438044
        1.5500060000         2.8900000000         1.4705603251         3.6107584109         3.4915818318
        1.5550044000         2.8900000000         1.4680079982         3.6260696756         3.4250945075
        1.5600098000         2.8900000000         1.4731126519         3.6337253080         3.5580691560
        1.5650070000         2.8900000000         1.4858742862         3.6617959601         3.8905057771
        1.5700062000         2.8900000000         1.4680079982         3.6643478375         3.4250945075
        1.5750042000         2.8900000000         1.4833219594         3.6898666121         3.8240184529
        1.5800062000         2.8900000000         1.4705603251         3.6975222445         3.4915818318
        1.5850057000         2.8900000000         1.4654556714         3.7077297543         3.3586071833
        1.5900066000         2.8900000000         1.4782173056         3.7306966515         3.6910438044
        1.5950090000         2.8900000000         1.4731126519         3.7383522838         3.5580691560
        1.6000046000         2.8900000000         1.4654556714         3.7536635486         3.3586071833
        1.6050103000         2.8900000000         1.4705603251         3.7587673035         3.4915818318
        1.6100059000         2.8900000000         1.4654556714         3.7842860781         3.3586071833
        1.6150058000         2.8900000000         1.4603510177         3.7868379556         3.2256325349
        1.6200050000         2.8900000000         1.4629033445         3.8021492203         3.2921198591
        1.6250094000         2.8900000000         1.4654556714         3.8149086076         3.3586071833
        1.6300039000         2.8900000000         1.4654556714         3.8276679949         3.3586071833
        1.6350049000         2.8900000000         1.4577986908         3.8353236273         3.1591452106
        1.6400037000         2.8900000000         1.4577986908         3.8531867695         3.1591452106
        1.6450239000         2.8900000000         1.4680079982         3.8659461568         3.4250945075
        1.6500047000         2.8900000000         1.4603510177         3.8736017892         3.2256325349
        1.6551900000         2.8900000000         1.4654556714         3.8940168088         3.3586071833
        1.6600047000         2.8900000000         1.4756649788         3.9118799510         3.6245564802
        1.6650045000         2.8900000000         1.4680079982         3.9246393383         3.4250945075
        1.6700052000         2.8900000000         1.4603510177         3.9322949707         3.2256325349
        1.6750049000         2.8900000000         1.4577986908         3.9425024806         3.1591452106
        1.6800052000         2.8900000000         1.4680079982         3.9603656228         3.4250945075
        1.6850049000         2.8900000000         1.4629033445         3.9680212551         3.2921198591
        1.6900053000         2.8900000000         1.4526940371         3.9731250101         3.0261705622
        1.6950055000         2.8900000000         1.4577986908         3.9935400297         3.1591452106
        1.7000033000         2.8900000000         1.4680079982         4.0011956621         3.4250945075
        1.7050058000         2.8900000000         1.4552463639         4.0165069269         3.0926578864
        1.7100039000         2.8900000000         1.4603510177         4.0267144367         3.2256325349
        1.7150055000         2.8900000000         1.4577986908         4.0420257015         3.1591452106
        1.7200061000         2.8900000000         1.4552463639         4.0471294564         3.0926578864
        1.7250059000         2.8900000000         1.4577986908         4.0700963535         3.1591452106
        1.7300047000         2.8900000000         1.4577986908         4.0777519859         3.1591452106
        1.7350055000         2.8900000000         1.4577986908         4.0854076183         3.1591452106
        1.7400043000         2.8900000000         1.4807696325         4.1083745154         3.7575311287
        1.7450052000         2.8900000000         1.4577986908         4.1160301478         3.1591452106
        1.7500061000         2.8900000000         1.4577986908         4.1185820252         3.1591452106
        1.7550034000         2.8900000000         1.4654556714         4.1441007998         3.3586071833
        1.7600031000         2.8900000000         1.4577986908         4.1466526773         3.1591452106
        1.7650032000         2.8900000000         1.4680079982         4.1645158195         3.4250945075
        1.7700064000         2.8900000000         1.4603510177         4.1747233293         3.2256325349
        1.7750031000         2.8900000000         1.4577986908         4.1900345941         3.1591452106
        1.7800036000         2.8900000000         1.4680079982         4.2002421039         3.4250945075
        1.7850038000         2.8900000000         1.4603510177         4.2155533687         3.2256325349
        1.7900059000         2.8900000000         1.4654556714         4.2308646334         3.3586071833
        1.7950111000         2.8900000000         1.4705603251         4.2410721433         3.4915818318
        1.8000034000         2.8900000000         1.4705603251         4.2538315306         3.4915818318
        1.8050053000         2.8900000000         1.4552463639         4.2640390404         3.0926578864
        1.8100036000         2.8900000000         1.4756649788         4.2870059375         3.6245564802
        1.8150039000         2.8900000000         1.4680079982         4.2997653248         3.4250945075
        1.8200052000         2.8900000000         1.4577986908         4.2997653248         3.1591452106
        1.8250254000         2.8900000000         1.4654556714         4.3176284670         3.3586071833
        1.8300047000         2.8900000000         1.4680079982         4.3252840994         3.4250945075
        1.8350089000         2.8900000000         1.4603510177         4.3456991191         3.2256325349
        1.8400911000         2.8900000000         1.4629033445         4.3533547515         3.2921198591
        1.8450040000         2.8900000000         1.4680079982         4.3788735260         3.4250945075
        1.8500035000         2.8900000000         1.4654556714         4.3839772810         3.3586071833
        1.8550034000         2.8900000000         1.4705603251         4.4018404232         3.4915818318
        1.8600911000         2.8900000000         1.4680079982         4.4120479330         3.4250945075
        1.8650047000         2.8900000000         1.4629033445         4.4171516879         3.2921198591
        1.8700052000         2.8900000000         1.4629033445         4.4375667076         3.2921198591
        1.8750032000         2.8900000000         1.4705603251         4.4528779724         3.4915818318
        1.8800026000         2.8900000000         1.4680079982         4.4656373597         3.4250945075
        1.8850038000         2.8900000000         1.4756649788         4.4860523793         3.6245564802
        1.8900016000         2.8900000000         1.4680079982         4.4860523793         3.4250945075
        1.8950048000         2.8900000000         1.4629033445         4.4962598892         3.2921198591
        1.9000063000         2.8900000000         1.4654556714         4.5166749088         3.3586071833
        1.9050063000         2.8900000000         1.4782173056         4.5396418060         3.6910438044
        1.9100059000         2.8900000000         1.4705603251         4.5447455609         3.4915818318
        1.9150061000         2.8900000000         1.4526940371         4.5549530707         3.0261705622
        1.9200041000         2.8900000000         1.4731126519         4.5804718453         3.5580691560
        1.9250016000         2.8900000000         1.4756649788         4.5957831101         3.6245564802
        1.9300042000         2.8900000000         1.4705603251         4.6034387424         3.4915818318
        1.9350058000         2.8900000000         1.4833219594         4.6238537621         3.8240184529
        1.9400057000         2.8900000000         1.4782173056         4.6391650269         3.6910438044
        1.9450047000         2.8900000000         1.4680079982         4.6391650269         3.4250945075
        1.9500187000         2.8900000000         1.4782173056         4.6672356789         3.6910438044
        1.9550036000         2.8900000000         1.4731126519         4.6748913113         3.5580691560
        1.9600322000         2.8900000000         1.4577986908         4.6850988211         3.1591452106
        1.9650036000         2.8900000000         1.4858742862         4.7131694732         3.8905057771
        1.9700017000         2.8900000000         1.4705603251         4.7131694732         3.4915818318
        1.9750032000         2.8900000000         1.4680079982         4.7310326154         3.4250945075
        1.9800053000         2.8900000000         1.4833219594         4.7488957576         3.8240184529
        1.9850041000         2.8900000000         1.4756649788         4.7642070224         3.6245564802
        1.9900029000         2.8900000000         1.4654556714         4.7744145322         3.3586071833
        1.9950026000         2.8900000000         1.4807696325         4.7948295519         3.7575311287
        2.0000028000         2.8900000000         1.4756649788         4.8126926941         3.6245564802
        2.0050029000         2.8900000000         1.4756649788         4.8177964490         3.6245564802
        2.0100022000         2.8900000000         1.4756649788         4.8331077137         3.6245564802
        2.0150037000         2.8900000000         1.4756649788         4.8484189785         3.6245564802
        2.0200024000         2.8900000000         1.4833219594         4.8713858756         3.8240184529
        2.0250046000         2.8900000000         1.4782173056         4.8841452629         3.6910438044
        2.0300044000         2.8900000000         1.4552463639         4.8841452629         3.0926578864
        2.0350057000         2.8900000000         1.4756649788         4.9045602826         3.6245564802
        2.0400056000         2.8900000000         1.4680079982         4.9249753023         3.4250945075
        2.0450057000         2.8900000000         1.4603510177         4.9351828121         3.2256325349
        2.0500069000         2.8900000000         1.4680079982         4.9428384445         3.4250945075
        2.0550042000         2.8900000000         1.4603510177         4.9607015867         3.2256325349
        2.0600065000         2.8900000000         1.4450370565         4.9760128515         2.8267085895
        2.0650040000         2.8900000000         1.4782173056         4.9913241162         3.6910438044
        2.0700055000         2.8900000000         1.4603510177         4.9964278711         3.2256325349
        2.0750041000         2.8900000000         1.4680079982         5.0117391359         3.4250945075
        2.0800054000         2.8900000000         1.4629033445         5.0066353810         3.2921198591
        2.0850041000         2.8900000000         1.4552463639         4.9989797486         3.0926578864
        2.0900058000         2.8900000000         1.4680079982         5.0142910133         3.4250945075
        2.0950053000         2.8900000000         1.4680079982         5.0066353810         3.4250945075
        2.1000051000         2.8900000000         1.4603510177         5.0066353810         3.2256325349
        2.1050042000         2.8900000000         1.4577986908         5.0015316260         3.1591452106
        2.1100057000         2.8900000000         1.4577986908         5.0066353810         3.1591452106
        2.1150057000         2.8900000000         1.4680079982         5.0091872584         3.4250945075
        2.1200057000         2.8900000000         1.4552463639         4.9862203613         3.0926578864
        2.1250035000         2.8900000000         1.4577986908         1.1124703785         3.1591452106
        2.1300048000         2.8900000000         1.4577986908         1.1124703785         3.1591452106
        2.1350048000         2.8900000000         1.4705603251         1.1201260109         3.4915818318
        2.1400050000         2.8900000000         1.4577986908         1.1073666236         3.1591452106
        2.1450039000         2.8900000000         1.4654556714         0.0151630711         3.3586071833
        2.1500044000         2.8900000000         1.4629033445         0.0024036839         3.2921198591
        2.1550062000         2.8900000000         1.4603510177         0.0024036839         3.2256325349
        2.1600048000         2.8900000000         1.4731126519         0.0075074388         3.5580691560
        2.1650050000         2.8900000000         1.4680079982         0.0024036839         3.4250945075
        2.1700047000         2.8900000000         1.4577986908         0.0024036839         3.1591452106
        2.1750029000         2.8900000000         1.4705603251         0.0049555613         3.4915818318
        2.1800027000         2.8900000000         1.4629033445        -0.0052519485         3.2921198591
        2.1850034000         2.8900000000         1.4603510177         0.0024036839         3.2256325349
        2.1900016000         2.8900000000         1.4756649788         0.0024036839         3.6245564802
        2.1950058000         2.8900000000         1.4756649788         0.0202668261         3.6245564802
        2.2000033000         2.8900000000         1.4756649788         0.0151630711         3.6245564802
        2.2050048000         2.8900000000         1.4603510177         0.0304743359         3.2256325349
        2.2100036000         2.8900000000         1.4782173056         0.0559931105         3.6910438044
        2.2150033000         2.8900000000         1.4705603251         0.0636487429         3.4915818318
        2.2200025000         2.8900000000         1.4629033445         0.0764081302         3.2921198591
        2.2250037000         2.8900000000         1.4705603251         0.0917193949         3.4915818318
        2.2300029000         2.8900000000         1.4629033445         0.1044787822         3.2921198591
        2.2350087000         2.8900000000         1.4680079982         0.1095825371         3.4250945075
        2.2400039000         2.8900000000         1.4756649788         0.1402050666         3.6245564802
        2.2450027000         2.8900000000         1.4654556714         0.1478606990         3.3586071833
        2.2500035000         2.8900000000         1.4654556714         0.1580682088         3.3586071833
        2.2550024000         2.8900000000         1.4705603251         0.1733794736         3.4915818318
        2.2600026000         2.8900000000         1.4807696325         0.1937944933         3.7575311287
        2.2650028000         2.8900000000         1.4680079982         0.2065538806         3.4250945075
        2.2700029000         2.8900000000         1.4782173056         0.2193132679         3.6910438044
        2.2750014000         2.8900000000         1.4654556714         0.2295207777         3.3586071833
        2.2800041000         2.8900000000         1.4782173056         0.2499357974         3.6910438044
        2.2850043000         2.8900000000         1.4629033445         0.2499357974         3.2921198591
        2.2900031000         2.8900000000         1.4654556714         0.2626951847         3.3586071833
        2.2950016000         2.8900000000         1.4731126519         0.2831102043         3.5580691560
        2.3000045000         2.8900000000         1.4654556714         0.2958695916         3.3586071833
        2.3050066000         2.8900000000         1.4680079982         0.3086289789         3.4250945075
        2.3100038000         2.8900000000         1.4629033445         0.3188364888         3.2921198591
        2.3150033000         2.8900000000         1.4705603251         0.3366996310         3.4915818318
        2.3200028000         2.8900000000         1.4731126519         0.3596665281         3.5580691560
        2.3250015000         2.8900000000         1.4629033445         0.3622184056         3.2921198591
        2.3300028000         2.8900000000         1.4680079982         0.3775296703         3.4250945075
        2.3350033000         2.8900000000         1.4756649788         0.3902890576         3.6245564802
        2.3400026000         2.8900000000         1.4705603251         0.4004965675         3.4915818318
        2.3450017000         2.8900000000         1.4782173056         0.4260153420         3.6910438044
        2.3500030000         2.8900000000         1.4705603251         0.4336709744         3.4915818318
        2.3550021000         2.8900000000         1.4731126519         0.4540859941         3.5580691560
        2.3600023000         2.8900000000         1.4680079982         0.4540859941         3.4250945075
        2.3650029000         2.8900000000         1.4705603251         0.4745010138         3.4915818318
        2.3700039000         2.8900000000         1.4731126519         0.4872604011         3.5580691560
        2.3750029000         2.8900000000         1.4756649788         0.5000197884         3.6245564802
        2.3800037000         2.8900000000         1.4731126519         0.5153310531         3.5580691560
        2.3850035000         2.8900000000         1.4782173056         0.5382979502         3.6910438044
        2.3900044000         2.8900000000         1.4833219594         0.5459535826         3.8240184529
        2.3950040000         2.8900000000         1.4680079982         0.5587129699         3.4250945075
        2.4000058000         2.8900000000         1.4731126519         0.5663686023         3.5580691560
        2.4050043000         2.8900000000         1.4756649788         0.5867836220         3.6245564802
        2.4100047000         2.8900000000         1.4705603251         0.6046467642         3.4915818318
        2.4150035000         2.8900000000         1.4858742862         0.6123023966         3.8905057771
        2.4200066000         2.8900000000         1.4731126519         0.6276136613         3.5580691560
        2.4250047000         2.8900000000         1.4807696325         0.6480286810         3.7575311287
        2.4300039000         2.8900000000         1.4756649788         0.6531324359         3.6245564802
        2.4350061000         2.8900000000         1.4731126519         0.6709955781         3.5580691560
        2.4400059000         2.8900000000         1.4731126519         0.6914105978         3.5580691560
        2.4450057000         2.8900000000         1.4782173056         0.6990662302         3.6910438044
        2.4500060000         2.8900000000         1.4833219594         0.7220331273         3.8240184529
        2.4550071000         2.8900000000         1.4705603251         0.7271368822         3.4915818318
        2.4600058000         2.8900000000         1.4756649788         0.7450000244         3.6245564802
        2.4650071000         2.8900000000         1.4680079982         0.7577594117         3.4250945075
        2.4700053000         2.8900000000         1.4629033445         0.7628631666         3.2921198591
        2.4750024000         2.8900000000         1.4756649788         0.7832781863         3.6245564802
        2.4800055000         2.8900000000         1.4705603251         0.7985894511         3.4915818318
        2.4850095000         2.8900000000         1.4577986908         0.8062450834         3.1591452106
        2.4900056000         2.8900000000         1.4807696325         0.8317638580         3.7575311287
        2.4950060000         2.8900000000         1.4705603251         0.8394194904         3.4915818318
        2.5000060000         2.8900000000         1.4629033445         0.8521788777         3.2921198591
        2.5050055000         2.8900000000         1.4731126519         0.8674901425         3.5580691560
        2.5100048000         2.8900000000         1.4705603251         0.8802495297         3.4915818318
        2.5150057000         2.8900000000         1.4731126519         0.8981126720         3.5580691560
        2.5200043000         2.8900000000         1.4731126519         0.8981126720         3.5580691560
        2.5250054000         2.8900000000         1.4680079982         0.9261833240         3.4250945075
        2.5300039000         2.8900000000         1.4680079982         0.9338389564         3.4250945075
        2.5350059000         2.8900000000         1.4731126519         0.9465983437         3.5580691560
        2.5400051000         2.8900000000         1.4680079982         0.9670133634         3.4250945075
        2.5450047000         2.8900000000         1.4577986908         0.9670133634         3.1591452106
        2.5500039000         2.8900000000         1.4756649788         0.9874283830         3.6245564802
        2.5550048000         2.8900000000         1.4629033445         0.9950840154         3.2921198591
        2.5600533000         2.8900000000         1.4680079982         1.0129471576         3.4250945075
        2.5650040000         2.8900000000         1.4680079982         1.0231546675         3.4250945075
        2.5702028000         2.8900000000         1.4680079982         1.0461215646         3.4250945075
        2.5750083000         2.8900000000         1.4629033445         1.0588809519         3.2921198591
        2.5800129000         2.8900000000         1.4705603251         1.0665365843         3.4915818318
        2.5850057000         2.8900000000         1.4424847297         1.0843997265         2.7602212653
        2.5900097000         2.8900000000         1.4731126519         1.0971591138         3.5580691560
        2.5950077000         2.8900000000         1.4603510177         1.0971591138         3.2256325349
        2.6000094000         2.8900000000         1.4552463639         1.1099185011         3.0926578864
        2.6050059000         2.8900000000         1.4603510177         1.1226778884         3.2256325349
        2.6100059000         2.8900000000         1.4731126519         1.1456447855         3.5580691560
        2.6150062000         2.8900000000         1.4577986908         1.1481966629         3.1591452106
        2.6200056000         2.8900000000         1.4603510177         1.1660598052         3.2256325349
        2.6250048000         2.8900000000         1.4782173056         1.1839229474         3.6910438044
        2.6300066000         2.8900000000         1.4654556714         1.1864748248         3.3586071833
        2.6350038000         2.8900000000         1.4603510177         1.2068898445         3.2256325349
        2.6400049000         2.8900000000         1.4629033445         1.2170973543         3.2921198591
        2.6450037000         2.8900000000         1.4629033445         1.2247529867         3.2921198591
        2.6500046000         2.8900000000         1.4629033445         1.2400642515         3.2921198591
        2.6550031000         2.8900000000         1.4629033445         1.2502717613         3.2921198591
        2.6600070000         2.8900000000         1.4654556714         1.2630311486         3.3586071833
        2.6650074000         2.8900000000         1.4680079982         1.2911018006         3.4250945075
        2.6700066000         2.8900000000         1.4705603251         1.2936536781         3.4915818318
        2.6750062000         2.8900000000         1.4680079982         1.3064130654         3.4250945075
        2.6800049000         2.8900000000         1.4680079982         1.3268280851         3.4250945075
        2.6850049000         2.8900000000         1.4705603251         1.3344837175         3.4915818318
        2.6900046000         2.8900000000         1.4680079982         1.3395874724         3.4250945075
        2.6950051000         2.8900000000         1.4577986908         1.3548987371         3.1591452106
        2.7000053000         2.8900000000         1.4782173056         1.3804175117         3.6910438044
        2.7050051000         2.8900000000         1.4858742862         1.3855212666         3.8905057771
        2.7100059000         2.8900000000         1.4577986908         1.3906250215         3.1591452106
        2.7150065000         2.8900000000         1.4654556714         1.4084881638         3.3586071833
        2.7200059000         2.8900000000         1.4705603251         1.4237994285         3.4915818318
        2.7250039000         2.8900000000         1.4501417102         1.4314550609         2.9596832380
        2.7300127000         2.8900000000         1.4654556714         1.4442144482         3.3586071833
        2.7350066000         2.8900000000         1.4705603251         1.4646294679         3.4915818318
        2.7400142000         2.8900000000         1.4603510177         1.4748369777         3.2256325349
        2.7450056000         2.8900000000         1.4577986908         1.4850444875         3.1591452106
        2.7500119000         2.8900000000         1.4629033445         1.5003557523         3.2921198591
        2.7550059000         2.8900000000         1.4654556714         1.5080113847         3.3586071833
        2.7600068000         2.8900000000         1.4629033445         1.5233226494         3.2921198591
        2.7650049000         2.8900000000         1.4603510177         1.5284264043         3.2256325349
        2.7700151000         2.8900000000         1.4577986908         1.5488414240         3.1591452106
        2.7750086000         2.8900000000         1.4603510177         1.5616008113         3.2256325349
        2.7800138000         2.8900000000         1.4731126519         1.5820158310         3.5580691560
        2.7850042000         2.8900000000         1.4654556714         1.5947752183         3.3586071833
        2.7900064000         2.8900000000         1.4629033445         1.5973270957         3.2921198591
        2.7950052000         2.8900000000         1.4552463639         1.6049827281         3.0926578864
        2.8000103000         2.8900000000         1.4577986908         1.6253977478         3.1591452106
        2.8050076000         2.8900000000         1.4680079982         1.6381571351         3.4250945075
        2.8100070000         2.8900000000         1.4501417102         1.6407090125         2.9596832380
        2.8150041000         2.8900000000         1.4705603251         1.6611240322         3.4915818318
        2.8200066000         2.8900000000         1.4577986908         1.6738834195         3.1591452106
        2.8250068000         2.8900000000         1.4629033445         1.6789871744         3.2921198591
        2.8300066000         2.8900000000         1.4680079982         1.7045059490         3.4250945075
        2.8350049000         2.8900000000         1.4603510177         1.7121615814         3.2256325349
        2.8400062000         2.8900000000         1.4577986908         1.7223690912         3.1591452106
        2.8450432000         2.8900000000         1.4577986908         1.7300247236         3.1591452106
        2.8500069000         2.8900000000         1.4629033445         1.7478878658         3.2921198591
        2.8550046000         2.8900000000         1.4782173056         1.7657510080         3.6910438044
        2.8600062000         2.8900000000         1.4577986908         1.7657510080         3.1591452106
        2.8650038000         2.8900000000         1.4577986908         1.7810622728         3.1591452106
        2.8700062000         2.8900000000         1.4603510177         1.7938216601         3.2256325349
        2.8750055000         2.8900000000         1.4577986908         1.8014772924         3.1591452106
        2.8800036000         2.8900000000         1.4654556714         1.8244441896         3.3586071833
        2.8850063000         2.8900000000         1.4450370565         1.8372035769         2.8267085895
        2.8900073000         2.8900000000         1.4654556714         1.8448592093         3.3586071833
        2.8950057000         2.8900000000         1.4680079982         1.8550667191         3.4250945075
        2.9000070000         2.8900000000         1.4603510177         1.8703779838         3.2256325349
        2.9050062000         2.8900000000         1.4654556714         1.8805854937         3.3586071833
        2.9100048000         2.8900000000         1.4756649788         1.8984486359         3.6245564802
        2.9150048000         2.8900000000         1.4552463639         1.8984486359         3.0926578864
        2.9200069000         2.8900000000         1.4680079982         1.9188636556         3.4250945075
        2.9250043000         2.8900000000         1.4629033445         1.9265192879         3.2921198591
        2.9300060000         2.8900000000         1.4603510177         1.9469343076         3.2256325349
        2.9350489000         2.8900000000         1.4629033445         1.9520380625         3.2921198591
        2.9400042000         2.8900000000         1.4654556714         1.9647974498         3.3586071833
        2.9450055000         2.8900000000         1.4577986908         1.9852124695         3.1591452106
        2.9500057000         2.8900000000         1.4782173056         1.9954199793         3.6910438044
        2.9550055000         2.8900000000         1.4603510177         2.0030756117         3.2256325349
        2.9600039000         2.8900000000         1.4577986908         2.0209387539         3.1591452106
        2.9650046000         2.8900000000         1.4629033445         2.0285943863         3.2921198591
        2.9700035000         2.8900000000         1.4654556714         2.0464575285         3.3586071833
        2.9750045000         2.8900000000         1.4603510177         2.0592169158         3.2256325349
        2.9800038000         2.8900000000         1.4577986908         2.0668725482         3.1591452106
        2.9850084000         2.8900000000         1.4552463639         2.0821838129         3.0926578864
        2.9900072000         2.8900000000         1.4680079982         2.0974950777         3.4250945075
        2.9950149000         2.8900000000         1.4552463639         2.1077025875         3.0926578864
        3.0000070000         2.8900000000         1.4782173056         2.1204619748         3.6910438044
        3.0050038000         2.8900000000         1.4577986908         2.1357732396         3.1591452106
        3.0100053000         2.8900000000         1.4680079982         2.1561882593         3.4250945075
        3.0150084000         2.8900000000         1.4654556714         2.1612920142         3.3586071833
        3.0200061000         2.8900000000         1.4629033445         2.1766032789         3.2921198591
        3.0250062000         2.8900000000         1.4680079982         2.1944664211         3.4250945075
        3.0300043000         2.8900000000         1.4629033445         2.1995701761         3.2921198591
        3.0350059000         2.8900000000         1.4603510177         2.2097776859         3.2256325349
        3.0400059000         2.8900000000         1.4603510177         2.2301927056         3.2256325349
        3.0450134000         2.8900000000         1.4577986908         2.2378483379         3.1591452106
        3.0500065000         2.8900000000         1.4629033445         2.2480558478         3.2921198591
        3.0550068000         2.8900000000         1.4603510177         2.2608152351         3.2256325349
        3.0600064000         2.8900000000         1.4629033445         2.2761264998         3.2921198591
        3.0650059000         2.8900000000         1.4731126519         2.2939896420         3.5580691560
        3.0700038000         2.8900000000         1.4577986908         2.2990933970         3.1591452106
        3.0750056000         2.8900000000         1.4526940371         2.3067490293         3.0261705622
        3.0800045000         2.8900000000         1.4680079982         2.3220602941         3.4250945075
        3.0850083000         2.8900000000         1.4680079982         2.3399234363         3.4250945075
        3.0900049000         2.8900000000         1.4629033445         2.3526828236         3.2921198591
        3.0950100000         2.8900000000         1.4807696325         2.3705459658         3.7575311287
        3.1000043000         2.8900000000         1.4603510177         2.3782015982         3.2256325349
        3.1050060000         2.8900000000         1.4756649788         2.3935128629         3.6245564802
        3.1100042000         2.8900000000         1.4782173056         2.4113760052         3.6910438044
        3.1150088000         2.8900000000         1.4782173056         2.4292391474         3.6910438044
        3.1200073000         2.8900000000         1.4680079982         2.4317910248         3.4250945075
        3.1250071000         2.8900000000         1.4654556714         2.4522060445         3.3586071833
        3.1300057000         2.8900000000         1.4731126519         2.4598616769         3.5580691560
        3.1350045000         2.8900000000         1.4705603251         2.4777248191         3.4915818318
        3.1400119000         2.8900000000         1.4807696325         2.4904842064         3.7575311287
        3.1450032000         2.8900000000         1.4705603251         2.5032435937         3.4915818318
        3.1500044000         2.8900000000         1.4654556714         2.5057954711         3.3586071833
        3.1550051000         2.8900000000         1.4629033445         2.5236586133         3.2921198591
        3.1600049000         2.8900000000         1.4731126519         2.5389698781         3.5580691560
        3.1650040000         2.8900000000         1.4731126519         2.5491773879         3.5580691560
        3.1700052000         2.8900000000         1.4654556714         2.5593848978         3.3586071833
        3.1750050000         2.8900000000         1.4680079982         2.5797999174         3.4250945075
        3.1800046000         2.8900000000         1.4629033445         2.5900074273         3.2921198591
        3.1850047000         2.8900000000         1.4680079982         2.6053186920         3.4250945075
        3.1900033000         2.8900000000         1.4577986908         2.6180780793         3.1591452106
        3.1950047000         2.8900000000         1.4731126519         2.6308374666         3.5580691560
        3.2000052000         2.8900000000         1.4680079982         2.6410449765         3.4250945075
        3.2050047000         2.8900000000         1.4833219594         2.6640118736         3.8240184529
        3.2100054000         2.8900000000         1.4629033445         2.6716675060         3.2921198591
        3.2150038000         2.8900000000         1.4603510177         2.6767712609         3.2256325349
        3.2200024000         2.8900000000         1.4858742862         2.7048419129         3.8905057771
        3.2250025000         2.8900000000         1.4731126519         2.7099456679         3.5580691560
        3.2300023000         2.8900000000         1.4807696325         2.7252569326         3.7575311287
        3.2350052000         2.8900000000         1.4731126519         2.7456719523         3.5580691560
        3.2400036000         2.8900000000         1.4731126519         2.7533275847         3.5580691560
        3.2450060000         2.8900000000         1.4833219594         2.7711907269         3.8240184529
        3.2500041000         2.8900000000         1.4756649788         2.7788463592         3.6245564802
        3.2550053000         2.8900000000         1.4756649788         2.7992613789         3.6245564802
        3.2600029000         2.8900000000         1.4833219594         2.8069170113         3.8240184529
        3.2650040000         2.8900000000         1.4373800759         2.8196763986         2.6272466168
        3.2700026000         2.8900000000         1.4756649788         2.8426432957         3.6245564802
        3.2750019000         2.8900000000         1.4731126519         2.8400914183         3.5580691560
        3.2800020000         2.8900000000         1.4756649788         2.8605064379         3.6245564802
        3.2850055000         2.8900000000         1.4680079982         2.8732658252         3.4250945075
        3.2900029000         2.8900000000         1.4782173056         2.8936808449         3.6910438044
        3.2950039000         2.8900000000         1.4629033445         2.9013364773         3.2921198591
        3.3000031000         2.8900000000         1.4756649788         2.9115439871         3.6245564802
        3.3050046000         2.8900000000         1.4909789399         2.9345108842         4.0234804256
        3.3100016000         2.8900000000         1.4654556714         2.9370627617         3.3586071833
        3.3150033000         2.8900000000         1.4629033445         2.9498221490         3.2921198591
        3.3200036000         2.8900000000         1.4833219594         2.9753409236         3.8240184529
        3.3250025000         2.8900000000         1.4654556714         2.9753409236         3.3586071833
        3.3300023000         2.8900000000         1.4833219594         2.9957559433         3.8240184529
        3.3350027000         2.8900000000         1.4833219594         3.0161709629         3.8240184529
        3.3400015000         2.8900000000         1.4833219594         3.0314822277         3.8240184529
        3.3450024000         2.8900000000         1.4782173056         3.0493453699         3.6910438044
        3.3500024000         2.8900000000         1.4654556714         3.0442416150         3.3586071833
        3.3550026000         2.8900000000         1.4705603251         3.0672085121         3.4915818318
        3.3600015000         2.8900000000         1.4833219594         3.0774160220         3.8240184529
        3.3650024000         2.8900000000         1.4807696325         3.0978310416         3.7575311287
        3.3700015000         2.8900000000         1.4654556714         3.1029347965         3.3586071833
        3.3750052000         2.8900000000         1.4654556714         3.1156941838         3.3586071833
        3.3800042000         2.8900000000         1.4782173056         3.1437648359         3.6910438044
        3.3850032000         2.8900000000         1.4756649788         3.1488685908         3.6245564802
        3.3900015000         2.8900000000         1.4782173056         3.1641798556         3.6910438044
        3.3950026000         2.8900000000         1.4705603251         3.1820429978         3.4915818318
        3.4000054000         2.8900000000         1.4731126519         3.1896986301         3.5580691560
        3.4054238000         2.8900000000         1.4705603251         3.2024580174         3.4915818318
        3.4100039000         2.8900000000         1.4782173056         3.2177692822         3.6910438044
        3.4151378000         2.8900000000         1.4782173056         3.2356324244         3.6910438044
        3.4200061000         2.8900000000         1.4807696325         3.2483918117         3.7575311287
        3.4250054000         2.8900000000         1.4705603251         3.2560474441         3.4915818318
        3.4300068000         2.8900000000         1.4680079982         3.2713587088         3.4250945075
        3.4350040000         2.8900000000         1.4654556714         3.2764624638         3.3586071833
        3.4400063000         2.8900000000         1.4680079982         3.2968774834         3.4250945075
        3.4450055000         2.8900000000         1.4680079982         3.3070849933         3.4250945075
        3.4500061000         2.8900000000         1.4756649788         3.3198443806         3.6245564802
        3.4550036000         2.8900000000         1.4603510177         3.3351556453         3.2256325349
        3.4600055000         2.8900000000         1.4680079982         3.3479150326         3.4250945075
        3.4650050000         2.8900000000         1.4705603251         3.3657781748         3.4915818318
        3.4700050000         2.8900000000         1.4603510177         3.3708819297         3.2256325349
        3.4750030000         2.8900000000         1.4603510177         3.3836413170         3.2256325349
        3.4800047000         2.8900000000         1.4654556714         3.4015044592         3.3586071833
        3.4850035000         2.8900000000         1.4577986908         3.4040563367         3.1591452106
        3.4900049000         2.8900000000         1.4756649788         3.4219194789         3.6245564802
        3.4950066000         2.8900000000         1.4680079982         3.4423344986         3.4250945075
        3.5000052000         2.8900000000         1.4603510177         3.4448863760         3.2256325349
        3.5050054000         2.8900000000         1.4475893834         3.4601976408         2.8931959137
        3.5100057000         2.8900000000         1.4680079982         3.4806126605         3.4250945075
        3.5150037000         2.8900000000         1.4552463639         3.4806126605         3.0926578864
        3.5200056000         2.8900000000         1.4603510177         3.4984758027         3.2256325349
        3.5250961000         2.8900000000         1.4680079982         3.5163389449         3.4250945075
        3.5300059000         2.8900000000         1.4654556714         3.5239945773         3.3586071833
        3.5350044000         2.8900000000         1.4654556714         3.5418577195         3.3586071833
        3.5400031000         2.8900000000         1.4552463639         3.5418577195         3.0926578864
        3.5450048000         2.8900000000         1.4629033445         3.5622727392         3.2921198591
        3.5500040000         2.8900000000         1.4680079982         3.5801358814         3.4250945075
        3.5550048000         2.8900000000         1.4629033445         3.5826877588         3.2921198591
        3.5600048000         2.8900000000         1.4654556714         3.5979990236         3.3586071833
        3.5650044000         2.8900000000         1.4705603251         3.6158621658         3.4915818318
        3.5700032000         2.8900000000         1.4577986908         3.6184140433         3.1591452106
        3.5750052000         2.8900000000         1.4629033445         3.6362771855         3.2921198591
        3.5800071000         2.8900000000         1.4756649788         3.6566922051         3.6245564802
        3.5850279000         2.8900000000         1.4603510177         3.6592440826         3.2256325349
        3.5900052000         2.8900000000         1.4680079982         3.6822109797         3.4250945075
        3.5950047000         2.8900000000         1.4680079982         3.6898666121         3.4250945075
        3.6000053000         2.8900000000         1.4603510177         3.7000741219         3.2256325349
        3.6050063000         2.8900000000         1.4552463639         3.7077297543         3.0926578864
        3.6100054000         2.8900000000         1.4680079982         3.7255928965         3.4250945075
        3.6150064000         2.8900000000         1.4603510177         3.7409041613         3.2256325349
        3.6200041000         2.8900000000         1.4654556714         3.7511116711         3.3586071833
        3.6250079000         2.8900000000         1.4756649788         3.7689748133         3.6245564802
        3.6300088000         2.8900000000         1.4680079982         3.7817342006         3.4250945075
        3.6350058000         2.8900000000         1.4858742862         3.7919417105         3.8905057771
        3.6400096000         2.8900000000         1.4731126519         3.8098048527         3.5580691560
        3.6450059000         2.8900000000         1.4577986908         3.8123567301         3.1591452106
        3.6500030000         2.8900000000         1.4731126519         3.8353236273         3.5580691560
        3.6550048000         2.8900000000         1.4654556714         3.8429792597         3.3586071833
        3.6600046000         2.8900000000         1.4654556714         3.8480830146         3.3586071833
        3.6650047000         2.8900000000         1.4680079982         3.8736017892         3.4250945075
        3.6700036000         2.8900000000         1.4680079982         3.8812574215         3.4250945075
        3.6750048000         2.8900000000         1.4603510177         3.8889130539         3.2256325349
        3.6800064000         2.8900000000         1.4654556714         3.9067761961         3.3586071833
        3.6850059000         2.8900000000         1.4680079982         3.9169837060         3.4250945075
        3.6900035000         2.8900000000         1.4603510177         3.9322949707         3.2256325349
        3.6950015000         2.8900000000         1.4654556714         3.9425024806         3.3586071833
        3.7000040000         2.8900000000         1.4577986908         3.9527099904         3.1591452106
        3.7050017000         2.8900000000         1.4731126519         3.9782287650         3.5580691560
        3.7100031000         2.8900000000         1.4603510177         3.9807806424         3.2256325349
        3.7150024000         2.8900000000         1.4603510177         3.9960919072         3.2256325349
        3.7200023000         2.8900000000         1.4756649788         4.0165069269         3.6245564802
        3.7250013000         2.8900000000         1.4705603251         4.0190588043         3.4915818318
        3.7300027000         2.8900000000         1.4884266131         4.0343700691         3.9569931014
        3.7350018000         2.8900000000         1.4654556714         4.0420257015         3.3586071833
        3.7400051000         2.8900000000         1.4680079982         4.0598888437         3.4250945075
        3.7450065000         2.8900000000         1.4680079982         4.0828557408         3.4250945075
        3.7500051000         2.8900000000         1.4705603251         4.0854076183         3.4915818318
        3.7550059000         2.8900000000         1.4577986908         4.0930632506         3.1591452106
        3.7600070000         2.8900000000         1.4654556714         4.1134782703         3.3586071833
        3.7650060000         2.8900000000         1.4705603251         4.1236857801         3.4915818318
        3.7700039000         2.8900000000         1.4629033445         4.1389970449         3.2921198591
        3.7750061000         2.8900000000         1.4705603251         4.1594120646         3.4915818318
        3.7800048000         2.8900000000         1.4756649788         4.1619639420         3.6245564802
        3.7850063000         2.8900000000         1.4603510177         4.1696195744         3.2256325349
        3.7900065000         2.8900000000         1.4680079982         4.1951383490         3.4250945075
        3.7950066000         2.8900000000         1.4680079982         4.2002421039         3.4250945075
        3.8000048000         2.8900000000         1.4705603251         4.2206571236         3.4915818318
        3.8050084000         2.8900000000         1.4654556714         4.2283127560         3.3586071833
        3.8100199000         2.8900000000         1.4680079982         4.2359683883         3.4250945075
        3.8150078000         2.8900000000         1.4629033445         4.2487277756         3.2921198591
        3.8200074000         2.8900000000         1.4680079982         4.2691427953         3.4250945075
        3.8250076000         2.8900000000         1.4654556714         4.2767984277         3.3586071833
        3.8300041000         2.8900000000         1.4654556714         4.2997653248         3.3586071833
        3.8350047000         2.8900000000         1.4731126519         4.3074209572         3.5580691560
        3.8400040000         2.8900000000         1.4807696325         4.3303878543         3.7575311287
        3.8450077000         2.8900000000         1.4756649788         4.3380434867         3.6245564802
        3.8500052000         2.8900000000         1.4603510177         4.3431472416         3.2256325349
        3.8550057000         2.8900000000         1.4654556714         4.3584585064         3.3586071833
        3.8600051000         2.8900000000         1.4731126519         4.3814254035         3.5580691560
        3.8650072000         2.8900000000         1.4782173056         4.3992885457         3.6910438044
        3.8700043000         2.8900000000         1.4731126519         4.4069441781         3.5580691560
        3.8750054000         2.8900000000         1.4756649788         4.4222554428         3.6245564802
        3.8800027000         2.8900000000         1.4629033445         4.4350148301         3.2921198591
        3.8850045000         2.8900000000         1.4935312668         4.4554298498         4.0899677498
        3.8900046000         2.8900000000         1.4680079982         4.4630854822         3.4250945075
        3.8950049000         2.8900000000         1.4705603251         4.4783967469         3.4915818318
        3.9000031000         2.8900000000         1.4858742862         4.4962598892         3.8905057771
        3.9050047000         2.8900000000         1.4680079982         4.4988117666         3.4250945075
        3.9100043000         2.8900000000         1.4705603251         4.5166749088         3.4915818318
        3.9150077000         2.8900000000         1.4756649788         4.5345380510         3.6245564802
        3.9200638000         2.8900000000         1.4756649788         4.5472974383         3.6245564802
        3.9250103000         2.8900000000         1.4654556714         4.5626087031         3.3586071833
        3.9300077000         2.8900000000         1.4833219594         4.5830237228         3.8240184529
        3.9350095000         2.8900000000         1.4680079982         4.5881274777         3.4250945075
        3.9400047000         2.8900000000         1.4705603251         4.6085424974         3.4915818318
        3.9450047000         2.8900000000         1.4756649788         4.6136462523         3.6245564802
        3.9500027000         2.8900000000         1.4782173056         4.6366131494         3.6910438044
        3.9550047000         2.8900000000         1.4680079982         4.6417169043         3.4250945075
        3.9600034000         2.8900000000         1.4705603251         4.6468206592         3.4915818318
        3.9650045000         2.8900000000         1.4705603251         4.6672356789         3.4915818318
        3.9700041000         2.8900000000         1.4526940371         4.6799950662         3.0261705622
        3.9750047000         2.8900000000         1.4782173056         4.7055138408         3.6910438044
        3.9800029000         2.8900000000         1.4654556714         4.7106175957         3.3586071833
        3.9850042000         2.8900000000         1.4629033445         4.7182732281         3.2921198591
        3.9900033000         2.8900000000         1.4756649788         4.7412401252         3.6245564802
        3.9950046000         2.8900000000         1.4680079982         4.7514476351         3.4250945075
