% Motor Sweep Step 26/180
% Vcmd       = 2.3700 [V]
% Direction  = CCW
% Zone       = DEADZONE
% Vg_offset  = 1.336525 [V]
% K_gimbal   = 26.049690 [(rad/s)/V]

Time[s]              Vcmd[V]              Vg_raw[V]            Pot[V]               Omega[rad/s]
        0.0000099000         2.3700000000         1.3352870017         3.9960919072        -0.0322463522
        0.0050067000         2.3700000000         1.3352870017         3.9960919072        -0.0322463522
        0.0100075000         2.3700000000         1.3352870017         3.9935400297        -0.0322463522
        0.0150078000         2.3700000000         1.3454963091         4.0037475396         0.2337029447
        0.0200164000         2.3700000000         1.3352870017         3.9935400297        -0.0322463522
        0.0250050000         2.3700000000         1.3301823480         3.9960919072        -0.1652210007
        0.0301970000         2.3700000000         1.3378393285         3.9935400297         0.0342409720
        0.0350058000         2.3700000000         1.3352870017         3.9935400297        -0.0322463522
        0.0400112000         2.3700000000         1.3429439823         4.0011956621         0.1672156204
        0.0450074000         2.3700000000         1.3301823480         3.9909881523        -0.1652210007
        0.0503109000         2.3700000000         1.3352870017         3.9960919072        -0.0322463522
        0.0554492000         2.3700000000         1.3378393285         3.9960919072         0.0342409720
        0.0603225000         2.3700000000         1.3301823480         3.9909881523        -0.1652210007
        0.0652630000         2.3700000000         1.3352870017         3.9960919072        -0.0322463522
        0.0703760000         2.3700000000         1.3327346748         3.9960919072        -0.0987336765
        0.0752488000         2.3700000000         1.3403916554         4.0062994170         0.1007282962
        0.0802435000         2.3700000000         1.3352870017         3.9960919072        -0.0322463522
        0.0852686000         2.3700000000         1.3301823480         3.9833325199        -0.1652210007
        0.0902307000         2.3700000000         1.3327346748         3.9986437847        -0.0987336765
        0.0950042000         2.3700000000         1.3225253674         3.9884362748        -0.3646829734
        0.1000031000         2.3700000000         1.3276300211         3.9858843974        -0.2317083249
        0.1050067000         2.3700000000         1.3378393285         3.9986437847         0.0342409720
        0.1100074000         2.3700000000         1.3327346748         3.9935400297        -0.0987336765
        0.1150101000         2.3700000000         1.3276300211         3.9858843974        -0.2317083249
        0.1200049000         2.3700000000         1.3352870017         3.9935400297        -0.0322463522
        0.1250058000         2.3700000000         1.3352870017         3.9884362748        -0.0322463522
        0.1300067000         2.3700000000         1.3506009628         4.0011956621         0.3666775931
        0.1350063000         2.3700000000         1.3352870017         3.9909881523        -0.0322463522
        0.1400046000         2.3700000000         1.3352870017         3.9960919072        -0.0322463522
        0.1450069000         2.3700000000         1.3301823480         3.9884362748        -0.1652210007
        0.1500044000         2.3700000000         1.3378393285         3.9884362748         0.0342409720
        0.1550060000         2.3700000000         1.3276300211         3.9960919072        -0.2317083249
        0.1600056000         2.3700000000         1.3352870017         3.9935400297        -0.0322463522
        0.1650056000         2.3700000000         1.3352870017         3.9909881523        -0.0322463522
        0.1700039000         2.3700000000         1.3429439823         3.9986437847         0.1672156204
        0.1750063000         2.3700000000         1.3352870017         3.9960919072        -0.0322463522
        0.1800042000         2.3700000000         1.3352870017         3.9935400297        -0.0322463522
        0.1850051000         2.3700000000         1.3301823480         3.9884362748        -0.1652210007
        0.1900034000         2.3700000000         1.3352870017         3.9935400297        -0.0322463522
        0.1950067000         2.3700000000         1.3429439823         3.9986437847         0.1672156204
        0.2000045000         2.3700000000         1.3352870017         3.9935400297        -0.0322463522
        0.2050053000         2.3700000000         1.3327346748         3.9935400297        -0.0987336765
        0.2100318000         2.3700000000         1.3301823480         3.9858843974        -0.1652210007
        0.2150069000         2.3700000000         1.3403916554         4.0011956621         0.1007282962
        0.2200053000         2.3700000000         1.3352870017         3.9935400297        -0.0322463522
        0.2250065000         2.3700000000         1.3480486360         3.9935400297         0.3001902689
        0.2300529000         2.3700000000         1.3276300211         3.9858843974        -0.2317083249
        0.2350069000         2.3700000000         1.3352870017         3.9935400297        -0.0322463522
        0.2400042000         2.3700000000         1.3352870017         3.9935400297        -0.0322463522
        0.2450066000         2.3700000000         1.3352870017         3.9960919072        -0.0322463522
        0.2500037000         2.3700000000         1.3301823480         3.9884362748        -0.1652210007
        0.2550059000         2.3700000000         1.3403916554         4.0011956621         0.1007282962
        0.2600041000         2.3700000000         1.3327346748         3.9884362748        -0.0987336765
        0.2650058000         2.3700000000         1.3301823480         3.9858843974        -0.1652210007
        0.2700044000         2.3700000000         1.3352870017         3.9935400297        -0.0322463522
        0.2750057000         2.3700000000         1.3429439823         4.0011956621         0.1672156204
        0.2800057000         2.3700000000         1.3429439823         3.9986437847         0.1672156204
        0.2850063000         2.3700000000         1.3352870017         3.9960919072        -0.0322463522
        0.2900067000         2.3700000000         1.3352870017         3.9960919072        -0.0322463522
        0.2950062000         2.3700000000         1.3454963091         4.0011956621         0.2337029447
        0.3000051000         2.3700000000         1.3327346748         3.9884362748        -0.0987336765
        0.3050058000         2.3700000000         1.3301823480         3.9858843974        -0.1652210007
        0.3100059000         2.3700000000         1.3378393285         3.9909881523         0.0342409720
        0.3150058000         2.3700000000         1.3403916554         4.0011956621         0.1007282962
        0.3200060000         2.3700000000         1.3352870017         3.9935400297        -0.0322463522
        0.3250054000         2.3700000000         1.3352870017         3.9935400297        -0.0322463522
        0.3300075000         2.3700000000         1.3327346748         3.9858843974        -0.0987336765
        0.3350055000         2.3700000000         1.3352870017         3.9935400297        -0.0322463522
        0.3400035000         2.3700000000         1.3403916554         3.9986437847         0.1007282962
        0.3450058000         2.3700000000         1.3429439823         3.9986437847         0.1672156204
        0.3500043000         2.3700000000         1.3352870017         3.9935400297        -0.0322463522
        0.3550062000         2.3700000000         1.3378393285         3.9935400297         0.0342409720
        0.3600044000         2.3700000000         1.3429439823         3.9986437847         0.1672156204
        0.3650042000         2.3700000000         1.3480486360         4.0011956621         0.3001902689
        0.3700062000         2.3700000000         1.3276300211         3.9909881523        -0.2317083249
        0.3750058000         2.3700000000         1.3352870017         3.9986437847        -0.0322463522
        0.3800053000         2.3700000000         1.3276300211         3.9858843974        -0.2317083249
        0.3850055000         2.3700000000         1.3429439823         3.9960919072         0.1672156204
        0.3900058000         2.3700000000         1.3352870017         3.9909881523        -0.0322463522
        0.3950044000         2.3700000000         1.3403916554         4.0011956621         0.1007282962
        0.4000059000         2.3700000000         1.3250776943         3.9935400297        -0.2981956492
        0.4050045000         2.3700000000         1.3429439823         3.9935400297         0.1672156204
        0.4100056000         2.3700000000         1.3352870017         3.9935400297        -0.0322463522
        0.4150034000         2.3700000000         1.3352870017         3.9858843974        -0.0322463522
        0.4200051000         2.3700000000         1.3429439823         3.9986437847         0.1672156204
        0.4250087000         2.3700000000         1.3352870017         3.9935400297        -0.0322463522
        0.4300045000         2.3700000000         1.3327346748         3.9935400297        -0.0987336765
        0.4350032000         2.3700000000         1.3352870017         3.9935400297        -0.0322463522
        0.4400048000         2.3700000000         1.3352870017         3.9960919072        -0.0322463522
        0.4450060000         2.3700000000         1.3276300211         3.9884362748        -0.2317083249
        0.4500050000         2.3700000000         1.3276300211         3.9858843974        -0.2317083249
        0.4550034000         2.3700000000         1.3276300211         3.9858843974        -0.2317083249
        0.4600044000         2.3700000000         1.3352870017         3.9935400297        -0.0322463522
        0.4650028000         2.3700000000         1.3352870017         3.9960919072        -0.0322463522
        0.4700048000         2.3700000000         1.3429439823         3.9986437847         0.1672156204
        0.4750036000         2.3700000000         1.3276300211         3.9884362748        -0.2317083249
        0.4800046000         2.3700000000         1.3276300211         3.9909881523        -0.2317083249
        0.4850039000         2.3700000000         1.3327346748         3.9935400297        -0.0987336765
        0.4900048000         2.3700000000         1.3301823480         3.9807806424        -0.1652210007
        0.4950033000         2.3700000000         1.3301823480         3.9884362748        -0.1652210007
        0.5000047000         2.3700000000         1.3403916554         3.9986437847         0.1007282962
        0.5050037000         2.3700000000         1.3352870017         3.9909881523        -0.0322463522
        0.5100046000         2.3700000000         1.3352870017         3.9909881523        -0.0322463522
        0.5150036000         2.3700000000         1.3276300211         3.9884362748        -0.2317083249
        0.5200047000         2.3700000000         1.3429439823         3.9986437847         0.1672156204
        0.5250032000         2.3700000000         1.3429439823         4.0011956621         0.1672156204
        0.5300044000         2.3700000000         1.3301823480         3.9884362748        -0.1652210007
        0.5350039000         2.3700000000         1.3301823480         3.9884362748        -0.1652210007
        0.5400048000         2.3700000000         1.3352870017         3.9935400297        -0.0322463522
        0.5450052000         2.3700000000         1.3352870017         3.9935400297        -0.0322463522
        0.5500048000         2.3700000000         1.3403916554         3.9986437847         0.1007282962
        0.5550040000         2.3700000000         1.3352870017         3.9935400297        -0.0322463522
        0.5600044000         2.3700000000         1.3276300211         3.9858843974        -0.2317083249
        0.5650052000         2.3700000000         1.3403916554         3.9960919072         0.1007282962
        0.5700050000         2.3700000000         1.3403916554         4.0011956621         0.1007282962
        0.5750030000         2.3700000000         1.3301823480         3.9884362748        -0.1652210007
        0.5800044000         2.3700000000         1.3429439823         3.9986437847         0.1672156204
        0.5850032000         2.3700000000         1.3429439823         3.9935400297         0.1672156204
        0.5900047000         2.3700000000         1.3301823480         3.9858843974        -0.1652210007
        0.5950049000         2.3700000000         1.3352870017         3.9935400297        -0.0322463522
        0.6000035000         2.3700000000         1.3276300211         3.9884362748        -0.2317083249
        0.6050041000         2.3700000000         1.3378393285         3.9935400297         0.0342409720
        0.6100044000         2.3700000000         1.3352870017         3.9935400297        -0.0322463522
        0.6150025000         2.3700000000         1.3352870017         3.9960919072        -0.0322463522
        0.6200048000         2.3700000000         1.3429439823         3.9986437847         0.1672156204
        0.6250040000         2.3700000000         1.3276300211         3.9884362748        -0.2317083249
        0.6300042000         2.3700000000         1.3352870017         3.9960919072        -0.0322463522
        0.6350044000         2.3700000000         1.3352870017         3.9909881523        -0.0322463522
        0.6400049000         2.3700000000         1.3429439823         3.9986437847         0.1672156204
        0.6450046000         2.3700000000         1.3327346748         3.9909881523        -0.0987336765
        0.6500042000         2.3700000000         1.3378393285         3.9935400297         0.0342409720
        0.6550025000         2.3700000000         1.3276300211         3.9884362748        -0.2317083249
        0.6600028000         2.3700000000         1.3403916554         4.0062994170         0.1007282962
        0.6650041000         2.3700000000         1.3352870017         3.9909881523        -0.0322463522
        0.6700030000         2.3700000000         1.3429439823         3.9986437847         0.1672156204
        0.6750029000         2.3700000000         1.3301823480         3.9884362748        -0.1652210007
        0.6800029000         2.3700000000         1.3403916554         4.0011956621         0.1007282962
        0.6850026000         2.3700000000         1.3506009628         3.9935400297         0.3666775931
        0.6900022000         2.3700000000         1.3327346748         3.9935400297        -0.0987336765
        0.6950027000         2.3700000000         1.3301823480         3.9884362748        -0.1652210007
        0.7000016000         2.3700000000         1.3352870017         3.9935400297        -0.0322463522
        0.7050025000         2.3700000000         1.3352870017         3.9960919072        -0.0322463522
        0.7100027000         2.3700000000         1.3352870017         3.9909881523        -0.0322463522
        0.7150025000         2.3700000000         1.3429439823         3.9986437847         0.1672156204
        0.7200028000         2.3700000000         1.3301823480         3.9884362748        -0.1652210007
        0.7250028000         2.3700000000         1.3429439823         4.0011956621         0.1672156204
        0.7300026000         2.3700000000         1.3378393285         3.9960919072         0.0342409720
        0.7350035000         2.3700000000         1.3352870017         4.0011956621        -0.0322463522
        0.7400024000         2.3700000000         1.3429439823         3.9986437847         0.1672156204
        0.7450027000         2.3700000000         1.3301823480         3.9858843974        -0.1652210007
        0.7500023000         2.3700000000         1.3378393285         3.9935400297         0.0342409720
        0.7550014000         2.3700000000         1.3352870017         3.9935400297        -0.0322463522
        0.7600031000         2.3700000000         1.3429439823         3.9909881523         0.1672156204
        0.7650023000         2.3700000000         1.3352870017         3.9960919072        -0.0322463522
        0.7700092000         2.3700000000         1.3352870017         3.9935400297        -0.0322463522
        0.7750067000         2.3700000000         1.3352870017         3.9960919072        -0.0322463522
        0.7800028000         2.3700000000         1.3301823480         3.9884362748        -0.1652210007
        0.7850017000         2.3700000000         1.3352870017         3.9935400297        -0.0322463522
        0.7900066000         2.3700000000         1.3352870017         3.9909881523        -0.0322463522
        0.7950046000         2.3700000000         1.3403916554         3.9909881523         0.1007282962
        0.8000062000         2.3700000000         1.3174207137         3.9858843974        -0.4976576218
        0.8050062000         2.3700000000         1.3429439823         3.9960919072         0.1672156204
        0.8100072000         2.3700000000         1.3454963091         4.0011956621         0.2337029447
        0.8150037000         2.3700000000         1.3352870017         3.9858843974        -0.0322463522
        0.8200023000         2.3700000000         1.3301823480         3.9884362748        -0.1652210007
        0.8250047000         2.3700000000         1.3429439823         3.9986437847         0.1672156204
        0.8300061000         2.3700000000         1.3327346748         3.9858843974        -0.0987336765
        0.8350045000         2.3700000000         1.3352870017         3.9960919072        -0.0322463522
        0.8400052000         2.3700000000         1.3429439823         4.0011956621         0.1672156204
        0.8450041000         2.3700000000         1.3352870017         3.9960919072        -0.0322463522
        0.8500058000         2.3700000000         1.3403916554         3.9986437847         0.1007282962
        0.8550055000         2.3700000000         1.3378393285         3.9909881523         0.0342409720
        0.8600059000         2.3700000000         1.3301823480         3.9884362748        -0.1652210007
        0.8650054000         2.3700000000         1.3378393285         3.9935400297         0.0342409720
        0.8700042000         2.3700000000         1.3429439823         4.0011956621         0.1672156204
        0.8750064000         2.3700000000         1.3403916554         3.9884362748         0.1007282962
        0.8800049000         2.3700000000         1.3352870017         3.9935400297        -0.0322463522
        0.8850047000         2.3700000000         1.3352870017         3.9858843974        -0.0322463522
        0.8900037000         2.3700000000         1.3301823480         3.9884362748        -0.1652210007
        0.8950046000         2.3700000000         1.3352870017         3.9935400297        -0.0322463522
        0.9000036000         2.3700000000         1.3276300211         3.9884362748        -0.2317083249
        0.9050046000         2.3700000000         1.3378393285         3.9935400297         0.0342409720
        0.9100036000         2.3700000000         1.3480486360         3.9935400297         0.3001902689
        0.9150061000         2.3700000000         1.3429439823         3.9986437847         0.1672156204
        0.9200049000         2.3700000000         1.3352870017         3.9960919072        -0.0322463522
        0.9250056000         2.3700000000         1.3429439823         4.0011956621         0.1672156204
        0.9300041000         2.3700000000         1.3352870017         3.9935400297        -0.0322463522
        0.9350062000         2.3700000000         1.3301823480         3.9884362748        -0.1652210007
        0.9400044000         2.3700000000         1.3352870017         3.9960919072        -0.0322463522
        0.9450057000         2.3700000000         1.3352870017         3.9935400297        -0.0322463522
        0.9500039000         2.3700000000         1.3327346748         3.9960919072        -0.0987336765
        0.9550061000         2.3700000000         1.3352870017         3.9960919072        -0.0322463522
        0.9600039000         2.3700000000         1.3352870017         3.9935400297        -0.0322463522
        0.9650047000         2.3700000000         1.3352870017         3.9960919072        -0.0322463522
        0.9700059000         2.3700000000         1.3403916554         4.0011956621         0.1007282962
        0.9750057000         2.3700000000         1.3301823480         3.9884362748        -0.1652210007
        0.9800044000         2.3700000000         1.3429439823         4.0011956621         0.1672156204
        0.9850123000         2.3700000000         1.3276300211         3.9858843974        -0.2317083249
        0.9900049000         2.3700000000         1.3352870017         3.9960919072        -0.0322463522
        0.9950046000         2.3700000000         1.3429439823         3.9986437847         0.1672156204
        1.0000034000         2.3700000000         1.3352870017         3.9935400297        -0.0322463522
        1.0050046000         2.3700000000         1.3352870017         3.9935400297        -0.0322463522
        1.0100030000         2.3700000000         1.3327346748         3.9909881523        -0.0987336765
        1.0150046000         2.3700000000         1.3276300211         3.9858843974        -0.2317083249
        1.0200032000         2.3700000000         1.3429439823         3.9986437847         0.1672156204
        1.0250049000         2.3700000000         1.3301823480         3.9884362748        -0.1652210007
        1.0300038000         2.3700000000         1.3429439823         4.0011956621         0.1672156204
        1.0350048000         2.3700000000         1.3352870017         3.9935400297        -0.0322463522
        1.0400031000         2.3700000000         1.3378393285         3.9909881523         0.0342409720
        1.0450044000         2.3700000000         1.3454963091         3.9986437847         0.2337029447
        1.0500069000         2.3700000000         1.3352870017         3.9935400297        -0.0322463522
        1.0550030000         2.3700000000         1.3429439823         3.9960919072         0.1672156204
        1.0600060000         2.3700000000         1.3327346748         3.9960919072        -0.0987336765
        1.0650040000         2.3700000000         1.3429439823         4.0011956621         0.1672156204
        1.0700025000         2.3700000000         1.3352870017         3.9935400297        -0.0322463522
        1.0750015000         2.3700000000         1.3301823480         3.9884362748        -0.1652210007
        1.0800037000         2.3700000000         1.3403916554         4.0011956621         0.1007282962
        1.0850025000         2.3700000000         1.3429439823         3.9986437847         0.1672156204
        1.0900027000         2.3700000000         1.3301823480         3.9858843974        -0.1652210007
        1.0950027000         2.3700000000         1.3352870017         3.9935400297        -0.0322463522
        1.1000036000         2.3700000000         1.3327346748         3.9935400297        -0.0987336765
        1.1050022000         2.3700000000         1.3403916554         4.0011956621         0.1007282962
        1.1100027000         2.3700000000         1.3352870017         3.9935400297        -0.0322463522
        1.1150024000         2.3700000000         1.3531532897         3.9960919072         0.4331649173
        1.1200032000         2.3700000000         1.3301823480         3.9858843974        -0.1652210007
        1.1250021000         2.3700000000         1.3301823480         3.9807806424        -0.1652210007
        1.1300029000         2.3700000000         1.3403916554         4.0011956621         0.1007282962
        1.1350023000         2.3700000000         1.3403916554         4.0011956621         0.1007282962
        1.1400028000         2.3700000000         1.3276300211         3.9858843974        -0.2317083249
        1.1450071000         2.3700000000         1.3403916554         4.0011956621         0.1007282962
        1.1500044000         2.3700000000         1.3429439823         3.9986437847         0.1672156204
        1.1550033000         2.3700000000         1.3327346748         3.9909881523        -0.0987336765
        1.1600035000         2.3700000000         1.3327346748         3.9935400297        -0.0987336765
        1.1650023000         2.3700000000         1.3301823480         3.9884362748        -0.1652210007
        1.1700021000         2.3700000000         1.3352870017         3.9960919072        -0.0322463522
        1.1750014000         2.3700000000         1.3301823480         3.9884362748        -0.1652210007
        1.1800027000         2.3700000000         1.3429439823         3.9986437847         0.1672156204
        1.1850031000         2.3700000000         1.3378393285         3.9935400297         0.0342409720
        1.1900014000         2.3700000000         1.3301823480         3.9858843974        -0.1652210007
        1.1950037000         2.3700000000         1.3429439823         4.0062994170         0.1672156204
        1.2000016000         2.3700000000         1.3378393285         3.9935400297         0.0342409720
        1.2050039000         2.3700000000         1.3352870017         3.9935400297        -0.0322463522
        1.2100035000         2.3700000000         1.3403916554         4.0011956621         0.1007282962
        1.2150049000         2.3700000000         1.3327346748         3.9935400297        -0.0987336765
        1.2200047000         2.3700000000         1.3352870017         3.9935400297        -0.0322463522
        1.2250028000         2.3700000000         1.3429439823         3.9986437847         0.1672156204
        1.2300033000         2.3700000000         1.3352870017         3.9935400297        -0.0322463522
        1.2350031000         2.3700000000         1.3352870017         3.9909881523        -0.0322463522
        1.2400021000         2.3700000000         1.3352870017         3.9935400297        -0.0322463522
        1.2450035000         2.3700000000         1.3276300211         3.9858843974        -0.2317083249
        1.2500026000         2.3700000000         1.3378393285         3.9935400297         0.0342409720
        1.2550025000         2.3700000000         1.3352870017         3.9960919072        -0.0322463522
        1.2600029000         2.3700000000         1.3454963091         3.9986437847         0.2337029447
        1.2650024000         2.3700000000         1.3352870017         3.9909881523        -0.0322463522
        1.2700027000         2.3700000000         1.3352870017         3.9986437847        -0.0322463522
        1.2750043000         2.3700000000         1.3352870017         3.9935400297        -0.0322463522
        1.2800038000         2.3700000000         1.3429439823         3.9960919072         0.1672156204
        1.2850047000         2.3700000000         1.3301823480         3.9833325199        -0.1652210007
        1.2900030000         2.3700000000         1.3327346748         3.9884362748        -0.0987336765
        1.2950034000         2.3700000000         1.3352870017         3.9935400297        -0.0322463522
        1.3000034000         2.3700000000         1.3480486360         3.9960919072         0.3001902689
        1.3050058000         2.3700000000         1.3276300211         3.9935400297        -0.2317083249
        1.3100035000         2.3700000000         1.3352870017         3.9935400297        -0.0322463522
        1.3150064000         2.3700000000         1.3352870017         3.9960919072        -0.0322463522
        1.3200041000         2.3700000000         1.3327346748         3.9935400297        -0.0987336765
        1.3250032000         2.3700000000         1.3352870017         3.9935400297        -0.0322463522
        1.3300807000         2.3700000000         1.3301823480         3.9884362748        -0.1652210007
        1.3350030000         2.3700000000         1.3429439823         3.9986437847         0.1672156204
        1.3400015000         2.3700000000         1.3301823480         3.9884362748        -0.1652210007
        1.3450034000         2.3700000000         1.3403916554         4.0037475396         0.1007282962
        1.3500024000         2.3700000000         1.3327346748         3.9935400297        -0.0987336765
        1.3550056000         2.3700000000         1.3429439823         3.9909881523         0.1672156204
        1.3600032000         2.3700000000         1.3378393285         3.9935400297         0.0342409720
        1.3650037000         2.3700000000         1.3352870017         3.9960919072        -0.0322463522
        1.3700029000         2.3700000000         1.3531532897         3.9986437847         0.4331649173
        1.3750029000         2.3700000000         1.3276300211         3.9884362748        -0.2317083249
        1.3800031000         2.3700000000         1.3352870017         3.9935400297        -0.0322463522
        1.3850029000         2.3700000000         1.3352870017         3.9909881523        -0.0322463522
        1.3900023000         2.3700000000         1.3327346748         3.9884362748        -0.0987336765
        1.3950054000         2.3700000000         1.3301823480         3.9858843974        -0.1652210007
        1.4000037000         2.3700000000         1.3301823480         3.9884362748        -0.1652210007
        1.4050030000         2.3700000000         1.3352870017         3.9935400297        -0.0322463522
        1.4100029000         2.3700000000         1.3352870017         3.9935400297        -0.0322463522
        1.4150026000         2.3700000000         1.3352870017         3.9935400297        -0.0322463522
        1.4200017000         2.3700000000         1.3429439823         4.0011956621         0.1672156204
        1.4250060000         2.3700000000         1.3352870017         3.9960919072        -0.0322463522
        1.4300040000         2.3700000000         1.3352870017         3.9935400297        -0.0322463522
        1.4350028000         2.3700000000         1.3403916554         4.0011956621         0.1007282962
        1.4400022000         2.3700000000         1.3352870017         3.9935400297        -0.0322463522
        1.4450028000         2.3700000000         1.3352870017         3.9935400297        -0.0322463522
        1.4500015000         2.3700000000         1.3352870017         3.9909881523        -0.0322463522
        1.4550022000         2.3700000000         1.3403916554         3.9935400297         0.1007282962
        1.4600026000         2.3700000000         1.3352870017         3.9935400297        -0.0322463522
        1.4650027000         2.3700000000         1.3301823480         3.9858843974        -0.1652210007
        1.4700034000         2.3700000000         1.3327346748         3.9960919072        -0.0987336765
        1.4750024000         2.3700000000         1.3378393285         3.9960919072         0.0342409720
        1.4800036000         2.3700000000         1.3403916554         3.9986437847         0.1007282962
        1.4850056000         2.3700000000         1.3301823480         3.9858843974        -0.1652210007
        1.4900030000         2.3700000000         1.3378393285         3.9935400297         0.0342409720
        1.4950031000         2.3700000000         1.3301823480         3.9884362748        -0.1652210007
        1.5000014000         2.3700000000         1.3301823480         3.9884362748        -0.1652210007
        1.5050016000         2.3700000000         1.3429439823         3.9986437847         0.1672156204
        1.5100029000         2.3700000000         1.3352870017         3.9960919072        -0.0322463522
        1.5150029000         2.3700000000         1.3403916554         3.9935400297         0.1007282962
        1.5200026000         2.3700000000         1.3429439823         4.0011956621         0.1672156204
        1.5250053000         2.3700000000         1.3378393285         3.9935400297         0.0342409720
        1.5300036000         2.3700000000         1.3352870017         3.9935400297        -0.0322463522
        1.5350175000         2.3700000000         1.3352870017         3.9935400297        -0.0322463522
        1.5400034000         2.3700000000         1.3327346748         3.9935400297        -0.0987336765
        1.5450036000         2.3700000000         1.3352870017         3.9960919072        -0.0322463522
        1.5500042000         2.3700000000         1.3352870017         3.9935400297        -0.0322463522
        1.5550054000         2.3700000000         1.3403916554         3.9986437847         0.1007282962
        1.5600043000         2.3700000000         1.3352870017         3.9935400297        -0.0322463522
        1.5650063000         2.3700000000         1.3276300211         3.9858843974        -0.2317083249
        1.5700033000         2.3700000000         1.3301823480         3.9858843974        -0.1652210007
        1.5750021000         2.3700000000         1.3276300211         3.9858843974        -0.2317083249
        1.5800035000         2.3700000000         1.3403916554         4.0011956621         0.1007282962
        1.5850035000         2.3700000000         1.3301823480         3.9884362748        -0.1652210007
        1.5900024000         2.3700000000         1.3301823480         3.9858843974        -0.1652210007
        1.5950048000         2.3700000000         1.3403916554         3.9909881523         0.1007282962
        1.6000022000         2.3700000000         1.3352870017         3.9935400297        -0.0322463522
        1.6050055000         2.3700000000         1.3429439823         3.9986437847         0.1672156204
        1.6100104000         2.3700000000         1.3506009628         3.9935400297         0.3666775931
        1.6150056000         2.3700000000         1.3429439823         4.0011956621         0.1672156204
        1.6200055000         2.3700000000         1.3429439823         3.9986437847         0.1672156204
        1.6250041000         2.3700000000         1.3429439823         3.9960919072         0.1672156204
        1.6300069000         2.3700000000         1.3352870017         3.9935400297        -0.0322463522
        1.6350040000         2.3700000000         1.3429439823         4.0037475396         0.1672156204
        1.6400053000         2.3700000000         1.3352870017         3.9935400297        -0.0322463522
        1.6450027000         2.3700000000         1.3429439823         3.9986437847         0.1672156204
        1.6500058000         2.3700000000         1.3276300211         3.9884362748        -0.2317083249
        1.6550061000         2.3700000000         1.3276300211         3.9884362748        -0.2317083249
        1.6600063000         2.3700000000         1.3403916554         3.9986437847         0.1007282962
        1.6650056000         2.3700000000         1.3301823480         3.9884362748        -0.1652210007
        1.6700068000         2.3700000000         1.3403916554         3.9986437847         0.1007282962
        1.6750061000         2.3700000000         1.3352870017         3.9960919072        -0.0322463522
        1.6800051000         2.3700000000         1.3276300211         3.9909881523        -0.2317083249
        1.6850057000         2.3700000000         1.3301823480         3.9884362748        -0.1652210007
        1.6900041000         2.3700000000         1.3352870017         3.9909881523        -0.0322463522
        1.6950068000         2.3700000000         1.3301823480         3.9858843974        -0.1652210007
        1.7000038000         2.3700000000         1.3352870017         3.9935400297        -0.0322463522
        1.7050063000         2.3700000000         1.3301823480         3.9884362748        -0.1652210007
        1.7100076000         2.3700000000         1.3301823480         3.9986437847        -0.1652210007
        1.7150059000         2.3700000000         1.3352870017         3.9935400297        -0.0322463522
        1.7200038000         2.3700000000         1.3352870017         3.9935400297        -0.0322463522
        1.7250122000         2.3700000000         1.3301823480         3.9884362748        -0.1652210007
        1.7300083000         2.3700000000         1.3327346748         3.9884362748        -0.0987336765
        1.7350068000         2.3700000000         1.3378393285         3.9935400297         0.0342409720
        1.7400039000         2.3700000000         1.3429439823         3.9986437847         0.1672156204
        1.7450109000         2.3700000000         1.3352870017         3.9935400297        -0.0322463522
        1.7500034000         2.3700000000         1.3352870017         3.9935400297        -0.0322463522
        1.7550059000         2.3700000000         1.3301823480         3.9884362748        -0.1652210007
        1.7600069000         2.3700000000         1.3301823480         3.9884362748        -0.1652210007
        1.7650047000         2.3700000000         1.3454963091         3.9986437847         0.2337029447
        1.7700069000         2.3700000000         1.3301823480         3.9858843974        -0.1652210007
        1.7750045000         2.3700000000         1.3352870017         3.9960919072        -0.0322463522
        1.7800046000         2.3700000000         1.3557056165         4.0011956621         0.4996522416
        1.7850108000         2.3700000000         1.3301823480         3.9884362748        -0.1652210007
        1.7900031000         2.3700000000         1.3429439823         3.9986437847         0.1672156204
        1.7950042000         2.3700000000         1.3352870017         3.9960919072        -0.0322463522
        1.8000052000         2.3700000000         1.3327346748         3.9858843974        -0.0987336765
        1.8050051000         2.3700000000         1.3352870017         3.9935400297        -0.0322463522
        1.8100048000         2.3700000000         1.3429439823         3.9986437847         0.1672156204
        1.8150058000         2.3700000000         1.3429439823         3.9986437847         0.1672156204
        1.8200061000         2.3700000000         1.3352870017         3.9909881523        -0.0322463522
        1.8250061000         2.3700000000         1.3352870017         3.9960919072        -0.0322463522
        1.8300043000         2.3700000000         1.3301823480         3.9858843974        -0.1652210007
        1.8350055000         2.3700000000         1.3276300211         3.9858843974        -0.2317083249
        1.8400047000         2.3700000000         1.3352870017         3.9935400297        -0.0322463522
        1.8450060000         2.3700000000         1.3480486360         4.0011956621         0.3001902689
        1.8500036000         2.3700000000         1.3429439823         4.0037475396         0.1672156204
        1.8550055000         2.3700000000         1.3352870017         3.9935400297        -0.0322463522
        1.8600041000         2.3700000000         1.3276300211         3.9858843974        -0.2317083249
        1.8650058000         2.3700000000         1.3327346748         3.9935400297        -0.0987336765
        1.8700066000         2.3700000000         1.3429439823         3.9986437847         0.1672156204
        1.8750050000         2.3700000000         1.3403916554         4.0011956621         0.1007282962
        1.8800044000         2.3700000000         1.3557056165         4.0011956621         0.4996522416
        1.8850083000         2.3700000000         1.3327346748         3.9858843974        -0.0987336765
        1.8900054000         2.3700000000         1.3352870017         3.9935400297        -0.0322463522
        1.8950035000         2.3700000000         1.3301823480         3.9858843974        -0.1652210007
        1.9000049000         2.3700000000         1.3352870017         3.9935400297        -0.0322463522
        1.9050034000         2.3700000000         1.3352870017         3.9935400297        -0.0322463522
        1.9100056000         2.3700000000         1.3429439823         3.9960919072         0.1672156204
        1.9150048000         2.3700000000         1.3378393285         3.9935400297         0.0342409720
        1.9200067000         2.3700000000         1.3301823480         3.9884362748        -0.1652210007
        1.9250076000         2.3700000000         1.3403916554         4.0011956621         0.1007282962
        1.9300058000         2.3700000000         1.3352870017         3.9935400297        -0.0322463522
        1.9350045000         2.3700000000         1.3301823480         3.9858843974        -0.1652210007
        1.9400065000         2.3700000000         1.3429439823         4.0011956621         0.1672156204
        1.9450055000         2.3700000000         1.3301823480         3.9884362748        -0.1652210007
        1.9500124000         2.3700000000         1.3352870017         3.9884362748        -0.0322463522
        1.9550062000         2.3700000000         1.3403916554         3.9986437847         0.1007282962
        1.9600058000         2.3700000000         1.3403916554         3.9884362748         0.1007282962
        1.9650039000         2.3700000000         1.3327346748         3.9935400297        -0.0987336765
        1.9700056000         2.3700000000         1.3352870017         3.9884362748        -0.0322463522
        1.9750045000         2.3700000000         1.3378393285         3.9935400297         0.0342409720
        1.9800059000         2.3700000000         1.3429439823         3.9986437847         0.1672156204
        1.9850035000         2.3700000000         1.3301823480         3.9884362748        -0.1652210007
        1.9900135000         2.3700000000         1.3352870017         3.9960919072        -0.0322463522
        1.9950056000         2.3700000000         1.3276300211         3.9884362748        -0.2317083249
        2.0000142000         2.3700000000         1.3378393285         3.9935400297         0.0342409720
        2.0050068000         2.3700000000         1.3429439823         4.0011956621         0.1672156204
        2.0100036000         2.3700000000         1.3301823480         3.9858843974        -0.1652210007
        2.0150057000         2.3700000000         1.3352870017         3.9935400297        -0.0322463522
        2.0200128000         2.3700000000         1.3301823480         3.9960919072        -0.1652210007
        2.0250099000         2.3700000000         1.3429439823         3.9986437847         0.1672156204
        2.0300044000         2.3700000000         1.3403916554         3.9960919072         0.1007282962
        2.0350150000         2.3700000000         1.3301823480         3.9884362748        -0.1652210007
        2.0400050000         2.3700000000         1.3352870017         3.9960919072        -0.0322463522
        2.0450044000         2.3700000000         1.3352870017         3.9935400297        -0.0322463522
        2.0500032000         2.3700000000         1.3352870017         3.9960919072        -0.0322463522
        2.0550047000         2.3700000000         1.3327346748         3.9858843974        -0.0987336765
        2.0600060000         2.3700000000         1.3276300211         3.9858843974        -0.2317083249
        2.0650099000         2.3700000000         1.3429439823         4.0011956621         0.1672156204
        2.0700051000         2.3700000000         1.3429439823         3.9986437847         0.1672156204
        2.0750076000         2.3700000000         1.3301823480         3.9884362748        -0.1652210007
        2.0800046000         2.3700000000         1.3352870017         3.9935400297        -0.0322463522
        2.0850055000         2.3700000000         1.3301823480         3.9884362748        -0.1652210007
        2.0900046000         2.3700000000         1.3301823480         3.9858843974        -0.1652210007
        2.0950046000         2.3700000000         1.3454963091         3.9986437847         0.2337029447
        2.1000050000         2.3700000000         1.3276300211         3.9858843974        -0.2317083249
        2.1050052000         2.3700000000         1.3352870017         3.9986437847        -0.0322463522
        2.1100031000         2.3700000000         1.3403916554         3.9986437847         0.1007282962
        2.1150048000         2.3700000000         1.3429439823         4.0011956621         0.1672156204
        2.1200037000         2.3700000000         1.3301823480         3.9858843974        -0.1652210007
        2.1250237000         2.3700000000         1.3352870017         3.9935400297        -0.0322463522
        2.1300041000         2.3700000000         1.3506009628         3.9986437847         0.3666775931
        2.1350047000         2.3700000000         1.3301823480         3.9884362748        -0.1652210007
        2.1400037000         2.3700000000         1.3352870017         3.9935400297        -0.0322463522
        2.1450043000         2.3700000000         1.3276300211         3.9909881523        -0.2317083249
        2.1500052000         2.3700000000         1.3429439823         3.9986437847         0.1672156204
        2.1550048000         2.3700000000         1.3352870017         3.9909881523        -0.0322463522
        2.1600035000         2.3700000000         1.3352870017         3.9960919072        -0.0322463522
        2.1650047000         2.3700000000         1.3352870017         3.9935400297        -0.0322463522
        2.1700059000         2.3700000000         1.3352870017         3.9935400297        -0.0322463522
        2.1750050000         2.3700000000         1.3301823480         3.9858843974        -0.1652210007
        2.1800033000         2.3700000000         1.3429439823         4.0011956621         0.1672156204
        2.1850047000         2.3700000000         1.3276300211         3.9884362748        -0.2317083249
        2.1900042000         2.3700000000         1.3352870017         3.9909881523        -0.0322463522
        2.1950046000         2.3700000000         1.3352870017         3.9935400297        -0.0322463522
        2.2000055000         2.3700000000         1.3352870017         3.9884362748        -0.0322463522
        2.2050050000         2.3700000000         1.3557056165         3.9986437847         0.4996522416
        2.2100058000         2.3700000000         1.3429439823         4.0011956621         0.1672156204
        2.2150131000         2.3700000000         1.3352870017         3.9935400297        -0.0322463522
        2.2200061000         2.3700000000         1.3301823480         3.9909881523        -0.1652210007
        2.2250149000         2.3700000000         1.3352870017         3.9935400297        -0.0322463522
        2.2300040000         2.3700000000         1.3429439823         3.9986437847         0.1672156204
        2.2350046000         2.3700000000         1.3352870017         3.9935400297        -0.0322463522
        2.2400027000         2.3700000000         1.3301823480         3.9858843974        -0.1652210007
        2.2450046000         2.3700000000         1.3403916554         3.9986437847         0.1007282962
        2.2500067000         2.3700000000         1.3327346748         3.9986437847        -0.0987336765
        2.2550040000         2.3700000000         1.3301823480         3.9858843974        -0.1652210007
        2.2600041000         2.3700000000         1.3429439823         3.9986437847         0.1672156204
        2.2650048000         2.3700000000         1.3327346748         3.9858843974        -0.0987336765
        2.2700057000         2.3700000000         1.3429439823         4.0011956621         0.1672156204
        2.2750049000         2.3700000000         1.3352870017         3.9935400297        -0.0322463522
        2.2800039000         2.3700000000         1.3276300211         3.9935400297        -0.2317083249
        2.2850047000         2.3700000000         1.3378393285         3.9935400297         0.0342409720
        2.2900081000         2.3700000000         1.3301823480         3.9884362748        -0.1652210007
        2.2950042000         2.3700000000         1.3352870017         3.9960919072        -0.0322463522
        2.3000038000         2.3700000000         1.3352870017         3.9935400297        -0.0322463522
        2.3050052000         2.3700000000         1.3352870017         3.9935400297        -0.0322463522
        2.3100032000         2.3700000000         1.3352870017         3.9935400297        -0.0322463522
        2.3150048000         2.3700000000         1.3429439823         4.0011956621         0.1672156204
        2.3200064000         2.3700000000         1.3454963091         4.0011956621         0.2337029447
        2.3250060000         2.3700000000         1.3301823480         3.9858843974        -0.1652210007
        2.3300277000         2.3700000000         1.3429439823         3.9858843974         0.1672156204
        2.3350058000         2.3700000000         1.3378393285         3.9909881523         0.0342409720
        2.3400039000         2.3700000000         1.3301823480         3.9858843974        -0.1652210007
        2.3450060000         2.3700000000         1.3378393285         3.9960919072         0.0342409720
        2.3500040000         2.3700000000         1.3352870017         3.9960919072        -0.0322463522
        2.3550058000         2.3700000000         1.3301823480         3.9858843974        -0.1652210007
        2.3600037000         2.3700000000         1.3352870017         3.9935400297        -0.0322463522
        2.3650059000         2.3700000000         1.3352870017         3.9935400297        -0.0322463522
        2.3700056000         2.3700000000         1.3352870017         3.9909881523        -0.0322463522
        2.3750046000         2.3700000000         1.3301823480         3.9884362748        -0.1652210007
        2.3800046000         2.3700000000         1.3403916554         3.9986437847         0.1007282962
        2.3850047000         2.3700000000         1.3327346748         3.9935400297        -0.0987336765
        2.3900379000         2.3700000000         1.3276300211         3.9884362748        -0.2317083249
        2.3950046000         2.3700000000         1.3403916554         3.9986437847         0.1007282962
        2.4000157000         2.3700000000         1.3276300211         3.9909881523        -0.2317083249
        2.4050063000         2.3700000000         1.3429439823         4.0011956621         0.1672156204
        2.4100057000         2.3700000000         1.3352870017         3.9935400297        -0.0322463522
        2.4150056000         2.3700000000         1.3327346748         3.9935400297        -0.0987336765
        2.4200059000         2.3700000000         1.3378393285         3.9858843974         0.0342409720
        2.4250033000         2.3700000000         1.3403916554         3.9935400297         0.1007282962
        2.4300052000         2.3700000000         1.3352870017         3.9935400297        -0.0322463522
        2.4350052000         2.3700000000         1.3352870017         3.9960919072        -0.0322463522
        2.4400105000         2.3700000000         1.3352870017         3.9909881523        -0.0322463522
        2.4450044000         2.3700000000         1.3352870017         3.9909881523        -0.0322463522
        2.4500143000         2.3700000000         1.3352870017         3.9960919072        -0.0322463522
        2.4550048000         2.3700000000         1.3378393285         3.9960919072         0.0342409720
        2.4600060000         2.3700000000         1.3301823480         3.9858843974        -0.1652210007
        2.4650038000         2.3700000000         1.3403916554         3.9986437847         0.1007282962
        2.4700057000         2.3700000000         1.3352870017         3.9935400297        -0.0322463522
        2.4750040000         2.3700000000         1.3352870017         3.9935400297        -0.0322463522
        2.4800048000         2.3700000000         1.3403916554         3.9986437847         0.1007282962
        2.4850032000         2.3700000000         1.3378393285         3.9909881523         0.0342409720
        2.4900047000         2.3700000000         1.3352870017         3.9935400297        -0.0322463522
        2.4950031000         2.3700000000         1.3531532897         3.9986437847         0.4331649173
        2.5000047000         2.3700000000         1.3301823480         3.9858843974        -0.1652210007
        2.5050052000         2.3700000000         1.3480486360         3.9884362748         0.3001902689
        2.5100039000         2.3700000000         1.3403916554         4.0011956621         0.1007282962
        2.5150032000         2.3700000000         1.3301823480         3.9858843974        -0.1652210007
        2.5200023000         2.3700000000         1.3429439823         3.9986437847         0.1672156204
        2.5250053000         2.3700000000         1.3429439823         4.0011956621         0.1672156204
        2.5300040000         2.3700000000         1.3301823480         3.9884362748        -0.1652210007
        2.5350058000         2.3700000000         1.3352870017         3.9935400297        -0.0322463522
        2.5400034000         2.3700000000         1.3301823480         3.9858843974        -0.1652210007
        2.5450031000         2.3700000000         1.3403916554         4.0011956621         0.1007282962
        2.5500017000         2.3700000000         1.3403916554         4.0011956621         0.1007282962
        2.5550026000         2.3700000000         1.3352870017         3.9935400297        -0.0322463522
        2.5600027000         2.3700000000         1.3352870017         3.9960919072        -0.0322463522
        2.5650032000         2.3700000000         1.3352870017         3.9960919072        -0.0322463522
        2.5700020000         2.3700000000         1.3327346748         3.9884362748        -0.0987336765
        2.5750066000         2.3700000000         1.3301823480         3.9858843974        -0.1652210007
        2.5800031000         2.3700000000         1.3352870017         3.9935400297        -0.0322463522
        2.5850028000         2.3700000000         1.3327346748         3.9935400297        -0.0987336765
        2.5900015000         2.3700000000         1.3352870017         3.9884362748        -0.0322463522
        2.5950043000         2.3700000000         1.3301823480         3.9884362748        -0.1652210007
        2.6000028000         2.3700000000         1.3301823480         3.9884362748        -0.1652210007
        2.6050059000         2.3700000000         1.3276300211         3.9884362748        -0.2317083249
        2.6100036000         2.3700000000         1.3301823480         3.9858843974        -0.1652210007
        2.6150040000         2.3700000000         1.3352870017         3.9935400297        -0.0322463522
        2.6200030000         2.3700000000         1.3352870017         3.9935400297        -0.0322463522
        2.6250027000         2.3700000000         1.3378393285         3.9935400297         0.0342409720
        2.6300028000         2.3700000000         1.3429439823         3.9986437847         0.1672156204
        2.6350050000         2.3700000000         1.3378393285         3.9935400297         0.0342409720
        2.6400041000         2.3700000000         1.3403916554         3.9986437847         0.1007282962
        2.6450056000         2.3700000000         1.3429439823         4.0011956621         0.1672156204
        2.6500033000         2.3700000000         1.3352870017         3.9960919072        -0.0322463522
        2.6550021000         2.3700000000         1.3327346748         3.9858843974        -0.0987336765
        2.6600028000         2.3700000000         1.3429439823         3.9986437847         0.1672156204
        2.6650048000         2.3700000000         1.3403916554         3.9986437847         0.1007282962
        2.6700027000         2.3700000000         1.3352870017         3.9935400297        -0.0322463522
        2.6750040000         2.3700000000         1.3403916554         3.9909881523         0.1007282962
        2.6800034000         2.3700000000         1.3352870017         3.9909881523        -0.0322463522
        2.6850027000         2.3700000000         1.3352870017         3.9935400297        -0.0322463522
        2.6900015000         2.3700000000         1.3429439823         3.9986437847         0.1672156204
        2.6950024000         2.3700000000         1.3378393285         3.9935400297         0.0342409720
        2.7000020000         2.3700000000         1.3429439823         3.9960919072         0.1672156204
        2.7050039000         2.3700000000         1.3352870017         3.9960919072        -0.0322463522
        2.7100031000         2.3700000000         1.3378393285         3.9935400297         0.0342409720
        2.7150028000         2.3700000000         1.3403916554         3.9986437847         0.1007282962
        2.7200024000         2.3700000000         1.3301823480         3.9884362748        -0.1652210007
        2.7250017000         2.3700000000         1.3429439823         3.9986437847         0.1672156204
        2.7300022000         2.3700000000         1.3301823480         3.9858843974        -0.1652210007
        2.7350082000         2.3700000000         1.3301823480         3.9909881523        -0.1652210007
        2.7400051000         2.3700000000         1.3429439823         3.9986437847         0.1672156204
        2.7450038000         2.3700000000         1.3352870017         3.9960919072        -0.0322463522
        2.7500021000         2.3700000000         1.3276300211         3.9884362748        -0.2317083249
        2.7550021000         2.3700000000         1.3429439823         4.0011956621         0.1672156204
        2.7600027000         2.3700000000         1.3301823480         3.9884362748        -0.1652210007
        2.7650028000         2.3700000000         1.3403916554         3.9986437847         0.1007282962
        2.7700019000         2.3700000000         1.3352870017         3.9935400297        -0.0322463522
        2.7750030000         2.3700000000         1.3327346748         3.9960919072        -0.0987336765
        2.7800027000         2.3700000000         1.3352870017         3.9935400297        -0.0322463522
        2.7850051000         2.3700000000         1.3352870017         3.9960919072        -0.0322463522
        2.7900094000         2.3700000000         1.3301823480         3.9884362748        -0.1652210007
        2.7950038000         2.3700000000         1.3378393285         3.9935400297         0.0342409720
        2.8000040000         2.3700000000         1.3327346748         3.9935400297        -0.0987336765
        2.8050029000         2.3700000000         1.3352870017         3.9935400297        -0.0322463522
        2.8100062000         2.3700000000         1.3301823480         3.9833325199        -0.1652210007
        2.8151279000         2.3700000000         1.3352870017         3.9935400297        -0.0322463522
        2.8200037000         2.3700000000         1.3403916554         4.0011956621         0.1007282962
        2.8250055000         2.3700000000         1.3429439823         4.0011956621         0.1672156204
        2.8300034000         2.3700000000         1.3352870017         3.9935400297        -0.0322463522
        2.8350055000         2.3700000000         1.3352870017         3.9884362748        -0.0322463522
        2.8400035000         2.3700000000         1.3352870017         3.9960919072        -0.0322463522
        2.8450047000         2.3700000000         1.3301823480         3.9884362748        -0.1652210007
        2.8500038000         2.3700000000         1.3403916554         3.9884362748         0.1007282962
        2.8550025000         2.3700000000         1.3327346748         3.9884362748        -0.0987336765
        2.8600030000         2.3700000000         1.3378393285         3.9935400297         0.0342409720
        2.8650078000         2.3700000000         1.3352870017         3.9935400297        -0.0322463522
        2.8700034000         2.3700000000         1.3352870017         3.9935400297        -0.0322463522
        2.8750035000         2.3700000000         1.3352870017         3.9960919072        -0.0322463522
        2.8800062000         2.3700000000         1.3429439823         4.0011956621         0.1672156204
        2.8850035000         2.3700000000         1.3403916554         4.0011956621         0.1007282962
        2.8900034000         2.3700000000         1.3429439823         3.9986437847         0.1672156204
        2.8950038000         2.3700000000         1.3403916554         3.9986437847         0.1007282962
        2.9000024000         2.3700000000         1.3352870017         3.9935400297        -0.0322463522
        2.9050014000         2.3700000000         1.3429439823         3.9960919072         0.1672156204
        2.9100058000         2.3700000000         1.3301823480         3.9884362748        -0.1652210007
        2.9150035000         2.3700000000         1.3429439823         3.9935400297         0.1672156204
        2.9200041000         2.3700000000         1.3327346748         3.9884362748        -0.0987336765
        2.9250038000         2.3700000000         1.3225253674         3.9884362748        -0.3646829734
        2.9300042000         2.3700000000         1.3352870017         3.9935400297        -0.0322463522
        2.9350046000         2.3700000000         1.3403916554         3.9935400297         0.1007282962
        2.9400047000         2.3700000000         1.3327346748         3.9935400297        -0.0987336765
        2.9450056000         2.3700000000         1.3301823480         3.9884362748        -0.1652210007
        2.9500042000         2.3700000000         1.3276300211         3.9884362748        -0.2317083249
        2.9550039000         2.3700000000         1.3352870017         3.9986437847        -0.0322463522
        2.9600053000         2.3700000000         1.3454963091         4.0011956621         0.2337029447
        2.9650058000         2.3700000000         1.3429439823         3.9986437847         0.1672156204
        2.9700035000         2.3700000000         1.3429439823         4.0011956621         0.1672156204
        2.9750019000         2.3700000000         1.3403916554         3.9986437847         0.1007282962
        2.9800058000         2.3700000000         1.3276300211         3.9807806424        -0.2317083249
        2.9850057000         2.3700000000         1.3301823480         3.9884362748        -0.1652210007
        2.9900057000         2.3700000000         1.3352870017         3.9960919072        -0.0322463522
        2.9950058000         2.3700000000         1.3531532897         3.9935400297         0.4331649173
        3.0000045000         2.3700000000         1.3352870017         3.9960919072        -0.0322463522
        3.0050056000         2.3700000000         1.3429439823         3.9986437847         0.1672156204
        3.0100038000         2.3700000000         1.3352870017         3.9935400297        -0.0322463522
        3.0150057000         2.3700000000         1.3352870017         3.9960919072        -0.0322463522
        3.0200035000         2.3700000000         1.3429439823         4.0011956621         0.1672156204
        3.0250055000         2.3700000000         1.3276300211         3.9884362748        -0.2317083249
        3.0300043000         2.3700000000         1.3429439823         3.9986437847         0.1672156204
        3.0350057000         2.3700000000         1.3352870017         3.9935400297        -0.0322463522
        3.0400041000         2.3700000000         1.3378393285         3.9935400297         0.0342409720
        3.0450048000         2.3700000000         1.3352870017         3.9935400297        -0.0322463522
        3.0500030000         2.3700000000         1.3301823480         3.9884362748        -0.1652210007
        3.0550048000         2.3700000000         1.3403916554         3.9960919072         0.1007282962
        3.0600057000         2.3700000000         1.3276300211         3.9884362748        -0.2317083249
        3.0650049000         2.3700000000         1.3454963091         3.9960919072         0.2337029447
        3.0700042000         2.3700000000         1.3378393285         3.9935400297         0.0342409720
        3.0750055000         2.3700000000         1.3276300211         3.9807806424        -0.2317083249
        3.0800061000         2.3700000000         1.3429439823         3.9986437847         0.1672156204
        3.0850015000         2.3700000000         1.3352870017         3.9935400297        -0.0322463522
        3.0900046000         2.3700000000         1.3352870017         3.9909881523        -0.0322463522
        3.0950043000         2.3700000000         1.3276300211         3.9858843974        -0.2317083249
        3.1000029000         2.3700000000         1.3352870017         3.9935400297        -0.0322463522
        3.1050015000         2.3700000000         1.3378393285         3.9935400297         0.0342409720
        3.1100091000         2.3700000000         1.3429439823         3.9986437847         0.1672156204
        3.1150046000         2.3700000000         1.3301823480         3.9884362748        -0.1652210007
        3.1200071000         2.3700000000         1.3301823480         3.9884362748        -0.1652210007
        3.1250031000         2.3700000000         1.3429439823         3.9935400297         0.1672156204
        3.1300029000         2.3700000000         1.3429439823         3.9986437847         0.1672156204
        3.1350016000         2.3700000000         1.3429439823         3.9986437847         0.1672156204
        3.1400040000         2.3700000000         1.3480486360         3.9935400297         0.3001902689
        3.1450037000         2.3700000000         1.3352870017         3.9935400297        -0.0322463522
        3.1500039000         2.3700000000         1.3301823480         3.9782287650        -0.1652210007
        3.1550025000         2.3700000000         1.3301823480         3.9884362748        -0.1652210007
        3.1600026000         2.3700000000         1.3352870017         3.9935400297        -0.0322463522
        3.1650017000         2.3700000000         1.3429439823         4.0011956621         0.1672156204
        3.1700043000         2.3700000000         1.3352870017         3.9935400297        -0.0322463522
        3.1750037000         2.3700000000         1.3429439823         4.0011956621         0.1672156204
        3.1800041000         2.3700000000         1.3301823480         3.9884362748        -0.1652210007
        3.1850039000         2.3700000000         1.3352870017         3.9935400297        -0.0322463522
        3.1900028000         2.3700000000         1.3352870017         3.9960919072        -0.0322463522
        3.1950031000         2.3700000000         1.3301823480         3.9858843974        -0.1652210007
        3.2000028000         2.3700000000         1.3403916554         4.0011956621         0.1007282962
        3.2050016000         2.3700000000         1.3352870017         3.9935400297        -0.0322463522
        3.2100050000         2.3700000000         1.3352870017         3.9935400297        -0.0322463522
        3.2150030000         2.3700000000         1.3327346748         4.0011956621        -0.0987336765
        3.2200053000         2.3700000000         1.3429439823         3.9986437847         0.1672156204
        3.2250259000         2.3700000000         1.3429439823         3.9884362748         0.1672156204
        3.2300025000         2.3700000000         1.3352870017         3.9935400297        -0.0322463522
        3.2350031000         2.3700000000         1.3454963091         3.9960919072         0.2337029447
        3.2400013000         2.3700000000         1.3301823480         3.9858843974        -0.1652210007
        3.2450037000         2.3700000000         1.3531532897         3.9960919072         0.4331649173
        3.2500026000         2.3700000000         1.3352870017         3.9935400297        -0.0322463522
        3.2550019000         2.3700000000         1.3429439823         3.9986437847         0.1672156204
        3.2600026000         2.3700000000         1.3352870017         3.9935400297        -0.0322463522
        3.2650020000         2.3700000000         1.3352870017         3.9935400297        -0.0322463522
        3.2700014000         2.3700000000         1.3301823480         3.9858843974        -0.1652210007
        3.2750046000         2.3700000000         1.3403916554         3.9986437847         0.1007282962
        3.2800040000         2.3700000000         1.3403916554         3.9986437847         0.1007282962
        3.2850041000         2.3700000000         1.3403916554         4.0011956621         0.1007282962
        3.2900017000         2.3700000000         1.3352870017         3.9935400297        -0.0322463522
        3.2950044000         2.3700000000         1.3352870017         3.9960919072        -0.0322463522
        3.3000019000         2.3700000000         1.3429439823         4.0011956621         0.1672156204
        3.3050049000         2.3700000000         1.3352870017         3.9909881523        -0.0322463522
        3.3100037000         2.3700000000         1.3301823480         3.9858843974        -0.1652210007
        3.3150030000         2.3700000000         1.3454963091         3.9935400297         0.2337029447
        3.3200026000         2.3700000000         1.3352870017         3.9935400297        -0.0322463522
        3.3250050000         2.3700000000         1.3480486360         3.9858843974         0.3001902689
        3.3300050000         2.3700000000         1.3301823480         3.9884362748        -0.1652210007
        3.3350050000         2.3700000000         1.3352870017         3.9935400297        -0.0322463522
        3.3400056000         2.3700000000         1.3403916554         4.0011956621         0.1007282962
        3.3450069000         2.3700000000         1.3403916554         4.0011956621         0.1007282962
        3.3500064000         2.3700000000         1.3301823480         3.9884362748        -0.1652210007
        3.3550070000         2.3700000000         1.3352870017         3.9935400297        -0.0322463522
        3.3600051000         2.3700000000         1.3301823480         3.9884362748        -0.1652210007
        3.3650059000         2.3700000000         1.3352870017         3.9935400297        -0.0322463522
        3.3700046000         2.3700000000         1.3352870017         3.9909881523        -0.0322463522
        3.3750170000         2.3700000000         1.3378393285         3.9935400297         0.0342409720
        3.3800034000         2.3700000000         1.3352870017         3.9960919072        -0.0322463522
        3.3850117000         2.3700000000         1.3429439823         4.0011956621         0.1672156204
        3.3900127000         2.3700000000         1.3429439823         3.9909881523         0.1672156204
        3.3950079000         2.3700000000         1.3352870017         3.9960919072        -0.0322463522
        3.4000063000         2.3700000000         1.3352870017         3.9935400297        -0.0322463522
        3.4050051000         2.3700000000         1.3403916554         3.9986437847         0.1007282962
        3.4100064000         2.3700000000         1.3301823480         3.9833325199        -0.1652210007
        3.4150046000         2.3700000000         1.3403916554         3.9986437847         0.1007282962
        3.4200066000         2.3700000000         1.3301823480         3.9884362748        -0.1652210007
        3.4250035000         2.3700000000         1.3429439823         3.9986437847         0.1672156204
        3.4300061000         2.3700000000         1.3327346748         3.9986437847        -0.0987336765
        3.4350054000         2.3700000000         1.3378393285         3.9935400297         0.0342409720
        3.4400057000         2.3700000000         1.3352870017         3.9935400297        -0.0322463522
        3.4450035000         2.3700000000         1.3352870017         3.9935400297        -0.0322463522
        3.4500061000         2.3700000000         1.3403916554         3.9986437847         0.1007282962
        3.4550047000         2.3700000000         1.3352870017         3.9935400297        -0.0322463522
        3.4600063000         2.3700000000         1.3378393285         3.9935400297         0.0342409720
        3.4650041000         2.3700000000         1.3378393285         3.9935400297         0.0342409720
        3.4700058000         2.3700000000         1.3301823480         3.9935400297        -0.1652210007
        3.4750054000         2.3700000000         1.3352870017         4.0011956621        -0.0322463522
        3.4800052000         2.3700000000         1.3301823480         3.9884362748        -0.1652210007
        3.4850037000         2.3700000000         1.3301823480         3.9884362748        -0.1652210007
        3.4900057000         2.3700000000         1.3352870017         3.9909881523        -0.0322463522
        3.4950066000         2.3700000000         1.3352870017         3.9935400297        -0.0322463522
        3.5000056000         2.3700000000         1.3454963091         3.9935400297         0.2337029447
        3.5050041000         2.3700000000         1.3301823480         3.9858843974        -0.1652210007
        3.5100058000         2.3700000000         1.3352870017         3.9935400297        -0.0322463522
        3.5150036000         2.3700000000         1.3352870017         3.9935400297        -0.0322463522
        3.5200052000         2.3700000000         1.3403916554         3.9986437847         0.1007282962
        3.5250045000         2.3700000000         1.3429439823         3.9960919072         0.1672156204
        3.5300047000         2.3700000000         1.3352870017         3.9960919072        -0.0322463522
        3.5350039000         2.3700000000         1.3327346748         3.9884362748        -0.0987336765
        3.5400047000         2.3700000000         1.3301823480         3.9858843974        -0.1652210007
        3.5450033000         2.3700000000         1.3352870017         3.9935400297        -0.0322463522
        3.5500048000         2.3700000000         1.3352870017         3.9935400297        -0.0322463522
        3.5550027000         2.3700000000         1.3403916554         3.9986437847         0.1007282962
        3.5600043000         2.3700000000         1.3301823480         3.9884362748        -0.1652210007
        3.5650030000         2.3700000000         1.3327346748         3.9909881523        -0.0987336765
        3.5700046000         2.3700000000         1.3480486360         3.9986437847         0.3001902689
        3.5750041000         2.3700000000         1.3403916554         3.9935400297         0.1007282962
        3.5800048000         2.3700000000         1.3276300211         3.9833325199        -0.2317083249
        3.5850057000         2.3700000000         1.3378393285         3.9935400297         0.0342409720
        3.5900046000         2.3700000000         1.3403916554         3.9986437847         0.1007282962
        3.5950038000         2.3700000000         1.3301823480         3.9884362748        -0.1652210007
        3.6000037000         2.3700000000         1.3378393285         3.9935400297         0.0342409720
        3.6050046000         2.3700000000         1.3327346748         3.9909881523        -0.0987336765
        3.6100042000         2.3700000000         1.3301823480         3.9884362748        -0.1652210007
        3.6150039000         2.3700000000         1.3378393285         3.9960919072         0.0342409720
        3.6200033000         2.3700000000         1.3352870017         3.9935400297        -0.0322463522
        3.6250033000         2.3700000000         1.3352870017         3.9935400297        -0.0322463522
        3.6300025000         2.3700000000         1.3480486360         3.9986437847         0.3001902689
        3.6350547000         2.3700000000         1.3276300211         3.9909881523        -0.2317083249
        3.6400018000         2.3700000000         1.3301823480         3.9935400297        -0.1652210007
        3.6450033000         2.3700000000         1.3378393285         3.9960919072         0.0342409720
        3.6500035000         2.3700000000         1.3429439823         3.9986437847         0.1672156204
        3.6550028000         2.3700000000         1.3301823480         3.9858843974        -0.1652210007
        3.6600029000         2.3700000000         1.3352870017         3.9909881523        -0.0322463522
        3.6650038000         2.3700000000         1.3301823480         3.9884362748        -0.1652210007
        3.6700035000         2.3700000000         1.3378393285         3.9935400297         0.0342409720
        3.6750031000         2.3700000000         1.3608102703         3.9986437847         0.6326268900
        3.6800016000         2.3700000000         1.3352870017         3.9960919072        -0.0322463522
        3.6850048000         2.3700000000         1.3352870017         3.9960919072        -0.0322463522
        3.6900025000         2.3700000000         1.3301823480         3.9884362748        -0.1652210007
        3.6950028000         2.3700000000         1.3429439823         4.0011956621         0.1672156204
        3.7000020000         2.3700000000         1.3276300211         3.9884362748        -0.2317083249
        3.7050014000         2.3700000000         1.3352870017         3.9909881523        -0.0322463522
        3.7100041000         2.3700000000         1.3429439823         3.9986437847         0.1672156204
        3.7150016000         2.3700000000         1.3276300211         3.9858843974        -0.2317083249
        3.7200040000         2.3700000000         1.3403916554         4.0037475396         0.1007282962
        3.7250036000         2.3700000000         1.3276300211         3.9858843974        -0.2317083249
        3.7300027000         2.3700000000         1.3352870017         3.9935400297        -0.0322463522
        3.7350013000         2.3700000000         1.3429439823         3.9986437847         0.1672156204
        3.7400022000         2.3700000000         1.3276300211         3.9858843974        -0.2317083249
        3.7450029000         2.3700000000         1.3403916554         3.9909881523         0.1007282962
        3.7500027000         2.3700000000         1.3557056165         3.9960919072         0.4996522416
        3.7550020000         2.3700000000         1.3403916554         3.9986437847         0.1007282962
        3.7600108000         2.3700000000         1.3352870017         3.9935400297        -0.0322463522
        3.7650068000         2.3700000000         1.3403916554         4.0011956621         0.1007282962
        3.7700051000         2.3700000000         1.3429439823         3.9986437847         0.1672156204
        3.7750051000         2.3700000000         1.3352870017         3.9935400297        -0.0322463522
        3.7800076000         2.3700000000         1.3301823480         3.9884362748        -0.1652210007
        3.7850068000         2.3700000000         1.3352870017         3.9909881523        -0.0322463522
        3.7900043000         2.3700000000         1.3327346748         3.9884362748        -0.0987336765
        3.7950043000         2.3700000000         1.3301823480         3.9858843974        -0.1652210007
        3.8000085000         2.3700000000         1.3506009628         3.9986437847         0.3666775931
        3.8050078000         2.3700000000         1.3403916554         3.9986437847         0.1007282962
        3.8100036000         2.3700000000         1.3352870017         3.9935400297        -0.0322463522
        3.8150024000         2.3700000000         1.3378393285         3.9884362748         0.0342409720
        3.8200073000         2.3700000000         1.3352870017         3.9935400297        -0.0322463522
        3.8250051000         2.3700000000         1.3506009628         3.9935400297         0.3666775931
        3.8300064000         2.3700000000         1.3301823480         3.9909881523        -0.1652210007
        3.8350058000         2.3700000000         1.3429439823         3.9986437847         0.1672156204
        3.8400068000         2.3700000000         1.3301823480         3.9884362748        -0.1652210007
        3.8450045000         2.3700000000         1.3352870017         3.9935400297        -0.0322463522
        3.8500048000         2.3700000000         1.3327346748         3.9935400297        -0.0987336765
        3.8550055000         2.3700000000         1.3352870017         3.9935400297        -0.0322463522
        3.8600039000         2.3700000000         1.3403916554         4.0011956621         0.1007282962
        3.8650055000         2.3700000000         1.3403916554         3.9986437847         0.1007282962
        3.8700047000         2.3700000000         1.3352870017         3.9935400297        -0.0322463522
        3.8750043000         2.3700000000         1.3301823480         3.9884362748        -0.1652210007
        3.8800069000         2.3700000000         1.3352870017         3.9986437847        -0.0322463522
        3.8850047000         2.3700000000         1.3276300211         3.9884362748        -0.2317083249
        3.8900023000         2.3700000000         1.3327346748         3.9884362748        -0.0987336765
        3.8950035000         2.3700000000         1.3276300211         3.9960919072        -0.2317083249
        3.9000053000         2.3700000000         1.3429439823         3.9909881523         0.1672156204
        3.9050033000         2.3700000000         1.3352870017         3.9909881523        -0.0322463522
        3.9100046000         2.3700000000         1.3276300211         3.9884362748        -0.2317083249
        3.9150036000         2.3700000000         1.3352870017         3.9960919072        -0.0322463522
        3.9200032000         2.3700000000         1.3352870017         3.9935400297        -0.0322463522
        3.9250033000         2.3700000000         1.3429439823         3.9986437847         0.1672156204
        3.9300053000         2.3700000000         1.3378393285         3.9935400297         0.0342409720
        3.9350050000         2.3700000000         1.3352870017         3.9935400297        -0.0322463522
        3.9400039000         2.3700000000         1.3276300211         3.9884362748        -0.2317083249
        3.9450063000         2.3700000000         1.3352870017         3.9935400297        -0.0322463522
        3.9500035000         2.3700000000         1.3352870017         3.9909881523        -0.0322463522
        3.9550056000         2.3700000000         1.3429439823         3.9986437847         0.1672156204
        3.9600051000         2.3700000000         1.3352870017         3.9935400297        -0.0322463522
        3.9650055000         2.3700000000         1.3301823480         3.9935400297        -0.1652210007
        3.9700049000         2.3700000000         1.3403916554         3.9884362748         0.1007282962
        3.9750046000         2.3700000000         1.3352870017         3.9935400297        -0.0322463522
        3.9800029000         2.3700000000         1.3352870017         3.9858843974        -0.0322463522
        3.9850053000         2.3700000000         1.3352870017         3.9935400297        -0.0322463522
        3.9900026000         2.3700000000         1.3352870017         3.9960919072        -0.0322463522
        3.9950049000         2.3700000000         1.3352870017         3.9935400297        -0.0322463522
