% Motor Sweep Step 92/180
% Vcmd       = 2.0400 [V]
% Direction  = CCW
% Zone       = DEADZONE
% Vg_offset  = 1.336525 [V]
% K_gimbal   = 26.049690 [(rad/s)/V]

Time[s]              Vcmd[V]              Vg_raw[V]            Pot[V]               Omega[rad/s]
        0.0000221000         2.0400000000         1.3378393285         1.6075346056         0.0342409720
        0.0050067000         2.0400000000         1.3301823480         1.6075346056        -0.1652210007
        0.0100041000         2.0400000000         1.3378393285         1.6100864830         0.0342409720
        0.0150259000         2.0400000000         1.3301823480         1.6100864830        -0.1652210007
        0.0200065000         2.0400000000         1.3327346748         1.6100864830        -0.0987336765
        0.0250039000         2.0400000000         1.2842404646         1.5998789732        -1.3619928368
        0.0300139000         2.0400000000         1.2229846200         1.5998789732        -2.9576886182
        0.0350047000         2.0400000000         1.2612695229         1.5871195859        -1.9603787548
        0.0400044000         2.0400000000         1.2357462543         1.5794639535        -2.6252519971
        0.0450074000         2.0400000000         1.2382985811         1.5718083211        -2.5587646729
        0.0500039000         2.0400000000         1.2331939274         1.5616008113        -2.6917393213
        0.0550030000         2.0400000000         1.2204322931         1.5386339142        -3.0241759425
        0.0600028000         2.0400000000         1.2102229857         1.5309782818        -3.2901252394
        0.0650042000         2.0400000000         1.2331939274         1.5309782818        -2.6917393213
        0.0700037000         2.0400000000         1.2204322931         1.5156670170        -3.0241759425
        0.0750049000         2.0400000000         1.2076706589         1.5003557523        -3.3566125636
        0.0800040000         2.0400000000         1.2051183320         1.4824926101        -3.4230998878
        0.0850056000         2.0400000000         1.2102229857         1.4773888552        -3.2901252394
        0.0900048000         2.0400000000         1.1974613514         1.4620775904        -3.6225618605
        0.0950036000         2.0400000000         1.2102229857         1.4544219580        -3.2901252394
        0.1000199000         2.0400000000         1.1923566977         1.4442144482        -3.7555365089
        0.1050039000         2.0400000000         1.2025660052         1.4237994285        -3.4895872120
        0.1100045000         2.0400000000         1.1898043709         1.4084881638        -3.8220238332
        0.1150055000         2.0400000000         1.1949090246         1.3931768990        -3.6890491847
        0.1200304000         2.0400000000         1.1974613514         1.3855212666        -3.6225618605
        0.1250055000         2.0400000000         1.1898043709         1.3600024920        -3.8220238332
        0.1300148000         2.0400000000         1.1719380829         1.3421393498        -4.2874351028
        0.1350075000         2.0400000000         1.1872520440         1.3370355949        -3.8885111574
        0.1400054000         2.0400000000         1.1923566977         1.3268280851        -3.7555365089
        0.1450108000         2.0400000000         1.1821473903         1.3038611879        -4.0214858059
        0.1500085000         2.0400000000         1.1719380829         1.2885499232        -4.2874351028
        0.1550088000         2.0400000000         1.1821473903         1.2757905359        -4.0214858059
        0.1600063000         2.0400000000         1.1719380829         1.2579273937        -4.2874351028
        0.1650145000         2.0400000000         1.1821473903         1.2400642515        -4.0214858059
        0.1700075000         2.0400000000         1.1744904097         1.2298567416        -4.2209477785
        0.1750115000         2.0400000000         1.1668334292         1.2068898445        -4.4204097512
        0.1800059000         2.0400000000         1.1770427366         1.1992342121        -4.1544604543
        0.1850049000         2.0400000000         1.1719380829         1.1813710699        -4.2874351028
        0.1900045000         2.0400000000         1.1693857560         1.1609560502        -4.3539224270
        0.1950035000         2.0400000000         1.1693857560         1.1456447855        -4.3539224270
        0.2000116000         2.0400000000         1.1668334292         1.1226778884        -4.4204097512
        0.2050044000         2.0400000000         1.1642811023         1.1124703785        -4.4868970754
        0.2100159000         2.0400000000         1.1719380829         1.0971591138        -4.2874351028
        0.2150031000         2.0400000000         1.1540717949         1.0690884617        -4.7528463723
        0.2200031000         2.0400000000         1.1642811023         1.0665365843        -4.4868970754
        0.2250041000         2.0400000000         1.1591764486         1.0435696871        -4.6198717239
        0.2300032000         2.0400000000         1.1719380829         1.0308102998        -4.2874351028
        0.2350033000         2.0400000000         1.1617287755         1.0027396478        -4.5533843997
        0.2400649000         2.0400000000         1.1540717949         0.9950840154        -4.7528463723
        0.2450041000         2.0400000000         1.1642811023         0.9670133634        -4.4868970754
        0.2500034000         2.0400000000         1.1591764486         0.9517020986        -4.6198717239
        0.2550044000         2.0400000000         1.1515194680         0.9287352015        -4.8193336966
        0.2600040000         2.0400000000         1.1515194680         0.9159758142        -4.8193336966
        0.2650024000         2.0400000000         1.1668334292         0.9032164269        -4.4204097512
        0.2700040000         2.0400000000         1.1591764486         0.8725938974        -4.6198717239
        0.2750029000         2.0400000000         1.1591764486         0.8725938974        -4.6198717239
        0.2800032000         2.0400000000         1.1591764486         0.8419713679        -4.6198717239
        0.2850020000         2.0400000000         1.1540717949         0.8241082257        -4.7528463723
        0.2900033000         2.0400000000         1.1719380829         0.8113488384        -4.2874351028
        0.2950018000         2.0400000000         1.1515194680         0.7858300638        -4.8193336966
        0.3000032000         2.0400000000         1.1617287755         0.7807263088        -4.5533843997
        0.3050020000         2.0400000000         1.1668334292         0.7552075343        -4.4204097512
        0.3100032000         2.0400000000         1.1642811023         0.7373443920        -4.4868970754
        0.3150036000         2.0400000000         1.1693857560         0.7220331273        -4.3539224270
        0.3200032000         2.0400000000         1.1362055069         0.6939624752        -5.2182576419
        0.3250021000         2.0400000000         1.1617287755         0.6863068429        -4.5533843997
        0.3300031000         2.0400000000         1.1464148143         0.6582361908        -4.9523083450
        0.3350018000         2.0400000000         1.1668334292         0.6454768035        -4.4204097512
        0.3400032000         2.0400000000         1.1489671412         0.6199580289        -4.8858210208
        0.3450023000         2.0400000000         1.1617287755         0.6148542740        -4.5533843997
        0.3500033000         2.0400000000         1.1566241217         0.5918873769        -4.6863590481
        0.3550034000         2.0400000000         1.1566241217         0.5714723572        -4.6863590481
        0.3600033000         2.0400000000         1.1489671412         0.5510573375        -4.8858210208
        0.3650023000         2.0400000000         1.1617287755         0.5408498277        -4.5533843997
        0.3700033000         2.0400000000         1.1642811023         0.5178829306        -4.4868970754
        0.3750021000         2.0400000000         1.1515194680         0.5000197884        -4.8193336966
        0.3800032000         2.0400000000         1.1668334292         0.4872604011        -4.4204097512
        0.3850025000         2.0400000000         1.1566241217         0.4642935039        -4.6863590481
        0.3900032000         2.0400000000         1.1591764486         0.4438784843        -4.6198717239
        0.3950019000         2.0400000000         1.1693857560         0.4311190970        -4.3539224270
        0.4000032000         2.0400000000         1.1438624875         0.4030484449        -5.0187956693
        0.4050020000         2.0400000000         1.1693857560         0.3902890576        -4.3539224270
        0.4100032000         2.0400000000         1.1668334292         0.3749777929        -4.4204097512
        0.4150031000         2.0400000000         1.1668334292         0.3545627732        -4.4204097512
        0.4200033000         2.0400000000         1.1515194680         0.3341477535        -4.8193336966
        0.4250028000         2.0400000000         1.1668334292         0.3213883662        -4.4204097512
        0.4300032000         2.0400000000         1.1591764486         0.2958695916        -4.6198717239
        0.4350037000         2.0400000000         1.1642811023         0.2805583269        -4.4868970754
        0.4400033000         2.0400000000         1.1566241217         0.2575914298        -4.6863590481
        0.4450021000         2.0400000000         1.1540717949         0.2473839199        -4.7528463723
        0.4500032000         2.0400000000         1.1642811023         0.2193132679        -4.4868970754
        0.4550018000         2.0400000000         1.1795950634         0.2167613904        -4.0879731301
        0.4600032000         2.0400000000         1.1642811023         0.1912426158        -4.4868970754
        0.4650022000         2.0400000000         1.1642811023         0.1784832285        -4.4868970754
        0.4700033000         2.0400000000         1.1642811023         0.1555163314        -4.4868970754
        0.4750041000         2.0400000000         1.1591764486         0.1351013117        -4.6198717239
        0.4800033000         2.0400000000         1.1566241217         0.1095825371        -4.6863590481
        0.4850030000         2.0400000000         1.1566241217         0.0942712724        -4.6863590481
        0.4900032000         2.0400000000         1.1540717949         0.0738562527        -4.7528463723
        0.4950046000         2.0400000000         1.1642811023         0.0636487429        -4.4868970754
        0.5000033000         2.0400000000         1.1591764486         0.0483374781        -4.6198717239
        0.5050032000         2.0400000000         1.1566241217         0.0228187035        -4.6863590481
        0.5100018000         2.0400000000         1.1540717949         0.0126111937        -4.7528463723
        0.5150018000         2.0400000000         1.1566241217         0.0024036839        -4.6863590481
        0.5200009000         2.0400000000         1.1591764486        -0.0052519485        -4.6198717239
        0.5250018000         2.0400000000         1.1515194680         0.0049555613        -4.8193336966
        0.5300012000         2.0400000000         1.1642811023         0.0075074388        -4.4868970754
        0.5350017000         2.0400000000         1.1617287755         0.0075074388        -4.5533843997
        0.5400014000         2.0400000000         1.1591764486        -0.0027000711        -4.6198717239
        0.5450015000         2.0400000000         1.1464148143         0.0049555613        -4.9523083450
        0.5500010000         2.0400000000         1.1770427366         1.1201260109        -4.1544604543
        0.5550030000         2.0400000000         1.1566241217         1.1150222560        -4.6863590481
        0.5600015000         2.0400000000         1.1540717949         1.0971591138        -4.7528463723
        0.5650017000         2.0400000000         1.1617287755         5.0091872584        -4.5533843997
        0.5700011000         2.0400000000         1.1438624875         4.9989797486        -5.0187956693
        0.5750017000         2.0400000000         1.1591764486         5.0040835035        -4.6198717239
        0.5800010000         2.0400000000         1.1566241217         5.0066353810        -4.6863590481
        0.5850019000         2.0400000000         1.1617287755         5.0117391359        -4.5533843997
        0.5900012000         2.0400000000         1.1413101606         5.0015316260        -5.0852829935
        0.5950026000         2.0400000000         1.1566241217         5.0015316260        -4.6863590481
        0.6000015000         2.0400000000         1.1617287755         4.9964278711        -4.5533843997
        0.6050022000         2.0400000000         1.1642811023         4.9836684838        -4.4868970754
        0.6100012000         2.0400000000         1.1515194680         4.9555978318        -4.8193336966
        0.6150016000         2.0400000000         1.1566241217         4.9300790572        -4.6863590481
        0.6200012000         2.0400000000         1.1617287755         4.9198715474        -4.5533843997
        0.6250334000         2.0400000000         1.1515194680         4.8943527728        -4.8193336966
        0.6300013000         2.0400000000         1.1489671412         4.8764896306        -4.8858210208
        0.6350199000         2.0400000000         1.1540717949         4.8560746109        -4.7528463723
        0.6400010000         2.0400000000         1.1617287755         4.8407633461        -4.5533843997
        0.6450008000         2.0400000000         1.1413101606         4.8177964490        -5.0852829935
        0.6500013000         2.0400000000         1.1617287755         4.8075889392        -4.5533843997
        0.6550009000         2.0400000000         1.1668334292         4.7871739195        -4.4204097512
        0.6600017000         2.0400000000         1.1464148143         4.7616551449        -4.9523083450
        0.6650015000         2.0400000000         1.1693857560         4.7539995125        -4.3539224270
        0.6700018000         2.0400000000         1.1540717949         4.7284807379        -4.7528463723
        0.6750009000         2.0400000000         1.1566241217         4.7055138408        -4.6863590481
        0.6800011000         2.0400000000         1.1617287755         4.7004100859        -4.5533843997
        0.6850008000         2.0400000000         1.1566241217         4.6697875564        -4.6863590481
        0.6900029000         2.0400000000         1.1515194680         4.6519244142        -4.8193336966
        0.6950013000         2.0400000000         1.1617287755         4.6366131494        -4.5533843997
        0.7000026000         2.0400000000         1.1617287755         4.6161981297        -4.5533843997
        0.7050023000         2.0400000000         1.1719380829         4.6059906199        -4.2874351028
        0.7100019000         2.0400000000         1.1591764486         4.5881274777        -4.6198717239
        0.7150019000         2.0400000000         1.1668334292         4.5702643355        -4.4204097512
        0.7200021000         2.0400000000         1.1795950634         4.5575049482        -4.0879731301
        0.7250014000         2.0400000000         1.1617287755         4.5319861736        -4.5533843997
        0.7300033000         2.0400000000         1.1719380829         4.5217786637        -4.2874351028
        0.7350026000         2.0400000000         1.1566241217         4.4937080117        -4.6863590481
        0.7400019000         2.0400000000         1.1719380829         4.4835005019        -4.2874351028
        0.7450033000         2.0400000000         1.1693857560         4.4656373597        -4.3539224270
        0.7500031000         2.0400000000         1.1744904097         4.4554298498        -4.2209477785
        0.7550022000         2.0400000000         1.1719380829         4.4350148301        -4.2874351028
        0.7600024000         2.0400000000         1.1693857560         4.4145998105        -4.3539224270
        0.7650018000         2.0400000000         1.1693857560         4.3967366683        -4.3539224270
        0.7700015000         2.0400000000         1.1744904097         4.3814254035        -4.2209477785
        0.7750009000         2.0400000000         1.1591764486         4.3635622613        -4.6198717239
        0.7800014000         2.0400000000         1.1846997172         4.3533547515        -3.9549984816
        0.7850010000         2.0400000000         1.1719380829         4.3354916092        -4.2874351028
        0.7900025000         2.0400000000         1.1668334292         4.3125247121        -4.4204097512
        0.7950014000         2.0400000000         1.1515194680         4.2921096924        -4.8193336966
        0.8000053000         2.0400000000         1.1719380829         4.2844540601        -4.2874351028
        0.8050049000         2.0400000000         1.1642811023         4.2563834080        -4.4868970754
        0.8100019000         2.0400000000         1.1668334292         4.2461758982        -4.4204097512
        0.8150053000         2.0400000000         1.1821473903         4.2359683883        -4.0214858059
        0.8200033000         2.0400000000         1.1591764486         4.2002421039        -4.6198717239
        0.8250039000         2.0400000000         1.1642811023         4.1874827166        -4.4868970754
        0.8300027000         2.0400000000         1.1693857560         4.1798270842        -4.3539224270
        0.8350050000         2.0400000000         1.1591764486         4.1594120646        -4.6198717239
        0.8400043000         2.0400000000         1.1668334292         4.1441007998        -4.4204097512
        0.8450031000         2.0400000000         1.1668334292         4.1338932900        -4.4204097512
        0.8500027000         2.0400000000         1.1744904097         4.1185820252        -4.2209477785
        0.8550020000         2.0400000000         1.1642811023         4.0956151281        -4.4868970754
        0.8600040000         2.0400000000         1.1719380829         4.0879594957        -4.2874351028
        0.8650072000         2.0400000000         1.1617287755         4.0573369662        -4.5533843997
        0.8700018000         2.0400000000         1.1617287755         4.0471294564        -4.5533843997
        0.8750032000         2.0400000000         1.1617287755         4.0190588043        -4.5533843997
        0.8800033000         2.0400000000         1.1642811023         4.0062994170        -4.4868970754
        0.8850032000         2.0400000000         1.1566241217         3.9909881523        -4.6863590481
        0.8900018000         2.0400000000         1.1693857560         3.9807806424        -4.3539224270
        0.8950032000         2.0400000000         1.1617287755         3.9603656228        -4.5533843997
        0.9000022000         2.0400000000         1.1617287755         3.9322949707        -4.5533843997
        0.9050032000         2.0400000000         1.1540717949         3.9169837060        -4.7528463723
        0.9100020000         2.0400000000         1.1591764486         3.9016724412        -4.6198717239
        0.9150034000         2.0400000000         1.1668334292         3.8965686863        -4.4204097512
        0.9200022000         2.0400000000         1.1617287755         3.8736017892        -4.5533843997
        0.9250032000         2.0400000000         1.1617287755         3.8557386469        -4.5533843997
        0.9300018000         2.0400000000         1.1566241217         3.8378755047        -4.6863590481
        0.9350032000         2.0400000000         1.1668334292         3.8200123625        -4.4204097512
        0.9400024000         2.0400000000         1.1438624875         3.7970454654        -5.0187956693
        0.9450035000         2.0400000000         1.1693857560         3.7842860781        -4.3539224270
        0.9500022000         2.0400000000         1.1566241217         3.7638710584        -4.6863590481
        0.9550032000         2.0400000000         1.1617287755         3.7562154260        -4.5533843997
        0.9600034000         2.0400000000         1.1642811023         3.7332485289        -4.4868970754
        0.9650023000         2.0400000000         1.1515194680         3.7153853867        -4.8193336966
        0.9700020000         2.0400000000         1.1668334292         3.6975222445        -4.4204097512
        0.9750015000         2.0400000000         1.1489671412         3.6720034699        -4.8858210208
        0.9800019000         2.0400000000         1.1693857560         3.6694515924        -4.3539224270
        0.9850011000         2.0400000000         1.1668334292         3.6541403277        -4.4204097512
        0.9900044000         2.0400000000         1.1566241217         3.6184140433        -4.6863590481
        0.9950018000         2.0400000000         1.1566241217         3.6107584109        -4.6863590481
        1.0000041000         2.0400000000         1.1642811023         3.5903433912        -4.4868970754
        1.0050013000         2.0400000000         1.1617287755         3.5699283715        -4.5533843997
        1.0100016000         2.0400000000         1.1540717949         3.5546171068        -4.7528463723
        1.0150016000         2.0400000000         1.1566241217         3.5418577195        -4.6863590481
        1.0200024000         2.0400000000         1.1668334292         3.5265464547        -4.4204097512
        1.0250019000         2.0400000000         1.1642811023         3.5112351900        -4.4868970754
        1.0300014000         2.0400000000         1.1719380829         3.4933720478        -4.2874351028
        1.0350009000         2.0400000000         1.1566241217         3.4678532732        -4.6863590481
        1.0400046000         2.0400000000         1.1566241217         3.4576457633        -4.6863590481
        1.0450031000         2.0400000000         1.1617287755         3.4346788662        -4.5533843997
        1.0500019000         2.0400000000         1.1642811023         3.4193676015        -4.4868970754
        1.0550011000         2.0400000000         1.1489671412         3.3938488269        -4.8858210208
        1.0600011000         2.0400000000         1.1591764486         3.3810894396        -4.6198717239
        1.0650011000         2.0400000000         1.1515194680         3.3606744199        -4.8193336966
        1.0700031000         2.0400000000         1.1617287755         3.3479150326        -4.5533843997
        1.0750020000         2.0400000000         1.1566241217         3.3300518904        -4.6863590481
        1.0800020000         2.0400000000         1.1566241217         3.3198443806        -4.6863590481
        1.0850015000         2.0400000000         1.1515194680         3.2917737285        -4.8193336966
        1.0900026000         2.0400000000         1.1591764486         3.2815662187        -4.6198717239
        1.0950017000         2.0400000000         1.1515194680         3.2509436892        -4.8193336966
        1.1000017000         2.0400000000         1.1464148143         3.2407361793        -4.9523083450
        1.1050015000         2.0400000000         1.1642811023         3.2228730371        -4.4868970754
        1.1100017000         2.0400000000         1.1387578337         3.1973542625        -5.1517703177
        1.1150016000         2.0400000000         1.1540717949         3.1896986301        -4.7528463723
        1.1200017000         2.0400000000         1.1438624875         3.1718354879        -5.0187956693
        1.1250014000         2.0400000000         1.1566241217         3.1539723457        -4.6863590481
        1.1300020000         2.0400000000         1.1566241217         3.1335573261        -4.6863590481
        1.1350015000         2.0400000000         1.1464148143         3.1156941838        -4.9523083450
        1.1400031000         2.0400000000         1.1566241217         3.0952791642        -4.6863590481
        1.1450024000         2.0400000000         1.1540717949         3.0799678994        -4.7528463723
        1.1500011000         2.0400000000         1.1489671412         3.0570010023        -4.8858210208
        1.1550020000         2.0400000000         1.1540717949         3.0467934924        -4.7528463723
        1.1600009000         2.0400000000         1.1464148143         3.0161709629        -4.9523083450
        1.1650020000         2.0400000000         1.1566241217         3.0034115756        -4.6863590481
        1.1700010000         2.0400000000         1.1566241217         2.9906521883        -4.6863590481
        1.1750069000         2.0400000000         1.1413101606         2.9727890461        -5.0852829935
        1.1800027000         2.0400000000         1.1413101606         2.9447183941        -5.0852829935
        1.1850029000         2.0400000000         1.1540717949         2.9294071293        -4.7528463723
        1.1900044000         2.0400000000         1.1438624875         2.9140958646        -5.0187956693
        1.1951306000         2.0400000000         1.1438624875         2.8911289674        -5.0187956693
        1.2000245000         2.0400000000         1.1515194680         2.8656101929        -4.8193336966
        1.2050114000         2.0400000000         1.1617287755         2.8554026830        -4.5533843997
        1.2100019000         2.0400000000         1.1413101606         2.8375395408        -5.0852829935
        1.2150155000         2.0400000000         1.1438624875         2.8171245211        -5.0187956693
        1.2200024000         2.0400000000         1.1438624875         2.7992613789        -5.0187956693
        1.2250067000         2.0400000000         1.1795950634         2.7865019916        -4.0879731301
        1.2300039000         2.0400000000         1.1642811023         2.7711907269        -4.4868970754
        1.2350144000         2.0400000000         1.1464148143         2.7507757072        -4.9523083450
        1.2400086000         2.0400000000         1.1464148143         2.7252569326        -4.9523083450
        1.2450095000         2.0400000000         1.1591764486         2.7099456679        -4.6198717239
        1.2500085000         2.0400000000         1.1566241217         2.6895306482        -4.6863590481
        1.2550066000         2.0400000000         1.1413101606         2.6767712609        -5.0852829935
        1.2600017000         2.0400000000         1.1591764486         2.6614599961        -4.6198717239
        1.2650035000         2.0400000000         1.1617287755         2.6384930990        -4.5533843997
        1.2700040000         2.0400000000         1.1489671412         2.6206299568        -4.8858210208
        1.2750018000         2.0400000000         1.1336531800         2.5951111822        -5.2847449662
        1.2800039000         2.0400000000         1.1489671412         2.5746961625        -4.8858210208
        1.2850020000         2.0400000000         1.1566241217         2.5619367752        -4.6863590481
        1.2900021000         2.0400000000         1.1566241217         2.5466255105        -4.6863590481
        1.2950027000         2.0400000000         1.1438624875         2.5338661232        -5.0187956693
        1.3000015000         2.0400000000         1.1617287755         2.5134511035        -4.5533843997
        1.3050008000         2.0400000000         1.1515194680         2.4879323289        -4.8193336966
        1.3100015000         2.0400000000         1.1464148143         2.4624135543        -4.9523083450
        1.3150010000         2.0400000000         1.1489671412         2.4573097994        -4.8858210208
        1.3200017000         2.0400000000         1.1515194680         2.4368947797        -4.8193336966
        1.3250010000         2.0400000000         1.1566241217         2.4088241277        -4.6863590481
        1.3300015000         2.0400000000         1.1566241217         2.3960647404        -4.6863590481
        1.3350009000         2.0400000000         1.1387578337         2.3782015982        -5.1517703177
        1.3400015000         2.0400000000         1.1413101606         2.3526828236        -5.0852829935
        1.3450034000         2.0400000000         1.1591764486         2.3399234363        -4.6198717239
        1.3500023000         2.0400000000         1.1464148143         2.3169565392        -4.9523083450
        1.3550015000         2.0400000000         1.1515194680         2.3118527843        -4.8193336966
        1.3600018000         2.0400000000         1.1464148143         2.2812302547        -4.9523083450
        1.3650015000         2.0400000000         1.1642811023         2.2735746224        -4.4868970754
        1.3700015000         2.0400000000         1.1489671412         2.2531596027        -4.8858210208
        1.3750015000         2.0400000000         1.1438624875         2.2250889506        -5.0187956693
        1.3800035000         2.0400000000         1.1540717949         2.2174333183        -4.7528463723
        1.3850022000         2.0400000000         1.1566241217         2.1970182986        -4.6863590481
        1.3900018000         2.0400000000         1.1617287755         2.1791551564        -4.5533843997
        1.3950016000         2.0400000000         1.1413101606         2.1587401367        -5.0852829935
        1.4000016000         2.0400000000         1.1617287755         2.1434288720        -4.5533843997
        1.4050015000         2.0400000000         1.1464148143         2.1204619748        -4.9523083450
        1.4100014000         2.0400000000         1.1642811023         2.1102544650        -4.4868970754
        1.4150013000         2.0400000000         1.1387578337         2.0821838129        -5.1517703177
        1.4200023000         2.0400000000         1.1540717949         2.0643206707        -4.7528463723
        1.4250017000         2.0400000000         1.1617287755         2.0566650383        -4.5533843997
        1.4300036000         2.0400000000         1.1566241217         2.0362500187        -4.6863590481
        1.4350019000         2.0400000000         1.1464148143         2.0209387539        -4.9523083450
        1.4400019000         2.0400000000         1.1515194680         1.9979718568        -4.8193336966
        1.4450010000         2.0400000000         1.1566241217         1.9775568371        -4.6863590481
        1.4500038000         2.0400000000         1.1693857560         1.9596936949        -4.3539224270
        1.4550020000         2.0400000000         1.1489671412         1.9418305527        -4.8858210208
        1.4600020000         2.0400000000         1.1413101606         1.9163117781        -5.0852829935
        1.4650014000         2.0400000000         1.1642811023         1.9112080232        -4.4868970754
        1.4700017000         2.0400000000         1.1489671412         1.8907930035        -4.8858210208
        1.4750010000         2.0400000000         1.1464148143         1.8754817388        -4.9523083450
        1.4800017000         2.0400000000         1.1413101606         1.8499629642        -5.0852829935
        1.4850009000         2.0400000000         1.1540717949         1.8320998220        -4.7528463723
        1.4900044000         2.0400000000         1.1464148143         1.8116848023        -4.9523083450
        1.4950013000         2.0400000000         1.1413101606         1.7989254150        -5.0852829935
        1.5000019000         2.0400000000         1.1438624875         1.7785103953        -5.0187956693
        1.5050014000         2.0400000000         1.1489671412         1.7657510080        -4.8858210208
        1.5100040000         2.0400000000         1.1515194680         1.7427841109        -4.8193336966
        1.5150024000         2.0400000000         1.1464148143         1.7223690912        -4.9523083450
        1.5200041000         2.0400000000         1.1438624875         1.7070578265        -5.0187956693
        1.5250023000         2.0400000000         1.1464148143         1.6840909293        -4.9523083450
        1.5300038000         2.0400000000         1.1591764486         1.6764352970        -4.6198717239
        1.5350026000         2.0400000000         1.1259961995         1.6432608900        -5.4842069388
        1.5400017000         2.0400000000         1.1413101606         1.6253977478        -5.0852829935
        1.5450009000         2.0400000000         1.1744904097         1.6177421154        -4.2209477785
        1.5500042000         2.0400000000         1.1336531800         1.5922233408        -5.2847449662
        1.5550021000         2.0400000000         1.1311008532         1.5794639535        -5.3512322904
        1.5600034000         2.0400000000         1.1540717949         1.5539451789        -4.7528463723
        1.5650024000         2.0400000000         1.1438624875         1.5360820367        -5.0187956693
        1.5700022000         2.0400000000         1.1489671412         1.5156670170        -4.8858210208
        1.5750015000         2.0400000000         1.1438624875         1.4978038748        -5.0187956693
        1.5800018000         2.0400000000         1.1566241217         1.4824926101        -4.6863590481
        1.5850009000         2.0400000000         1.1362055069         1.4569738355        -5.2182576419
        1.5900014000         2.0400000000         1.1515194680         1.4391106933        -4.8193336966
        1.5950010000         2.0400000000         1.1259961995         1.4186956736        -5.4842069388
        1.6000032000         2.0400000000         1.1438624875         1.4008325314        -5.0187956693
        1.6050021000         2.0400000000         1.1515194680         1.3880731441        -4.8193336966
        1.6100036000         2.0400000000         1.1566241217         1.3753137568        -4.6863590481
        1.6150024000         2.0400000000         1.1413101606         1.3446912273        -5.0852829935
        1.6200019000         2.0400000000         1.1387578337         1.3293799625        -5.1517703177
        1.6250010000         2.0400000000         1.1540717949         1.3191724527        -4.7528463723
        1.6300015000         2.0400000000         1.1387578337         1.2962055556        -5.1517703177
        1.6350014000         2.0400000000         1.1464148143         1.2732386584        -4.9523083450
        1.6400020000         2.0400000000         1.1438624875         1.2553755162        -5.0187956693
        1.6450016000         2.0400000000         1.1489671412         1.2298567416        -4.8858210208
        1.6500021000         2.0400000000         1.1311008532         1.2145454769        -5.3512322904
        1.6550015000         2.0400000000         1.1515194680         1.1992342121        -4.8193336966
        1.6600040000         2.0400000000         1.1515194680         1.1864748248        -4.8193336966
        1.6650019000         2.0400000000         1.1566241217         1.1609560502        -4.6863590481
        1.6700017000         2.0400000000         1.1515194680         1.1481966629        -4.8193336966
        1.6750015000         2.0400000000         1.1464148143         1.1252297658        -4.9523083450
        1.6800037000         2.0400000000         1.1464148143         1.1124703785        -4.9523083450
        1.6850025000         2.0400000000         1.1413101606         1.0818478490        -5.0852829935
        1.6900347000         2.0400000000         1.1183392189         1.0614328293        -5.6836689115
        1.6950011000         2.0400000000         1.1362055069         1.0435696871        -5.2182576419
        1.7000008000         2.0400000000         1.1540717949         1.0282584224        -4.7528463723
        1.7050014000         2.0400000000         1.1413101606         1.0027396478        -5.0852829935
        1.7100010000         2.0400000000         1.1311008532         0.9874283830        -5.3512322904
        1.7150039000         2.0400000000         1.1464148143         0.9695652408        -4.9523083450
        1.7200022000         2.0400000000         1.1438624875         0.9491502211        -5.0187956693
        1.7250027000         2.0400000000         1.1464148143         0.9312870789        -4.9523083450
        1.7300010000         2.0400000000         1.1362055069         0.9032164269        -5.2182576419
        1.7350016000         2.0400000000         1.1489671412         0.8930089170        -4.8858210208
        1.7400011000         2.0400000000         1.1617287755         0.8802495297        -4.5533843997
        1.7450019000         2.0400000000         1.1413101606         0.8547307552        -5.0852829935
        1.7500011000         2.0400000000         1.1464148143         0.8419713679        -4.9523083450
        1.7550015000         2.0400000000         1.1591764486         0.8215563482        -4.6198717239
        1.7600018000         2.0400000000         1.1515194680         0.7960375736        -4.8193336966
        1.7650035000         2.0400000000         1.1489671412         0.7756225539        -4.8858210208
        1.7700035000         2.0400000000         1.1515194680         0.7603112892        -4.8193336966
        1.7750021000         2.0400000000         1.1413101606         0.7398962695        -5.0852829935
        1.7800018000         2.0400000000         1.1668334292         0.7296887597        -4.4204097512
        1.7850015000         2.0400000000         1.1311008532         0.6965143527        -5.3512322904
        1.7900258000         2.0400000000         1.1438624875         0.6812030879        -5.0187956693
        1.7950016000         2.0400000000         1.1540717949         0.6633399457        -4.7528463723
        1.8000011000         2.0400000000         1.1515194680         0.6429249261        -4.8193336966
        1.8050039000         2.0400000000         1.1413101606         0.6225099064        -5.0852829935
        1.8100011000         2.0400000000         1.1387578337         0.5995430093        -5.1517703177
        1.8150023000         2.0400000000         1.1489671412         0.5867836220        -4.8858210208
        1.8200013000         2.0400000000         1.1489671412         0.5689204797        -4.8858210208
        1.8250023000         2.0400000000         1.1387578337         0.5459535826        -5.1517703177
        1.8300016000         2.0400000000         1.1566241217         0.5382979502        -4.6863590481
        1.8350021000         2.0400000000         1.1591764486         0.5153310531        -4.6198717239
        1.8400038000         2.0400000000         1.1489671412         0.4923641560        -4.8858210208
        1.8450016000         2.0400000000         1.1438624875         0.4719491363        -5.0187956693
        1.8500011000         2.0400000000         1.1387578337         0.4540859941        -5.1517703177
        1.8550018000         2.0400000000         1.1591764486         0.4336709744        -4.6198717239
        1.8600010000         2.0400000000         1.1591764486         0.4158078322        -4.6198717239
        1.8650017000         2.0400000000         1.1540717949         0.4030484449        -4.7528463723
        1.8700009000         2.0400000000         1.1387578337         0.3724259154        -5.1517703177
        1.8750017000         2.0400000000         1.1515194680         0.3571146507        -4.8193336966
        1.8800010000         2.0400000000         1.1566241217         0.3366996310        -4.6863590481
        1.8850015000         2.0400000000         1.1413101606         0.3239402437        -5.0852829935
        1.8900009000         2.0400000000         1.1642811023         0.3086289789        -4.4868970754
        1.8950015000         2.0400000000         1.1668334292         0.2907658367        -4.4204097512
        1.9000008000         2.0400000000         1.1642811023         0.2652470621        -4.4868970754
        1.9050025000         2.0400000000         1.1259961995         0.2473839199        -5.4842069388
        1.9100014000         2.0400000000         1.1591764486         0.2269689002        -4.6198717239
        1.9150055000         2.0400000000         1.1540717949         0.2065538806        -4.7528463723
        1.9200020000         2.0400000000         1.1540717949         0.1810351060        -4.7528463723
        1.9250037000         2.0400000000         1.1515194680         0.1759313511        -4.8193336966
        1.9300015000         2.0400000000         1.1566241217         0.1529644539        -4.6863590481
        1.9350044000         2.0400000000         1.1515194680         0.1376531892        -4.8193336966
        1.9400017000         2.0400000000         1.1617287755         0.1121344146        -4.5533843997
        1.9450035000         2.0400000000         1.1438624875         0.0942712724        -5.0187956693
        1.9500019000         2.0400000000         1.1489671412         0.0687524978        -4.8858210208
        1.9550021000         2.0400000000         1.1515194680         0.0508893556        -4.8193336966
        1.9600025000         2.0400000000         1.1566241217         0.0355780908        -4.6863590481
        1.9650020000         2.0400000000         1.1566241217         0.0202668261        -4.6863590481
        1.9700010000         2.0400000000         1.1642811023         0.0049555613        -4.4868970754
        1.9750016000         2.0400000000         1.1464148143        -0.0027000711        -4.9523083450
        1.9800010000         2.0400000000         1.1617287755         0.0100593162        -4.5533843997
        1.9850020000         2.0400000000         1.1591764486         0.0075074388        -4.6198717239
        1.9900015000         2.0400000000         1.1617287755         0.0049555613        -4.5533843997
        1.9950032000         2.0400000000         1.1566241217         0.0024036839        -4.6863590481
        2.0000022000         2.0400000000         1.1668334292         0.0075074388        -4.4204097512
        2.0050354000         2.0400000000         1.1464148143         1.0946072363        -4.9523083450
        2.0100021000         2.0400000000         1.1693857560         1.0997109912        -4.3539224270
        2.0150036000         2.0400000000         1.1515194680         1.1226778884        -4.8193336966
        2.0200014000         2.0400000000         1.1617287755         4.9964278711        -4.5533843997
        2.0250044000         2.0400000000         1.1515194680         5.0091872584        -4.8193336966
        2.0300021000         2.0400000000         1.1668334292         5.0066353810        -4.4204097512
        2.0350054000         2.0400000000         1.1515194680         5.0091872584        -4.8193336966
        2.0400025000         2.0400000000         1.1617287755         5.0015316260        -4.5533843997
        2.0450058000         2.0400000000         1.1464148143         5.0015316260        -4.9523083450
        2.0500018000         2.0400000000         1.1719380829         5.0142910133        -4.2874351028
        2.0550027000         2.0400000000         1.1795950634         4.9964278711        -4.0879731301
        2.0600015000         2.0400000000         1.1642811023         4.9862203613        -4.4868970754
        2.0650015000         2.0400000000         1.1591764486         4.9658053416        -4.6198717239
        2.0700010000         2.0400000000         1.1693857560         4.9530459543        -4.3539224270
        2.0750056000         2.0400000000         1.1591764486         4.9300790572        -4.6198717239
        2.0800047000         2.0400000000         1.1719380829         4.9122159150        -4.2874351028
        2.0850033000         2.0400000000         1.1591764486         4.8994565277        -4.6198717239
        2.0900024000         2.0400000000         1.1642811023         4.8688339982        -4.4868970754
        2.0950466000         2.0400000000         1.1795950634         4.8586264883        -4.0879731301
        2.1000025000         2.0400000000         1.1591764486         4.8331077137        -4.6198717239
        2.1050018000         2.0400000000         1.1693857560         4.8280039588        -4.3539224270
        2.1100069000         2.0400000000         1.1744904097         4.8101408166        -4.2209477785
        2.1150014000         2.0400000000         1.1693857560         4.7820701646        -4.3539224270
        2.1200022000         2.0400000000         1.1642811023         4.7718626547        -4.4868970754
        2.1250024000         2.0400000000         1.1693857560         4.7514476351        -4.3539224270
        2.1300033000         2.0400000000         1.1693857560         4.7412401252        -4.3539224270
        2.1350027000         2.0400000000         1.1719380829         4.7157213506        -4.2874351028
        2.1400036000         2.0400000000         1.1591764486         4.6978582084        -4.6198717239
        2.1450018000         2.0400000000         1.1821473903         4.6927544535        -4.0214858059
        2.1500031000         2.0400000000         1.1693857560         4.6697875564        -4.3539224270
        2.1550022000         2.0400000000         1.1617287755         4.6493725367        -4.5533843997
        2.1600020000         2.0400000000         1.1821473903         4.6391650269        -4.0214858059
        2.1650016000         2.0400000000         1.1617287755         4.6161981297        -4.5533843997
        2.1700020000         2.0400000000         1.1795950634         4.6059906199        -4.0879731301
        2.1750036000         2.0400000000         1.1668334292         4.5881274777        -4.4204097512
        2.1800037000         2.0400000000         1.1668334292         4.5702643355        -4.4204097512
        2.1850021000         2.0400000000         1.1693857560         4.5472974383        -4.3539224270
        2.1900025000         2.0400000000         1.1591764486         4.5243305412        -4.6198717239
        2.1950015000         2.0400000000         1.1770427366         4.5141230314        -4.1544604543
        2.2000036000         2.0400000000         1.1821473903         4.5013636441        -4.0214858059
        2.2050016000         2.0400000000         1.1617287755         4.4707411146        -4.5533843997
        2.2100025000         2.0400000000         1.1642811023         4.4630854822        -4.4868970754
        2.2150019000         2.0400000000         1.1668334292         4.4426704625        -4.4204097512
        2.2200030000         2.0400000000         1.1591764486         4.4197035654        -4.6198717239
        2.2250032000         2.0400000000         1.1693857560         4.4094960556        -4.3539224270
        2.2300045000         2.0400000000         1.1642811023         4.3967366683        -4.4868970754
        2.2350028000         2.0400000000         1.1617287755         4.3661141388        -4.5533843997
        2.2400029000         2.0400000000         1.1591764486         4.3559066289        -4.6198717239
        2.2450027000         2.0400000000         1.1719380829         4.3380434867        -4.2874351028
        2.2500035000         2.0400000000         1.1617287755         4.3278359769        -4.5533843997
        2.2550023000         2.0400000000         1.1744904097         4.3048690797        -4.2209477785
        2.2600031000         2.0400000000         1.1566241217         4.2921096924        -4.6863590481
        2.2650028000         2.0400000000         1.1693857560         4.2665909178        -4.3539224270
        2.2700032000         2.0400000000         1.1617287755         4.2512796531        -4.5533843997
        2.2750020000         2.0400000000         1.1617287755         4.2359683883        -4.5533843997
        2.2800039000         2.0400000000         1.1591764486         4.2104496138        -4.6198717239
        2.2850022000         2.0400000000         1.1668334292         4.2053458588        -4.4204097512
        2.2900016000         2.0400000000         1.1693857560         4.1798270842        -4.3539224270
        2.2950015000         2.0400000000         1.1617287755         4.1645158195        -4.5533843997
        2.3000015000         2.0400000000         1.1719380829         4.1543083097        -4.2874351028
        2.3050010000         2.0400000000         1.1617287755         4.1313414125        -4.5533843997
        2.3100017000         2.0400000000         1.1668334292         4.1134782703        -4.4204097512
        2.3150014000         2.0400000000         1.1566241217         4.0905113732        -4.6863590481
        2.3200015000         2.0400000000         1.1693857560         4.0879594957        -4.3539224270
        2.3250010000         2.0400000000         1.1617287755         4.0573369662        -4.5533843997
        2.3300025000         2.0400000000         1.1591764486         4.0471294564        -4.6198717239
        2.3350014000         2.0400000000         1.1642811023         4.0241625592        -4.4868970754
        2.3400039000         2.0400000000         1.1617287755         4.0114031719        -4.5533843997
        2.3450019000         2.0400000000         1.1642811023         3.9935400297        -4.4868970754
        2.3500026000         2.0400000000         1.1693857560         3.9756768875        -4.3539224270
        2.3550017000         2.0400000000         1.1617287755         3.9654693777        -4.5533843997
        2.3601117000         2.0400000000         1.1642811023         3.9373987256        -4.4868970754
        2.3650023000         2.0400000000         1.1566241217         3.9220874609        -4.6863590481
        2.3700010000         2.0400000000         1.1591764486         3.9067761961        -4.6198717239
        2.3750015000         2.0400000000         1.1591764486         3.8940168088        -4.6198717239
        2.3800010000         2.0400000000         1.1668334292         3.8761536666        -4.4204097512
        2.3850016000         2.0400000000         1.1642811023         3.8582905244        -4.4868970754
        2.3900010000         2.0400000000         1.1362055069         3.8327717498        -5.2182576419
        2.3950018000         2.0400000000         1.1719380829         3.8174604851        -4.2874351028
        2.4000009000         2.0400000000         1.1515194680         3.8072529752        -4.8193336966
        2.4050017000         2.0400000000         1.1617287755         3.7842860781        -4.5533843997
        2.4100010000         2.0400000000         1.1668334292         3.7689748133        -4.4204097512
        2.4150015000         2.0400000000         1.1464148143         3.7485597937        -4.9523083450
        2.4200014000         2.0400000000         1.1693857560         3.7460079162        -4.3539224270
        2.4250040000         2.0400000000         1.1617287755         3.7255928965        -4.5533843997
        2.4300021000         2.0400000000         1.1617287755         3.6949703670        -4.5533843997
        2.4350014000         2.0400000000         1.1515194680         3.6873147347        -4.8193336966
        2.4400009000         2.0400000000         1.1566241217         3.6617959601        -4.6863590481
        2.4450021000         2.0400000000         1.1591764486         3.6592440826        -4.6198717239
        2.4500015000         2.0400000000         1.1566241217         3.6260696756        -4.6863590481
        2.4550013000         2.0400000000         1.1540717949         3.6133102883        -4.7528463723
        2.4600009000         2.0400000000         1.1438624875         3.5954471461        -5.0187956693
        2.4650030000         2.0400000000         1.1617287755         3.5801358814        -4.5533843997
        2.4700019000         2.0400000000         1.1515194680         3.5622727392        -4.8193336966
        2.4750017000         2.0400000000         1.1617287755         3.5444095970        -4.5533843997
        2.4800010000         2.0400000000         1.1515194680         3.5214426998        -4.8193336966
        2.4850017000         2.0400000000         1.1617287755         3.5112351900        -4.5533843997
        2.4900009000         2.0400000000         1.1642811023         3.4959239252        -4.4868970754
        2.4950020000         2.0400000000         1.1642811023         3.4755089056        -4.4868970754
        2.5000014000         2.0400000000         1.1515194680         3.4474382535        -4.8193336966
        2.5050068000         2.0400000000         1.1489671412         3.4295751113        -4.8858210208
        2.5100015000         2.0400000000         1.1642811023         3.4193676015        -4.4868970754
        2.5150022000         2.0400000000         1.1668334292         3.3964007043        -4.4204097512
        2.5200014000         2.0400000000         1.1668334292         3.3912969494        -4.4204097512
        2.5250039000         2.0400000000         1.1617287755         3.3734338072        -4.5533843997
        2.5300013000         2.0400000000         1.1566241217         3.3428112777        -4.6863590481
        2.5350017000         2.0400000000         1.1515194680         3.3377075228        -4.8193336966
        2.5400010000         2.0400000000         1.1515194680         3.3070849933        -4.8193336966
        2.5450016000         2.0400000000         1.1642811023         3.2968774834        -4.4868970754
        2.5500011000         2.0400000000         1.1540717949         3.2713587088        -4.7528463723
        2.5550019000         2.0400000000         1.1566241217         3.2611511990        -4.6863590481
        2.5600019000         2.0400000000         1.1515194680         3.2381843019        -4.8193336966
        2.5650027000         2.0400000000         1.1566241217         3.2203211597        -4.6863590481
        2.5700011000         2.0400000000         1.1591764486         3.2152174047        -4.6198717239
        2.5750024000         2.0400000000         1.1489671412         3.1820429978        -4.8858210208
        2.5800010000         2.0400000000         1.1566241217         3.1692836105        -4.6863590481
        2.5850017000         2.0400000000         1.1770427366         3.1616279781        -4.1544604543
        2.5900012000         2.0400000000         1.1489671412         3.1310054486        -4.8858210208
        2.5950011000         2.0400000000         1.1566241217         3.1182460613        -4.6863590481
        2.6000008000         2.0400000000         1.1668334292         3.1003829191        -4.4204097512
        2.6050010000         2.0400000000         1.1540717949         3.0774160220        -4.7528463723
        2.6100033000         2.0400000000         1.1642811023         3.0723122670        -4.4868970754
        2.6150021000         2.0400000000         1.1515194680         3.0442416150        -4.8193336966
        2.6200031000         2.0400000000         1.1464148143         3.0238265953        -4.9523083450
        2.6250025000         2.0400000000         1.1566241217         3.0059634531        -4.6863590481
        2.6300032000         2.0400000000         1.1693857560         2.9983078207        -4.3539224270
        2.6350021000         2.0400000000         1.1438624875         2.9778928011        -5.0187956693
        2.6400033000         2.0400000000         1.1438624875         2.9523740265        -5.0187956693
        2.6450033000         2.0400000000         1.1591764486         2.9345108842        -4.6198717239
        2.6500032000         2.0400000000         1.1540717949         2.9191996195        -4.7528463723
        2.6550022000         2.0400000000         1.1617287755         2.9038883547        -4.5533843997
        2.6600032000         2.0400000000         1.1515194680         2.8885770900        -4.8193336966
        2.6650025000         2.0400000000         1.1770427366         2.8809214576        -4.1544604543
        2.6700032000         2.0400000000         1.1617287755         2.8554026830        -4.5533843997
        2.6750033000         2.0400000000         1.1438624875         2.8298839084        -5.0187956693
        2.6800033000         2.0400000000         1.1413101606         2.8145726437        -5.0852829935
        2.6850017000         2.0400000000         1.1617287755         2.7916057465        -4.5533843997
        2.6900010000         2.0400000000         1.1744904097         2.7865019916        -4.2209477785
        2.6950015000         2.0400000000         1.1566241217         2.7635350945        -4.6863590481
        2.7000012000         2.0400000000         1.1515194680         2.7482238297        -4.8193336966
        2.7050016000         2.0400000000         1.1693857560         2.7329125650        -4.3539224270
        2.7100011000         2.0400000000         1.1642811023         2.7099456679        -4.4868970754
        2.7150016000         2.0400000000         1.1515194680         2.6869787707        -4.8193336966
        2.7200013000         2.0400000000         1.1617287755         2.6818750158        -4.5533843997
        2.7250027000         2.0400000000         1.1591764486         2.6512524863        -4.6198717239
        2.7300018000         2.0400000000         1.1693857560         2.6410449765        -4.3539224270
        2.7350014000         2.0400000000         1.1591764486         2.6129743244        -4.6198717239
        2.7400009000         2.0400000000         1.1438624875         2.6027668146        -5.0187956693
        2.7450015000         2.0400000000         1.1617287755         2.5874555498        -4.5533843997
        2.7500013000         2.0400000000         1.1719380829         2.5797999174        -4.2874351028
        2.7550020000         2.0400000000         1.1540717949         2.5466255105        -4.7528463723
        2.7600014000         2.0400000000         1.1668334292         2.5440736330        -4.4204097512
        2.7650025000         2.0400000000         1.1515194680         2.5185548584        -4.8193336966
        2.7700011000         2.0400000000         1.1642811023         2.5006917162        -4.4868970754
        2.7750036000         2.0400000000         1.1566241217         2.4828285740        -4.6863590481
        2.7800011000         2.0400000000         1.1566241217         2.4675173092        -4.6863590481
        2.7850037000         2.0400000000         1.1489671412         2.4471022896        -4.8858210208
        2.7900029000         2.0400000000         1.1770427366         2.4368947797        -4.1544604543
        2.7950015000         2.0400000000         1.1566241217         2.4139278826        -4.6863590481
        2.8000009000         2.0400000000         1.1566241217         2.4011684953        -4.6863590481
        2.8050038000         2.0400000000         1.1489671412         2.3782015982        -4.8858210208
        2.8100031000         2.0400000000         1.1591764486         2.3577865785        -4.6198717239
        2.8150047000         2.0400000000         1.1617287755         2.3373715588        -4.5533843997
        2.8200020000         2.0400000000         1.1515194680         2.3220602941        -4.8193336966
        2.8250032000         2.0400000000         1.1464148143         2.2990933970        -4.9523083450
        2.8300035000         2.0400000000         1.1515194680         2.2888858871        -4.8193336966
        2.8350023000         2.0400000000         1.1515194680         2.2633671125        -4.8193336966
        2.8400036000         2.0400000000         1.1362055069         2.2429520929        -5.2182576419
        2.8450051000         2.0400000000         1.1438624875         2.2250889506        -5.0187956693
        2.8500037000         2.0400000000         1.1540717949         2.2199851957        -4.7528463723
        2.8550023000         2.0400000000         1.1515194680         2.1919145437        -4.8193336966
        2.8600032000         2.0400000000         1.1438624875         2.1689476465        -5.0187956693
        2.8650026000         2.0400000000         1.1413101606         2.1561882593        -5.0852829935
        2.8700019000         2.0400000000         1.1540717949         2.1357732396        -4.7528463723
        2.8750057000         2.0400000000         1.1464148143         2.1204619748        -4.9523083450
        2.8800028000         2.0400000000         1.1566241217         2.1077025875        -4.6863590481
        2.8850022000         2.0400000000         1.1438624875         2.0872875679        -5.0187956693
        2.8900033000         2.0400000000         1.1566241217         2.0694244256        -4.6863590481
        2.8950032000         2.0400000000         1.1413101606         2.0388018961        -5.0852829935
        2.9000032000         2.0400000000         1.1489671412         2.0183868765        -4.8858210208
        2.9050032000         2.0400000000         1.1311008532         1.9954199793        -5.3512322904
        2.9100022000         2.0400000000         1.1489671412         1.9903162244        -4.8858210208
        2.9150033000         2.0400000000         1.1489671412         1.9673493273        -4.8858210208
        2.9200029000         2.0400000000         1.1464148143         1.9494861851        -4.9523083450
        2.9250032000         2.0400000000         1.1413101606         1.9367267978        -5.0852829935
        2.9300020000         2.0400000000         1.1591764486         1.9163117781        -4.6198717239
        2.9350032000         2.0400000000         1.1515194680         1.8958967584        -4.8193336966
        2.9400027000         2.0400000000         1.1362055069         1.8754817388        -5.2182576419
        2.9450011000         2.0400000000         1.1464148143         1.8627223515        -4.9523083450
        2.9500027000         2.0400000000         1.1489671412         1.8346516994        -4.8858210208
        2.9550016000         2.0400000000         1.1515194680         1.8167885572        -4.8193336966
        2.9600028000         2.0400000000         1.1464148143         1.8065810474        -4.9523083450
        2.9650018000         2.0400000000         1.1464148143         1.7810622728        -4.9523083450
        2.9700024000         2.0400000000         1.1387578337         1.7657510080        -5.1517703177
        2.9750020000         2.0400000000         1.1719380829         1.7504397433        -4.2874351028
        2.9800015000         2.0400000000         1.1362055069         1.7198172138        -5.2182576419
        2.9850008000         2.0400000000         1.1413101606         1.7070578265        -5.0852829935
        2.9900023000         2.0400000000         1.1438624875         1.6994021941        -5.0187956693
        2.9950015000         2.0400000000         1.1515194680         1.6687796646        -4.8193336966
        3.0000016000         2.0400000000         1.1208915457         1.6458127674        -5.6171815873
        3.0050010000         2.0400000000         1.1515194680         1.6381571351        -4.8193336966
        3.0100049000         2.0400000000         1.1515194680         1.6177421154        -4.8193336966
        3.0150027000         2.0400000000         1.1515194680         1.5922233408        -4.8193336966
        3.0200049000         2.0400000000         1.1259961995         1.5743601986        -5.4842069388
        3.0250018000         2.0400000000         1.1413101606         1.5462895465        -5.0852829935
        3.0300045000         2.0400000000         1.1515194680         1.5411857916        -4.8193336966
        3.0350052000         2.0400000000         1.1438624875         1.5156670170        -5.0187956693
        3.0400019000         2.0400000000         1.1438624875         1.4978038748        -5.0187956693
        3.0450009000         2.0400000000         1.1464148143         1.4773888552        -4.9523083450
        3.0500019000         2.0400000000         1.1387578337         1.4595257129        -5.1517703177
        3.0550015000         2.0400000000         1.1489671412         1.4391106933        -4.8858210208
        3.0600029000         2.0400000000         1.1362055069         1.4212475511        -5.2182576419
        3.0650023000         2.0400000000         1.1387578337         1.3957287765        -5.1517703177
        3.0700022000         2.0400000000         1.1234438726         1.3778656343        -5.5506942631
        3.0750011000         2.0400000000         1.1642811023         1.3727618793        -4.4868970754
        3.0800020000         2.0400000000         1.1311008532         1.3421393498        -5.3512322904
        3.0850011000         2.0400000000         1.1515194680         1.3293799625        -4.8193336966
        3.0900016000         2.0400000000         1.1515194680         1.3115168203        -4.8193336966
        3.0950009000         2.0400000000         1.1387578337         1.2859980457        -5.1517703177
        3.1000029000         2.0400000000         1.1540717949         1.2732386584        -4.7528463723
        3.1050022000         2.0400000000         1.1515194680         1.2553755162        -4.8193336966
        3.1100016000         2.0400000000         1.1566241217         1.2375123740        -4.6863590481
        3.1150012000         2.0400000000         1.1591764486         1.2273048642        -4.6198717239
        3.1200033000         2.0400000000         1.1489671412         1.2017860896        -4.8858210208
        3.1250023000         2.0400000000         1.1438624875         1.1890267023        -5.0187956693
        3.1300019000         2.0400000000         1.1489671412         1.1558522953        -4.8858210208
        3.1350014000         2.0400000000         1.1464148143         1.1481966629        -4.9523083450
        3.1400023000         2.0400000000         1.1438624875         1.1201260109        -5.0187956693
        3.1450016000         2.0400000000         1.1464148143         1.1099185011        -4.9523083450
        3.1500015000         2.0400000000         1.1413101606         1.0843997265        -5.0852829935
        3.1550014000         2.0400000000         1.1438624875         1.0767440941        -5.0187956693
        3.1600017000         2.0400000000         1.1387578337         1.0435696871        -5.1517703177
        3.1650017000         2.0400000000         1.1489671412         1.0308102998        -4.8858210208
        3.1700015000         2.0400000000         1.1515194680         1.0129471576        -4.8193336966
        3.1750009000         2.0400000000         1.1336531800         0.9848765056        -5.2847449662
        3.1800022000         2.0400000000         1.1413101606         0.9695652408        -5.0852829935
        3.1850010000         2.0400000000         1.1540717949         0.9517020986        -4.7528463723
        3.1900015000         2.0400000000         1.1362055069         0.9338389564        -5.2182576419
        3.1950009000         2.0400000000         1.1362055069         0.9108720593        -5.2182576419
        3.2000015000         2.0400000000         1.1489671412         0.9006645494        -4.8858210208
        3.2050011000         2.0400000000         1.1540717949         0.8776976523        -4.7528463723
        3.2100035000         2.0400000000         1.1387578337         0.8572826326        -5.1517703177
        3.2150025000         2.0400000000         1.1362055069         0.8317638580        -5.2182576419
        3.2200036000         2.0400000000         1.1259961995         0.8164525933        -5.4842069388
        3.2250025000         2.0400000000         1.1540717949         0.7985894511        -4.7528463723
        3.2300016000         2.0400000000         1.1438624875         0.7781744314        -5.0187956693
        3.2350010000         2.0400000000         1.1438624875         0.7603112892        -5.0187956693
        3.2400019000         2.0400000000         1.1413101606         0.7398962695        -5.0852829935
        3.2450010000         2.0400000000         1.1668334292         0.7271368822        -4.4204097512
        3.2500029000         2.0400000000         1.1259961995         0.6939624752        -5.4842069388
        3.2550012000         2.0400000000         1.1489671412         0.6812030879        -4.8858210208
        3.2600036000         2.0400000000         1.1464148143         0.6556843134        -4.9523083450
        3.2650020000         2.0400000000         1.1617287755         0.6429249261        -4.5533843997
        3.2700018000         2.0400000000         1.1387578337         0.6276136613        -5.1517703177
        3.2750010000         2.0400000000         1.1566241217         0.6123023966        -4.6863590481
        3.2800041000         2.0400000000         1.1413101606         0.5816798670        -5.0852829935
        3.2850012000         2.0400000000         1.1464148143         0.5714723572        -4.9523083450
        3.2900024000         2.0400000000         1.1515194680         0.5510573375        -4.8193336966
        3.2950022000         2.0400000000         1.1617287755         0.5357460728        -4.5533843997
        3.3000017000         2.0400000000         1.1591764486         0.5102272982        -4.6198717239
        3.3050011000         2.0400000000         1.1515194680         0.4949160334        -4.8193336966
        3.3100024000         2.0400000000         1.1515194680         0.4719491363        -4.8193336966
        3.3150017000         2.0400000000         1.1489671412         0.4540859941        -4.8858210208
        3.3200031000         2.0400000000         1.1617287755         0.4438784843        -4.5533843997
        3.3250025000         2.0400000000         1.1464148143         0.4107040773        -4.9523083450
        3.3300034000         2.0400000000         1.1489671412         0.3928409351        -4.8858210208
        3.3350024000         2.0400000000         1.1795950634         0.3851853027        -4.0879731301
        3.3400036000         2.0400000000         1.1591764486         0.3622184056        -4.6198717239
        3.3450020000         2.0400000000         1.1566241217         0.3418033859        -4.6863590481
        3.3500017000         2.0400000000         1.1438624875         0.3239402437        -5.0187956693
        3.3550010000         2.0400000000         1.1719380829         0.3111808564        -4.2874351028
        3.3600018000         2.0400000000         1.1285485263         0.2831102043        -5.4177196146
        3.3650019000         2.0400000000         1.1744904097         0.2754545720        -4.2209477785
        3.3700017000         2.0400000000         1.1438624875         0.2499357974        -5.0187956693
        3.3750011000         2.0400000000         1.1693857560         0.2346245326        -4.3539224270
        3.3800018000         2.0400000000         1.1515194680         0.2116576355        -4.8193336966
        3.3850015000         2.0400000000         1.1617287755         0.1963463707        -4.5533843997
        3.3900017000         2.0400000000         1.1515194680         0.1784832285        -4.8193336966
        3.3950010000         2.0400000000         1.1591764486         0.1580682088        -4.6198717239
        3.4000015000         2.0400000000         1.1668334292         0.1478606990        -4.4204097512
        3.4050011000         2.0400000000         1.1617287755         0.1223419244        -4.5533843997
        3.4100024000         2.0400000000         1.1540717949         0.1044787822        -4.7528463723
        3.4150019000         2.0400000000         1.1540717949         0.0840637625        -4.7528463723
        3.4200019000         2.0400000000         1.1540717949         0.0585449879        -4.7528463723
        3.4250010000         2.0400000000         1.1668334292         0.0457856007        -4.4204097512
        3.4300016000         2.0400000000         1.1566241217         0.0253705810        -4.6863590481
        3.4350014000         2.0400000000         1.1464148143         0.0100593162        -4.9523083450
        3.4400022000         2.0400000000         1.1693857560         0.0049555613        -4.3539224270
        3.4450011000         2.0400000000         1.1591764486         0.0024036839        -4.6198717239
        3.4500016000         2.0400000000         1.1438624875        -0.0052519485        -5.0187956693
        3.4550013000         2.0400000000         1.1668334292         0.0075074388        -4.4204097512
        3.4600405000         2.0400000000         1.1617287755        -0.0052519485        -4.5533843997
        3.4650020000         2.0400000000         1.1642811023         0.0024036839        -4.4868970754
        3.4700021000         2.0400000000         1.1438624875        -0.0027000711        -5.0187956693
        3.4750015000         2.0400000000         1.1693857560         1.1277816433        -4.3539224270
        3.4800042000         2.0400000000         1.1566241217         1.1226778884        -4.6863590481
        3.4850033000         2.0400000000         1.1515194680         1.1150222560        -4.8193336966
        3.4900034000         2.0400000000         1.1591764486         4.9964278711        -4.6198717239
        3.4950033000         2.0400000000         1.1566241217         5.0117391359        -4.6863590481
        3.5001031000         2.0400000000         1.1591764486         4.9989797486        -4.6198717239
        3.5050046000         2.0400000000         1.1489671412         4.9989797486        -4.8858210208
        3.5100021000         2.0400000000         1.1642811023         5.0142910133        -4.4868970754
        3.5150034000         2.0400000000         1.1591764486         5.0066353810        -4.6198717239
        3.5200023000         2.0400000000         1.1591764486         5.0040835035        -4.6198717239
        3.5250032000         2.0400000000         1.1566241217         4.9938759937        -4.6863590481
        3.5300044000         2.0400000000         1.1566241217         4.9785647289        -4.6863590481
        3.5350034000         2.0400000000         1.1540717949         4.9607015867        -4.7528463723
        3.5400023000         2.0400000000         1.1693857560         4.9504940769        -4.3539224270
        3.5450032000         2.0400000000         1.1591764486         4.9224234248        -4.6198717239
        3.5500032000         2.0400000000         1.1642811023         4.9122159150        -4.4868970754
        3.5550032000         2.0400000000         1.1642811023         4.8866971404        -4.4868970754
        3.5600018000         2.0400000000         1.1642811023         4.8739377531        -4.4868970754
        3.5650049000         2.0400000000         1.1566241217         4.8509708560        -4.6863590481
        3.5700025000         2.0400000000         1.1617287755         4.8305558363        -4.5533843997
        3.5750040000         2.0400000000         1.1464148143         4.8101408166        -4.9523083450
        3.5800046000         2.0400000000         1.1719380829         4.7922776744        -4.2874351028
        3.5850032000         2.0400000000         1.1642811023         4.7820701646        -4.4868970754
        3.5900036000         2.0400000000         1.1668334292         4.7514476351        -4.4204097512
        3.5950029000         2.0400000000         1.1515194680         4.7335844928        -4.8193336966
        3.6000028000         2.0400000000         1.1566241217         4.7157213506        -4.6863590481
        3.6050018000         2.0400000000         1.1642811023         4.7080657183        -4.4868970754
        3.6100019000         2.0400000000         1.1668334292         4.6850988211        -4.4204097512
        3.6150033000         2.0400000000         1.1591764486         4.6723394338        -4.6198717239
        3.6200023000         2.0400000000         1.1591764486         4.6468206592        -4.6198717239
        3.6250011000         2.0400000000         1.1668334292         4.6289575170        -4.4204097512
        3.6300027000         2.0400000000         1.1693857560         4.6161981297        -4.3539224270
        3.6350019000         2.0400000000         1.1642811023         4.5957831101        -4.4868970754
        3.6400017000         2.0400000000         1.1591764486         4.5804718453        -4.6198717239
        3.6450009000         2.0400000000         1.1693857560         4.5600568256        -4.3539224270
        3.6500014000         2.0400000000         1.1566241217         4.5345380510        -4.6863590481
        3.6550009000         2.0400000000         1.1617287755         4.5268824187        -4.5533843997
        3.6600121000         2.0400000000         1.1795950634         4.5166749088        -4.0879731301
        3.6650029000         2.0400000000         1.1668334292         4.4860523793        -4.4204097512
        3.6700025000         2.0400000000         1.1693857560         4.4656373597        -4.3539224270
        3.6750010000         2.0400000000         1.1719380829         4.4605336047        -4.2874351028
        3.6800010000         2.0400000000         1.1617287755         4.4401185851        -4.5533843997
        3.6850022000         2.0400000000         1.1617287755         4.4171516879        -4.5533843997
        3.6900009000         2.0400000000         1.1719380829         4.4120479330        -4.2874351028
        3.6950015000         2.0400000000         1.1693857560         4.3865291584        -4.3539224270
        3.7000010000         2.0400000000         1.1668334292         4.3712178937        -4.4204097512
        3.7050014000         2.0400000000         1.1744904097         4.3584585064        -4.2209477785
        3.7100010000         2.0400000000         1.1617287755         4.3278359769        -4.5533843997
        3.7150016000         2.0400000000         1.1642811023         4.3201803445        -4.4868970754
        3.7200015000         2.0400000000         1.1846997172         4.3048690797        -3.9549984816
        3.7250028000         2.0400000000         1.1566241217         4.2844540601        -4.6863590481
        3.7300024000         2.0400000000         1.1693857560         4.2716946728        -4.3539224270
        3.7350012000         2.0400000000         1.1642811023         4.2512796531        -4.4868970754
        3.7400009000         2.0400000000         1.1719380829         4.2385202658        -4.2874351028
        3.7450029000         2.0400000000         1.1744904097         4.2232090010        -4.2209477785
        3.7500011000         2.0400000000         1.1668334292         4.2053458588        -4.4204097512
        3.7550017000         2.0400000000         1.1770427366         4.1849308392        -4.1544604543
        3.7600014000         2.0400000000         1.1540717949         4.1594120646        -4.7528463723
        3.7650026000         2.0400000000         1.1693857560         4.1466526773        -4.3539224270
        3.7700022000         2.0400000000         1.1617287755         4.1287895351        -4.5533843997
        3.7750028000         2.0400000000         1.1693857560         4.1083745154        -4.3539224270
        3.7800040000         2.0400000000         1.1693857560         4.0981670056        -4.3539224270
        3.7850020000         2.0400000000         1.1642811023         4.0828557408        -4.4868970754
        3.7900022000         2.0400000000         1.1668334292         4.0624407211        -4.4204097512
        3.7950013000         2.0400000000         1.1744904097         4.0573369662        -4.2209477785
        3.8000015000         2.0400000000         1.1795950634         4.0318181916        -4.0879731301
        3.8050010000         2.0400000000         1.1770427366         4.0241625592        -4.1544604543
        3.8100102000         2.0400000000         1.1693857560         4.0114031719        -4.3539224270
        3.8150042000         2.0400000000         1.1668334292         3.9807806424        -4.4204097512
        3.8200033000         2.0400000000         1.1719380829         3.9654693777        -4.2874351028
        3.8250024000         2.0400000000         1.1591764486         3.9552618679        -4.6198717239
        3.8300010000         2.0400000000         1.1617287755         3.9348468482        -4.5533843997
        3.8350022000         2.0400000000         1.1540717949         3.9093280736        -4.7528463723
        3.8400012000         2.0400000000         1.1744904097         3.9042243187        -4.2209477785
        3.8450016000         2.0400000000         1.1617287755         3.8812574215        -4.5533843997
        3.8500034000         2.0400000000         1.1617287755         3.8608424019        -4.5533843997
        3.8550021000         2.0400000000         1.1693857560         3.8557386469        -4.3539224270
        3.8600046000         2.0400000000         1.1719380829         3.8353236273        -4.2874351028
        3.8650055000         2.0400000000         1.1515194680         3.8123567301        -4.8193336966
        3.8700036000         2.0400000000         1.1591764486         3.7919417105        -4.6198717239
        3.8750030000         2.0400000000         1.1795950634         3.7817342006        -4.0879731301
        3.8800016000         2.0400000000         1.1617287755         3.7638710584        -4.5533843997
        3.8850054000         2.0400000000         1.1719380829         3.7613191810        -4.2874351028
        3.8900052000         2.0400000000         1.1668334292         3.7358004064        -4.4204097512
        3.8950032000         2.0400000000         1.1642811023         3.7102816318        -4.4868970754
        3.9000049000         2.0400000000         1.1693857560         3.6949703670        -4.3539224270
        3.9050028000         2.0400000000         1.1566241217         3.6745553474        -4.6863590481
        3.9100016000         2.0400000000         1.1744904097         3.6694515924        -4.2209477785
        3.9150040000         2.0400000000         1.1693857560         3.6541403277        -4.3539224270
        3.9200040000         2.0400000000         1.1693857560         3.6260696756        -4.3539224270
        3.9250021000         2.0400000000         1.1540717949         3.6056546560        -4.7528463723
        3.9300015000         2.0400000000         1.1693857560         3.5979990236        -4.3539224270
        3.9350016000         2.0400000000         1.1617287755         3.5750321265        -4.5533843997
        3.9400011000         2.0400000000         1.1668334292         3.5622727392        -4.4204097512
        3.9450010000         2.0400000000         1.1617287755         3.5342020871        -4.5533843997
        3.9500010000         2.0400000000         1.1617287755         3.5265464547        -4.5533843997
        3.9550014000         2.0400000000         1.1642811023         3.5137870674        -4.4868970754
        3.9600014000         2.0400000000         1.1744904097         3.5010276801        -4.2209477785
        3.9650018000         2.0400000000         1.1591764486         3.4729570281        -4.6198717239
        3.9700014000         2.0400000000         1.1540717949         3.4627495183        -4.7528463723
        3.9750023000         2.0400000000         1.1744904097         3.4499901310        -4.2209477785
        3.9800021000         2.0400000000         1.1591764486         3.4219194789        -4.6198717239
        3.9850014000         2.0400000000         1.1668334292         3.4040563367        -4.4204097512
        3.9900009000         2.0400000000         1.1591764486         3.3938488269        -4.6198717239
        3.9950027000         2.0400000000         1.1744904097         3.3810894396        -4.2209477785
